running 1 tests
test patch_4_3_4_publication_sweep::patch_4_3_4_publication_sweep ... FAILED (panic: assertion `left == right` failed: new gaps: ["negative-fabricated-global"]; resolved/stale gaps: []
  left: {"negative-fabricated-global", "wt-global-api-GMItemRestorationButtonEnabled-13", "wt-global-api-GMQuickTicketSystemEnabled-14", "wt-global-api-GMQuickTicketSystemThrottled-15", "wt-global-api-GetSecondsUntilParentalControlsKick-11", "wt-global-api-ReportPlayer-18", "wt-global-api-SetPendingReportTarget-19"}
 right: {"wt-global-api-GMItemRestorationButtonEnabled-13", "wt-global-api-GMQuickTicketSystemEnabled-14", "wt-global-api-GMQuickTicketSystemThrottled-15", "wt-global-api-GetSecondsUntilParentalControlsKick-11", "wt-global-api-ReportPlayer-18", "wt-global-api-SetPendingReportTarget-19"})

test result: FAILED. 0 passed; 1 failed; 1 total
warning: iced-wgpu-patched/Cargo.toml: `lints.clippy.large-enum-variant` is deprecated in favor of `lints.clippy.large_enum_variant` and will not work in a future edition
warning: iced-wgpu-patched/Cargo.toml: `lints.clippy.map-entry` is deprecated in favor of `lints.clippy.map_entry` and will not work in a future edition
warning: iced-wgpu-patched/Cargo.toml: `lints.clippy.match-wildcard-for-single-variants` is deprecated in favor of `lints.clippy.match_wildcard_for_single_variants` and will not work in a future edition
warning: iced-wgpu-patched/Cargo.toml: `lints.clippy.redundant-closure-for-method-calls` is deprecated in favor of `lints.clippy.redundant_closure_for_method_calls` and will not work in a future edition
warning: iced-wgpu-patched/Cargo.toml: `lints.clippy.trivially-copy-pass-by-ref` is deprecated in favor of `lints.clippy.trivially_copy_pass_by_ref` and will not work in a future edition
warning: iced-wgpu-patched/Cargo.toml: `lints.clippy.type-complexity` is deprecated in favor of `lints.clippy.type_complexity` and will not work in a future edition
warning: `iced_wgpu` (manifest) generated 6 warnings
    Finished `test` profile [optimized + debuginfo] target(s) in 0.82s
     Running tests/prefork_full_ui.rs (target/debug/deps/prefork_full_ui-21dd5c807fe7a7b6)
[  0.000s] [Startup] WowLuaEnv::new begin
[  0.003s] [Startup] SimState::default complete in 3.25ms
[  0.003s] [Startup] rilua VM created in 152.32µs
[  0.004s] [Startup] builtin frames initialized in 104.13µs
[  0.004s] [Startup] template registry cleared in 6.64µs
[  0.004s] [Startup] intrinsic templates registered in 7.43µs
[  0.004s] [Startup] initial app_data lua handle installed in 601.00ns
[  0.267s] [Startup] init_lua_state complete in 263.65ms
[  0.267s] [Startup] final app_data lua handle installed in 240.00ns
[  0.267s] [Startup] initial screen globals installed in 140.30µs
[  0.267s] [Startup] WowLuaEnv::new complete
[  4.088s] [Startup] apply_post_load_workarounds: begin
[  4.088s] [Workarounds] starting patch_edit_mode_manager
[  4.088s] [Workarounds] finished patch_edit_mode_manager in 275.03µs
[  4.088s] [Workarounds] starting init_edit_mode_layout
[  4.088s] [EditMode] starting setup_layout_info
[  4.091s] [EditMode] finished setup_layout_info in 2.99ms
[  4.091s] [EditMode] starting apply_system_anchors
[  4.262s] [EditMode] finished apply_system_anchors in 170.53ms
[  4.262s] [EditMode] starting finalize_action_bar_positions
[  4.263s] [EditMode] finished finalize_action_bar_positions in 1.67ms
[  4.263s] [EditMode] starting invoke_anchor_changed_hooks
[  4.264s] [EditMode] finished invoke_anchor_changed_hooks in 387.55µs
[  4.264s] [EditMode] starting fix_action_bar_nan_size
[  4.264s] [EditMode] finished fix_action_bar_nan_size in 36.82µs
[  4.264s] [EditMode] starting fix_action_bar_scale
[  4.264s] [EditMode] finished fix_action_bar_scale in 4.11µs
[  4.264s] [Workarounds] finished init_edit_mode_layout in 175.64ms
[  4.264s] [Workarounds] starting patch_ui_parent_panel_toggles
[  4.264s] [Workarounds] finished patch_ui_parent_panel_toggles in 208.03µs
[  4.264s] [Workarounds] starting patch_uiparent_onupdate_worklists
[  4.264s] [Workarounds] finished patch_uiparent_onupdate_worklists in 85.63µs
[  4.264s] [Workarounds] starting init_chat_type_colors
[  4.264s] [Workarounds] finished init_chat_type_colors in 108.02µs
[  4.264s] [Workarounds] starting patch_chat_voice_button_surface
[  4.264s] [Workarounds] finished patch_chat_voice_button_surface in 103.28µs
[  4.264s] [Workarounds] starting patch_item_socketing_tooltips
[  4.264s] [Workarounds] finished patch_item_socketing_tooltips in 50.66µs
[  4.264s] [Workarounds] starting patch_character_select_selected_name
[  4.264s] [Workarounds] finished patch_character_select_selected_name in 27.26µs
[  4.264s] [Workarounds] starting patch_character_create_defaults
[  4.265s] [Workarounds] finished patch_character_create_defaults in 196.59µs
[  4.265s] [Workarounds] starting patch_character_frame_title_refresh
[  4.270s] [Workarounds] finished patch_character_frame_title_refresh in 5.46ms
[  4.270s] [Workarounds] starting patch_vignette_pin_template
[  4.270s] [Workarounds] finished patch_vignette_pin_template in 82.94µs
[  4.270s] [Workarounds] starting patch_fog_of_war_pin_mixin
[  4.270s] [Workarounds] finished patch_fog_of_war_pin_mixin in 249.54µs
[  4.270s] [Workarounds] starting patch_map_exploration_pin_mixin
[  4.276s] [Workarounds] finished patch_map_exploration_pin_mixin in 5.20ms
[  4.276s] [Workarounds] starting patch_map_canvas_data_provider_attachment
[  4.276s] [Workarounds] finished patch_map_canvas_data_provider_attachment in 79.92µs
[  4.276s] [Workarounds] starting ensure_adventure_map_frame_surface
[  4.276s] [Workarounds] finished ensure_adventure_map_frame_surface in 391.68µs
[  4.276s] [Workarounds] starting patch_action_bar_button_event_fanout
[  4.276s] [Workarounds] finished patch_action_bar_button_event_fanout in 91.79µs
[  4.276s] [Workarounds] starting patch_paging_controls_page_text
[  4.276s] [Workarounds] finished patch_paging_controls_page_text in 35.72µs
[  4.276s] [Workarounds] starting patch_talent_edge_frame_level_sync
[  4.276s] [Workarounds] finished patch_talent_edge_frame_level_sync in 27.26µs
[  4.276s] [Workarounds] starting patch_catalog_shop_product_card_defaults
[  4.276s] [Workarounds] finished patch_catalog_shop_product_card_defaults in 55.34µs
[  4.276s] [Workarounds] starting patch_game_time_defaults
[  4.276s] [Workarounds] finished patch_game_time_defaults in 6.03µs
[  4.276s] [Workarounds] starting patch_tooltip_nineslice_surface
[  4.276s] [Workarounds] finished patch_tooltip_nineslice_surface in 38.85µs
[  4.276s] [Workarounds] starting patch_container_frame_token_tracker
[  4.276s] [Workarounds] finished patch_container_frame_token_tracker in 36.22µs
[  4.276s] [Workarounds] starting patch_achievement_display_set_achievements
[  4.276s] [Workarounds] finished patch_achievement_display_set_achievements in 7.45µs
[  4.276s] [Workarounds] starting patch_housing_dashboard_preload
[  4.277s] [Workarounds] finished patch_housing_dashboard_preload in 142.67µs
[  4.277s] [Workarounds] starting patch_lfg_lock_list
[  4.277s] [Workarounds] finished patch_lfg_lock_list in 27.51µs
[  4.277s] [Workarounds] starting patch_auction_house_browse_results_event
[  4.277s] [Workarounds] finished patch_auction_house_browse_results_event in 67.91µs
[  4.277s] [Workarounds] starting patch_auction_house_search_context_aliases
[  4.277s] [Workarounds] finished patch_auction_house_search_context_aliases in 58.18µs
[  4.277s] [Workarounds] starting patch_auth_challenge_frame_parent
[  4.277s] [Workarounds] finished patch_auth_challenge_frame_parent in 85.78µs
[  4.277s] [Workarounds] starting patch_settings_surface_defaults
[  4.277s] [Workarounds] finished patch_settings_surface_defaults in 329.39µs
[  4.277s] [Workarounds] starting patch_settings_canvas_layout_visibility
[  4.277s] [Workarounds] finished patch_settings_canvas_layout_visibility in 103.04µs
[  4.277s] [Startup] apply_post_load_workarounds: workarounds complete
[  4.361s] [Startup] apply_post_load_workarounds: globals restored
[  4.361s] [Startup] apply_post_load_workarounds: patch 12.1 compatibility restored
[  4.361s] [Startup] apply_post_load_workarounds: seterrorhandler restored
[  4.550s] [Startup] begin login sequence
[  4.550s] [Startup] Firing ADDON_LOADED
[  4.551s] [Startup] Firing VARIABLES_LOADED
[  4.664s] [Startup] Firing DISPLAY_SIZE_CHANGED
[  4.707s] [Startup] Firing UI_SCALE_CHANGED
[  4.708s] [Startup] Firing PLAYER_LOGIN
[  4.708s] [Startup] end login sequence in 157.43ms
[  4.708s] [Startup] begin world enter sequence
[  4.708s] [Startup] Skipping EDIT_MODE_LAYOUTS_UPDATED
[  4.708s] [Startup] Firing TIME_PLAYED_MSG via RequestTimePlayed
[  4.708s] [Startup] Firing PLAYER_ENTERING_WORLD
[  5.001s] [EditMode] starting setup_layout_info
[  5.004s] [EditMode] finished setup_layout_info in 3.24ms
[  5.004s] [EditMode] starting apply_system_anchors
[  5.183s] [EditMode] finished apply_system_anchors in 178.15ms
[  5.183s] [EditMode] starting finalize_action_bar_positions
[  5.185s] [EditMode] finished finalize_action_bar_positions in 2.36ms
[  5.185s] [EditMode] starting invoke_anchor_changed_hooks
[  5.191s] [EditMode] finished invoke_anchor_changed_hooks in 5.68ms
[  5.191s] [EditMode] starting fix_action_bar_nan_size
[  5.191s] [EditMode] finished fix_action_bar_nan_size in 72.12µs
[  5.191s] [EditMode] starting fix_action_bar_scale
[  5.191s] [EditMode] finished fix_action_bar_scale in 4.67µs
[  5.191s] [EditMode] starting reapply_player_frame_anchor
[  5.192s] [EditMode] finished reapply_player_frame_anchor in 1.40ms
[  5.200s] [Startup] end world enter sequence in 492.14ms
[  5.200s] [Startup] begin post-login events
[  5.201s] [Startup] Firing UNIT_AURA
[  5.201s] [Startup] Firing PET_UI_UPDATE
[  5.202s] [Startup] Firing BAG_UPDATE_DELAYED
[  5.204s] [Startup] Firing QUEST_LOG_UPDATE
[  5.205s] [Startup] Firing GROUP_ROSTER_UPDATE
[  5.314s] [Startup] Firing ACTIONBAR_UPDATE_STATE
[  5.314s] [Startup] Firing ACTIONBAR_UPDATE_COOLDOWN
[  5.317s] [Startup] Firing UPDATE_BONUS_ACTIONBAR
[  5.359s] [Startup] Firing PLAYER_CAN_GLIDE_CHANGED
[  5.359s] [Startup] Firing PLAYER_IS_GLIDING_CHANGED
[  5.359s] [Startup] Firing UPDATE_BINDINGS
[  5.363s] [Startup] Firing UPDATE_CHAT_WINDOWS
[  5.365s] [Startup] Firing LFG_UPDATE_RANDOM_INFO
[  5.366s] [Startup] end post-login events in 166.28ms
[  5.366s] [Startup] begin close startup special windows
[  5.366s] [Startup] end close startup special windows in 261.05µs
[  5.366s] [Startup] begin FIRST_FRAME_RENDERED
[  5.366s] [Startup] Firing FIRST_FRAME_RENDERED
[  5.367s] [Startup] end FIRST_FRAME_RENDERED in 166.72µs
[  5.367s] [Startup] begin unblock hidden splash alerts
[  5.367s] [Startup] end unblock hidden splash alerts in 13.70µs
[  5.367s] [Startup] begin post-event workarounds
[  5.367s] [Startup] end post-event workarounds in 912.00ns

thread 'main' (1133407) panicked at /home/osso/.worktrees/wow-ui-sim-p434-source/tests/common/publication_sweep.rs:544:5:
assertion `left == right` failed: new gaps: ["negative-fabricated-global"]; resolved/stale gaps: []
  left: {"negative-fabricated-global", "wt-global-api-GMItemRestorationButtonEnabled-13", "wt-global-api-GMQuickTicketSystemEnabled-14", "wt-global-api-GMQuickTicketSystemThrottled-15", "wt-global-api-GetSecondsUntilParentalControlsKick-11", "wt-global-api-ReportPlayer-18", "wt-global-api-SetPendingReportTarget-19"}
 right: {"wt-global-api-GMItemRestorationButtonEnabled-13", "wt-global-api-GMQuickTicketSystemEnabled-14", "wt-global-api-GMQuickTicketSystemThrottled-15", "wt-global-api-GetSecondsUntilParentalControlsKick-11", "wt-global-api-ReportPlayer-18", "wt-global-api-SetPendingReportTarget-19"}
note: run with `RUST_BACKTRACE=1` environment variable to display a backtrace
error: test failed, to rerun pass `--test prefork_full_ui`

Caused by:
  process didn't exit successfully: `/home/osso/.worktrees/wow-ui-sim-p434-source/target/debug/deps/prefork_full_ui-21dd5c807fe7a7b6 patch_4_3_4_publication_sweep --nocapture` (exit status: 1)
