running 1 tests
test patch_4_1_0_publication_sweep::patch_4_1_0_publication_sweep ... FAILED (panic: assertion `left == right` failed: new gaps: ["p410-negative-control"]; resolved/stale gaps: []
  left: {"p410-negative-control", "wt-events-COMBAT_LOG_EVENT-4", "wt-events-COMBAT_LOG_EVENT-86", "wt-events-COMBAT_LOG_EVENT_UNFILTERED-4", "wt-events-COMBAT_LOG_EVENT_UNFILTERED-86", "wt-global-api-CalendarContextEventCanRemove-12", "wt-global-api-CalendarEventGetTypesDisplayOrdered-13", "wt-global-api-CanEditGuildBankTabInfo-58", "wt-global-api-GetCurrentEventID-15", "wt-global-api-GetDebugSpellEffects-62", "wt-global-api-GetDungeonForRandomSlot-63", "wt-global-api-GetEventTime-14", "wt-global-api-GetGuildBankBonusDepositMoney-64", "wt-global-api-GetLFGDungeonShortageRewardInfo-46", "wt-global-api-GetLFGDungeonShortageRewardLink-47", "wt-global-api-GetMaxAnimFramerate-66", "wt-global-api-GetNamePlateMotionType-67", "wt-global-api-GetNetIpTypes-68", "wt-global-api-GetNumDungeonForRandomSlot-69", "wt-global-api-GetNumNamePlateMotionTypes-70", "wt-global-api-GetNumberOfDetailTiles-71", "wt-global-api-GetRegisteredAddonMessagePrefixes-54", "wt-global-api-GetTrainerTradeskillRankValues-72", "wt-global-api-IsAddonMessagePrefixRegistered-55", "wt-global-api-IsIPv6Available-73", "wt-global-api-ModifyEquipmentSet-78", "wt-global-api-RegisterAddonMessagePrefix-5", "wt-global-api-RegisterAddonMessagePrefix-56", "wt-global-api-SetBarSlotFromIntro-79", "wt-global-api-SetGuildMemberRank-80", "wt-global-api-SetMaxAnimFramerate-81", "wt-global-api-SetNamePlateMotionType-82"}
 right: {"wt-events-COMBAT_LOG_EVENT-4", "wt-events-COMBAT_LOG_EVENT-86", "wt-events-COMBAT_LOG_EVENT_UNFILTERED-4", "wt-events-COMBAT_LOG_EVENT_UNFILTERED-86", "wt-global-api-CalendarContextEventCanRemove-12", "wt-global-api-CalendarEventGetTypesDisplayOrdered-13", "wt-global-api-CanEditGuildBankTabInfo-58", "wt-global-api-GetCurrentEventID-15", "wt-global-api-GetDebugSpellEffects-62", "wt-global-api-GetDungeonForRandomSlot-63", "wt-global-api-GetEventTime-14", "wt-global-api-GetGuildBankBonusDepositMoney-64", "wt-global-api-GetLFGDungeonShortageRewardInfo-46", "wt-global-api-GetLFGDungeonShortageRewardLink-47", "wt-global-api-GetMaxAnimFramerate-66", "wt-global-api-GetNamePlateMotionType-67", "wt-global-api-GetNetIpTypes-68", "wt-global-api-GetNumDungeonForRandomSlot-69", "wt-global-api-GetNumNamePlateMotionTypes-70", "wt-global-api-GetNumberOfDetailTiles-71", "wt-global-api-GetRegisteredAddonMessagePrefixes-54", "wt-global-api-GetTrainerTradeskillRankValues-72", "wt-global-api-IsAddonMessagePrefixRegistered-55", "wt-global-api-IsIPv6Available-73", "wt-global-api-ModifyEquipmentSet-78", "wt-global-api-RegisterAddonMessagePrefix-5", "wt-global-api-RegisterAddonMessagePrefix-56", "wt-global-api-SetBarSlotFromIntro-79", "wt-global-api-SetGuildMemberRank-80", "wt-global-api-SetMaxAnimFramerate-81", "wt-global-api-SetNamePlateMotionType-82"})

test result: FAILED. 0 passed; 1 failed; 1 total
[  0.000s] [Startup] WowLuaEnv::new begin
[  0.002s] [Startup] SimState::default complete in 2.00ms
[  0.002s] [Startup] rilua VM created in 110.11µs
[  0.002s] [Startup] builtin frames initialized in 77.44µs
[  0.002s] [Startup] template registry cleared in 10.17µs
[  0.002s] [Startup] intrinsic templates registered in 6.93µs
[  0.002s] [Startup] initial app_data lua handle installed in 741.00ns
[  0.165s] [Startup] init_lua_state complete in 162.74ms
[  0.165s] [Startup] final app_data lua handle installed in 311.00ns
[  0.165s] [Startup] initial screen globals installed in 146.16µs
[  0.165s] [Startup] WowLuaEnv::new complete
[  3.011s] [Startup] apply_post_load_workarounds: begin
[  3.011s] [Workarounds] starting patch_edit_mode_manager
[  3.011s] [Workarounds] finished patch_edit_mode_manager in 310.46µs
[  3.011s] [Workarounds] starting init_edit_mode_layout
[  3.011s] [EditMode] starting setup_layout_info
[  3.015s] [EditMode] finished setup_layout_info in 3.47ms
[  3.015s] [EditMode] starting apply_system_anchors
[  3.166s] [EditMode] finished apply_system_anchors in 151.18ms
[  3.166s] [EditMode] starting finalize_action_bar_positions
[  3.168s] [EditMode] finished finalize_action_bar_positions in 2.22ms
[  3.168s] [EditMode] starting invoke_anchor_changed_hooks
[  3.169s] [EditMode] finished invoke_anchor_changed_hooks in 492.22µs
[  3.169s] [EditMode] starting fix_action_bar_nan_size
[  3.169s] [EditMode] finished fix_action_bar_nan_size in 50.42µs
[  3.169s] [EditMode] starting fix_action_bar_scale
[  3.169s] [EditMode] finished fix_action_bar_scale in 4.71µs
[  3.169s] [Workarounds] finished init_edit_mode_layout in 157.46ms
[  3.169s] [Workarounds] starting patch_ui_parent_panel_toggles
[  3.169s] [Workarounds] finished patch_ui_parent_panel_toggles in 240.36µs
[  3.169s] [Workarounds] starting patch_uiparent_onupdate_worklists
[  3.169s] [Workarounds] finished patch_uiparent_onupdate_worklists in 106.54µs
[  3.169s] [Workarounds] starting init_chat_type_colors
[  3.169s] [Workarounds] finished init_chat_type_colors in 124.84µs
[  3.169s] [Workarounds] starting patch_chat_voice_button_surface
[  3.169s] [Workarounds] finished patch_chat_voice_button_surface in 125.71µs
[  3.169s] [Workarounds] starting patch_item_socketing_tooltips
[  3.169s] [Workarounds] finished patch_item_socketing_tooltips in 58.80µs
[  3.169s] [Workarounds] starting patch_character_select_selected_name
[  3.169s] [Workarounds] finished patch_character_select_selected_name in 29.52µs
[  3.169s] [Workarounds] starting patch_character_create_defaults
[  3.170s] [Workarounds] finished patch_character_create_defaults in 228.71µs
[  3.170s] [Workarounds] starting patch_character_frame_title_refresh
[  3.176s] [Workarounds] finished patch_character_frame_title_refresh in 6.18ms
[  3.176s] [Workarounds] starting patch_vignette_pin_template
[  3.176s] [Workarounds] finished patch_vignette_pin_template in 125.80µs
[  3.176s] [Workarounds] starting patch_fog_of_war_pin_mixin
[  3.176s] [Workarounds] finished patch_fog_of_war_pin_mixin in 287.71µs
[  3.176s] [Workarounds] starting patch_map_exploration_pin_mixin
[  3.182s] [Workarounds] finished patch_map_exploration_pin_mixin in 5.50ms
[  3.182s] [Workarounds] starting patch_map_canvas_data_provider_attachment
[  3.182s] [Workarounds] finished patch_map_canvas_data_provider_attachment in 90.46µs
[  3.182s] [Workarounds] starting ensure_adventure_map_frame_surface
[  3.182s] [Workarounds] finished ensure_adventure_map_frame_surface in 512.06µs
[  3.182s] [Workarounds] starting patch_action_bar_button_event_fanout
[  3.182s] [Workarounds] finished patch_action_bar_button_event_fanout in 115.80µs
[  3.182s] [Workarounds] starting patch_paging_controls_page_text
[  3.182s] [Workarounds] finished patch_paging_controls_page_text in 39.88µs
[  3.182s] [Workarounds] starting patch_talent_edge_frame_level_sync
[  3.182s] [Workarounds] finished patch_talent_edge_frame_level_sync in 29.70µs
[  3.182s] [Workarounds] starting patch_catalog_shop_product_card_defaults
[  3.183s] [Workarounds] finished patch_catalog_shop_product_card_defaults in 61.22µs
[  3.183s] [Workarounds] starting patch_game_time_defaults
[  3.183s] [Workarounds] finished patch_game_time_defaults in 7.63µs
[  3.183s] [Workarounds] starting patch_tooltip_nineslice_surface
[  3.183s] [Workarounds] finished patch_tooltip_nineslice_surface in 48.61µs
[  3.183s] [Workarounds] starting patch_container_frame_token_tracker
[  3.183s] [Workarounds] finished patch_container_frame_token_tracker in 40.69µs
[  3.183s] [Workarounds] starting patch_achievement_display_set_achievements
[  3.183s] [Workarounds] finished patch_achievement_display_set_achievements in 8.64µs
[  3.183s] [Workarounds] starting patch_housing_dashboard_preload
[  3.183s] [Workarounds] finished patch_housing_dashboard_preload in 171.12µs
[  3.183s] [Workarounds] starting patch_lfg_lock_list
[  3.183s] [Workarounds] finished patch_lfg_lock_list in 37.69µs
[  3.183s] [Workarounds] starting patch_auction_house_browse_results_event
[  3.183s] [Workarounds] finished patch_auction_house_browse_results_event in 72.34µs
[  3.183s] [Workarounds] starting patch_auction_house_search_context_aliases
[  3.183s] [Workarounds] finished patch_auction_house_search_context_aliases in 37.64µs
[  3.183s] [Workarounds] starting patch_auth_challenge_frame_parent
[  3.183s] [Workarounds] finished patch_auth_challenge_frame_parent in 85.74µs
[  3.183s] [Workarounds] starting patch_settings_surface_defaults
[  3.183s] [Workarounds] finished patch_settings_surface_defaults in 337.76µs
[  3.183s] [Workarounds] starting patch_settings_canvas_layout_visibility
[  3.183s] [Workarounds] finished patch_settings_canvas_layout_visibility in 106.61µs
[  3.183s] [Startup] apply_post_load_workarounds: workarounds complete
[  3.259s] [Startup] apply_post_load_workarounds: globals restored
[  3.259s] [Startup] apply_post_load_workarounds: patch 12.1 compatibility restored
[  3.259s] [Startup] apply_post_load_workarounds: seterrorhandler restored
[  3.422s] [Startup] begin login sequence
[  3.422s] [Startup] Firing ADDON_LOADED
[  3.422s] [Startup] Firing VARIABLES_LOADED
[  3.534s] [Startup] Firing DISPLAY_SIZE_CHANGED
[  3.587s] [Startup] Firing UI_SCALE_CHANGED
[  3.589s] [Startup] Firing PLAYER_LOGIN
[  3.589s] [Startup] end login sequence in 166.79ms
[  3.589s] [Startup] begin world enter sequence
[  3.589s] [Startup] Skipping EDIT_MODE_LAYOUTS_UPDATED
[  3.589s] [Startup] Firing TIME_PLAYED_MSG via RequestTimePlayed
[  3.589s] [Startup] Firing PLAYER_ENTERING_WORLD
[  3.857s] [EditMode] starting setup_layout_info
[  3.861s] [EditMode] finished setup_layout_info in 4.37ms
[  3.861s] [EditMode] starting apply_system_anchors
[  4.014s] [EditMode] finished apply_system_anchors in 152.98ms
[  4.014s] [EditMode] starting finalize_action_bar_positions
[  4.017s] [EditMode] finished finalize_action_bar_positions in 3.08ms
[  4.017s] [EditMode] starting invoke_anchor_changed_hooks
[  4.024s] [EditMode] finished invoke_anchor_changed_hooks in 6.33ms
[  4.024s] [EditMode] starting fix_action_bar_nan_size
[  4.024s] [EditMode] finished fix_action_bar_nan_size in 81.50µs
[  4.024s] [EditMode] starting fix_action_bar_scale
[  4.024s] [EditMode] finished fix_action_bar_scale in 5.18µs
[  4.024s] [EditMode] starting reapply_player_frame_anchor
[  4.025s] [EditMode] finished reapply_player_frame_anchor in 1.57ms
[  4.035s] [Startup] end world enter sequence in 446.05ms
[  4.035s] [Startup] begin post-login events
[  4.036s] [Startup] Firing UNIT_AURA
[  4.037s] [Startup] Firing PET_UI_UPDATE
[  4.039s] [Startup] Firing BAG_UPDATE_DELAYED
[  4.040s] [Startup] Firing QUEST_LOG_UPDATE
[  4.042s] [Startup] Firing GROUP_ROSTER_UPDATE
[  4.138s] [Startup] Firing ACTIONBAR_UPDATE_STATE
[  4.138s] [Startup] Firing ACTIONBAR_UPDATE_COOLDOWN
[  4.140s] [Startup] Firing UPDATE_BONUS_ACTIONBAR
[  4.152s] [Startup] Firing PLAYER_CAN_GLIDE_CHANGED
[  4.152s] [Startup] Firing PLAYER_IS_GLIDING_CHANGED
[  4.152s] [Startup] Firing UPDATE_BINDINGS
[  4.156s] [Startup] Firing UPDATE_CHAT_WINDOWS
[  4.159s] [Startup] Firing LFG_UPDATE_RANDOM_INFO
[  4.160s] [Startup] end post-login events in 124.94ms
[  4.160s] [Startup] begin close startup special windows
[  4.160s] [Startup] end close startup special windows in 284.57µs
[  4.160s] [Startup] begin FIRST_FRAME_RENDERED
[  4.160s] [Startup] Firing FIRST_FRAME_RENDERED
[  4.160s] [Startup] end FIRST_FRAME_RENDERED in 185.02µs
[  4.160s] [Startup] begin unblock hidden splash alerts
[  4.160s] [Startup] end unblock hidden splash alerts in 15.50µs
[  4.160s] [Startup] begin post-event workarounds
[  4.160s] [Startup] end post-event workarounds in 751.00ns

thread 'main' (1171318) panicked at /home/osso/.worktrees/wow-ui-sim-p410-source/tests/common/publication_sweep.rs:544:5:
assertion `left == right` failed: new gaps: ["p410-negative-control"]; resolved/stale gaps: []
  left: {"p410-negative-control", "wt-events-COMBAT_LOG_EVENT-4", "wt-events-COMBAT_LOG_EVENT-86", "wt-events-COMBAT_LOG_EVENT_UNFILTERED-4", "wt-events-COMBAT_LOG_EVENT_UNFILTERED-86", "wt-global-api-CalendarContextEventCanRemove-12", "wt-global-api-CalendarEventGetTypesDisplayOrdered-13", "wt-global-api-CanEditGuildBankTabInfo-58", "wt-global-api-GetCurrentEventID-15", "wt-global-api-GetDebugSpellEffects-62", "wt-global-api-GetDungeonForRandomSlot-63", "wt-global-api-GetEventTime-14", "wt-global-api-GetGuildBankBonusDepositMoney-64", "wt-global-api-GetLFGDungeonShortageRewardInfo-46", "wt-global-api-GetLFGDungeonShortageRewardLink-47", "wt-global-api-GetMaxAnimFramerate-66", "wt-global-api-GetNamePlateMotionType-67", "wt-global-api-GetNetIpTypes-68", "wt-global-api-GetNumDungeonForRandomSlot-69", "wt-global-api-GetNumNamePlateMotionTypes-70", "wt-global-api-GetNumberOfDetailTiles-71", "wt-global-api-GetRegisteredAddonMessagePrefixes-54", "wt-global-api-GetTrainerTradeskillRankValues-72", "wt-global-api-IsAddonMessagePrefixRegistered-55", "wt-global-api-IsIPv6Available-73", "wt-global-api-ModifyEquipmentSet-78", "wt-global-api-RegisterAddonMessagePrefix-5", "wt-global-api-RegisterAddonMessagePrefix-56", "wt-global-api-SetBarSlotFromIntro-79", "wt-global-api-SetGuildMemberRank-80", "wt-global-api-SetMaxAnimFramerate-81", "wt-global-api-SetNamePlateMotionType-82"}
 right: {"wt-events-COMBAT_LOG_EVENT-4", "wt-events-COMBAT_LOG_EVENT-86", "wt-events-COMBAT_LOG_EVENT_UNFILTERED-4", "wt-events-COMBAT_LOG_EVENT_UNFILTERED-86", "wt-global-api-CalendarContextEventCanRemove-12", "wt-global-api-CalendarEventGetTypesDisplayOrdered-13", "wt-global-api-CanEditGuildBankTabInfo-58", "wt-global-api-GetCurrentEventID-15", "wt-global-api-GetDebugSpellEffects-62", "wt-global-api-GetDungeonForRandomSlot-63", "wt-global-api-GetEventTime-14", "wt-global-api-GetGuildBankBonusDepositMoney-64", "wt-global-api-GetLFGDungeonShortageRewardInfo-46", "wt-global-api-GetLFGDungeonShortageRewardLink-47", "wt-global-api-GetMaxAnimFramerate-66", "wt-global-api-GetNamePlateMotionType-67", "wt-global-api-GetNetIpTypes-68", "wt-global-api-GetNumDungeonForRandomSlot-69", "wt-global-api-GetNumNamePlateMotionTypes-70", "wt-global-api-GetNumberOfDetailTiles-71", "wt-global-api-GetRegisteredAddonMessagePrefixes-54", "wt-global-api-GetTrainerTradeskillRankValues-72", "wt-global-api-IsAddonMessagePrefixRegistered-55", "wt-global-api-IsIPv6Available-73", "wt-global-api-ModifyEquipmentSet-78", "wt-global-api-RegisterAddonMessagePrefix-5", "wt-global-api-RegisterAddonMessagePrefix-56", "wt-global-api-SetBarSlotFromIntro-79", "wt-global-api-SetGuildMemberRank-80", "wt-global-api-SetMaxAnimFramerate-81", "wt-global-api-SetNamePlateMotionType-82"}
note: run with `RUST_BACKTRACE=1` environment variable to display a backtrace
