running 1 tests
test patch_4_1_0_publication_sweep::patch_4_1_0_publication_sweep ... FAILED (panic: assertion `left == right` failed: new gaps: ["wt-events-COMBAT_LOG_EVENT-4", "wt-events-COMBAT_LOG_EVENT-86", "wt-events-COMBAT_LOG_EVENT_UNFILTERED-4", "wt-events-COMBAT_LOG_EVENT_UNFILTERED-86", "wt-global-api-CalendarContextEventCanRemove-12", "wt-global-api-CalendarEventGetTypesDisplayOrdered-13", "wt-global-api-CanEditGuildBankTabInfo-58", "wt-global-api-GetCurrentEventID-15", "wt-global-api-GetDebugSpellEffects-62", "wt-global-api-GetDungeonForRandomSlot-63", "wt-global-api-GetEventTime-14", "wt-global-api-GetGuildBankBonusDepositMoney-64", "wt-global-api-GetLFGDungeonShortageRewardInfo-46", "wt-global-api-GetLFGDungeonShortageRewardLink-47", "wt-global-api-GetMaxAnimFramerate-66", "wt-global-api-GetNamePlateMotionType-67", "wt-global-api-GetNetIpTypes-68", "wt-global-api-GetNumDungeonForRandomSlot-69", "wt-global-api-GetNumNamePlateMotionTypes-70", "wt-global-api-GetNumberOfDetailTiles-71", "wt-global-api-GetPetHappiness-9", "wt-global-api-GetRegisteredAddonMessagePrefixes-54", "wt-global-api-GetTrainerTradeskillRankValues-72", "wt-global-api-IsAddonMessagePrefixRegistered-55", "wt-global-api-IsIPv6Available-73", "wt-global-api-ModifyEquipmentSet-78", "wt-global-api-RegisterAddonMessagePrefix-5", "wt-global-api-RegisterAddonMessagePrefix-56", "wt-global-api-SetBarSlotFromIntro-79", "wt-global-api-SetGuildMemberRank-80", "wt-global-api-SetMaxAnimFramerate-81", "wt-global-api-SetNamePlateMotionType-82"]; resolved/stale gaps: []
  left: {"wt-events-COMBAT_LOG_EVENT-4", "wt-events-COMBAT_LOG_EVENT-86", "wt-events-COMBAT_LOG_EVENT_UNFILTERED-4", "wt-events-COMBAT_LOG_EVENT_UNFILTERED-86", "wt-global-api-CalendarContextEventCanRemove-12", "wt-global-api-CalendarEventGetTypesDisplayOrdered-13", "wt-global-api-CanEditGuildBankTabInfo-58", "wt-global-api-GetCurrentEventID-15", "wt-global-api-GetDebugSpellEffects-62", "wt-global-api-GetDungeonForRandomSlot-63", "wt-global-api-GetEventTime-14", "wt-global-api-GetGuildBankBonusDepositMoney-64", "wt-global-api-GetLFGDungeonShortageRewardInfo-46", "wt-global-api-GetLFGDungeonShortageRewardLink-47", "wt-global-api-GetMaxAnimFramerate-66", "wt-global-api-GetNamePlateMotionType-67", "wt-global-api-GetNetIpTypes-68", "wt-global-api-GetNumDungeonForRandomSlot-69", "wt-global-api-GetNumNamePlateMotionTypes-70", "wt-global-api-GetNumberOfDetailTiles-71", "wt-global-api-GetPetHappiness-9", "wt-global-api-GetRegisteredAddonMessagePrefixes-54", "wt-global-api-GetTrainerTradeskillRankValues-72", "wt-global-api-IsAddonMessagePrefixRegistered-55", "wt-global-api-IsIPv6Available-73", "wt-global-api-ModifyEquipmentSet-78", "wt-global-api-RegisterAddonMessagePrefix-5", "wt-global-api-RegisterAddonMessagePrefix-56", "wt-global-api-SetBarSlotFromIntro-79", "wt-global-api-SetGuildMemberRank-80", "wt-global-api-SetMaxAnimFramerate-81", "wt-global-api-SetNamePlateMotionType-82"}
 right: {})

test result: FAILED. 0 passed; 1 failed; 1 total
warning: iced-wgpu-patched/Cargo.toml: `lints.clippy.large-enum-variant` is deprecated in favor of `lints.clippy.large_enum_variant` and will not work in a future edition
warning: iced-wgpu-patched/Cargo.toml: `lints.clippy.map-entry` is deprecated in favor of `lints.clippy.map_entry` and will not work in a future edition
warning: iced-wgpu-patched/Cargo.toml: `lints.clippy.match-wildcard-for-single-variants` is deprecated in favor of `lints.clippy.match_wildcard_for_single_variants` and will not work in a future edition
warning: iced-wgpu-patched/Cargo.toml: `lints.clippy.redundant-closure-for-method-calls` is deprecated in favor of `lints.clippy.redundant_closure_for_method_calls` and will not work in a future edition
warning: iced-wgpu-patched/Cargo.toml: `lints.clippy.trivially-copy-pass-by-ref` is deprecated in favor of `lints.clippy.trivially_copy_pass_by_ref` and will not work in a future edition
warning: iced-wgpu-patched/Cargo.toml: `lints.clippy.type-complexity` is deprecated in favor of `lints.clippy.type_complexity` and will not work in a future edition
warning: `iced_wgpu` (manifest) generated 6 warnings
   Compiling proc-macro2 v1.0.105
   Compiling libc v0.2.180
   Compiling num-traits v0.2.19
   Compiling parking_lot_core v0.9.12
   Compiling rustix v1.1.3
   Compiling linux-raw-sys v0.11.0
   Compiling libloading v0.8.9
   Compiling errno v0.3.14
   Compiling futures-io v0.3.31
   Compiling futures-sink v0.3.31
   Compiling wayland-sys v0.31.8
   Compiling memchr v2.7.6
   Compiling signal-hook-registry v1.4.8
   Compiling futures-channel v0.3.31
   Compiling dlib v0.5.2
   Compiling downcast-rs v1.2.1
   Compiling scoped-tls v1.0.1
   Compiling serde_core v1.0.228
   Compiling wayland-client v0.31.12
   Compiling cfg_aliases v0.2.1
   Compiling parking_lot v0.12.5
   Compiling foldhash v0.2.0
   Compiling quick-xml v0.38.4
   Compiling lazy_static v1.5.0
   Compiling hashbrown v0.16.1
   Compiling equivalent v1.0.2
   Compiling unicode-ident v1.0.22
   Compiling getrandom v0.2.16
   Compiling num_cpus v1.17.0
   Compiling const-oid v0.9.6
   Compiling quote v1.0.43
   Compiling syn v2.0.114
   Compiling jobserver v0.1.34
   Compiling num-integer v0.1.46
   Compiling winnow v0.7.14
   Compiling indexmap v2.13.0
   Compiling wayland-scanner v0.31.8
   Compiling cc v1.2.52
   Compiling num-bigint v0.4.6
   Compiling raw-window-handle v0.6.2
   Compiling euclid v0.22.13
   Compiling smol_str v0.2.2
   Compiling ttf-parser v0.25.1
   Compiling parking v2.2.1
   Compiling concurrent-queue v2.5.0
   Compiling encoding_rs v0.8.35
   Compiling foldhash v0.1.5
   Compiling web-time v1.1.0
   Compiling hashbrown v0.15.5
   Compiling lilt v0.8.1
   Compiling simd_helpers v0.1.0
   Compiling toml_datetime v0.7.5+spec-1.1.0
   Compiling serde v1.0.228
   Compiling toml_parser v1.0.6+spec-1.1.0
   Compiling num-rational v0.4.2
   Compiling glam v0.25.0
   Compiling lyon_geom v1.0.18
   Compiling pxfm v0.1.27
   Compiling either v1.15.0
   Compiling wayland-backend v0.3.12
   Compiling ring v0.17.14
   Compiling toml_edit v0.23.10+spec-1.0.0
   Compiling lyon_path v1.0.16
   Compiling digest v0.10.7
   Compiling naga v27.0.3
   Compiling ash v0.38.0+1.3.281
   Compiling owo-colors v4.3.0
   Compiling hex v0.4.3
   Compiling khronos-egl v6.0.0
   Compiling as-raw-xcb-connection v1.0.1
   Compiling unicode-width v0.2.2
   Compiling bit-vec v0.8.0
   Compiling fontdb v0.23.0
   Compiling bit-set v0.8.0
   Compiling codespan-reporting v0.12.0
   Compiling proc-macro-crate v3.4.0
   Compiling synstructure v0.13.2
   Compiling openssl-sys v0.9.117
   Compiling event-listener v5.4.1
   Compiling moxcms v0.7.11
   Compiling wgpu-hal v27.0.4
   Compiling gpu-descriptor-types v0.2.0
   Compiling polling v3.11.0
   Compiling gethostname v1.1.0
   Compiling gpu-alloc-types v0.3.0
   Compiling spirv v0.3.0+sdk-1.3.268.0
   Compiling xcursor v0.3.10
   Compiling cursor-icon v1.2.0
   Compiling x11rb-protocol v0.13.2
   Compiling alloc-no-stdlib v2.0.4
   Compiling fnv v1.0.7
   Compiling xkeysym v0.2.1
   Compiling bytemuck_derive v1.10.2
   Compiling thiserror-impl v2.0.17
   Compiling bytemuck v1.24.0
   Compiling zerocopy-derive v0.8.33
   Compiling tokio-macros v2.6.0
   Compiling tracing-attributes v0.1.31
   Compiling serde_derive v1.0.228
   Compiling futures-macro v0.3.31
   Compiling thiserror v2.0.17
   Compiling tokio v1.49.0
   Compiling zerofrom-derive v0.1.6
   Compiling futures-util v0.3.31
   Compiling zerocopy v0.8.33
   Compiling tracing v0.1.44
   Compiling yoke-derive v0.8.1
   Compiling zerofrom v0.1.7
   Compiling zerovec-derive v0.11.2
   Compiling displaydoc v0.2.5
   Compiling profiling-procmacros v1.0.17
   Compiling yoke v0.8.1
   Compiling profiling v1.0.17
   Compiling equator-macro v0.4.2
   Compiling zerotrie v0.2.3
   Compiling half v2.7.1
   Compiling zerovec v0.11.5
   Compiling font-types v0.10.1
   Compiling equator v0.4.2
   Compiling aligned-vec v0.6.4
   Compiling arg_enum_proc_macro v0.3.4
   Compiling read-fonts v0.35.0
   Compiling v_frame v0.3.9
   Compiling tinystr v0.8.2
   Compiling futures-executor v0.3.31
   Compiling potential_utf v0.1.4
   Compiling icu_locale_core v2.1.1
   Compiling icu_collections v2.1.1
   Compiling av-scenechange v0.14.1
   Compiling futures v0.3.31
   Compiling av1-grain v0.2.5
   Compiling icu_provider v2.1.1
   Compiling exr v1.74.0
   Compiling wayland-protocols v0.32.10
   Compiling qoi v0.4.1
   Compiling fax_derive v0.2.0
   Compiling num-derive v0.4.2
   Compiling fax v0.2.6
   Compiling iced_core v0.14.0
   Compiling symphonia-core v0.5.5
   Compiling rav1e v0.8.1
   Compiling tiff v0.10.3
   Compiling enumflags2_derive v0.7.12
   Compiling iced_futures v0.14.0
   Compiling skrifa v0.37.0
   Compiling harfrust v0.3.2
   Compiling zvariant_utils v3.3.0
   Compiling icu_properties v2.1.2
   Compiling tokio-util v0.7.18
   Compiling base64ct v1.8.3
   Compiling ravif v0.12.0
   Compiling swash v0.2.6
   Compiling hexf-parse v0.2.1
   Compiling binrw_derive v0.15.2
   Compiling image v0.25.9
   Compiling icu_normalizer v2.1.1
   Compiling cosmic-text v0.15.0
   Compiling pem-rfc7468 v0.7.0
   Compiling wayland-protocols-wlr v0.3.10
   Compiling zvariant_derive v5.9.2
   Compiling x11rb v0.13.2
   Compiling symphonia-metadata v0.5.5
   Compiling wayland-cursor v0.31.12
   Compiling wgpu-types v27.0.1
   Compiling wayland-csd-frame v0.3.0
   Compiling der_derive v0.7.3
   Compiling thiserror-impl v1.0.69
   Compiling alloc-stdlib v0.2.4
   Compiling gpu-alloc v0.6.0
   Compiling gpu-descriptor v0.3.2
   Compiling event-listener-strategy v0.5.4
   Compiling futures-lite v2.6.1
   Compiling inout v0.1.4
   Compiling ordered-float v5.1.0
   Compiling rand_core v0.6.4
   Compiling glow v0.16.0
   Compiling binrw v0.15.2
   Compiling mutate_once v0.1.2
   Compiling openssl-probe v0.2.1
   Compiling arrayref v0.3.9
   Compiling strict-num v0.1.1
   Compiling renderdoc-sys v1.1.0
   Compiling rustix v0.38.44
   Compiling flagset v0.4.7
   Compiling tiny-skia-path v0.11.4
   Compiling der v0.7.10
   Compiling rustls v0.23.40
   Compiling kamadak-exif v0.6.1
   Compiling cipher v0.4.4
   Compiling thiserror v1.0.69
   Compiling rustls-webpki v0.103.13
   Compiling brotli-decompressor v5.0.3
   Compiling h2 v0.4.15
   Compiling ppv-lite86 v0.2.21
   Compiling wgpu-core v27.0.3
   Compiling async-io v2.6.0
   Compiling linux-raw-sys v0.4.15
   Compiling array-init v2.1.0
   Compiling litrs v1.0.0
   Compiling document-features v0.2.12
   Compiling brotli v8.0.4
   Compiling rand_chacha v0.3.1
   Compiling salsa20 v0.10.2
   Compiling spki v0.7.3
   Compiling iced_graphics v0.14.0
   Compiling hyper v1.9.0
   Compiling tiny-skia v0.11.4
   Compiling idna_adapter v1.2.1
   Compiling enumflags2 v0.7.12
   Compiling calloop v0.14.3
   Compiling async-trait v0.1.89
   Compiling md-5 v0.10.6
   Compiling wgpu v27.0.1
   Compiling tiny-xlib v0.2.4
   Compiling wgpu-core-deps-windows-linux-android v27.0.0
   Compiling compression-core v0.4.32
   Compiling foreign-types-shared v0.1.1
   Compiling smithay-client-toolkit v0.20.0
   Compiling svg_fmt v0.4.5
   Compiling async-task v4.7.1
   Compiling openssl v0.10.81
   Compiling twox-hash v2.1.2
   Compiling endi v1.1.1
   Compiling zvariant v5.9.2
   Compiling lz4_flex v0.12.1
   Compiling hyper-util v0.1.20
   Compiling foreign-types v0.3.2
   Compiling compression-codecs v0.4.38
   Compiling cascette-crypto v0.2.0 (https://github.com/Osso/cascette-rs?rev=758d8dbfbc64d500b2f8f5b5c133d9f82fa79a48#758d8dbf)
   Compiling calloop-wayland-source v0.4.1
   Compiling idna v1.1.0
   Compiling calloop v0.13.0
   Compiling rand v0.8.5
   Compiling async-channel v2.5.0
   Compiling symphonia-utils-xiph v0.5.5
   Compiling wayland-protocols-misc v0.3.10
   Compiling wayland-protocols-experimental v20250721.0.1
   Compiling iced_debug v0.14.0
   Compiling openssl-macros v0.1.1
   Compiling anyhow v1.0.100
   Compiling ctor-lite v0.1.1
   Compiling smithay-client-toolkit v0.19.2
   Compiling rand_core v0.10.1
   Compiling getrandom v0.4.3
   Compiling float_next_after v1.0.0
   Compiling md5 v0.8.0
   Compiling static_assertions v1.1.0
   Compiling native-tls v0.2.18
   Compiling hashbrown v0.14.5
   Compiling cascette-formats v0.2.0 (https://github.com/Osso/cascette-rs?rev=758d8dbfbc64d500b2f8f5b5c133d9f82fa79a48#758d8dbf)
   Compiling tower v0.5.3
   Compiling dashmap v6.1.0
   Compiling lyon_tessellation v1.0.16
   Compiling async-signal v0.2.13
   Compiling calloop-wayland-source v0.3.0
   Compiling url v2.5.8
   Compiling zbus_names v4.3.1
   Compiling async-compression v0.4.42
   Compiling etagere v0.2.15
   Compiling tokio-rustls v0.26.4
   Compiling async-lock v3.4.2
   Compiling owned_ttf_parser v0.25.1
   Compiling lyon_algorithms v1.0.16
   Compiling itertools v0.14.0
   Compiling piper v0.2.4
   Compiling ahash v0.8.12
   Compiling alsa-sys v0.3.1
   Compiling x11-dl v2.21.0
   Compiling ab_glyph_rasterizer v0.1.10
   Compiling cpufeatures v0.3.0
   Compiling lru v0.16.3
   Compiling num-bigint-dig v0.8.6
   Compiling android-build v0.1.3
   Compiling cryoglyph v0.1.0
   Compiling chacha20 v0.10.1
   Compiling ab_glyph v0.2.32
   Compiling mundy v0.2.2
   Compiling blocking v1.6.2
   Compiling hyper-rustls v0.27.9
   Compiling lyon v1.0.16
   Compiling async-process v2.5.0
   Compiling prost-derive v0.14.4
   Compiling tower-http v0.6.10
   Compiling zbus_macros v5.13.2
   Compiling softbuffer v0.4.8
   Compiling smithay-clipboard v0.7.3
   Compiling async-executor v1.13.3
   Compiling guillotiere v0.6.2
   Compiling pkcs8 v0.10.2
   Compiling rustls-native-certs v0.8.4
   Compiling async-broadcast v0.7.2
   Compiling serde_repr v0.1.20
   Compiling libsqlite3-sys v0.33.0
   Compiling serde_spanned v1.1.1
   Compiling num-iter v0.1.45
   Compiling winit v0.30.12
   Compiling uuid v1.20.0
   Compiling kurbo v0.10.4
   Compiling ordered-stream v0.2.0
   Compiling mime v0.3.17
   Compiling prometheus v0.14.0
   Compiling glob v0.3.3
   Compiling sha2 v0.10.9
   Compiling zbus v5.13.2
   Compiling libwebp-sys v0.9.6
   Compiling iced_tiny_skia v0.14.0
   Compiling toml v0.9.11+spec-1.1.0
   Compiling rustls-platform-verifier v0.6.2
   Compiling pkcs1 v0.7.5
   Compiling iced_wgpu v0.14.0 (/home/osso/.worktrees/wow-ui-sim-p410-source/iced-wgpu-patched)
   Compiling rand v0.10.1
   Compiling clipboard_wayland v0.2.2
   Compiling prost v0.14.4
   Compiling sctk-adwaita v0.10.1
   Compiling tokio-native-tls v0.3.1
   Compiling icu_locale v2.1.1
   Compiling x509-cert v0.2.5
   Compiling signature v2.2.0
   Compiling clipboard_x11 v0.4.3
   Compiling wayland-protocols-plasma v0.3.10
   Compiling iced_runtime v0.14.0
   Compiling xkbcommon-dl v0.4.2
   Compiling asn1_derive v0.23.1
   Compiling hashify v0.2.9
   Compiling rmp v0.8.15
   Compiling dpi v0.1.2
   Compiling cpal v0.16.0
   Compiling extended v0.1.0
   Compiling clap_derive v4.5.55
   Compiling symphonia-format-riff v0.5.5
   Compiling mail-parser v0.11.4
   Compiling rmp-serde v1.3.1
   Compiling asn1 v0.23.1
   Compiling cms v0.2.3
   Compiling iced_program v0.14.0
   Compiling window_clipboard v0.5.1
   Compiling rsa v0.9.10
   Compiling alsa v0.9.1
   Compiling hyper-tls v0.6.0
   Compiling cascette-client-storage v0.2.0 (https://github.com/Osso/cascette-rs?rev=758d8dbfbc64d500b2f8f5b5c133d9f82fa79a48#758d8dbf)
   Compiling iced_renderer v0.14.0
   Compiling cascette-cache v0.2.0 (https://github.com/Osso/cascette-rs?rev=758d8dbfbc64d500b2f8f5b5c133d9f82fa79a48#758d8dbf)
   Compiling winresource v0.1.30
   Compiling reqwest v0.13.1
   Compiling serde_urlencoded v0.7.1
   Compiling symphonia-format-isomp4 v0.5.5
   Compiling symphonia-bundle-flac v0.5.5
   Compiling symphonia-format-ogg v0.5.5
   Compiling symphonia-codec-vorbis v0.5.5
   Compiling symphonia-bundle-mp3 v0.5.5
   Compiling symphonia-codec-pcm v0.5.5
   Compiling symphonia-codec-aac v0.5.5
   Compiling hashlink v0.10.0
   Compiling dasp_sample v0.11.0
   Compiling winapi v0.3.9
   Compiling fallible-streaming-iterator v0.1.9
   Compiling fallible-iterator v0.3.0
   Compiling image v0.24.9
   Compiling symphonia v0.5.5
   Compiling cascette-protocol v0.2.0 (https://github.com/Osso/cascette-rs?rev=758d8dbfbc64d500b2f8f5b5c133d9f82fa79a48#758d8dbf)
   Compiling reqwest v0.12.28
   Compiling phf_macros v0.11.3
   Compiling wow-ui-sim v0.1.0 (/home/osso/.worktrees/wow-ui-sim-p410-source)
   Compiling iced_widget v0.14.2
   Compiling iced_winit v0.14.0
   Compiling peercred-ipc v0.1.0 (https://github.com/Osso/peercred-ipc.git?tag=v0.2.0#dc0093cf)
   Compiling clap v4.5.56
   Compiling phf_generator v0.11.3
   Compiling fixed_decimal v0.7.0
   Compiling xattr v1.6.1
   Compiling rusqlite v0.35.0
   Compiling sharded-slab v0.1.7
   Compiling iced-layout-inspector v0.1.0 (https://github.com/Osso/iced-layout-inspector.git?tag=v0.2.0#c1f1dd2c)
   Compiling tracing-subscriber v0.3.22
   Compiling tar v0.4.45
   Compiling asset-resolver v0.1.0 (https://github.com/world-of-osso/asset-resolver?rev=462097bba2aa72d1afed8e0ca5b7c7315096427d#462097bb)
   Compiling image-blp v1.2.0
   Compiling icu_plurals v2.1.1
   Compiling phf_codegen v0.11.3
   Compiling icu_segmenter v2.1.1
   Compiling icu_collator v2.1.1
   Compiling icu_casemap v2.1.1
   Compiling casc-extract v0.1.0 (https://github.com/Osso/casc-extract?rev=bbfb184066531b6eb674b50b63a6052eb871ab2f#bbfb1840)
   Compiling iced v0.14.0
   Compiling phf v0.11.3
   Compiling rodio v0.21.1
   Compiling quick-xml v0.37.5
   Compiling tempfile v3.24.0
   Compiling insta v1.46.0
   Compiling webp v0.3.1
    Finished `test` profile [optimized + debuginfo] target(s) in 6m 10s
     Running tests/prefork_full_ui.rs (target/debug/deps/prefork_full_ui-21dd5c807fe7a7b6)
[  0.000s] [Startup] WowLuaEnv::new begin
[  0.002s] [Startup] SimState::default complete in 1.82ms
[  0.002s] [Startup] rilua VM created in 110.02µs
[  0.002s] [Startup] builtin frames initialized in 149.74µs
[  0.002s] [Startup] template registry cleared in 8.57µs
[  0.002s] [Startup] intrinsic templates registered in 10.29µs
[  0.002s] [Startup] initial app_data lua handle installed in 761.00ns
[  0.146s] [Startup] init_lua_state complete in 144.30ms
[  0.146s] [Startup] final app_data lua handle installed in 270.00ns
[  0.147s] [Startup] initial screen globals installed in 100.38µs
[  0.147s] [Startup] WowLuaEnv::new complete
[  3.076s] [Startup] apply_post_load_workarounds: begin
[  3.076s] [Workarounds] starting patch_edit_mode_manager
[  3.076s] [Workarounds] finished patch_edit_mode_manager in 307.47µs
[  3.076s] [Workarounds] starting init_edit_mode_layout
[  3.076s] [EditMode] starting setup_layout_info
[  3.079s] [EditMode] finished setup_layout_info in 3.33ms
[  3.079s] [EditMode] starting apply_system_anchors
[  3.230s] [EditMode] finished apply_system_anchors in 150.25ms
[  3.230s] [EditMode] starting finalize_action_bar_positions
[  3.232s] [EditMode] finished finalize_action_bar_positions in 1.84ms
[  3.232s] [EditMode] starting invoke_anchor_changed_hooks
[  3.232s] [EditMode] finished invoke_anchor_changed_hooks in 411.55µs
[  3.232s] [EditMode] starting fix_action_bar_nan_size
[  3.232s] [EditMode] finished fix_action_bar_nan_size in 42.64µs
[  3.232s] [EditMode] starting fix_action_bar_scale
[  3.232s] [EditMode] finished fix_action_bar_scale in 4.61µs
[  3.232s] [Workarounds] finished init_edit_mode_layout in 155.92ms
[  3.232s] [Workarounds] starting patch_ui_parent_panel_toggles
[  3.232s] [Workarounds] finished patch_ui_parent_panel_toggles in 229.18µs
[  3.232s] [Workarounds] starting patch_uiparent_onupdate_worklists
[  3.232s] [Workarounds] finished patch_uiparent_onupdate_worklists in 113.84µs
[  3.232s] [Workarounds] starting init_chat_type_colors
[  3.232s] [Workarounds] finished init_chat_type_colors in 115.42µs
[  3.232s] [Workarounds] starting patch_chat_voice_button_surface
[  3.233s] [Workarounds] finished patch_chat_voice_button_surface in 118.60µs
[  3.233s] [Workarounds] starting patch_item_socketing_tooltips
[  3.233s] [Workarounds] finished patch_item_socketing_tooltips in 57.92µs
[  3.233s] [Workarounds] starting patch_character_select_selected_name
[  3.233s] [Workarounds] finished patch_character_select_selected_name in 30.23µs
[  3.233s] [Workarounds] starting patch_character_create_defaults
[  3.233s] [Workarounds] finished patch_character_create_defaults in 223.87µs
[  3.233s] [Workarounds] starting patch_character_frame_title_refresh
[  3.239s] [Workarounds] finished patch_character_frame_title_refresh in 5.94ms
[  3.239s] [Workarounds] starting patch_vignette_pin_template
[  3.239s] [Workarounds] finished patch_vignette_pin_template in 120.38µs
[  3.239s] [Workarounds] starting patch_fog_of_war_pin_mixin
[  3.239s] [Workarounds] finished patch_fog_of_war_pin_mixin in 304.20µs
[  3.239s] [Workarounds] starting patch_map_exploration_pin_mixin
[  3.245s] [Workarounds] finished patch_map_exploration_pin_mixin in 5.63ms
[  3.245s] [Workarounds] starting patch_map_canvas_data_provider_attachment
[  3.245s] [Workarounds] finished patch_map_canvas_data_provider_attachment in 84.88µs
[  3.245s] [Workarounds] starting ensure_adventure_map_frame_surface
[  3.246s] [Workarounds] finished ensure_adventure_map_frame_surface in 478.84µs
[  3.246s] [Workarounds] starting patch_action_bar_button_event_fanout
[  3.246s] [Workarounds] finished patch_action_bar_button_event_fanout in 107.44µs
[  3.246s] [Workarounds] starting patch_paging_controls_page_text
[  3.246s] [Workarounds] finished patch_paging_controls_page_text in 39.98µs
[  3.246s] [Workarounds] starting patch_talent_edge_frame_level_sync
[  3.246s] [Workarounds] finished patch_talent_edge_frame_level_sync in 29.46µs
[  3.246s] [Workarounds] starting patch_catalog_shop_product_card_defaults
[  3.246s] [Workarounds] finished patch_catalog_shop_product_card_defaults in 61.68µs
[  3.246s] [Workarounds] starting patch_game_time_defaults
[  3.246s] [Workarounds] finished patch_game_time_defaults in 7.51µs
[  3.246s] [Workarounds] starting patch_tooltip_nineslice_surface
[  3.246s] [Workarounds] finished patch_tooltip_nineslice_surface in 42.96µs
[  3.246s] [Workarounds] starting patch_container_frame_token_tracker
[  3.246s] [Workarounds] finished patch_container_frame_token_tracker in 40.97µs
[  3.246s] [Workarounds] starting patch_achievement_display_set_achievements
[  3.246s] [Workarounds] finished patch_achievement_display_set_achievements in 8.39µs
[  3.246s] [Workarounds] starting patch_housing_dashboard_preload
[  3.246s] [Workarounds] finished patch_housing_dashboard_preload in 167.85µs
[  3.246s] [Workarounds] starting patch_lfg_lock_list
[  3.246s] [Workarounds] finished patch_lfg_lock_list in 37.52µs
[  3.246s] [Workarounds] starting patch_auction_house_browse_results_event
[  3.246s] [Workarounds] finished patch_auction_house_browse_results_event in 81.38µs
[  3.246s] [Workarounds] starting patch_auction_house_search_context_aliases
[  3.246s] [Workarounds] finished patch_auction_house_search_context_aliases in 30.34µs
[  3.246s] [Workarounds] starting patch_auth_challenge_frame_parent
[  3.246s] [Workarounds] finished patch_auth_challenge_frame_parent in 78.40µs
[  3.246s] [Workarounds] starting patch_settings_surface_defaults
[  3.247s] [Workarounds] finished patch_settings_surface_defaults in 347.19µs
[  3.247s] [Workarounds] starting patch_settings_canvas_layout_visibility
[  3.247s] [Workarounds] finished patch_settings_canvas_layout_visibility in 109.57µs
[  3.247s] [Startup] apply_post_load_workarounds: workarounds complete
[  3.325s] [Startup] apply_post_load_workarounds: globals restored
[  3.325s] [Startup] apply_post_load_workarounds: patch 12.1 compatibility restored
[  3.325s] [Startup] apply_post_load_workarounds: seterrorhandler restored
[  3.514s] [Startup] begin login sequence
[  3.514s] [Startup] Firing ADDON_LOADED
[  3.514s] [Startup] Firing VARIABLES_LOADED
[  3.622s] [Startup] Firing DISPLAY_SIZE_CHANGED
[  3.673s] [Startup] Firing UI_SCALE_CHANGED
[  3.675s] [Startup] Firing PLAYER_LOGIN
[  3.675s] [Startup] end login sequence in 160.47ms
[  3.675s] [Startup] begin world enter sequence
[  3.675s] [Startup] Skipping EDIT_MODE_LAYOUTS_UPDATED
[  3.675s] [Startup] Firing TIME_PLAYED_MSG via RequestTimePlayed
[  3.675s] [Startup] Firing PLAYER_ENTERING_WORLD
[  3.926s] [EditMode] starting setup_layout_info
[  3.930s] [EditMode] finished setup_layout_info in 4.08ms
[  3.930s] [EditMode] starting apply_system_anchors
[  4.086s] [EditMode] finished apply_system_anchors in 156.14ms
[  4.086s] [EditMode] starting finalize_action_bar_positions
[  4.089s] [EditMode] finished finalize_action_bar_positions in 2.83ms
[  4.089s] [EditMode] starting invoke_anchor_changed_hooks
[  4.096s] [EditMode] finished invoke_anchor_changed_hooks in 6.67ms
[  4.096s] [EditMode] starting fix_action_bar_nan_size
[  4.096s] [EditMode] finished fix_action_bar_nan_size in 92.70µs
[  4.096s] [EditMode] starting fix_action_bar_scale
[  4.096s] [EditMode] finished fix_action_bar_scale in 5.36µs
[  4.096s] [EditMode] starting reapply_player_frame_anchor
[  4.097s] [EditMode] finished reapply_player_frame_anchor in 1.63ms
[  4.106s] [Startup] end world enter sequence in 431.74ms
[  4.106s] [Startup] begin post-login events
[  4.107s] [Startup] Firing UNIT_AURA
[  4.108s] [Startup] Firing PET_UI_UPDATE
[  4.110s] [Startup] Firing BAG_UPDATE_DELAYED
[  4.112s] [Startup] Firing QUEST_LOG_UPDATE
[  4.113s] [Startup] Firing GROUP_ROSTER_UPDATE
[  4.211s] [Startup] Firing ACTIONBAR_UPDATE_STATE
[  4.211s] [Startup] Firing ACTIONBAR_UPDATE_COOLDOWN
[  4.213s] [Startup] Firing UPDATE_BONUS_ACTIONBAR
[  4.225s] [Startup] Firing PLAYER_CAN_GLIDE_CHANGED
[  4.225s] [Startup] Firing PLAYER_IS_GLIDING_CHANGED
[  4.225s] [Startup] Firing UPDATE_BINDINGS
[  4.228s] [Startup] Firing UPDATE_CHAT_WINDOWS
[  4.231s] [Startup] Firing LFG_UPDATE_RANDOM_INFO
[  4.232s] [Startup] end post-login events in 125.58ms
[  4.232s] [Startup] begin close startup special windows
[  4.232s] [Startup] end close startup special windows in 287.93µs
[  4.232s] [Startup] begin FIRST_FRAME_RENDERED
[  4.232s] [Startup] Firing FIRST_FRAME_RENDERED
[  4.232s] [Startup] end FIRST_FRAME_RENDERED in 183.78µs
[  4.232s] [Startup] begin unblock hidden splash alerts
[  4.232s] [Startup] end unblock hidden splash alerts in 14.63µs
[  4.232s] [Startup] begin post-event workarounds
[  4.232s] [Startup] end post-event workarounds in 821.00ns

thread 'main' (1085357) panicked at /home/osso/.worktrees/wow-ui-sim-p410-source/tests/common/publication_sweep.rs:544:5:
assertion `left == right` failed: new gaps: ["wt-events-COMBAT_LOG_EVENT-4", "wt-events-COMBAT_LOG_EVENT-86", "wt-events-COMBAT_LOG_EVENT_UNFILTERED-4", "wt-events-COMBAT_LOG_EVENT_UNFILTERED-86", "wt-global-api-CalendarContextEventCanRemove-12", "wt-global-api-CalendarEventGetTypesDisplayOrdered-13", "wt-global-api-CanEditGuildBankTabInfo-58", "wt-global-api-GetCurrentEventID-15", "wt-global-api-GetDebugSpellEffects-62", "wt-global-api-GetDungeonForRandomSlot-63", "wt-global-api-GetEventTime-14", "wt-global-api-GetGuildBankBonusDepositMoney-64", "wt-global-api-GetLFGDungeonShortageRewardInfo-46", "wt-global-api-GetLFGDungeonShortageRewardLink-47", "wt-global-api-GetMaxAnimFramerate-66", "wt-global-api-GetNamePlateMotionType-67", "wt-global-api-GetNetIpTypes-68", "wt-global-api-GetNumDungeonForRandomSlot-69", "wt-global-api-GetNumNamePlateMotionTypes-70", "wt-global-api-GetNumberOfDetailTiles-71", "wt-global-api-GetPetHappiness-9", "wt-global-api-GetRegisteredAddonMessagePrefixes-54", "wt-global-api-GetTrainerTradeskillRankValues-72", "wt-global-api-IsAddonMessagePrefixRegistered-55", "wt-global-api-IsIPv6Available-73", "wt-global-api-ModifyEquipmentSet-78", "wt-global-api-RegisterAddonMessagePrefix-5", "wt-global-api-RegisterAddonMessagePrefix-56", "wt-global-api-SetBarSlotFromIntro-79", "wt-global-api-SetGuildMemberRank-80", "wt-global-api-SetMaxAnimFramerate-81", "wt-global-api-SetNamePlateMotionType-82"]; resolved/stale gaps: []
  left: {"wt-events-COMBAT_LOG_EVENT-4", "wt-events-COMBAT_LOG_EVENT-86", "wt-events-COMBAT_LOG_EVENT_UNFILTERED-4", "wt-events-COMBAT_LOG_EVENT_UNFILTERED-86", "wt-global-api-CalendarContextEventCanRemove-12", "wt-global-api-CalendarEventGetTypesDisplayOrdered-13", "wt-global-api-CanEditGuildBankTabInfo-58", "wt-global-api-GetCurrentEventID-15", "wt-global-api-GetDebugSpellEffects-62", "wt-global-api-GetDungeonForRandomSlot-63", "wt-global-api-GetEventTime-14", "wt-global-api-GetGuildBankBonusDepositMoney-64", "wt-global-api-GetLFGDungeonShortageRewardInfo-46", "wt-global-api-GetLFGDungeonShortageRewardLink-47", "wt-global-api-GetMaxAnimFramerate-66", "wt-global-api-GetNamePlateMotionType-67", "wt-global-api-GetNetIpTypes-68", "wt-global-api-GetNumDungeonForRandomSlot-69", "wt-global-api-GetNumNamePlateMotionTypes-70", "wt-global-api-GetNumberOfDetailTiles-71", "wt-global-api-GetPetHappiness-9", "wt-global-api-GetRegisteredAddonMessagePrefixes-54", "wt-global-api-GetTrainerTradeskillRankValues-72", "wt-global-api-IsAddonMessagePrefixRegistered-55", "wt-global-api-IsIPv6Available-73", "wt-global-api-ModifyEquipmentSet-78", "wt-global-api-RegisterAddonMessagePrefix-5", "wt-global-api-RegisterAddonMessagePrefix-56", "wt-global-api-SetBarSlotFromIntro-79", "wt-global-api-SetGuildMemberRank-80", "wt-global-api-SetMaxAnimFramerate-81", "wt-global-api-SetNamePlateMotionType-82"}
 right: {}
note: run with `RUST_BACKTRACE=1` environment variable to display a backtrace
error: test failed, to rerun pass `--test prefork_full_ui`

Caused by:
  process didn't exit successfully: `/home/osso/.worktrees/wow-ui-sim-p410-source/target/debug/deps/prefork_full_ui-21dd5c807fe7a7b6 patch_4_1_0_publication_sweep --nocapture` (exit status: 1)
