running 1 tests
test patch_4_1_0_publication_sweep::patch_4_1_0_publication_sweep ... ok

test result: ok. 1 passed; 0 failed; 1 total
warning: iced-wgpu-patched/Cargo.toml: `lints.clippy.large-enum-variant` is deprecated in favor of `lints.clippy.large_enum_variant` and will not work in a future edition
warning: iced-wgpu-patched/Cargo.toml: `lints.clippy.map-entry` is deprecated in favor of `lints.clippy.map_entry` and will not work in a future edition
warning: iced-wgpu-patched/Cargo.toml: `lints.clippy.match-wildcard-for-single-variants` is deprecated in favor of `lints.clippy.match_wildcard_for_single_variants` and will not work in a future edition
warning: iced-wgpu-patched/Cargo.toml: `lints.clippy.redundant-closure-for-method-calls` is deprecated in favor of `lints.clippy.redundant_closure_for_method_calls` and will not work in a future edition
warning: iced-wgpu-patched/Cargo.toml: `lints.clippy.trivially-copy-pass-by-ref` is deprecated in favor of `lints.clippy.trivially_copy_pass_by_ref` and will not work in a future edition
warning: iced-wgpu-patched/Cargo.toml: `lints.clippy.type-complexity` is deprecated in favor of `lints.clippy.type_complexity` and will not work in a future edition
warning: `iced_wgpu` (manifest) generated 6 warnings
   Compiling wow-ui-sim v0.1.0 (/home/osso/.worktrees/wow-ui-sim-p410-source)
    Finished `test` profile [optimized + debuginfo] target(s) in 8.02s
     Running tests/prefork_full_ui.rs (target/debug/deps/prefork_full_ui-21dd5c807fe7a7b6)
[  0.000s] [Startup] WowLuaEnv::new begin
[  0.002s] [Startup] SimState::default complete in 1.65ms
[  0.002s] [Startup] rilua VM created in 94.12µs
[  0.002s] [Startup] builtin frames initialized in 73.12µs
[  0.002s] [Startup] template registry cleared in 6.15µs
[  0.002s] [Startup] intrinsic templates registered in 7.08µs
[  0.002s] [Startup] initial app_data lua handle installed in 181.00ns
[  0.129s] [Startup] init_lua_state complete in 126.76ms
[  0.129s] [Startup] final app_data lua handle installed in 290.00ns
[  0.129s] [Startup] initial screen globals installed in 99.26µs
[  0.129s] [Startup] WowLuaEnv::new complete
[  2.217s] [Startup] apply_post_load_workarounds: begin
[  2.217s] [Workarounds] starting patch_edit_mode_manager
[  2.218s] [Workarounds] finished patch_edit_mode_manager in 268.63µs
[  2.218s] [Workarounds] starting init_edit_mode_layout
[  2.218s] [EditMode] starting setup_layout_info
[  2.220s] [EditMode] finished setup_layout_info in 2.90ms
[  2.220s] [EditMode] starting apply_system_anchors
[  2.340s] [EditMode] finished apply_system_anchors in 119.23ms
[  2.340s] [EditMode] starting finalize_action_bar_positions
[  2.341s] [EditMode] finished finalize_action_bar_positions in 1.46ms
[  2.341s] [EditMode] starting invoke_anchor_changed_hooks
[  2.342s] [EditMode] finished invoke_anchor_changed_hooks in 349.57µs
[  2.342s] [EditMode] starting fix_action_bar_nan_size
[  2.342s] [EditMode] finished fix_action_bar_nan_size in 39.06µs
[  2.342s] [EditMode] starting fix_action_bar_scale
[  2.342s] [EditMode] finished fix_action_bar_scale in 4.85µs
[  2.342s] [Workarounds] finished init_edit_mode_layout in 124.01ms
[  2.342s] [Workarounds] starting patch_ui_parent_panel_toggles
[  2.342s] [Workarounds] finished patch_ui_parent_panel_toggles in 191.91µs
[  2.342s] [Workarounds] starting patch_uiparent_onupdate_worklists
[  2.342s] [Workarounds] finished patch_uiparent_onupdate_worklists in 83.06µs
[  2.342s] [Workarounds] starting init_chat_type_colors
[  2.342s] [Workarounds] finished init_chat_type_colors in 99.19µs
[  2.342s] [Workarounds] starting patch_chat_voice_button_surface
[  2.342s] [Workarounds] finished patch_chat_voice_button_surface in 97.76µs
[  2.342s] [Workarounds] starting patch_item_socketing_tooltips
[  2.342s] [Workarounds] finished patch_item_socketing_tooltips in 53.80µs
[  2.342s] [Workarounds] starting patch_character_select_selected_name
[  2.342s] [Workarounds] finished patch_character_select_selected_name in 30.51µs
[  2.342s] [Workarounds] starting patch_character_create_defaults
[  2.342s] [Workarounds] finished patch_character_create_defaults in 184.04µs
[  2.342s] [Workarounds] starting patch_character_frame_title_refresh
[  2.347s] [Workarounds] finished patch_character_frame_title_refresh in 4.59ms
[  2.347s] [Workarounds] starting patch_vignette_pin_template
[  2.347s] [Workarounds] finished patch_vignette_pin_template in 93.98µs
[  2.347s] [Workarounds] starting patch_fog_of_war_pin_mixin
[  2.347s] [Workarounds] finished patch_fog_of_war_pin_mixin in 292.93µs
[  2.347s] [Workarounds] starting patch_map_exploration_pin_mixin
[  2.354s] [Workarounds] finished patch_map_exploration_pin_mixin in 7.04ms
[  2.354s] [Workarounds] starting patch_map_canvas_data_provider_attachment
[  2.354s] [Workarounds] finished patch_map_canvas_data_provider_attachment in 94.51µs
[  2.354s] [Workarounds] starting ensure_adventure_map_frame_surface
[  2.355s] [Workarounds] finished ensure_adventure_map_frame_surface in 565.76µs
[  2.355s] [Workarounds] starting patch_action_bar_button_event_fanout
[  2.355s] [Workarounds] finished patch_action_bar_button_event_fanout in 133.59µs
[  2.355s] [Workarounds] starting patch_paging_controls_page_text
[  2.355s] [Workarounds] finished patch_paging_controls_page_text in 50.85µs
[  2.355s] [Workarounds] starting patch_talent_edge_frame_level_sync
[  2.355s] [Workarounds] finished patch_talent_edge_frame_level_sync in 36.80µs
[  2.355s] [Workarounds] starting patch_catalog_shop_product_card_defaults
[  2.355s] [Workarounds] finished patch_catalog_shop_product_card_defaults in 75.02µs
[  2.355s] [Workarounds] starting patch_game_time_defaults
[  2.355s] [Workarounds] finished patch_game_time_defaults in 8.62µs
[  2.355s] [Workarounds] starting patch_tooltip_nineslice_surface
[  2.355s] [Workarounds] finished patch_tooltip_nineslice_surface in 58.23µs
[  2.355s] [Workarounds] starting patch_container_frame_token_tracker
[  2.355s] [Workarounds] finished patch_container_frame_token_tracker in 50.16µs
[  2.355s] [Workarounds] starting patch_achievement_display_set_achievements
[  2.355s] [Workarounds] finished patch_achievement_display_set_achievements in 10.53µs
[  2.355s] [Workarounds] starting patch_housing_dashboard_preload
[  2.356s] [Workarounds] finished patch_housing_dashboard_preload in 200.33µs
[  2.356s] [Workarounds] starting patch_lfg_lock_list
[  2.356s] [Workarounds] finished patch_lfg_lock_list in 49.95µs
[  2.356s] [Workarounds] starting patch_auction_house_browse_results_event
[  2.356s] [Workarounds] finished patch_auction_house_browse_results_event in 87.32µs
[  2.356s] [Workarounds] starting patch_auction_house_search_context_aliases
[  2.356s] [Workarounds] finished patch_auction_house_search_context_aliases in 46.61µs
[  2.356s] [Workarounds] starting patch_auth_challenge_frame_parent
[  2.356s] [Workarounds] finished patch_auth_challenge_frame_parent in 84.23µs
[  2.356s] [Workarounds] starting patch_settings_surface_defaults
[  2.356s] [Workarounds] finished patch_settings_surface_defaults in 431.92µs
[  2.356s] [Workarounds] starting patch_settings_canvas_layout_visibility
[  2.357s] [Workarounds] finished patch_settings_canvas_layout_visibility in 144.47µs
[  2.357s] [Startup] apply_post_load_workarounds: workarounds complete
[  2.419s] [Startup] apply_post_load_workarounds: globals restored
[  2.419s] [Startup] apply_post_load_workarounds: patch 12.1 compatibility restored
[  2.419s] [Startup] apply_post_load_workarounds: seterrorhandler restored
[  2.550s] [Startup] begin login sequence
[  2.550s] [Startup] Firing ADDON_LOADED
[  2.550s] [Startup] Firing VARIABLES_LOADED
[  2.636s] [Startup] Firing DISPLAY_SIZE_CHANGED
[  2.674s] [Startup] Firing UI_SCALE_CHANGED
[  2.675s] [Startup] Firing PLAYER_LOGIN
[  2.675s] [Startup] end login sequence in 125.23ms
[  2.675s] [Startup] begin world enter sequence
[  2.675s] [Startup] Skipping EDIT_MODE_LAYOUTS_UPDATED
[  2.675s] [Startup] Firing TIME_PLAYED_MSG via RequestTimePlayed
[  2.675s] [Startup] Firing PLAYER_ENTERING_WORLD
[  2.875s] [EditMode] starting setup_layout_info
[  2.878s] [EditMode] finished setup_layout_info in 3.26ms
[  2.878s] [EditMode] starting apply_system_anchors
[  2.999s] [EditMode] finished apply_system_anchors in 120.48ms
[  2.999s] [EditMode] starting finalize_action_bar_positions
[  3.001s] [EditMode] finished finalize_action_bar_positions in 2.24ms
[  3.001s] [EditMode] starting invoke_anchor_changed_hooks
[  3.006s] [EditMode] finished invoke_anchor_changed_hooks in 5.16ms
[  3.006s] [EditMode] starting fix_action_bar_nan_size
[  3.006s] [EditMode] finished fix_action_bar_nan_size in 65.10µs
[  3.006s] [EditMode] starting fix_action_bar_scale
[  3.006s] [EditMode] finished fix_action_bar_scale in 4.18µs
[  3.006s] [EditMode] starting reapply_player_frame_anchor
[  3.008s] [EditMode] finished reapply_player_frame_anchor in 1.54ms
[  3.015s] [Startup] end world enter sequence in 340.47ms
[  3.015s] [Startup] begin post-login events
[  3.016s] [Startup] Firing UNIT_AURA
[  3.017s] [Startup] Firing PET_UI_UPDATE
[  3.018s] [Startup] Firing BAG_UPDATE_DELAYED
[  3.020s] [Startup] Firing QUEST_LOG_UPDATE
[  3.021s] [Startup] Firing GROUP_ROSTER_UPDATE
[  3.097s] [Startup] Firing ACTIONBAR_UPDATE_STATE
[  3.097s] [Startup] Firing ACTIONBAR_UPDATE_COOLDOWN
[  3.098s] [Startup] Firing UPDATE_BONUS_ACTIONBAR
[  3.108s] [Startup] Firing PLAYER_CAN_GLIDE_CHANGED
[  3.108s] [Startup] Firing PLAYER_IS_GLIDING_CHANGED
[  3.108s] [Startup] Firing UPDATE_BINDINGS
[  3.110s] [Startup] Firing UPDATE_CHAT_WINDOWS
[  3.113s] [Startup] Firing LFG_UPDATE_RANDOM_INFO
[  3.114s] [Startup] end post-login events in 98.34ms
[  3.114s] [Startup] begin close startup special windows
[  3.114s] [Startup] end close startup special windows in 251.91µs
[  3.114s] [Startup] begin FIRST_FRAME_RENDERED
[  3.114s] [Startup] Firing FIRST_FRAME_RENDERED
[  3.114s] [Startup] end FIRST_FRAME_RENDERED in 162.64µs
[  3.114s] [Startup] begin unblock hidden splash alerts
[  3.114s] [Startup] end unblock hidden splash alerts in 13.83µs
[  3.114s] [Startup] begin post-event workarounds
[  3.114s] [Startup] end post-event workarounds in 701.00ns
