
running 1 test
test pet_stats::get_pet_happiness_absent_after_4_1_0 ... ok

test result: ok. 1 passed; 0 failed; 0 ignored; 0 measured; 10685 filtered out; finished in 0.13s

warning: iced-wgpu-patched/Cargo.toml: `lints.clippy.large-enum-variant` is deprecated in favor of `lints.clippy.large_enum_variant` and will not work in a future edition
warning: iced-wgpu-patched/Cargo.toml: `lints.clippy.map-entry` is deprecated in favor of `lints.clippy.map_entry` and will not work in a future edition
warning: iced-wgpu-patched/Cargo.toml: `lints.clippy.match-wildcard-for-single-variants` is deprecated in favor of `lints.clippy.match_wildcard_for_single_variants` and will not work in a future edition
warning: iced-wgpu-patched/Cargo.toml: `lints.clippy.redundant-closure-for-method-calls` is deprecated in favor of `lints.clippy.redundant_closure_for_method_calls` and will not work in a future edition
warning: iced-wgpu-patched/Cargo.toml: `lints.clippy.trivially-copy-pass-by-ref` is deprecated in favor of `lints.clippy.trivially_copy_pass_by_ref` and will not work in a future edition
warning: iced-wgpu-patched/Cargo.toml: `lints.clippy.type-complexity` is deprecated in favor of `lints.clippy.type_complexity` and will not work in a future edition
warning: `iced_wgpu` (manifest) generated 6 warnings
   Compiling wow-ui-sim v0.1.0 (/home/osso/.worktrees/wow-ui-sim-p410-source)
    Finished `test` profile [optimized + debuginfo] target(s) in 1m 04s
     Running tests/integration.rs (target/debug/deps/integration-1db16289b0998b2a)
[  0.000s] [Startup] WowLuaEnv::new begin
[  0.002s] [Startup] SimState::default complete in 1.82ms
[  0.002s] [Startup] rilua VM created in 104.35µs
[  0.002s] [Startup] builtin frames initialized in 69.76µs
[  0.002s] [Startup] template registry cleared in 5.98µs
[  0.002s] [Startup] intrinsic templates registered in 7.44µs
[  0.002s] [Startup] initial app_data lua handle installed in 381.00ns
[  0.129s] [Startup] init_lua_state complete in 127.18ms
[  0.129s] [Startup] final app_data lua handle installed in 581.00ns
[  0.129s] [Startup] initial screen globals installed in 81.39µs
[  0.129s] [Startup] WowLuaEnv::new complete
