
running 1 test
test pet_stats::get_pet_happiness_absent_after_4_1_0 ... FAILED

failures:

failures:
    pet_stats::get_pet_happiness_absent_after_4_1_0

test result: FAILED. 0 passed; 1 failed; 0 ignored; 0 measured; 10685 filtered out; finished in 0.15s

warning: iced-wgpu-patched/Cargo.toml: `lints.clippy.large-enum-variant` is deprecated in favor of `lints.clippy.large_enum_variant` and will not work in a future edition
warning: iced-wgpu-patched/Cargo.toml: `lints.clippy.map-entry` is deprecated in favor of `lints.clippy.map_entry` and will not work in a future edition
warning: iced-wgpu-patched/Cargo.toml: `lints.clippy.match-wildcard-for-single-variants` is deprecated in favor of `lints.clippy.match_wildcard_for_single_variants` and will not work in a future edition
warning: iced-wgpu-patched/Cargo.toml: `lints.clippy.redundant-closure-for-method-calls` is deprecated in favor of `lints.clippy.redundant_closure_for_method_calls` and will not work in a future edition
warning: iced-wgpu-patched/Cargo.toml: `lints.clippy.trivially-copy-pass-by-ref` is deprecated in favor of `lints.clippy.trivially_copy_pass_by_ref` and will not work in a future edition
warning: iced-wgpu-patched/Cargo.toml: `lints.clippy.type-complexity` is deprecated in favor of `lints.clippy.type_complexity` and will not work in a future edition
warning: `iced_wgpu` (manifest) generated 6 warnings
   Compiling wow-ui-sim v0.1.0 (/home/osso/.worktrees/wow-ui-sim-p410-source)
    Finished `test` profile [optimized + debuginfo] target(s) in 1m 32s
     Running tests/integration.rs (target/debug/deps/integration-1db16289b0998b2a)
[  0.000s] [Startup] WowLuaEnv::new begin
[  0.003s] [Startup] SimState::default complete in 2.76ms
[  0.003s] [Startup] rilua VM created in 172.03µs
[  0.003s] [Startup] builtin frames initialized in 68.26µs
[  0.003s] [Startup] template registry cleared in 5.37µs
[  0.003s] [Startup] intrinsic templates registered in 9.53µs
[  0.003s] [Startup] initial app_data lua handle installed in 531.00ns
[  0.145s] [Startup] init_lua_state complete in 142.04ms
[  0.145s] [Startup] final app_data lua handle installed in 391.00ns
[  0.145s] [Startup] initial screen globals installed in 86.86µs
[  0.145s] [Startup] WowLuaEnv::new complete

thread 'pet_stats::get_pet_happiness_absent_after_4_1_0' (1100238) panicked at /home/osso/.worktrees/wow-ui-sim-p410-source/tests/pet_stats.rs:47:5:
assertion failed: absent
note: run with `RUST_BACKTRACE=1` environment variable to display a backtrace
error: test failed, to rerun pass `--test integration`
