running 1 tests
test patch_3_3_0_publication_sweep::patch_3_3_0_publication_sweep ... ok

test result: ok. 1 passed; 0 failed; 1 total
warning: iced-wgpu-patched/Cargo.toml: `lints.clippy.large-enum-variant` is deprecated in favor of `lints.clippy.large_enum_variant` and will not work in a future edition
warning: iced-wgpu-patched/Cargo.toml: `lints.clippy.map-entry` is deprecated in favor of `lints.clippy.map_entry` and will not work in a future edition
warning: iced-wgpu-patched/Cargo.toml: `lints.clippy.match-wildcard-for-single-variants` is deprecated in favor of `lints.clippy.match_wildcard_for_single_variants` and will not work in a future edition
warning: iced-wgpu-patched/Cargo.toml: `lints.clippy.redundant-closure-for-method-calls` is deprecated in favor of `lints.clippy.redundant_closure_for_method_calls` and will not work in a future edition
warning: iced-wgpu-patched/Cargo.toml: `lints.clippy.trivially-copy-pass-by-ref` is deprecated in favor of `lints.clippy.trivially_copy_pass_by_ref` and will not work in a future edition
warning: iced-wgpu-patched/Cargo.toml: `lints.clippy.type-complexity` is deprecated in favor of `lints.clippy.type_complexity` and will not work in a future edition
warning: `iced_wgpu` (manifest) generated 6 warnings
   Compiling wow-ui-sim v0.1.0 (/home/osso/.worktrees/wow-ui-sim-p330-source)
    Finished `test` profile [optimized + debuginfo] target(s) in 21.26s
     Running tests/prefork_full_ui.rs (target/debug/deps/prefork_full_ui-21dd5c807fe7a7b6)
[  0.000s] [Startup] WowLuaEnv::new begin
[  0.003s] [Startup] SimState::default complete in 2.59ms
[  0.003s] [Startup] rilua VM created in 125.56µs
[  0.003s] [Startup] builtin frames initialized in 125.09µs
[  0.003s] [Startup] template registry cleared in 9.17µs
[  0.003s] [Startup] intrinsic templates registered in 8.32µs
[  0.003s] [Startup] initial app_data lua handle installed in 4.12µs
[  0.188s] [Startup] init_lua_state complete in 185.06ms
[  0.188s] [Startup] final app_data lua handle installed in 691.00ns
[  0.188s] [Startup] initial screen globals installed in 152.98µs
[  0.188s] [Startup] WowLuaEnv::new complete
[  2.536s] [Startup] apply_post_load_workarounds: begin
[  2.536s] [Workarounds] starting patch_edit_mode_manager
[  2.537s] [Workarounds] finished patch_edit_mode_manager in 282.62µs
[  2.537s] [Workarounds] starting init_edit_mode_layout
[  2.537s] [EditMode] starting setup_layout_info
[  2.540s] [EditMode] finished setup_layout_info in 3.00ms
[  2.540s] [EditMode] starting apply_system_anchors
[  2.671s] [EditMode] finished apply_system_anchors in 130.78ms
[  2.671s] [EditMode] starting finalize_action_bar_positions
[  2.672s] [EditMode] finished finalize_action_bar_positions in 1.73ms
[  2.672s] [EditMode] starting invoke_anchor_changed_hooks
[  2.673s] [EditMode] finished invoke_anchor_changed_hooks in 388.49µs
[  2.673s] [EditMode] starting fix_action_bar_nan_size
[  2.673s] [EditMode] finished fix_action_bar_nan_size in 35.72µs
[  2.673s] [EditMode] starting fix_action_bar_scale
[  2.673s] [EditMode] finished fix_action_bar_scale in 4.04µs
[  2.673s] [Workarounds] finished init_edit_mode_layout in 135.97ms
[  2.673s] [Workarounds] starting patch_ui_parent_panel_toggles
[  2.673s] [Workarounds] finished patch_ui_parent_panel_toggles in 201.39µs
[  2.673s] [Workarounds] starting patch_uiparent_onupdate_worklists
[  2.673s] [Workarounds] finished patch_uiparent_onupdate_worklists in 84.38µs
[  2.673s] [Workarounds] starting init_chat_type_colors
[  2.673s] [Workarounds] finished init_chat_type_colors in 105.12µs
[  2.673s] [Workarounds] starting patch_chat_voice_button_surface
[  2.673s] [Workarounds] finished patch_chat_voice_button_surface in 103.25µs
[  2.673s] [Workarounds] starting patch_item_socketing_tooltips
[  2.673s] [Workarounds] finished patch_item_socketing_tooltips in 49.85µs
[  2.673s] [Workarounds] starting patch_character_select_selected_name
[  2.673s] [Workarounds] finished patch_character_select_selected_name in 28.23µs
[  2.673s] [Workarounds] starting patch_character_create_defaults
[  2.674s] [Workarounds] finished patch_character_create_defaults in 192.74µs
[  2.674s] [Workarounds] starting patch_character_frame_title_refresh
[  2.679s] [Workarounds] finished patch_character_frame_title_refresh in 5.15ms
[  2.679s] [Workarounds] starting patch_vignette_pin_template
[  2.679s] [Workarounds] finished patch_vignette_pin_template in 85.76µs
[  2.679s] [Workarounds] starting patch_fog_of_war_pin_mixin
[  2.679s] [Workarounds] finished patch_fog_of_war_pin_mixin in 248.14µs
[  2.679s] [Workarounds] starting patch_map_exploration_pin_mixin
[  2.684s] [Workarounds] finished patch_map_exploration_pin_mixin in 4.97ms
[  2.684s] [Workarounds] starting patch_map_canvas_data_provider_attachment
[  2.684s] [Workarounds] finished patch_map_canvas_data_provider_attachment in 60.81µs
[  2.684s] [Workarounds] starting ensure_adventure_map_frame_surface
[  2.684s] [Workarounds] finished ensure_adventure_map_frame_surface in 429.71µs
[  2.684s] [Workarounds] starting patch_action_bar_button_event_fanout
[  2.685s] [Workarounds] finished patch_action_bar_button_event_fanout in 92.28µs
[  2.685s] [Workarounds] starting patch_paging_controls_page_text
[  2.685s] [Workarounds] finished patch_paging_controls_page_text in 35.16µs
[  2.685s] [Workarounds] starting patch_talent_edge_frame_level_sync
[  2.685s] [Workarounds] finished patch_talent_edge_frame_level_sync in 27.30µs
[  2.685s] [Workarounds] starting patch_catalog_shop_product_card_defaults
[  2.685s] [Workarounds] finished patch_catalog_shop_product_card_defaults in 59.29µs
[  2.685s] [Workarounds] starting patch_game_time_defaults
[  2.685s] [Workarounds] finished patch_game_time_defaults in 6.70µs
[  2.685s] [Workarounds] starting patch_tooltip_nineslice_surface
[  2.685s] [Workarounds] finished patch_tooltip_nineslice_surface in 38.58µs
[  2.685s] [Workarounds] starting patch_container_frame_token_tracker
[  2.685s] [Workarounds] finished patch_container_frame_token_tracker in 37.27µs
[  2.685s] [Workarounds] starting patch_achievement_display_set_achievements
[  2.685s] [Workarounds] finished patch_achievement_display_set_achievements in 7.11µs
[  2.685s] [Workarounds] starting patch_housing_dashboard_preload
[  2.685s] [Workarounds] finished patch_housing_dashboard_preload in 150.57µs
[  2.685s] [Workarounds] starting patch_lfg_lock_list
[  2.685s] [Workarounds] finished patch_lfg_lock_list in 33.15µs
[  2.685s] [Workarounds] starting patch_auction_house_browse_results_event
[  2.685s] [Workarounds] finished patch_auction_house_browse_results_event in 59.44µs
[  2.685s] [Workarounds] starting patch_auction_house_search_context_aliases
[  2.685s] [Workarounds] finished patch_auction_house_search_context_aliases in 26.56µs
[  2.685s] [Workarounds] starting patch_auth_challenge_frame_parent
[  2.685s] [Workarounds] finished patch_auth_challenge_frame_parent in 64.60µs
[  2.685s] [Workarounds] starting patch_settings_surface_defaults
[  2.685s] [Workarounds] finished patch_settings_surface_defaults in 309.68µs
[  2.685s] [Workarounds] starting patch_settings_canvas_layout_visibility
[  2.686s] [Workarounds] finished patch_settings_canvas_layout_visibility in 98.44µs
[  2.686s] [Startup] apply_post_load_workarounds: workarounds complete
[  2.748s] [Startup] apply_post_load_workarounds: globals restored
[  2.749s] [Startup] apply_post_load_workarounds: patch 12.1 compatibility restored
[  2.749s] [Startup] apply_post_load_workarounds: seterrorhandler restored
[  2.887s] [Startup] begin login sequence
[  2.887s] [Startup] Firing ADDON_LOADED
[  2.887s] [Startup] Firing VARIABLES_LOADED
[  2.982s] [Startup] Firing DISPLAY_SIZE_CHANGED
[  3.029s] [Startup] Firing UI_SCALE_CHANGED
[  3.030s] [Startup] Firing PLAYER_LOGIN
[  3.030s] [Startup] end login sequence in 142.87ms
[  3.030s] [Startup] begin world enter sequence
[  3.030s] [Startup] Skipping EDIT_MODE_LAYOUTS_UPDATED
[  3.030s] [Startup] Firing TIME_PLAYED_MSG via RequestTimePlayed
[  3.030s] [Startup] Firing PLAYER_ENTERING_WORLD
[  3.247s] [EditMode] starting setup_layout_info
[  3.251s] [EditMode] finished setup_layout_info in 3.72ms
[  3.251s] [EditMode] starting apply_system_anchors
[  3.381s] [EditMode] finished apply_system_anchors in 130.26ms
[  3.381s] [EditMode] starting finalize_action_bar_positions
[  3.384s] [EditMode] finished finalize_action_bar_positions in 2.74ms
[  3.384s] [EditMode] starting invoke_anchor_changed_hooks
[  3.390s] [EditMode] finished invoke_anchor_changed_hooks in 5.90ms
[  3.390s] [EditMode] starting fix_action_bar_nan_size
[  3.390s] [EditMode] finished fix_action_bar_nan_size in 68.82µs
[  3.390s] [EditMode] starting fix_action_bar_scale
[  3.390s] [EditMode] finished fix_action_bar_scale in 4.19µs
[  3.390s] [EditMode] starting reapply_player_frame_anchor
[  3.391s] [EditMode] finished reapply_player_frame_anchor in 1.40ms
[  3.399s] [Startup] end world enter sequence in 369.38ms
[  3.399s] [Startup] begin post-login events
[  3.400s] [Startup] Firing UNIT_AURA
[  3.401s] [Startup] Firing PET_UI_UPDATE
[  3.403s] [Startup] Firing BAG_UPDATE_DELAYED
[  3.404s] [Startup] Firing QUEST_LOG_UPDATE
[  3.405s] [Startup] Firing GROUP_ROSTER_UPDATE
[  3.491s] [Startup] Firing ACTIONBAR_UPDATE_STATE
[  3.491s] [Startup] Firing ACTIONBAR_UPDATE_COOLDOWN
[  3.492s] [Startup] Firing UPDATE_BONUS_ACTIONBAR
[  3.504s] [Startup] Firing PLAYER_CAN_GLIDE_CHANGED
[  3.504s] [Startup] Firing PLAYER_IS_GLIDING_CHANGED
[  3.504s] [Startup] Firing UPDATE_BINDINGS
[  3.507s] [Startup] Firing UPDATE_CHAT_WINDOWS
[  3.510s] [Startup] Firing LFG_UPDATE_RANDOM_INFO
[  3.510s] [Startup] end post-login events in 111.08ms
[  3.510s] [Startup] begin close startup special windows
[  3.511s] [Startup] end close startup special windows in 258.74µs
[  3.511s] [Startup] begin FIRST_FRAME_RENDERED
[  3.511s] [Startup] Firing FIRST_FRAME_RENDERED
[  3.511s] [Startup] end FIRST_FRAME_RENDERED in 164.74µs
[  3.511s] [Startup] begin unblock hidden splash alerts
[  3.511s] [Startup] end unblock hidden splash alerts in 13.06µs
[  3.511s] [Startup] begin post-event workarounds
[  3.511s] [Startup] end post-event workarounds in 561.00ns
