FE
======================================================================
ERROR: test_summary_extraction_keeps_inline_xml_and_attribution (test_patch_3_3_0_source.SourceTests.test_summary_extraction_keeps_inline_xml_and_attribution)
----------------------------------------------------------------------
Traceback (most recent call last):
  File "/home/osso/.worktrees/wow-ui-sim-p330-source/tools/test_patch_3_3_0_source.py", line 43, in test_summary_extraction_keeps_inline_xml_and_attribution
    text = extract_text(raw, wrath_summary_markup=True)
TypeError: extract_text() got an unexpected keyword argument 'wrath_summary_markup'

======================================================================
FAIL: test_literal_inventory_is_opt_in (test_patch_3_3_0_source.SourceTests.test_literal_inventory_is_opt_in)
----------------------------------------------------------------------
Traceback (most recent call last):
  File "/home/osso/.worktrees/wow-ui-sim-p330-source/tools/test_patch_3_3_0_source.py", line 25, in test_literal_inventory_is_opt_in
    self.assertEqual(result.returncode, 0, result.stderr)
    ~~~~~~~~~~~~~~~~^^^^^^^^^^^^^^^^^^^^^^^^^^^^^^^^^^^^^
AssertionError: 2 != 0 : usage: gen_patch_wikitext_register.py [-h] [--inventory-only]
                                      [--expand-shared-changes]
                                      [--separate-inline-structures]
                                      [--capture-span-defaults]
                                      [--skip-plain-scripts-label]
                                      [--simple-api-list]
                                      [--legacy-column-headers]
                                      [--diff-api-additions]
                                      [--legacy-inventory-labels]
                                      [--legacy-api-tables]
                                      [--cataclysm-change-bullets]
                                      [--legacy-api-bullets]
                                      [--legacy-api-renames] [--bfa-prepatch]
                                      [--prose-api-links]
                                      [--legacy-summary-tables]
                                      [--top-level-api-bullets]
                                      [--legacy-widget-summaries]
                                      [--prose-namespace-migrations]
                                      [--legacy-widget-cvar-bullets]
                                      [--legion-prepatch]
                                      [--indented-api-lists]
                                      [--colon-api-bullets]
                                      [--warlords-prepatch]
                                      [--warlords-diff WARLORDS_DIFF]
                                      [--combat-restriction-bullets]
                                      [--client-line {retail,mists-classic,classic-era}]
                                      [--mists-automated-diff]
                                      [--mists-prepatch] [--mists-summary]
                                      [--mists-diff MISTS_DIFF]
                                      [--mists-widget-handlers]
                                      [--mists-bare-widget-handlers]
                                      [--mists-code-removals]
                                      patch path revid out
gen_patch_wikitext_register.py: error: unrecognized arguments: --wrath-retail-summary


----------------------------------------------------------------------
Ran 2 tests in 0.066s

FAILED (failures=1, errors=1)
