[  0.000s] [startup] wow-sim process started pid=389851
[  0.000s] Resource limits: 2 CPU core(s)
[  0.060s] [Startup] WowLuaEnv::new begin
[  0.087s] [Startup] SimState::default complete in 23.14ms
[  0.087s] [Startup] rilua VM created in 473.41µs
[  0.088s] [Startup] builtin frames initialized in 498.40µs
[  0.088s] [Startup] template registry cleared in 30.99µs
[  0.088s] [Startup] intrinsic templates registered in 22.65µs
[  0.088s] [Startup] initial app_data lua handle installed in 9.12µs
[  0.585s] [Startup] init_lua_state complete in 496.93ms
[  0.585s] [Startup] final app_data lua handle installed in 771.00ns
[  0.585s] [Startup] initial screen globals installed in 332.63µs
[  0.585s] [Startup] WowLuaEnv::new complete
[  0.585s] [Startup] screen size set to 1600x1200 in 128.56µs
[  0.585s] [Startup] WowFontSystem::new begin casc=false
[  1.802s] [Startup] font system fallback loaded in 1.22s
[  1.803s] [Startup] cosmic font system built in 95.01µs
[  1.803s] [Startup] swash cache created in 12.82µs
[  1.803s] [Startup] WowFontSystem::new complete in 1.22s
[  1.803s] [Startup] font system created in 1.22s
[  1.841s] Sound initialized
[  1.841s] [Startup] begin stop GC
[  1.841s] [Startup] end stop GC in 561.00ns
[  1.841s] [Startup] begin configure saved variables
[  1.841s] SavedVariables loading disabled
[  1.841s] [Startup] end configure saved variables in 4.04µs
[  1.841s] [Startup] begin load keybindings
[  1.841s] [Startup] end load keybindings in 321.00ns
[  1.841s] [Startup] begin configure edit mode cache
[  1.841s] EditMode cache source (read-only): 50868465#2 @ Burning Blade/Haky
[  1.841s] [Startup] end configure edit mode cache in 115.00µs
[  1.841s] [Startup] begin read ServerSnapshot edit mode layout
[  1.841s] [Startup] end read ServerSnapshot edit mode layout in 120.00ns
[  1.841s] [Startup] begin load edit mode cache
[  1.855s] Loaded EditMode layout cache from WTF
[  1.855s] [Startup] end load edit mode cache in 13.53ms
[  1.855s] [Startup] begin load ServerSnapshot character state
[  1.855s] [Startup] end load ServerSnapshot character state in 431.00ns
[  1.855s] [Startup] begin load Blizzard addons
[  1.877s] Loading 291 Blizzard addons...
[ 17.675s] Blizzard addons loaded in 15.82s (io=25.52ms xml=957.24ms xmlproc=10.67s frames⊂xmlproc=10.59s lua=2.83s [compile=2.41s call=422.97ms] gc=deferred, bytecode cache: 234/1569 hits (15%, lookup_miss=1335 replay_fail=0 stored=1335 store_fail=0))
  frame breakdown: setup=5.66s finalize=12.98s (2482 frames)
  setup: code_build=41.27ms exec_lua=5.59s props=65.50ms
  finalize: layers=465.37ms (1151 tex, 689 fs) anim=79.61ms button=225.84ms lifecycle=3.92s (1761 fires)
[ 17.675s] [Startup] end load Blizzard addons in 15.82s
[ 17.675s] [Startup] begin prepare chat frame for third-party addons
[ 17.677s] [Startup] end prepare chat frame for third-party addons in 2.01ms
[ 17.677s] [Startup] begin apply post-Blizzard load workarounds
[ 17.677s] [Startup] applying post-load workarounds
[ 17.613s] [Startup] apply_post_load_workarounds: begin
[ 17.613s] [Workarounds] starting patch_edit_mode_manager
[ 17.614s] [Workarounds] finished patch_edit_mode_manager in 1.05ms
[ 17.614s] [Workarounds] starting init_edit_mode_layout
[ 17.614s] [EditMode] starting setup_layout_info
[ 17.720s] [EditMode] finished setup_layout_info in 106.17ms
[ 17.720s] [EditMode] starting apply_system_anchors
[ 18.592s] [EditMode] finished apply_system_anchors in 871.48ms
[ 18.592s] [EditMode] starting finalize_action_bar_positions
[ 18.595s] [EditMode] finished finalize_action_bar_positions in 3.16ms
[ 18.595s] [EditMode] starting invoke_anchor_changed_hooks
[ 18.596s] [EditMode] finished invoke_anchor_changed_hooks in 1.18ms
[ 18.596s] [EditMode] starting fix_action_bar_nan_size
[ 18.597s] [EditMode] finished fix_action_bar_nan_size in 256.88µs
[ 18.597s] [EditMode] starting fix_action_bar_scale
[ 18.597s] [EditMode] finished fix_action_bar_scale in 18.86µs
[ 18.597s] [Workarounds] finished init_edit_mode_layout in 982.38ms
[ 18.597s] [Workarounds] starting patch_ui_parent_panel_toggles
[ 18.597s] [Workarounds] finished patch_ui_parent_panel_toggles in 767.20µs
[ 18.597s] [Workarounds] starting patch_uiparent_onupdate_worklists
[ 18.598s] [Workarounds] finished patch_uiparent_onupdate_worklists in 306.26µs
[ 18.598s] [Workarounds] starting init_chat_type_colors
[ 18.598s] [Workarounds] finished init_chat_type_colors in 318.33µs
[ 18.598s] [Workarounds] starting patch_chat_voice_button_surface
[ 18.598s] [Workarounds] finished patch_chat_voice_button_surface in 400.69µs
[ 18.598s] [Workarounds] starting patch_item_socketing_tooltips
[ 18.599s] [Workarounds] finished patch_item_socketing_tooltips in 175.63µs
[ 18.599s] [Workarounds] starting patch_character_select_selected_name
[ 18.599s] [Workarounds] finished patch_character_select_selected_name in 130.68µs
[ 18.599s] [Workarounds] starting patch_character_create_defaults
[ 18.600s] [Workarounds] finished patch_character_create_defaults in 809.53µs
[ 18.600s] [Workarounds] starting patch_character_frame_title_refresh
[ 18.618s] [Workarounds] finished patch_character_frame_title_refresh in 18.60ms
[ 18.618s] [Workarounds] starting patch_vignette_pin_template
[ 18.619s] [Workarounds] finished patch_vignette_pin_template in 319.62µs
[ 18.619s] [Workarounds] starting patch_fog_of_war_pin_mixin
[ 18.619s] [Workarounds] finished patch_fog_of_war_pin_mixin in 774.30µs
[ 18.619s] [Workarounds] starting patch_map_exploration_pin_mixin
[ 18.672s] [Workarounds] finished patch_map_exploration_pin_mixin in 52.20ms
[ 18.672s] [Workarounds] starting patch_map_canvas_data_provider_attachment
[ 18.672s] [Workarounds] finished patch_map_canvas_data_provider_attachment in 373.45µs
[ 18.672s] [Workarounds] starting ensure_adventure_map_frame_surface
[ 18.674s] [Workarounds] finished ensure_adventure_map_frame_surface in 1.78ms
[ 18.674s] [Workarounds] starting patch_action_bar_button_event_fanout
[ 18.674s] [Workarounds] finished patch_action_bar_button_event_fanout in 425.43µs
[ 18.674s] [Workarounds] starting patch_paging_controls_page_text
[ 18.674s] [Workarounds] finished patch_paging_controls_page_text in 141.66µs
[ 18.674s] [Workarounds] starting patch_talent_edge_frame_level_sync
[ 18.674s] [Workarounds] finished patch_talent_edge_frame_level_sync in 131.38µs
[ 18.675s] [Workarounds] starting patch_catalog_shop_product_card_defaults
[ 18.675s] [Workarounds] finished patch_catalog_shop_product_card_defaults in 231.12µs
[ 18.675s] [Workarounds] starting patch_game_time_defaults
[ 18.675s] [Workarounds] finished patch_game_time_defaults in 26.91µs
[ 18.675s] [Workarounds] starting patch_tooltip_nineslice_surface
[ 18.675s] [Workarounds] finished patch_tooltip_nineslice_surface in 196.74µs
[ 18.675s] [Workarounds] starting patch_container_frame_token_tracker
[ 18.675s] [Workarounds] finished patch_container_frame_token_tracker in 133.70µs
[ 18.675s] [Workarounds] starting patch_achievement_display_set_achievements
[ 18.675s] [Workarounds] finished patch_achievement_display_set_achievements in 25.59µs
[ 18.675s] [Workarounds] starting patch_housing_dashboard_preload
[ 18.676s] [Workarounds] finished patch_housing_dashboard_preload in 685.82µs
[ 18.676s] [Workarounds] starting patch_lfg_lock_list
[ 18.676s] [Workarounds] finished patch_lfg_lock_list in 151.73µs
[ 18.676s] [Workarounds] starting patch_auction_house_browse_results_event
[ 18.676s] [Workarounds] finished patch_auction_house_browse_results_event in 265.39µs
[ 18.676s] [Workarounds] starting patch_auction_house_search_context_aliases
[ 18.676s] [Workarounds] finished patch_auction_house_search_context_aliases in 105.98µs
[ 18.676s] [Workarounds] starting patch_auth_challenge_frame_parent
[ 18.677s] [Workarounds] finished patch_auth_challenge_frame_parent in 261.71µs
[ 18.677s] [Workarounds] starting patch_settings_surface_defaults
[ 18.678s] [Workarounds] finished patch_settings_surface_defaults in 1.40ms
[ 18.678s] [Workarounds] starting patch_settings_canvas_layout_visibility
[ 18.679s] [Workarounds] finished patch_settings_canvas_layout_visibility in 483.26µs
[ 18.679s] [Startup] apply_post_load_workarounds: workarounds complete
[ 18.985s] [Startup] apply_post_load_workarounds: globals restored
[ 18.986s] [Startup] apply_post_load_workarounds: patch 12.1 compatibility restored
[ 18.986s] [Startup] apply_post_load_workarounds: seterrorhandler restored
[ 19.050s] [Startup] post-load workarounds complete in 1.37s
[ 19.050s] [Startup] end apply post-Blizzard load workarounds in 1.37s
[ 19.050s] [Startup] begin load third-party addons
[ 19.050s] Addon loading disabled
[ 19.050s] [Startup] end load third-party addons in 3.59µs
[ 19.050s] [Startup] begin sync addon names to Lua
[ 19.051s] [Startup] end sync addon names to Lua in 1.02ms
[ 19.051s] [Startup] applying post-load workarounds
[ 18.987s] [Startup] apply_post_load_workarounds: begin
[ 18.987s] [Workarounds] starting patch_edit_mode_manager
[ 18.989s] [Workarounds] finished patch_edit_mode_manager in 1.24ms
[ 18.989s] [Workarounds] starting init_edit_mode_layout
[ 18.989s] [EditMode] starting setup_layout_info
[ 19.077s] [EditMode] finished setup_layout_info in 88.46ms
[ 19.077s] [EditMode] starting apply_system_anchors
[ 19.668s] [EditMode] finished apply_system_anchors in 591.22ms
[ 19.668s] [EditMode] starting finalize_action_bar_positions
[ 19.676s] [EditMode] finished finalize_action_bar_positions in 7.56ms
[ 19.676s] [EditMode] starting invoke_anchor_changed_hooks
[ 19.687s] [EditMode] finished invoke_anchor_changed_hooks in 11.01ms
[ 19.687s] [EditMode] starting fix_action_bar_nan_size
[ 19.687s] [EditMode] finished fix_action_bar_nan_size in 297.07µs
[ 19.687s] [EditMode] starting fix_action_bar_scale
[ 19.687s] [EditMode] finished fix_action_bar_scale in 27.75µs
[ 19.687s] [Workarounds] finished init_edit_mode_layout in 698.74ms
[ 19.687s] [Workarounds] starting patch_ui_parent_panel_toggles
[ 19.688s] [Workarounds] finished patch_ui_parent_panel_toggles in 650.08µs
[ 19.688s] [Workarounds] starting patch_uiparent_onupdate_worklists
[ 19.688s] [Workarounds] finished patch_uiparent_onupdate_worklists in 361.76µs
[ 19.688s] [Workarounds] starting init_chat_type_colors
[ 19.689s] [Workarounds] finished init_chat_type_colors in 313.96µs
[ 19.689s] [Workarounds] starting patch_chat_voice_button_surface
[ 19.689s] [Workarounds] finished patch_chat_voice_button_surface in 637.68µs
[ 19.689s] [Workarounds] starting patch_item_socketing_tooltips
[ 19.690s] [Workarounds] finished patch_item_socketing_tooltips in 200.20µs
[ 19.690s] [Workarounds] starting patch_character_select_selected_name
[ 19.690s] [Workarounds] finished patch_character_select_selected_name in 102.66µs
[ 19.690s] [Workarounds] starting patch_character_create_defaults
[ 19.690s] [Workarounds] finished patch_character_create_defaults in 646.90µs
[ 19.690s] [Workarounds] starting patch_character_frame_title_refresh
[ 19.719s] [Workarounds] finished patch_character_frame_title_refresh in 29.12ms
[ 19.720s] [Workarounds] starting patch_vignette_pin_template
[ 19.720s] [Workarounds] finished patch_vignette_pin_template in 482.42µs
[ 19.720s] [Workarounds] starting patch_fog_of_war_pin_mixin
[ 19.721s] [Workarounds] finished patch_fog_of_war_pin_mixin in 1.00ms
[ 19.721s] [Workarounds] starting patch_map_exploration_pin_mixin
[ 19.723s] [Workarounds] finished patch_map_exploration_pin_mixin in 1.41ms
[ 19.723s] [Workarounds] starting patch_map_canvas_data_provider_attachment
[ 19.723s] [Workarounds] finished patch_map_canvas_data_provider_attachment in 210.99µs
[ 19.723s] [Workarounds] starting ensure_adventure_map_frame_surface
[ 19.723s] [Workarounds] finished ensure_adventure_map_frame_surface in 471.78µs
[ 19.723s] [Workarounds] starting patch_action_bar_button_event_fanout
[ 19.724s] [Workarounds] finished patch_action_bar_button_event_fanout in 346.74µs
[ 19.724s] [Workarounds] starting patch_paging_controls_page_text
[ 19.724s] [Workarounds] finished patch_paging_controls_page_text in 132.93µs
[ 19.724s] [Workarounds] starting patch_talent_edge_frame_level_sync
[ 19.724s] [Workarounds] finished patch_talent_edge_frame_level_sync in 94.07µs
[ 19.724s] [Workarounds] starting patch_catalog_shop_product_card_defaults
[ 19.724s] [Workarounds] finished patch_catalog_shop_product_card_defaults in 180.28µs
[ 19.724s] [Workarounds] starting patch_game_time_defaults
[ 19.724s] [Workarounds] finished patch_game_time_defaults in 22.71µs
[ 19.724s] [Workarounds] starting patch_tooltip_nineslice_surface
[ 19.724s] [Workarounds] finished patch_tooltip_nineslice_surface in 146.92µs
[ 19.724s] [Workarounds] starting patch_container_frame_token_tracker
[ 19.724s] [Workarounds] finished patch_container_frame_token_tracker in 159.03µs
[ 19.724s] [Workarounds] starting patch_achievement_display_set_achievements
[ 19.724s] [Workarounds] finished patch_achievement_display_set_achievements in 31.78µs
[ 19.724s] [Workarounds] starting patch_housing_dashboard_preload
[ 19.725s] [Workarounds] finished patch_housing_dashboard_preload in 160.10µs
[ 19.725s] [Workarounds] starting patch_lfg_lock_list
[ 19.725s] [Workarounds] finished patch_lfg_lock_list in 22.01µs
[ 19.725s] [Workarounds] starting patch_auction_house_browse_results_event
[ 19.725s] [Workarounds] finished patch_auction_house_browse_results_event in 242.76µs
[ 19.725s] [Workarounds] starting patch_auction_house_search_context_aliases
[ 19.725s] [Workarounds] finished patch_auction_house_search_context_aliases in 116.17µs
[ 19.725s] [Workarounds] starting patch_auth_challenge_frame_parent
[ 19.725s] [Workarounds] finished patch_auth_challenge_frame_parent in 190.18µs
[ 19.725s] [Workarounds] starting patch_settings_surface_defaults
[ 19.727s] [Workarounds] finished patch_settings_surface_defaults in 1.43ms
[ 19.727s] [Workarounds] starting patch_settings_canvas_layout_visibility
[ 19.727s] [Workarounds] finished patch_settings_canvas_layout_visibility in 473.83µs
[ 19.727s] [Startup] apply_post_load_workarounds: workarounds complete
[ 20.165s] [Startup] apply_post_load_workarounds: globals restored
[ 20.166s] [Startup] apply_post_load_workarounds: patch 12.1 compatibility restored
[ 20.166s] [Startup] apply_post_load_workarounds: seterrorhandler restored
[ 20.230s] [Startup] post-load workarounds complete in 1.18s
[ 20.230s] [Startup] restarting GC after bootstrap
[ 20.666s] [Startup] GC restart complete in 436.18ms
=== Final observed Lua error summary ===
Status: CLEAN
Lua errors: 0 unique, 0 occurrence(s)
Attributed owners: 0
Unattributed Lua errors: 0 occurrence(s)
Dropping OutputStream, audio playing through this stream will stop
