running 1 tests
test patch_3_3_5_publication_sweep::patch_3_3_5_publication_sweep ... ok

test result: ok. 1 passed; 0 failed; 1 total
warning: iced-wgpu-patched/Cargo.toml: `lints.clippy.large-enum-variant` is deprecated in favor of `lints.clippy.large_enum_variant` and will not work in a future edition
warning: iced-wgpu-patched/Cargo.toml: `lints.clippy.map-entry` is deprecated in favor of `lints.clippy.map_entry` and will not work in a future edition
warning: iced-wgpu-patched/Cargo.toml: `lints.clippy.match-wildcard-for-single-variants` is deprecated in favor of `lints.clippy.match_wildcard_for_single_variants` and will not work in a future edition
warning: iced-wgpu-patched/Cargo.toml: `lints.clippy.redundant-closure-for-method-calls` is deprecated in favor of `lints.clippy.redundant_closure_for_method_calls` and will not work in a future edition
warning: iced-wgpu-patched/Cargo.toml: `lints.clippy.trivially-copy-pass-by-ref` is deprecated in favor of `lints.clippy.trivially_copy_pass_by_ref` and will not work in a future edition
warning: iced-wgpu-patched/Cargo.toml: `lints.clippy.type-complexity` is deprecated in favor of `lints.clippy.type_complexity` and will not work in a future edition
warning: `iced_wgpu` (manifest) generated 6 warnings
   Compiling wow-ui-sim v0.1.0 (/home/osso/.worktrees/wow-ui-sim-p335-source)
    Finished `test` profile [optimized + debuginfo] target(s) in 38.76s
     Running tests/prefork_full_ui.rs (target/debug/deps/prefork_full_ui-21dd5c807fe7a7b6)
[  0.000s] [Startup] WowLuaEnv::new begin
[  0.002s] [Startup] SimState::default complete in 1.82ms
[  0.002s] [Startup] rilua VM created in 111.44µs
[  0.002s] [Startup] builtin frames initialized in 93.97µs
[  0.002s] [Startup] template registry cleared in 5.04µs
[  0.002s] [Startup] intrinsic templates registered in 5.98µs
[  0.002s] [Startup] initial app_data lua handle installed in 491.00ns
[  0.188s] [Startup] init_lua_state complete in 185.80ms
[  0.188s] [Startup] final app_data lua handle installed in 401.00ns
[  0.188s] [Startup] initial screen globals installed in 96.64µs
[  0.188s] [Startup] WowLuaEnv::new complete
[  2.770s] [Startup] apply_post_load_workarounds: begin
[  2.770s] [Workarounds] starting patch_edit_mode_manager
[  2.770s] [Workarounds] finished patch_edit_mode_manager in 253.20µs
[  2.770s] [Workarounds] starting init_edit_mode_layout
[  2.770s] [EditMode] starting setup_layout_info
[  2.773s] [EditMode] finished setup_layout_info in 2.73ms
[  2.773s] [EditMode] starting apply_system_anchors
[  2.900s] [EditMode] finished apply_system_anchors in 127.19ms
[  2.900s] [EditMode] starting finalize_action_bar_positions
[  2.902s] [EditMode] finished finalize_action_bar_positions in 1.60ms
[  2.902s] [EditMode] starting invoke_anchor_changed_hooks
[  2.902s] [EditMode] finished invoke_anchor_changed_hooks in 356.40µs
[  2.902s] [EditMode] starting fix_action_bar_nan_size
[  2.902s] [EditMode] finished fix_action_bar_nan_size in 35.29µs
[  2.902s] [EditMode] starting fix_action_bar_scale
[  2.902s] [EditMode] finished fix_action_bar_scale in 3.88µs
[  2.902s] [Workarounds] finished init_edit_mode_layout in 131.94ms
[  2.902s] [Workarounds] starting patch_ui_parent_panel_toggles
[  2.902s] [Workarounds] finished patch_ui_parent_panel_toggles in 197.81µs
[  2.902s] [Workarounds] starting patch_uiparent_onupdate_worklists
[  2.902s] [Workarounds] finished patch_uiparent_onupdate_worklists in 83.02µs
[  2.902s] [Workarounds] starting init_chat_type_colors
[  2.902s] [Workarounds] finished init_chat_type_colors in 102.01µs
[  2.902s] [Workarounds] starting patch_chat_voice_button_surface
[  2.902s] [Workarounds] finished patch_chat_voice_button_surface in 105.78µs
[  2.902s] [Workarounds] starting patch_item_socketing_tooltips
[  2.903s] [Workarounds] finished patch_item_socketing_tooltips in 50.19µs
[  2.903s] [Workarounds] starting patch_character_select_selected_name
[  2.903s] [Workarounds] finished patch_character_select_selected_name in 26.12µs
[  2.903s] [Workarounds] starting patch_character_create_defaults
[  2.903s] [Workarounds] finished patch_character_create_defaults in 187.31µs
[  2.903s] [Workarounds] starting patch_character_frame_title_refresh
[  2.908s] [Workarounds] finished patch_character_frame_title_refresh in 4.88ms
[  2.908s] [Workarounds] starting patch_vignette_pin_template
[  2.908s] [Workarounds] finished patch_vignette_pin_template in 82.86µs
[  2.908s] [Workarounds] starting patch_fog_of_war_pin_mixin
[  2.908s] [Workarounds] finished patch_fog_of_war_pin_mixin in 229.19µs
[  2.908s] [Workarounds] starting patch_map_exploration_pin_mixin
[  2.913s] [Workarounds] finished patch_map_exploration_pin_mixin in 4.90ms
[  2.913s] [Workarounds] starting patch_map_canvas_data_provider_attachment
[  2.913s] [Workarounds] finished patch_map_canvas_data_provider_attachment in 57.53µs
[  2.913s] [Workarounds] starting ensure_adventure_map_frame_surface
[  2.913s] [Workarounds] finished ensure_adventure_map_frame_surface in 370.74µs
[  2.913s] [Workarounds] starting patch_action_bar_button_event_fanout
[  2.913s] [Workarounds] finished patch_action_bar_button_event_fanout in 91.04µs
[  2.913s] [Workarounds] starting patch_paging_controls_page_text
[  2.913s] [Workarounds] finished patch_paging_controls_page_text in 35.98µs
[  2.913s] [Workarounds] starting patch_talent_edge_frame_level_sync
[  2.913s] [Workarounds] finished patch_talent_edge_frame_level_sync in 33.37µs
[  2.913s] [Workarounds] starting patch_catalog_shop_product_card_defaults
[  2.913s] [Workarounds] finished patch_catalog_shop_product_card_defaults in 53.33µs
[  2.913s] [Workarounds] starting patch_game_time_defaults
[  2.914s] [Workarounds] finished patch_game_time_defaults in 5.49µs
[  2.914s] [Workarounds] starting patch_tooltip_nineslice_surface
[  2.914s] [Workarounds] finished patch_tooltip_nineslice_surface in 40.32µs
[  2.914s] [Workarounds] starting patch_container_frame_token_tracker
[  2.914s] [Workarounds] finished patch_container_frame_token_tracker in 34.35µs
[  2.914s] [Workarounds] starting patch_achievement_display_set_achievements
[  2.914s] [Workarounds] finished patch_achievement_display_set_achievements in 7.04µs
[  2.914s] [Workarounds] starting patch_housing_dashboard_preload
[  2.914s] [Workarounds] finished patch_housing_dashboard_preload in 136.59µs
[  2.914s] [Workarounds] starting patch_lfg_lock_list
[  2.914s] [Workarounds] finished patch_lfg_lock_list in 28.57µs
[  2.914s] [Workarounds] starting patch_auction_house_browse_results_event
[  2.914s] [Workarounds] finished patch_auction_house_browse_results_event in 54.57µs
[  2.914s] [Workarounds] starting patch_auction_house_search_context_aliases
[  2.914s] [Workarounds] finished patch_auction_house_search_context_aliases in 25.22µs
[  2.914s] [Workarounds] starting patch_auth_challenge_frame_parent
[  2.914s] [Workarounds] finished patch_auth_challenge_frame_parent in 56.26µs
[  2.914s] [Workarounds] starting patch_settings_surface_defaults
[  2.914s] [Workarounds] finished patch_settings_surface_defaults in 301.21µs
[  2.914s] [Workarounds] starting patch_settings_canvas_layout_visibility
[  2.914s] [Workarounds] finished patch_settings_canvas_layout_visibility in 94.66µs
[  2.914s] [Startup] apply_post_load_workarounds: workarounds complete
[  2.975s] [Startup] apply_post_load_workarounds: globals restored
[  2.975s] [Startup] apply_post_load_workarounds: patch 12.1 compatibility restored
[  2.975s] [Startup] apply_post_load_workarounds: seterrorhandler restored
[  3.115s] [Startup] begin login sequence
[  3.115s] [Startup] Firing ADDON_LOADED
[  3.115s] [Startup] Firing VARIABLES_LOADED
[  3.211s] [Startup] Firing DISPLAY_SIZE_CHANGED
[  3.274s] [Startup] Firing UI_SCALE_CHANGED
[  3.275s] [Startup] Firing PLAYER_LOGIN
[  3.275s] [Startup] end login sequence in 160.35ms
[  3.275s] [Startup] begin world enter sequence
[  3.275s] [Startup] Skipping EDIT_MODE_LAYOUTS_UPDATED
[  3.275s] [Startup] Firing TIME_PLAYED_MSG via RequestTimePlayed
[  3.275s] [Startup] Firing PLAYER_ENTERING_WORLD
[  3.571s] [EditMode] starting setup_layout_info
[  3.574s] [EditMode] finished setup_layout_info in 3.37ms
[  3.574s] [EditMode] starting apply_system_anchors
[  3.755s] [EditMode] finished apply_system_anchors in 180.87ms
[  3.755s] [EditMode] starting finalize_action_bar_positions
[  3.758s] [EditMode] finished finalize_action_bar_positions in 2.28ms
[  3.758s] [EditMode] starting invoke_anchor_changed_hooks
[  3.763s] [EditMode] finished invoke_anchor_changed_hooks in 5.32ms
[  3.763s] [EditMode] starting fix_action_bar_nan_size
[  3.763s] [EditMode] finished fix_action_bar_nan_size in 64.94µs
[  3.763s] [EditMode] starting fix_action_bar_scale
[  3.763s] [EditMode] finished fix_action_bar_scale in 4.41µs
[  3.763s] [EditMode] starting reapply_player_frame_anchor
[  3.764s] [EditMode] finished reapply_player_frame_anchor in 1.33ms
[  3.772s] [Startup] end world enter sequence in 497.28ms
[  3.772s] [Startup] begin post-login events
[  3.773s] [Startup] Firing UNIT_AURA
[  3.774s] [Startup] Firing PET_UI_UPDATE
[  3.775s] [Startup] Firing BAG_UPDATE_DELAYED
[  3.777s] [Startup] Firing QUEST_LOG_UPDATE
[  3.778s] [Startup] Firing GROUP_ROSTER_UPDATE
[  3.873s] [Startup] Firing ACTIONBAR_UPDATE_STATE
[  3.873s] [Startup] Firing ACTIONBAR_UPDATE_COOLDOWN
[  3.874s] [Startup] Firing UPDATE_BONUS_ACTIONBAR
[  3.886s] [Startup] Firing PLAYER_CAN_GLIDE_CHANGED
[  3.886s] [Startup] Firing PLAYER_IS_GLIDING_CHANGED
[  3.886s] [Startup] Firing UPDATE_BINDINGS
[  3.889s] [Startup] Firing UPDATE_CHAT_WINDOWS
[  3.892s] [Startup] Firing LFG_UPDATE_RANDOM_INFO
[  3.893s] [Startup] end post-login events in 120.44ms
[  3.893s] [Startup] begin close startup special windows
[  3.893s] [Startup] end close startup special windows in 285.38µs
[  3.893s] [Startup] begin FIRST_FRAME_RENDERED
[  3.893s] [Startup] Firing FIRST_FRAME_RENDERED
[  3.893s] [Startup] end FIRST_FRAME_RENDERED in 190.57µs
[  3.893s] [Startup] begin unblock hidden splash alerts
[  3.893s] [Startup] end unblock hidden splash alerts in 14.62µs
[  3.893s] [Startup] begin post-event workarounds
[  3.893s] [Startup] end post-event workarounds in 842.00ns
