running 1 tests
test patch_4_0_1_publication_sweep::patch_4_0_1_publication_sweep ... FAILED (panic: assertion `left == right` failed: new gaps: ["wt-events-ARTIFACT_COMPLETE-371", "wt-events-ARTIFACT_DIG_SITE_UPDATED-372", "wt-events-ARTIFACT_HISTORY_READY-373", "wt-events-CHAT_MSG_COMBAT_GUILD_XP_GAIN-377", "wt-global-api-AddAutoQuestPopUp-93", "wt-global-api-ArchaeologyGetIconInfo-94", "wt-global-api-ArchaeologyMapUpdateAll-95", "wt-global-api-ArcheologyGetVisibleBlobID-96", "wt-global-api-CalendarGetGuildEventInfo-99", "wt-global-api-CalendarGetGuildEventSelectionInfo-100", "wt-global-api-CalendarGetNumGuildEvents-101", "wt-global-api-CanItemBeSocketedToArtifact-103", "wt-global-api-CanTransform-105", "wt-global-api-CastGlyphByID-108", "wt-global-api-CastGlyphByName-109", "wt-global-api-ClearRaidMarker-110", "wt-global-api-CollapseGuildTradeSkillHeader-113", "wt-global-api-CollapseSkillHeader-22", "wt-global-api-CommentatorStartWargame-114", "wt-global-api-ExpandGuildTradeSkillHeader-117", "wt-global-api-ExpandSkillHeader-24", "wt-global-api-GetActiveArtifactByRace-120", "wt-global-api-GetAvailableLocales-128", "wt-global-api-GetCVarBitfield-132", "wt-global-api-GetCemeteryPreference-134", "wt-global-api-GetCurrentLevelFeatures-139", "wt-global-api-GetDebugAnimationStats-142", "wt-global-api-GetDemotionRank-145", "wt-global-api-GetEclipseDirection-149", "wt-global-api-GetFlyoutID-151", "wt-global-api-GetGlyphClearInfo-154", "wt-global-api-GetGuildBankWithdrawGoldLimit-159", "wt-global-api-GetGuildFactionInfo-163", "wt-global-api-GetGuildLevelEnabled-165", "wt-global-api-GetGuildMemberRecipes-167", "wt-global-api-GetGuildNewsFilters-168", "wt-global-api-GetGuildNewsMemberName-170", "wt-global-api-GetGuildNewsSort-171", "wt-global-api-GetGuildPerkInfo-172", "wt-global-api-GetGuildRecipeInfoPostQuery-173", "wt-global-api-GetGuildRecipeMember-174", "wt-global-api-GetGuildRewardInfo-175", "wt-global-api-GetGuildRosterLargestAchievementPoints-177", "wt-global-api-GetGuildTradeSkillInfo-179", "wt-global-api-GetMonitorAspectRatio-185", "wt-global-api-GetMonitorCount-186", "wt-global-api-GetMonitorName-187", "wt-global-api-GetNumFlyouts-193", "wt-global-api-GetNumGlyphs-194", "wt-global-api-GetNumGuildRewards-197", "wt-global-api-GetNumGuildTradeSkill-198", "wt-global-api-GetNumQuestCurrencies-200", "wt-global-api-GetNumSkillLines-45", "wt-global-api-GetPlayerTradeCurrency-208", "wt-global-api-GetPromotionRank-213", "wt-global-api-GetQuestLogIndexByID-217", "wt-global-api-GetQuestLogPortraitTurnIn-220", "wt-global-api-GetQuestLogRewardHonor-50", "wt-global-api-GetQuestPortraitGiver-223", "wt-global-api-GetQuestPortraitTurnIn-224", "wt-global-api-GetRatedBattleGroundInfo-225", "wt-global-api-GetRewardNumSkillUps-229", "wt-global-api-GetRewardSkillLineID-230", "wt-global-api-GetSavedInstanceChatLink-232", "wt-global-api-GetSavedInstanceEncounterInfo-233", "wt-global-api-GetSelectedGlyphSpellIndex-235", "wt-global-api-GetSelectedSkill-52", "wt-global-api-GetSkillLineInfo-54", "wt-global-api-GetSpellBookItemInfo-239", "wt-global-api-GetSpellBookItemTexture-241", "wt-global-api-GetTargetTradeCurrency-248", "wt-global-api-GetTradeSkillSubClassFilteredSlots-250", "wt-global-api-GetWarGameQueueStatus-253", "wt-global-api-GuildNewsSetSticky-258", "wt-global-api-InGuildParty-261", "wt-global-api-InitiateRolePoll-262", "wt-global-api-IsAchievementEligible-263", "wt-global-api-IsBattlefieldArena-66", "wt-global-api-IsCemeterySelectionAvailable-265", "wt-global-api-IsDualWielding-266", "wt-global-api-IsGlyphFlagSet-268", "wt-global-api-IsInAuthenticatedRank-270", "wt-global-api-IsTradeSkillGuild-274", "wt-global-api-JoinArena-276", "wt-global-api-JoinRatedBattlefield-277", "wt-global-api-MouseOverrideCinematicDisable-279", "wt-global-api-OldAbandonQuest-280", "wt-global-api-PlaceRaidMarker-283", "wt-global-api-PlaySoundKitID-284", "wt-global-api-PlayerHasHearthstone-285", "wt-global-api-PortGraveyard-286", "wt-global-api-QuestGetAutoLaunched-291", "wt-global-api-QuestIsFromAreaTrigger-292", "wt-global-api-QuestLogShouldShowPortrait-293", "wt-global-api-RefreshWorldMap-295", "wt-global-api-RemoveAutoQuestPopUp-296", "wt-global-api-Resista)

test result: FAILED. 0 passed; 1 failed; 1 total
warning: iced-wgpu-patched/Cargo.toml: `lints.clippy.large-enum-variant` is deprecated in favor of `lints.clippy.large_enum_variant` and will not work in a future edition
warning: iced-wgpu-patched/Cargo.toml: `lints.clippy.map-entry` is deprecated in favor of `lints.clippy.map_entry` and will not work in a future edition
warning: iced-wgpu-patched/Cargo.toml: `lints.clippy.match-wildcard-for-single-variants` is deprecated in favor of `lints.clippy.match_wildcard_for_single_variants` and will not work in a future edition
warning: iced-wgpu-patched/Cargo.toml: `lints.clippy.redundant-closure-for-method-calls` is deprecated in favor of `lints.clippy.redundant_closure_for_method_calls` and will not work in a future edition
warning: iced-wgpu-patched/Cargo.toml: `lints.clippy.trivially-copy-pass-by-ref` is deprecated in favor of `lints.clippy.trivially_copy_pass_by_ref` and will not work in a future edition
warning: iced-wgpu-patched/Cargo.toml: `lints.clippy.type-complexity` is deprecated in favor of `lints.clippy.type_complexity` and will not work in a future edition
warning: `iced_wgpu` (manifest) generated 6 warnings
   Compiling proc-macro2 v1.0.105
   Compiling libc v0.2.180
   Compiling num-traits v0.2.19
   Compiling parking_lot_core v0.9.12
   Compiling rustix v1.1.3
   Compiling linux-raw-sys v0.11.0
   Compiling libloading v0.8.9
   Compiling errno v0.3.14
   Compiling futures-io v0.3.31
   Compiling futures-sink v0.3.31
   Compiling wayland-sys v0.31.8
   Compiling downcast-rs v1.2.1
   Compiling signal-hook-registry v1.4.8
   Compiling futures-channel v0.3.31
   Compiling dlib v0.5.2
   Compiling scoped-tls v1.0.1
   Compiling memchr v2.7.6
   Compiling serde_core v1.0.228
   Compiling wayland-client v0.31.12
   Compiling cfg_aliases v0.2.1
   Compiling foldhash v0.2.0
   Compiling lazy_static v1.5.0
   Compiling parking_lot v0.12.5
   Compiling equivalent v1.0.2
   Compiling hashbrown v0.16.1
   Compiling unicode-ident v1.0.22
   Compiling num_cpus v1.17.0
   Compiling getrandom v0.2.16
   Compiling winnow v0.7.14
   Compiling quote v1.0.43
   Compiling quick-xml v0.38.4
   Compiling syn v2.0.114
   Compiling jobserver v0.1.34
   Compiling num-integer v0.1.46
   Compiling indexmap v2.13.0
   Compiling const-oid v0.9.6
   Compiling cc v1.2.52
   Compiling num-bigint v0.4.6
   Compiling raw-window-handle v0.6.2
   Compiling wayland-scanner v0.31.8
   Compiling euclid v0.22.13
   Compiling smol_str v0.2.2
   Compiling ttf-parser v0.25.1
   Compiling parking v2.2.1
   Compiling concurrent-queue v2.5.0
   Compiling toml_parser v1.0.6+spec-1.1.0
   Compiling encoding_rs v0.8.35
   Compiling foldhash v0.1.5
   Compiling web-time v1.1.0
   Compiling lilt v0.8.1
   Compiling hashbrown v0.15.5
   Compiling simd_helpers v0.1.0
   Compiling toml_datetime v0.7.5+spec-1.1.0
   Compiling serde v1.0.228
   Compiling glam v0.25.0
   Compiling lyon_geom v1.0.18
   Compiling wayland-backend v0.3.12
   Compiling num-rational v0.4.2
   Compiling ring v0.17.14
   Compiling pxfm v0.1.27
   Compiling either v1.15.0
   Compiling lyon_path v1.0.16
   Compiling digest v0.10.7
   Compiling toml_edit v0.23.10+spec-1.0.0
   Compiling naga v27.0.3
   Compiling hex v0.4.3
   Compiling khronos-egl v6.0.0
   Compiling as-raw-xcb-connection v1.0.1
   Compiling unicode-width v0.2.2
   Compiling bit-vec v0.8.0
   Compiling ash v0.38.0+1.3.281
   Compiling owo-colors v4.3.0
   Compiling bit-set v0.8.0
   Compiling codespan-reporting v0.12.0
   Compiling fontdb v0.23.0
   Compiling synstructure v0.13.2
   Compiling proc-macro-crate v3.4.0
   Compiling openssl-sys v0.9.117
   Compiling event-listener v5.4.1
   Compiling wgpu-hal v27.0.4
   Compiling gpu-alloc-types v0.3.0
   Compiling spirv v0.3.0+sdk-1.3.268.0
   Compiling gpu-descriptor-types v0.2.0
   Compiling polling v3.11.0
   Compiling moxcms v0.7.11
   Compiling gethostname v1.1.0
   Compiling alloc-no-stdlib v2.0.4
   Compiling fnv v1.0.7
   Compiling base64ct v1.8.3
   Compiling xkeysym v0.2.1
   Compiling bytemuck_derive v1.10.2
   Compiling thiserror-impl v2.0.17
   Compiling zerocopy-derive v0.8.33
   Compiling bytemuck v1.24.0
   Compiling thiserror v2.0.17
   Compiling tokio-macros v2.6.0
   Compiling tracing-attributes v0.1.31
   Compiling serde_derive v1.0.228
   Compiling futures-macro v0.3.31
   Compiling zerocopy v0.8.33
   Compiling tokio v1.49.0
   Compiling futures-util v0.3.31
   Compiling zerofrom-derive v0.1.6
   Compiling tracing v0.1.44
   Compiling yoke-derive v0.8.1
   Compiling half v2.7.1
   Compiling zerofrom v0.1.7
   Compiling zerovec-derive v0.11.2
   Compiling displaydoc v0.2.5
   Compiling yoke v0.8.1
   Compiling profiling-procmacros v1.0.17
   Compiling equator-macro v0.4.2
   Compiling profiling v1.0.17
   Compiling font-types v0.10.1
   Compiling zerotrie v0.2.3
   Compiling arg_enum_proc_macro v0.3.4
   Compiling equator v0.4.2
   Compiling zerovec v0.11.5
   Compiling read-fonts v0.35.0
   Compiling aligned-vec v0.6.4
   Compiling futures-executor v0.3.31
   Compiling v_frame v0.3.9
   Compiling futures v0.3.31
   Compiling av1-grain v0.2.5
   Compiling av-scenechange v0.14.1
   Compiling wayland-protocols v0.32.10
   Compiling exr v1.74.0
   Compiling tinystr v0.8.2
   Compiling icu_locale_core v2.1.1
   Compiling potential_utf v0.1.4
   Compiling icu_collections v2.1.1
   Compiling icu_provider v2.1.1
   Compiling qoi v0.4.1
   Compiling fax_derive v0.2.0
   Compiling num-derive v0.4.2
   Compiling fax v0.2.6
   Compiling rav1e v0.8.1
   Compiling symphonia-core v0.5.5
   Compiling iced_core v0.14.0
   Compiling tiff v0.10.3
   Compiling enumflags2_derive v0.7.12
   Compiling zvariant_utils v3.3.0
   Compiling icu_properties v2.1.2
   Compiling iced_futures v0.14.0
   Compiling skrifa v0.37.0
   Compiling harfrust v0.3.2
   Compiling tokio-util v0.7.18
   Compiling hexf-parse v0.2.1
   Compiling binrw_derive v0.15.2
   Compiling xcursor v0.3.10
   Compiling x11rb-protocol v0.13.2
   Compiling cursor-icon v1.2.0
   Compiling wayland-csd-frame v0.3.0
   Compiling ravif v0.12.0
   Compiling wayland-cursor v0.31.12
   Compiling swash v0.2.6
   Compiling icu_normalizer v2.1.1
   Compiling image v0.25.9
   Compiling cosmic-text v0.15.0
   Compiling wayland-protocols-wlr v0.3.10
   Compiling x11rb v0.13.2
   Compiling zvariant_derive v5.9.2
   Compiling symphonia-metadata v0.5.5
   Compiling wgpu-types v27.0.1
   Compiling pem-rfc7468 v0.7.0
   Compiling der_derive v0.7.3
   Compiling thiserror-impl v1.0.69
   Compiling alloc-stdlib v0.2.4
   Compiling gpu-descriptor v0.3.2
   Compiling gpu-alloc v0.6.0
   Compiling event-listener-strategy v0.5.4
   Compiling futures-lite v2.6.1
   Compiling inout v0.1.4
   Compiling ordered-float v5.1.0
   Compiling rand_core v0.6.4
   Compiling openssl-probe v0.2.1
   Compiling binrw v0.15.2
   Compiling arrayref v0.3.9
   Compiling strict-num v0.1.1
   Compiling renderdoc-sys v1.1.0
   Compiling flagset v0.4.7
   Compiling rustix v0.38.44
   Compiling glow v0.16.0
   Compiling mutate_once v0.1.2
   Compiling der v0.7.10
   Compiling kamadak-exif v0.6.1
   Compiling tiny-skia-path v0.11.4
   Compiling rustls v0.23.40
   Compiling cipher v0.4.4
   Compiling thiserror v1.0.69
   Compiling brotli-decompressor v5.0.3
   Compiling rustls-webpki v0.103.13
   Compiling h2 v0.4.15
   Compiling ppv-lite86 v0.2.21
   Compiling wgpu-core v27.0.3
   Compiling async-io v2.6.0
   Compiling linux-raw-sys v0.4.15
   Compiling array-init v2.1.0
   Compiling litrs v1.0.0
   Compiling rand_chacha v0.3.1
   Compiling brotli v8.0.4
   Compiling document-features v0.2.12
   Compiling salsa20 v0.10.2
   Compiling spki v0.7.3
   Compiling iced_graphics v0.14.0
   Compiling tiny-skia v0.11.4
   Compiling hyper v1.9.0
   Compiling idna_adapter v1.2.1
   Compiling enumflags2 v0.7.12
   Compiling calloop v0.14.3
   Compiling async-trait v0.1.89
   Compiling md-5 v0.10.6
   Compiling wgpu-core-deps-windows-linux-android v27.0.0
   Compiling wgpu v27.0.1
   Compiling tiny-xlib v0.2.4
   Compiling smithay-client-toolkit v0.20.0
   Compiling twox-hash v2.1.2
   Compiling openssl v0.10.81
   Compiling async-task v4.7.1
   Compiling compression-core v0.4.32
   Compiling foreign-types-shared v0.1.1
   Compiling endi v1.1.1
   Compiling svg_fmt v0.4.5
   Compiling zvariant v5.9.2
   Compiling foreign-types v0.3.2
   Compiling compression-codecs v0.4.38
   Compiling lz4_flex v0.12.1
   Compiling hyper-util v0.1.20
   Compiling cascette-crypto v0.2.0 (https://github.com/Osso/cascette-rs?rev=758d8dbfbc64d500b2f8f5b5c133d9f82fa79a48#758d8dbf)
   Compiling calloop-wayland-source v0.4.1
   Compiling idna v1.1.0
   Compiling calloop v0.13.0
   Compiling rand v0.8.5
   Compiling async-channel v2.5.0
   Compiling symphonia-utils-xiph v0.5.5
   Compiling wayland-protocols-experimental v20250721.0.1
   Compiling wayland-protocols-misc v0.3.10
   Compiling iced_debug v0.14.0
   Compiling openssl-macros v0.1.1
   Compiling anyhow v1.0.100
   Compiling hashbrown v0.14.5
   Compiling float_next_after v1.0.0
   Compiling static_assertions v1.1.0
   Compiling native-tls v0.2.18
   Compiling ctor-lite v0.1.1
   Compiling rand_core v0.10.1
   Compiling smithay-client-toolkit v0.19.2
   Compiling md5 v0.8.0
   Compiling getrandom v0.4.3
   Compiling tower v0.5.3
   Compiling cascette-formats v0.2.0 (https://github.com/Osso/cascette-rs?rev=758d8dbfbc64d500b2f8f5b5c133d9f82fa79a48#758d8dbf)
   Compiling dashmap v6.1.0
   Compiling lyon_tessellation v1.0.16
   Compiling async-signal v0.2.13
   Compiling calloop-wayland-source v0.3.0
   Compiling url v2.5.8
   Compiling zbus_names v4.3.1
   Compiling async-compression v0.4.42
   Compiling etagere v0.2.15
   Compiling tokio-rustls v0.26.4
   Compiling async-lock v3.4.2
   Compiling owned_ttf_parser v0.25.1
   Compiling lyon_algorithms v1.0.16
   Compiling itertools v0.14.0
   Compiling piper v0.2.4
   Compiling ahash v0.8.12
   Compiling x11-dl v2.21.0
   Compiling alsa-sys v0.3.1
   Compiling cpufeatures v0.3.0
   Compiling ab_glyph_rasterizer v0.1.10
   Compiling lru v0.16.3
   Compiling num-bigint-dig v0.8.6
   Compiling android-build v0.1.3
   Compiling cryoglyph v0.1.0
   Compiling ab_glyph v0.2.32
   Compiling chacha20 v0.10.1
   Compiling blocking v1.6.2
   Compiling mundy v0.2.2
   Compiling prost-derive v0.14.4
   Compiling lyon v1.0.16
   Compiling hyper-rustls v0.27.9
   Compiling async-process v2.5.0
   Compiling tower-http v0.6.10
   Compiling zbus_macros v5.13.2
   Compiling smithay-clipboard v0.7.3
   Compiling softbuffer v0.4.8
   Compiling guillotiere v0.6.2
   Compiling async-executor v1.13.3
   Compiling pkcs8 v0.10.2
   Compiling rustls-native-certs v0.8.4
   Compiling async-broadcast v0.7.2
   Compiling serde_repr v0.1.20
   Compiling libsqlite3-sys v0.33.0
   Compiling serde_spanned v1.1.1
   Compiling num-iter v0.1.45
   Compiling winit v0.30.12
   Compiling uuid v1.20.0
   Compiling kurbo v0.10.4
   Compiling ordered-stream v0.2.0
   Compiling prometheus v0.14.0
   Compiling glob v0.3.3
   Compiling mime v0.3.17
   Compiling zbus v5.13.2
   Compiling libwebp-sys v0.9.6
   Compiling sha2 v0.10.9
   Compiling iced_tiny_skia v0.14.0
   Compiling toml v0.9.11+spec-1.1.0
   Compiling rustls-platform-verifier v0.6.2
   Compiling pkcs1 v0.7.5
   Compiling sctk-adwaita v0.10.1
   Compiling iced_wgpu v0.14.0 (/home/osso/.worktrees/wow-ui-sim-p401-source/iced-wgpu-patched)
   Compiling rand v0.10.1
   Compiling icu_locale v2.1.1
   Compiling prost v0.14.4
   Compiling tokio-native-tls v0.3.1
   Compiling clipboard_wayland v0.2.2
   Compiling x509-cert v0.2.5
   Compiling signature v2.2.0
   Compiling clipboard_x11 v0.4.3
   Compiling wayland-protocols-plasma v0.3.10
   Compiling iced_runtime v0.14.0
   Compiling xkbcommon-dl v0.4.2
   Compiling hashify v0.2.9
   Compiling asn1_derive v0.23.1
   Compiling rmp v0.8.15
   Compiling dpi v0.1.2
   Compiling cpal v0.16.0
   Compiling extended v0.1.0
   Compiling clap_derive v4.5.55
   Compiling symphonia-format-riff v0.5.5
   Compiling asn1 v0.23.1
   Compiling rmp-serde v1.3.1
   Compiling mail-parser v0.11.4
   Compiling iced_program v0.14.0
   Compiling cms v0.2.3
   Compiling window_clipboard v0.5.1
   Compiling rsa v0.9.10
   Compiling alsa v0.9.1
   Compiling iced_renderer v0.14.0
   Compiling cascette-client-storage v0.2.0 (https://github.com/Osso/cascette-rs?rev=758d8dbfbc64d500b2f8f5b5c133d9f82fa79a48#758d8dbf)
   Compiling hyper-tls v0.6.0
   Compiling cascette-cache v0.2.0 (https://github.com/Osso/cascette-rs?rev=758d8dbfbc64d500b2f8f5b5c133d9f82fa79a48#758d8dbf)
   Compiling winresource v0.1.30
   Compiling reqwest v0.13.1
   Compiling serde_urlencoded v0.7.1
   Compiling symphonia-format-ogg v0.5.5
   Compiling symphonia-codec-vorbis v0.5.5
   Compiling symphonia-format-isomp4 v0.5.5
   Compiling symphonia-bundle-flac v0.5.5
   Compiling symphonia-bundle-mp3 v0.5.5
   Compiling symphonia-codec-pcm v0.5.5
   Compiling symphonia-codec-aac v0.5.5
   Compiling hashlink v0.10.0
   Compiling fallible-iterator v0.3.0
   Compiling dasp_sample v0.11.0
   Compiling winapi v0.3.9
   Compiling fallible-streaming-iterator v0.1.9
   Compiling image v0.24.9
   Compiling symphonia v0.5.5
   Compiling reqwest v0.12.28
   Compiling cascette-protocol v0.2.0 (https://github.com/Osso/cascette-rs?rev=758d8dbfbc64d500b2f8f5b5c133d9f82fa79a48#758d8dbf)
   Compiling phf_macros v0.11.3
   Compiling wow-ui-sim v0.1.0 (/home/osso/.worktrees/wow-ui-sim-p401-source)
   Compiling iced_widget v0.14.2
   Compiling iced_winit v0.14.0
   Compiling peercred-ipc v0.1.0 (https://github.com/Osso/peercred-ipc.git?tag=v0.2.0#dc0093cf)
   Compiling clap v4.5.56
   Compiling phf_generator v0.11.3
   Compiling fixed_decimal v0.7.0
   Compiling xattr v1.6.1
   Compiling sharded-slab v0.1.7
   Compiling rusqlite v0.35.0
   Compiling iced-layout-inspector v0.1.0 (https://github.com/Osso/iced-layout-inspector.git?tag=v0.2.0#c1f1dd2c)
   Compiling tar v0.4.45
   Compiling tracing-subscriber v0.3.22
   Compiling asset-resolver v0.1.0 (https://github.com/world-of-osso/asset-resolver?rev=462097bba2aa72d1afed8e0ca5b7c7315096427d#462097bb)
   Compiling image-blp v1.2.0
   Compiling icu_plurals v2.1.1
   Compiling iced v0.14.0
   Compiling phf_codegen v0.11.3
   Compiling icu_segmenter v2.1.1
   Compiling icu_collator v2.1.1
   Compiling casc-extract v0.1.0 (https://github.com/Osso/casc-extract?rev=bbfb184066531b6eb674b50b63a6052eb871ab2f#bbfb1840)
   Compiling icu_casemap v2.1.1
   Compiling phf v0.11.3
   Compiling rodio v0.21.1
   Compiling quick-xml v0.37.5
   Compiling tempfile v3.24.0
   Compiling insta v1.46.0
   Compiling webp v0.3.1
    Finished `test` profile [optimized + debuginfo] target(s) in 4m 46s
     Running tests/prefork_full_ui.rs (target/debug/deps/prefork_full_ui-21dd5c807fe7a7b6)
[  0.000s] [Startup] WowLuaEnv::new begin
[  0.002s] [Startup] SimState::default complete in 2.30ms
[  0.003s] [Startup] rilua VM created in 172.20µs
[  0.003s] [Startup] builtin frames initialized in 144.03µs
[  0.003s] [Startup] template registry cleared in 7.67µs
[  0.003s] [Startup] intrinsic templates registered in 6.63µs
[  0.003s] [Startup] initial app_data lua handle installed in 711.00ns
[  0.160s] [Startup] init_lua_state complete in 157.58ms
[  0.160s] [Startup] final app_data lua handle installed in 221.00ns
[  0.160s] [Startup] initial screen globals installed in 117.41µs
[  0.160s] [Startup] WowLuaEnv::new complete
[  2.652s] [Startup] apply_post_load_workarounds: begin
[  2.652s] [Workarounds] starting patch_edit_mode_manager
[  2.653s] [Workarounds] finished patch_edit_mode_manager in 287.49µs
[  2.653s] [Workarounds] starting init_edit_mode_layout
[  2.653s] [EditMode] starting setup_layout_info
[  2.656s] [EditMode] finished setup_layout_info in 3.24ms
[  2.656s] [EditMode] starting apply_system_anchors
[  2.791s] [EditMode] finished apply_system_anchors in 135.10ms
[  2.791s] [EditMode] starting finalize_action_bar_positions
[  2.793s] [EditMode] finished finalize_action_bar_positions in 1.74ms
[  2.793s] [EditMode] starting invoke_anchor_changed_hooks
[  2.793s] [EditMode] finished invoke_anchor_changed_hooks in 392.74µs
[  2.793s] [EditMode] starting fix_action_bar_nan_size
[  2.793s] [EditMode] finished fix_action_bar_nan_size in 38.80µs
[  2.793s] [EditMode] starting fix_action_bar_scale
[  2.793s] [EditMode] finished fix_action_bar_scale in 4.50µs
[  2.793s] [Workarounds] finished init_edit_mode_layout in 140.55ms
[  2.793s] [Workarounds] starting patch_ui_parent_panel_toggles
[  2.793s] [Workarounds] finished patch_ui_parent_panel_toggles in 212.49µs
[  2.793s] [Workarounds] starting patch_uiparent_onupdate_worklists
[  2.793s] [Workarounds] finished patch_uiparent_onupdate_worklists in 87.96µs
[  2.793s] [Workarounds] starting init_chat_type_colors
[  2.794s] [Workarounds] finished init_chat_type_colors in 113.14µs
[  2.794s] [Workarounds] starting patch_chat_voice_button_surface
[  2.794s] [Workarounds] finished patch_chat_voice_button_surface in 105.33µs
[  2.794s] [Workarounds] starting patch_item_socketing_tooltips
[  2.794s] [Workarounds] finished patch_item_socketing_tooltips in 52.66µs
[  2.794s] [Workarounds] starting patch_character_select_selected_name
[  2.794s] [Workarounds] finished patch_character_select_selected_name in 27.04µs
[  2.794s] [Workarounds] starting patch_character_create_defaults
[  2.794s] [Workarounds] finished patch_character_create_defaults in 208.90µs
[  2.794s] [Workarounds] starting patch_character_frame_title_refresh
[  2.799s] [Workarounds] finished patch_character_frame_title_refresh in 5.27ms
[  2.799s] [Workarounds] starting patch_vignette_pin_template
[  2.799s] [Workarounds] finished patch_vignette_pin_template in 88.69µs
[  2.799s] [Workarounds] starting patch_fog_of_war_pin_mixin
[  2.800s] [Workarounds] finished patch_fog_of_war_pin_mixin in 256.84µs
[  2.800s] [Workarounds] starting patch_map_exploration_pin_mixin
[  2.805s] [Workarounds] finished patch_map_exploration_pin_mixin in 5.17ms
[  2.805s] [Workarounds] starting patch_map_canvas_data_provider_attachment
[  2.805s] [Workarounds] finished patch_map_canvas_data_provider_attachment in 66.74µs
[  2.805s] [Workarounds] starting ensure_adventure_map_frame_surface
[  2.805s] [Workarounds] finished ensure_adventure_map_frame_surface in 444.04µs
[  2.805s] [Workarounds] starting patch_action_bar_button_event_fanout
[  2.805s] [Workarounds] finished patch_action_bar_button_event_fanout in 96.86µs
[  2.805s] [Workarounds] starting patch_paging_controls_page_text
[  2.805s] [Workarounds] finished patch_paging_controls_page_text in 36.68µs
[  2.805s] [Workarounds] starting patch_talent_edge_frame_level_sync
[  2.805s] [Workarounds] finished patch_talent_edge_frame_level_sync in 28.35µs
[  2.805s] [Workarounds] starting patch_catalog_shop_product_card_defaults
[  2.806s] [Workarounds] finished patch_catalog_shop_product_card_defaults in 57.79µs
[  2.806s] [Workarounds] starting patch_game_time_defaults
[  2.806s] [Workarounds] finished patch_game_time_defaults in 6.69µs
[  2.806s] [Workarounds] starting patch_tooltip_nineslice_surface
[  2.806s] [Workarounds] finished patch_tooltip_nineslice_surface in 40.21µs
[  2.806s] [Workarounds] starting patch_container_frame_token_tracker
[  2.806s] [Workarounds] finished patch_container_frame_token_tracker in 38.10µs
[  2.806s] [Workarounds] starting patch_achievement_display_set_achievements
[  2.806s] [Workarounds] finished patch_achievement_display_set_achievements in 8.04µs
[  2.806s] [Workarounds] starting patch_housing_dashboard_preload
[  2.806s] [Workarounds] finished patch_housing_dashboard_preload in 160.37µs
[  2.806s] [Workarounds] starting patch_lfg_lock_list
[  2.806s] [Workarounds] finished patch_lfg_lock_list in 32.80µs
[  2.806s] [Workarounds] starting patch_auction_house_browse_results_event
[  2.806s] [Workarounds] finished patch_auction_house_browse_results_event in 59.22µs
[  2.806s] [Workarounds] starting patch_auction_house_search_context_aliases
[  2.806s] [Workarounds] finished patch_auction_house_search_context_aliases in 26.85µs
[  2.806s] [Workarounds] starting patch_auth_challenge_frame_parent
[  2.806s] [Workarounds] finished patch_auth_challenge_frame_parent in 70.35µs
[  2.806s] [Workarounds] starting patch_settings_surface_defaults
[  2.806s] [Workarounds] finished patch_settings_surface_defaults in 323.30µs
[  2.806s] [Workarounds] starting patch_settings_canvas_layout_visibility
[  2.806s] [Workarounds] finished patch_settings_canvas_layout_visibility in 102.99µs
[  2.806s] [Startup] apply_post_load_workarounds: workarounds complete
[  2.871s] [Startup] apply_post_load_workarounds: globals restored
[  2.871s] [Startup] apply_post_load_workarounds: patch 12.1 compatibility restored
[  2.871s] [Startup] apply_post_load_workarounds: seterrorhandler restored
[  3.021s] [Startup] begin login sequence
[  3.021s] [Startup] Firing ADDON_LOADED
[  3.021s] [Startup] Firing VARIABLES_LOADED
[  3.120s] [Startup] Firing DISPLAY_SIZE_CHANGED
[  3.166s] [Startup] Firing UI_SCALE_CHANGED
[  3.167s] [Startup] Firing PLAYER_LOGIN
[  3.167s] [Startup] end login sequence in 145.74ms
[  3.167s] [Startup] begin world enter sequence
[  3.167s] [Startup] Skipping EDIT_MODE_LAYOUTS_UPDATED
[  3.167s] [Startup] Firing TIME_PLAYED_MSG via RequestTimePlayed
[  3.167s] [Startup] Firing PLAYER_ENTERING_WORLD
[  3.402s] [EditMode] starting setup_layout_info
[  3.406s] [EditMode] finished setup_layout_info in 3.92ms
[  3.406s] [EditMode] starting apply_system_anchors
[  3.544s] [EditMode] finished apply_system_anchors in 137.90ms
[  3.544s] [EditMode] starting finalize_action_bar_positions
[  3.547s] [EditMode] finished finalize_action_bar_positions in 2.88ms
[  3.547s] [EditMode] starting invoke_anchor_changed_hooks
[  3.553s] [EditMode] finished invoke_anchor_changed_hooks in 6.27ms
[  3.553s] [EditMode] starting fix_action_bar_nan_size
[  3.553s] [EditMode] finished fix_action_bar_nan_size in 84.98µs
[  3.553s] [EditMode] starting fix_action_bar_scale
[  3.553s] [EditMode] finished fix_action_bar_scale in 4.88µs
[  3.553s] [EditMode] starting reapply_player_frame_anchor
[  3.555s] [EditMode] finished reapply_player_frame_anchor in 1.55ms
[  3.563s] [Startup] end world enter sequence in 396.72ms
[  3.563s] [Startup] begin post-login events
[  3.564s] [Startup] Firing UNIT_AURA
[  3.565s] [Startup] Firing PET_UI_UPDATE
[  3.567s] [Startup] Firing BAG_UPDATE_DELAYED
[  3.569s] [Startup] Firing QUEST_LOG_UPDATE
[  3.570s] [Startup] Firing GROUP_ROSTER_UPDATE
[  3.667s] [Startup] Firing ACTIONBAR_UPDATE_STATE
[  3.667s] [Startup] Firing ACTIONBAR_UPDATE_COOLDOWN
[  3.668s] [Startup] Firing UPDATE_BONUS_ACTIONBAR
[  3.680s] [Startup] Firing PLAYER_CAN_GLIDE_CHANGED
[  3.680s] [Startup] Firing PLAYER_IS_GLIDING_CHANGED
[  3.680s] [Startup] Firing UPDATE_BINDINGS
[  3.683s] [Startup] Firing UPDATE_CHAT_WINDOWS
[  3.686s] [Startup] Firing LFG_UPDATE_RANDOM_INFO
[  3.687s] [Startup] end post-login events in 123.44ms
[  3.687s] [Startup] begin close startup special windows
[  3.687s] [Startup] end close startup special windows in 279.96µs
[  3.687s] [Startup] begin FIRST_FRAME_RENDERED
[  3.687s] [Startup] Firing FIRST_FRAME_RENDERED
[  3.687s] [Startup] end FIRST_FRAME_RENDERED in 175.79µs
[  3.687s] [Startup] begin unblock hidden splash alerts
[  3.687s] [Startup] end unblock hidden splash alerts in 14.02µs
[  3.687s] [Startup] begin post-event workarounds
[  3.687s] [Startup] end post-event workarounds in 862.00ns

thread 'main' (1096272) panicked at /home/osso/.worktrees/wow-ui-sim-p401-source/tests/common/publication_sweep.rs:544:5:
assertion `left == right` failed: new gaps: ["wt-events-ARTIFACT_COMPLETE-371", "wt-events-ARTIFACT_DIG_SITE_UPDATED-372", "wt-events-ARTIFACT_HISTORY_READY-373", "wt-events-CHAT_MSG_COMBAT_GUILD_XP_GAIN-377", "wt-global-api-AddAutoQuestPopUp-93", "wt-global-api-ArchaeologyGetIconInfo-94", "wt-global-api-ArchaeologyMapUpdateAll-95", "wt-global-api-ArcheologyGetVisibleBlobID-96", "wt-global-api-CalendarGetGuildEventInfo-99", "wt-global-api-CalendarGetGuildEventSelectionInfo-100", "wt-global-api-CalendarGetNumGuildEvents-101", "wt-global-api-CanItemBeSocketedToArtifact-103", "wt-global-api-CanTransform-105", "wt-global-api-CastGlyphByID-108", "wt-global-api-CastGlyphByName-109", "wt-global-api-ClearRaidMarker-110", "wt-global-api-CollapseGuildTradeSkillHeader-113", "wt-global-api-CollapseSkillHeader-22", "wt-global-api-CommentatorStartWargame-114", "wt-global-api-ExpandGuildTradeSkillHeader-117", "wt-global-api-ExpandSkillHeader-24", "wt-global-api-GetActiveArtifactByRace-120", "wt-global-api-GetAvailableLocales-128", "wt-global-api-GetCVarBitfield-132", "wt-global-api-GetCemeteryPreference-134", "wt-global-api-GetCurrentLevelFeatures-139", "wt-global-api-GetDebugAnimationStats-142", "wt-global-api-GetDemotionRank-145", "wt-global-api-GetEclipseDirection-149", "wt-global-api-GetFlyoutID-151", "wt-global-api-GetGlyphClearInfo-154", "wt-global-api-GetGuildBankWithdrawGoldLimit-159", "wt-global-api-GetGuildFactionInfo-163", "wt-global-api-GetGuildLevelEnabled-165", "wt-global-api-GetGuildMemberRecipes-167", "wt-global-api-GetGuildNewsFilters-168", "wt-global-api-GetGuildNewsMemberName-170", "wt-global-api-GetGuildNewsSort-171", "wt-global-api-GetGuildPerkInfo-172", "wt-global-api-GetGuildRecipeInfoPostQuery-173", "wt-global-api-GetGuildRecipeMember-174", "wt-global-api-GetGuildRewardInfo-175", "wt-global-api-GetGuildRosterLargestAchievementPoints-177", "wt-global-api-GetGuildTradeSkillInfo-179", "wt-global-api-GetMonitorAspectRatio-185", "wt-global-api-GetMonitorCount-186", "wt-global-api-GetMonitorName-187", "wt-global-api-GetNumFlyouts-193", "wt-global-api-GetNumGlyphs-194", "wt-global-api-GetNumGuildRewards-197", "wt-global-api-GetNumGuildTradeSkill-198", "wt-global-api-GetNumQuestCurrencies-200", "wt-global-api-GetNumSkillLines-45", "wt-global-api-GetPlayerTradeCurrency-208", "wt-global-api-GetPromotionRank-213", "wt-global-api-GetQuestLogIndexByID-217", "wt-global-api-GetQuestLogPortraitTurnIn-220", "wt-global-api-GetQuestLogRewardHonor-50", "wt-global-api-GetQuestPortraitGiver-223", "wt-global-api-GetQuestPortraitTurnIn-224", "wt-global-api-GetRatedBattleGroundInfo-225", "wt-global-api-GetRewardNumSkillUps-229", "wt-global-api-GetRewardSkillLineID-230", "wt-global-api-GetSavedInstanceChatLink-232", "wt-global-api-GetSavedInstanceEncounterInfo-233", "wt-global-api-GetSelectedGlyphSpellIndex-235", "wt-global-api-GetSelectedSkill-52", "wt-global-api-GetSkillLineInfo-54", "wt-global-api-GetSpellBookItemInfo-239", "wt-global-api-GetSpellBookItemTexture-241", "wt-global-api-GetTargetTradeCurrency-248", "wt-global-api-GetTradeSkillSubClassFilteredSlots-250", "wt-global-api-GetWarGameQueueStatus-253", "wt-global-api-GuildNewsSetSticky-258", "wt-global-api-InGuildParty-261", "wt-global-api-InitiateRolePoll-262", "wt-global-api-IsAchievementEligible-263", "wt-global-api-IsBattlefieldArena-66", "wt-global-api-IsCemeterySelectionAvailable-265", "wt-global-api-IsDualWielding-266", "wt-global-api-IsGlyphFlagSet-268", "wt-global-api-IsInAuthenticatedRank-270", "wt-global-api-IsTradeSkillGuild-274", "wt-global-api-JoinArena-276", "wt-global-api-JoinRatedBattlefield-277", "wt-global-api-MouseOverrideCinematicDisable-279", "wt-global-api-OldAbandonQuest-280", "wt-global-api-PlaceRaidMarker-283", "wt-global-api-PlaySoundKitID-284", "wt-global-api-PlayerHasHearthstone-285", "wt-global-api-PortGraveyard-286", "wt-global-api-QuestGetAutoLaunched-291", "wt-global-api-QuestIsFromAreaTrigger-292", "wt-global-api-QuestLogShouldShowPortrait-293", "wt-global-api-RefreshWorldMap-295", "wt-global-api-RemoveAutoQuestPopUp-296", "wt-global-api-ResistancePercent-304", "wt-global-api-SetAutoDeclineGuildInvites-306", "wt-global-api-SetCVarBitfield-307", "wt-global-api-SetCemeteryPreference-308", "wt-global-api-SetGlyphFilter-311", "wt-global-api-SetGlyphNameFilter-312", "wt-global-api-SetGuildBankTabItemWithdraw-313", "wt-global-api-SetGuildBankWithdrawGoldLimit-314", "wt-global-api-SetGuildNewsFilter-315", "wt-global-api-SetGuildTradeSkillCategoryFilter-316", "wt-global-api-SetGuildTradeSkillItemNameFilter-317", "wt-global-api-SetSpellbookPetAction-324", "wt-global-api-ShowQuestComplete-327", "wt-global-api-ShowQuestOffer-328", "wt-global-api-SortGuildTradeSkill-331", "wt-global-api-StartWarGame-333", "wt-global-api-ToggleGlyphFilter-335", "wt-global-api-Transform-336", "wt-global-api-UnitAttackerListCount-339", "wt-global-api-UnitAttackerListInfo-340", "wt-global-api-UnitSetRole-348", "wt-global-api-ViewGuildRecipes-349", "wt-global-api-WarGameRespond-350"]; resolved/stale gaps: []
  left: {"wt-events-ARTIFACT_COMPLETE-371", "wt-events-ARTIFACT_DIG_SITE_UPDATED-372", "wt-events-ARTIFACT_HISTORY_READY-373", "wt-events-CHAT_MSG_COMBAT_GUILD_XP_GAIN-377", "wt-global-api-AddAutoQuestPopUp-93", "wt-global-api-ArchaeologyGetIconInfo-94", "wt-global-api-ArchaeologyMapUpdateAll-95", "wt-global-api-ArcheologyGetVisibleBlobID-96", "wt-global-api-CalendarGetGuildEventInfo-99", "wt-global-api-CalendarGetGuildEventSelectionInfo-100", "wt-global-api-CalendarGetNumGuildEvents-101", "wt-global-api-CanItemBeSocketedToArtifact-103", "wt-global-api-CanTransform-105", "wt-global-api-CastGlyphByID-108", "wt-global-api-CastGlyphByName-109", "wt-global-api-ClearRaidMarker-110", "wt-global-api-CollapseGuildTradeSkillHeader-113", "wt-global-api-CollapseSkillHeader-22", "wt-global-api-CommentatorStartWargame-114", "wt-global-api-ExpandGuildTradeSkillHeader-117", "wt-global-api-ExpandSkillHeader-24", "wt-global-api-GetActiveArtifactByRace-120", "wt-global-api-GetAvailableLocales-128", "wt-global-api-GetCVarBitfield-132", "wt-global-api-GetCemeteryPreference-134", "wt-global-api-GetCurrentLevelFeatures-139", "wt-global-api-GetDebugAnimationStats-142", "wt-global-api-GetDemotionRank-145", "wt-global-api-GetEclipseDirection-149", "wt-global-api-GetFlyoutID-151", "wt-global-api-GetGlyphClearInfo-154", "wt-global-api-GetGuildBankWithdrawGoldLimit-159", "wt-global-api-GetGuildFactionInfo-163", "wt-global-api-GetGuildLevelEnabled-165", "wt-global-api-GetGuildMemberRecipes-167", "wt-global-api-GetGuildNewsFilters-168", "wt-global-api-GetGuildNewsMemberName-170", "wt-global-api-GetGuildNewsSort-171", "wt-global-api-GetGuildPerkInfo-172", "wt-global-api-GetGuildRecipeInfoPostQuery-173", "wt-global-api-GetGuildRecipeMember-174", "wt-global-api-GetGuildRewardInfo-175", "wt-global-api-GetGuildRosterLargestAchievementPoints-177", "wt-global-api-GetGuildTradeSkillInfo-179", "wt-global-api-GetMonitorAspectRatio-185", "wt-global-api-GetMonitorCount-186", "wt-global-api-GetMonitorName-187", "wt-global-api-GetNumFlyouts-193", "wt-global-api-GetNumGlyphs-194", "wt-global-api-GetNumGuildRewards-197", "wt-global-api-GetNumGuildTradeSkill-198", "wt-global-api-GetNumQuestCurrencies-200", "wt-global-api-GetNumSkillLines-45", "wt-global-api-GetPlayerTradeCurrency-208", "wt-global-api-GetPromotionRank-213", "wt-global-api-GetQuestLogIndexByID-217", "wt-global-api-GetQuestLogPortraitTurnIn-220", "wt-global-api-GetQuestLogRewardHonor-50", "wt-global-api-GetQuestPortraitGiver-223", "wt-global-api-GetQuestPortraitTurnIn-224", "wt-global-api-GetRatedBattleGroundInfo-225", "wt-global-api-GetRewardNumSkillUps-229", "wt-global-api-GetRewardSkillLineID-230", "wt-global-api-GetSavedInstanceChatLink-232", "wt-global-api-GetSavedInstanceEncounterInfo-233", "wt-global-api-GetSelectedGlyphSpellIndex-235", "wt-global-api-GetSelectedSkill-52", "wt-global-api-GetSkillLineInfo-54", "wt-global-api-GetSpellBookItemInfo-239", "wt-global-api-GetSpellBookItemTexture-241", "wt-global-api-GetTargetTradeCurrency-248", "wt-global-api-GetTradeSkillSubClassFilteredSlots-250", "wt-global-api-GetWarGameQueueStatus-253", "wt-global-api-GuildNewsSetSticky-258", "wt-global-api-InGuildParty-261", "wt-global-api-InitiateRolePoll-262", "wt-global-api-IsAchievementEligible-263", "wt-global-api-IsBattlefieldArena-66", "wt-global-api-IsCemeterySelectionAvailable-265", "wt-global-api-IsDualWielding-266", "wt-global-api-IsGlyphFlagSet-268", "wt-global-api-IsInAuthenticatedRank-270", "wt-global-api-IsTradeSkillGuild-274", "wt-global-api-JoinArena-276", "wt-global-api-JoinRatedBattlefield-277", "wt-global-api-MouseOverrideCinematicDisable-279", "wt-global-api-OldAbandonQuest-280", "wt-global-api-PlaceRaidMarker-283", "wt-global-api-PlaySoundKitID-284", "wt-global-api-PlayerHasHearthstone-285", "wt-global-api-PortGraveyard-286", "wt-global-api-QuestGetAutoLaunched-291", "wt-global-api-QuestIsFromAreaTrigger-292", "wt-global-api-QuestLogShouldShowPortrait-293", "wt-global-api-RefreshWorldMap-295", "wt-global-api-RemoveAutoQuestPopUp-296", "wt-global-api-ResistancePercent-304", "wt-global-api-SetAutoDeclineGuildInvites-306", "wt-global-api-SetCVarBitfield-307", "wt-global-api-SetCemeteryPreference-308", "wt-global-api-SetGlyphFilter-311", "wt-global-api-SetGlyphNameFilter-312", "wt-global-api-SetGuildBankTabItemWithdraw-313", "wt-global-api-SetGuildBankWithdrawGoldLimit-314", "wt-global-api-SetGuildNewsFilter-315", "wt-global-api-SetGuildTradeSkillCategoryFilter-316", "wt-global-api-SetGuildTradeSkillItemNameFilter-317", "wt-global-api-SetSpellbookPetAction-324", "wt-global-api-ShowQuestComplete-327", "wt-global-api-ShowQuestOffer-328", "wt-global-api-SortGuildTradeSkill-331", "wt-global-api-StartWarGame-333", "wt-global-api-ToggleGlyphFilter-335", "wt-global-api-Transform-336", "wt-global-api-UnitAttackerListCount-339", "wt-global-api-UnitAttackerListInfo-340", "wt-global-api-UnitSetRole-348", "wt-global-api-ViewGuildRecipes-349", "wt-global-api-WarGameRespond-350"}
 right: {}
note: run with `RUST_BACKTRACE=1` environment variable to display a backtrace
error: test failed, to rerun pass `--test prefork_full_ui`

Caused by:
  process didn't exit successfully: `/home/osso/.worktrees/wow-ui-sim-p401-source/target/debug/deps/prefork_full_ui-21dd5c807fe7a7b6 patch_4_0_1_publication_sweep --nocapture` (exit status: 1)
