running 2 tests
test patch_4_0_1_retirements::patch_4_0_1_skill_headers_cached_surface ... ok
test patch_4_0_1_publication_sweep::patch_4_0_1_publication_sweep ... ok

test result: ok. 2 passed; 0 failed; 2 total
warning: iced-wgpu-patched/Cargo.toml: `lints.clippy.large-enum-variant` is deprecated in favor of `lints.clippy.large_enum_variant` and will not work in a future edition
warning: iced-wgpu-patched/Cargo.toml: `lints.clippy.map-entry` is deprecated in favor of `lints.clippy.map_entry` and will not work in a future edition
warning: iced-wgpu-patched/Cargo.toml: `lints.clippy.match-wildcard-for-single-variants` is deprecated in favor of `lints.clippy.match_wildcard_for_single_variants` and will not work in a future edition
warning: iced-wgpu-patched/Cargo.toml: `lints.clippy.redundant-closure-for-method-calls` is deprecated in favor of `lints.clippy.redundant_closure_for_method_calls` and will not work in a future edition
warning: iced-wgpu-patched/Cargo.toml: `lints.clippy.trivially-copy-pass-by-ref` is deprecated in favor of `lints.clippy.trivially_copy_pass_by_ref` and will not work in a future edition
warning: iced-wgpu-patched/Cargo.toml: `lints.clippy.type-complexity` is deprecated in favor of `lints.clippy.type_complexity` and will not work in a future edition
warning: `iced_wgpu` (manifest) generated 6 warnings
   Compiling wow-ui-sim v0.1.0 (/home/osso/.worktrees/wow-ui-sim-p401-source)
    Finished `test` profile [optimized + debuginfo] target(s) in 17.41s
     Running tests/prefork_full_ui.rs (target/debug/deps/prefork_full_ui-21dd5c807fe7a7b6)
[  0.000s] [Startup] WowLuaEnv::new begin
[  0.002s] [Startup] SimState::default complete in 1.82ms
[  0.002s] [Startup] rilua VM created in 123.56µs
[  0.002s] [Startup] builtin frames initialized in 64.71µs
[  0.002s] [Startup] template registry cleared in 5.23µs
[  0.002s] [Startup] intrinsic templates registered in 6.86µs
[  0.002s] [Startup] initial app_data lua handle installed in 461.00ns
[  0.154s] [Startup] init_lua_state complete in 152.13ms
[  0.154s] [Startup] final app_data lua handle installed in 331.00ns
[  0.154s] [Startup] initial screen globals installed in 132.84µs
[  0.154s] [Startup] WowLuaEnv::new complete
[  2.869s] [Startup] apply_post_load_workarounds: begin
[  2.869s] [Workarounds] starting patch_edit_mode_manager
[  2.869s] [Workarounds] finished patch_edit_mode_manager in 297.66µs
[  2.869s] [Workarounds] starting init_edit_mode_layout
[  2.869s] [EditMode] starting setup_layout_info
[  2.872s] [EditMode] finished setup_layout_info in 3.26ms
[  2.872s] [EditMode] starting apply_system_anchors
[  3.025s] [EditMode] finished apply_system_anchors in 152.68ms
[  3.025s] [EditMode] starting finalize_action_bar_positions
[  3.027s] [EditMode] finished finalize_action_bar_positions in 2.08ms
[  3.027s] [EditMode] starting invoke_anchor_changed_hooks
[  3.028s] [EditMode] finished invoke_anchor_changed_hooks in 442.79µs
[  3.028s] [EditMode] starting fix_action_bar_nan_size
[  3.028s] [EditMode] finished fix_action_bar_nan_size in 48.23µs
[  3.028s] [EditMode] starting fix_action_bar_scale
[  3.028s] [EditMode] finished fix_action_bar_scale in 4.83µs
[  3.028s] [Workarounds] finished init_edit_mode_layout in 158.56ms
[  3.028s] [Workarounds] starting patch_ui_parent_panel_toggles
[  3.028s] [Workarounds] finished patch_ui_parent_panel_toggles in 233.43µs
[  3.028s] [Workarounds] starting patch_uiparent_onupdate_worklists
[  3.028s] [Workarounds] finished patch_uiparent_onupdate_worklists in 94.95µs
[  3.028s] [Workarounds] starting init_chat_type_colors
[  3.028s] [Workarounds] finished init_chat_type_colors in 122.93µs
[  3.028s] [Workarounds] starting patch_chat_voice_button_surface
[  3.028s] [Workarounds] finished patch_chat_voice_button_surface in 123.27µs
[  3.028s] [Workarounds] starting patch_item_socketing_tooltips
[  3.028s] [Workarounds] finished patch_item_socketing_tooltips in 57.02µs
[  3.028s] [Workarounds] starting patch_character_select_selected_name
[  3.028s] [Workarounds] finished patch_character_select_selected_name in 33.12µs
[  3.028s] [Workarounds] starting patch_character_create_defaults
[  3.029s] [Workarounds] finished patch_character_create_defaults in 219.38µs
[  3.029s] [Workarounds] starting patch_character_frame_title_refresh
[  3.034s] [Workarounds] finished patch_character_frame_title_refresh in 5.83ms
[  3.034s] [Workarounds] starting patch_vignette_pin_template
[  3.035s] [Workarounds] finished patch_vignette_pin_template in 123.13µs
[  3.035s] [Workarounds] starting patch_fog_of_war_pin_mixin
[  3.035s] [Workarounds] finished patch_fog_of_war_pin_mixin in 311.97µs
[  3.035s] [Workarounds] starting patch_map_exploration_pin_mixin
[  3.041s] [Workarounds] finished patch_map_exploration_pin_mixin in 5.65ms
[  3.041s] [Workarounds] starting patch_map_canvas_data_provider_attachment
[  3.041s] [Workarounds] finished patch_map_canvas_data_provider_attachment in 82.10µs
[  3.041s] [Workarounds] starting ensure_adventure_map_frame_surface
[  3.041s] [Workarounds] finished ensure_adventure_map_frame_surface in 487.63µs
[  3.041s] [Workarounds] starting patch_action_bar_button_event_fanout
[  3.041s] [Workarounds] finished patch_action_bar_button_event_fanout in 109.84µs
[  3.041s] [Workarounds] starting patch_paging_controls_page_text
[  3.041s] [Workarounds] finished patch_paging_controls_page_text in 37.71µs
[  3.041s] [Workarounds] starting patch_talent_edge_frame_level_sync
[  3.041s] [Workarounds] finished patch_talent_edge_frame_level_sync in 29.77µs
[  3.041s] [Workarounds] starting patch_catalog_shop_product_card_defaults
[  3.041s] [Workarounds] finished patch_catalog_shop_product_card_defaults in 67.93µs
[  3.041s] [Workarounds] starting patch_game_time_defaults
[  3.041s] [Workarounds] finished patch_game_time_defaults in 7.94µs
[  3.041s] [Workarounds] starting patch_tooltip_nineslice_surface
[  3.041s] [Workarounds] finished patch_tooltip_nineslice_surface in 42.96µs
[  3.041s] [Workarounds] starting patch_container_frame_token_tracker
[  3.041s] [Workarounds] finished patch_container_frame_token_tracker in 40.00µs
[  3.041s] [Workarounds] starting patch_achievement_display_set_achievements
[  3.041s] [Workarounds] finished patch_achievement_display_set_achievements in 8.33µs
[  3.041s] [Workarounds] starting patch_housing_dashboard_preload
[  3.042s] [Workarounds] finished patch_housing_dashboard_preload in 169.16µs
[  3.042s] [Workarounds] starting patch_lfg_lock_list
[  3.042s] [Workarounds] finished patch_lfg_lock_list in 36.57µs
[  3.042s] [Workarounds] starting patch_auction_house_browse_results_event
[  3.042s] [Workarounds] finished patch_auction_house_browse_results_event in 62.30µs
[  3.042s] [Workarounds] starting patch_auction_house_search_context_aliases
[  3.042s] [Workarounds] finished patch_auction_house_search_context_aliases in 27.88µs
[  3.042s] [Workarounds] starting patch_auth_challenge_frame_parent
[  3.042s] [Workarounds] finished patch_auth_challenge_frame_parent in 71.66µs
[  3.042s] [Workarounds] starting patch_settings_surface_defaults
[  3.042s] [Workarounds] finished patch_settings_surface_defaults in 339.74µs
[  3.042s] [Workarounds] starting patch_settings_canvas_layout_visibility
[  3.042s] [Workarounds] finished patch_settings_canvas_layout_visibility in 107.00µs
[  3.042s] [Startup] apply_post_load_workarounds: workarounds complete
[  3.121s] [Startup] apply_post_load_workarounds: globals restored
[  3.121s] [Startup] apply_post_load_workarounds: patch 12.1 compatibility restored
[  3.121s] [Startup] apply_post_load_workarounds: seterrorhandler restored
[  3.281s] [Startup] begin login sequence
[  3.282s] [Startup] Firing ADDON_LOADED
[  3.282s] [Startup] Firing VARIABLES_LOADED
[  3.393s] [Startup] Firing DISPLAY_SIZE_CHANGED
[  3.445s] [Startup] Firing UI_SCALE_CHANGED
[  3.446s] [Startup] Firing PLAYER_LOGIN
[  3.446s] [Startup] end login sequence in 164.67ms
[  3.446s] [Startup] begin world enter sequence
[  3.446s] [Startup] Skipping EDIT_MODE_LAYOUTS_UPDATED
[  3.446s] [Startup] Firing TIME_PLAYED_MSG via RequestTimePlayed
[  3.446s] [Startup] Firing PLAYER_ENTERING_WORLD
[  3.736s] [EditMode] starting setup_layout_info
[  3.740s] [EditMode] finished setup_layout_info in 4.70ms
[  3.740s] [EditMode] starting apply_system_anchors
[  3.909s] [EditMode] finished apply_system_anchors in 168.14ms
[  3.909s] [EditMode] starting finalize_action_bar_positions
[  3.913s] [EditMode] finished finalize_action_bar_positions in 4.19ms
[  3.913s] [EditMode] starting invoke_anchor_changed_hooks
[  3.921s] [EditMode] finished invoke_anchor_changed_hooks in 8.27ms
[  3.921s] [EditMode] starting fix_action_bar_nan_size
[  3.921s] [EditMode] finished fix_action_bar_nan_size in 103.85µs
[  3.921s] [EditMode] starting fix_action_bar_scale
[  3.921s] [EditMode] finished fix_action_bar_scale in 5.83µs
[  3.921s] [EditMode] starting reapply_player_frame_anchor
[  3.923s] [EditMode] finished reapply_player_frame_anchor in 1.71ms
[  3.932s] [Startup] end world enter sequence in 486.28ms
[  3.932s] [Startup] begin post-login events
[  3.934s] [Startup] Firing UNIT_AURA
[  3.935s] [Startup] Firing PET_UI_UPDATE
[  3.937s] [Startup] Firing BAG_UPDATE_DELAYED
[  3.939s] [Startup] Firing QUEST_LOG_UPDATE
[  3.940s] [Startup] Firing GROUP_ROSTER_UPDATE
[  4.039s] [Startup] Firing ACTIONBAR_UPDATE_STATE
[  4.039s] [Startup] Firing ACTIONBAR_UPDATE_COOLDOWN
[  4.040s] [Startup] Firing UPDATE_BONUS_ACTIONBAR
[  4.053s] [Startup] Firing PLAYER_CAN_GLIDE_CHANGED
[  4.053s] [Startup] Firing PLAYER_IS_GLIDING_CHANGED
[  4.053s] [Startup] Firing UPDATE_BINDINGS
[  4.057s] [Startup] Firing UPDATE_CHAT_WINDOWS
[  4.060s] [Startup] Firing LFG_UPDATE_RANDOM_INFO
[  4.061s] [Startup] end post-login events in 128.69ms
[  4.061s] [Startup] begin close startup special windows
[  4.061s] [Startup] end close startup special windows in 313.09µs
[  4.061s] [Startup] begin FIRST_FRAME_RENDERED
[  4.061s] [Startup] Firing FIRST_FRAME_RENDERED
[  4.062s] [Startup] end FIRST_FRAME_RENDERED in 192.26µs
[  4.062s] [Startup] begin unblock hidden splash alerts
[  4.062s] [Startup] end unblock hidden splash alerts in 14.63µs
[  4.062s] [Startup] begin post-event workarounds
[  4.062s] [Startup] end post-event workarounds in 882.00ns
