
running 1 test
test patch_4_0_1_retirements::patch_4_0_1_skill_headers_factory_surface ... FAILED

failures:

failures:
    patch_4_0_1_retirements::patch_4_0_1_skill_headers_factory_surface

test result: FAILED. 0 passed; 1 failed; 0 ignored; 0 measured; 10687 filtered out; finished in 0.14s

warning: iced-wgpu-patched/Cargo.toml: `lints.clippy.large-enum-variant` is deprecated in favor of `lints.clippy.large_enum_variant` and will not work in a future edition
warning: iced-wgpu-patched/Cargo.toml: `lints.clippy.map-entry` is deprecated in favor of `lints.clippy.map_entry` and will not work in a future edition
warning: iced-wgpu-patched/Cargo.toml: `lints.clippy.match-wildcard-for-single-variants` is deprecated in favor of `lints.clippy.match_wildcard_for_single_variants` and will not work in a future edition
warning: iced-wgpu-patched/Cargo.toml: `lints.clippy.redundant-closure-for-method-calls` is deprecated in favor of `lints.clippy.redundant_closure_for_method_calls` and will not work in a future edition
warning: iced-wgpu-patched/Cargo.toml: `lints.clippy.trivially-copy-pass-by-ref` is deprecated in favor of `lints.clippy.trivially_copy_pass_by_ref` and will not work in a future edition
warning: iced-wgpu-patched/Cargo.toml: `lints.clippy.type-complexity` is deprecated in favor of `lints.clippy.type_complexity` and will not work in a future edition
warning: `iced_wgpu` (manifest) generated 6 warnings
   Compiling wow-ui-sim v0.1.0 (/home/osso/.worktrees/wow-ui-sim-p401-source)
    Finished `test` profile [optimized + debuginfo] target(s) in 1m 31s
     Running tests/integration.rs (target/debug/deps/integration-1db16289b0998b2a)
[  0.000s] [Startup] WowLuaEnv::new begin
[  0.002s] [Startup] SimState::default complete in 1.91ms
[  0.002s] [Startup] rilua VM created in 124.57µs
[  0.002s] [Startup] builtin frames initialized in 75.38µs
[  0.002s] [Startup] template registry cleared in 4.47µs
[  0.002s] [Startup] intrinsic templates registered in 6.88µs
[  0.002s] [Startup] initial app_data lua handle installed in 671.00ns
[  0.135s] [Startup] init_lua_state complete in 133.06ms
[  0.135s] [Startup] final app_data lua handle installed in 411.00ns
[  0.135s] [Startup] initial screen globals installed in 90.17µs
[  0.135s] [Startup] WowLuaEnv::new complete

thread 'patch_4_0_1_retirements::patch_4_0_1_skill_headers_factory_surface' (1120604) panicked at /home/osso/.worktrees/wow-ui-sim-p401-source/tests/patch_4_0_1_retirements.rs:10:9:
assertion `left == right` failed
  left: (true, true)
 right: (false, false)
note: run with `RUST_BACKTRACE=1` environment variable to display a backtrace
error: test failed, to rerun pass `--test integration`
