running 1 tests
test patch_4_2_0_publication_sweep::patch_4_2_0_publication_sweep ... FAILED (panic: assertion `left == right` failed: new gaps: ["negative-p420-missing-global"]; resolved/stale gaps: []
  left: {"negative-p420-missing-global", "wt-global-api-CollapseWarGameHeader-12", "wt-global-api-CreateNewRaidProfile-14", "wt-global-api-DeleteRaidProfile-15", "wt-global-api-EJ_GetLootInfoByIndex-24", "wt-global-api-EJ_GetMapEncounter-26", "wt-global-api-EJ_GetSectionInfo-30", "wt-global-api-ExpandWarGameHeader-42", "wt-global-api-GetCurrentRefresh-45", "wt-global-api-GetMaxNumCUFProfiles-46", "wt-global-api-GetNumRaidProfiles-48", "wt-global-api-GetNumWarGameTypes-49", "wt-global-api-GetOSLocale-50", "wt-global-api-GetPVPRewards-51", "wt-global-api-GetRaidProfileFlattenedOptions-52", "wt-global-api-GetRaidProfileName-53", "wt-global-api-GetRaidProfileOption-54", "wt-global-api-GetRaidProfileSavedPosition-55", "wt-global-api-GetSelectedWarGameType-57", "wt-global-api-GetWarGameTypeInfo-58", "wt-global-api-HasTravelPass-59", "wt-global-api-LoadURLIndex-60", "wt-global-api-RaidProfileExists-62", "wt-global-api-RaidProfileHasUnsavedChanges-63", "wt-global-api-RestoreRaidProfileFromCopy-65", "wt-global-api-SaveRaidProfileCopy-66", "wt-global-api-SetRaidProfileOption-67", "wt-global-api-SetRaidProfileSavedPosition-68", "wt-global-api-SetRefresh-69", "wt-global-api-SetSelectedWarGameType-70", "wt-global-api-UpdateWarGamesList-72"}
 right: {"wt-global-api-CollapseWarGameHeader-12", "wt-global-api-CreateNewRaidProfile-14", "wt-global-api-DeleteRaidProfile-15", "wt-global-api-EJ_GetLootInfoByIndex-24", "wt-global-api-EJ_GetMapEncounter-26", "wt-global-api-EJ_GetSectionInfo-30", "wt-global-api-ExpandWarGameHeader-42", "wt-global-api-GetCurrentRefresh-45", "wt-global-api-GetMaxNumCUFProfiles-46", "wt-global-api-GetNumRaidProfiles-48", "wt-global-api-GetNumWarGameTypes-49", "wt-global-api-GetOSLocale-50", "wt-global-api-GetPVPRewards-51", "wt-global-api-GetRaidProfileFlattenedOptions-52", "wt-global-api-GetRaidProfileName-53", "wt-global-api-GetRaidProfileOption-54", "wt-global-api-GetRaidProfileSavedPosition-55", "wt-global-api-GetSelectedWarGameType-57", "wt-global-api-GetWarGameTypeInfo-58", "wt-global-api-HasTravelPass-59", "wt-global-api-LoadURLIndex-60", "wt-global-api-RaidProfileExists-62", "wt-global-api-RaidProfileHasUnsavedChanges-63", "wt-global-api-RestoreRaidProfileFromCopy-65", "wt-global-api-SaveRaidProfileCopy-66", "wt-global-api-SetRaidProfileOption-67", "wt-global-api-SetRaidProfileSavedPosition-68", "wt-global-api-SetRefresh-69", "wt-global-api-SetSelectedWarGameType-70", "wt-global-api-UpdateWarGamesList-72"})

test result: FAILED. 0 passed; 1 failed; 1 total
warning: iced-wgpu-patched/Cargo.toml: `lints.clippy.large-enum-variant` is deprecated in favor of `lints.clippy.large_enum_variant` and will not work in a future edition
warning: iced-wgpu-patched/Cargo.toml: `lints.clippy.map-entry` is deprecated in favor of `lints.clippy.map_entry` and will not work in a future edition
warning: iced-wgpu-patched/Cargo.toml: `lints.clippy.match-wildcard-for-single-variants` is deprecated in favor of `lints.clippy.match_wildcard_for_single_variants` and will not work in a future edition
warning: iced-wgpu-patched/Cargo.toml: `lints.clippy.redundant-closure-for-method-calls` is deprecated in favor of `lints.clippy.redundant_closure_for_method_calls` and will not work in a future edition
warning: iced-wgpu-patched/Cargo.toml: `lints.clippy.trivially-copy-pass-by-ref` is deprecated in favor of `lints.clippy.trivially_copy_pass_by_ref` and will not work in a future edition
warning: iced-wgpu-patched/Cargo.toml: `lints.clippy.type-complexity` is deprecated in favor of `lints.clippy.type_complexity` and will not work in a future edition
warning: `iced_wgpu` (manifest) generated 6 warnings
   Compiling wow-ui-sim v0.1.0 (/home/osso/.worktrees/wow-ui-sim-p420-source)
    Finished `test` profile [optimized + debuginfo] target(s) in 57.19s
     Running tests/prefork_full_ui.rs (target/debug/deps/prefork_full_ui-21dd5c807fe7a7b6)
[  0.000s] [Startup] WowLuaEnv::new begin
[  0.004s] [Startup] SimState::default complete in 3.61ms
[  0.004s] [Startup] rilua VM created in 225.11µs
[  0.004s] [Startup] builtin frames initialized in 143.49µs
[  0.004s] [Startup] template registry cleared in 8.14µs
[  0.004s] [Startup] intrinsic templates registered in 9.77µs
[  0.004s] [Startup] initial app_data lua handle installed in 661.00ns
[  0.324s] [Startup] init_lua_state complete in 319.85ms
[  0.324s] [Startup] final app_data lua handle installed in 822.00ns
[  0.324s] [Startup] initial screen globals installed in 440.29µs
[  0.324s] [Startup] WowLuaEnv::new complete
[  5.183s] [Startup] apply_post_load_workarounds: begin
[  5.183s] [Workarounds] starting patch_edit_mode_manager
[  5.183s] [Workarounds] finished patch_edit_mode_manager in 370.50µs
[  5.183s] [Workarounds] starting init_edit_mode_layout
[  5.183s] [EditMode] starting setup_layout_info
[  5.188s] [EditMode] finished setup_layout_info in 4.79ms
[  5.188s] [EditMode] starting apply_system_anchors
[  5.435s] [EditMode] finished apply_system_anchors in 246.91ms
[  5.435s] [EditMode] starting finalize_action_bar_positions
[  5.440s] [EditMode] finished finalize_action_bar_positions in 4.39ms
[  5.440s] [EditMode] starting invoke_anchor_changed_hooks
[  5.441s] [EditMode] finished invoke_anchor_changed_hooks in 1.09ms
[  5.441s] [EditMode] starting fix_action_bar_nan_size
[  5.441s] [EditMode] finished fix_action_bar_nan_size in 131.54µs
[  5.441s] [EditMode] starting fix_action_bar_scale
[  5.441s] [EditMode] finished fix_action_bar_scale in 16.03µs
[  5.441s] [Workarounds] finished init_edit_mode_layout in 257.63ms
[  5.441s] [Workarounds] starting patch_ui_parent_panel_toggles
[  5.441s] [Workarounds] finished patch_ui_parent_panel_toggles in 430.15µs
[  5.442s] [Workarounds] starting patch_uiparent_onupdate_worklists
[  5.442s] [Workarounds] finished patch_uiparent_onupdate_worklists in 181.59µs
[  5.442s] [Workarounds] starting init_chat_type_colors
[  5.442s] [Workarounds] finished init_chat_type_colors in 230.98µs
[  5.442s] [Workarounds] starting patch_chat_voice_button_surface
[  5.442s] [Workarounds] finished patch_chat_voice_button_surface in 288.70µs
[  5.442s] [Workarounds] starting patch_item_socketing_tooltips
[  5.442s] [Workarounds] finished patch_item_socketing_tooltips in 113.68µs
[  5.442s] [Workarounds] starting patch_character_select_selected_name
[  5.442s] [Workarounds] finished patch_character_select_selected_name in 60.28µs
[  5.442s] [Workarounds] starting patch_character_create_defaults
[  5.443s] [Workarounds] finished patch_character_create_defaults in 404.98µs
[  5.443s] [Workarounds] starting patch_character_frame_title_refresh
[  5.454s] [Workarounds] finished patch_character_frame_title_refresh in 11.39ms
[  5.454s] [Workarounds] starting patch_vignette_pin_template
[  5.455s] [Workarounds] finished patch_vignette_pin_template in 244.38µs
[  5.455s] [Workarounds] starting patch_fog_of_war_pin_mixin
[  5.455s] [Workarounds] finished patch_fog_of_war_pin_mixin in 498.22µs
[  5.455s] [Workarounds] starting patch_map_exploration_pin_mixin
[  5.464s] [Workarounds] finished patch_map_exploration_pin_mixin in 9.08ms
[  5.464s] [Workarounds] starting patch_map_canvas_data_provider_attachment
[  5.464s] [Workarounds] finished patch_map_canvas_data_provider_attachment in 152.20µs
[  5.464s] [Workarounds] starting ensure_adventure_map_frame_surface
[  5.465s] [Workarounds] finished ensure_adventure_map_frame_surface in 652.43µs
[  5.465s] [Workarounds] starting patch_action_bar_button_event_fanout
[  5.465s] [Workarounds] finished patch_action_bar_button_event_fanout in 151.47µs
[  5.465s] [Workarounds] starting patch_paging_controls_page_text
[  5.465s] [Workarounds] finished patch_paging_controls_page_text in 47.94µs
[  5.465s] [Workarounds] starting patch_talent_edge_frame_level_sync
[  5.465s] [Workarounds] finished patch_talent_edge_frame_level_sync in 35.04µs
[  5.465s] [Workarounds] starting patch_catalog_shop_product_card_defaults
[  5.465s] [Workarounds] finished patch_catalog_shop_product_card_defaults in 81.12µs
[  5.465s] [Workarounds] starting patch_game_time_defaults
[  5.465s] [Workarounds] finished patch_game_time_defaults in 10.51µs
[  5.465s] [Workarounds] starting patch_tooltip_nineslice_surface
[  5.466s] [Workarounds] finished patch_tooltip_nineslice_surface in 55.98µs
[  5.466s] [Workarounds] starting patch_container_frame_token_tracker
[  5.466s] [Workarounds] finished patch_container_frame_token_tracker in 48.07µs
[  5.466s] [Workarounds] starting patch_achievement_display_set_achievements
[  5.466s] [Workarounds] finished patch_achievement_display_set_achievements in 11.14µs
[  5.466s] [Workarounds] starting patch_housing_dashboard_preload
[  5.466s] [Workarounds] finished patch_housing_dashboard_preload in 203.32µs
[  5.466s] [Workarounds] starting patch_lfg_lock_list
[  5.466s] [Workarounds] finished patch_lfg_lock_list in 51.56µs
[  5.466s] [Workarounds] starting patch_auction_house_browse_results_event
[  5.466s] [Workarounds] finished patch_auction_house_browse_results_event in 72.26µs
[  5.466s] [Workarounds] starting patch_auction_house_search_context_aliases
[  5.466s] [Workarounds] finished patch_auction_house_search_context_aliases in 33.17µs
[  5.466s] [Workarounds] starting patch_auth_challenge_frame_parent
[  5.466s] [Workarounds] finished patch_auth_challenge_frame_parent in 89.61µs
[  5.466s] [Workarounds] starting patch_settings_surface_defaults
[  5.466s] [Workarounds] finished patch_settings_surface_defaults in 438.47µs
[  5.466s] [Workarounds] starting patch_settings_canvas_layout_visibility
[  5.467s] [Workarounds] finished patch_settings_canvas_layout_visibility in 129.66µs
[  5.467s] [Startup] apply_post_load_workarounds: workarounds complete
[  5.586s] [Startup] apply_post_load_workarounds: globals restored
[  5.586s] [Startup] apply_post_load_workarounds: patch 12.1 compatibility restored
[  5.586s] [Startup] apply_post_load_workarounds: seterrorhandler restored
[  5.913s] [Startup] begin login sequence
[  5.913s] [Startup] Firing ADDON_LOADED
[  5.913s] [Startup] Firing VARIABLES_LOADED
[  6.133s] [Startup] Firing DISPLAY_SIZE_CHANGED
[  6.275s] [Startup] Firing UI_SCALE_CHANGED
[  6.278s] [Startup] Firing PLAYER_LOGIN
[  6.278s] [Startup] end login sequence in 364.82ms
[  6.278s] [Startup] begin world enter sequence
[  6.278s] [Startup] Skipping EDIT_MODE_LAYOUTS_UPDATED
[  6.278s] [Startup] Firing TIME_PLAYED_MSG via RequestTimePlayed
[  6.278s] [Startup] Firing PLAYER_ENTERING_WORLD
[  6.874s] [EditMode] starting setup_layout_info
[  6.881s] [EditMode] finished setup_layout_info in 7.83ms
[  6.881s] [EditMode] starting apply_system_anchors
[  7.174s] [EditMode] finished apply_system_anchors in 292.40ms
[  7.174s] [EditMode] starting finalize_action_bar_positions
[  7.182s] [EditMode] finished finalize_action_bar_positions in 7.67ms
[  7.182s] [EditMode] starting invoke_anchor_changed_hooks
[  7.197s] [EditMode] finished invoke_anchor_changed_hooks in 15.53ms
[  7.197s] [EditMode] starting fix_action_bar_nan_size
[  7.197s] [EditMode] finished fix_action_bar_nan_size in 213.18µs
[  7.197s] [EditMode] starting fix_action_bar_scale
[  7.197s] [EditMode] finished fix_action_bar_scale in 18.78µs
[  7.197s] [EditMode] starting reapply_player_frame_anchor
[  7.201s] [EditMode] finished reapply_player_frame_anchor in 3.47ms
[  7.219s] [Startup] end world enter sequence in 941.20ms
[  7.219s] [Startup] begin post-login events
[  7.222s] [Startup] Firing UNIT_AURA
[  7.224s] [Startup] Firing PET_UI_UPDATE
[  7.228s] [Startup] Firing BAG_UPDATE_DELAYED
[  7.232s] [Startup] Firing QUEST_LOG_UPDATE
[  7.234s] [Startup] Firing GROUP_ROSTER_UPDATE
[  7.424s] [Startup] Firing ACTIONBAR_UPDATE_STATE
[  7.424s] [Startup] Firing ACTIONBAR_UPDATE_COOLDOWN
[  7.427s] [Startup] Firing UPDATE_BONUS_ACTIONBAR
[  7.449s] [Startup] Firing PLAYER_CAN_GLIDE_CHANGED
[  7.449s] [Startup] Firing PLAYER_IS_GLIDING_CHANGED
[  7.449s] [Startup] Firing UPDATE_BINDINGS
[  7.454s] [Startup] Firing UPDATE_CHAT_WINDOWS
[  7.459s] [Startup] Firing LFG_UPDATE_RANDOM_INFO
[  7.461s] [Startup] end post-login events in 241.40ms
[  7.461s] [Startup] begin close startup special windows
[  7.461s] [Startup] end close startup special windows in 437.87µs
[  7.461s] [Startup] begin FIRST_FRAME_RENDERED
[  7.461s] [Startup] Firing FIRST_FRAME_RENDERED
[  7.461s] [Startup] end FIRST_FRAME_RENDERED in 309.24µs
[  7.461s] [Startup] begin unblock hidden splash alerts
[  7.461s] [Startup] end unblock hidden splash alerts in 41.47µs
[  7.461s] [Startup] begin post-event workarounds
[  7.462s] [Startup] end post-event workarounds in 15.43µs

thread 'main' (1539235) panicked at /home/osso/.worktrees/wow-ui-sim-p420-source/tests/common/publication_sweep.rs:544:5:
assertion `left == right` failed: new gaps: ["negative-p420-missing-global"]; resolved/stale gaps: []
  left: {"negative-p420-missing-global", "wt-global-api-CollapseWarGameHeader-12", "wt-global-api-CreateNewRaidProfile-14", "wt-global-api-DeleteRaidProfile-15", "wt-global-api-EJ_GetLootInfoByIndex-24", "wt-global-api-EJ_GetMapEncounter-26", "wt-global-api-EJ_GetSectionInfo-30", "wt-global-api-ExpandWarGameHeader-42", "wt-global-api-GetCurrentRefresh-45", "wt-global-api-GetMaxNumCUFProfiles-46", "wt-global-api-GetNumRaidProfiles-48", "wt-global-api-GetNumWarGameTypes-49", "wt-global-api-GetOSLocale-50", "wt-global-api-GetPVPRewards-51", "wt-global-api-GetRaidProfileFlattenedOptions-52", "wt-global-api-GetRaidProfileName-53", "wt-global-api-GetRaidProfileOption-54", "wt-global-api-GetRaidProfileSavedPosition-55", "wt-global-api-GetSelectedWarGameType-57", "wt-global-api-GetWarGameTypeInfo-58", "wt-global-api-HasTravelPass-59", "wt-global-api-LoadURLIndex-60", "wt-global-api-RaidProfileExists-62", "wt-global-api-RaidProfileHasUnsavedChanges-63", "wt-global-api-RestoreRaidProfileFromCopy-65", "wt-global-api-SaveRaidProfileCopy-66", "wt-global-api-SetRaidProfileOption-67", "wt-global-api-SetRaidProfileSavedPosition-68", "wt-global-api-SetRefresh-69", "wt-global-api-SetSelectedWarGameType-70", "wt-global-api-UpdateWarGamesList-72"}
 right: {"wt-global-api-CollapseWarGameHeader-12", "wt-global-api-CreateNewRaidProfile-14", "wt-global-api-DeleteRaidProfile-15", "wt-global-api-EJ_GetLootInfoByIndex-24", "wt-global-api-EJ_GetMapEncounter-26", "wt-global-api-EJ_GetSectionInfo-30", "wt-global-api-ExpandWarGameHeader-42", "wt-global-api-GetCurrentRefresh-45", "wt-global-api-GetMaxNumCUFProfiles-46", "wt-global-api-GetNumRaidProfiles-48", "wt-global-api-GetNumWarGameTypes-49", "wt-global-api-GetOSLocale-50", "wt-global-api-GetPVPRewards-51", "wt-global-api-GetRaidProfileFlattenedOptions-52", "wt-global-api-GetRaidProfileName-53", "wt-global-api-GetRaidProfileOption-54", "wt-global-api-GetRaidProfileSavedPosition-55", "wt-global-api-GetSelectedWarGameType-57", "wt-global-api-GetWarGameTypeInfo-58", "wt-global-api-HasTravelPass-59", "wt-global-api-LoadURLIndex-60", "wt-global-api-RaidProfileExists-62", "wt-global-api-RaidProfileHasUnsavedChanges-63", "wt-global-api-RestoreRaidProfileFromCopy-65", "wt-global-api-SaveRaidProfileCopy-66", "wt-global-api-SetRaidProfileOption-67", "wt-global-api-SetRaidProfileSavedPosition-68", "wt-global-api-SetRefresh-69", "wt-global-api-SetSelectedWarGameType-70", "wt-global-api-UpdateWarGamesList-72"}
note: run with `RUST_BACKTRACE=1` environment variable to display a backtrace
error: test failed, to rerun pass `--test prefork_full_ui`

Caused by:
  process didn't exit successfully: `/home/osso/.worktrees/wow-ui-sim-p420-source/target/debug/deps/prefork_full_ui-21dd5c807fe7a7b6 patch_4_2_0_publication_sweep --nocapture` (exit status: 1)
