[  0.000s] [startup] wow-sim process started pid=1520855
[  0.000s] Resource limits: 2 CPU core(s)
[  0.000s] [Startup] WowLuaEnv::new begin
[  0.005s] [Startup] SimState::default complete in 4.88ms
[  0.006s] [Startup] rilua VM created in 276.95µs
[  0.006s] [Startup] builtin frames initialized in 193.65µs
[  0.006s] [Startup] template registry cleared in 15.00µs
[  0.006s] [Startup] intrinsic templates registered in 17.05µs
[  0.006s] [Startup] initial app_data lua handle installed in 872.00ns
[  0.301s] [Startup] init_lua_state complete in 295.29ms
[  0.301s] [Startup] final app_data lua handle installed in 721.00ns
[  0.301s] [Startup] initial screen globals installed in 191.81µs
[  0.301s] [Startup] WowLuaEnv::new complete
[  0.302s] [Startup] screen size set to 1600x1200 in 109.19µs
[  0.302s] [Startup] WowFontSystem::new begin casc=false
[  0.314s] [Startup] font system fallback loaded in 12.23ms
[  0.314s] [Startup] cosmic font system built in 21.77µs
[  0.314s] [Startup] swash cache created in 9.19µs
[  0.314s] [Startup] WowFontSystem::new complete in 12.30ms
[  0.314s] [Startup] font system created in 12.30ms
ALSA lib confmisc.c:855:(parse_card) [error.core] cannot find card '0'
ALSA lib conf.c:5211:(_snd_config_evaluate) [error.core] function snd_func_card_inum returned error: No such file or directory
ALSA lib confmisc.c:422:(snd_func_concat) [error.core] error evaluating strings
ALSA lib conf.c:5211:(_snd_config_evaluate) [error.core] function snd_func_concat returned error: No such file or directory
ALSA lib confmisc.c:1342:(snd_func_refer) [error.core] error evaluating name
ALSA lib conf.c:5211:(_snd_config_evaluate) [error.core] function snd_func_refer returned error: No such file or directory
ALSA lib conf.c:5734:(snd_config_expand) [error.core] Evaluate error: No such file or directory
ALSA lib pcm.c:2722:(snd_pcm_open_noupdate) [error.pcm] Unknown PCM default
[  0.315s] Sound: no audio device available
[  0.315s] [Startup] begin stop GC
[  0.315s] [Startup] end stop GC in 290.00ns
[  0.315s] [Startup] begin configure saved variables
[  0.315s] SavedVariables loading disabled
[  0.315s] [Startup] end configure saved variables in 1.57µs
[  0.315s] [Startup] begin load keybindings
[  0.315s] [Startup] end load keybindings in 320.00ns
[  0.315s] [Startup] begin configure edit mode cache
[  0.315s] EditMode cache source (read-only): 50868465#2 @ Burning Blade/Haky
[  0.315s] [Startup] end configure edit mode cache in 43.86µs
[  0.315s] [Startup] begin read ServerSnapshot edit mode layout
[  0.315s] [Startup] end read ServerSnapshot edit mode layout in 40.00ns
[  0.315s] [Startup] begin load edit mode cache
[  0.318s] Loaded EditMode layout cache from WTF
[  0.318s] [Startup] end load edit mode cache in 2.99ms
[  0.318s] [Startup] begin load ServerSnapshot character state
[  0.318s] [Startup] end load ServerSnapshot character state in 51.00ns
[  0.318s] [Startup] begin load Blizzard addons
[  0.330s] Loading 291 Blizzard addons...
[  4.595s] Blizzard addons loaded in 4.28s (io=10.91ms xml=229.94ms xmlproc=2.84s frames⊂xmlproc=2.81s lua=858.79ms [compile=704.53ms call=154.26ms] gc=deferred, bytecode cache: 234/1569 hits (15%, lookup_miss=1335 replay_fail=0 stored=1335 store_fail=0))
  frame breakdown: setup=1.38s finalize=3.33s (2482 frames)
  setup: code_build=14.50ms exec_lua=1.36s props=12.68ms
  finalize: layers=102.47ms (1151 tex, 689 fs) anim=28.80ms button=51.61ms lifecycle=1.19s (1761 fires)
[  4.595s] [Startup] end load Blizzard addons in 4.28s
[  4.595s] [Startup] begin prepare chat frame for third-party addons
[  4.596s] [Startup] end prepare chat frame for third-party addons in 1.01ms
[  4.596s] [Startup] begin apply post-Blizzard load workarounds
[  4.596s] [Startup] applying post-load workarounds
[  4.596s] [Startup] apply_post_load_workarounds: begin
[  4.596s] [Workarounds] starting patch_edit_mode_manager
[  4.596s] [Workarounds] finished patch_edit_mode_manager in 472.77µs
[  4.596s] [Workarounds] starting init_edit_mode_layout
[  4.596s] [EditMode] starting setup_layout_info
[  4.626s] [EditMode] finished setup_layout_info in 30.14ms
[  4.626s] [EditMode] starting apply_system_anchors
[  4.884s] [EditMode] finished apply_system_anchors in 257.53ms
[  4.884s] [EditMode] starting finalize_action_bar_positions
[  4.885s] [EditMode] finished finalize_action_bar_positions in 1.21ms
[  4.885s] [EditMode] starting invoke_anchor_changed_hooks
[  4.886s] [EditMode] finished invoke_anchor_changed_hooks in 670.70µs
[  4.886s] [EditMode] starting fix_action_bar_nan_size
[  4.886s] [EditMode] finished fix_action_bar_nan_size in 127.07µs
[  4.886s] [EditMode] starting fix_action_bar_scale
[  4.886s] [EditMode] finished fix_action_bar_scale in 6.61µs
[  4.886s] [Workarounds] finished init_edit_mode_layout in 289.75ms
[  4.886s] [Workarounds] starting patch_ui_parent_panel_toggles
[  4.886s] [Workarounds] finished patch_ui_parent_panel_toggles in 352.38µs
[  4.886s] [Workarounds] starting patch_uiparent_onupdate_worklists
[  4.886s] [Workarounds] finished patch_uiparent_onupdate_worklists in 147.06µs
[  4.886s] [Workarounds] starting init_chat_type_colors
[  4.887s] [Workarounds] finished init_chat_type_colors in 195.68µs
[  4.887s] [Workarounds] starting patch_chat_voice_button_surface
[  4.887s] [Workarounds] finished patch_chat_voice_button_surface in 182.22µs
[  4.887s] [Workarounds] starting patch_item_socketing_tooltips
[  4.887s] [Workarounds] finished patch_item_socketing_tooltips in 87.36µs
[  4.887s] [Workarounds] starting patch_character_select_selected_name
[  4.887s] [Workarounds] finished patch_character_select_selected_name in 47.41µs
[  4.887s] [Workarounds] starting patch_character_create_defaults
[  4.887s] [Workarounds] finished patch_character_create_defaults in 327.16µs
[  4.887s] [Workarounds] starting patch_character_frame_title_refresh
[  4.898s] [Workarounds] finished patch_character_frame_title_refresh in 10.24ms
[  4.898s] [Workarounds] starting patch_vignette_pin_template
[  4.898s] [Workarounds] finished patch_vignette_pin_template in 205.42µs
[  4.898s] [Workarounds] starting patch_fog_of_war_pin_mixin
[  4.898s] [Workarounds] finished patch_fog_of_war_pin_mixin in 434.14µs
[  4.898s] [Workarounds] starting patch_map_exploration_pin_mixin
[  4.908s] [Workarounds] finished patch_map_exploration_pin_mixin in 9.78ms
[  4.908s] [Workarounds] starting patch_map_canvas_data_provider_attachment
[  4.908s] [Workarounds] finished patch_map_canvas_data_provider_attachment in 161.12µs
[  4.908s] [Workarounds] starting ensure_adventure_map_frame_surface
[  4.909s] [Workarounds] finished ensure_adventure_map_frame_surface in 997.70µs
[  4.909s] [Workarounds] starting patch_action_bar_button_event_fanout
[  4.910s] [Workarounds] finished patch_action_bar_button_event_fanout in 220.82µs
[  4.910s] [Workarounds] starting patch_paging_controls_page_text
[  4.910s] [Workarounds] finished patch_paging_controls_page_text in 65.07µs
[  4.910s] [Workarounds] starting patch_talent_edge_frame_level_sync
[  4.910s] [Workarounds] finished patch_talent_edge_frame_level_sync in 48.34µs
[  4.910s] [Workarounds] starting patch_catalog_shop_product_card_defaults
[  4.910s] [Workarounds] finished patch_catalog_shop_product_card_defaults in 93.30µs
[  4.910s] [Workarounds] starting patch_game_time_defaults
[  4.910s] [Workarounds] finished patch_game_time_defaults in 10.77µs
[  4.910s] [Workarounds] starting patch_tooltip_nineslice_surface
[  4.910s] [Workarounds] finished patch_tooltip_nineslice_surface in 79.84µs
[  4.910s] [Workarounds] starting patch_container_frame_token_tracker
[  4.910s] [Workarounds] finished patch_container_frame_token_tracker in 65.53µs
[  4.910s] [Workarounds] starting patch_achievement_display_set_achievements
[  4.910s] [Workarounds] finished patch_achievement_display_set_achievements in 14.07µs
[  4.910s] [Workarounds] starting patch_housing_dashboard_preload
[  4.911s] [Workarounds] finished patch_housing_dashboard_preload in 366.02µs
[  4.911s] [Workarounds] starting patch_lfg_lock_list
[  4.911s] [Workarounds] finished patch_lfg_lock_list in 76.41µs
[  4.911s] [Workarounds] starting patch_auction_house_browse_results_event
[  4.911s] [Workarounds] finished patch_auction_house_browse_results_event in 102.20µs
[  4.911s] [Workarounds] starting patch_auction_house_search_context_aliases
[  4.911s] [Workarounds] finished patch_auction_house_search_context_aliases in 43.46µs
[  4.911s] [Workarounds] starting patch_auth_challenge_frame_parent
[  4.911s] [Workarounds] finished patch_auth_challenge_frame_parent in 104.85µs
[  4.911s] [Workarounds] starting patch_settings_surface_defaults
[  4.912s] [Workarounds] finished patch_settings_surface_defaults in 531.36µs
[  4.912s] [Workarounds] starting patch_settings_canvas_layout_visibility
[  4.912s] [Workarounds] finished patch_settings_canvas_layout_visibility in 165.79µs
[  4.912s] [Startup] apply_post_load_workarounds: workarounds complete
[  5.061s] [Startup] apply_post_load_workarounds: globals restored
[  5.062s] [Startup] apply_post_load_workarounds: patch 12.1 compatibility restored
[  5.062s] [Startup] apply_post_load_workarounds: seterrorhandler restored
[  5.063s] [Startup] post-load workarounds complete in 466.33ms
[  5.063s] [Startup] end apply post-Blizzard load workarounds in 466.34ms
[  5.063s] [Startup] begin load third-party addons
[  5.063s] Addon loading disabled
[  5.063s] [Startup] end load third-party addons in 1.50µs
[  5.063s] [Startup] begin sync addon names to Lua
[  5.063s] [Startup] end sync addon names to Lua in 548.57µs
[  5.063s] [Startup] applying post-load workarounds
[  5.063s] [Startup] apply_post_load_workarounds: begin
[  5.063s] [Workarounds] starting patch_edit_mode_manager
[  5.063s] [Workarounds] finished patch_edit_mode_manager in 580.06µs
[  5.063s] [Workarounds] starting init_edit_mode_layout
[  5.063s] [EditMode] starting setup_layout_info
[  5.092s] [EditMode] finished setup_layout_info in 28.51ms
[  5.092s] [EditMode] starting apply_system_anchors
[  5.294s] [EditMode] finished apply_system_anchors in 202.41ms
[  5.294s] [EditMode] starting finalize_action_bar_positions
[  5.298s] [EditMode] finished finalize_action_bar_positions in 3.98ms
[  5.298s] [EditMode] starting invoke_anchor_changed_hooks
[  5.305s] [EditMode] finished invoke_anchor_changed_hooks in 6.74ms
[  5.305s] [EditMode] starting fix_action_bar_nan_size
[  5.305s] [EditMode] finished fix_action_bar_nan_size in 191.95µs
[  5.305s] [EditMode] starting fix_action_bar_scale
[  5.305s] [EditMode] finished fix_action_bar_scale in 12.93µs
[  5.305s] [Workarounds] finished init_edit_mode_layout in 241.95ms
[  5.305s] [Workarounds] starting patch_ui_parent_panel_toggles
[  5.306s] [Workarounds] finished patch_ui_parent_panel_toggles in 356.53µs
[  5.306s] [Workarounds] starting patch_uiparent_onupdate_worklists
[  5.306s] [Workarounds] finished patch_uiparent_onupdate_worklists in 219.28µs
[  5.306s] [Workarounds] starting init_chat_type_colors
[  5.306s] [Workarounds] finished init_chat_type_colors in 246.20µs
[  5.306s] [Workarounds] starting patch_chat_voice_button_surface
[  5.307s] [Workarounds] finished patch_chat_voice_button_surface in 434.86µs
[  5.307s] [Workarounds] starting patch_item_socketing_tooltips
[  5.307s] [Workarounds] finished patch_item_socketing_tooltips in 110.48µs
[  5.307s] [Workarounds] starting patch_character_select_selected_name
[  5.307s] [Workarounds] finished patch_character_select_selected_name in 46.58µs
[  5.307s] [Workarounds] starting patch_character_create_defaults
[  5.307s] [Workarounds] finished patch_character_create_defaults in 328.36µs
[  5.307s] [Workarounds] starting patch_character_frame_title_refresh
[  5.319s] [Workarounds] finished patch_character_frame_title_refresh in 12.02ms
[  5.319s] [Workarounds] starting patch_vignette_pin_template
[  5.320s] [Workarounds] finished patch_vignette_pin_template in 231.97µs
[  5.320s] [Workarounds] starting patch_fog_of_war_pin_mixin
[  5.320s] [Workarounds] finished patch_fog_of_war_pin_mixin in 443.33µs
[  5.320s] [Workarounds] starting patch_map_exploration_pin_mixin
[  5.321s] [Workarounds] finished patch_map_exploration_pin_mixin in 565.76µs
[  5.321s] [Workarounds] starting patch_map_canvas_data_provider_attachment
[  5.321s] [Workarounds] finished patch_map_canvas_data_provider_attachment in 107.08µs
[  5.321s] [Workarounds] starting ensure_adventure_map_frame_surface
[  5.321s] [Workarounds] finished ensure_adventure_map_frame_surface in 254.66µs
[  5.321s] [Workarounds] starting patch_action_bar_button_event_fanout
[  5.321s] [Workarounds] finished patch_action_bar_button_event_fanout in 176.92µs
[  5.321s] [Workarounds] starting patch_paging_controls_page_text
[  5.322s] [Workarounds] finished patch_paging_controls_page_text in 63.63µs
[  5.322s] [Workarounds] starting patch_talent_edge_frame_level_sync
[  5.322s] [Workarounds] finished patch_talent_edge_frame_level_sync in 43.05µs
[  5.322s] [Workarounds] starting patch_catalog_shop_product_card_defaults
[  5.322s] [Workarounds] finished patch_catalog_shop_product_card_defaults in 91.72µs
[  5.322s] [Workarounds] starting patch_game_time_defaults
[  5.322s] [Workarounds] finished patch_game_time_defaults in 12.25µs
[  5.322s] [Workarounds] starting patch_tooltip_nineslice_surface
[  5.322s] [Workarounds] finished patch_tooltip_nineslice_surface in 73.24µs
[  5.322s] [Workarounds] starting patch_container_frame_token_tracker
[  5.322s] [Workarounds] finished patch_container_frame_token_tracker in 69.93µs
[  5.322s] [Workarounds] starting patch_achievement_display_set_achievements
[  5.322s] [Workarounds] finished patch_achievement_display_set_achievements in 14.91µs
[  5.322s] [Workarounds] starting patch_housing_dashboard_preload
[  5.322s] [Workarounds] finished patch_housing_dashboard_preload in 116.38µs
[  5.322s] [Workarounds] starting patch_lfg_lock_list
[  5.322s] [Workarounds] finished patch_lfg_lock_list in 12.06µs
[  5.322s] [Workarounds] starting patch_auction_house_browse_results_event
[  5.323s] [Workarounds] finished patch_auction_house_browse_results_event in 106.53µs
[  5.323s] [Workarounds] starting patch_auction_house_search_context_aliases
[  5.323s] [Workarounds] finished patch_auction_house_search_context_aliases in 50.16µs
[  5.323s] [Workarounds] starting patch_auth_challenge_frame_parent
[  5.323s] [Workarounds] finished patch_auth_challenge_frame_parent in 75.77µs
[  5.323s] [Workarounds] starting patch_settings_surface_defaults
[  5.324s] [Workarounds] finished patch_settings_surface_defaults in 590.58µs
[  5.324s] [Workarounds] starting patch_settings_canvas_layout_visibility
[  5.324s] [Workarounds] finished patch_settings_canvas_layout_visibility in 203.09µs
[  5.324s] [Startup] apply_post_load_workarounds: workarounds complete
[  5.448s] [Startup] apply_post_load_workarounds: globals restored
[  5.449s] [Startup] apply_post_load_workarounds: patch 12.1 compatibility restored
[  5.449s] [Startup] apply_post_load_workarounds: seterrorhandler restored
[  5.449s] [Startup] post-load workarounds complete in 385.91ms
[  5.449s] [Startup] restarting GC after bootstrap
[  5.765s] [Startup] GC restart complete in 315.58ms
=== Final observed Lua error summary ===
Status: CLEAN
Lua errors: 0 unique, 0 occurrence(s)
Attributed owners: 0
Unattributed Lua errors: 0 occurrence(s)
