{
  "ledger_tamper": {
    "argv": [
      "/usr/bin/python3",
      "-B",
      "/home/osso/.worktrees/wow-ui-sim-p256-source/data/patch-api/evidence/2.5.6-session-2026-10-09/validate.py"
    ],
    "cwd": "/home/osso/.worktrees/wow-ui-sim-p256-source",
    "exit": 1,
    "stdout": "",
    "stderr": "Traceback (most recent call last):\n  File \"/home/osso/.worktrees/wow-ui-sim-p256-source/data/patch-api/evidence/2.5.6-session-2026-10-09/validate.py\", line 224, in <module>\n    main()\n    ~~~~^^\n  File \"/home/osso/.worktrees/wow-ui-sim-p256-source/data/patch-api/evidence/2.5.6-session-2026-10-09/validate.py\", line 211, in main\n    sealed_inputs = check_seals()\n  File \"/home/osso/.worktrees/wow-ui-sim-p256-source/data/patch-api/evidence/2.5.6-session-2026-10-09/validate.py\", line 26, in check_seals\n    assert digest((ROOT / path).read_bytes()) == expected, f'seal: {path}'\n           ^^^^^^^^^^^^^^^^^^^^^^^^^^^^^^^^^^^^^^^^^^^^^^\nAssertionError: seal: data/patch-api/sources/2.5.6-page-coverage.json\n",
    "PATH": "/nonexistent",
    "original_sha256": "86981595adcc1f2cf04a797812bf9c8f11814c9e76c700d443fc55f323f73387",
    "tampered_sha256": "8012bc869f3a0f74b9ed0d873ae52810a6234acbed3f26fb5951022315b25409",
    "restored_sha256": "86981595adcc1f2cf04a797812bf9c8f11814c9e76c700d443fc55f323f73387"
  },
  "log_tamper": {
    "argv": [
      "/usr/bin/python3",
      "-B",
      "/home/osso/.worktrees/wow-ui-sim-p256-source/data/patch-api/evidence/2.5.6-session-2026-10-09/validate.py"
    ],
    "cwd": "/home/osso/.worktrees/wow-ui-sim-p256-source",
    "exit": 1,
    "stdout": "",
    "stderr": "Traceback (most recent call last):\n  File \"/home/osso/.worktrees/wow-ui-sim-p256-source/data/patch-api/evidence/2.5.6-session-2026-10-09/validate.py\", line 224, in <module>\n    main()\n    ~~~~^^\n  File \"/home/osso/.worktrees/wow-ui-sim-p256-source/data/patch-api/evidence/2.5.6-session-2026-10-09/validate.py\", line 211, in main\n    sealed_inputs = check_seals()\n  File \"/home/osso/.worktrees/wow-ui-sim-p256-source/data/patch-api/evidence/2.5.6-session-2026-10-09/validate.py\", line 26, in check_seals\n    assert digest((ROOT / path).read_bytes()) == expected, f'seal: {path}'\n           ^^^^^^^^^^^^^^^^^^^^^^^^^^^^^^^^^^^^^^^^^^^^^^\nAssertionError: seal: data/patch-api/evidence/2.5.6-session-2026-10-09/green.log\n",
    "PATH": "/nonexistent",
    "original_sha256": "e9ecf8d16ad39e3bdedd216d6f696abc152580c3438050d99be9a44471a0c9d0",
    "tampered_sha256": "3db125777f82e4751c1448a63828b7b88c3e0525b3a535e890a7ed17ac524043",
    "restored_sha256": "e9ecf8d16ad39e3bdedd216d6f696abc152580c3438050d99be9a44471a0c9d0"
  },
  "relocated_replay": {
    "argv": [
      "/usr/bin/python3",
      "-B",
      "/home/osso/.worktrees/wow-ui-sim-p256-source/.p256-replay-gs6k6n8x/relocated/data/patch-api/evidence/2.5.6-session-2026-10-09/validate.py"
    ],
    "cwd": "/home/osso/.worktrees/wow-ui-sim-p256-source/.p256-replay-gs6k6n8x/relocated",
    "exit": 0,
    "stdout": "{\"configured_profiles\": 7, \"enumerated_api_occurrences\": 0, \"explicit_signatures\": 0, \"header_counts\": [], \"local_summary_contracts\": 0, \"model_observations\": 0, \"native_observations\": 0, \"removals\": 0, \"runtime_observations\": 0, \"sealed_inputs\": 30, \"source_rows\": 6, \"statuses\": {\"UNPROVEN\": 1, \"metadata-only\": 5}, \"unexpanded_contracts\": 1}\n",
    "stderr": "",
    "PATH": "/nonexistent"
  },
  "archive_member_hashes": {
    "data/patch-api/evidence/2.5.6-session-2026-10-09/configured-inputs/Cargo.toml": "ab2ab0841487d02b44ebc2a05eed884944ae9d10982c0becfb2892bc17dd27fb",
    "data/patch-api/evidence/2.5.6-session-2026-10-09/configured-inputs/data/blizzard-ui-files/anniversary.txt": "88893b67f75cc61d5a465ece771ca194e79c193305dfae48be484c52b1a9f0cd",
    "data/patch-api/evidence/2.5.6-session-2026-10-09/configured-inputs/data/blizzard-ui-files/era.txt": "88893b67f75cc61d5a465ece771ca194e79c193305dfae48be484c52b1a9f0cd",
    "data/patch-api/evidence/2.5.6-session-2026-10-09/configured-inputs/data/blizzard-ui-files/mists.txt": "88893b67f75cc61d5a465ece771ca194e79c193305dfae48be484c52b1a9f0cd",
    "data/patch-api/evidence/2.5.6-session-2026-10-09/configured-inputs/data/blizzard-ui-files/ptr.txt": "854540ee3daec8355ed1d4ffb72d244a07f1fcf14cfb4c323abe9c1231369216",
    "data/patch-api/evidence/2.5.6-session-2026-10-09/configured-inputs/data/blizzard-ui-files/retail.txt": "aa7dfec3fb3bc9440a8c737c2274363502cb3d22c7939b8a570a58e717202edd",
    "data/patch-api/evidence/2.5.6-session-2026-10-09/configured-inputs/data/blizzard-ui-files/wowforever.txt": "36b9f64e39e4031c28218865516635e85e7bdd1042fcf3ef9db0f347037e5c24",
    "data/patch-api/evidence/2.5.6-session-2026-10-09/configured-inputs/data/blizzard-ui-files/wrath.txt": "88893b67f75cc61d5a465ece771ca194e79c193305dfae48be484c52b1a9f0cd",
    "data/patch-api/evidence/2.5.6-session-2026-10-09/configured-inputs/src/client_profile.rs": "8f603ce85c8b4d67f2fdbc15194d47f0d3365f0c96d7dd85ce21e3a893554839",
    "data/patch-api/evidence/2.5.6-session-2026-10-09/configured-inputs/tests/common/publication_sweep.rs": "26babc6f764fb17d008b040c7141bbc790b9c3b998f04bad07f0ff06b7ac1701",
    "data/patch-api/evidence/2.5.6-session-2026-10-09/frozen-manifest.json": "b07fc204377842c8d5303f9cd4597acba02290bbe6874efe4ab160143c27d6ba",
    "data/patch-api/evidence/2.5.6-session-2026-10-09/frozen-registry.json": "e357f60af2c745b7797ab8f9e7ac151345cddb6bf43de7786ee25785ee92e91c",
    "data/patch-api/evidence/2.5.6-session-2026-10-09/historical-extract_patch_non_inventory.py": "870b77ccaebed678d7044b3002ccec8b7ace8fee3c077cd1867c17b0354932da",
    "data/patch-api/evidence/2.5.6-session-2026-10-09/historical-gen_patch_wikitext_register.py": "9947b580f94fd3f7ea331dc37ceab4b09cf1df9c2c57e18324ef43c00ad54bd6",
    "data/patch-api/evidence/2.5.6-session-2026-10-09/profile-observation.json": "3beaf2186742d22f97de3cd1991b909e5a30c6c39cd0e84ce5bb82315f4bb2a7",
    "data/patch-api/evidence/2.5.6-session-2026-10-09/red-scope.json": "e5fae3031d124fb3b623b680102fa51edd5a745ba3fe1987c1c15910d7899778",
    "data/patch-api/evidence/2.5.6-session-2026-10-09/red.log": "96b8efa61163e91fba2cdbae1d539f7c59b83c2893cbd6041712c3bf685f89a0",
    "data/patch-api/evidence/2.5.6-session-2026-10-09/replay_controls.py": "81061179953bc722f199119a222eb5dffaf8016db71646a3c1d78dc5418f73e6",
    "data/patch-api/evidence/2.5.6-session-2026-10-09/source-pin.json": "765f8395e8bcefd228ea8c798c0a4126406027227425e5a3e6815362ba62a1da",
    "data/patch-api/evidence/2.5.6-session-2026-10-09/source-response.json": "4b5c835e8f549a1e578be9a57b31c995c455d1f35560dffb44d74989d3a711f0",
    "data/patch-api/evidence/2.5.6-session-2026-10-09/test_source_accounting.py": "6b6ebf4b505b73be82dd4137b62d0e03d712a3bd8471930682673f4c604103ba",
    "data/patch-api/evidence/2.5.6-session-2026-10-09/validate.py": "42c010057ec8a03fb54083ddca5d7381aa59a7098414da2426562af26e397d5b",
    "data/patch-api/sources/2.5.6-api-changes.txt": "d962df6c23ecfb75b8905ad7274b33db28f025b7edfaf5d8c41e4661dd0ef4d0",
    "data/patch-api/sources/2.5.6-api-changes.wikitext": "9ea30f11808982a5c3f0a051b5a41bd8f7472ec7450c8e3576cdb515a4f9978a",
    "data/patch-api/sources/2.5.6-page-coverage.json": "86981595adcc1f2cf04a797812bf9c8f11814c9e76c700d443fc55f323f73387",
    "data/patch-api/evidence/2.5.6-session-2026-10-09/.gitignore": "32dae3052f331ee34d628ef535709b301259a45df7c7522c4d35dcf49873f00b",
    "data/patch-api/evidence/2.5.6-session-2026-10-09/red-validator.txt": "8daa285400ce42d55438f036cc3b03e41a40fdd50848a5ec769c9b0ab1209c6c",
    "data/patch-api/evidence/2.5.6-session-2026-10-09/source-proof.json": "c190ee4c930f1d0faa73d95c7bad6e09f40c48a03928c601a9cfa76f58ef4e17",
    "data/patch-api/evidence/2.5.6-session-2026-10-09/green.log": "e9ecf8d16ad39e3bdedd216d6f696abc152580c3438050d99be9a44471a0c9d0",
    "data/patch-api/evidence/2.5.6-session-2026-10-09/validator.log": "5a4b7845c1d993f1e1d9c7abd279423615c5dbeb58af486cda871cad7bf3a7b0",
    "data/patch-api/evidence/2.5.6-session-2026-10-09/seals.json": "59fe26b7403bde8a1d9841dc4572c694f54ce30b64ec0822991dc4d3a4ee0f51"
  },
  "archive_sha256": "7a9d805360ac34619da76f13dc57e7f1efcdd5f24f87fa5259ae649d4e553ed1",
  "archive_bytes": 228401,
  "git_present": false,
  "target_present": false,
  "current_tools_present": false,
  "current_runtime_present": false,
  "source_summary": {
    "configured_profiles": 7,
    "enumerated_api_occurrences": 0,
    "explicit_signatures": 0,
    "header_counts": [],
    "local_summary_contracts": 0,
    "model_observations": 0,
    "native_observations": 0,
    "removals": 0,
    "runtime_observations": 0,
    "sealed_inputs": 30,
    "source_rows": 6,
    "statuses": {
      "UNPROVEN": 1,
      "metadata-only": 5
    },
    "unexpanded_contracts": 1
  },
  "limit": "SOURCE/configuration replay only; native/model/full UI not measured."
}
