warning: iced-wgpu-patched/Cargo.toml: `lints.clippy.large-enum-variant` is deprecated in favor of `lints.clippy.large_enum_variant` and will not work in a future edition
warning: iced-wgpu-patched/Cargo.toml: `lints.clippy.map-entry` is deprecated in favor of `lints.clippy.map_entry` and will not work in a future edition
warning: iced-wgpu-patched/Cargo.toml: `lints.clippy.match-wildcard-for-single-variants` is deprecated in favor of `lints.clippy.match_wildcard_for_single_variants` and will not work in a future edition
warning: iced-wgpu-patched/Cargo.toml: `lints.clippy.redundant-closure-for-method-calls` is deprecated in favor of `lints.clippy.redundant_closure_for_method_calls` and will not work in a future edition
warning: iced-wgpu-patched/Cargo.toml: `lints.clippy.trivially-copy-pass-by-ref` is deprecated in favor of `lints.clippy.trivially_copy_pass_by_ref` and will not work in a future edition
warning: iced-wgpu-patched/Cargo.toml: `lints.clippy.type-complexity` is deprecated in favor of `lints.clippy.type_complexity` and will not work in a future edition
warning: `iced_wgpu` (manifest) generated 6 warnings
    Checking cfg-if v1.0.4
    Checking stable_deref_trait v1.2.1
    Checking memchr v2.7.6
    Checking smallvec v1.15.1
    Checking writeable v0.6.3
    Checking litemap v0.8.2
    Checking libc v0.2.180
    Checking crossbeam-utils v0.8.21
    Checking num-traits v0.2.19
    Checking zerofrom v0.1.7
    Checking simd-adler32 v0.3.8
    Checking pin-project-lite v0.2.16
    Checking either v1.15.0
    Checking libm v0.2.15
    Checking log v0.4.29
    Checking yoke v0.8.1
    Checking bytes v1.11.0
    Checking bytemuck v1.24.0
    Checking futures-core v0.3.31
    Checking itoa v1.0.17
    Checking adler2 v2.0.1
    Checking bitflags v2.10.0
    Checking once_cell v1.21.3
    Checking zerovec v0.11.5
    Checking zerotrie v0.2.3
    Checking miniz_oxide v0.8.9
    Checking crc32fast v1.5.0
    Checking crossbeam-epoch v0.9.18
    Checking icu_properties_data v2.1.2
    Checking utf8_iter v1.0.4
    Checking futures-sink v0.3.31
    Checking equator v0.4.2
    Checking icu_normalizer_data v2.1.1
    Checking weezl v0.1.12
    Checking zeroize v1.8.2
    Checking utf16_iter v1.0.5
    Checking crossbeam-deque v0.8.6
    Checking write16 v1.0.0
    Checking percent-encoding v2.3.2
    Checking aligned-vec v0.6.4
    Checking http v1.4.0
    Checking rustls-pki-types v1.14.1
    Checking zerocopy v0.8.33
    Checking flate2 v1.1.9
    Checking tracing-core v0.1.36
    Checking rayon-core v1.13.0
    Checking futures-io v0.3.31
    Checking num-integer v0.1.46
    Checking arrayvec v0.7.6
    Checking pin-utils v0.1.0
    Checking untrusted v0.9.0
    Checking futures-task v0.3.31
    Checking slab v0.4.11
    Checking v_frame v0.3.9
    Checking num-bigint v0.4.6
    Checking typenum v1.19.0
    Checking anyhow v1.0.100
    Checking serde_core v1.0.228
    Checking core_maths v0.1.1
    Checking futures-util v0.3.31
    Checking mio v1.1.1
    Checking rayon v1.11.0
    Checking socket2 v0.6.1
    Checking getrandom v0.2.16
    Checking ring v0.17.14
    Checking tinystr v0.8.2
    Checking potential_utf v0.1.4
    Checking icu_collections v2.1.1
    Checking http-body v1.0.1
    Checking icu_locale_core v2.1.1
    Checking font-types v0.10.1
    Checking tokio v1.49.0
    Checking fdeflate v0.3.7
    Checking as-slice v0.2.1
    Checking tower-service v0.3.3
    Checking color_quant v1.1.0
    Checking try-lock v0.2.5
    Checking aligned v0.4.3
    Checking want v0.3.1
    Checking generic-array v0.14.7
    Checking tracing v0.1.44
    Checking thiserror v2.0.17
    Checking read-fonts v0.35.0
    Checking icu_locale_data v2.1.2
    Checking httparse v1.10.1
    Checking form_urlencoded v1.2.2
    Checking futures-channel v0.3.31
    Checking num-rational v0.4.2
    Checking nom v8.0.0
    Checking core2 v0.4.0
    Checking icu_provider v2.1.1
    Checking aho-corasick v1.1.4
    Checking zune-inflate v0.2.54
   Compiling rustix v1.1.3
    Checking lebe v0.5.3
    Checking icu_properties v2.1.2
    Checking icu_normalizer v2.1.1
    Checking half v2.7.1
    Checking rustls-webpki v0.103.13
    Checking siphasher v1.0.2
    Checking quick-error v2.0.1
    Checking ryu v1.0.23
    Checking atomic-waker v1.1.2
    Checking y4m v0.8.0
    Checking regex-syntax v0.8.8
    Checking utf8parse v0.2.2
    Checking bit_field v0.10.3
    Checking subtle v2.6.1
    Checking anstyle-parse v0.2.7
    Checking av-scenechange v0.14.1
    Checking exr v1.74.0
    Checking rustls v0.23.40
    Checking serde v1.0.228
    Checking maybe-rayon v0.1.1
    Checking jpeg-decoder v0.3.2
    Checking phf_shared v0.11.3
    Checking icu_locale v2.1.1
    Checking profiling v1.0.17
    Checking idna_adapter v1.2.1
    Checking bitstream-io v4.9.0
    Checking qoi v0.4.1
    Checking idna v1.1.0
    Checking sync_wrapper v1.0.2
    Checking itertools v0.14.0
    Checking base64 v0.22.1
    Checking tinyvec_macros v0.1.1
    Checking is_terminal_polyfill v1.70.2
    Checking anstyle-query v1.1.5
    Checking imgref v1.12.0
    Checking bitflags v1.3.2
    Checking tower-layer v0.3.3
    Checking new_debug_unreachable v1.0.6
    Checking rand_core v0.6.4
    Checking roxmltree v0.20.0
    Checking colorchoice v1.0.4
    Checking ipnet v2.12.0
    Checking linux-raw-sys v0.11.0
    Checking zune-core v0.4.12
    Checking scopeguard v1.2.0
    Checking anstyle v1.0.13
    Checking zune-jpeg v0.4.21
    Checking lock_api v0.4.14
    Checking fontconfig-parser v0.5.8
    Checking anstream v0.6.21
    Checking rand v0.8.5
    Checking loop9 v0.1.5
    Checking png v0.17.16
    Checking av1-grain v0.2.5
    Checking url v2.5.8
    Checking regex-automata v0.4.13
    Checking tinyvec v1.10.0
    Checking fax v0.2.6
    Checking hyper v1.9.0
    Checking tower v0.5.3
    Checking rav1e v0.8.1
    Checking tiff v0.9.1
    Checking slotmap v1.1.1
    Checking block-buffer v0.10.4
    Checking crypto-common v0.1.7
    Checking gif v0.13.3
    Checking ttf-parser v0.25.1
    Checking memmap2 v0.9.9
    Checking webpki-roots v1.0.7
    Checking avif-serialize v0.8.6
    Checking pxfm v0.1.27
    Checking zeno v0.3.3
    Checking rgb v0.8.52
    Checking hyper-util v0.1.20
    Checking strsim v0.11.1
    Checking minimal-lexical v0.2.1
    Checking yazi v0.2.1
    Checking lazy_static v1.5.0
    Checking option-ext v0.2.0
    Checking byteorder v1.5.0
    Checking clap_lex v0.7.7
    Checking zune-core v0.5.0
    Checking byteorder-lite v0.1.0
    Checking clap_builder v4.5.56
    Checking image v0.24.9
    Checking zune-jpeg v0.5.8
   Compiling wow-ui-sim v0.1.0 (/home/osso/.worktrees/wow-ui-sim-p1601-source)
    Checking image-webp v0.2.4
    Checking tokio-rustls v0.26.4
    Checking xattr v1.6.1
    Checking dirs-sys v0.4.1
    Checking hyper-rustls v0.27.9
    Checking sharded-slab v0.1.7
    Checking nom v7.1.3
    Checking thiserror v1.0.69
    Checking tower-http v0.6.10
    Checking digest v0.10.7
    Checking tiff v0.10.3
    Checking phf_generator v0.11.3
    Checking icu_casemap_data v2.1.1
    Checking icu_collator_data v2.1.1
    Checking icu_segmenter_data v2.1.1
    Checking spin v0.9.8
    Checking icu_plurals_data v2.1.1
    Checking zmij v1.0.14
    Checking serde_urlencoded v0.7.1
    Checking texpresso v2.0.2
    Checking skrifa v0.37.0
    Checking matchers v0.2.0
    Checking fontdb v0.23.0
    Checking harfrust v0.3.2
    Checking fixed_decimal v0.7.0
    Checking gif v0.14.1
    Checking png v0.18.0
    Checking http-body-util v0.1.3
    Checking filetime v0.2.28
    Checking tracing-log v0.2.0
    Checking thread_local v1.1.9
    Checking unicode-linebreak v0.1.5
    Checking sys-locale v0.3.2
    Checking rustc-hash v1.1.0
    Checking linebender_resource_handle v0.1.1
    Checking smol_str v0.2.2
    Checking nu-ansi-term v0.50.3
    Checking same-file v1.0.6
    Checking unicode-script v0.5.8
    Checking moxcms v0.7.11
    Checking self_cell v1.2.2
    Checking unicode-bidi v0.3.18
    Checking cpufeatures v0.2.17
    Checking rangemap v1.7.1
    Checking unicode-segmentation v1.12.0
    Checking sha2 v0.10.9
    Checking tracing-subscriber v0.3.22
    Checking walkdir v2.5.0
    Checking reqwest v0.12.28
    Checking tar v0.4.45
    Checking clap v4.5.56
    Checking icu_plurals v2.1.1
    Checking serde_json v1.0.149
    Checking regex v1.12.2
    Checking icu_segmenter v2.1.1
    Checking icu_collator v2.1.1
    Checking phf_codegen v0.11.3
    Checking icu_casemap v2.1.1
    Checking phf v0.11.3
    Checking image-blp v1.2.0
    Checking dirs v5.0.1
    Checking quick-xml v0.37.5
    Checking rilua v0.1.21 (https://github.com/Osso/rilua.git?rev=842e4d3ff8592af45a5a93058eddf93419d29012#842e4d3f)
    Checking glob v0.3.3
    Checking httpdate v1.0.3
    Checking rustc-hash v2.1.2
    Checking unicode-blocks v0.1.10
    Checking ravif v0.12.0
    Checking swash v0.2.6
    Checking image v0.25.9
    Checking cosmic-text v0.15.0
warning: constant `PROVENANCE_SCHEMA` is never used
  --> src/blizzard_ui_sync.rs:28:7
   |
28 | const PROVENANCE_SCHEMA: &str = "1";
   |       ^^^^^^^^^^^^^^^^^
   |
   = note: `#[warn(dead_code)]` (part of `#[warn(unused)]`) on by default

warning: associated function `new` is never used
   --> src/blizzard_ui_sync.rs:180:8
    |
179 | impl CacheProvenance {
    | -------------------- associated function in this implementation
180 |     fn new(
    |        ^^^

warning: function `remove_missing_marker` is never used
   --> src/blizzard_ui_sync.rs:663:4
    |
663 | fn remove_missing_marker(path: &Path) {
    |    ^^^^^^^^^^^^^^^^^^^^^

warning: function `ensure_known_asset_cached` is never used
  --> src/casc_asset_fallback.rs:93:15
   |
93 | pub(crate) fn ensure_known_asset_cached(_path: &str, _out_path: &Path) -> Option<PathBuf> {
   |               ^^^^^^^^^^^^^^^^^^^^^^^^^

warning: field `encoding_key_hex` is never read
  --> src/render/font.rs:44:5
   |
41 | struct WowFontFile {
   |        ----------- field in this struct
...
44 |     encoding_key_hex: Option<&'static str>,
   |     ^^^^^^^^^^^^^^^^

warning: `wow-ui-sim` (lib) generated 5 warnings
    Finished `dev` profile [optimized + debuginfo] target(s) in 32.77s
