warning: iced-wgpu-patched/Cargo.toml: `lints.clippy.large-enum-variant` is deprecated in favor of `lints.clippy.large_enum_variant` and will not work in a future edition
warning: iced-wgpu-patched/Cargo.toml: `lints.clippy.map-entry` is deprecated in favor of `lints.clippy.map_entry` and will not work in a future edition
warning: iced-wgpu-patched/Cargo.toml: `lints.clippy.match-wildcard-for-single-variants` is deprecated in favor of `lints.clippy.match_wildcard_for_single_variants` and will not work in a future edition
warning: iced-wgpu-patched/Cargo.toml: `lints.clippy.redundant-closure-for-method-calls` is deprecated in favor of `lints.clippy.redundant_closure_for_method_calls` and will not work in a future edition
warning: iced-wgpu-patched/Cargo.toml: `lints.clippy.trivially-copy-pass-by-ref` is deprecated in favor of `lints.clippy.trivially_copy_pass_by_ref` and will not work in a future edition
warning: iced-wgpu-patched/Cargo.toml: `lints.clippy.type-complexity` is deprecated in favor of `lints.clippy.type_complexity` and will not work in a future edition
warning: `iced_wgpu` (manifest) generated 6 warnings
   Compiling wow-ui-sim v0.1.0 (/home/osso/.worktrees/wow-ui-sim-p1601-source)
error[E0609]: no field `bnet_custom_message` on type `RefMut<'_, SimState>`
   --> src/c_api/addon_messages.rs:107:34
    |
107 |         borrow_state_mut(state)?.bnet_custom_message = text;
    |                                  ^^^^^^^^^^^^^^^^^^^ unknown field
    |
    = note: available fields are: `private_aura_anchors`, `input_interface_style`, `gamepad_mapped_sticks`, `gamepad_allow_hover_events_with_free_look`, `widgets` ... and 95 others

error[E0609]: no field `combat_log_restricted` on type `Ref<'_, SimState>`
  --> src/c_api/c_combat_log.rs:14:68
   |
14 |         let restricted = crate::lua_api::methods::borrow_state(s)?.combat_log_restricted;
   |                                                                    ^^^^^^^^^^^^^^^^^^^^^ unknown field
   |
   = note: available fields are: `private_aura_anchors`, `input_interface_style`, `gamepad_mapped_sticks`, `gamepad_allow_hover_events_with_free_look`, `widgets` ... and 95 others

For more information about this error, try `rustc --explain E0609`.
error: could not compile `wow-ui-sim` (lib) due to 2 previous errors
