warning: iced-wgpu-patched/Cargo.toml: `lints.clippy.large-enum-variant` is deprecated in favor of `lints.clippy.large_enum_variant` and will not work in a future edition
warning: iced-wgpu-patched/Cargo.toml: `lints.clippy.map-entry` is deprecated in favor of `lints.clippy.map_entry` and will not work in a future edition
warning: iced-wgpu-patched/Cargo.toml: `lints.clippy.match-wildcard-for-single-variants` is deprecated in favor of `lints.clippy.match_wildcard_for_single_variants` and will not work in a future edition
warning: iced-wgpu-patched/Cargo.toml: `lints.clippy.redundant-closure-for-method-calls` is deprecated in favor of `lints.clippy.redundant_closure_for_method_calls` and will not work in a future edition
warning: iced-wgpu-patched/Cargo.toml: `lints.clippy.trivially-copy-pass-by-ref` is deprecated in favor of `lints.clippy.trivially_copy_pass_by_ref` and will not work in a future edition
warning: iced-wgpu-patched/Cargo.toml: `lints.clippy.type-complexity` is deprecated in favor of `lints.clippy.type_complexity` and will not work in a future edition
warning: `iced_wgpu` (manifest) generated 6 warnings
   Compiling wow-ui-sim v0.1.0 (/home/osso/.worktrees/wow-ui-sim-p732-page)
    Finished `test` profile [optimized + debuginfo] target(s) in 8.52s
     Running tests/prefork_full_ui.rs (/home/osso/.cache/wow-ui-sim-targets/p732-page/debug/deps/prefork_full_ui-21dd5c807fe7a7b6)
[  0.000s] [Startup] WowLuaEnv::new begin
[  0.002s] [Startup] SimState::default complete in 1.90ms
[  0.002s] [Startup] rilua VM created in 88.36µs
[  0.002s] [Startup] builtin frames initialized in 60.66µs
[  0.002s] [Startup] template registry cleared in 6.41µs
[  0.002s] [Startup] intrinsic templates registered in 5.05µs
[  0.002s] [Startup] initial app_data lua handle installed in 451.00ns
[  0.092s] [Startup] init_lua_state complete in 89.65ms
[  0.092s] [Startup] final app_data lua handle installed in 181.00ns
[  0.092s] [Startup] initial screen globals installed in 52.08µs
[  0.092s] [Startup] WowLuaEnv::new complete
[  1.887s] [Startup] apply_post_load_workarounds: begin
[  1.887s] [Workarounds] starting patch_edit_mode_manager
[  1.888s] [Workarounds] finished patch_edit_mode_manager in 240.10µs
[  1.888s] [Workarounds] starting init_edit_mode_layout
[  1.888s] [EditMode] starting setup_layout_info
[  1.890s] [EditMode] finished setup_layout_info in 2.52ms
[  1.890s] [EditMode] starting apply_system_anchors
[  1.993s] [EditMode] finished apply_system_anchors in 103.24ms
[  1.993s] [EditMode] starting finalize_action_bar_positions
[  1.995s] [EditMode] finished finalize_action_bar_positions in 1.33ms
[  1.995s] [EditMode] starting invoke_anchor_changed_hooks
[  1.995s] [EditMode] finished invoke_anchor_changed_hooks in 320.53µs
[  1.995s] [EditMode] starting fix_action_bar_nan_size
[  1.995s] [EditMode] finished fix_action_bar_nan_size in 31.31µs
[  1.995s] [EditMode] starting fix_action_bar_scale
[  1.995s] [EditMode] finished fix_action_bar_scale in 3.59µs
[  1.995s] [Workarounds] finished init_edit_mode_layout in 107.49ms
[  1.995s] [Workarounds] starting patch_ui_parent_panel_toggles
[  1.995s] [Workarounds] finished patch_ui_parent_panel_toggles in 182.57µs
[  1.995s] [Workarounds] starting patch_uiparent_onupdate_worklists
[  1.995s] [Workarounds] finished patch_uiparent_onupdate_worklists in 75.71µs
[  1.995s] [Workarounds] starting init_chat_type_colors
[  1.995s] [Workarounds] finished init_chat_type_colors in 96.82µs
[  1.995s] [Workarounds] starting patch_chat_voice_button_surface
[  1.996s] [Workarounds] finished patch_chat_voice_button_surface in 88.21µs
[  1.996s] [Workarounds] starting patch_item_socketing_tooltips
[  1.996s] [Workarounds] finished patch_item_socketing_tooltips in 45.86µs
[  1.996s] [Workarounds] starting patch_character_select_selected_name
[  1.996s] [Workarounds] finished patch_character_select_selected_name in 23.48µs
[  1.996s] [Workarounds] starting patch_character_create_defaults
[  1.996s] [Workarounds] finished patch_character_create_defaults in 172.18µs
[  1.996s] [Workarounds] starting patch_character_frame_title_refresh
[  2.000s] [Workarounds] finished patch_character_frame_title_refresh in 4.47ms
[  2.000s] [Workarounds] starting patch_vignette_pin_template
[  2.000s] [Workarounds] finished patch_vignette_pin_template in 66.67µs
[  2.000s] [Workarounds] starting patch_fog_of_war_pin_mixin
[  2.001s] [Workarounds] finished patch_fog_of_war_pin_mixin in 210.32µs
[  2.001s] [Workarounds] starting patch_map_exploration_pin_mixin
[  2.005s] [Workarounds] finished patch_map_exploration_pin_mixin in 4.23ms
[  2.005s] [Workarounds] starting patch_map_canvas_data_provider_attachment
[  2.005s] [Workarounds] finished patch_map_canvas_data_provider_attachment in 46.12µs
[  2.005s] [Workarounds] starting ensure_adventure_map_frame_surface
[  2.005s] [Workarounds] finished ensure_adventure_map_frame_surface in 326.97µs
[  2.005s] [Workarounds] starting patch_action_bar_button_event_fanout
[  2.005s] [Workarounds] finished patch_action_bar_button_event_fanout in 76.50µs
[  2.005s] [Workarounds] starting patch_paging_controls_page_text
[  2.005s] [Workarounds] finished patch_paging_controls_page_text in 32.87µs
[  2.005s] [Workarounds] starting patch_talent_edge_frame_level_sync
[  2.005s] [Workarounds] finished patch_talent_edge_frame_level_sync in 23.67µs
[  2.005s] [Workarounds] starting patch_catalog_shop_product_card_defaults
[  2.005s] [Workarounds] finished patch_catalog_shop_product_card_defaults in 47.94µs
[  2.005s] [Workarounds] starting patch_game_time_defaults
[  2.005s] [Workarounds] finished patch_game_time_defaults in 5.57µs
[  2.005s] [Workarounds] starting patch_tooltip_nineslice_surface
[  2.005s] [Workarounds] finished patch_tooltip_nineslice_surface in 33.41µs
[  2.005s] [Workarounds] starting patch_container_frame_token_tracker
[  2.005s] [Workarounds] finished patch_container_frame_token_tracker in 31.72µs
[  2.005s] [Workarounds] starting patch_achievement_display_set_achievements
[  2.005s] [Workarounds] finished patch_achievement_display_set_achievements in 6.51µs
[  2.005s] [Workarounds] starting patch_housing_dashboard_preload
[  2.006s] [Workarounds] finished patch_housing_dashboard_preload in 121.00µs
[  2.006s] [Workarounds] starting patch_lfg_lock_list
[  2.006s] [Workarounds] finished patch_lfg_lock_list in 23.73µs
[  2.006s] [Workarounds] starting patch_auction_house_browse_results_event
[  2.006s] [Workarounds] finished patch_auction_house_browse_results_event in 50.13µs
[  2.006s] [Workarounds] starting patch_auction_house_search_context_aliases
[  2.006s] [Workarounds] finished patch_auction_house_search_context_aliases in 22.56µs
[  2.006s] [Workarounds] starting patch_auth_challenge_frame_parent
[  2.006s] [Workarounds] finished patch_auth_challenge_frame_parent in 50.72µs
[  2.006s] [Workarounds] starting patch_settings_surface_defaults
[  2.006s] [Workarounds] finished patch_settings_surface_defaults in 263.25µs
[  2.006s] [Workarounds] starting patch_settings_canvas_layout_visibility
[  2.006s] [Workarounds] finished patch_settings_canvas_layout_visibility in 85.88µs
[  2.006s] [Startup] apply_post_load_workarounds: workarounds complete
[  2.055s] [Startup] apply_post_load_workarounds: globals restored
[  2.055s] [Startup] apply_post_load_workarounds: patch 12.1 compatibility restored
[  2.055s] [Startup] apply_post_load_workarounds: seterrorhandler restored
[  2.177s] [Startup] begin login sequence
[  2.177s] [Startup] Firing ADDON_LOADED
[  2.177s] [Startup] Firing VARIABLES_LOADED
[  2.254s] [Startup] Firing DISPLAY_SIZE_CHANGED
[  2.292s] [Startup] Firing UI_SCALE_CHANGED
[  2.293s] [Startup] Firing PLAYER_LOGIN
[  2.293s] [Startup] end login sequence in 116.15ms
[  2.293s] [Startup] begin world enter sequence
[  2.293s] [Startup] Skipping EDIT_MODE_LAYOUTS_UPDATED
[  2.293s] [Startup] Firing TIME_PLAYED_MSG via RequestTimePlayed
[  2.293s] [Startup] Firing PLAYER_ENTERING_WORLD
[  2.479s] [EditMode] starting setup_layout_info
[  2.482s] [EditMode] finished setup_layout_info in 3.05ms
[  2.482s] [EditMode] starting apply_system_anchors
[  2.584s] [EditMode] finished apply_system_anchors in 101.85ms
[  2.584s] [EditMode] starting finalize_action_bar_positions
[  2.586s] [EditMode] finished finalize_action_bar_positions in 1.73ms
[  2.586s] [EditMode] starting invoke_anchor_changed_hooks
[  2.590s] [EditMode] finished invoke_anchor_changed_hooks in 4.57ms
[  2.590s] [EditMode] starting fix_action_bar_nan_size
[  2.590s] [EditMode] finished fix_action_bar_nan_size in 52.03µs
[  2.590s] [EditMode] starting fix_action_bar_scale
[  2.590s] [EditMode] finished fix_action_bar_scale in 3.33µs
[  2.590s] [EditMode] starting reapply_player_frame_anchor
[  2.591s] [EditMode] finished reapply_player_frame_anchor in 1.24ms
[  2.598s] [Startup] end world enter sequence in 305.15ms
[  2.598s] [Startup] begin post-login events
[  2.599s] [Startup] Firing UNIT_AURA
[  2.600s] [Startup] Firing PET_UI_UPDATE
[  2.601s] [Startup] Firing BAG_UPDATE_DELAYED
[  2.602s] [Startup] Firing QUEST_LOG_UPDATE
[  2.603s] [Startup] Firing GROUP_ROSTER_UPDATE
[  2.672s] [Startup] Firing ACTIONBAR_UPDATE_STATE
[  2.672s] [Startup] Firing ACTIONBAR_UPDATE_COOLDOWN
[  2.673s] [Startup] Firing UPDATE_BONUS_ACTIONBAR
[  2.682s] [Startup] Firing PLAYER_CAN_GLIDE_CHANGED
[  2.682s] [Startup] Firing PLAYER_IS_GLIDING_CHANGED
[  2.682s] [Startup] Firing UPDATE_BINDINGS
[  2.684s] [Startup] Firing UPDATE_CHAT_WINDOWS
[  2.687s] [Startup] Firing LFG_UPDATE_RANDOM_INFO
[  2.687s] [Startup] end post-login events in 88.85ms
[  2.687s] [Startup] begin close startup special windows
[  2.688s] [Startup] end close startup special windows in 218.67µs
[  2.688s] [Startup] begin FIRST_FRAME_RENDERED
[  2.688s] [Startup] Firing FIRST_FRAME_RENDERED
[  2.688s] [Startup] end FIRST_FRAME_RENDERED in 131.22µs
[  2.688s] [Startup] begin unblock hidden splash alerts
[  2.688s] [Startup] end unblock hidden splash alerts in 12.96µs
[  2.688s] [Startup] begin post-event workarounds
[  2.688s] [Startup] end post-event workarounds in 1.53µs
running 4 tests
test patch_7_3_2_session_protection::patch_7_3_2_cached_insecure_session_actions_are_blocked ... ok
test patch_7_3_2_session_protection::patch_7_3_2_cached_menu_logout_preserves_transition ... ok
test patch_7_3_2_publication_sweep::patch_7_3_2_publication_sweep ... ok
test patch_7_3_2_session_protection::patch_7_3_2_cached_session_popups_preserve_existing_actions ... ok

test result: ok. 4 passed; 0 failed; 4 total
