warning: iced-wgpu-patched/Cargo.toml: `lints.clippy.large-enum-variant` is deprecated in favor of `lints.clippy.large_enum_variant` and will not work in a future edition
warning: iced-wgpu-patched/Cargo.toml: `lints.clippy.map-entry` is deprecated in favor of `lints.clippy.map_entry` and will not work in a future edition
warning: iced-wgpu-patched/Cargo.toml: `lints.clippy.match-wildcard-for-single-variants` is deprecated in favor of `lints.clippy.match_wildcard_for_single_variants` and will not work in a future edition
warning: iced-wgpu-patched/Cargo.toml: `lints.clippy.redundant-closure-for-method-calls` is deprecated in favor of `lints.clippy.redundant_closure_for_method_calls` and will not work in a future edition
warning: iced-wgpu-patched/Cargo.toml: `lints.clippy.trivially-copy-pass-by-ref` is deprecated in favor of `lints.clippy.trivially_copy_pass_by_ref` and will not work in a future edition
warning: iced-wgpu-patched/Cargo.toml: `lints.clippy.type-complexity` is deprecated in favor of `lints.clippy.type_complexity` and will not work in a future edition
warning: `iced_wgpu` (manifest) generated 6 warnings
   Compiling wow-ui-sim v0.1.0 (/home/osso/.worktrees/wow-ui-sim-p732-page)
    Finished `test` profile [optimized + debuginfo] target(s) in 8.61s
     Running tests/prefork_full_ui.rs (/home/osso/.cache/wow-ui-sim-targets/p732-page/debug/deps/prefork_full_ui-21dd5c807fe7a7b6)
[  0.000s] [Startup] WowLuaEnv::new begin
[  0.002s] [Startup] SimState::default complete in 2.05ms
[  0.002s] [Startup] rilua VM created in 82.36µs
[  0.002s] [Startup] builtin frames initialized in 56.05µs
[  0.002s] [Startup] template registry cleared in 5.28µs
[  0.002s] [Startup] intrinsic templates registered in 5.90µs
[  0.002s] [Startup] initial app_data lua handle installed in 261.00ns
[  0.091s] [Startup] init_lua_state complete in 88.84ms
[  0.091s] [Startup] final app_data lua handle installed in 171.00ns
[  0.091s] [Startup] initial screen globals installed in 52.31µs
[  0.091s] [Startup] WowLuaEnv::new complete
[  1.913s] [Startup] apply_post_load_workarounds: begin
[  1.913s] [Workarounds] starting patch_edit_mode_manager
[  1.913s] [Workarounds] finished patch_edit_mode_manager in 242.30µs
[  1.913s] [Workarounds] starting init_edit_mode_layout
[  1.913s] [EditMode] starting setup_layout_info
[  1.916s] [EditMode] finished setup_layout_info in 2.58ms
[  1.916s] [EditMode] starting apply_system_anchors
[  2.021s] [EditMode] finished apply_system_anchors in 105.23ms
[  2.021s] [EditMode] starting finalize_action_bar_positions
[  2.023s] [EditMode] finished finalize_action_bar_positions in 1.26ms
[  2.023s] [EditMode] starting invoke_anchor_changed_hooks
[  2.023s] [EditMode] finished invoke_anchor_changed_hooks in 324.86µs
[  2.023s] [EditMode] starting fix_action_bar_nan_size
[  2.023s] [EditMode] finished fix_action_bar_nan_size in 31.71µs
[  2.023s] [EditMode] starting fix_action_bar_scale
[  2.023s] [EditMode] finished fix_action_bar_scale in 3.36µs
[  2.023s] [Workarounds] finished init_edit_mode_layout in 109.47ms
[  2.023s] [Workarounds] starting patch_ui_parent_panel_toggles
[  2.023s] [Workarounds] finished patch_ui_parent_panel_toggles in 181.67µs
[  2.023s] [Workarounds] starting patch_uiparent_onupdate_worklists
[  2.023s] [Workarounds] finished patch_uiparent_onupdate_worklists in 76.27µs
[  2.023s] [Workarounds] starting init_chat_type_colors
[  2.023s] [Workarounds] finished init_chat_type_colors in 98.52µs
[  2.023s] [Workarounds] starting patch_chat_voice_button_surface
[  2.023s] [Workarounds] finished patch_chat_voice_button_surface in 86.44µs
[  2.023s] [Workarounds] starting patch_item_socketing_tooltips
[  2.023s] [Workarounds] finished patch_item_socketing_tooltips in 46.40µs
[  2.023s] [Workarounds] starting patch_character_select_selected_name
[  2.023s] [Workarounds] finished patch_character_select_selected_name in 24.95µs
[  2.023s] [Workarounds] starting patch_character_create_defaults
[  2.024s] [Workarounds] finished patch_character_create_defaults in 174.66µs
[  2.024s] [Workarounds] starting patch_character_frame_title_refresh
[  2.028s] [Workarounds] finished patch_character_frame_title_refresh in 4.50ms
[  2.028s] [Workarounds] starting patch_vignette_pin_template
[  2.028s] [Workarounds] finished patch_vignette_pin_template in 68.73µs
[  2.028s] [Workarounds] starting patch_fog_of_war_pin_mixin
[  2.028s] [Workarounds] finished patch_fog_of_war_pin_mixin in 208.39µs
[  2.028s] [Workarounds] starting patch_map_exploration_pin_mixin
[  2.033s] [Workarounds] finished patch_map_exploration_pin_mixin in 4.24ms
[  2.033s] [Workarounds] starting patch_map_canvas_data_provider_attachment
[  2.033s] [Workarounds] finished patch_map_canvas_data_provider_attachment in 48.73µs
[  2.033s] [Workarounds] starting ensure_adventure_map_frame_surface
[  2.033s] [Workarounds] finished ensure_adventure_map_frame_surface in 332.76µs
[  2.033s] [Workarounds] starting patch_action_bar_button_event_fanout
[  2.033s] [Workarounds] finished patch_action_bar_button_event_fanout in 76.04µs
[  2.033s] [Workarounds] starting patch_paging_controls_page_text
[  2.033s] [Workarounds] finished patch_paging_controls_page_text in 30.06µs
[  2.033s] [Workarounds] starting patch_talent_edge_frame_level_sync
[  2.033s] [Workarounds] finished patch_talent_edge_frame_level_sync in 22.93µs
[  2.033s] [Workarounds] starting patch_catalog_shop_product_card_defaults
[  2.033s] [Workarounds] finished patch_catalog_shop_product_card_defaults in 47.88µs
[  2.033s] [Workarounds] starting patch_game_time_defaults
[  2.033s] [Workarounds] finished patch_game_time_defaults in 5.35µs
[  2.033s] [Workarounds] starting patch_tooltip_nineslice_surface
[  2.033s] [Workarounds] finished patch_tooltip_nineslice_surface in 33.76µs
[  2.033s] [Workarounds] starting patch_container_frame_token_tracker
[  2.033s] [Workarounds] finished patch_container_frame_token_tracker in 31.40µs
[  2.033s] [Workarounds] starting patch_achievement_display_set_achievements
[  2.033s] [Workarounds] finished patch_achievement_display_set_achievements in 5.95µs
[  2.033s] [Workarounds] starting patch_housing_dashboard_preload
[  2.033s] [Workarounds] finished patch_housing_dashboard_preload in 124.28µs
[  2.033s] [Workarounds] starting patch_lfg_lock_list
[  2.034s] [Workarounds] finished patch_lfg_lock_list in 24.08µs
[  2.034s] [Workarounds] starting patch_auction_house_browse_results_event
[  2.034s] [Workarounds] finished patch_auction_house_browse_results_event in 50.43µs
[  2.034s] [Workarounds] starting patch_auction_house_search_context_aliases
[  2.034s] [Workarounds] finished patch_auction_house_search_context_aliases in 22.83µs
[  2.034s] [Workarounds] starting patch_auth_challenge_frame_parent
[  2.034s] [Workarounds] finished patch_auth_challenge_frame_parent in 50.53µs
[  2.034s] [Workarounds] starting patch_settings_surface_defaults
[  2.034s] [Workarounds] finished patch_settings_surface_defaults in 270.37µs
[  2.034s] [Workarounds] starting patch_settings_canvas_layout_visibility
[  2.034s] [Workarounds] finished patch_settings_canvas_layout_visibility in 87.21µs
[  2.034s] [Startup] apply_post_load_workarounds: workarounds complete
[  2.085s] [Startup] apply_post_load_workarounds: globals restored
[  2.086s] [Startup] apply_post_load_workarounds: patch 12.1 compatibility restored
[  2.086s] [Startup] apply_post_load_workarounds: seterrorhandler restored
[  2.205s] [Startup] begin login sequence
[  2.205s] [Startup] Firing ADDON_LOADED
[  2.205s] [Startup] Firing VARIABLES_LOADED
[  2.278s] [Startup] Firing DISPLAY_SIZE_CHANGED
[  2.315s] [Startup] Firing UI_SCALE_CHANGED
[  2.316s] [Startup] Firing PLAYER_LOGIN
[  2.316s] [Startup] end login sequence in 111.31ms
[  2.316s] [Startup] begin world enter sequence
[  2.316s] [Startup] Skipping EDIT_MODE_LAYOUTS_UPDATED
[  2.316s] [Startup] Firing TIME_PLAYED_MSG via RequestTimePlayed
[  2.316s] [Startup] Firing PLAYER_ENTERING_WORLD
[  2.496s] [EditMode] starting setup_layout_info
[  2.499s] [EditMode] finished setup_layout_info in 2.99ms
[  2.499s] [EditMode] starting apply_system_anchors
[  2.596s] [EditMode] finished apply_system_anchors in 96.33ms
[  2.596s] [EditMode] starting finalize_action_bar_positions
[  2.597s] [EditMode] finished finalize_action_bar_positions in 1.64ms
[  2.597s] [EditMode] starting invoke_anchor_changed_hooks
[  2.602s] [EditMode] finished invoke_anchor_changed_hooks in 4.38ms
[  2.602s] [EditMode] starting fix_action_bar_nan_size
[  2.602s] [EditMode] finished fix_action_bar_nan_size in 47.09µs
[  2.602s] [EditMode] starting fix_action_bar_scale
[  2.602s] [EditMode] finished fix_action_bar_scale in 3.55µs
[  2.602s] [EditMode] starting reapply_player_frame_anchor
[  2.603s] [EditMode] finished reapply_player_frame_anchor in 1.17ms
[  2.610s] [Startup] end world enter sequence in 293.43ms
[  2.610s] [Startup] begin post-login events
[  2.610s] [Startup] Firing UNIT_AURA
[  2.611s] [Startup] Firing PET_UI_UPDATE
[  2.612s] [Startup] Firing BAG_UPDATE_DELAYED
[  2.613s] [Startup] Firing QUEST_LOG_UPDATE
[  2.614s] [Startup] Firing GROUP_ROSTER_UPDATE
[  2.682s] [Startup] Firing ACTIONBAR_UPDATE_STATE
[  2.682s] [Startup] Firing ACTIONBAR_UPDATE_COOLDOWN
[  2.683s] [Startup] Firing UPDATE_BONUS_ACTIONBAR
[  2.692s] [Startup] Firing PLAYER_CAN_GLIDE_CHANGED
[  2.692s] [Startup] Firing PLAYER_IS_GLIDING_CHANGED
[  2.692s] [Startup] Firing UPDATE_BINDINGS
[  2.695s] [Startup] Firing UPDATE_CHAT_WINDOWS
[  2.697s] [Startup] Firing LFG_UPDATE_RANDOM_INFO
[  2.698s] [Startup] end post-login events in 87.92ms
[  2.698s] [Startup] begin close startup special windows
[  2.698s] [Startup] end close startup special windows in 204.30µs
[  2.698s] [Startup] begin FIRST_FRAME_RENDERED
[  2.698s] [Startup] Firing FIRST_FRAME_RENDERED
[  2.698s] [Startup] end FIRST_FRAME_RENDERED in 121.90µs
[  2.698s] [Startup] begin unblock hidden splash alerts
[  2.698s] [Startup] end unblock hidden splash alerts in 11.47µs
[  2.698s] [Startup] begin post-event workarounds
[  2.698s] [Startup] end post-event workarounds in 911.00ns
running 5 tests
test patch_7_3_2_session_protection::patch_7_3_2_cached_insecure_session_actions_are_blocked ... ok
test patch_7_3_2_session_protection::patch_7_3_2_cached_menu_logout_preserves_transition ... ok
test patch_7_3_2_session_protection::patch_7_3_2_cached_session_popups_preserve_existing_actions ... ok
test patch_7_3_2_session_protection::patch_7_3_2_cached_slash_session_commands_preserve_transitions ... FAILED (panic: secure Blizzard chat command should execute: Lua(Runtime(RuntimeError { message: "bad argument #1 to 'assert' (value expected)", level: 0, traceback: [] })))
---- patch_7_3_2_session_protection::patch_7_3_2_cached_slash_session_commands_preserve_transitions stderr ----

thread 'main' (760410) panicked at /home/osso/.worktrees/wow-ui-sim-p732-page/tests/patch_7_3_2_session_protection.rs:79:10:
secure Blizzard chat command should execute: Lua(Runtime(RuntimeError { message: "bad argument #1 to 'assert' (value expected)", level: 0, traceback: [] }))
note: run with `RUST_BACKTRACE=1` environment variable to display a backtrace
test patch_7_3_2_publication_sweep::patch_7_3_2_publication_sweep ... ok

test result: FAILED. 4 passed; 1 failed; 5 total
error: test failed, to rerun pass `--test prefork_full_ui`

Caused by:
  process didn't exit successfully: `/home/osso/.cache/wow-ui-sim-targets/p732-page/debug/deps/prefork_full_ui-21dd5c807fe7a7b6 patch_7_3_2` (exit status: 1)
