warning: iced-wgpu-patched/Cargo.toml: `lints.clippy.large-enum-variant` is deprecated in favor of `lints.clippy.large_enum_variant` and will not work in a future edition
warning: iced-wgpu-patched/Cargo.toml: `lints.clippy.map-entry` is deprecated in favor of `lints.clippy.map_entry` and will not work in a future edition
warning: iced-wgpu-patched/Cargo.toml: `lints.clippy.match-wildcard-for-single-variants` is deprecated in favor of `lints.clippy.match_wildcard_for_single_variants` and will not work in a future edition
warning: iced-wgpu-patched/Cargo.toml: `lints.clippy.redundant-closure-for-method-calls` is deprecated in favor of `lints.clippy.redundant_closure_for_method_calls` and will not work in a future edition
warning: iced-wgpu-patched/Cargo.toml: `lints.clippy.trivially-copy-pass-by-ref` is deprecated in favor of `lints.clippy.trivially_copy_pass_by_ref` and will not work in a future edition
warning: iced-wgpu-patched/Cargo.toml: `lints.clippy.type-complexity` is deprecated in favor of `lints.clippy.type_complexity` and will not work in a future edition
warning: `iced_wgpu` (manifest) generated 6 warnings
   Compiling wow-ui-sim v0.1.0 (/home/osso/.worktrees/wow-ui-sim-p732-page)
    Finished `test` profile [optimized + debuginfo] target(s) in 1m 31s
     Running tests/prefork_full_ui.rs (/home/osso/.cache/wow-ui-sim-targets/p732-page/debug/deps/prefork_full_ui-21dd5c807fe7a7b6)
[  0.000s] [Startup] WowLuaEnv::new begin
[  0.002s] [Startup] SimState::default complete in 2.41ms
[  0.003s] [Startup] rilua VM created in 98.77µs
[  0.003s] [Startup] builtin frames initialized in 91.20µs
[  0.003s] [Startup] template registry cleared in 7.06µs
[  0.003s] [Startup] intrinsic templates registered in 5.52µs
[  0.003s] [Startup] initial app_data lua handle installed in 471.00ns
[  0.133s] [Startup] init_lua_state complete in 130.22ms
[  0.133s] [Startup] final app_data lua handle installed in 191.00ns
[  0.133s] [Startup] initial screen globals installed in 96.99µs
[  0.133s] [Startup] WowLuaEnv::new complete
[  2.580s] [Startup] apply_post_load_workarounds: begin
[  2.580s] [Workarounds] starting patch_edit_mode_manager
[  2.580s] [Workarounds] finished patch_edit_mode_manager in 252.93µs
[  2.580s] [Workarounds] starting init_edit_mode_layout
[  2.580s] [EditMode] starting setup_layout_info
[  2.583s] [EditMode] finished setup_layout_info in 2.67ms
[  2.583s] [EditMode] starting apply_system_anchors
[  2.695s] [EditMode] finished apply_system_anchors in 112.26ms
[  2.695s] [EditMode] starting finalize_action_bar_positions
[  2.697s] [EditMode] finished finalize_action_bar_positions in 1.45ms
[  2.697s] [EditMode] starting invoke_anchor_changed_hooks
[  2.697s] [EditMode] finished invoke_anchor_changed_hooks in 328.73µs
[  2.697s] [EditMode] starting fix_action_bar_nan_size
[  2.697s] [EditMode] finished fix_action_bar_nan_size in 33.61µs
[  2.697s] [EditMode] starting fix_action_bar_scale
[  2.697s] [EditMode] finished fix_action_bar_scale in 3.84µs
[  2.697s] [Workarounds] finished init_edit_mode_layout in 116.80ms
[  2.697s] [Workarounds] starting patch_ui_parent_panel_toggles
[  2.697s] [Workarounds] finished patch_ui_parent_panel_toggles in 188.14µs
[  2.697s] [Workarounds] starting patch_uiparent_onupdate_worklists
[  2.697s] [Workarounds] finished patch_uiparent_onupdate_worklists in 77.63µs
[  2.697s] [Workarounds] starting init_chat_type_colors
[  2.698s] [Workarounds] finished init_chat_type_colors in 97.89µs
[  2.698s] [Workarounds] starting patch_chat_voice_button_surface
[  2.698s] [Workarounds] finished patch_chat_voice_button_surface in 92.61µs
[  2.698s] [Workarounds] starting patch_item_socketing_tooltips
[  2.698s] [Workarounds] finished patch_item_socketing_tooltips in 67.90µs
[  2.698s] [Workarounds] starting patch_character_select_selected_name
[  2.698s] [Workarounds] finished patch_character_select_selected_name in 24.80µs
[  2.698s] [Workarounds] starting patch_character_create_defaults
[  2.698s] [Workarounds] finished patch_character_create_defaults in 181.49µs
[  2.698s] [Workarounds] starting patch_character_frame_title_refresh
[  2.703s] [Workarounds] finished patch_character_frame_title_refresh in 4.67ms
[  2.703s] [Workarounds] starting patch_vignette_pin_template
[  2.703s] [Workarounds] finished patch_vignette_pin_template in 73.50µs
[  2.703s] [Workarounds] starting patch_fog_of_war_pin_mixin
[  2.703s] [Workarounds] finished patch_fog_of_war_pin_mixin in 220.81µs
[  2.703s] [Workarounds] starting patch_map_exploration_pin_mixin
[  2.708s] [Workarounds] finished patch_map_exploration_pin_mixin in 4.74ms
[  2.708s] [Workarounds] starting patch_map_canvas_data_provider_attachment
[  2.708s] [Workarounds] finished patch_map_canvas_data_provider_attachment in 52.44µs
[  2.708s] [Workarounds] starting ensure_adventure_map_frame_surface
[  2.708s] [Workarounds] finished ensure_adventure_map_frame_surface in 348.47µs
[  2.708s] [Workarounds] starting patch_action_bar_button_event_fanout
[  2.708s] [Workarounds] finished patch_action_bar_button_event_fanout in 81.05µs
[  2.708s] [Workarounds] starting patch_paging_controls_page_text
[  2.708s] [Workarounds] finished patch_paging_controls_page_text in 31.37µs
[  2.708s] [Workarounds] starting patch_talent_edge_frame_level_sync
[  2.708s] [Workarounds] finished patch_talent_edge_frame_level_sync in 24.28µs
[  2.708s] [Workarounds] starting patch_catalog_shop_product_card_defaults
[  2.708s] [Workarounds] finished patch_catalog_shop_product_card_defaults in 50.57µs
[  2.708s] [Workarounds] starting patch_game_time_defaults
[  2.708s] [Workarounds] finished patch_game_time_defaults in 5.79µs
[  2.708s] [Workarounds] starting patch_tooltip_nineslice_surface
[  2.708s] [Workarounds] finished patch_tooltip_nineslice_surface in 35.56µs
[  2.708s] [Workarounds] starting patch_container_frame_token_tracker
[  2.708s] [Workarounds] finished patch_container_frame_token_tracker in 33.00µs
[  2.708s] [Workarounds] starting patch_achievement_display_set_achievements
[  2.708s] [Workarounds] finished patch_achievement_display_set_achievements in 6.63µs
[  2.708s] [Workarounds] starting patch_housing_dashboard_preload
[  2.708s] [Workarounds] finished patch_housing_dashboard_preload in 129.62µs
[  2.709s] [Workarounds] starting patch_lfg_lock_list
[  2.709s] [Workarounds] finished patch_lfg_lock_list in 26.59µs
[  2.709s] [Workarounds] starting patch_auction_house_browse_results_event
[  2.709s] [Workarounds] finished patch_auction_house_browse_results_event in 53.34µs
[  2.709s] [Workarounds] starting patch_auction_house_search_context_aliases
[  2.709s] [Workarounds] finished patch_auction_house_search_context_aliases in 24.02µs
[  2.709s] [Workarounds] starting patch_auth_challenge_frame_parent
[  2.709s] [Workarounds] finished patch_auth_challenge_frame_parent in 54.21µs
[  2.709s] [Workarounds] starting patch_settings_surface_defaults
[  2.709s] [Workarounds] finished patch_settings_surface_defaults in 287.58µs
[  2.709s] [Workarounds] starting patch_settings_canvas_layout_visibility
[  2.709s] [Workarounds] finished patch_settings_canvas_layout_visibility in 92.99µs
[  2.709s] [Startup] apply_post_load_workarounds: workarounds complete
[  2.758s] [Startup] apply_post_load_workarounds: globals restored
[  2.758s] [Startup] apply_post_load_workarounds: patch 12.1 compatibility restored
[  2.758s] [Startup] apply_post_load_workarounds: seterrorhandler restored
[  2.880s] [Startup] begin login sequence
[  2.880s] [Startup] Firing ADDON_LOADED
[  2.881s] [Startup] Firing VARIABLES_LOADED
[  2.958s] [Startup] Firing DISPLAY_SIZE_CHANGED
[  2.996s] [Startup] Firing UI_SCALE_CHANGED
[  2.997s] [Startup] Firing PLAYER_LOGIN
[  2.997s] [Startup] end login sequence in 116.63ms
[  2.997s] [Startup] begin world enter sequence
[  2.997s] [Startup] Skipping EDIT_MODE_LAYOUTS_UPDATED
[  2.997s] [Startup] Firing TIME_PLAYED_MSG via RequestTimePlayed
[  2.997s] [Startup] Firing PLAYER_ENTERING_WORLD
[  3.183s] [EditMode] starting setup_layout_info
[  3.186s] [EditMode] finished setup_layout_info in 3.03ms
[  3.186s] [EditMode] starting apply_system_anchors
[  3.290s] [EditMode] finished apply_system_anchors in 103.44ms
[  3.290s] [EditMode] starting finalize_action_bar_positions
[  3.291s] [EditMode] finished finalize_action_bar_positions in 1.73ms
[  3.291s] [EditMode] starting invoke_anchor_changed_hooks
[  3.296s] [EditMode] finished invoke_anchor_changed_hooks in 4.50ms
[  3.296s] [EditMode] starting fix_action_bar_nan_size
[  3.296s] [EditMode] finished fix_action_bar_nan_size in 51.18µs
[  3.296s] [EditMode] starting fix_action_bar_scale
[  3.296s] [EditMode] finished fix_action_bar_scale in 3.86µs
[  3.296s] [EditMode] starting reapply_player_frame_anchor
[  3.297s] [EditMode] finished reapply_player_frame_anchor in 1.23ms
[  3.304s] [Startup] end world enter sequence in 307.11ms
[  3.304s] [Startup] begin post-login events
[  3.305s] [Startup] Firing UNIT_AURA
[  3.305s] [Startup] Firing PET_UI_UPDATE
[  3.306s] [Startup] Firing BAG_UPDATE_DELAYED
[  3.308s] [Startup] Firing QUEST_LOG_UPDATE
[  3.308s] [Startup] Firing GROUP_ROSTER_UPDATE
[  3.377s] [Startup] Firing ACTIONBAR_UPDATE_STATE
[  3.377s] [Startup] Firing ACTIONBAR_UPDATE_COOLDOWN
[  3.378s] [Startup] Firing UPDATE_BONUS_ACTIONBAR
[  3.387s] [Startup] Firing PLAYER_CAN_GLIDE_CHANGED
[  3.387s] [Startup] Firing PLAYER_IS_GLIDING_CHANGED
[  3.387s] [Startup] Firing UPDATE_BINDINGS
[  3.390s] [Startup] Firing UPDATE_CHAT_WINDOWS
[  3.392s] [Startup] Firing LFG_UPDATE_RANDOM_INFO
[  3.393s] [Startup] end post-login events in 88.85ms
[  3.393s] [Startup] begin close startup special windows
[  3.393s] [Startup] end close startup special windows in 210.52µs
[  3.393s] [Startup] begin FIRST_FRAME_RENDERED
[  3.393s] [Startup] Firing FIRST_FRAME_RENDERED
[  3.393s] [Startup] end FIRST_FRAME_RENDERED in 124.72µs
[  3.393s] [Startup] begin unblock hidden splash alerts
[  3.393s] [Startup] end unblock hidden splash alerts in 11.12µs
[  3.393s] [Startup] begin post-event workarounds
[  3.393s] [Startup] end post-event workarounds in 1.12µs
running 1 tests
test patch_7_3_2_publication_sweep::patch_7_3_2_publication_sweep ... ok

test result: ok. 1 passed; 0 failed; 1 total
