warning: iced-wgpu-patched/Cargo.toml: `lints.clippy.large-enum-variant` is deprecated in favor of `lints.clippy.large_enum_variant` and will not work in a future edition
warning: iced-wgpu-patched/Cargo.toml: `lints.clippy.map-entry` is deprecated in favor of `lints.clippy.map_entry` and will not work in a future edition
warning: iced-wgpu-patched/Cargo.toml: `lints.clippy.match-wildcard-for-single-variants` is deprecated in favor of `lints.clippy.match_wildcard_for_single_variants` and will not work in a future edition
warning: iced-wgpu-patched/Cargo.toml: `lints.clippy.redundant-closure-for-method-calls` is deprecated in favor of `lints.clippy.redundant_closure_for_method_calls` and will not work in a future edition
warning: iced-wgpu-patched/Cargo.toml: `lints.clippy.trivially-copy-pass-by-ref` is deprecated in favor of `lints.clippy.trivially_copy_pass_by_ref` and will not work in a future edition
warning: iced-wgpu-patched/Cargo.toml: `lints.clippy.type-complexity` is deprecated in favor of `lints.clippy.type_complexity` and will not work in a future edition
warning: `iced_wgpu` (manifest) generated 6 warnings
    Finished `test` profile [optimized + debuginfo] target(s) in 0.13s
     Running tests/prefork_full_ui.rs (/home/osso/.cache/wow-ui-sim-targets/p732-page/debug/deps/prefork_full_ui-21dd5c807fe7a7b6)
[  0.000s] [Startup] WowLuaEnv::new begin
[  0.002s] [Startup] SimState::default complete in 1.57ms
[  0.002s] [Startup] rilua VM created in 80.99µs
[  0.002s] [Startup] builtin frames initialized in 57.75µs
[  0.002s] [Startup] template registry cleared in 6.57µs
[  0.002s] [Startup] intrinsic templates registered in 4.53µs
[  0.002s] [Startup] initial app_data lua handle installed in 181.00ns
[  0.089s] [Startup] init_lua_state complete in 87.44ms
[  0.089s] [Startup] final app_data lua handle installed in 160.00ns
[  0.089s] [Startup] initial screen globals installed in 49.32µs
[  0.089s] [Startup] WowLuaEnv::new complete
[  1.859s] [Startup] apply_post_load_workarounds: begin
[  1.859s] [Workarounds] starting patch_edit_mode_manager
[  1.859s] [Workarounds] finished patch_edit_mode_manager in 239.02µs
[  1.859s] [Workarounds] starting init_edit_mode_layout
[  1.859s] [EditMode] starting setup_layout_info
[  1.861s] [EditMode] finished setup_layout_info in 2.50ms
[  1.861s] [EditMode] starting apply_system_anchors
[  1.963s] [EditMode] finished apply_system_anchors in 101.33ms
[  1.963s] [EditMode] starting finalize_action_bar_positions
[  1.964s] [EditMode] finished finalize_action_bar_positions in 1.31ms
[  1.964s] [EditMode] starting invoke_anchor_changed_hooks
[  1.964s] [EditMode] finished invoke_anchor_changed_hooks in 310.38µs
[  1.964s] [EditMode] starting fix_action_bar_nan_size
[  1.964s] [EditMode] finished fix_action_bar_nan_size in 31.10µs
[  1.964s] [EditMode] starting fix_action_bar_scale
[  1.964s] [EditMode] finished fix_action_bar_scale in 3.46µs
[  1.964s] [Workarounds] finished init_edit_mode_layout in 105.53ms
[  1.964s] [Workarounds] starting patch_ui_parent_panel_toggles
[  1.965s] [Workarounds] finished patch_ui_parent_panel_toggles in 178.49µs
[  1.965s] [Workarounds] starting patch_uiparent_onupdate_worklists
[  1.965s] [Workarounds] finished patch_uiparent_onupdate_worklists in 74.15µs
[  1.965s] [Workarounds] starting init_chat_type_colors
[  1.965s] [Workarounds] finished init_chat_type_colors in 95.74µs
[  1.965s] [Workarounds] starting patch_chat_voice_button_surface
[  1.965s] [Workarounds] finished patch_chat_voice_button_surface in 84.94µs
[  1.965s] [Workarounds] starting patch_item_socketing_tooltips
[  1.965s] [Workarounds] finished patch_item_socketing_tooltips in 45.40µs
[  1.965s] [Workarounds] starting patch_character_select_selected_name
[  1.965s] [Workarounds] finished patch_character_select_selected_name in 23.69µs
[  1.965s] [Workarounds] starting patch_character_create_defaults
[  1.965s] [Workarounds] finished patch_character_create_defaults in 174.50µs
[  1.965s] [Workarounds] starting patch_character_frame_title_refresh
[  1.970s] [Workarounds] finished patch_character_frame_title_refresh in 4.46ms
[  1.970s] [Workarounds] starting patch_vignette_pin_template
[  1.970s] [Workarounds] finished patch_vignette_pin_template in 67.36µs
[  1.970s] [Workarounds] starting patch_fog_of_war_pin_mixin
[  1.970s] [Workarounds] finished patch_fog_of_war_pin_mixin in 205.94µs
[  1.970s] [Workarounds] starting patch_map_exploration_pin_mixin
[  1.974s] [Workarounds] finished patch_map_exploration_pin_mixin in 4.19ms
[  1.974s] [Workarounds] starting patch_map_canvas_data_provider_attachment
[  1.974s] [Workarounds] finished patch_map_canvas_data_provider_attachment in 47.60µs
[  1.974s] [Workarounds] starting ensure_adventure_map_frame_surface
[  1.974s] [Workarounds] finished ensure_adventure_map_frame_surface in 323.96µs
[  1.974s] [Workarounds] starting patch_action_bar_button_event_fanout
[  1.975s] [Workarounds] finished patch_action_bar_button_event_fanout in 75.02µs
[  1.975s] [Workarounds] starting patch_paging_controls_page_text
[  1.975s] [Workarounds] finished patch_paging_controls_page_text in 30.09µs
[  1.975s] [Workarounds] starting patch_talent_edge_frame_level_sync
[  1.975s] [Workarounds] finished patch_talent_edge_frame_level_sync in 23.17µs
[  1.975s] [Workarounds] starting patch_catalog_shop_product_card_defaults
[  1.975s] [Workarounds] finished patch_catalog_shop_product_card_defaults in 48.53µs
[  1.975s] [Workarounds] starting patch_game_time_defaults
[  1.975s] [Workarounds] finished patch_game_time_defaults in 5.25µs
[  1.975s] [Workarounds] starting patch_tooltip_nineslice_surface
[  1.975s] [Workarounds] finished patch_tooltip_nineslice_surface in 32.12µs
[  1.975s] [Workarounds] starting patch_container_frame_token_tracker
[  1.975s] [Workarounds] finished patch_container_frame_token_tracker in 30.79µs
[  1.975s] [Workarounds] starting patch_achievement_display_set_achievements
[  1.975s] [Workarounds] finished patch_achievement_display_set_achievements in 5.94µs
[  1.975s] [Workarounds] starting patch_housing_dashboard_preload
[  1.975s] [Workarounds] finished patch_housing_dashboard_preload in 123.20µs
[  1.975s] [Workarounds] starting patch_lfg_lock_list
[  1.975s] [Workarounds] finished patch_lfg_lock_list in 23.27µs
[  1.975s] [Workarounds] starting patch_auction_house_browse_results_event
[  1.975s] [Workarounds] finished patch_auction_house_browse_results_event in 48.76µs
[  1.975s] [Workarounds] starting patch_auction_house_search_context_aliases
[  1.975s] [Workarounds] finished patch_auction_house_search_context_aliases in 22.70µs
[  1.975s] [Workarounds] starting patch_auth_challenge_frame_parent
[  1.975s] [Workarounds] finished patch_auth_challenge_frame_parent in 50.43µs
[  1.975s] [Workarounds] starting patch_settings_surface_defaults
[  1.975s] [Workarounds] finished patch_settings_surface_defaults in 262.24µs
[  1.975s] [Workarounds] starting patch_settings_canvas_layout_visibility
[  1.975s] [Workarounds] finished patch_settings_canvas_layout_visibility in 84.38µs
[  1.975s] [Startup] apply_post_load_workarounds: workarounds complete
[  2.024s] [Startup] apply_post_load_workarounds: globals restored
[  2.024s] [Startup] apply_post_load_workarounds: patch 12.1 compatibility restored
[  2.024s] [Startup] apply_post_load_workarounds: seterrorhandler restored
[  2.142s] [Startup] begin login sequence
[  2.142s] [Startup] Firing ADDON_LOADED
[  2.142s] [Startup] Firing VARIABLES_LOADED
[  2.214s] [Startup] Firing DISPLAY_SIZE_CHANGED
[  2.250s] [Startup] Firing UI_SCALE_CHANGED
[  2.251s] [Startup] Firing PLAYER_LOGIN
[  2.251s] [Startup] end login sequence in 108.57ms
[  2.251s] [Startup] begin world enter sequence
[  2.251s] [Startup] Skipping EDIT_MODE_LAYOUTS_UPDATED
[  2.251s] [Startup] Firing TIME_PLAYED_MSG via RequestTimePlayed
[  2.251s] [Startup] Firing PLAYER_ENTERING_WORLD
[  2.426s] [EditMode] starting setup_layout_info
[  2.429s] [EditMode] finished setup_layout_info in 2.88ms
[  2.429s] [EditMode] starting apply_system_anchors
[  2.523s] [EditMode] finished apply_system_anchors in 94.05ms
[  2.523s] [EditMode] starting finalize_action_bar_positions
[  2.524s] [EditMode] finished finalize_action_bar_positions in 1.59ms
[  2.524s] [EditMode] starting invoke_anchor_changed_hooks
[  2.529s] [EditMode] finished invoke_anchor_changed_hooks in 4.27ms
[  2.529s] [EditMode] starting fix_action_bar_nan_size
[  2.529s] [EditMode] finished fix_action_bar_nan_size in 46.10µs
[  2.529s] [EditMode] starting fix_action_bar_scale
[  2.529s] [EditMode] finished fix_action_bar_scale in 3.48µs
[  2.529s] [EditMode] starting reapply_player_frame_anchor
[  2.530s] [EditMode] finished reapply_player_frame_anchor in 1.15ms
[  2.537s] [Startup] end world enter sequence in 285.90ms
[  2.537s] [Startup] begin post-login events
[  2.537s] [Startup] Firing UNIT_AURA
[  2.538s] [Startup] Firing PET_UI_UPDATE
[  2.538s] [Startup] Firing BAG_UPDATE_DELAYED
[  2.540s] [Startup] Firing QUEST_LOG_UPDATE
[  2.541s] [Startup] Firing GROUP_ROSTER_UPDATE
[  2.605s] [Startup] Firing ACTIONBAR_UPDATE_STATE
[  2.605s] [Startup] Firing ACTIONBAR_UPDATE_COOLDOWN
[  2.606s] [Startup] Firing UPDATE_BONUS_ACTIONBAR
[  2.614s] [Startup] Firing PLAYER_CAN_GLIDE_CHANGED
[  2.614s] [Startup] Firing PLAYER_IS_GLIDING_CHANGED
[  2.614s] [Startup] Firing UPDATE_BINDINGS
[  2.617s] [Startup] Firing UPDATE_CHAT_WINDOWS
[  2.619s] [Startup] Firing LFG_UPDATE_RANDOM_INFO
[  2.620s] [Startup] end post-login events in 83.01ms
[  2.620s] [Startup] begin close startup special windows
[  2.620s] [Startup] end close startup special windows in 197.91µs
[  2.620s] [Startup] begin FIRST_FRAME_RENDERED
[  2.620s] [Startup] Firing FIRST_FRAME_RENDERED
[  2.620s] [Startup] end FIRST_FRAME_RENDERED in 119.47µs
[  2.620s] [Startup] begin unblock hidden splash alerts
[  2.620s] [Startup] end unblock hidden splash alerts in 10.81µs
[  2.620s] [Startup] begin post-event workarounds
[  2.620s] [Startup] end post-event workarounds in 962.00ns
running 1 tests
test patch_7_3_2_publication_sweep::patch_7_3_2_publication_sweep ... FAILED (panic: assertion `left == right` failed: new gaps: ["wt-global-api-Logout-4"]; resolved/stale gaps: []
  left: {"wt-global-api-Logout-4"}
 right: {})
---- patch_7_3_2_publication_sweep::patch_7_3_2_publication_sweep stderr ----

thread 'main' (765256) panicked at /home/osso/.worktrees/wow-ui-sim-p732-page/tests/common/publication_sweep.rs:504:5:
assertion `left == right` failed: new gaps: ["wt-global-api-Logout-4"]; resolved/stale gaps: []
  left: {"wt-global-api-Logout-4"}
 right: {}
note: run with `RUST_BACKTRACE=1` environment variable to display a backtrace

test result: FAILED. 0 passed; 1 failed; 1 total
error: test failed, to rerun pass `--test prefork_full_ui`

Caused by:
  process didn't exit successfully: `/home/osso/.cache/wow-ui-sim-targets/p732-page/debug/deps/prefork_full_ui-21dd5c807fe7a7b6 patch_7_3_2_publication_sweep` (exit status: 1)
