warning: iced-wgpu-patched/Cargo.toml: `lints.clippy.large-enum-variant` is deprecated in favor of `lints.clippy.large_enum_variant` and will not work in a future edition
warning: iced-wgpu-patched/Cargo.toml: `lints.clippy.map-entry` is deprecated in favor of `lints.clippy.map_entry` and will not work in a future edition
warning: iced-wgpu-patched/Cargo.toml: `lints.clippy.match-wildcard-for-single-variants` is deprecated in favor of `lints.clippy.match_wildcard_for_single_variants` and will not work in a future edition
warning: iced-wgpu-patched/Cargo.toml: `lints.clippy.redundant-closure-for-method-calls` is deprecated in favor of `lints.clippy.redundant_closure_for_method_calls` and will not work in a future edition
warning: iced-wgpu-patched/Cargo.toml: `lints.clippy.trivially-copy-pass-by-ref` is deprecated in favor of `lints.clippy.trivially_copy_pass_by_ref` and will not work in a future edition
warning: iced-wgpu-patched/Cargo.toml: `lints.clippy.type-complexity` is deprecated in favor of `lints.clippy.type_complexity` and will not work in a future edition
warning: `iced_wgpu` (manifest) generated 6 warnings
    Finished `test` profile [optimized + debuginfo] target(s) in 0.13s
     Running tests/prefork_full_ui.rs (/home/osso/.cache/wow-ui-sim-targets/p732-page/debug/deps/prefork_full_ui-21dd5c807fe7a7b6)
[  0.000s] [Startup] WowLuaEnv::new begin
[  0.001s] [Startup] SimState::default complete in 1.43ms
[  0.002s] [Startup] rilua VM created in 82.55µs
[  0.002s] [Startup] builtin frames initialized in 57.44µs
[  0.002s] [Startup] template registry cleared in 5.96µs
[  0.002s] [Startup] intrinsic templates registered in 4.37µs
[  0.002s] [Startup] initial app_data lua handle installed in 702.00ns
[  0.089s] [Startup] init_lua_state complete in 87.12ms
[  0.089s] [Startup] final app_data lua handle installed in 180.00ns
[  0.089s] [Startup] initial screen globals installed in 49.70µs
[  0.089s] [Startup] WowLuaEnv::new complete
[  1.854s] [Startup] apply_post_load_workarounds: begin
[  1.854s] [Workarounds] starting patch_edit_mode_manager
[  1.855s] [Workarounds] finished patch_edit_mode_manager in 235.05µs
[  1.855s] [Workarounds] starting init_edit_mode_layout
[  1.855s] [EditMode] starting setup_layout_info
[  1.857s] [EditMode] finished setup_layout_info in 2.46ms
[  1.857s] [EditMode] starting apply_system_anchors
[  1.958s] [EditMode] finished apply_system_anchors in 101.10ms
[  1.958s] [EditMode] starting finalize_action_bar_positions
[  1.959s] [EditMode] finished finalize_action_bar_positions in 1.29ms
[  1.959s] [EditMode] starting invoke_anchor_changed_hooks
[  1.960s] [EditMode] finished invoke_anchor_changed_hooks in 314.50µs
[  1.960s] [EditMode] starting fix_action_bar_nan_size
[  1.960s] [EditMode] finished fix_action_bar_nan_size in 31.44µs
[  1.960s] [EditMode] starting fix_action_bar_scale
[  1.960s] [EditMode] finished fix_action_bar_scale in 3.37µs
[  1.960s] [Workarounds] finished init_edit_mode_layout in 105.24ms
[  1.960s] [Workarounds] starting patch_ui_parent_panel_toggles
[  1.960s] [Workarounds] finished patch_ui_parent_panel_toggles in 174.99µs
[  1.960s] [Workarounds] starting patch_uiparent_onupdate_worklists
[  1.960s] [Workarounds] finished patch_uiparent_onupdate_worklists in 75.01µs
[  1.960s] [Workarounds] starting init_chat_type_colors
[  1.960s] [Workarounds] finished init_chat_type_colors in 95.82µs
[  1.960s] [Workarounds] starting patch_chat_voice_button_surface
[  1.960s] [Workarounds] finished patch_chat_voice_button_surface in 85.40µs
[  1.960s] [Workarounds] starting patch_item_socketing_tooltips
[  1.960s] [Workarounds] finished patch_item_socketing_tooltips in 45.37µs
[  1.960s] [Workarounds] starting patch_character_select_selected_name
[  1.960s] [Workarounds] finished patch_character_select_selected_name in 23.37µs
[  1.960s] [Workarounds] starting patch_character_create_defaults
[  1.960s] [Workarounds] finished patch_character_create_defaults in 166.87µs
[  1.960s] [Workarounds] starting patch_character_frame_title_refresh
[  1.965s] [Workarounds] finished patch_character_frame_title_refresh in 4.41ms
[  1.965s] [Workarounds] starting patch_vignette_pin_template
[  1.965s] [Workarounds] finished patch_vignette_pin_template in 68.04µs
[  1.965s] [Workarounds] starting patch_fog_of_war_pin_mixin
[  1.965s] [Workarounds] finished patch_fog_of_war_pin_mixin in 201.46µs
[  1.965s] [Workarounds] starting patch_map_exploration_pin_mixin
[  1.969s] [Workarounds] finished patch_map_exploration_pin_mixin in 4.19ms
[  1.969s] [Workarounds] starting patch_map_canvas_data_provider_attachment
[  1.969s] [Workarounds] finished patch_map_canvas_data_provider_attachment in 46.93µs
[  1.969s] [Workarounds] starting ensure_adventure_map_frame_surface
[  1.970s] [Workarounds] finished ensure_adventure_map_frame_surface in 328.14µs
[  1.970s] [Workarounds] starting patch_action_bar_button_event_fanout
[  1.970s] [Workarounds] finished patch_action_bar_button_event_fanout in 74.81µs
[  1.970s] [Workarounds] starting patch_paging_controls_page_text
[  1.970s] [Workarounds] finished patch_paging_controls_page_text in 28.85µs
[  1.970s] [Workarounds] starting patch_talent_edge_frame_level_sync
[  1.970s] [Workarounds] finished patch_talent_edge_frame_level_sync in 23.37µs
[  1.970s] [Workarounds] starting patch_catalog_shop_product_card_defaults
[  1.970s] [Workarounds] finished patch_catalog_shop_product_card_defaults in 47.50µs
[  1.970s] [Workarounds] starting patch_game_time_defaults
[  1.970s] [Workarounds] finished patch_game_time_defaults in 5.48µs
[  1.970s] [Workarounds] starting patch_tooltip_nineslice_surface
[  1.970s] [Workarounds] finished patch_tooltip_nineslice_surface in 33.12µs
[  1.970s] [Workarounds] starting patch_container_frame_token_tracker
[  1.970s] [Workarounds] finished patch_container_frame_token_tracker in 30.48µs
[  1.970s] [Workarounds] starting patch_achievement_display_set_achievements
[  1.970s] [Workarounds] finished patch_achievement_display_set_achievements in 6.06µs
[  1.970s] [Workarounds] starting patch_housing_dashboard_preload
[  1.970s] [Workarounds] finished patch_housing_dashboard_preload in 121.05µs
[  1.970s] [Workarounds] starting patch_lfg_lock_list
[  1.970s] [Workarounds] finished patch_lfg_lock_list in 24.41µs
[  1.970s] [Workarounds] starting patch_auction_house_browse_results_event
[  1.970s] [Workarounds] finished patch_auction_house_browse_results_event in 49.62µs
[  1.970s] [Workarounds] starting patch_auction_house_search_context_aliases
[  1.970s] [Workarounds] finished patch_auction_house_search_context_aliases in 21.98µs
[  1.970s] [Workarounds] starting patch_auth_challenge_frame_parent
[  1.970s] [Workarounds] finished patch_auth_challenge_frame_parent in 49.21µs
[  1.970s] [Workarounds] starting patch_settings_surface_defaults
[  1.971s] [Workarounds] finished patch_settings_surface_defaults in 259.47µs
[  1.971s] [Workarounds] starting patch_settings_canvas_layout_visibility
[  1.971s] [Workarounds] finished patch_settings_canvas_layout_visibility in 84.38µs
[  1.971s] [Startup] apply_post_load_workarounds: workarounds complete
[  2.018s] [Startup] apply_post_load_workarounds: globals restored
[  2.018s] [Startup] apply_post_load_workarounds: patch 12.1 compatibility restored
[  2.018s] [Startup] apply_post_load_workarounds: seterrorhandler restored
[  2.136s] [Startup] begin login sequence
[  2.136s] [Startup] Firing ADDON_LOADED
[  2.136s] [Startup] Firing VARIABLES_LOADED
[  2.208s] [Startup] Firing DISPLAY_SIZE_CHANGED
[  2.243s] [Startup] Firing UI_SCALE_CHANGED
[  2.244s] [Startup] Firing PLAYER_LOGIN
[  2.244s] [Startup] end login sequence in 108.19ms
[  2.244s] [Startup] begin world enter sequence
[  2.244s] [Startup] Skipping EDIT_MODE_LAYOUTS_UPDATED
[  2.244s] [Startup] Firing TIME_PLAYED_MSG via RequestTimePlayed
[  2.244s] [Startup] Firing PLAYER_ENTERING_WORLD
[  2.418s] [EditMode] starting setup_layout_info
[  2.421s] [EditMode] finished setup_layout_info in 2.86ms
[  2.421s] [EditMode] starting apply_system_anchors
[  2.514s] [EditMode] finished apply_system_anchors in 92.88ms
[  2.514s] [EditMode] starting finalize_action_bar_positions
[  2.516s] [EditMode] finished finalize_action_bar_positions in 1.60ms
[  2.516s] [EditMode] starting invoke_anchor_changed_hooks
[  2.520s] [EditMode] finished invoke_anchor_changed_hooks in 4.29ms
[  2.520s] [EditMode] starting fix_action_bar_nan_size
[  2.520s] [EditMode] finished fix_action_bar_nan_size in 49.40µs
[  2.520s] [EditMode] starting fix_action_bar_scale
[  2.520s] [EditMode] finished fix_action_bar_scale in 3.32µs
[  2.520s] [EditMode] starting reapply_player_frame_anchor
[  2.521s] [EditMode] finished reapply_player_frame_anchor in 1.14ms
[  2.528s] [Startup] end world enter sequence in 283.53ms
[  2.528s] [Startup] begin post-login events
[  2.528s] [Startup] Firing UNIT_AURA
[  2.529s] [Startup] Firing PET_UI_UPDATE
[  2.530s] [Startup] Firing BAG_UPDATE_DELAYED
[  2.531s] [Startup] Firing QUEST_LOG_UPDATE
[  2.532s] [Startup] Firing GROUP_ROSTER_UPDATE
[  2.595s] [Startup] Firing ACTIONBAR_UPDATE_STATE
[  2.595s] [Startup] Firing ACTIONBAR_UPDATE_COOLDOWN
[  2.596s] [Startup] Firing UPDATE_BONUS_ACTIONBAR
[  2.605s] [Startup] Firing PLAYER_CAN_GLIDE_CHANGED
[  2.605s] [Startup] Firing PLAYER_IS_GLIDING_CHANGED
[  2.605s] [Startup] Firing UPDATE_BINDINGS
[  2.607s] [Startup] Firing UPDATE_CHAT_WINDOWS
[  2.609s] [Startup] Firing LFG_UPDATE_RANDOM_INFO
[  2.610s] [Startup] end post-login events in 81.95ms
[  2.610s] [Startup] begin close startup special windows
[  2.610s] [Startup] end close startup special windows in 193.18µs
[  2.610s] [Startup] begin FIRST_FRAME_RENDERED
[  2.610s] [Startup] Firing FIRST_FRAME_RENDERED
[  2.610s] [Startup] end FIRST_FRAME_RENDERED in 108.92µs
[  2.610s] [Startup] begin unblock hidden splash alerts
[  2.610s] [Startup] end unblock hidden splash alerts in 10.37µs
[  2.610s] [Startup] begin post-event workarounds
[  2.610s] [Startup] end post-event workarounds in 952.00ns
running 43 tests
test patch_10_0_0_publication_sweep::patch_10_0_0_animation_probe_factories ... ok
test patch_10_0_2_publication_sweep::patch_10_0_2_publication_sweep ... ok
test patch_10_0_0_publication_sweep::patch_10_0_0_publication_sweep ... ok
test patch_10_0_5_publication_sweep::patch_10_0_5_publication_sweep ... ok
test patch_10_0_7_publication_sweep::patch_10_0_7_publication_sweep ... ok
test patch_10_1_0_publication_sweep::patch_10_1_0_publication_sweep ... ok
test patch_10_1_5_publication_sweep::patch_10_1_5_publication_sweep ... ok
test patch_10_1_7_publication_sweep::patch_10_1_7_publication_sweep ... ok
test patch_10_2_0_publication_sweep::patch_10_2_0_publication_sweep ... ok
test patch_10_2_5_publication_sweep::patch_10_2_5_publication_sweep ... ok
test patch_10_2_6_publication_sweep::patch_10_2_6_publication_sweep ... ok
test patch_10_2_7_publication_sweep::patch_10_2_7_publication_sweep ... ok
test patch_11_0_2_publication_sweep::patch_11_0_2_publication_sweep ... ok
test patch_11_0_5_publication_sweep::patch_11_0_5_publication_sweep ... ok
test patch_11_0_0_publication_sweep::patch_11_0_0_publication_sweep ... ok
test patch_11_0_7_publication_sweep::patch_11_0_7_publication_sweep ... ok
test patch_11_1_0_publication_sweep::patch_11_1_0_publication_sweep ... ok
test patch_11_1_5_publication_sweep::patch_11_1_5_publication_sweep ... ok
test patch_11_1_7_publication_sweep::patch_11_1_7_publication_sweep ... ok
test patch_11_2_0_publication_sweep::patch_11_2_0_publication_sweep ... ok
test patch_11_2_5_publication_sweep::patch_11_2_5_publication_sweep ... ok
test patch_11_2_7_publication_sweep::patch_11_2_7_publication_sweep ... ok
test patch_12_0_0_publication_sweep::patch_12_0_0_publication_sweep ... ok
test patch_12_0_1_publication_sweep::patch_12_0_1_publication_sweep ... ok
test patch_12_0_7_publication_sweep::patch_12_0_7_publication_sweep ... ok
test patch_12_0_5_publication_sweep::patch_12_0_5_publication_sweep ... ok
test patch_7_3_2_publication_sweep::patch_7_3_2_publication_sweep ... ok
test patch_8_0_1_publication_sweep::patch_8_0_1_publication_sweep ... ok
test patch_12_1_0_publication_sweep::patch_12_1_0_publication_sweep ... ok
test patch_8_1_0_publication_sweep::patch_8_1_0_publication_sweep ... ok
test patch_8_1_5_publication_sweep::patch_8_1_5_publication_sweep ... ok
test patch_8_2_5_publication_sweep::patch_8_2_5_publication_sweep ... ok
test patch_8_2_0_publication_sweep::patch_8_2_0_publication_sweep ... ok
test patch_8_3_7_publication_sweep::patch_8_3_7_publication_sweep ... ok
test patch_8_3_0_publication_sweep::patch_8_3_0_publication_sweep ... ok
test patch_9_0_2_publication_sweep::patch_9_0_2_publication_sweep ... ok
test patch_9_0_5_publication_sweep::patch_9_0_5_publication_sweep ... ok
test patch_9_0_1_publication_sweep::patch_9_0_1_publication_sweep ... ok
test patch_9_1_0_publication_sweep::patch_9_1_0_publication_sweep ... ok
test patch_9_1_5_publication_sweep::patch_9_1_5_publication_sweep ... ok
test patch_9_2_0_publication_sweep::patch_9_2_0_publication_sweep ... ok
test patch_9_2_5_publication_sweep::patch_9_2_5_publication_sweep ... ok
test patch_9_2_7_publication_sweep::patch_9_2_7_publication_sweep ... ok

test result: ok. 43 passed; 0 failed; 43 total
