warning: iced-wgpu-patched/Cargo.toml: `lints.clippy.large-enum-variant` is deprecated in favor of `lints.clippy.large_enum_variant` and will not work in a future edition
warning: iced-wgpu-patched/Cargo.toml: `lints.clippy.map-entry` is deprecated in favor of `lints.clippy.map_entry` and will not work in a future edition
warning: iced-wgpu-patched/Cargo.toml: `lints.clippy.match-wildcard-for-single-variants` is deprecated in favor of `lints.clippy.match_wildcard_for_single_variants` and will not work in a future edition
warning: iced-wgpu-patched/Cargo.toml: `lints.clippy.redundant-closure-for-method-calls` is deprecated in favor of `lints.clippy.redundant_closure_for_method_calls` and will not work in a future edition
warning: iced-wgpu-patched/Cargo.toml: `lints.clippy.trivially-copy-pass-by-ref` is deprecated in favor of `lints.clippy.trivially_copy_pass_by_ref` and will not work in a future edition
warning: iced-wgpu-patched/Cargo.toml: `lints.clippy.type-complexity` is deprecated in favor of `lints.clippy.type_complexity` and will not work in a future edition
warning: `iced_wgpu` (manifest) generated 6 warnings
    Finished `test` profile [optimized + debuginfo] target(s) in 0.13s
     Running tests/prefork_full_ui.rs (/home/osso/.cache/wow-ui-sim-targets/p732-page/debug/deps/prefork_full_ui-21dd5c807fe7a7b6)
[  0.000s] [Startup] WowLuaEnv::new begin
[  0.002s] [Startup] SimState::default complete in 1.81ms
[  0.002s] [Startup] rilua VM created in 79.61µs
[  0.002s] [Startup] builtin frames initialized in 55.96µs
[  0.002s] [Startup] template registry cleared in 4.98µs
[  0.002s] [Startup] intrinsic templates registered in 4.38µs
[  0.002s] [Startup] initial app_data lua handle installed in 320.00ns
[  0.090s] [Startup] init_lua_state complete in 88.14ms
[  0.090s] [Startup] final app_data lua handle installed in 180.00ns
[  0.090s] [Startup] initial screen globals installed in 54.04µs
[  0.090s] [Startup] WowLuaEnv::new complete
[  1.879s] [Startup] apply_post_load_workarounds: begin
[  1.879s] [Workarounds] starting patch_edit_mode_manager
[  1.880s] [Workarounds] finished patch_edit_mode_manager in 243.56µs
[  1.880s] [Workarounds] starting init_edit_mode_layout
[  1.880s] [EditMode] starting setup_layout_info
[  1.882s] [EditMode] finished setup_layout_info in 2.50ms
[  1.882s] [EditMode] starting apply_system_anchors
[  1.985s] [EditMode] finished apply_system_anchors in 103.08ms
[  1.985s] [EditMode] starting finalize_action_bar_positions
[  1.987s] [EditMode] finished finalize_action_bar_positions in 1.36ms
[  1.987s] [EditMode] starting invoke_anchor_changed_hooks
[  1.987s] [EditMode] finished invoke_anchor_changed_hooks in 311.50µs
[  1.987s] [EditMode] starting fix_action_bar_nan_size
[  1.987s] [EditMode] finished fix_action_bar_nan_size in 31.82µs
[  1.987s] [EditMode] starting fix_action_bar_scale
[  1.987s] [EditMode] finished fix_action_bar_scale in 3.67µs
[  1.987s] [Workarounds] finished init_edit_mode_layout in 107.32ms
[  1.987s] [Workarounds] starting patch_ui_parent_panel_toggles
[  1.987s] [Workarounds] finished patch_ui_parent_panel_toggles in 180.26µs
[  1.987s] [Workarounds] starting patch_uiparent_onupdate_worklists
[  1.987s] [Workarounds] finished patch_uiparent_onupdate_worklists in 74.65µs
[  1.987s] [Workarounds] starting init_chat_type_colors
[  1.987s] [Workarounds] finished init_chat_type_colors in 97.78µs
[  1.987s] [Workarounds] starting patch_chat_voice_button_surface
[  1.987s] [Workarounds] finished patch_chat_voice_button_surface in 86.27µs
[  1.987s] [Workarounds] starting patch_item_socketing_tooltips
[  1.988s] [Workarounds] finished patch_item_socketing_tooltips in 47.45µs
[  1.988s] [Workarounds] starting patch_character_select_selected_name
[  1.988s] [Workarounds] finished patch_character_select_selected_name in 23.28µs
[  1.988s] [Workarounds] starting patch_character_create_defaults
[  1.988s] [Workarounds] finished patch_character_create_defaults in 188.34µs
[  1.988s] [Workarounds] starting patch_character_frame_title_refresh
[  1.992s] [Workarounds] finished patch_character_frame_title_refresh in 4.46ms
[  1.992s] [Workarounds] starting patch_vignette_pin_template
[  1.992s] [Workarounds] finished patch_vignette_pin_template in 68.03µs
[  1.992s] [Workarounds] starting patch_fog_of_war_pin_mixin
[  1.993s] [Workarounds] finished patch_fog_of_war_pin_mixin in 207.92µs
[  1.993s] [Workarounds] starting patch_map_exploration_pin_mixin
[  1.997s] [Workarounds] finished patch_map_exploration_pin_mixin in 4.27ms
[  1.997s] [Workarounds] starting patch_map_canvas_data_provider_attachment
[  1.997s] [Workarounds] finished patch_map_canvas_data_provider_attachment in 47.77µs
[  1.997s] [Workarounds] starting ensure_adventure_map_frame_surface
[  1.997s] [Workarounds] finished ensure_adventure_map_frame_surface in 323.15µs
[  1.997s] [Workarounds] starting patch_action_bar_button_event_fanout
[  1.997s] [Workarounds] finished patch_action_bar_button_event_fanout in 74.64µs
[  1.997s] [Workarounds] starting patch_paging_controls_page_text
[  1.997s] [Workarounds] finished patch_paging_controls_page_text in 30.07µs
[  1.997s] [Workarounds] starting patch_talent_edge_frame_level_sync
[  1.997s] [Workarounds] finished patch_talent_edge_frame_level_sync in 23.10µs
[  1.997s] [Workarounds] starting patch_catalog_shop_product_card_defaults
[  1.997s] [Workarounds] finished patch_catalog_shop_product_card_defaults in 48.91µs
[  1.997s] [Workarounds] starting patch_game_time_defaults
[  1.997s] [Workarounds] finished patch_game_time_defaults in 5.05µs
[  1.997s] [Workarounds] starting patch_tooltip_nineslice_surface
[  1.997s] [Workarounds] finished patch_tooltip_nineslice_surface in 33.62µs
[  1.997s] [Workarounds] starting patch_container_frame_token_tracker
[  1.997s] [Workarounds] finished patch_container_frame_token_tracker in 31.44µs
[  1.997s] [Workarounds] starting patch_achievement_display_set_achievements
[  1.997s] [Workarounds] finished patch_achievement_display_set_achievements in 5.95µs
[  1.997s] [Workarounds] starting patch_housing_dashboard_preload
[  1.998s] [Workarounds] finished patch_housing_dashboard_preload in 122.55µs
[  1.998s] [Workarounds] starting patch_lfg_lock_list
[  1.998s] [Workarounds] finished patch_lfg_lock_list in 23.50µs
[  1.998s] [Workarounds] starting patch_auction_house_browse_results_event
[  1.998s] [Workarounds] finished patch_auction_house_browse_results_event in 50.10µs
[  1.998s] [Workarounds] starting patch_auction_house_search_context_aliases
[  1.998s] [Workarounds] finished patch_auction_house_search_context_aliases in 23.69µs
[  1.998s] [Workarounds] starting patch_auth_challenge_frame_parent
[  1.998s] [Workarounds] finished patch_auth_challenge_frame_parent in 55.22µs
[  1.998s] [Workarounds] starting patch_settings_surface_defaults
[  1.998s] [Workarounds] finished patch_settings_surface_defaults in 264.62µs
[  1.998s] [Workarounds] starting patch_settings_canvas_layout_visibility
[  1.998s] [Workarounds] finished patch_settings_canvas_layout_visibility in 85.85µs
[  1.998s] [Startup] apply_post_load_workarounds: workarounds complete
[  2.046s] [Startup] apply_post_load_workarounds: globals restored
[  2.046s] [Startup] apply_post_load_workarounds: patch 12.1 compatibility restored
[  2.046s] [Startup] apply_post_load_workarounds: seterrorhandler restored
[  2.165s] [Startup] begin login sequence
[  2.165s] [Startup] Firing ADDON_LOADED
[  2.165s] [Startup] Firing VARIABLES_LOADED
[  2.238s] [Startup] Firing DISPLAY_SIZE_CHANGED
[  2.273s] [Startup] Firing UI_SCALE_CHANGED
[  2.274s] [Startup] Firing PLAYER_LOGIN
[  2.274s] [Startup] end login sequence in 108.67ms
[  2.274s] [Startup] begin world enter sequence
[  2.274s] [Startup] Skipping EDIT_MODE_LAYOUTS_UPDATED
[  2.274s] [Startup] Firing TIME_PLAYED_MSG via RequestTimePlayed
[  2.274s] [Startup] Firing PLAYER_ENTERING_WORLD
[  2.450s] [EditMode] starting setup_layout_info
[  2.452s] [EditMode] finished setup_layout_info in 2.87ms
[  2.452s] [EditMode] starting apply_system_anchors
[  2.546s] [EditMode] finished apply_system_anchors in 94.01ms
[  2.546s] [EditMode] starting finalize_action_bar_positions
[  2.548s] [EditMode] finished finalize_action_bar_positions in 1.59ms
[  2.548s] [EditMode] starting invoke_anchor_changed_hooks
[  2.552s] [EditMode] finished invoke_anchor_changed_hooks in 4.28ms
[  2.552s] [EditMode] starting fix_action_bar_nan_size
[  2.552s] [EditMode] finished fix_action_bar_nan_size in 49.06µs
[  2.552s] [EditMode] starting fix_action_bar_scale
[  2.552s] [EditMode] finished fix_action_bar_scale in 3.74µs
[  2.552s] [EditMode] starting reapply_player_frame_anchor
[  2.554s] [EditMode] finished reapply_player_frame_anchor in 1.12ms
[  2.560s] [Startup] end world enter sequence in 286.25ms
[  2.560s] [Startup] begin post-login events
[  2.561s] [Startup] Firing UNIT_AURA
[  2.561s] [Startup] Firing PET_UI_UPDATE
[  2.562s] [Startup] Firing BAG_UPDATE_DELAYED
[  2.563s] [Startup] Firing QUEST_LOG_UPDATE
[  2.564s] [Startup] Firing GROUP_ROSTER_UPDATE
[  2.628s] [Startup] Firing ACTIONBAR_UPDATE_STATE
[  2.628s] [Startup] Firing ACTIONBAR_UPDATE_COOLDOWN
[  2.629s] [Startup] Firing UPDATE_BONUS_ACTIONBAR
[  2.638s] [Startup] Firing PLAYER_CAN_GLIDE_CHANGED
[  2.638s] [Startup] Firing PLAYER_IS_GLIDING_CHANGED
[  2.638s] [Startup] Firing UPDATE_BINDINGS
[  2.641s] [Startup] Firing UPDATE_CHAT_WINDOWS
[  2.643s] [Startup] Firing LFG_UPDATE_RANDOM_INFO
[  2.643s] [Startup] end post-login events in 82.97ms
[  2.643s] [Startup] begin close startup special windows
[  2.643s] [Startup] end close startup special windows in 195.92µs
[  2.643s] [Startup] begin FIRST_FRAME_RENDERED
[  2.643s] [Startup] Firing FIRST_FRAME_RENDERED
[  2.644s] [Startup] end FIRST_FRAME_RENDERED in 117.21µs
[  2.644s] [Startup] begin unblock hidden splash alerts
[  2.644s] [Startup] end unblock hidden splash alerts in 10.83µs
[  2.644s] [Startup] begin post-event workarounds
[  2.644s] [Startup] end post-event workarounds in 1.03µs
running 33 tests
test blizzard_static_popup_game_loads::base_mixin_carries_three_close_button_methods ... ok
test blizzard_static_popup_game_loads::close_button_atlas_globals_publish_as_strings ... ok
test blizzard_static_popup_game_loads::cover_frame_mixin_carries_init_and_keydown ... ok
test blizzard_static_popup_game_loads::defs_util_table_carries_three_helper_functions ... ok
test blizzard_static_popup_game_loads::equipment_set_confirmation_popup_resizes_to_compact_dialog ... ok
test blizzard_static_popup_game_loads::four_named_dialog_slots_materialize_as_hidden_dialogs ... ok
test blizzard_static_popup_game_loads::full_game_load_emits_no_addon_specific_lua_errors ... ok
test blizzard_static_popup_game_loads::game_dialog_mixin_carries_fourteen_lifecycle_and_text_methods ... ok
test blizzard_static_popup_game_loads::game_dialog_mixin_carries_seventeen_setup_methods ... ok
test blizzard_static_popup_game_loads::game_dialog_mixin_carries_twelve_accessor_methods ... ok
test blizzard_static_popup_game_loads::game_dialog_mixin_inherits_from_base_via_create_from_mixins ... ok
test blizzard_static_popup_game_loads::is_addon_loaded_reports_true_after_eager_sweep ... ok
test blizzard_static_popup_game_loads::item_frame_mixin_carries_eight_methods ... ok
test blizzard_static_popup_game_loads::money_frame_on_load_global_publishes_as_function ... ok
test blizzard_static_popup_game_loads::pet_battle_queue_ready_frame_materializes_from_mainline_special_xml ... ok
test blizzard_static_popup_game_loads::publishes_four_mixin_tables_at_global_scope ... ok
test blizzard_static_popup_game_loads::shared_dialog_definitions_seed_into_dispatcher ... ok
test blizzard_static_popup_loads::editbox_mixin_carries_five_editbox_specific_methods ... ok
test blizzard_static_popup_loads::editbox_mixin_inherits_from_element_mixin_via_create_from_mixins ... ok
test blizzard_static_popup_game_loads::xml_registers_three_virtual_templates ... ok
test blizzard_static_popup_loads::element_mixin_carries_four_owning_dialog_accessors ... ok
test blizzard_static_popup_loads::full_game_load_emits_no_addon_specific_lua_errors ... ok
test blizzard_static_popup_loads::generic_confirmation_dialog_is_seeded_with_handlers ... ok
test blizzard_static_popup_loads::is_addon_loaded_reports_true_after_eager_sweep ... ok
test blizzard_static_popup_loads::layout_and_position_globals_are_functions ... ok
test blizzard_static_popup_loads::publishes_two_mixin_tables_at_global_scope ... ok
test blizzard_static_popup_loads::queue_management_globals_are_functions ... ok
test blizzard_static_popup_loads::script_handler_globals_are_functions ... ok
test blizzard_static_popup_loads::show_helper_globals_are_functions ... ok
test blizzard_static_popup_loads::show_hide_globals_are_functions ... ok
test blizzard_static_popup_loads::special_dialog_globals_are_functions ... ok
test blizzard_static_popup_loads::static_popup_dialogs_dispatcher_table_is_published ... ok
test blizzard_static_popup_loads::static_popup_timeout_sec_default_is_sixty_seconds ... ok

test result: ok. 33 passed; 0 failed; 33 total
