warning: iced-wgpu-patched/Cargo.toml: `lints.clippy.large-enum-variant` is deprecated in favor of `lints.clippy.large_enum_variant` and will not work in a future edition
warning: iced-wgpu-patched/Cargo.toml: `lints.clippy.map-entry` is deprecated in favor of `lints.clippy.map_entry` and will not work in a future edition
warning: iced-wgpu-patched/Cargo.toml: `lints.clippy.match-wildcard-for-single-variants` is deprecated in favor of `lints.clippy.match_wildcard_for_single_variants` and will not work in a future edition
warning: iced-wgpu-patched/Cargo.toml: `lints.clippy.redundant-closure-for-method-calls` is deprecated in favor of `lints.clippy.redundant_closure_for_method_calls` and will not work in a future edition
warning: iced-wgpu-patched/Cargo.toml: `lints.clippy.trivially-copy-pass-by-ref` is deprecated in favor of `lints.clippy.trivially_copy_pass_by_ref` and will not work in a future edition
warning: iced-wgpu-patched/Cargo.toml: `lints.clippy.type-complexity` is deprecated in favor of `lints.clippy.type_complexity` and will not work in a future edition
warning: `iced_wgpu` (manifest) generated 6 warnings
   Compiling wow-ui-sim v0.1.0 (/home/osso/.worktrees/wow-ui-sim-p542-page)
    Finished `test` profile [optimized + debuginfo] target(s) in 38.19s
     Running tests/prefork_full_ui.rs (/home/osso/.cache/wow-ui-sim-targets/p542-page/debug/deps/prefork_full_ui-21dd5c807fe7a7b6)
[  0.000s] [Startup] WowLuaEnv::new begin
[  0.002s] [Startup] SimState::default complete in 2.11ms
[  0.002s] [Startup] rilua VM created in 92.12µs
[  0.002s] [Startup] builtin frames initialized in 66.16µs
[  0.002s] [Startup] template registry cleared in 5.98µs
[  0.002s] [Startup] intrinsic templates registered in 5.34µs
[  0.002s] [Startup] initial app_data lua handle installed in 200.00ns
[  0.104s] [Startup] init_lua_state complete in 101.91ms
[  0.104s] [Startup] final app_data lua handle installed in 190.00ns
[  0.104s] [Startup] initial screen globals installed in 81.23µs
[  0.104s] [Startup] WowLuaEnv::new complete
[  2.423s] [Startup] apply_post_load_workarounds: begin
[  2.423s] [Workarounds] starting patch_edit_mode_manager
[  2.423s] [Workarounds] finished patch_edit_mode_manager in 283.87µs
[  2.423s] [Workarounds] starting init_edit_mode_layout
[  2.423s] [EditMode] starting setup_layout_info
[  2.426s] [EditMode] finished setup_layout_info in 3.07ms
[  2.426s] [EditMode] starting apply_system_anchors
[  2.548s] [EditMode] finished apply_system_anchors in 122.31ms
[  2.548s] [EditMode] starting finalize_action_bar_positions
[  2.550s] [EditMode] finished finalize_action_bar_positions in 1.96ms
[  2.550s] [EditMode] starting invoke_anchor_changed_hooks
[  2.551s] [EditMode] finished invoke_anchor_changed_hooks in 447.21µs
[  2.551s] [EditMode] starting fix_action_bar_nan_size
[  2.551s] [EditMode] finished fix_action_bar_nan_size in 45.13µs
[  2.551s] [EditMode] starting fix_action_bar_scale
[  2.551s] [EditMode] finished fix_action_bar_scale in 5.44µs
[  2.551s] [Workarounds] finished init_edit_mode_layout in 127.88ms
[  2.551s] [Workarounds] starting patch_ui_parent_panel_toggles
[  2.551s] [Workarounds] finished patch_ui_parent_panel_toggles in 210.46µs
[  2.551s] [Workarounds] starting patch_uiparent_onupdate_worklists
[  2.551s] [Workarounds] finished patch_uiparent_onupdate_worklists in 94.89µs
[  2.551s] [Workarounds] starting init_chat_type_colors
[  2.551s] [Workarounds] finished init_chat_type_colors in 128.76µs
[  2.551s] [Workarounds] starting patch_chat_voice_button_surface
[  2.551s] [Workarounds] finished patch_chat_voice_button_surface in 119.13µs
[  2.551s] [Workarounds] starting patch_item_socketing_tooltips
[  2.551s] [Workarounds] finished patch_item_socketing_tooltips in 136.05µs
[  2.551s] [Workarounds] starting patch_character_select_selected_name
[  2.552s] [Workarounds] finished patch_character_select_selected_name in 85.72µs
[  2.552s] [Workarounds] starting patch_character_create_defaults
[  2.552s] [Workarounds] finished patch_character_create_defaults in 266.86µs
[  2.552s] [Workarounds] starting patch_character_frame_title_refresh
[  2.557s] [Workarounds] finished patch_character_frame_title_refresh in 5.05ms
[  2.557s] [Workarounds] starting patch_vignette_pin_template
[  2.557s] [Workarounds] finished patch_vignette_pin_template in 107.08µs
[  2.557s] [Workarounds] starting patch_fog_of_war_pin_mixin
[  2.557s] [Workarounds] finished patch_fog_of_war_pin_mixin in 327.74µs
[  2.557s] [Workarounds] starting patch_map_exploration_pin_mixin
[  2.562s] [Workarounds] finished patch_map_exploration_pin_mixin in 4.64ms
[  2.562s] [Workarounds] starting patch_map_canvas_data_provider_attachment
[  2.562s] [Workarounds] finished patch_map_canvas_data_provider_attachment in 83.75µs
[  2.562s] [Workarounds] starting ensure_adventure_map_frame_surface
[  2.563s] [Workarounds] finished ensure_adventure_map_frame_surface in 493.06µs
[  2.563s] [Workarounds] starting patch_action_bar_button_event_fanout
[  2.563s] [Workarounds] finished patch_action_bar_button_event_fanout in 92.74µs
[  2.563s] [Workarounds] starting patch_paging_controls_page_text
[  2.563s] [Workarounds] finished patch_paging_controls_page_text in 33.75µs
[  2.563s] [Workarounds] starting patch_talent_edge_frame_level_sync
[  2.563s] [Workarounds] finished patch_talent_edge_frame_level_sync in 26.37µs
[  2.563s] [Workarounds] starting patch_catalog_shop_product_card_defaults
[  2.563s] [Workarounds] finished patch_catalog_shop_product_card_defaults in 55.23µs
[  2.563s] [Workarounds] starting patch_game_time_defaults
[  2.563s] [Workarounds] finished patch_game_time_defaults in 6.52µs
[  2.563s] [Workarounds] starting patch_tooltip_nineslice_surface
[  2.563s] [Workarounds] finished patch_tooltip_nineslice_surface in 35.67µs
[  2.563s] [Workarounds] starting patch_container_frame_token_tracker
[  2.563s] [Workarounds] finished patch_container_frame_token_tracker in 41.21µs
[  2.563s] [Workarounds] starting patch_achievement_display_set_achievements
[  2.563s] [Workarounds] finished patch_achievement_display_set_achievements in 8.86µs
[  2.563s] [Workarounds] starting patch_housing_dashboard_preload
[  2.563s] [Workarounds] finished patch_housing_dashboard_preload in 145.24µs
[  2.563s] [Workarounds] starting patch_lfg_lock_list
[  2.563s] [Workarounds] finished patch_lfg_lock_list in 41.31µs
[  2.563s] [Workarounds] starting patch_auction_house_browse_results_event
[  2.563s] [Workarounds] finished patch_auction_house_browse_results_event in 54.54µs
[  2.563s] [Workarounds] starting patch_auction_house_search_context_aliases
[  2.563s] [Workarounds] finished patch_auction_house_search_context_aliases in 24.03µs
[  2.563s] [Workarounds] starting patch_auth_challenge_frame_parent
[  2.563s] [Workarounds] finished patch_auth_challenge_frame_parent in 62.28µs
[  2.563s] [Workarounds] starting patch_settings_surface_defaults
[  2.564s] [Workarounds] finished patch_settings_surface_defaults in 289.42µs
[  2.564s] [Workarounds] starting patch_settings_canvas_layout_visibility
[  2.564s] [Workarounds] finished patch_settings_canvas_layout_visibility in 92.31µs
[  2.564s] [Startup] apply_post_load_workarounds: workarounds complete
[  2.624s] [Startup] apply_post_load_workarounds: globals restored
[  2.624s] [Startup] apply_post_load_workarounds: patch 12.1 compatibility restored
[  2.624s] [Startup] apply_post_load_workarounds: seterrorhandler restored
[  2.770s] [Startup] begin login sequence
[  2.770s] [Startup] Firing ADDON_LOADED
[  2.770s] [Startup] Firing VARIABLES_LOADED
[  2.866s] [Startup] Firing DISPLAY_SIZE_CHANGED
[  2.914s] [Startup] Firing UI_SCALE_CHANGED
[  2.915s] [Startup] Firing PLAYER_LOGIN
[  2.916s] [Startup] end login sequence in 145.44ms
[  2.916s] [Startup] begin world enter sequence
[  2.916s] [Startup] Skipping EDIT_MODE_LAYOUTS_UPDATED
[  2.916s] [Startup] Firing TIME_PLAYED_MSG via RequestTimePlayed
[  2.916s] [Startup] Firing PLAYER_ENTERING_WORLD
[  3.141s] [EditMode] starting setup_layout_info
[  3.145s] [EditMode] finished setup_layout_info in 3.45ms
[  3.145s] [EditMode] starting apply_system_anchors
[  3.272s] [EditMode] finished apply_system_anchors in 127.65ms
[  3.272s] [EditMode] starting finalize_action_bar_positions
[  3.276s] [EditMode] finished finalize_action_bar_positions in 3.80ms
[  3.276s] [EditMode] starting invoke_anchor_changed_hooks
[  3.283s] [EditMode] finished invoke_anchor_changed_hooks in 6.90ms
[  3.283s] [EditMode] starting fix_action_bar_nan_size
[  3.283s] [EditMode] finished fix_action_bar_nan_size in 92.48µs
[  3.283s] [EditMode] starting fix_action_bar_scale
[  3.283s] [EditMode] finished fix_action_bar_scale in 5.27µs
[  3.283s] [EditMode] starting reapply_player_frame_anchor
[  3.285s] [EditMode] finished reapply_player_frame_anchor in 1.58ms
[  3.293s] [Startup] end world enter sequence in 377.47ms
[  3.293s] [Startup] begin post-login events
[  3.294s] [Startup] Firing UNIT_AURA
[  3.295s] [Startup] Firing PET_UI_UPDATE
[  3.297s] [Startup] Firing BAG_UPDATE_DELAYED
[  3.299s] [Startup] Firing QUEST_LOG_UPDATE
[  3.300s] [Startup] Firing GROUP_ROSTER_UPDATE
[  3.382s] [Startup] Firing ACTIONBAR_UPDATE_STATE
[  3.382s] [Startup] Firing ACTIONBAR_UPDATE_COOLDOWN
[  3.384s] [Startup] Firing UPDATE_BONUS_ACTIONBAR
[  3.394s] [Startup] Firing PLAYER_CAN_GLIDE_CHANGED
[  3.394s] [Startup] Firing PLAYER_IS_GLIDING_CHANGED
[  3.394s] [Startup] Firing UPDATE_BINDINGS
[  3.396s] [Startup] Firing UPDATE_CHAT_WINDOWS
[  3.399s] [Startup] Firing LFG_UPDATE_RANDOM_INFO
[  3.400s] [Startup] end post-login events in 106.79ms
[  3.400s] [Startup] begin close startup special windows
[  3.400s] [Startup] end close startup special windows in 247.18µs
[  3.400s] [Startup] begin FIRST_FRAME_RENDERED
[  3.400s] [Startup] Firing FIRST_FRAME_RENDERED
[  3.400s] [Startup] end FIRST_FRAME_RENDERED in 166.24µs
[  3.400s] [Startup] begin unblock hidden splash alerts
[  3.400s] [Startup] end unblock hidden splash alerts in 13.64µs
[  3.400s] [Startup] begin post-event workarounds
[  3.400s] [Startup] end post-event workarounds in 722.00ns
running 56 tests
test patch_10_0_0_publication_sweep::patch_10_0_0_animation_probe_factories ... ok
test patch_10_0_2_publication_sweep::patch_10_0_2_publication_sweep ... ok
test patch_10_0_0_publication_sweep::patch_10_0_0_publication_sweep ... ok
test patch_10_0_5_publication_sweep::patch_10_0_5_publication_sweep ... ok
test patch_10_0_7_publication_sweep::patch_10_0_7_publication_sweep ... ok
test patch_10_1_0_publication_sweep::patch_10_1_0_publication_sweep ... ok
test patch_10_1_5_publication_sweep::patch_10_1_5_publication_sweep ... ok
test patch_10_1_7_publication_sweep::patch_10_1_7_publication_sweep ... ok
test patch_10_2_0_publication_sweep::patch_10_2_0_publication_sweep ... ok
test patch_10_2_5_publication_sweep::patch_10_2_5_publication_sweep ... ok
test patch_10_2_6_publication_sweep::patch_10_2_6_publication_sweep ... ok
test patch_10_2_7_publication_sweep::patch_10_2_7_publication_sweep ... ok
test patch_11_0_2_publication_sweep::patch_11_0_2_publication_sweep ... ok
test patch_11_0_5_publication_sweep::patch_11_0_5_publication_sweep ... ok
test patch_11_0_0_publication_sweep::patch_11_0_0_publication_sweep ... ok
test patch_11_0_7_publication_sweep::patch_11_0_7_publication_sweep ... ok
test patch_11_1_0_publication_sweep::patch_11_1_0_publication_sweep ... ok
test patch_11_1_5_publication_sweep::patch_11_1_5_publication_sweep ... ok
test patch_11_1_7_publication_sweep::patch_11_1_7_publication_sweep ... ok
test patch_11_2_0_publication_sweep::patch_11_2_0_publication_sweep ... ok
test patch_11_2_5_publication_sweep::patch_11_2_5_publication_sweep ... ok
test patch_11_2_7_publication_sweep::patch_11_2_7_publication_sweep ... ok
test patch_12_0_0_publication_sweep::patch_12_0_0_publication_sweep ... ok
test patch_12_0_1_publication_sweep::patch_12_0_1_publication_sweep ... ok
test patch_12_0_7_publication_sweep::patch_12_0_7_publication_sweep ... ok
test patch_12_0_5_publication_sweep::patch_12_0_5_publication_sweep ... ok
test patch_5_4_2_publication_sweep::patch_5_4_2_publication_sweep ... ok
test patch_6_0_1_publication_sweep::patch_6_0_1_publication_sweep ... ok
test patch_12_1_0_publication_sweep::patch_12_1_0_publication_sweep ... ok
test patch_6_1_0_publication_sweep::patch_6_1_0_publication_sweep ... ok
test patch_6_2_0_publication_sweep::patch_6_2_0_publication_sweep ... ok
test patch_6_0_2_publication_sweep::patch_6_0_2_publication_sweep ... ok
test patch_6_2_2_publication_sweep::patch_6_2_2_publication_sweep ... ok
test patch_6_2_4_publication_sweep::patch_6_2_4_publication_sweep ... ok
test patch_7_0_1_publication_sweep::patch_7_0_1_publication_sweep ... ok
test patch_7_1_0_publication_sweep::patch_7_1_0_publication_sweep ... ok
test patch_7_0_3_publication_sweep::patch_7_0_3_publication_sweep ... ok
test patch_7_2_0_publication_sweep::patch_7_2_0_publication_sweep ... ok
test patch_7_2_5_publication_sweep::patch_7_2_5_publication_sweep ... ok
test patch_7_3_0_publication_sweep::patch_7_3_0_publication_sweep ... ok
test patch_7_3_2_publication_sweep::patch_7_3_2_publication_sweep ... ok
test patch_8_0_1_publication_sweep::patch_8_0_1_publication_sweep ... ok
test patch_8_1_0_publication_sweep::patch_8_1_0_publication_sweep ... ok
test patch_8_1_5_publication_sweep::patch_8_1_5_publication_sweep ... ok
test patch_8_2_0_publication_sweep::patch_8_2_0_publication_sweep ... ok
test patch_8_2_5_publication_sweep::patch_8_2_5_publication_sweep ... ok
test patch_8_3_7_publication_sweep::patch_8_3_7_publication_sweep ... ok
test patch_8_3_0_publication_sweep::patch_8_3_0_publication_sweep ... ok
test patch_9_0_2_publication_sweep::patch_9_0_2_publication_sweep ... ok
test patch_9_0_5_publication_sweep::patch_9_0_5_publication_sweep ... ok
test patch_9_0_1_publication_sweep::patch_9_0_1_publication_sweep ... ok
test patch_9_1_0_publication_sweep::patch_9_1_0_publication_sweep ... ok
test patch_9_1_5_publication_sweep::patch_9_1_5_publication_sweep ... ok
test patch_9_2_0_publication_sweep::patch_9_2_0_publication_sweep ... ok
test patch_9_2_7_publication_sweep::patch_9_2_7_publication_sweep ... ok
test patch_9_2_5_publication_sweep::patch_9_2_5_publication_sweep ... ok

test result: ok. 56 passed; 0 failed; 56 total
