warning: iced-wgpu-patched/Cargo.toml: `lints.clippy.large-enum-variant` is deprecated in favor of `lints.clippy.large_enum_variant` and will not work in a future edition
warning: iced-wgpu-patched/Cargo.toml: `lints.clippy.map-entry` is deprecated in favor of `lints.clippy.map_entry` and will not work in a future edition
warning: iced-wgpu-patched/Cargo.toml: `lints.clippy.match-wildcard-for-single-variants` is deprecated in favor of `lints.clippy.match_wildcard_for_single_variants` and will not work in a future edition
warning: iced-wgpu-patched/Cargo.toml: `lints.clippy.redundant-closure-for-method-calls` is deprecated in favor of `lints.clippy.redundant_closure_for_method_calls` and will not work in a future edition
warning: iced-wgpu-patched/Cargo.toml: `lints.clippy.trivially-copy-pass-by-ref` is deprecated in favor of `lints.clippy.trivially_copy_pass_by_ref` and will not work in a future edition
warning: iced-wgpu-patched/Cargo.toml: `lints.clippy.type-complexity` is deprecated in favor of `lints.clippy.type_complexity` and will not work in a future edition
warning: `iced_wgpu` (manifest) generated 6 warnings
    Finished `test` profile [optimized + debuginfo] target(s) in 0.14s
     Running tests/prefork_full_ui.rs (/home/osso/.cache/wow-ui-sim-targets/p542-page/debug/deps/prefork_full_ui-21dd5c807fe7a7b6)
[  0.000s] [Startup] WowLuaEnv::new begin
[  0.002s] [Startup] SimState::default complete in 1.62ms
[  0.002s] [Startup] rilua VM created in 98.12µs
[  0.002s] [Startup] builtin frames initialized in 63.96µs
[  0.002s] [Startup] template registry cleared in 6.06µs
[  0.002s] [Startup] intrinsic templates registered in 5.11µs
[  0.002s] [Startup] initial app_data lua handle installed in 201.00ns
[  0.096s] [Startup] init_lua_state complete in 93.91ms
[  0.096s] [Startup] final app_data lua handle installed in 170.00ns
[  0.096s] [Startup] initial screen globals installed in 56.96µs
[  0.096s] [Startup] WowLuaEnv::new complete
[  2.038s] [Startup] apply_post_load_workarounds: begin
[  2.038s] [Workarounds] starting patch_edit_mode_manager
[  2.039s] [Workarounds] finished patch_edit_mode_manager in 282.56µs
[  2.039s] [Workarounds] starting init_edit_mode_layout
[  2.039s] [EditMode] starting setup_layout_info
[  2.042s] [EditMode] finished setup_layout_info in 3.51ms
[  2.042s] [EditMode] starting apply_system_anchors
[  2.172s] [EditMode] finished apply_system_anchors in 129.98ms
[  2.172s] [EditMode] starting finalize_action_bar_positions
[  2.174s] [EditMode] finished finalize_action_bar_positions in 1.97ms
[  2.174s] [EditMode] starting invoke_anchor_changed_hooks
[  2.174s] [EditMode] finished invoke_anchor_changed_hooks in 410.83µs
[  2.174s] [EditMode] starting fix_action_bar_nan_size
[  2.174s] [EditMode] finished fix_action_bar_nan_size in 40.81µs
[  2.174s] [EditMode] starting fix_action_bar_scale
[  2.174s] [EditMode] finished fix_action_bar_scale in 3.99µs
[  2.174s] [Workarounds] finished init_edit_mode_layout in 135.95ms
[  2.174s] [Workarounds] starting patch_ui_parent_panel_toggles
[  2.175s] [Workarounds] finished patch_ui_parent_panel_toggles in 217.46µs
[  2.175s] [Workarounds] starting patch_uiparent_onupdate_worklists
[  2.175s] [Workarounds] finished patch_uiparent_onupdate_worklists in 81.14µs
[  2.175s] [Workarounds] starting init_chat_type_colors
[  2.175s] [Workarounds] finished init_chat_type_colors in 118.91µs
[  2.175s] [Workarounds] starting patch_chat_voice_button_surface
[  2.175s] [Workarounds] finished patch_chat_voice_button_surface in 110.00µs
[  2.175s] [Workarounds] starting patch_item_socketing_tooltips
[  2.175s] [Workarounds] finished patch_item_socketing_tooltips in 51.41µs
[  2.175s] [Workarounds] starting patch_character_select_selected_name
[  2.175s] [Workarounds] finished patch_character_select_selected_name in 25.22µs
[  2.175s] [Workarounds] starting patch_character_create_defaults
[  2.175s] [Workarounds] finished patch_character_create_defaults in 188.70µs
[  2.175s] [Workarounds] starting patch_character_frame_title_refresh
[  2.180s] [Workarounds] finished patch_character_frame_title_refresh in 4.88ms
[  2.180s] [Workarounds] starting patch_vignette_pin_template
[  2.180s] [Workarounds] finished patch_vignette_pin_template in 87.23µs
[  2.180s] [Workarounds] starting patch_fog_of_war_pin_mixin
[  2.181s] [Workarounds] finished patch_fog_of_war_pin_mixin in 249.77µs
[  2.181s] [Workarounds] starting patch_map_exploration_pin_mixin
[  2.185s] [Workarounds] finished patch_map_exploration_pin_mixin in 4.64ms
[  2.185s] [Workarounds] starting patch_map_canvas_data_provider_attachment
[  2.185s] [Workarounds] finished patch_map_canvas_data_provider_attachment in 56.04µs
[  2.185s] [Workarounds] starting ensure_adventure_map_frame_surface
[  2.186s] [Workarounds] finished ensure_adventure_map_frame_surface in 393.73µs
[  2.186s] [Workarounds] starting patch_action_bar_button_event_fanout
[  2.186s] [Workarounds] finished patch_action_bar_button_event_fanout in 85.66µs
[  2.186s] [Workarounds] starting patch_paging_controls_page_text
[  2.186s] [Workarounds] finished patch_paging_controls_page_text in 32.20µs
[  2.186s] [Workarounds] starting patch_talent_edge_frame_level_sync
[  2.186s] [Workarounds] finished patch_talent_edge_frame_level_sync in 24.52µs
[  2.186s] [Workarounds] starting patch_catalog_shop_product_card_defaults
[  2.186s] [Workarounds] finished patch_catalog_shop_product_card_defaults in 62.81µs
[  2.186s] [Workarounds] starting patch_game_time_defaults
[  2.186s] [Workarounds] finished patch_game_time_defaults in 6.72µs
[  2.186s] [Workarounds] starting patch_tooltip_nineslice_surface
[  2.186s] [Workarounds] finished patch_tooltip_nineslice_surface in 37.28µs
[  2.186s] [Workarounds] starting patch_container_frame_token_tracker
[  2.186s] [Workarounds] finished patch_container_frame_token_tracker in 34.11µs
[  2.186s] [Workarounds] starting patch_achievement_display_set_achievements
[  2.186s] [Workarounds] finished patch_achievement_display_set_achievements in 6.86µs
[  2.186s] [Workarounds] starting patch_housing_dashboard_preload
[  2.186s] [Workarounds] finished patch_housing_dashboard_preload in 143.47µs
[  2.186s] [Workarounds] starting patch_lfg_lock_list
[  2.186s] [Workarounds] finished patch_lfg_lock_list in 32.54µs
[  2.186s] [Workarounds] starting patch_auction_house_browse_results_event
[  2.186s] [Workarounds] finished patch_auction_house_browse_results_event in 54.52µs
[  2.186s] [Workarounds] starting patch_auction_house_search_context_aliases
[  2.186s] [Workarounds] finished patch_auction_house_search_context_aliases in 27.06µs
[  2.186s] [Workarounds] starting patch_auth_challenge_frame_parent
[  2.186s] [Workarounds] finished patch_auth_challenge_frame_parent in 68.21µs
[  2.186s] [Workarounds] starting patch_settings_surface_defaults
[  2.187s] [Workarounds] finished patch_settings_surface_defaults in 297.42µs
[  2.187s] [Workarounds] starting patch_settings_canvas_layout_visibility
[  2.187s] [Workarounds] finished patch_settings_canvas_layout_visibility in 92.52µs
[  2.187s] [Startup] apply_post_load_workarounds: workarounds complete
[  2.240s] [Startup] apply_post_load_workarounds: globals restored
[  2.241s] [Startup] apply_post_load_workarounds: patch 12.1 compatibility restored
[  2.241s] [Startup] apply_post_load_workarounds: seterrorhandler restored
[  2.366s] [Startup] begin login sequence
[  2.366s] [Startup] Firing ADDON_LOADED
[  2.366s] [Startup] Firing VARIABLES_LOADED
[  2.449s] [Startup] Firing DISPLAY_SIZE_CHANGED
[  2.492s] [Startup] Firing UI_SCALE_CHANGED
[  2.493s] [Startup] Firing PLAYER_LOGIN
[  2.493s] [Startup] end login sequence in 127.54ms
[  2.493s] [Startup] begin world enter sequence
[  2.493s] [Startup] Skipping EDIT_MODE_LAYOUTS_UPDATED
[  2.493s] [Startup] Firing TIME_PLAYED_MSG via RequestTimePlayed
[  2.493s] [Startup] Firing PLAYER_ENTERING_WORLD
[  2.743s] [EditMode] starting setup_layout_info
[  2.746s] [EditMode] finished setup_layout_info in 3.20ms
[  2.746s] [EditMode] starting apply_system_anchors
[  2.852s] [EditMode] finished apply_system_anchors in 106.14ms
[  2.852s] [EditMode] starting finalize_action_bar_positions
[  2.854s] [EditMode] finished finalize_action_bar_positions in 1.87ms
[  2.854s] [EditMode] starting invoke_anchor_changed_hooks
[  2.859s] [EditMode] finished invoke_anchor_changed_hooks in 4.79ms
[  2.859s] [EditMode] starting fix_action_bar_nan_size
[  2.859s] [EditMode] finished fix_action_bar_nan_size in 51.92µs
[  2.859s] [EditMode] starting fix_action_bar_scale
[  2.859s] [EditMode] finished fix_action_bar_scale in 3.77µs
[  2.859s] [EditMode] starting reapply_player_frame_anchor
[  2.860s] [EditMode] finished reapply_player_frame_anchor in 1.25ms
[  2.867s] [Startup] end world enter sequence in 373.57ms
[  2.867s] [Startup] begin post-login events
[  2.868s] [Startup] Firing UNIT_AURA
[  2.868s] [Startup] Firing PET_UI_UPDATE
[  2.869s] [Startup] Firing BAG_UPDATE_DELAYED
[  2.871s] [Startup] Firing QUEST_LOG_UPDATE
[  2.871s] [Startup] Firing GROUP_ROSTER_UPDATE
[  2.941s] [Startup] Firing ACTIONBAR_UPDATE_STATE
[  2.941s] [Startup] Firing ACTIONBAR_UPDATE_COOLDOWN
[  2.942s] [Startup] Firing UPDATE_BONUS_ACTIONBAR
[  2.952s] [Startup] Firing PLAYER_CAN_GLIDE_CHANGED
[  2.952s] [Startup] Firing PLAYER_IS_GLIDING_CHANGED
[  2.952s] [Startup] Firing UPDATE_BINDINGS
[  2.955s] [Startup] Firing UPDATE_CHAT_WINDOWS
[  2.957s] [Startup] Firing LFG_UPDATE_RANDOM_INFO
[  2.958s] [Startup] end post-login events in 90.50ms
[  2.958s] [Startup] begin close startup special windows
[  2.958s] [Startup] end close startup special windows in 220.07µs
[  2.958s] [Startup] begin FIRST_FRAME_RENDERED
[  2.958s] [Startup] Firing FIRST_FRAME_RENDERED
[  2.958s] [Startup] end FIRST_FRAME_RENDERED in 137.52µs
[  2.958s] [Startup] begin unblock hidden splash alerts
[  2.958s] [Startup] end unblock hidden splash alerts in 11.54µs
[  2.958s] [Startup] begin post-event workarounds
[  2.958s] [Startup] end post-event workarounds in 1.25µs
running 3 tests
test patch_5_4_2_behavior::patch_5_4_2_enum_values_and_existing_absence ... FAILED (panic: five retained numeric values and already-absent globals: Lua(Runtime(RuntimeError { message: "assertion failed!", level: 0, traceback: [] })))
---- patch_5_4_2_behavior::patch_5_4_2_enum_values_and_existing_absence stderr ----

thread 'main' (161878) panicked at /home/osso/.worktrees/wow-ui-sim-p542-page/tests/patch_5_4_2_behavior.rs:42:9:
five retained numeric values and already-absent globals: Lua(Runtime(RuntimeError { message: "assertion failed!", level: 0, traceback: [] }))
note: run with `RUST_BACKTRACE=1` environment variable to display a backtrace
test patch_5_4_2_behavior::patch_5_4_2_existing_roster_backing ... ok
test patch_5_4_2_publication_sweep::patch_5_4_2_publication_sweep ... ok

test result: FAILED. 2 passed; 1 failed; 3 total
error: test failed, to rerun pass `--test prefork_full_ui`

Caused by:
  process didn't exit successfully: `/home/osso/.cache/wow-ui-sim-targets/p542-page/debug/deps/prefork_full_ui-21dd5c807fe7a7b6 patch_5_4_2` (exit status: 1)
