test_current_serialized_ledger_originals_unchanged (__main__.CategoryAccounting.test_current_serialized_ledger_originals_unchanged) ... FAIL
test_new_categories_and_changed_no_category (__main__.CategoryAccounting.test_new_categories_and_changed_no_category) ... FAIL
test_wrong_category_or_omitted_row_rejected (__main__.CategoryAccounting.test_wrong_category_or_omitted_row_rejected) ... FAIL

======================================================================
FAIL: test_current_serialized_ledger_originals_unchanged (__main__.CategoryAccounting.test_current_serialized_ledger_originals_unchanged)
----------------------------------------------------------------------
Traceback (most recent call last):
  File "/home/osso/.worktrees/wow-ui-sim-p140-page/data/patch-api/evidence/1.4.0-session-2026-10-09/test_current_accounting.py", line 48, in test_current_serialized_ledger_originals_unchanged
    self.assertTrue((EVIDENCE / "current-ledger.json").is_file(), "corrected serialized ledger absent")
    ~~~~~~~~~~~~~~~^^^^^^^^^^^^^^^^^^^^^^^^^^^^^^^^^^^^^^^^^^^^^^^^^^^^^^^^^^^^^^^^^^^^^^^^^^^^^^^^^^^^
AssertionError: False is not true : corrected serialized ledger absent

======================================================================
FAIL: test_new_categories_and_changed_no_category (__main__.CategoryAccounting.test_new_categories_and_changed_no_category)
----------------------------------------------------------------------
Traceback (most recent call last):
  File "/home/osso/.worktrees/wow-ui-sim-p140-page/data/patch-api/evidence/1.4.0-session-2026-10-09/test_current_accounting.py", line 17, in test_new_categories_and_changed_no_category
    self.assertEqual([r["group"] for r in ledger["inventory"]], expected)
    ~~~~~~~~~~~~~~~~^^^^^^^^^^^^^^^^^^^^^^^^^^^^^^^^^^^^^^^^^^^^^^^^^^^^^
AssertionError: Lists differ: ['Bat[483 chars]cellaneous', 'Miscellaneous', 'Miscellaneous', 'Miscellaneous'] != ['Bat[483 chars]cellaneous', 'Miscellaneous', 'Miscellaneous', None]

First differing element 26:
'Miscellaneous'
None

Diff is 641 characters long. Set self.maxDiff to None to see it.

======================================================================
FAIL: test_wrong_category_or_omitted_row_rejected (__main__.CategoryAccounting.test_wrong_category_or_omitted_row_rejected)
----------------------------------------------------------------------
Traceback (most recent call last):
  File "/home/osso/.worktrees/wow-ui-sim-p140-page/data/patch-api/evidence/1.4.0-session-2026-10-09/test_current_accounting.py", line 35, in test_wrong_category_or_omitted_row_rejected
    with self.assertRaisesRegex(AssertionError, "current literal ledger"):
         ~~~~~~~~~~~~~~~~~~~~~~^^^^^^^^^^^^^^^^^^^^^^^^^^^^^^^^^^^^^^^^^^
AssertionError: AssertionError not raised

----------------------------------------------------------------------
Ran 3 tests in 0.003s

FAILED (failures=3)
