
running 1 test
test patch_10_2_7_publication_sweep::patch_10_2_7_publication_sweep ... ok

test result: ok. 1 passed; 0 failed; 0 ignored; 0 measured; 10826 filtered out; finished in 4.15s


warning: iced-wgpu-patched/Cargo.toml: `lints.clippy.large-enum-variant` is deprecated in favor of `lints.clippy.large_enum_variant` and will not work in a future edition
warning: iced-wgpu-patched/Cargo.toml: `lints.clippy.map-entry` is deprecated in favor of `lints.clippy.map_entry` and will not work in a future edition
warning: iced-wgpu-patched/Cargo.toml: `lints.clippy.match-wildcard-for-single-variants` is deprecated in favor of `lints.clippy.match_wildcard_for_single_variants` and will not work in a future edition
warning: iced-wgpu-patched/Cargo.toml: `lints.clippy.redundant-closure-for-method-calls` is deprecated in favor of `lints.clippy.redundant_closure_for_method_calls` and will not work in a future edition
warning: iced-wgpu-patched/Cargo.toml: `lints.clippy.trivially-copy-pass-by-ref` is deprecated in favor of `lints.clippy.trivially_copy_pass_by_ref` and will not work in a future edition
warning: iced-wgpu-patched/Cargo.toml: `lints.clippy.type-complexity` is deprecated in favor of `lints.clippy.type_complexity` and will not work in a future edition
warning: `iced_wgpu` (manifest) generated 6 warnings
    Finished `test` profile [optimized + debuginfo] target(s) in 0.18s
     Running tests/integration.rs (target/debug/deps/integration-aef10a2b503e13d5)
[  0.000s] [Startup] WowLuaEnv::new begin
[  0.002s] [Startup] SimState::default complete in 2.16ms
[  0.002s] [Startup] rilua VM created in 125.17µs
[  0.002s] [Startup] builtin frames initialized in 78.73µs
[  0.002s] [Startup] template registry cleared in 4.88µs
[  0.002s] [Startup] intrinsic templates registered in 7.19µs
[  0.002s] [Startup] initial app_data lua handle installed in 571.00ns
[  0.190s] [Startup] init_lua_state complete in 187.66ms
[  0.190s] [Startup] final app_data lua handle installed in 361.00ns
[  0.190s] [Startup] initial screen globals installed in 136.81µs
[  0.190s] [Startup] WowLuaEnv::new complete
[  2.731s] [Startup] apply_post_load_workarounds: begin
[  2.731s] [Workarounds] starting patch_edit_mode_manager
[  2.731s] [Workarounds] finished patch_edit_mode_manager in 338.20µs
[  2.731s] [Workarounds] starting init_edit_mode_layout
[  2.731s] [EditMode] starting setup_layout_info
[  2.735s] [EditMode] finished setup_layout_info in 3.72ms
[  2.735s] [EditMode] starting apply_system_anchors
[  2.900s] [EditMode] finished apply_system_anchors in 165.11ms
[  2.900s] [EditMode] starting finalize_action_bar_positions
[  2.902s] [EditMode] finished finalize_action_bar_positions in 1.97ms
[  2.902s] [EditMode] starting invoke_anchor_changed_hooks
[  2.902s] [EditMode] finished invoke_anchor_changed_hooks in 430.41µs
[  2.902s] [EditMode] starting fix_action_bar_nan_size
[  2.902s] [EditMode] finished fix_action_bar_nan_size in 45.22µs
[  2.902s] [EditMode] starting fix_action_bar_scale
[  2.903s] [EditMode] finished fix_action_bar_scale in 4.88µs
[  2.903s] [Workarounds] finished init_edit_mode_layout in 171.31ms
[  2.903s] [Workarounds] starting patch_ui_parent_panel_toggles
[  2.903s] [Workarounds] finished patch_ui_parent_panel_toggles in 261.43µs
[  2.903s] [Workarounds] starting patch_uiparent_onupdate_worklists
[  2.903s] [Workarounds] finished patch_uiparent_onupdate_worklists in 107.78µs
[  2.903s] [Workarounds] starting init_chat_type_colors
[  2.903s] [Workarounds] finished init_chat_type_colors in 118.60µs
[  2.903s] [Workarounds] starting patch_chat_voice_button_surface
[  2.903s] [Workarounds] finished patch_chat_voice_button_surface in 130.35µs
[  2.903s] [Workarounds] starting patch_item_socketing_tooltips
[  2.903s] [Workarounds] finished patch_item_socketing_tooltips in 62.04µs
[  2.903s] [Workarounds] starting patch_character_select_selected_name
[  2.903s] [Workarounds] finished patch_character_select_selected_name in 32.33µs
[  2.903s] [Workarounds] starting patch_character_create_defaults
[  2.903s] [Workarounds] finished patch_character_create_defaults in 245.74µs
[  2.903s] [Workarounds] starting patch_character_frame_title_refresh
[  2.910s] [Workarounds] finished patch_character_frame_title_refresh in 6.25ms
[  2.910s] [Workarounds] starting patch_vignette_pin_template
[  2.910s] [Workarounds] finished patch_vignette_pin_template in 93.16µs
[  2.910s] [Workarounds] starting patch_fog_of_war_pin_mixin
[  2.910s] [Workarounds] finished patch_fog_of_war_pin_mixin in 293.23µs
[  2.910s] [Workarounds] starting patch_map_exploration_pin_mixin
[  2.916s] [Workarounds] finished patch_map_exploration_pin_mixin in 6.36ms
[  2.916s] [Workarounds] starting patch_map_canvas_data_provider_attachment
[  2.917s] [Workarounds] finished patch_map_canvas_data_provider_attachment in 76.32µs
[  2.917s] [Workarounds] starting ensure_adventure_map_frame_surface
[  2.917s] [Workarounds] finished ensure_adventure_map_frame_surface in 492.67µs
[  2.917s] [Workarounds] starting patch_action_bar_button_event_fanout
[  2.917s] [Workarounds] finished patch_action_bar_button_event_fanout in 109.46µs
[  2.917s] [Workarounds] starting patch_paging_controls_page_text
[  2.917s] [Workarounds] finished patch_paging_controls_page_text in 41.11µs
[  2.917s] [Workarounds] starting patch_talent_edge_frame_level_sync
[  2.917s] [Workarounds] finished patch_talent_edge_frame_level_sync in 32.22µs
[  2.917s] [Workarounds] starting patch_catalog_shop_product_card_defaults
[  2.917s] [Workarounds] finished patch_catalog_shop_product_card_defaults in 66.02µs
[  2.917s] [Workarounds] starting patch_game_time_defaults
[  2.917s] [Workarounds] finished patch_game_time_defaults in 7.63µs
[  2.917s] [Workarounds] starting patch_tooltip_nineslice_surface
[  2.917s] [Workarounds] finished patch_tooltip_nineslice_surface in 45.93µs
[  2.917s] [Workarounds] starting patch_container_frame_token_tracker
[  2.917s] [Workarounds] finished patch_container_frame_token_tracker in 42.86µs
[  2.917s] [Workarounds] starting patch_achievement_display_set_achievements
[  2.917s] [Workarounds] finished patch_achievement_display_set_achievements in 8.58µs
[  2.917s] [Workarounds] starting patch_housing_dashboard_preload
[  2.918s] [Workarounds] finished patch_housing_dashboard_preload in 174.97µs
[  2.918s] [Workarounds] starting patch_lfg_lock_list
[  2.918s] [Workarounds] finished patch_lfg_lock_list in 36.38µs
[  2.918s] [Workarounds] starting patch_auction_house_browse_results_event
[  2.918s] [Workarounds] finished patch_auction_house_browse_results_event in 75.00µs
[  2.918s] [Workarounds] starting patch_auction_house_search_context_aliases
[  2.918s] [Workarounds] finished patch_auction_house_search_context_aliases in 30.66µs
[  2.918s] [Workarounds] starting patch_auth_challenge_frame_parent
[  2.918s] [Workarounds] finished patch_auth_challenge_frame_parent in 70.62µs
[  2.918s] [Workarounds] starting patch_settings_surface_defaults
[  2.918s] [Workarounds] finished patch_settings_surface_defaults in 372.62µs
[  2.918s] [Workarounds] starting patch_settings_canvas_layout_visibility
[  2.918s] [Workarounds] finished patch_settings_canvas_layout_visibility in 119.79µs
[  2.918s] [Startup] apply_post_load_workarounds: workarounds complete
[  2.991s] [Startup] apply_post_load_workarounds: globals restored
[  2.992s] [Startup] apply_post_load_workarounds: patch 12.1 compatibility restored
[  2.992s] [Startup] apply_post_load_workarounds: seterrorhandler restored
[  3.139s] [Startup] begin login sequence
[  3.139s] [Startup] Firing ADDON_LOADED
[  3.139s] [Startup] Firing VARIABLES_LOADED
[  3.244s] [Startup] Firing DISPLAY_SIZE_CHANGED
[  3.289s] [Startup] Firing UI_SCALE_CHANGED
[  3.291s] [Startup] Firing PLAYER_LOGIN
[  3.291s] [Startup] end login sequence in 151.72ms
[  3.291s] [Startup] begin world enter sequence
[  3.291s] [Startup] Skipping EDIT_MODE_LAYOUTS_UPDATED
[  3.291s] [Startup] Firing TIME_PLAYED_MSG via RequestTimePlayed
[  3.291s] [Startup] Firing PLAYER_ENTERING_WORLD
[  3.553s] [EditMode] starting setup_layout_info
[  3.557s] [EditMode] finished setup_layout_info in 4.62ms
[  3.557s] [EditMode] starting apply_system_anchors
[  3.708s] [EditMode] finished apply_system_anchors in 150.22ms
[  3.708s] [EditMode] starting finalize_action_bar_positions
[  3.710s] [EditMode] finished finalize_action_bar_positions in 2.54ms
[  3.710s] [EditMode] starting invoke_anchor_changed_hooks
[  3.716s] [EditMode] finished invoke_anchor_changed_hooks in 5.71ms
[  3.716s] [EditMode] starting fix_action_bar_nan_size
[  3.716s] [EditMode] finished fix_action_bar_nan_size in 71.14µs
[  3.716s] [EditMode] starting fix_action_bar_scale
[  3.716s] [EditMode] finished fix_action_bar_scale in 4.92µs
[  3.716s] [EditMode] starting reapply_player_frame_anchor
[  3.717s] [EditMode] finished reapply_player_frame_anchor in 1.52ms
[  3.727s] [Startup] end world enter sequence in 436.29ms
[  3.727s] [Startup] begin post-login events
[  3.728s] [Startup] Firing UNIT_AURA
[  3.729s] [Startup] Firing PET_UI_UPDATE
[  3.731s] [Startup] Firing BAG_UPDATE_DELAYED
[  3.732s] [Startup] Firing QUEST_LOG_UPDATE
[  3.734s] [Startup] Firing GROUP_ROSTER_UPDATE
[  3.833s] [Startup] Firing ACTIONBAR_UPDATE_STATE
[  3.833s] [Startup] Firing ACTIONBAR_UPDATE_COOLDOWN
[  3.834s] [Startup] Firing UPDATE_BONUS_ACTIONBAR
[  3.847s] [Startup] Firing PLAYER_CAN_GLIDE_CHANGED
[  3.847s] [Startup] Firing PLAYER_IS_GLIDING_CHANGED
[  3.847s] [Startup] Firing UPDATE_BINDINGS
[  3.850s] [Startup] Firing UPDATE_CHAT_WINDOWS
[  3.853s] [Startup] Firing LFG_UPDATE_RANDOM_INFO
[  3.854s] [Startup] end post-login events in 127.13ms
[  3.854s] [Startup] begin close startup special windows
[  3.854s] [Startup] end close startup special windows in 289.02µs
[  3.854s] [Startup] begin FIRST_FRAME_RENDERED
[  3.854s] [Startup] Firing FIRST_FRAME_RENDERED
[  3.855s] [Startup] end FIRST_FRAME_RENDERED in 179.39µs
[  3.855s] [Startup] begin unblock hidden splash alerts
[  3.855s] [Startup] end unblock hidden splash alerts in 14.89µs
[  3.855s] [Startup] begin post-event workarounds
[  3.855s] [Startup] end post-event workarounds in 1.02µs
