
running 1 test
test patch_11_0_2_publication_sweep::patch_11_0_2_publication_sweep ... ok

test result: ok. 1 passed; 0 failed; 0 ignored; 0 measured; 10826 filtered out; finished in 3.90s


warning: iced-wgpu-patched/Cargo.toml: `lints.clippy.large-enum-variant` is deprecated in favor of `lints.clippy.large_enum_variant` and will not work in a future edition
warning: iced-wgpu-patched/Cargo.toml: `lints.clippy.map-entry` is deprecated in favor of `lints.clippy.map_entry` and will not work in a future edition
warning: iced-wgpu-patched/Cargo.toml: `lints.clippy.match-wildcard-for-single-variants` is deprecated in favor of `lints.clippy.match_wildcard_for_single_variants` and will not work in a future edition
warning: iced-wgpu-patched/Cargo.toml: `lints.clippy.redundant-closure-for-method-calls` is deprecated in favor of `lints.clippy.redundant_closure_for_method_calls` and will not work in a future edition
warning: iced-wgpu-patched/Cargo.toml: `lints.clippy.trivially-copy-pass-by-ref` is deprecated in favor of `lints.clippy.trivially_copy_pass_by_ref` and will not work in a future edition
warning: iced-wgpu-patched/Cargo.toml: `lints.clippy.type-complexity` is deprecated in favor of `lints.clippy.type_complexity` and will not work in a future edition
warning: `iced_wgpu` (manifest) generated 6 warnings
    Finished `test` profile [optimized + debuginfo] target(s) in 0.18s
     Running tests/integration.rs (target/debug/deps/integration-aef10a2b503e13d5)
[  0.000s] [Startup] WowLuaEnv::new begin
[  0.003s] [Startup] SimState::default complete in 2.52ms
[  0.003s] [Startup] rilua VM created in 229.52µs
[  0.003s] [Startup] builtin frames initialized in 140.29µs
[  0.003s] [Startup] template registry cleared in 7.74µs
[  0.003s] [Startup] intrinsic templates registered in 15.91µs
[  0.003s] [Startup] initial app_data lua handle installed in 752.00ns
[  0.134s] [Startup] init_lua_state complete in 131.01ms
[  0.134s] [Startup] final app_data lua handle installed in 201.00ns
[  0.134s] [Startup] initial screen globals installed in 83.61µs
[  0.134s] [Startup] WowLuaEnv::new complete
[  2.679s] [Startup] apply_post_load_workarounds: begin
[  2.679s] [Workarounds] starting patch_edit_mode_manager
[  2.679s] [Workarounds] finished patch_edit_mode_manager in 322.82µs
[  2.679s] [Workarounds] starting init_edit_mode_layout
[  2.679s] [EditMode] starting setup_layout_info
[  2.683s] [EditMode] finished setup_layout_info in 3.28ms
[  2.683s] [EditMode] starting apply_system_anchors
[  2.824s] [EditMode] finished apply_system_anchors in 141.73ms
[  2.824s] [EditMode] starting finalize_action_bar_positions
[  2.826s] [EditMode] finished finalize_action_bar_positions in 1.77ms
[  2.826s] [EditMode] starting invoke_anchor_changed_hooks
[  2.826s] [EditMode] finished invoke_anchor_changed_hooks in 405.87µs
[  2.826s] [EditMode] starting fix_action_bar_nan_size
[  2.826s] [EditMode] finished fix_action_bar_nan_size in 41.89µs
[  2.826s] [EditMode] starting fix_action_bar_scale
[  2.826s] [EditMode] finished fix_action_bar_scale in 5.04µs
[  2.827s] [Workarounds] finished init_edit_mode_layout in 147.26ms
[  2.827s] [Workarounds] starting patch_ui_parent_panel_toggles
[  2.827s] [Workarounds] finished patch_ui_parent_panel_toggles in 236.73µs
[  2.827s] [Workarounds] starting patch_uiparent_onupdate_worklists
[  2.827s] [Workarounds] finished patch_uiparent_onupdate_worklists in 98.71µs
[  2.827s] [Workarounds] starting init_chat_type_colors
[  2.827s] [Workarounds] finished init_chat_type_colors in 117.83µs
[  2.827s] [Workarounds] starting patch_chat_voice_button_surface
[  2.827s] [Workarounds] finished patch_chat_voice_button_surface in 117.19µs
[  2.827s] [Workarounds] starting patch_item_socketing_tooltips
[  2.827s] [Workarounds] finished patch_item_socketing_tooltips in 67.62µs
[  2.827s] [Workarounds] starting patch_character_select_selected_name
[  2.827s] [Workarounds] finished patch_character_select_selected_name in 31.69µs
[  2.827s] [Workarounds] starting patch_character_create_defaults
[  2.827s] [Workarounds] finished patch_character_create_defaults in 229.23µs
[  2.827s] [Workarounds] starting patch_character_frame_title_refresh
[  2.833s] [Workarounds] finished patch_character_frame_title_refresh in 5.67ms
[  2.833s] [Workarounds] starting patch_vignette_pin_template
[  2.833s] [Workarounds] finished patch_vignette_pin_template in 91.09µs
[  2.833s] [Workarounds] starting patch_fog_of_war_pin_mixin
[  2.833s] [Workarounds] finished patch_fog_of_war_pin_mixin in 274.82µs
[  2.833s] [Workarounds] starting patch_map_exploration_pin_mixin
[  2.839s] [Workarounds] finished patch_map_exploration_pin_mixin in 5.94ms
[  2.839s] [Workarounds] starting patch_map_canvas_data_provider_attachment
[  2.839s] [Workarounds] finished patch_map_canvas_data_provider_attachment in 64.99µs
[  2.839s] [Workarounds] starting ensure_adventure_map_frame_surface
[  2.840s] [Workarounds] finished ensure_adventure_map_frame_surface in 441.43µs
[  2.840s] [Workarounds] starting patch_action_bar_button_event_fanout
[  2.840s] [Workarounds] finished patch_action_bar_button_event_fanout in 103.38µs
[  2.840s] [Workarounds] starting patch_paging_controls_page_text
[  2.840s] [Workarounds] finished patch_paging_controls_page_text in 39.62µs
[  2.840s] [Workarounds] starting patch_talent_edge_frame_level_sync
[  2.840s] [Workarounds] finished patch_talent_edge_frame_level_sync in 30.68µs
[  2.840s] [Workarounds] starting patch_catalog_shop_product_card_defaults
[  2.840s] [Workarounds] finished patch_catalog_shop_product_card_defaults in 69.06µs
[  2.840s] [Workarounds] starting patch_game_time_defaults
[  2.840s] [Workarounds] finished patch_game_time_defaults in 7.61µs
[  2.840s] [Workarounds] starting patch_tooltip_nineslice_surface
[  2.840s] [Workarounds] finished patch_tooltip_nineslice_surface in 44.96µs
[  2.840s] [Workarounds] starting patch_container_frame_token_tracker
[  2.840s] [Workarounds] finished patch_container_frame_token_tracker in 40.96µs
[  2.840s] [Workarounds] starting patch_achievement_display_set_achievements
[  2.840s] [Workarounds] finished patch_achievement_display_set_achievements in 8.63µs
[  2.840s] [Workarounds] starting patch_housing_dashboard_preload
[  2.840s] [Workarounds] finished patch_housing_dashboard_preload in 163.54µs
[  2.840s] [Workarounds] starting patch_lfg_lock_list
[  2.840s] [Workarounds] finished patch_lfg_lock_list in 33.23µs
[  2.840s] [Workarounds] starting patch_auction_house_browse_results_event
[  2.841s] [Workarounds] finished patch_auction_house_browse_results_event in 67.12µs
[  2.841s] [Workarounds] starting patch_auction_house_search_context_aliases
[  2.841s] [Workarounds] finished patch_auction_house_search_context_aliases in 30.01µs
[  2.841s] [Workarounds] starting patch_auth_challenge_frame_parent
[  2.841s] [Workarounds] finished patch_auth_challenge_frame_parent in 65.55µs
[  2.841s] [Workarounds] starting patch_settings_surface_defaults
[  2.841s] [Workarounds] finished patch_settings_surface_defaults in 354.72µs
[  2.841s] [Workarounds] starting patch_settings_canvas_layout_visibility
[  2.841s] [Workarounds] finished patch_settings_canvas_layout_visibility in 117.83µs
[  2.841s] [Startup] apply_post_load_workarounds: workarounds complete
[  2.902s] [Startup] apply_post_load_workarounds: globals restored
[  2.903s] [Startup] apply_post_load_workarounds: patch 12.1 compatibility restored
[  2.903s] [Startup] apply_post_load_workarounds: seterrorhandler restored
[  3.039s] [Startup] begin login sequence
[  3.039s] [Startup] Firing ADDON_LOADED
[  3.039s] [Startup] Firing VARIABLES_LOADED
[  3.133s] [Startup] Firing DISPLAY_SIZE_CHANGED
[  3.175s] [Startup] Firing UI_SCALE_CHANGED
[  3.176s] [Startup] Firing PLAYER_LOGIN
[  3.176s] [Startup] end login sequence in 137.15ms
[  3.176s] [Startup] begin world enter sequence
[  3.176s] [Startup] Skipping EDIT_MODE_LAYOUTS_UPDATED
[  3.176s] [Startup] Firing TIME_PLAYED_MSG via RequestTimePlayed
[  3.176s] [Startup] Firing PLAYER_ENTERING_WORLD
[  3.405s] [EditMode] starting setup_layout_info
[  3.409s] [EditMode] finished setup_layout_info in 3.78ms
[  3.409s] [EditMode] starting apply_system_anchors
[  3.541s] [EditMode] finished apply_system_anchors in 132.28ms
[  3.541s] [EditMode] starting finalize_action_bar_positions
[  3.543s] [EditMode] finished finalize_action_bar_positions in 2.42ms
[  3.543s] [EditMode] starting invoke_anchor_changed_hooks
[  3.549s] [EditMode] finished invoke_anchor_changed_hooks in 5.40ms
[  3.549s] [EditMode] starting fix_action_bar_nan_size
[  3.549s] [EditMode] finished fix_action_bar_nan_size in 66.25µs
[  3.549s] [EditMode] starting fix_action_bar_scale
[  3.549s] [EditMode] finished fix_action_bar_scale in 4.26µs
[  3.549s] [EditMode] starting reapply_player_frame_anchor
[  3.550s] [EditMode] finished reapply_player_frame_anchor in 1.42ms
[  3.559s] [Startup] end world enter sequence in 382.69ms
[  3.559s] [Startup] begin post-login events
[  3.560s] [Startup] Firing UNIT_AURA
[  3.560s] [Startup] Firing PET_UI_UPDATE
[  3.562s] [Startup] Firing BAG_UPDATE_DELAYED
[  3.563s] [Startup] Firing QUEST_LOG_UPDATE
[  3.564s] [Startup] Firing GROUP_ROSTER_UPDATE
[  3.653s] [Startup] Firing ACTIONBAR_UPDATE_STATE
[  3.653s] [Startup] Firing ACTIONBAR_UPDATE_COOLDOWN
[  3.654s] [Startup] Firing UPDATE_BONUS_ACTIONBAR
[  3.665s] [Startup] Firing PLAYER_CAN_GLIDE_CHANGED
[  3.665s] [Startup] Firing PLAYER_IS_GLIDING_CHANGED
[  3.665s] [Startup] Firing UPDATE_BINDINGS
[  3.668s] [Startup] Firing UPDATE_CHAT_WINDOWS
[  3.671s] [Startup] Firing LFG_UPDATE_RANDOM_INFO
[  3.672s] [Startup] end post-login events in 113.18ms
[  3.672s] [Startup] begin close startup special windows
[  3.672s] [Startup] end close startup special windows in 283.44µs
[  3.672s] [Startup] begin FIRST_FRAME_RENDERED
[  3.672s] [Startup] Firing FIRST_FRAME_RENDERED
[  3.672s] [Startup] end FIRST_FRAME_RENDERED in 168.32µs
[  3.672s] [Startup] begin unblock hidden splash alerts
[  3.672s] [Startup] end unblock hidden splash alerts in 14.29µs
[  3.672s] [Startup] begin post-event workarounds
[  3.672s] [Startup] end post-event workarounds in 872.00ns
