
running 1 test
test patch_11_0_5_publication_sweep::patch_11_0_5_publication_sweep ... ok

test result: ok. 1 passed; 0 failed; 0 ignored; 0 measured; 10826 filtered out; finished in 4.00s


warning: iced-wgpu-patched/Cargo.toml: `lints.clippy.large-enum-variant` is deprecated in favor of `lints.clippy.large_enum_variant` and will not work in a future edition
warning: iced-wgpu-patched/Cargo.toml: `lints.clippy.map-entry` is deprecated in favor of `lints.clippy.map_entry` and will not work in a future edition
warning: iced-wgpu-patched/Cargo.toml: `lints.clippy.match-wildcard-for-single-variants` is deprecated in favor of `lints.clippy.match_wildcard_for_single_variants` and will not work in a future edition
warning: iced-wgpu-patched/Cargo.toml: `lints.clippy.redundant-closure-for-method-calls` is deprecated in favor of `lints.clippy.redundant_closure_for_method_calls` and will not work in a future edition
warning: iced-wgpu-patched/Cargo.toml: `lints.clippy.trivially-copy-pass-by-ref` is deprecated in favor of `lints.clippy.trivially_copy_pass_by_ref` and will not work in a future edition
warning: iced-wgpu-patched/Cargo.toml: `lints.clippy.type-complexity` is deprecated in favor of `lints.clippy.type_complexity` and will not work in a future edition
warning: `iced_wgpu` (manifest) generated 6 warnings
    Finished `test` profile [optimized + debuginfo] target(s) in 0.18s
     Running tests/integration.rs (target/debug/deps/integration-aef10a2b503e13d5)
[  0.000s] [Startup] WowLuaEnv::new begin
[  0.002s] [Startup] SimState::default complete in 2.44ms
[  0.003s] [Startup] rilua VM created in 138.37µs
[  0.003s] [Startup] builtin frames initialized in 87.31µs
[  0.003s] [Startup] template registry cleared in 5.95µs
[  0.003s] [Startup] intrinsic templates registered in 8.11µs
[  0.003s] [Startup] initial app_data lua handle installed in 732.00ns
[  0.133s] [Startup] init_lua_state complete in 129.97ms
[  0.133s] [Startup] final app_data lua handle installed in 221.00ns
[  0.133s] [Startup] initial screen globals installed in 101.69µs
[  0.133s] [Startup] WowLuaEnv::new complete
[  2.694s] [Startup] apply_post_load_workarounds: begin
[  2.694s] [Workarounds] starting patch_edit_mode_manager
[  2.694s] [Workarounds] finished patch_edit_mode_manager in 341.33µs
[  2.694s] [Workarounds] starting init_edit_mode_layout
[  2.694s] [EditMode] starting setup_layout_info
[  2.698s] [EditMode] finished setup_layout_info in 3.53ms
[  2.698s] [EditMode] starting apply_system_anchors
[  2.845s] [EditMode] finished apply_system_anchors in 147.93ms
[  2.845s] [EditMode] starting finalize_action_bar_positions
[  2.847s] [EditMode] finished finalize_action_bar_positions in 1.84ms
[  2.847s] [EditMode] starting invoke_anchor_changed_hooks
[  2.848s] [EditMode] finished invoke_anchor_changed_hooks in 410.41µs
[  2.848s] [EditMode] starting fix_action_bar_nan_size
[  2.848s] [EditMode] finished fix_action_bar_nan_size in 47.33µs
[  2.848s] [EditMode] starting fix_action_bar_scale
[  2.848s] [EditMode] finished fix_action_bar_scale in 4.87µs
[  2.848s] [Workarounds] finished init_edit_mode_layout in 153.79ms
[  2.848s] [Workarounds] starting patch_ui_parent_panel_toggles
[  2.848s] [Workarounds] finished patch_ui_parent_panel_toggles in 243.82µs
[  2.848s] [Workarounds] starting patch_uiparent_onupdate_worklists
[  2.848s] [Workarounds] finished patch_uiparent_onupdate_worklists in 101.97µs
[  2.848s] [Workarounds] starting init_chat_type_colors
[  2.848s] [Workarounds] finished init_chat_type_colors in 119.03µs
[  2.848s] [Workarounds] starting patch_chat_voice_button_surface
[  2.848s] [Workarounds] finished patch_chat_voice_button_surface in 122.97µs
[  2.848s] [Workarounds] starting patch_item_socketing_tooltips
[  2.848s] [Workarounds] finished patch_item_socketing_tooltips in 59.01µs
[  2.848s] [Workarounds] starting patch_character_select_selected_name
[  2.848s] [Workarounds] finished patch_character_select_selected_name in 31.53µs
[  2.848s] [Workarounds] starting patch_character_create_defaults
[  2.849s] [Workarounds] finished patch_character_create_defaults in 232.68µs
[  2.849s] [Workarounds] starting patch_character_frame_title_refresh
[  2.855s] [Workarounds] finished patch_character_frame_title_refresh in 5.93ms
[  2.855s] [Workarounds] starting patch_vignette_pin_template
[  2.855s] [Workarounds] finished patch_vignette_pin_template in 98.41µs
[  2.855s] [Workarounds] starting patch_fog_of_war_pin_mixin
[  2.855s] [Workarounds] finished patch_fog_of_war_pin_mixin in 287.02µs
[  2.855s] [Workarounds] starting patch_map_exploration_pin_mixin
[  2.861s] [Workarounds] finished patch_map_exploration_pin_mixin in 6.29ms
[  2.861s] [Workarounds] starting patch_map_canvas_data_provider_attachment
[  2.861s] [Workarounds] finished patch_map_canvas_data_provider_attachment in 66.16µs
[  2.861s] [Workarounds] starting ensure_adventure_map_frame_surface
[  2.862s] [Workarounds] finished ensure_adventure_map_frame_surface in 460.38µs
[  2.862s] [Workarounds] starting patch_action_bar_button_event_fanout
[  2.862s] [Workarounds] finished patch_action_bar_button_event_fanout in 106.95µs
[  2.862s] [Workarounds] starting patch_paging_controls_page_text
[  2.862s] [Workarounds] finished patch_paging_controls_page_text in 40.19µs
[  2.862s] [Workarounds] starting patch_talent_edge_frame_level_sync
[  2.862s] [Workarounds] finished patch_talent_edge_frame_level_sync in 31.52µs
[  2.862s] [Workarounds] starting patch_catalog_shop_product_card_defaults
[  2.862s] [Workarounds] finished patch_catalog_shop_product_card_defaults in 66.37µs
[  2.862s] [Workarounds] starting patch_game_time_defaults
[  2.862s] [Workarounds] finished patch_game_time_defaults in 7.33µs
[  2.862s] [Workarounds] starting patch_tooltip_nineslice_surface
[  2.862s] [Workarounds] finished patch_tooltip_nineslice_surface in 45.27µs
[  2.862s] [Workarounds] starting patch_container_frame_token_tracker
[  2.862s] [Workarounds] finished patch_container_frame_token_tracker in 42.67µs
[  2.862s] [Workarounds] starting patch_achievement_display_set_achievements
[  2.862s] [Workarounds] finished patch_achievement_display_set_achievements in 8.93µs
[  2.862s] [Workarounds] starting patch_housing_dashboard_preload
[  2.862s] [Workarounds] finished patch_housing_dashboard_preload in 168.53µs
[  2.862s] [Workarounds] starting patch_lfg_lock_list
[  2.862s] [Workarounds] finished patch_lfg_lock_list in 35.38µs
[  2.862s] [Workarounds] starting patch_auction_house_browse_results_event
[  2.863s] [Workarounds] finished patch_auction_house_browse_results_event in 68.60µs
[  2.863s] [Workarounds] starting patch_auction_house_search_context_aliases
[  2.863s] [Workarounds] finished patch_auction_house_search_context_aliases in 29.77µs
[  2.863s] [Workarounds] starting patch_auth_challenge_frame_parent
[  2.863s] [Workarounds] finished patch_auth_challenge_frame_parent in 68.82µs
[  2.863s] [Workarounds] starting patch_settings_surface_defaults
[  2.863s] [Workarounds] finished patch_settings_surface_defaults in 371.96µs
[  2.863s] [Workarounds] starting patch_settings_canvas_layout_visibility
[  2.863s] [Workarounds] finished patch_settings_canvas_layout_visibility in 117.73µs
[  2.863s] [Startup] apply_post_load_workarounds: workarounds complete
[  2.933s] [Startup] apply_post_load_workarounds: globals restored
[  2.933s] [Startup] apply_post_load_workarounds: patch 12.1 compatibility restored
[  2.933s] [Startup] apply_post_load_workarounds: seterrorhandler restored
[  3.080s] [Startup] begin login sequence
[  3.080s] [Startup] Firing ADDON_LOADED
[  3.080s] [Startup] Firing VARIABLES_LOADED
[  3.183s] [Startup] Firing DISPLAY_SIZE_CHANGED
[  3.229s] [Startup] Firing UI_SCALE_CHANGED
[  3.230s] [Startup] Firing PLAYER_LOGIN
[  3.230s] [Startup] end login sequence in 150.75ms
[  3.230s] [Startup] begin world enter sequence
[  3.230s] [Startup] Skipping EDIT_MODE_LAYOUTS_UPDATED
[  3.230s] [Startup] Firing TIME_PLAYED_MSG via RequestTimePlayed
[  3.230s] [Startup] Firing PLAYER_ENTERING_WORLD
[  3.480s] [EditMode] starting setup_layout_info
[  3.484s] [EditMode] finished setup_layout_info in 4.02ms
[  3.484s] [EditMode] starting apply_system_anchors
[  3.621s] [EditMode] finished apply_system_anchors in 137.22ms
[  3.621s] [EditMode] starting finalize_action_bar_positions
[  3.623s] [EditMode] finished finalize_action_bar_positions in 2.19ms
[  3.623s] [EditMode] starting invoke_anchor_changed_hooks
[  3.628s] [EditMode] finished invoke_anchor_changed_hooks in 5.29ms
[  3.628s] [EditMode] starting fix_action_bar_nan_size
[  3.628s] [EditMode] finished fix_action_bar_nan_size in 67.27µs
[  3.628s] [EditMode] starting fix_action_bar_scale
[  3.628s] [EditMode] finished fix_action_bar_scale in 4.54µs
[  3.628s] [EditMode] starting reapply_player_frame_anchor
[  3.630s] [EditMode] finished reapply_player_frame_anchor in 1.42ms
[  3.638s] [Startup] end world enter sequence in 407.98ms
[  3.638s] [Startup] begin post-login events
[  3.639s] [Startup] Firing UNIT_AURA
[  3.640s] [Startup] Firing PET_UI_UPDATE
[  3.641s] [Startup] Firing BAG_UPDATE_DELAYED
[  3.643s] [Startup] Firing QUEST_LOG_UPDATE
[  3.644s] [Startup] Firing GROUP_ROSTER_UPDATE
[  3.738s] [Startup] Firing ACTIONBAR_UPDATE_STATE
[  3.738s] [Startup] Firing ACTIONBAR_UPDATE_COOLDOWN
[  3.739s] [Startup] Firing UPDATE_BONUS_ACTIONBAR
[  3.751s] [Startup] Firing PLAYER_CAN_GLIDE_CHANGED
[  3.751s] [Startup] Firing PLAYER_IS_GLIDING_CHANGED
[  3.751s] [Startup] Firing UPDATE_BINDINGS
[  3.754s] [Startup] Firing UPDATE_CHAT_WINDOWS
[  3.757s] [Startup] Firing LFG_UPDATE_RANDOM_INFO
[  3.758s] [Startup] end post-login events in 119.69ms
[  3.758s] [Startup] begin close startup special windows
[  3.758s] [Startup] end close startup special windows in 280.14µs
[  3.758s] [Startup] begin FIRST_FRAME_RENDERED
[  3.758s] [Startup] Firing FIRST_FRAME_RENDERED
[  3.758s] [Startup] end FIRST_FRAME_RENDERED in 178.25µs
[  3.758s] [Startup] begin unblock hidden splash alerts
[  3.758s] [Startup] end unblock hidden splash alerts in 14.57µs
[  3.758s] [Startup] begin post-event workarounds
[  3.758s] [Startup] end post-event workarounds in 942.00ns
