
running 1 test
test patch_10_1_5_publication_sweep::patch_10_1_5_publication_sweep ... ok

test result: ok. 1 passed; 0 failed; 0 ignored; 0 measured; 10826 filtered out; finished in 3.95s


warning: iced-wgpu-patched/Cargo.toml: `lints.clippy.large-enum-variant` is deprecated in favor of `lints.clippy.large_enum_variant` and will not work in a future edition
warning: iced-wgpu-patched/Cargo.toml: `lints.clippy.map-entry` is deprecated in favor of `lints.clippy.map_entry` and will not work in a future edition
warning: iced-wgpu-patched/Cargo.toml: `lints.clippy.match-wildcard-for-single-variants` is deprecated in favor of `lints.clippy.match_wildcard_for_single_variants` and will not work in a future edition
warning: iced-wgpu-patched/Cargo.toml: `lints.clippy.redundant-closure-for-method-calls` is deprecated in favor of `lints.clippy.redundant_closure_for_method_calls` and will not work in a future edition
warning: iced-wgpu-patched/Cargo.toml: `lints.clippy.trivially-copy-pass-by-ref` is deprecated in favor of `lints.clippy.trivially_copy_pass_by_ref` and will not work in a future edition
warning: iced-wgpu-patched/Cargo.toml: `lints.clippy.type-complexity` is deprecated in favor of `lints.clippy.type_complexity` and will not work in a future edition
warning: `iced_wgpu` (manifest) generated 6 warnings
    Finished `test` profile [optimized + debuginfo] target(s) in 0.18s
     Running tests/integration.rs (target/debug/deps/integration-aef10a2b503e13d5)
[  0.000s] [Startup] WowLuaEnv::new begin
[  0.003s] [Startup] SimState::default complete in 2.51ms
[  0.003s] [Startup] rilua VM created in 130.91µs
[  0.003s] [Startup] builtin frames initialized in 81.86µs
[  0.003s] [Startup] template registry cleared in 6.51µs
[  0.003s] [Startup] intrinsic templates registered in 8.30µs
[  0.003s] [Startup] initial app_data lua handle installed in 621.00ns
[  0.135s] [Startup] init_lua_state complete in 132.52ms
[  0.135s] [Startup] final app_data lua handle installed in 210.00ns
[  0.135s] [Startup] initial screen globals installed in 90.59µs
[  0.135s] [Startup] WowLuaEnv::new complete
[  2.596s] [Startup] apply_post_load_workarounds: begin
[  2.596s] [Workarounds] starting patch_edit_mode_manager
[  2.596s] [Workarounds] finished patch_edit_mode_manager in 325.31µs
[  2.596s] [Workarounds] starting init_edit_mode_layout
[  2.596s] [EditMode] starting setup_layout_info
[  2.599s] [EditMode] finished setup_layout_info in 3.30ms
[  2.599s] [EditMode] starting apply_system_anchors
[  2.743s] [EditMode] finished apply_system_anchors in 143.76ms
[  2.743s] [EditMode] starting finalize_action_bar_positions
[  2.745s] [EditMode] finished finalize_action_bar_positions in 1.79ms
[  2.745s] [EditMode] starting invoke_anchor_changed_hooks
[  2.745s] [EditMode] finished invoke_anchor_changed_hooks in 403.09µs
[  2.745s] [EditMode] starting fix_action_bar_nan_size
[  2.745s] [EditMode] finished fix_action_bar_nan_size in 41.53µs
[  2.745s] [EditMode] starting fix_action_bar_scale
[  2.745s] [EditMode] finished fix_action_bar_scale in 4.60µs
[  2.745s] [Workarounds] finished init_edit_mode_layout in 149.32ms
[  2.745s] [Workarounds] starting patch_ui_parent_panel_toggles
[  2.745s] [Workarounds] finished patch_ui_parent_panel_toggles in 235.35µs
[  2.745s] [Workarounds] starting patch_uiparent_onupdate_worklists
[  2.746s] [Workarounds] finished patch_uiparent_onupdate_worklists in 97.40µs
[  2.746s] [Workarounds] starting init_chat_type_colors
[  2.746s] [Workarounds] finished init_chat_type_colors in 114.92µs
[  2.746s] [Workarounds] starting patch_chat_voice_button_surface
[  2.746s] [Workarounds] finished patch_chat_voice_button_surface in 120.36µs
[  2.746s] [Workarounds] starting patch_item_socketing_tooltips
[  2.746s] [Workarounds] finished patch_item_socketing_tooltips in 57.45µs
[  2.746s] [Workarounds] starting patch_character_select_selected_name
[  2.746s] [Workarounds] finished patch_character_select_selected_name in 30.97µs
[  2.746s] [Workarounds] starting patch_character_create_defaults
[  2.746s] [Workarounds] finished patch_character_create_defaults in 223.54µs
[  2.746s] [Workarounds] starting patch_character_frame_title_refresh
[  2.752s] [Workarounds] finished patch_character_frame_title_refresh in 5.68ms
[  2.752s] [Workarounds] starting patch_vignette_pin_template
[  2.752s] [Workarounds] finished patch_vignette_pin_template in 89.29µs
[  2.752s] [Workarounds] starting patch_fog_of_war_pin_mixin
[  2.752s] [Workarounds] finished patch_fog_of_war_pin_mixin in 274.92µs
[  2.752s] [Workarounds] starting patch_map_exploration_pin_mixin
[  2.758s] [Workarounds] finished patch_map_exploration_pin_mixin in 5.95ms
[  2.758s] [Workarounds] starting patch_map_canvas_data_provider_attachment
[  2.758s] [Workarounds] finished patch_map_canvas_data_provider_attachment in 63.35µs
[  2.758s] [Workarounds] starting ensure_adventure_map_frame_surface
[  2.759s] [Workarounds] finished ensure_adventure_map_frame_surface in 440.64µs
[  2.759s] [Workarounds] starting patch_action_bar_button_event_fanout
[  2.759s] [Workarounds] finished patch_action_bar_button_event_fanout in 101.77µs
[  2.759s] [Workarounds] starting patch_paging_controls_page_text
[  2.759s] [Workarounds] finished patch_paging_controls_page_text in 44.28µs
[  2.759s] [Workarounds] starting patch_talent_edge_frame_level_sync
[  2.759s] [Workarounds] finished patch_talent_edge_frame_level_sync in 30.80µs
[  2.759s] [Workarounds] starting patch_catalog_shop_product_card_defaults
[  2.759s] [Workarounds] finished patch_catalog_shop_product_card_defaults in 63.70µs
[  2.759s] [Workarounds] starting patch_game_time_defaults
[  2.759s] [Workarounds] finished patch_game_time_defaults in 6.71µs
[  2.759s] [Workarounds] starting patch_tooltip_nineslice_surface
[  2.759s] [Workarounds] finished patch_tooltip_nineslice_surface in 43.98µs
[  2.759s] [Workarounds] starting patch_container_frame_token_tracker
[  2.759s] [Workarounds] finished patch_container_frame_token_tracker in 40.67µs
[  2.759s] [Workarounds] starting patch_achievement_display_set_achievements
[  2.759s] [Workarounds] finished patch_achievement_display_set_achievements in 8.24µs
[  2.759s] [Workarounds] starting patch_housing_dashboard_preload
[  2.759s] [Workarounds] finished patch_housing_dashboard_preload in 163.19µs
[  2.759s] [Workarounds] starting patch_lfg_lock_list
[  2.759s] [Workarounds] finished patch_lfg_lock_list in 33.92µs
[  2.759s] [Workarounds] starting patch_auction_house_browse_results_event
[  2.759s] [Workarounds] finished patch_auction_house_browse_results_event in 65.70µs
[  2.759s] [Workarounds] starting patch_auction_house_search_context_aliases
[  2.759s] [Workarounds] finished patch_auction_house_search_context_aliases in 29.31µs
[  2.759s] [Workarounds] starting patch_auth_challenge_frame_parent
[  2.759s] [Workarounds] finished patch_auth_challenge_frame_parent in 65.70µs
[  2.759s] [Workarounds] starting patch_settings_surface_defaults
[  2.760s] [Workarounds] finished patch_settings_surface_defaults in 352.85µs
[  2.760s] [Workarounds] starting patch_settings_canvas_layout_visibility
[  2.760s] [Workarounds] finished patch_settings_canvas_layout_visibility in 118.88µs
[  2.760s] [Startup] apply_post_load_workarounds: workarounds complete
[  2.826s] [Startup] apply_post_load_workarounds: globals restored
[  2.826s] [Startup] apply_post_load_workarounds: patch 12.1 compatibility restored
[  2.826s] [Startup] apply_post_load_workarounds: seterrorhandler restored
[  2.969s] [Startup] begin login sequence
[  2.969s] [Startup] Firing ADDON_LOADED
[  2.969s] [Startup] Firing VARIABLES_LOADED
[  3.078s] [Startup] Firing DISPLAY_SIZE_CHANGED
[  3.123s] [Startup] Firing UI_SCALE_CHANGED
[  3.124s] [Startup] Firing PLAYER_LOGIN
[  3.124s] [Startup] end login sequence in 155.55ms
[  3.124s] [Startup] begin world enter sequence
[  3.124s] [Startup] Skipping EDIT_MODE_LAYOUTS_UPDATED
[  3.124s] [Startup] Firing TIME_PLAYED_MSG via RequestTimePlayed
[  3.124s] [Startup] Firing PLAYER_ENTERING_WORLD
[  3.369s] [EditMode] starting setup_layout_info
[  3.373s] [EditMode] finished setup_layout_info in 4.22ms
[  3.373s] [EditMode] starting apply_system_anchors
[  3.517s] [EditMode] finished apply_system_anchors in 143.60ms
[  3.517s] [EditMode] starting finalize_action_bar_positions
[  3.520s] [EditMode] finished finalize_action_bar_positions in 2.85ms
[  3.520s] [EditMode] starting invoke_anchor_changed_hooks
[  3.526s] [EditMode] finished invoke_anchor_changed_hooks in 6.18ms
[  3.526s] [EditMode] starting fix_action_bar_nan_size
[  3.526s] [EditMode] finished fix_action_bar_nan_size in 77.93µs
[  3.526s] [EditMode] starting fix_action_bar_scale
[  3.526s] [EditMode] finished fix_action_bar_scale in 5.00µs
[  3.526s] [EditMode] starting reapply_player_frame_anchor
[  3.527s] [EditMode] finished reapply_player_frame_anchor in 1.51ms
[  3.537s] [Startup] end world enter sequence in 412.65ms
[  3.537s] [Startup] begin post-login events
[  3.538s] [Startup] Firing UNIT_AURA
[  3.538s] [Startup] Firing PET_UI_UPDATE
[  3.540s] [Startup] Firing BAG_UPDATE_DELAYED
[  3.542s] [Startup] Firing QUEST_LOG_UPDATE
[  3.543s] [Startup] Firing GROUP_ROSTER_UPDATE
[  3.636s] [Startup] Firing ACTIONBAR_UPDATE_STATE
[  3.636s] [Startup] Firing ACTIONBAR_UPDATE_COOLDOWN
[  3.637s] [Startup] Firing UPDATE_BONUS_ACTIONBAR
[  3.649s] [Startup] Firing PLAYER_CAN_GLIDE_CHANGED
[  3.650s] [Startup] Firing PLAYER_IS_GLIDING_CHANGED
[  3.650s] [Startup] Firing UPDATE_BINDINGS
[  3.653s] [Startup] Firing UPDATE_CHAT_WINDOWS
[  3.657s] [Startup] Firing LFG_UPDATE_RANDOM_INFO
[  3.658s] [Startup] end post-login events in 121.33ms
[  3.658s] [Startup] begin close startup special windows
[  3.658s] [Startup] end close startup special windows in 305.91µs
[  3.658s] [Startup] begin FIRST_FRAME_RENDERED
[  3.658s] [Startup] Firing FIRST_FRAME_RENDERED
[  3.659s] [Startup] end FIRST_FRAME_RENDERED in 196.96µs
[  3.659s] [Startup] begin unblock hidden splash alerts
[  3.659s] [Startup] end unblock hidden splash alerts in 16.32µs
[  3.659s] [Startup] begin post-event workarounds
[  3.659s] [Startup] end post-event workarounds in 1.02µs
CVar default mismatch wt-cvars-wmoPortalInteriorFade-168: page=Some("0"), observed=Some("1")
