
running 1 test
test patch_11_2_7_publication_sweep::patch_11_2_7_publication_sweep ... ok

test result: ok. 1 passed; 0 failed; 0 ignored; 0 measured; 10826 filtered out; finished in 4.00s


warning: iced-wgpu-patched/Cargo.toml: `lints.clippy.large-enum-variant` is deprecated in favor of `lints.clippy.large_enum_variant` and will not work in a future edition
warning: iced-wgpu-patched/Cargo.toml: `lints.clippy.map-entry` is deprecated in favor of `lints.clippy.map_entry` and will not work in a future edition
warning: iced-wgpu-patched/Cargo.toml: `lints.clippy.match-wildcard-for-single-variants` is deprecated in favor of `lints.clippy.match_wildcard_for_single_variants` and will not work in a future edition
warning: iced-wgpu-patched/Cargo.toml: `lints.clippy.redundant-closure-for-method-calls` is deprecated in favor of `lints.clippy.redundant_closure_for_method_calls` and will not work in a future edition
warning: iced-wgpu-patched/Cargo.toml: `lints.clippy.trivially-copy-pass-by-ref` is deprecated in favor of `lints.clippy.trivially_copy_pass_by_ref` and will not work in a future edition
warning: iced-wgpu-patched/Cargo.toml: `lints.clippy.type-complexity` is deprecated in favor of `lints.clippy.type_complexity` and will not work in a future edition
warning: `iced_wgpu` (manifest) generated 6 warnings
    Finished `test` profile [optimized + debuginfo] target(s) in 0.17s
     Running tests/integration.rs (target/debug/deps/integration-aef10a2b503e13d5)
[  0.000s] [Startup] WowLuaEnv::new begin
[  0.004s] [Startup] SimState::default complete in 3.71ms
[  0.004s] [Startup] rilua VM created in 134.47µs
[  0.004s] [Startup] builtin frames initialized in 84.39µs
[  0.004s] [Startup] template registry cleared in 5.53µs
[  0.004s] [Startup] intrinsic templates registered in 8.11µs
[  0.004s] [Startup] initial app_data lua handle installed in 671.00ns
[  0.144s] [Startup] init_lua_state complete in 139.86ms
[  0.144s] [Startup] final app_data lua handle installed in 201.00ns
[  0.144s] [Startup] initial screen globals installed in 87.76µs
[  0.144s] [Startup] WowLuaEnv::new complete
[  2.482s] [Startup] apply_post_load_workarounds: begin
[  2.482s] [Workarounds] starting patch_edit_mode_manager
[  2.483s] [Workarounds] finished patch_edit_mode_manager in 322.26µs
[  2.483s] [Workarounds] starting init_edit_mode_layout
[  2.483s] [EditMode] starting setup_layout_info
[  2.486s] [EditMode] finished setup_layout_info in 3.37ms
[  2.486s] [EditMode] starting apply_system_anchors
[  2.629s] [EditMode] finished apply_system_anchors in 143.39ms
[  2.629s] [EditMode] starting finalize_action_bar_positions
[  2.631s] [EditMode] finished finalize_action_bar_positions in 1.88ms
[  2.631s] [EditMode] starting invoke_anchor_changed_hooks
[  2.632s] [EditMode] finished invoke_anchor_changed_hooks in 415.40µs
[  2.632s] [EditMode] starting fix_action_bar_nan_size
[  2.632s] [EditMode] finished fix_action_bar_nan_size in 43.72µs
[  2.632s] [EditMode] starting fix_action_bar_scale
[  2.632s] [EditMode] finished fix_action_bar_scale in 4.51µs
[  2.632s] [Workarounds] finished init_edit_mode_layout in 149.14ms
[  2.632s] [Workarounds] starting patch_ui_parent_panel_toggles
[  2.632s] [Workarounds] finished patch_ui_parent_panel_toggles in 238.44µs
[  2.632s] [Workarounds] starting patch_uiparent_onupdate_worklists
[  2.632s] [Workarounds] finished patch_uiparent_onupdate_worklists in 99.23µs
[  2.632s] [Workarounds] starting init_chat_type_colors
[  2.632s] [Workarounds] finished init_chat_type_colors in 117.04µs
[  2.632s] [Workarounds] starting patch_chat_voice_button_surface
[  2.632s] [Workarounds] finished patch_chat_voice_button_surface in 126.35µs
[  2.632s] [Workarounds] starting patch_item_socketing_tooltips
[  2.632s] [Workarounds] finished patch_item_socketing_tooltips in 58.40µs
[  2.632s] [Workarounds] starting patch_character_select_selected_name
[  2.632s] [Workarounds] finished patch_character_select_selected_name in 30.94µs
[  2.632s] [Workarounds] starting patch_character_create_defaults
[  2.633s] [Workarounds] finished patch_character_create_defaults in 229.81µs
[  2.633s] [Workarounds] starting patch_character_frame_title_refresh
[  2.638s] [Workarounds] finished patch_character_frame_title_refresh in 5.70ms
[  2.638s] [Workarounds] starting patch_vignette_pin_template
[  2.638s] [Workarounds] finished patch_vignette_pin_template in 91.92µs
[  2.638s] [Workarounds] starting patch_fog_of_war_pin_mixin
[  2.639s] [Workarounds] finished patch_fog_of_war_pin_mixin in 286.56µs
[  2.639s] [Workarounds] starting patch_map_exploration_pin_mixin
[  2.645s] [Workarounds] finished patch_map_exploration_pin_mixin in 5.93ms
[  2.645s] [Workarounds] starting patch_map_canvas_data_provider_attachment
[  2.645s] [Workarounds] finished patch_map_canvas_data_provider_attachment in 62.77µs
[  2.645s] [Workarounds] starting ensure_adventure_map_frame_surface
[  2.645s] [Workarounds] finished ensure_adventure_map_frame_surface in 465.23µs
[  2.645s] [Workarounds] starting patch_action_bar_button_event_fanout
[  2.645s] [Workarounds] finished patch_action_bar_button_event_fanout in 105.04µs
[  2.645s] [Workarounds] starting patch_paging_controls_page_text
[  2.645s] [Workarounds] finished patch_paging_controls_page_text in 39.67µs
[  2.645s] [Workarounds] starting patch_talent_edge_frame_level_sync
[  2.645s] [Workarounds] finished patch_talent_edge_frame_level_sync in 31.04µs
[  2.645s] [Workarounds] starting patch_catalog_shop_product_card_defaults
[  2.645s] [Workarounds] finished patch_catalog_shop_product_card_defaults in 64.63µs
[  2.645s] [Workarounds] starting patch_game_time_defaults
[  2.646s] [Workarounds] finished patch_game_time_defaults in 7.59µs
[  2.646s] [Workarounds] starting patch_tooltip_nineslice_surface
[  2.646s] [Workarounds] finished patch_tooltip_nineslice_surface in 43.83µs
[  2.646s] [Workarounds] starting patch_container_frame_token_tracker
[  2.646s] [Workarounds] finished patch_container_frame_token_tracker in 48.69µs
[  2.646s] [Workarounds] starting patch_achievement_display_set_achievements
[  2.646s] [Workarounds] finished patch_achievement_display_set_achievements in 8.42µs
[  2.646s] [Workarounds] starting patch_housing_dashboard_preload
[  2.646s] [Workarounds] finished patch_housing_dashboard_preload in 168.16µs
[  2.646s] [Workarounds] starting patch_lfg_lock_list
[  2.646s] [Workarounds] finished patch_lfg_lock_list in 37.01µs
[  2.646s] [Workarounds] starting patch_auction_house_browse_results_event
[  2.646s] [Workarounds] finished patch_auction_house_browse_results_event in 66.57µs
[  2.646s] [Workarounds] starting patch_auction_house_search_context_aliases
[  2.646s] [Workarounds] finished patch_auction_house_search_context_aliases in 29.20µs
[  2.646s] [Workarounds] starting patch_auth_challenge_frame_parent
[  2.646s] [Workarounds] finished patch_auth_challenge_frame_parent in 67.62µs
[  2.646s] [Workarounds] starting patch_settings_surface_defaults
[  2.646s] [Workarounds] finished patch_settings_surface_defaults in 357.80µs
[  2.646s] [Workarounds] starting patch_settings_canvas_layout_visibility
[  2.646s] [Workarounds] finished patch_settings_canvas_layout_visibility in 116.01µs
[  2.646s] [Startup] apply_post_load_workarounds: workarounds complete
[  2.709s] [Startup] apply_post_load_workarounds: globals restored
[  2.709s] [Startup] apply_post_load_workarounds: patch 12.1 compatibility restored
[  2.709s] [Startup] apply_post_load_workarounds: seterrorhandler restored
[  2.848s] [Startup] begin login sequence
[  2.848s] [Startup] Firing ADDON_LOADED
[  2.848s] [Startup] Firing VARIABLES_LOADED
[  2.951s] [Startup] Firing DISPLAY_SIZE_CHANGED
[  2.996s] [Startup] Firing UI_SCALE_CHANGED
[  2.997s] [Startup] Firing PLAYER_LOGIN
[  2.998s] [Startup] end login sequence in 149.57ms
[  2.998s] [Startup] begin world enter sequence
[  2.998s] [Startup] Skipping EDIT_MODE_LAYOUTS_UPDATED
[  2.998s] [Startup] Firing TIME_PLAYED_MSG via RequestTimePlayed
[  2.998s] [Startup] Firing PLAYER_ENTERING_WORLD
[  3.244s] [EditMode] starting setup_layout_info
[  3.248s] [EditMode] finished setup_layout_info in 4.43ms
[  3.248s] [EditMode] starting apply_system_anchors
[  3.392s] [EditMode] finished apply_system_anchors in 143.84ms
[  3.392s] [EditMode] starting finalize_action_bar_positions
[  3.395s] [EditMode] finished finalize_action_bar_positions in 2.44ms
[  3.395s] [EditMode] starting invoke_anchor_changed_hooks
[  3.401s] [EditMode] finished invoke_anchor_changed_hooks in 5.84ms
[  3.401s] [EditMode] starting fix_action_bar_nan_size
[  3.401s] [EditMode] finished fix_action_bar_nan_size in 77.16µs
[  3.401s] [EditMode] starting fix_action_bar_scale
[  3.401s] [EditMode] finished fix_action_bar_scale in 4.89µs
[  3.401s] [EditMode] starting reapply_player_frame_anchor
[  3.402s] [EditMode] finished reapply_player_frame_anchor in 1.49ms
[  3.411s] [Startup] end world enter sequence in 413.53ms
[  3.411s] [Startup] begin post-login events
[  3.412s] [Startup] Firing UNIT_AURA
[  3.413s] [Startup] Firing PET_UI_UPDATE
[  3.414s] [Startup] Firing BAG_UPDATE_DELAYED
[  3.416s] [Startup] Firing QUEST_LOG_UPDATE
[  3.417s] [Startup] Firing GROUP_ROSTER_UPDATE
[  3.513s] [Startup] Firing ACTIONBAR_UPDATE_STATE
[  3.513s] [Startup] Firing ACTIONBAR_UPDATE_COOLDOWN
[  3.514s] [Startup] Firing UPDATE_BONUS_ACTIONBAR
[  3.526s] [Startup] Firing PLAYER_CAN_GLIDE_CHANGED
[  3.526s] [Startup] Firing PLAYER_IS_GLIDING_CHANGED
[  3.526s] [Startup] Firing UPDATE_BINDINGS
[  3.529s] [Startup] Firing UPDATE_CHAT_WINDOWS
[  3.532s] [Startup] Firing LFG_UPDATE_RANDOM_INFO
[  3.533s] [Startup] end post-login events in 122.05ms
[  3.533s] [Startup] begin close startup special windows
[  3.533s] [Startup] end close startup special windows in 283.30µs
[  3.533s] [Startup] begin FIRST_FRAME_RENDERED
[  3.533s] [Startup] Firing FIRST_FRAME_RENDERED
[  3.534s] [Startup] end FIRST_FRAME_RENDERED in 180.78µs
[  3.534s] [Startup] begin unblock hidden splash alerts
[  3.534s] [Startup] end unblock hidden splash alerts in 16.52µs
[  3.534s] [Startup] begin post-event workarounds
[  3.534s] [Startup] end post-event workarounds in 1.29µs
