
running 1 test
test patch_11_0_0_publication_sweep::patch_11_0_0_publication_sweep ... ok

test result: ok. 1 passed; 0 failed; 0 ignored; 0 measured; 10826 filtered out; finished in 4.00s


warning: iced-wgpu-patched/Cargo.toml: `lints.clippy.large-enum-variant` is deprecated in favor of `lints.clippy.large_enum_variant` and will not work in a future edition
warning: iced-wgpu-patched/Cargo.toml: `lints.clippy.map-entry` is deprecated in favor of `lints.clippy.map_entry` and will not work in a future edition
warning: iced-wgpu-patched/Cargo.toml: `lints.clippy.match-wildcard-for-single-variants` is deprecated in favor of `lints.clippy.match_wildcard_for_single_variants` and will not work in a future edition
warning: iced-wgpu-patched/Cargo.toml: `lints.clippy.redundant-closure-for-method-calls` is deprecated in favor of `lints.clippy.redundant_closure_for_method_calls` and will not work in a future edition
warning: iced-wgpu-patched/Cargo.toml: `lints.clippy.trivially-copy-pass-by-ref` is deprecated in favor of `lints.clippy.trivially_copy_pass_by_ref` and will not work in a future edition
warning: iced-wgpu-patched/Cargo.toml: `lints.clippy.type-complexity` is deprecated in favor of `lints.clippy.type_complexity` and will not work in a future edition
warning: `iced_wgpu` (manifest) generated 6 warnings
    Finished `test` profile [optimized + debuginfo] target(s) in 0.20s
     Running tests/integration.rs (target/debug/deps/integration-aef10a2b503e13d5)
[  0.000s] [Startup] WowLuaEnv::new begin
[  0.004s] [Startup] SimState::default complete in 4.17ms
[  0.004s] [Startup] rilua VM created in 154.35µs
[  0.004s] [Startup] builtin frames initialized in 101.82µs
[  0.004s] [Startup] template registry cleared in 7.11µs
[  0.005s] [Startup] intrinsic templates registered in 10.36µs
[  0.005s] [Startup] initial app_data lua handle installed in 732.00ns
[  0.146s] [Startup] init_lua_state complete in 141.09ms
[  0.146s] [Startup] final app_data lua handle installed in 221.00ns
[  0.146s] [Startup] initial screen globals installed in 99.23µs
[  0.146s] [Startup] WowLuaEnv::new complete
[  2.611s] [Startup] apply_post_load_workarounds: begin
[  2.611s] [Workarounds] starting patch_edit_mode_manager
[  2.611s] [Workarounds] finished patch_edit_mode_manager in 312.00µs
[  2.611s] [Workarounds] starting init_edit_mode_layout
[  2.611s] [EditMode] starting setup_layout_info
[  2.615s] [EditMode] finished setup_layout_info in 3.24ms
[  2.615s] [EditMode] starting apply_system_anchors
[  2.752s] [EditMode] finished apply_system_anchors in 136.98ms
[  2.752s] [EditMode] starting finalize_action_bar_positions
[  2.753s] [EditMode] finished finalize_action_bar_positions in 1.66ms
[  2.753s] [EditMode] starting invoke_anchor_changed_hooks
[  2.754s] [EditMode] finished invoke_anchor_changed_hooks in 383.16µs
[  2.754s] [EditMode] starting fix_action_bar_nan_size
[  2.754s] [EditMode] finished fix_action_bar_nan_size in 39.66µs
[  2.754s] [EditMode] starting fix_action_bar_scale
[  2.754s] [EditMode] finished fix_action_bar_scale in 4.41µs
[  2.754s] [Workarounds] finished init_edit_mode_layout in 142.33ms
[  2.754s] [Workarounds] starting patch_ui_parent_panel_toggles
[  2.754s] [Workarounds] finished patch_ui_parent_panel_toggles in 224.48µs
[  2.754s] [Workarounds] starting patch_uiparent_onupdate_worklists
[  2.754s] [Workarounds] finished patch_uiparent_onupdate_worklists in 94.61µs
[  2.754s] [Workarounds] starting init_chat_type_colors
[  2.754s] [Workarounds] finished init_chat_type_colors in 113.78µs
[  2.754s] [Workarounds] starting patch_chat_voice_button_surface
[  2.754s] [Workarounds] finished patch_chat_voice_button_surface in 113.96µs
[  2.754s] [Workarounds] starting patch_item_socketing_tooltips
[  2.754s] [Workarounds] finished patch_item_socketing_tooltips in 55.64µs
[  2.754s] [Workarounds] starting patch_character_select_selected_name
[  2.754s] [Workarounds] finished patch_character_select_selected_name in 29.14µs
[  2.754s] [Workarounds] starting patch_character_create_defaults
[  2.754s] [Workarounds] finished patch_character_create_defaults in 219.05µs
[  2.754s] [Workarounds] starting patch_character_frame_title_refresh
[  2.760s] [Workarounds] finished patch_character_frame_title_refresh in 5.47ms
[  2.760s] [Workarounds] starting patch_vignette_pin_template
[  2.760s] [Workarounds] finished patch_vignette_pin_template in 82.32µs
[  2.760s] [Workarounds] starting patch_fog_of_war_pin_mixin
[  2.760s] [Workarounds] finished patch_fog_of_war_pin_mixin in 265.97µs
[  2.760s] [Workarounds] starting patch_map_exploration_pin_mixin
[  2.766s] [Workarounds] finished patch_map_exploration_pin_mixin in 5.66ms
[  2.766s] [Workarounds] starting patch_map_canvas_data_provider_attachment
[  2.766s] [Workarounds] finished patch_map_canvas_data_provider_attachment in 58.92µs
[  2.766s] [Workarounds] starting ensure_adventure_map_frame_surface
[  2.766s] [Workarounds] finished ensure_adventure_map_frame_surface in 416.93µs
[  2.766s] [Workarounds] starting patch_action_bar_button_event_fanout
[  2.767s] [Workarounds] finished patch_action_bar_button_event_fanout in 97.22µs
[  2.767s] [Workarounds] starting patch_paging_controls_page_text
[  2.767s] [Workarounds] finished patch_paging_controls_page_text in 37.31µs
[  2.767s] [Workarounds] starting patch_talent_edge_frame_level_sync
[  2.767s] [Workarounds] finished patch_talent_edge_frame_level_sync in 30.26µs
[  2.767s] [Workarounds] starting patch_catalog_shop_product_card_defaults
[  2.767s] [Workarounds] finished patch_catalog_shop_product_card_defaults in 60.24µs
[  2.767s] [Workarounds] starting patch_game_time_defaults
[  2.767s] [Workarounds] finished patch_game_time_defaults in 7.33µs
[  2.767s] [Workarounds] starting patch_tooltip_nineslice_surface
[  2.767s] [Workarounds] finished patch_tooltip_nineslice_surface in 41.77µs
[  2.767s] [Workarounds] starting patch_container_frame_token_tracker
[  2.767s] [Workarounds] finished patch_container_frame_token_tracker in 39.30µs
[  2.767s] [Workarounds] starting patch_achievement_display_set_achievements
[  2.767s] [Workarounds] finished patch_achievement_display_set_achievements in 8.06µs
[  2.767s] [Workarounds] starting patch_housing_dashboard_preload
[  2.767s] [Workarounds] finished patch_housing_dashboard_preload in 154.64µs
[  2.767s] [Workarounds] starting patch_lfg_lock_list
[  2.767s] [Workarounds] finished patch_lfg_lock_list in 31.85µs
[  2.767s] [Workarounds] starting patch_auction_house_browse_results_event
[  2.767s] [Workarounds] finished patch_auction_house_browse_results_event in 63.58µs
[  2.767s] [Workarounds] starting patch_auction_house_search_context_aliases
[  2.767s] [Workarounds] finished patch_auction_house_search_context_aliases in 27.60µs
[  2.767s] [Workarounds] starting patch_auth_challenge_frame_parent
[  2.767s] [Workarounds] finished patch_auth_challenge_frame_parent in 69.61µs
[  2.767s] [Workarounds] starting patch_settings_surface_defaults
[  2.767s] [Workarounds] finished patch_settings_surface_defaults in 337.74µs
[  2.767s] [Workarounds] starting patch_settings_canvas_layout_visibility
[  2.768s] [Workarounds] finished patch_settings_canvas_layout_visibility in 110.04µs
[  2.768s] [Startup] apply_post_load_workarounds: workarounds complete
[  2.829s] [Startup] apply_post_load_workarounds: globals restored
[  2.829s] [Startup] apply_post_load_workarounds: patch 12.1 compatibility restored
[  2.829s] [Startup] apply_post_load_workarounds: seterrorhandler restored
[  2.964s] [Startup] begin login sequence
[  2.964s] [Startup] Firing ADDON_LOADED
[  2.964s] [Startup] Firing VARIABLES_LOADED
[  3.058s] [Startup] Firing DISPLAY_SIZE_CHANGED
[  3.099s] [Startup] Firing UI_SCALE_CHANGED
[  3.100s] [Startup] Firing PLAYER_LOGIN
[  3.100s] [Startup] end login sequence in 135.76ms
[  3.100s] [Startup] begin world enter sequence
[  3.100s] [Startup] Skipping EDIT_MODE_LAYOUTS_UPDATED
[  3.100s] [Startup] Firing TIME_PLAYED_MSG via RequestTimePlayed
[  3.100s] [Startup] Firing PLAYER_ENTERING_WORLD
[  3.323s] [EditMode] starting setup_layout_info
[  3.327s] [EditMode] finished setup_layout_info in 3.81ms
[  3.327s] [EditMode] starting apply_system_anchors
[  3.460s] [EditMode] finished apply_system_anchors in 133.26ms
[  3.460s] [EditMode] starting finalize_action_bar_positions
[  3.463s] [EditMode] finished finalize_action_bar_positions in 2.43ms
[  3.463s] [EditMode] starting invoke_anchor_changed_hooks
[  3.468s] [EditMode] finished invoke_anchor_changed_hooks in 5.46ms
[  3.468s] [EditMode] starting fix_action_bar_nan_size
[  3.468s] [EditMode] finished fix_action_bar_nan_size in 70.72µs
[  3.468s] [EditMode] starting fix_action_bar_scale
[  3.468s] [EditMode] finished fix_action_bar_scale in 4.45µs
[  3.468s] [EditMode] starting reapply_player_frame_anchor
[  3.469s] [EditMode] finished reapply_player_frame_anchor in 1.37ms
[  3.478s] [Startup] end world enter sequence in 377.89ms
[  3.478s] [Startup] begin post-login events
[  3.479s] [Startup] Firing UNIT_AURA
[  3.479s] [Startup] Firing PET_UI_UPDATE
[  3.481s] [Startup] Firing BAG_UPDATE_DELAYED
[  3.482s] [Startup] Firing QUEST_LOG_UPDATE
[  3.483s] [Startup] Firing GROUP_ROSTER_UPDATE
[  3.573s] [Startup] Firing ACTIONBAR_UPDATE_STATE
[  3.573s] [Startup] Firing ACTIONBAR_UPDATE_COOLDOWN
[  3.574s] [Startup] Firing UPDATE_BONUS_ACTIONBAR
[  3.586s] [Startup] Firing PLAYER_CAN_GLIDE_CHANGED
[  3.586s] [Startup] Firing PLAYER_IS_GLIDING_CHANGED
[  3.586s] [Startup] Firing UPDATE_BINDINGS
[  3.589s] [Startup] Firing UPDATE_CHAT_WINDOWS
[  3.592s] [Startup] Firing LFG_UPDATE_RANDOM_INFO
[  3.593s] [Startup] end post-login events in 115.14ms
[  3.593s] [Startup] begin close startup special windows
[  3.593s] [Startup] end close startup special windows in 270.06µs
[  3.593s] [Startup] begin FIRST_FRAME_RENDERED
[  3.593s] [Startup] Firing FIRST_FRAME_RENDERED
[  3.593s] [Startup] end FIRST_FRAME_RENDERED in 177.57µs
[  3.593s] [Startup] begin unblock hidden splash alerts
[  3.593s] [Startup] end unblock hidden splash alerts in 14.14µs
[  3.593s] [Startup] begin post-event workarounds
[  3.593s] [Startup] end post-event workarounds in 832.00ns
CVar default mismatch wt-cvars-AllowSoftwareRendererDX12-653: page=Some("0"), observed=None
CVar default mismatch wt-cvars-AllowWinRT-655: page=Some("0"), observed=None
CVar default mismatch wt-cvars-cameraIndirectOffset-658: page=Some("1.500000"), observed=Some("6.000000")
CVar default mismatch wt-cvars-questPOILocalStory-692: page=Some("0"), observed=Some("1")
CVar default mismatch wt-cvars-showPhotosensitivityWarning-700: page=Some("0"), observed=Some("-1")
CVar default mismatch wt-cvars-showTempMaxHealthLoss-703: page=Some("0"), observed=Some("1")
CVar default mismatch wt-cvars-vrsValarAlwaysOn-714: page=Some("0"), observed=None
CVar default mismatch wt-cvars-vrsValarLPUseCornerSampling-716: page=Some("1"), observed=None
