
running 1 test
test patch_10_2_5_publication_sweep::patch_10_2_5_publication_sweep ... ok

test result: ok. 1 passed; 0 failed; 0 ignored; 0 measured; 10826 filtered out; finished in 4.01s


warning: iced-wgpu-patched/Cargo.toml: `lints.clippy.large-enum-variant` is deprecated in favor of `lints.clippy.large_enum_variant` and will not work in a future edition
warning: iced-wgpu-patched/Cargo.toml: `lints.clippy.map-entry` is deprecated in favor of `lints.clippy.map_entry` and will not work in a future edition
warning: iced-wgpu-patched/Cargo.toml: `lints.clippy.match-wildcard-for-single-variants` is deprecated in favor of `lints.clippy.match_wildcard_for_single_variants` and will not work in a future edition
warning: iced-wgpu-patched/Cargo.toml: `lints.clippy.redundant-closure-for-method-calls` is deprecated in favor of `lints.clippy.redundant_closure_for_method_calls` and will not work in a future edition
warning: iced-wgpu-patched/Cargo.toml: `lints.clippy.trivially-copy-pass-by-ref` is deprecated in favor of `lints.clippy.trivially_copy_pass_by_ref` and will not work in a future edition
warning: iced-wgpu-patched/Cargo.toml: `lints.clippy.type-complexity` is deprecated in favor of `lints.clippy.type_complexity` and will not work in a future edition
warning: `iced_wgpu` (manifest) generated 6 warnings
    Finished `test` profile [optimized + debuginfo] target(s) in 0.18s
     Running tests/integration.rs (target/debug/deps/integration-aef10a2b503e13d5)
[  0.000s] [Startup] WowLuaEnv::new begin
[  0.003s] [Startup] SimState::default complete in 2.52ms
[  0.003s] [Startup] rilua VM created in 153.25µs
[  0.003s] [Startup] builtin frames initialized in 105.55µs
[  0.003s] [Startup] template registry cleared in 7.50µs
[  0.003s] [Startup] intrinsic templates registered in 8.64µs
[  0.003s] [Startup] initial app_data lua handle installed in 751.00ns
[  0.167s] [Startup] init_lua_state complete in 163.95ms
[  0.167s] [Startup] final app_data lua handle installed in 320.00ns
[  0.167s] [Startup] initial screen globals installed in 114.19µs
[  0.167s] [Startup] WowLuaEnv::new complete
[  2.721s] [Startup] apply_post_load_workarounds: begin
[  2.721s] [Workarounds] starting patch_edit_mode_manager
[  2.721s] [Workarounds] finished patch_edit_mode_manager in 333.11µs
[  2.721s] [Workarounds] starting init_edit_mode_layout
[  2.721s] [EditMode] starting setup_layout_info
[  2.725s] [EditMode] finished setup_layout_info in 3.65ms
[  2.725s] [EditMode] starting apply_system_anchors
[  2.872s] [EditMode] finished apply_system_anchors in 147.26ms
[  2.872s] [EditMode] starting finalize_action_bar_positions
[  2.874s] [EditMode] finished finalize_action_bar_positions in 1.75ms
[  2.874s] [EditMode] starting invoke_anchor_changed_hooks
[  2.874s] [EditMode] finished invoke_anchor_changed_hooks in 415.33µs
[  2.874s] [EditMode] starting fix_action_bar_nan_size
[  2.874s] [EditMode] finished fix_action_bar_nan_size in 42.17µs
[  2.874s] [EditMode] starting fix_action_bar_scale
[  2.874s] [EditMode] finished fix_action_bar_scale in 4.52µs
[  2.874s] [Workarounds] finished init_edit_mode_layout in 153.15ms
[  2.874s] [Workarounds] starting patch_ui_parent_panel_toggles
[  2.874s] [Workarounds] finished patch_ui_parent_panel_toggles in 245.86µs
[  2.874s] [Workarounds] starting patch_uiparent_onupdate_worklists
[  2.874s] [Workarounds] finished patch_uiparent_onupdate_worklists in 101.17µs
[  2.874s] [Workarounds] starting init_chat_type_colors
[  2.875s] [Workarounds] finished init_chat_type_colors in 123.34µs
[  2.875s] [Workarounds] starting patch_chat_voice_button_surface
[  2.875s] [Workarounds] finished patch_chat_voice_button_surface in 117.67µs
[  2.875s] [Workarounds] starting patch_item_socketing_tooltips
[  2.875s] [Workarounds] finished patch_item_socketing_tooltips in 59.51µs
[  2.875s] [Workarounds] starting patch_character_select_selected_name
[  2.875s] [Workarounds] finished patch_character_select_selected_name in 31.23µs
[  2.875s] [Workarounds] starting patch_character_create_defaults
[  2.875s] [Workarounds] finished patch_character_create_defaults in 229.35µs
[  2.875s] [Workarounds] starting patch_character_frame_title_refresh
[  2.881s] [Workarounds] finished patch_character_frame_title_refresh in 5.80ms
[  2.881s] [Workarounds] starting patch_vignette_pin_template
[  2.881s] [Workarounds] finished patch_vignette_pin_template in 87.73µs
[  2.881s] [Workarounds] starting patch_fog_of_war_pin_mixin
[  2.881s] [Workarounds] finished patch_fog_of_war_pin_mixin in 279.73µs
[  2.881s] [Workarounds] starting patch_map_exploration_pin_mixin
[  2.887s] [Workarounds] finished patch_map_exploration_pin_mixin in 6.08ms
[  2.887s] [Workarounds] starting patch_map_canvas_data_provider_attachment
[  2.887s] [Workarounds] finished patch_map_canvas_data_provider_attachment in 67.04µs
[  2.887s] [Workarounds] starting ensure_adventure_map_frame_surface
[  2.888s] [Workarounds] finished ensure_adventure_map_frame_surface in 442.62µs
[  2.888s] [Workarounds] starting patch_action_bar_button_event_fanout
[  2.888s] [Workarounds] finished patch_action_bar_button_event_fanout in 106.26µs
[  2.888s] [Workarounds] starting patch_paging_controls_page_text
[  2.888s] [Workarounds] finished patch_paging_controls_page_text in 40.23µs
[  2.888s] [Workarounds] starting patch_talent_edge_frame_level_sync
[  2.888s] [Workarounds] finished patch_talent_edge_frame_level_sync in 31.78µs
[  2.888s] [Workarounds] starting patch_catalog_shop_product_card_defaults
[  2.888s] [Workarounds] finished patch_catalog_shop_product_card_defaults in 65.82µs
[  2.888s] [Workarounds] starting patch_game_time_defaults
[  2.888s] [Workarounds] finished patch_game_time_defaults in 6.98µs
[  2.888s] [Workarounds] starting patch_tooltip_nineslice_surface
[  2.888s] [Workarounds] finished patch_tooltip_nineslice_surface in 44.36µs
[  2.888s] [Workarounds] starting patch_container_frame_token_tracker
[  2.888s] [Workarounds] finished patch_container_frame_token_tracker in 42.01µs
[  2.888s] [Workarounds] starting patch_achievement_display_set_achievements
[  2.888s] [Workarounds] finished patch_achievement_display_set_achievements in 8.87µs
[  2.888s] [Workarounds] starting patch_housing_dashboard_preload
[  2.888s] [Workarounds] finished patch_housing_dashboard_preload in 171.37µs
[  2.888s] [Workarounds] starting patch_lfg_lock_list
[  2.888s] [Workarounds] finished patch_lfg_lock_list in 37.82µs
[  2.888s] [Workarounds] starting patch_auction_house_browse_results_event
[  2.888s] [Workarounds] finished patch_auction_house_browse_results_event in 67.85µs
[  2.888s] [Workarounds] starting patch_auction_house_search_context_aliases
[  2.888s] [Workarounds] finished patch_auction_house_search_context_aliases in 30.70µs
[  2.888s] [Workarounds] starting patch_auth_challenge_frame_parent
[  2.889s] [Workarounds] finished patch_auth_challenge_frame_parent in 67.34µs
[  2.889s] [Workarounds] starting patch_settings_surface_defaults
[  2.889s] [Workarounds] finished patch_settings_surface_defaults in 360.77µs
[  2.889s] [Workarounds] starting patch_settings_canvas_layout_visibility
[  2.889s] [Workarounds] finished patch_settings_canvas_layout_visibility in 115.13µs
[  2.889s] [Startup] apply_post_load_workarounds: workarounds complete
[  2.954s] [Startup] apply_post_load_workarounds: globals restored
[  2.955s] [Startup] apply_post_load_workarounds: patch 12.1 compatibility restored
[  2.955s] [Startup] apply_post_load_workarounds: seterrorhandler restored
[  3.093s] [Startup] begin login sequence
[  3.093s] [Startup] Firing ADDON_LOADED
[  3.094s] [Startup] Firing VARIABLES_LOADED
[  3.191s] [Startup] Firing DISPLAY_SIZE_CHANGED
[  3.236s] [Startup] Firing UI_SCALE_CHANGED
[  3.237s] [Startup] Firing PLAYER_LOGIN
[  3.237s] [Startup] end login sequence in 143.57ms
[  3.237s] [Startup] begin world enter sequence
[  3.237s] [Startup] Skipping EDIT_MODE_LAYOUTS_UPDATED
[  3.237s] [Startup] Firing TIME_PLAYED_MSG via RequestTimePlayed
[  3.237s] [Startup] Firing PLAYER_ENTERING_WORLD
[  3.476s] [EditMode] starting setup_layout_info
[  3.480s] [EditMode] finished setup_layout_info in 3.96ms
[  3.480s] [EditMode] starting apply_system_anchors
[  3.616s] [EditMode] finished apply_system_anchors in 136.04ms
[  3.616s] [EditMode] starting finalize_action_bar_positions
[  3.618s] [EditMode] finished finalize_action_bar_positions in 2.18ms
[  3.618s] [EditMode] starting invoke_anchor_changed_hooks
[  3.623s] [EditMode] finished invoke_anchor_changed_hooks in 5.36ms
[  3.623s] [EditMode] starting fix_action_bar_nan_size
[  3.624s] [EditMode] finished fix_action_bar_nan_size in 64.09µs
[  3.624s] [EditMode] starting fix_action_bar_scale
[  3.624s] [EditMode] finished fix_action_bar_scale in 4.42µs
[  3.624s] [EditMode] starting reapply_player_frame_anchor
[  3.625s] [EditMode] finished reapply_player_frame_anchor in 1.37ms
[  3.633s] [Startup] end world enter sequence in 396.43ms
[  3.633s] [Startup] begin post-login events
[  3.634s] [Startup] Firing UNIT_AURA
[  3.635s] [Startup] Firing PET_UI_UPDATE
[  3.636s] [Startup] Firing BAG_UPDATE_DELAYED
[  3.638s] [Startup] Firing QUEST_LOG_UPDATE
[  3.639s] [Startup] Firing GROUP_ROSTER_UPDATE
[  3.733s] [Startup] Firing ACTIONBAR_UPDATE_STATE
[  3.733s] [Startup] Firing ACTIONBAR_UPDATE_COOLDOWN
[  3.734s] [Startup] Firing UPDATE_BONUS_ACTIONBAR
[  3.746s] [Startup] Firing PLAYER_CAN_GLIDE_CHANGED
[  3.746s] [Startup] Firing PLAYER_IS_GLIDING_CHANGED
[  3.746s] [Startup] Firing UPDATE_BINDINGS
[  3.749s] [Startup] Firing UPDATE_CHAT_WINDOWS
[  3.752s] [Startup] Firing LFG_UPDATE_RANDOM_INFO
[  3.753s] [Startup] end post-login events in 119.26ms
[  3.753s] [Startup] begin close startup special windows
[  3.753s] [Startup] end close startup special windows in 270.21µs
[  3.753s] [Startup] begin FIRST_FRAME_RENDERED
[  3.753s] [Startup] Firing FIRST_FRAME_RENDERED
[  3.753s] [Startup] end FIRST_FRAME_RENDERED in 171.02µs
[  3.753s] [Startup] begin unblock hidden splash alerts
[  3.753s] [Startup] end unblock hidden splash alerts in 14.32µs
[  3.753s] [Startup] begin post-event workarounds
[  3.753s] [Startup] end post-event workarounds in 1.01µs
