
running 1 test
test patch_11_1_7_publication_sweep::patch_11_1_7_publication_sweep ... ok

test result: ok. 1 passed; 0 failed; 0 ignored; 0 measured; 10826 filtered out; finished in 3.81s


warning: iced-wgpu-patched/Cargo.toml: `lints.clippy.large-enum-variant` is deprecated in favor of `lints.clippy.large_enum_variant` and will not work in a future edition
warning: iced-wgpu-patched/Cargo.toml: `lints.clippy.map-entry` is deprecated in favor of `lints.clippy.map_entry` and will not work in a future edition
warning: iced-wgpu-patched/Cargo.toml: `lints.clippy.match-wildcard-for-single-variants` is deprecated in favor of `lints.clippy.match_wildcard_for_single_variants` and will not work in a future edition
warning: iced-wgpu-patched/Cargo.toml: `lints.clippy.redundant-closure-for-method-calls` is deprecated in favor of `lints.clippy.redundant_closure_for_method_calls` and will not work in a future edition
warning: iced-wgpu-patched/Cargo.toml: `lints.clippy.trivially-copy-pass-by-ref` is deprecated in favor of `lints.clippy.trivially_copy_pass_by_ref` and will not work in a future edition
warning: iced-wgpu-patched/Cargo.toml: `lints.clippy.type-complexity` is deprecated in favor of `lints.clippy.type_complexity` and will not work in a future edition
warning: `iced_wgpu` (manifest) generated 6 warnings
    Finished `test` profile [optimized + debuginfo] target(s) in 0.18s
     Running tests/integration.rs (target/debug/deps/integration-aef10a2b503e13d5)
[  0.000s] [Startup] WowLuaEnv::new begin
[  0.002s] [Startup] SimState::default complete in 1.59ms
[  0.002s] [Startup] rilua VM created in 102.32µs
[  0.002s] [Startup] builtin frames initialized in 61.33µs
[  0.002s] [Startup] template registry cleared in 4.82µs
[  0.002s] [Startup] intrinsic templates registered in 5.52µs
[  0.002s] [Startup] initial app_data lua handle installed in 561.00ns
[  0.130s] [Startup] init_lua_state complete in 128.51ms
[  0.130s] [Startup] final app_data lua handle installed in 260.00ns
[  0.130s] [Startup] initial screen globals installed in 77.34µs
[  0.130s] [Startup] WowLuaEnv::new complete
[  2.552s] [Startup] apply_post_load_workarounds: begin
[  2.552s] [Workarounds] starting patch_edit_mode_manager
[  2.552s] [Workarounds] finished patch_edit_mode_manager in 320.51µs
[  2.552s] [Workarounds] starting init_edit_mode_layout
[  2.552s] [EditMode] starting setup_layout_info
[  2.555s] [EditMode] finished setup_layout_info in 3.33ms
[  2.555s] [EditMode] starting apply_system_anchors
[  2.698s] [EditMode] finished apply_system_anchors in 142.68ms
[  2.698s] [EditMode] starting finalize_action_bar_positions
[  2.700s] [EditMode] finished finalize_action_bar_positions in 1.81ms
[  2.700s] [EditMode] starting invoke_anchor_changed_hooks
[  2.700s] [EditMode] finished invoke_anchor_changed_hooks in 411.06µs
[  2.700s] [EditMode] starting fix_action_bar_nan_size
[  2.700s] [EditMode] finished fix_action_bar_nan_size in 42.67µs
[  2.700s] [EditMode] starting fix_action_bar_scale
[  2.700s] [EditMode] finished fix_action_bar_scale in 4.76µs
[  2.700s] [Workarounds] finished init_edit_mode_layout in 148.30ms
[  2.700s] [Workarounds] starting patch_ui_parent_panel_toggles
[  2.701s] [Workarounds] finished patch_ui_parent_panel_toggles in 234.74µs
[  2.701s] [Workarounds] starting patch_uiparent_onupdate_worklists
[  2.701s] [Workarounds] finished patch_uiparent_onupdate_worklists in 103.49µs
[  2.701s] [Workarounds] starting init_chat_type_colors
[  2.701s] [Workarounds] finished init_chat_type_colors in 117.74µs
[  2.701s] [Workarounds] starting patch_chat_voice_button_surface
[  2.701s] [Workarounds] finished patch_chat_voice_button_surface in 122.76µs
[  2.701s] [Workarounds] starting patch_item_socketing_tooltips
[  2.701s] [Workarounds] finished patch_item_socketing_tooltips in 57.42µs
[  2.701s] [Workarounds] starting patch_character_select_selected_name
[  2.701s] [Workarounds] finished patch_character_select_selected_name in 30.67µs
[  2.701s] [Workarounds] starting patch_character_create_defaults
[  2.701s] [Workarounds] finished patch_character_create_defaults in 223.65µs
[  2.701s] [Workarounds] starting patch_character_frame_title_refresh
[  2.707s] [Workarounds] finished patch_character_frame_title_refresh in 5.78ms
[  2.707s] [Workarounds] starting patch_vignette_pin_template
[  2.707s] [Workarounds] finished patch_vignette_pin_template in 100.27µs
[  2.707s] [Workarounds] starting patch_fog_of_war_pin_mixin
[  2.707s] [Workarounds] finished patch_fog_of_war_pin_mixin in 290.15µs
[  2.707s] [Workarounds] starting patch_map_exploration_pin_mixin
[  2.713s] [Workarounds] finished patch_map_exploration_pin_mixin in 5.92ms
[  2.713s] [Workarounds] starting patch_map_canvas_data_provider_attachment
[  2.713s] [Workarounds] finished patch_map_canvas_data_provider_attachment in 64.45µs
[  2.713s] [Workarounds] starting ensure_adventure_map_frame_surface
[  2.714s] [Workarounds] finished ensure_adventure_map_frame_surface in 483.44µs
[  2.714s] [Workarounds] starting patch_action_bar_button_event_fanout
[  2.714s] [Workarounds] finished patch_action_bar_button_event_fanout in 106.16µs
[  2.714s] [Workarounds] starting patch_paging_controls_page_text
[  2.714s] [Workarounds] finished patch_paging_controls_page_text in 39.80µs
[  2.714s] [Workarounds] starting patch_talent_edge_frame_level_sync
[  2.714s] [Workarounds] finished patch_talent_edge_frame_level_sync in 30.73µs
[  2.714s] [Workarounds] starting patch_catalog_shop_product_card_defaults
[  2.714s] [Workarounds] finished patch_catalog_shop_product_card_defaults in 63.65µs
[  2.714s] [Workarounds] starting patch_game_time_defaults
[  2.714s] [Workarounds] finished patch_game_time_defaults in 7.26µs
[  2.714s] [Workarounds] starting patch_tooltip_nineslice_surface
[  2.714s] [Workarounds] finished patch_tooltip_nineslice_surface in 43.13µs
[  2.714s] [Workarounds] starting patch_container_frame_token_tracker
[  2.714s] [Workarounds] finished patch_container_frame_token_tracker in 41.59µs
[  2.714s] [Workarounds] starting patch_achievement_display_set_achievements
[  2.714s] [Workarounds] finished patch_achievement_display_set_achievements in 8.19µs
[  2.714s] [Workarounds] starting patch_housing_dashboard_preload
[  2.714s] [Workarounds] finished patch_housing_dashboard_preload in 169.79µs
[  2.714s] [Workarounds] starting patch_lfg_lock_list
[  2.714s] [Workarounds] finished patch_lfg_lock_list in 37.54µs
[  2.714s] [Workarounds] starting patch_auction_house_browse_results_event
[  2.715s] [Workarounds] finished patch_auction_house_browse_results_event in 66.85µs
[  2.715s] [Workarounds] starting patch_auction_house_search_context_aliases
[  2.715s] [Workarounds] finished patch_auction_house_search_context_aliases in 33.04µs
[  2.715s] [Workarounds] starting patch_auth_challenge_frame_parent
[  2.715s] [Workarounds] finished patch_auth_challenge_frame_parent in 69.96µs
[  2.715s] [Workarounds] starting patch_settings_surface_defaults
[  2.715s] [Workarounds] finished patch_settings_surface_defaults in 359.02µs
[  2.715s] [Workarounds] starting patch_settings_canvas_layout_visibility
[  2.715s] [Workarounds] finished patch_settings_canvas_layout_visibility in 114.37µs
[  2.715s] [Startup] apply_post_load_workarounds: workarounds complete
[  2.778s] [Startup] apply_post_load_workarounds: globals restored
[  2.778s] [Startup] apply_post_load_workarounds: patch 12.1 compatibility restored
[  2.778s] [Startup] apply_post_load_workarounds: seterrorhandler restored
[  2.915s] [Startup] begin login sequence
[  2.915s] [Startup] Firing ADDON_LOADED
[  2.915s] [Startup] Firing VARIABLES_LOADED
[  3.010s] [Startup] Firing DISPLAY_SIZE_CHANGED
[  3.053s] [Startup] Firing UI_SCALE_CHANGED
[  3.054s] [Startup] Firing PLAYER_LOGIN
[  3.054s] [Startup] end login sequence in 138.74ms
[  3.054s] [Startup] begin world enter sequence
[  3.054s] [Startup] Skipping EDIT_MODE_LAYOUTS_UPDATED
[  3.054s] [Startup] Firing TIME_PLAYED_MSG via RequestTimePlayed
[  3.054s] [Startup] Firing PLAYER_ENTERING_WORLD
[  3.286s] [EditMode] starting setup_layout_info
[  3.291s] [EditMode] finished setup_layout_info in 4.37ms
[  3.291s] [EditMode] starting apply_system_anchors
[  3.428s] [EditMode] finished apply_system_anchors in 137.96ms
[  3.428s] [EditMode] starting finalize_action_bar_positions
[  3.431s] [EditMode] finished finalize_action_bar_positions in 2.21ms
[  3.431s] [EditMode] starting invoke_anchor_changed_hooks
[  3.436s] [EditMode] finished invoke_anchor_changed_hooks in 5.45ms
[  3.436s] [EditMode] starting fix_action_bar_nan_size
[  3.436s] [EditMode] finished fix_action_bar_nan_size in 66.85µs
[  3.436s] [EditMode] starting fix_action_bar_scale
[  3.436s] [EditMode] finished fix_action_bar_scale in 4.48µs
[  3.436s] [EditMode] starting reapply_player_frame_anchor
[  3.438s] [EditMode] finished reapply_player_frame_anchor in 1.39ms
[  3.446s] [Startup] end world enter sequence in 392.29ms
[  3.446s] [Startup] begin post-login events
[  3.447s] [Startup] Firing UNIT_AURA
[  3.448s] [Startup] Firing PET_UI_UPDATE
[  3.449s] [Startup] Firing BAG_UPDATE_DELAYED
[  3.450s] [Startup] Firing QUEST_LOG_UPDATE
[  3.452s] [Startup] Firing GROUP_ROSTER_UPDATE
[  3.543s] [Startup] Firing ACTIONBAR_UPDATE_STATE
[  3.543s] [Startup] Firing ACTIONBAR_UPDATE_COOLDOWN
[  3.544s] [Startup] Firing UPDATE_BONUS_ACTIONBAR
[  3.555s] [Startup] Firing PLAYER_CAN_GLIDE_CHANGED
[  3.555s] [Startup] Firing PLAYER_IS_GLIDING_CHANGED
[  3.555s] [Startup] Firing UPDATE_BINDINGS
[  3.559s] [Startup] Firing UPDATE_CHAT_WINDOWS
[  3.562s] [Startup] Firing LFG_UPDATE_RANDOM_INFO
[  3.563s] [Startup] end post-login events in 116.54ms
[  3.563s] [Startup] begin close startup special windows
[  3.563s] [Startup] end close startup special windows in 282.48µs
[  3.563s] [Startup] begin FIRST_FRAME_RENDERED
[  3.563s] [Startup] Firing FIRST_FRAME_RENDERED
[  3.563s] [Startup] end FIRST_FRAME_RENDERED in 172.66µs
[  3.563s] [Startup] begin unblock hidden splash alerts
[  3.563s] [Startup] end unblock hidden splash alerts in 14.09µs
[  3.563s] [Startup] begin post-event workarounds
[  3.563s] [Startup] end post-event workarounds in 822.00ns
