
running 1 test
test patch_11_2_0_publication_sweep::patch_11_2_0_publication_sweep ... ok

test result: ok. 1 passed; 0 failed; 0 ignored; 0 measured; 10826 filtered out; finished in 4.01s


warning: iced-wgpu-patched/Cargo.toml: `lints.clippy.large-enum-variant` is deprecated in favor of `lints.clippy.large_enum_variant` and will not work in a future edition
warning: iced-wgpu-patched/Cargo.toml: `lints.clippy.map-entry` is deprecated in favor of `lints.clippy.map_entry` and will not work in a future edition
warning: iced-wgpu-patched/Cargo.toml: `lints.clippy.match-wildcard-for-single-variants` is deprecated in favor of `lints.clippy.match_wildcard_for_single_variants` and will not work in a future edition
warning: iced-wgpu-patched/Cargo.toml: `lints.clippy.redundant-closure-for-method-calls` is deprecated in favor of `lints.clippy.redundant_closure_for_method_calls` and will not work in a future edition
warning: iced-wgpu-patched/Cargo.toml: `lints.clippy.trivially-copy-pass-by-ref` is deprecated in favor of `lints.clippy.trivially_copy_pass_by_ref` and will not work in a future edition
warning: iced-wgpu-patched/Cargo.toml: `lints.clippy.type-complexity` is deprecated in favor of `lints.clippy.type_complexity` and will not work in a future edition
warning: `iced_wgpu` (manifest) generated 6 warnings
    Finished `test` profile [optimized + debuginfo] target(s) in 0.18s
     Running tests/integration.rs (target/debug/deps/integration-aef10a2b503e13d5)
[  0.000s] [Startup] WowLuaEnv::new begin
[  0.006s] [Startup] SimState::default complete in 6.27ms
[  0.006s] [Startup] rilua VM created in 88.74µs
[  0.006s] [Startup] builtin frames initialized in 53.79µs
[  0.006s] [Startup] template registry cleared in 5.06µs
[  0.006s] [Startup] intrinsic templates registered in 7.76µs
[  0.006s] [Startup] initial app_data lua handle installed in 531.00ns
[  0.136s] [Startup] init_lua_state complete in 129.30ms
[  0.136s] [Startup] final app_data lua handle installed in 220.00ns
[  0.136s] [Startup] initial screen globals installed in 83.54µs
[  0.136s] [Startup] WowLuaEnv::new complete
[  2.666s] [Startup] apply_post_load_workarounds: begin
[  2.666s] [Workarounds] starting patch_edit_mode_manager
[  2.667s] [Workarounds] finished patch_edit_mode_manager in 316.79µs
[  2.667s] [Workarounds] starting init_edit_mode_layout
[  2.667s] [EditMode] starting setup_layout_info
[  2.670s] [EditMode] finished setup_layout_info in 3.35ms
[  2.670s] [EditMode] starting apply_system_anchors
[  2.812s] [EditMode] finished apply_system_anchors in 142.35ms
[  2.812s] [EditMode] starting finalize_action_bar_positions
[  2.814s] [EditMode] finished finalize_action_bar_positions in 1.79ms
[  2.814s] [EditMode] starting invoke_anchor_changed_hooks
[  2.815s] [EditMode] finished invoke_anchor_changed_hooks in 407.96µs
[  2.815s] [EditMode] starting fix_action_bar_nan_size
[  2.815s] [EditMode] finished fix_action_bar_nan_size in 43.86µs
[  2.815s] [EditMode] starting fix_action_bar_scale
[  2.815s] [EditMode] finished fix_action_bar_scale in 4.72µs
[  2.815s] [Workarounds] finished init_edit_mode_layout in 147.97ms
[  2.815s] [Workarounds] starting patch_ui_parent_panel_toggles
[  2.815s] [Workarounds] finished patch_ui_parent_panel_toggles in 235.33µs
[  2.815s] [Workarounds] starting patch_uiparent_onupdate_worklists
[  2.815s] [Workarounds] finished patch_uiparent_onupdate_worklists in 99.64µs
[  2.815s] [Workarounds] starting init_chat_type_colors
[  2.815s] [Workarounds] finished init_chat_type_colors in 115.76µs
[  2.815s] [Workarounds] starting patch_chat_voice_button_surface
[  2.815s] [Workarounds] finished patch_chat_voice_button_surface in 126.36µs
[  2.815s] [Workarounds] starting patch_item_socketing_tooltips
[  2.815s] [Workarounds] finished patch_item_socketing_tooltips in 59.19µs
[  2.815s] [Workarounds] starting patch_character_select_selected_name
[  2.815s] [Workarounds] finished patch_character_select_selected_name in 31.37µs
[  2.815s] [Workarounds] starting patch_character_create_defaults
[  2.815s] [Workarounds] finished patch_character_create_defaults in 229.50µs
[  2.815s] [Workarounds] starting patch_character_frame_title_refresh
[  2.821s] [Workarounds] finished patch_character_frame_title_refresh in 5.75ms
[  2.821s] [Workarounds] starting patch_vignette_pin_template
[  2.821s] [Workarounds] finished patch_vignette_pin_template in 90.95µs
[  2.821s] [Workarounds] starting patch_fog_of_war_pin_mixin
[  2.822s] [Workarounds] finished patch_fog_of_war_pin_mixin in 274.66µs
[  2.822s] [Workarounds] starting patch_map_exploration_pin_mixin
[  2.828s] [Workarounds] finished patch_map_exploration_pin_mixin in 6.07ms
[  2.828s] [Workarounds] starting patch_map_canvas_data_provider_attachment
[  2.828s] [Workarounds] finished patch_map_canvas_data_provider_attachment in 70.82µs
[  2.828s] [Workarounds] starting ensure_adventure_map_frame_surface
[  2.828s] [Workarounds] finished ensure_adventure_map_frame_surface in 479.70µs
[  2.828s] [Workarounds] starting patch_action_bar_button_event_fanout
[  2.828s] [Workarounds] finished patch_action_bar_button_event_fanout in 106.66µs
[  2.828s] [Workarounds] starting patch_paging_controls_page_text
[  2.828s] [Workarounds] finished patch_paging_controls_page_text in 39.14µs
[  2.828s] [Workarounds] starting patch_talent_edge_frame_level_sync
[  2.828s] [Workarounds] finished patch_talent_edge_frame_level_sync in 30.97µs
[  2.828s] [Workarounds] starting patch_catalog_shop_product_card_defaults
[  2.829s] [Workarounds] finished patch_catalog_shop_product_card_defaults in 63.67µs
[  2.829s] [Workarounds] starting patch_game_time_defaults
[  2.829s] [Workarounds] finished patch_game_time_defaults in 7.51µs
[  2.829s] [Workarounds] starting patch_tooltip_nineslice_surface
[  2.829s] [Workarounds] finished patch_tooltip_nineslice_surface in 43.21µs
[  2.829s] [Workarounds] starting patch_container_frame_token_tracker
[  2.829s] [Workarounds] finished patch_container_frame_token_tracker in 41.83µs
[  2.829s] [Workarounds] starting patch_achievement_display_set_achievements
[  2.829s] [Workarounds] finished patch_achievement_display_set_achievements in 8.73µs
[  2.829s] [Workarounds] starting patch_housing_dashboard_preload
[  2.829s] [Workarounds] finished patch_housing_dashboard_preload in 169.79µs
[  2.829s] [Workarounds] starting patch_lfg_lock_list
[  2.829s] [Workarounds] finished patch_lfg_lock_list in 34.87µs
[  2.829s] [Workarounds] starting patch_auction_house_browse_results_event
[  2.829s] [Workarounds] finished patch_auction_house_browse_results_event in 66.85µs
[  2.829s] [Workarounds] starting patch_auction_house_search_context_aliases
[  2.829s] [Workarounds] finished patch_auction_house_search_context_aliases in 28.88µs
[  2.829s] [Workarounds] starting patch_auth_challenge_frame_parent
[  2.829s] [Workarounds] finished patch_auth_challenge_frame_parent in 68.42µs
[  2.829s] [Workarounds] starting patch_settings_surface_defaults
[  2.829s] [Workarounds] finished patch_settings_surface_defaults in 363.94µs
[  2.829s] [Workarounds] starting patch_settings_canvas_layout_visibility
[  2.829s] [Workarounds] finished patch_settings_canvas_layout_visibility in 114.80µs
[  2.829s] [Startup] apply_post_load_workarounds: workarounds complete
[  2.896s] [Startup] apply_post_load_workarounds: globals restored
[  2.896s] [Startup] apply_post_load_workarounds: patch 12.1 compatibility restored
[  2.896s] [Startup] apply_post_load_workarounds: seterrorhandler restored
[  3.042s] [Startup] begin login sequence
[  3.042s] [Startup] Firing ADDON_LOADED
[  3.042s] [Startup] Firing VARIABLES_LOADED
[  3.143s] [Startup] Firing DISPLAY_SIZE_CHANGED
[  3.188s] [Startup] Firing UI_SCALE_CHANGED
[  3.189s] [Startup] Firing PLAYER_LOGIN
[  3.189s] [Startup] end login sequence in 147.17ms
[  3.189s] [Startup] begin world enter sequence
[  3.189s] [Startup] Skipping EDIT_MODE_LAYOUTS_UPDATED
[  3.189s] [Startup] Firing TIME_PLAYED_MSG via RequestTimePlayed
[  3.189s] [Startup] Firing PLAYER_ENTERING_WORLD
[  3.443s] [EditMode] starting setup_layout_info
[  3.447s] [EditMode] finished setup_layout_info in 3.75ms
[  3.447s] [EditMode] starting apply_system_anchors
[  3.580s] [EditMode] finished apply_system_anchors in 132.82ms
[  3.580s] [EditMode] starting finalize_action_bar_positions
[  3.582s] [EditMode] finished finalize_action_bar_positions in 2.18ms
[  3.582s] [EditMode] starting invoke_anchor_changed_hooks
[  3.588s] [EditMode] finished invoke_anchor_changed_hooks in 5.91ms
[  3.588s] [EditMode] starting fix_action_bar_nan_size
[  3.588s] [EditMode] finished fix_action_bar_nan_size in 82.35µs
[  3.588s] [EditMode] starting fix_action_bar_scale
[  3.588s] [EditMode] finished fix_action_bar_scale in 4.87µs
[  3.588s] [EditMode] starting reapply_player_frame_anchor
[  3.589s] [EditMode] finished reapply_player_frame_anchor in 1.50ms
[  3.598s] [Startup] end world enter sequence in 409.43ms
[  3.598s] [Startup] begin post-login events
[  3.599s] [Startup] Firing UNIT_AURA
[  3.600s] [Startup] Firing PET_UI_UPDATE
[  3.602s] [Startup] Firing BAG_UPDATE_DELAYED
[  3.604s] [Startup] Firing QUEST_LOG_UPDATE
[  3.605s] [Startup] Firing GROUP_ROSTER_UPDATE
[  3.695s] [Startup] Firing ACTIONBAR_UPDATE_STATE
[  3.695s] [Startup] Firing ACTIONBAR_UPDATE_COOLDOWN
[  3.697s] [Startup] Firing UPDATE_BONUS_ACTIONBAR
[  3.708s] [Startup] Firing PLAYER_CAN_GLIDE_CHANGED
[  3.708s] [Startup] Firing PLAYER_IS_GLIDING_CHANGED
[  3.708s] [Startup] Firing UPDATE_BINDINGS
[  3.711s] [Startup] Firing UPDATE_CHAT_WINDOWS
[  3.714s] [Startup] Firing LFG_UPDATE_RANDOM_INFO
[  3.715s] [Startup] end post-login events in 116.75ms
[  3.715s] [Startup] begin close startup special windows
[  3.715s] [Startup] end close startup special windows in 288.44µs
[  3.715s] [Startup] begin FIRST_FRAME_RENDERED
[  3.715s] [Startup] Firing FIRST_FRAME_RENDERED
[  3.715s] [Startup] end FIRST_FRAME_RENDERED in 174.03µs
[  3.715s] [Startup] begin unblock hidden splash alerts
[  3.715s] [Startup] end unblock hidden splash alerts in 15.01µs
[  3.715s] [Startup] begin post-event workarounds
[  3.715s] [Startup] end post-event workarounds in 952.00ns
