
running 1 test
test patch_11_0_7_publication_sweep::patch_11_0_7_publication_sweep ... ok

test result: ok. 1 passed; 0 failed; 0 ignored; 0 measured; 10826 filtered out; finished in 3.82s


warning: iced-wgpu-patched/Cargo.toml: `lints.clippy.large-enum-variant` is deprecated in favor of `lints.clippy.large_enum_variant` and will not work in a future edition
warning: iced-wgpu-patched/Cargo.toml: `lints.clippy.map-entry` is deprecated in favor of `lints.clippy.map_entry` and will not work in a future edition
warning: iced-wgpu-patched/Cargo.toml: `lints.clippy.match-wildcard-for-single-variants` is deprecated in favor of `lints.clippy.match_wildcard_for_single_variants` and will not work in a future edition
warning: iced-wgpu-patched/Cargo.toml: `lints.clippy.redundant-closure-for-method-calls` is deprecated in favor of `lints.clippy.redundant_closure_for_method_calls` and will not work in a future edition
warning: iced-wgpu-patched/Cargo.toml: `lints.clippy.trivially-copy-pass-by-ref` is deprecated in favor of `lints.clippy.trivially_copy_pass_by_ref` and will not work in a future edition
warning: iced-wgpu-patched/Cargo.toml: `lints.clippy.type-complexity` is deprecated in favor of `lints.clippy.type_complexity` and will not work in a future edition
warning: `iced_wgpu` (manifest) generated 6 warnings
    Finished `test` profile [optimized + debuginfo] target(s) in 0.18s
     Running tests/integration.rs (target/debug/deps/integration-aef10a2b503e13d5)
[  0.000s] [Startup] WowLuaEnv::new begin
[  0.002s] [Startup] SimState::default complete in 2.05ms
[  0.002s] [Startup] rilua VM created in 105.00µs
[  0.002s] [Startup] builtin frames initialized in 66.72µs
[  0.002s] [Startup] template registry cleared in 4.19µs
[  0.002s] [Startup] intrinsic templates registered in 6.15µs
[  0.002s] [Startup] initial app_data lua handle installed in 521.00ns
[  0.128s] [Startup] init_lua_state complete in 125.70ms
[  0.128s] [Startup] final app_data lua handle installed in 200.00ns
[  0.128s] [Startup] initial screen globals installed in 70.20µs
[  0.128s] [Startup] WowLuaEnv::new complete
[  2.543s] [Startup] apply_post_load_workarounds: begin
[  2.543s] [Workarounds] starting patch_edit_mode_manager
[  2.544s] [Workarounds] finished patch_edit_mode_manager in 325.15µs
[  2.544s] [Workarounds] starting init_edit_mode_layout
[  2.544s] [EditMode] starting setup_layout_info
[  2.547s] [EditMode] finished setup_layout_info in 3.34ms
[  2.547s] [EditMode] starting apply_system_anchors
[  2.687s] [EditMode] finished apply_system_anchors in 139.71ms
[  2.687s] [EditMode] starting finalize_action_bar_positions
[  2.688s] [EditMode] finished finalize_action_bar_positions in 1.75ms
[  2.688s] [EditMode] starting invoke_anchor_changed_hooks
[  2.689s] [EditMode] finished invoke_anchor_changed_hooks in 397.64µs
[  2.689s] [EditMode] starting fix_action_bar_nan_size
[  2.689s] [EditMode] finished fix_action_bar_nan_size in 41.41µs
[  2.689s] [EditMode] starting fix_action_bar_scale
[  2.689s] [EditMode] finished fix_action_bar_scale in 4.65µs
[  2.689s] [Workarounds] finished init_edit_mode_layout in 145.27ms
[  2.689s] [Workarounds] starting patch_ui_parent_panel_toggles
[  2.689s] [Workarounds] finished patch_ui_parent_panel_toggles in 241.97µs
[  2.689s] [Workarounds] starting patch_uiparent_onupdate_worklists
[  2.689s] [Workarounds] finished patch_uiparent_onupdate_worklists in 99.49µs
[  2.689s] [Workarounds] starting init_chat_type_colors
[  2.689s] [Workarounds] finished init_chat_type_colors in 119.04µs
[  2.689s] [Workarounds] starting patch_chat_voice_button_surface
[  2.689s] [Workarounds] finished patch_chat_voice_button_surface in 115.42µs
[  2.689s] [Workarounds] starting patch_item_socketing_tooltips
[  2.690s] [Workarounds] finished patch_item_socketing_tooltips in 58.50µs
[  2.690s] [Workarounds] starting patch_character_select_selected_name
[  2.690s] [Workarounds] finished patch_character_select_selected_name in 31.10µs
[  2.690s] [Workarounds] starting patch_character_create_defaults
[  2.690s] [Workarounds] finished patch_character_create_defaults in 227.94µs
[  2.690s] [Workarounds] starting patch_character_frame_title_refresh
[  2.696s] [Workarounds] finished patch_character_frame_title_refresh in 5.71ms
[  2.696s] [Workarounds] starting patch_vignette_pin_template
[  2.696s] [Workarounds] finished patch_vignette_pin_template in 88.13µs
[  2.696s] [Workarounds] starting patch_fog_of_war_pin_mixin
[  2.696s] [Workarounds] finished patch_fog_of_war_pin_mixin in 276.52µs
[  2.696s] [Workarounds] starting patch_map_exploration_pin_mixin
[  2.702s] [Workarounds] finished patch_map_exploration_pin_mixin in 5.96ms
[  2.702s] [Workarounds] starting patch_map_canvas_data_provider_attachment
[  2.702s] [Workarounds] finished patch_map_canvas_data_provider_attachment in 64.06µs
[  2.702s] [Workarounds] starting ensure_adventure_map_frame_surface
[  2.702s] [Workarounds] finished ensure_adventure_map_frame_surface in 438.73µs
[  2.702s] [Workarounds] starting patch_action_bar_button_event_fanout
[  2.702s] [Workarounds] finished patch_action_bar_button_event_fanout in 101.57µs
[  2.702s] [Workarounds] starting patch_paging_controls_page_text
[  2.703s] [Workarounds] finished patch_paging_controls_page_text in 39.76µs
[  2.703s] [Workarounds] starting patch_talent_edge_frame_level_sync
[  2.703s] [Workarounds] finished patch_talent_edge_frame_level_sync in 30.72µs
[  2.703s] [Workarounds] starting patch_catalog_shop_product_card_defaults
[  2.703s] [Workarounds] finished patch_catalog_shop_product_card_defaults in 63.79µs
[  2.703s] [Workarounds] starting patch_game_time_defaults
[  2.703s] [Workarounds] finished patch_game_time_defaults in 6.60µs
[  2.703s] [Workarounds] starting patch_tooltip_nineslice_surface
[  2.703s] [Workarounds] finished patch_tooltip_nineslice_surface in 42.63µs
[  2.703s] [Workarounds] starting patch_container_frame_token_tracker
[  2.703s] [Workarounds] finished patch_container_frame_token_tracker in 41.80µs
[  2.703s] [Workarounds] starting patch_achievement_display_set_achievements
[  2.703s] [Workarounds] finished patch_achievement_display_set_achievements in 8.33µs
[  2.703s] [Workarounds] starting patch_housing_dashboard_preload
[  2.703s] [Workarounds] finished patch_housing_dashboard_preload in 162.82µs
[  2.703s] [Workarounds] starting patch_lfg_lock_list
[  2.703s] [Workarounds] finished patch_lfg_lock_list in 33.47µs
[  2.703s] [Workarounds] starting patch_auction_house_browse_results_event
[  2.703s] [Workarounds] finished patch_auction_house_browse_results_event in 67.53µs
[  2.703s] [Workarounds] starting patch_auction_house_search_context_aliases
[  2.703s] [Workarounds] finished patch_auction_house_search_context_aliases in 30.88µs
[  2.703s] [Workarounds] starting patch_auth_challenge_frame_parent
[  2.703s] [Workarounds] finished patch_auth_challenge_frame_parent in 72.00µs
[  2.703s] [Workarounds] starting patch_settings_surface_defaults
[  2.703s] [Workarounds] finished patch_settings_surface_defaults in 356.99µs
[  2.703s] [Workarounds] starting patch_settings_canvas_layout_visibility
[  2.704s] [Workarounds] finished patch_settings_canvas_layout_visibility in 114.16µs
[  2.704s] [Startup] apply_post_load_workarounds: workarounds complete
[  2.768s] [Startup] apply_post_load_workarounds: globals restored
[  2.769s] [Startup] apply_post_load_workarounds: patch 12.1 compatibility restored
[  2.769s] [Startup] apply_post_load_workarounds: seterrorhandler restored
[  2.907s] [Startup] begin login sequence
[  2.907s] [Startup] Firing ADDON_LOADED
[  2.907s] [Startup] Firing VARIABLES_LOADED
[  3.001s] [Startup] Firing DISPLAY_SIZE_CHANGED
[  3.044s] [Startup] Firing UI_SCALE_CHANGED
[  3.046s] [Startup] Firing PLAYER_LOGIN
[  3.046s] [Startup] end login sequence in 138.52ms
[  3.046s] [Startup] begin world enter sequence
[  3.046s] [Startup] Skipping EDIT_MODE_LAYOUTS_UPDATED
[  3.046s] [Startup] Firing TIME_PLAYED_MSG via RequestTimePlayed
[  3.046s] [Startup] Firing PLAYER_ENTERING_WORLD
[  3.279s] [EditMode] starting setup_layout_info
[  3.282s] [EditMode] finished setup_layout_info in 3.74ms
[  3.282s] [EditMode] starting apply_system_anchors
[  3.416s] [EditMode] finished apply_system_anchors in 133.12ms
[  3.416s] [EditMode] starting finalize_action_bar_positions
[  3.418s] [EditMode] finished finalize_action_bar_positions in 2.19ms
[  3.418s] [EditMode] starting invoke_anchor_changed_hooks
[  3.423s] [EditMode] finished invoke_anchor_changed_hooks in 5.41ms
[  3.423s] [EditMode] starting fix_action_bar_nan_size
[  3.423s] [EditMode] finished fix_action_bar_nan_size in 71.66µs
[  3.423s] [EditMode] starting fix_action_bar_scale
[  3.423s] [EditMode] finished fix_action_bar_scale in 4.53µs
[  3.423s] [EditMode] starting reapply_player_frame_anchor
[  3.425s] [EditMode] finished reapply_player_frame_anchor in 1.43ms
[  3.433s] [Startup] end world enter sequence in 387.56ms
[  3.433s] [Startup] begin post-login events
[  3.434s] [Startup] Firing UNIT_AURA
[  3.435s] [Startup] Firing PET_UI_UPDATE
[  3.437s] [Startup] Firing BAG_UPDATE_DELAYED
[  3.438s] [Startup] Firing QUEST_LOG_UPDATE
[  3.440s] [Startup] Firing GROUP_ROSTER_UPDATE
[  3.530s] [Startup] Firing ACTIONBAR_UPDATE_STATE
[  3.530s] [Startup] Firing ACTIONBAR_UPDATE_COOLDOWN
[  3.531s] [Startup] Firing UPDATE_BONUS_ACTIONBAR
[  3.543s] [Startup] Firing PLAYER_CAN_GLIDE_CHANGED
[  3.543s] [Startup] Firing PLAYER_IS_GLIDING_CHANGED
[  3.543s] [Startup] Firing UPDATE_BINDINGS
[  3.546s] [Startup] Firing UPDATE_CHAT_WINDOWS
[  3.549s] [Startup] Firing LFG_UPDATE_RANDOM_INFO
[  3.550s] [Startup] end post-login events in 116.75ms
[  3.550s] [Startup] begin close startup special windows
[  3.550s] [Startup] end close startup special windows in 287.05µs
[  3.550s] [Startup] begin FIRST_FRAME_RENDERED
[  3.550s] [Startup] Firing FIRST_FRAME_RENDERED
[  3.550s] [Startup] end FIRST_FRAME_RENDERED in 168.58µs
[  3.550s] [Startup] begin unblock hidden splash alerts
[  3.550s] [Startup] end unblock hidden splash alerts in 15.01µs
[  3.550s] [Startup] begin post-event workarounds
[  3.550s] [Startup] end post-event workarounds in 1.04µs
