
running 1 test
test patch_11_1_0_publication_sweep::patch_11_1_0_publication_sweep ... ok

test result: ok. 1 passed; 0 failed; 0 ignored; 0 measured; 10826 filtered out; finished in 4.07s


warning: iced-wgpu-patched/Cargo.toml: `lints.clippy.large-enum-variant` is deprecated in favor of `lints.clippy.large_enum_variant` and will not work in a future edition
warning: iced-wgpu-patched/Cargo.toml: `lints.clippy.map-entry` is deprecated in favor of `lints.clippy.map_entry` and will not work in a future edition
warning: iced-wgpu-patched/Cargo.toml: `lints.clippy.match-wildcard-for-single-variants` is deprecated in favor of `lints.clippy.match_wildcard_for_single_variants` and will not work in a future edition
warning: iced-wgpu-patched/Cargo.toml: `lints.clippy.redundant-closure-for-method-calls` is deprecated in favor of `lints.clippy.redundant_closure_for_method_calls` and will not work in a future edition
warning: iced-wgpu-patched/Cargo.toml: `lints.clippy.trivially-copy-pass-by-ref` is deprecated in favor of `lints.clippy.trivially_copy_pass_by_ref` and will not work in a future edition
warning: iced-wgpu-patched/Cargo.toml: `lints.clippy.type-complexity` is deprecated in favor of `lints.clippy.type_complexity` and will not work in a future edition
warning: `iced_wgpu` (manifest) generated 6 warnings
    Finished `test` profile [optimized + debuginfo] target(s) in 0.18s
     Running tests/integration.rs (target/debug/deps/integration-aef10a2b503e13d5)
[  0.000s] [Startup] WowLuaEnv::new begin
[  0.002s] [Startup] SimState::default complete in 2.12ms
[  0.002s] [Startup] rilua VM created in 130.96µs
[  0.002s] [Startup] builtin frames initialized in 81.16µs
[  0.002s] [Startup] template registry cleared in 5.34µs
[  0.002s] [Startup] intrinsic templates registered in 7.05µs
[  0.002s] [Startup] initial app_data lua handle installed in 651.00ns
[  0.182s] [Startup] init_lua_state complete in 179.86ms
[  0.182s] [Startup] final app_data lua handle installed in 380.00ns
[  0.183s] [Startup] initial screen globals installed in 288.72µs
[  0.183s] [Startup] WowLuaEnv::new complete
[  2.678s] [Startup] apply_post_load_workarounds: begin
[  2.678s] [Workarounds] starting patch_edit_mode_manager
[  2.678s] [Workarounds] finished patch_edit_mode_manager in 328.13µs
[  2.678s] [Workarounds] starting init_edit_mode_layout
[  2.678s] [EditMode] starting setup_layout_info
[  2.682s] [EditMode] finished setup_layout_info in 3.48ms
[  2.682s] [EditMode] starting apply_system_anchors
[  2.831s] [EditMode] finished apply_system_anchors in 149.02ms
[  2.831s] [EditMode] starting finalize_action_bar_positions
[  2.833s] [EditMode] finished finalize_action_bar_positions in 1.95ms
[  2.833s] [EditMode] starting invoke_anchor_changed_hooks
[  2.833s] [EditMode] finished invoke_anchor_changed_hooks in 423.59µs
[  2.833s] [EditMode] starting fix_action_bar_nan_size
[  2.833s] [EditMode] finished fix_action_bar_nan_size in 45.13µs
[  2.833s] [EditMode] starting fix_action_bar_scale
[  2.833s] [EditMode] finished fix_action_bar_scale in 4.62µs
[  2.833s] [Workarounds] finished init_edit_mode_layout in 154.95ms
[  2.833s] [Workarounds] starting patch_ui_parent_panel_toggles
[  2.834s] [Workarounds] finished patch_ui_parent_panel_toggles in 252.45µs
[  2.834s] [Workarounds] starting patch_uiparent_onupdate_worklists
[  2.834s] [Workarounds] finished patch_uiparent_onupdate_worklists in 105.41µs
[  2.834s] [Workarounds] starting init_chat_type_colors
[  2.834s] [Workarounds] finished init_chat_type_colors in 119.11µs
[  2.834s] [Workarounds] starting patch_chat_voice_button_surface
[  2.834s] [Workarounds] finished patch_chat_voice_button_surface in 127.54µs
[  2.834s] [Workarounds] starting patch_item_socketing_tooltips
[  2.834s] [Workarounds] finished patch_item_socketing_tooltips in 59.74µs
[  2.834s] [Workarounds] starting patch_character_select_selected_name
[  2.834s] [Workarounds] finished patch_character_select_selected_name in 31.54µs
[  2.834s] [Workarounds] starting patch_character_create_defaults
[  2.834s] [Workarounds] finished patch_character_create_defaults in 231.06µs
[  2.834s] [Workarounds] starting patch_character_frame_title_refresh
[  2.840s] [Workarounds] finished patch_character_frame_title_refresh in 5.95ms
[  2.840s] [Workarounds] starting patch_vignette_pin_template
[  2.840s] [Workarounds] finished patch_vignette_pin_template in 106.25µs
[  2.840s] [Workarounds] starting patch_fog_of_war_pin_mixin
[  2.841s] [Workarounds] finished patch_fog_of_war_pin_mixin in 297.92µs
[  2.841s] [Workarounds] starting patch_map_exploration_pin_mixin
[  2.847s] [Workarounds] finished patch_map_exploration_pin_mixin in 6.10ms
[  2.847s] [Workarounds] starting patch_map_canvas_data_provider_attachment
[  2.847s] [Workarounds] finished patch_map_canvas_data_provider_attachment in 64.96µs
[  2.847s] [Workarounds] starting ensure_adventure_map_frame_surface
[  2.847s] [Workarounds] finished ensure_adventure_map_frame_surface in 476.39µs
[  2.847s] [Workarounds] starting patch_action_bar_button_event_fanout
[  2.847s] [Workarounds] finished patch_action_bar_button_event_fanout in 106.26µs
[  2.847s] [Workarounds] starting patch_paging_controls_page_text
[  2.848s] [Workarounds] finished patch_paging_controls_page_text in 39.86µs
[  2.848s] [Workarounds] starting patch_talent_edge_frame_level_sync
[  2.848s] [Workarounds] finished patch_talent_edge_frame_level_sync in 35.62µs
[  2.848s] [Workarounds] starting patch_catalog_shop_product_card_defaults
[  2.848s] [Workarounds] finished patch_catalog_shop_product_card_defaults in 65.10µs
[  2.848s] [Workarounds] starting patch_game_time_defaults
[  2.848s] [Workarounds] finished patch_game_time_defaults in 7.46µs
[  2.848s] [Workarounds] starting patch_tooltip_nineslice_surface
[  2.848s] [Workarounds] finished patch_tooltip_nineslice_surface in 44.26µs
[  2.848s] [Workarounds] starting patch_container_frame_token_tracker
[  2.848s] [Workarounds] finished patch_container_frame_token_tracker in 41.50µs
[  2.848s] [Workarounds] starting patch_achievement_display_set_achievements
[  2.848s] [Workarounds] finished patch_achievement_display_set_achievements in 8.46µs
[  2.848s] [Workarounds] starting patch_housing_dashboard_preload
[  2.848s] [Workarounds] finished patch_housing_dashboard_preload in 170.39µs
[  2.848s] [Workarounds] starting patch_lfg_lock_list
[  2.848s] [Workarounds] finished patch_lfg_lock_list in 35.54µs
[  2.848s] [Workarounds] starting patch_auction_house_browse_results_event
[  2.848s] [Workarounds] finished patch_auction_house_browse_results_event in 66.64µs
[  2.848s] [Workarounds] starting patch_auction_house_search_context_aliases
[  2.848s] [Workarounds] finished patch_auction_house_search_context_aliases in 29.26µs
[  2.848s] [Workarounds] starting patch_auth_challenge_frame_parent
[  2.848s] [Workarounds] finished patch_auth_challenge_frame_parent in 68.48µs
[  2.848s] [Workarounds] starting patch_settings_surface_defaults
[  2.848s] [Workarounds] finished patch_settings_surface_defaults in 358.26µs
[  2.848s] [Workarounds] starting patch_settings_canvas_layout_visibility
[  2.849s] [Workarounds] finished patch_settings_canvas_layout_visibility in 118.50µs
[  2.849s] [Startup] apply_post_load_workarounds: workarounds complete
[  2.917s] [Startup] apply_post_load_workarounds: globals restored
[  2.917s] [Startup] apply_post_load_workarounds: patch 12.1 compatibility restored
[  2.917s] [Startup] apply_post_load_workarounds: seterrorhandler restored
[  3.065s] [Startup] begin login sequence
[  3.065s] [Startup] Firing ADDON_LOADED
[  3.065s] [Startup] Firing VARIABLES_LOADED
[  3.170s] [Startup] Firing DISPLAY_SIZE_CHANGED
[  3.216s] [Startup] Firing UI_SCALE_CHANGED
[  3.217s] [Startup] Firing PLAYER_LOGIN
[  3.217s] [Startup] end login sequence in 151.91ms
[  3.217s] [Startup] begin world enter sequence
[  3.217s] [Startup] Skipping EDIT_MODE_LAYOUTS_UPDATED
[  3.217s] [Startup] Firing TIME_PLAYED_MSG via RequestTimePlayed
[  3.217s] [Startup] Firing PLAYER_ENTERING_WORLD
[  3.462s] [EditMode] starting setup_layout_info
[  3.466s] [EditMode] finished setup_layout_info in 4.14ms
[  3.466s] [EditMode] starting apply_system_anchors
[  3.611s] [EditMode] finished apply_system_anchors in 144.97ms
[  3.611s] [EditMode] starting finalize_action_bar_positions
[  3.613s] [EditMode] finished finalize_action_bar_positions in 2.34ms
[  3.613s] [EditMode] starting invoke_anchor_changed_hooks
[  3.619s] [EditMode] finished invoke_anchor_changed_hooks in 5.67ms
[  3.619s] [EditMode] starting fix_action_bar_nan_size
[  3.619s] [EditMode] finished fix_action_bar_nan_size in 70.96µs
[  3.619s] [EditMode] starting fix_action_bar_scale
[  3.619s] [EditMode] finished fix_action_bar_scale in 4.57µs
[  3.619s] [EditMode] starting reapply_player_frame_anchor
[  3.621s] [EditMode] finished reapply_player_frame_anchor in 1.52ms
[  3.630s] [Startup] end world enter sequence in 413.08ms
[  3.630s] [Startup] begin post-login events
[  3.631s] [Startup] Firing UNIT_AURA
[  3.632s] [Startup] Firing PET_UI_UPDATE
[  3.633s] [Startup] Firing BAG_UPDATE_DELAYED
[  3.635s] [Startup] Firing QUEST_LOG_UPDATE
[  3.636s] [Startup] Firing GROUP_ROSTER_UPDATE
[  3.733s] [Startup] Firing ACTIONBAR_UPDATE_STATE
[  3.733s] [Startup] Firing ACTIONBAR_UPDATE_COOLDOWN
[  3.734s] [Startup] Firing UPDATE_BONUS_ACTIONBAR
[  3.745s] [Startup] Firing PLAYER_CAN_GLIDE_CHANGED
[  3.745s] [Startup] Firing PLAYER_IS_GLIDING_CHANGED
[  3.745s] [Startup] Firing UPDATE_BINDINGS
[  3.749s] [Startup] Firing UPDATE_CHAT_WINDOWS
[  3.752s] [Startup] Firing LFG_UPDATE_RANDOM_INFO
[  3.753s] [Startup] end post-login events in 122.91ms
[  3.753s] [Startup] begin close startup special windows
[  3.753s] [Startup] end close startup special windows in 277.80µs
[  3.753s] [Startup] begin FIRST_FRAME_RENDERED
[  3.753s] [Startup] Firing FIRST_FRAME_RENDERED
[  3.753s] [Startup] end FIRST_FRAME_RENDERED in 177.45µs
[  3.753s] [Startup] begin unblock hidden splash alerts
[  3.753s] [Startup] end unblock hidden splash alerts in 14.75µs
[  3.753s] [Startup] begin post-event workarounds
[  3.753s] [Startup] end post-event workarounds in 1.04µs
