
running 1 test
test patch_11_2_5_publication_sweep::patch_11_2_5_publication_sweep ... ok

test result: ok. 1 passed; 0 failed; 0 ignored; 0 measured; 10826 filtered out; finished in 3.75s


warning: iced-wgpu-patched/Cargo.toml: `lints.clippy.large-enum-variant` is deprecated in favor of `lints.clippy.large_enum_variant` and will not work in a future edition
warning: iced-wgpu-patched/Cargo.toml: `lints.clippy.map-entry` is deprecated in favor of `lints.clippy.map_entry` and will not work in a future edition
warning: iced-wgpu-patched/Cargo.toml: `lints.clippy.match-wildcard-for-single-variants` is deprecated in favor of `lints.clippy.match_wildcard_for_single_variants` and will not work in a future edition
warning: iced-wgpu-patched/Cargo.toml: `lints.clippy.redundant-closure-for-method-calls` is deprecated in favor of `lints.clippy.redundant_closure_for_method_calls` and will not work in a future edition
warning: iced-wgpu-patched/Cargo.toml: `lints.clippy.trivially-copy-pass-by-ref` is deprecated in favor of `lints.clippy.trivially_copy_pass_by_ref` and will not work in a future edition
warning: iced-wgpu-patched/Cargo.toml: `lints.clippy.type-complexity` is deprecated in favor of `lints.clippy.type_complexity` and will not work in a future edition
warning: `iced_wgpu` (manifest) generated 6 warnings
    Finished `test` profile [optimized + debuginfo] target(s) in 0.18s
     Running tests/integration.rs (target/debug/deps/integration-aef10a2b503e13d5)
[  0.000s] [Startup] WowLuaEnv::new begin
[  0.003s] [Startup] SimState::default complete in 2.72ms
[  0.003s] [Startup] rilua VM created in 131.04µs
[  0.003s] [Startup] builtin frames initialized in 79.30µs
[  0.003s] [Startup] template registry cleared in 6.33µs
[  0.003s] [Startup] intrinsic templates registered in 9.91µs
[  0.003s] [Startup] initial app_data lua handle installed in 611.00ns
[  0.130s] [Startup] init_lua_state complete in 127.09ms
[  0.130s] [Startup] final app_data lua handle installed in 331.00ns
[  0.130s] [Startup] initial screen globals installed in 84.22µs
[  0.130s] [Startup] WowLuaEnv::new complete
[  2.483s] [Startup] apply_post_load_workarounds: begin
[  2.483s] [Workarounds] starting patch_edit_mode_manager
[  2.483s] [Workarounds] finished patch_edit_mode_manager in 299.43µs
[  2.483s] [Workarounds] starting init_edit_mode_layout
[  2.483s] [EditMode] starting setup_layout_info
[  2.486s] [EditMode] finished setup_layout_info in 3.20ms
[  2.486s] [EditMode] starting apply_system_anchors
[  2.623s] [EditMode] finished apply_system_anchors in 136.55ms
[  2.623s] [EditMode] starting finalize_action_bar_positions
[  2.625s] [EditMode] finished finalize_action_bar_positions in 1.78ms
[  2.625s] [EditMode] starting invoke_anchor_changed_hooks
[  2.625s] [EditMode] finished invoke_anchor_changed_hooks in 404.40µs
[  2.625s] [EditMode] starting fix_action_bar_nan_size
[  2.625s] [EditMode] finished fix_action_bar_nan_size in 41.96µs
[  2.625s] [EditMode] starting fix_action_bar_scale
[  2.625s] [EditMode] finished fix_action_bar_scale in 4.41µs
[  2.625s] [Workarounds] finished init_edit_mode_layout in 142.01ms
[  2.625s] [Workarounds] starting patch_ui_parent_panel_toggles
[  2.625s] [Workarounds] finished patch_ui_parent_panel_toggles in 231.15µs
[  2.625s] [Workarounds] starting patch_uiparent_onupdate_worklists
[  2.625s] [Workarounds] finished patch_uiparent_onupdate_worklists in 95.01µs
[  2.625s] [Workarounds] starting init_chat_type_colors
[  2.625s] [Workarounds] finished init_chat_type_colors in 111.69µs
[  2.625s] [Workarounds] starting patch_chat_voice_button_surface
[  2.626s] [Workarounds] finished patch_chat_voice_button_surface in 120.89µs
[  2.626s] [Workarounds] starting patch_item_socketing_tooltips
[  2.626s] [Workarounds] finished patch_item_socketing_tooltips in 56.52µs
[  2.626s] [Workarounds] starting patch_character_select_selected_name
[  2.626s] [Workarounds] finished patch_character_select_selected_name in 29.60µs
[  2.626s] [Workarounds] starting patch_character_create_defaults
[  2.626s] [Workarounds] finished patch_character_create_defaults in 216.98µs
[  2.626s] [Workarounds] starting patch_character_frame_title_refresh
[  2.631s] [Workarounds] finished patch_character_frame_title_refresh in 5.44ms
[  2.631s] [Workarounds] starting patch_vignette_pin_template
[  2.631s] [Workarounds] finished patch_vignette_pin_template in 84.95µs
[  2.631s] [Workarounds] starting patch_fog_of_war_pin_mixin
[  2.632s] [Workarounds] finished patch_fog_of_war_pin_mixin in 276.44µs
[  2.632s] [Workarounds] starting patch_map_exploration_pin_mixin
[  2.637s] [Workarounds] finished patch_map_exploration_pin_mixin in 5.70ms
[  2.637s] [Workarounds] starting patch_map_canvas_data_provider_attachment
[  2.637s] [Workarounds] finished patch_map_canvas_data_provider_attachment in 61.31µs
[  2.637s] [Workarounds] starting ensure_adventure_map_frame_surface
[  2.638s] [Workarounds] finished ensure_adventure_map_frame_surface in 440.24µs
[  2.638s] [Workarounds] starting patch_action_bar_button_event_fanout
[  2.638s] [Workarounds] finished patch_action_bar_button_event_fanout in 101.12µs
[  2.638s] [Workarounds] starting patch_paging_controls_page_text
[  2.638s] [Workarounds] finished patch_paging_controls_page_text in 38.11µs
[  2.638s] [Workarounds] starting patch_talent_edge_frame_level_sync
[  2.638s] [Workarounds] finished patch_talent_edge_frame_level_sync in 29.41µs
[  2.638s] [Workarounds] starting patch_catalog_shop_product_card_defaults
[  2.638s] [Workarounds] finished patch_catalog_shop_product_card_defaults in 62.70µs
[  2.638s] [Workarounds] starting patch_game_time_defaults
[  2.638s] [Workarounds] finished patch_game_time_defaults in 6.83µs
[  2.638s] [Workarounds] starting patch_tooltip_nineslice_surface
[  2.638s] [Workarounds] finished patch_tooltip_nineslice_surface in 41.89µs
[  2.638s] [Workarounds] starting patch_container_frame_token_tracker
[  2.638s] [Workarounds] finished patch_container_frame_token_tracker in 39.66µs
[  2.638s] [Workarounds] starting patch_achievement_display_set_achievements
[  2.638s] [Workarounds] finished patch_achievement_display_set_achievements in 8.12µs
[  2.638s] [Workarounds] starting patch_housing_dashboard_preload
[  2.638s] [Workarounds] finished patch_housing_dashboard_preload in 159.76µs
[  2.638s] [Workarounds] starting patch_lfg_lock_list
[  2.638s] [Workarounds] finished patch_lfg_lock_list in 33.88µs
[  2.638s] [Workarounds] starting patch_auction_house_browse_results_event
[  2.638s] [Workarounds] finished patch_auction_house_browse_results_event in 62.90µs
[  2.639s] [Workarounds] starting patch_auction_house_search_context_aliases
[  2.639s] [Workarounds] finished patch_auction_house_search_context_aliases in 27.72µs
[  2.639s] [Workarounds] starting patch_auth_challenge_frame_parent
[  2.639s] [Workarounds] finished patch_auth_challenge_frame_parent in 68.92µs
[  2.639s] [Workarounds] starting patch_settings_surface_defaults
[  2.639s] [Workarounds] finished patch_settings_surface_defaults in 346.41µs
[  2.639s] [Workarounds] starting patch_settings_canvas_layout_visibility
[  2.639s] [Workarounds] finished patch_settings_canvas_layout_visibility in 109.65µs
[  2.639s] [Startup] apply_post_load_workarounds: workarounds complete
[  2.701s] [Startup] apply_post_load_workarounds: globals restored
[  2.701s] [Startup] apply_post_load_workarounds: patch 12.1 compatibility restored
[  2.701s] [Startup] apply_post_load_workarounds: seterrorhandler restored
[  2.839s] [Startup] begin login sequence
[  2.839s] [Startup] Firing ADDON_LOADED
[  2.839s] [Startup] Firing VARIABLES_LOADED
[  2.934s] [Startup] Firing DISPLAY_SIZE_CHANGED
[  2.977s] [Startup] Firing UI_SCALE_CHANGED
[  2.978s] [Startup] Firing PLAYER_LOGIN
[  2.978s] [Startup] end login sequence in 139.13ms
[  2.978s] [Startup] begin world enter sequence
[  2.978s] [Startup] Skipping EDIT_MODE_LAYOUTS_UPDATED
[  2.978s] [Startup] Firing TIME_PLAYED_MSG via RequestTimePlayed
[  2.978s] [Startup] Firing PLAYER_ENTERING_WORLD
[  3.201s] [EditMode] starting setup_layout_info
[  3.205s] [EditMode] finished setup_layout_info in 3.72ms
[  3.205s] [EditMode] starting apply_system_anchors
[  3.341s] [EditMode] finished apply_system_anchors in 135.77ms
[  3.341s] [EditMode] starting finalize_action_bar_positions
[  3.343s] [EditMode] finished finalize_action_bar_positions in 2.40ms
[  3.343s] [EditMode] starting invoke_anchor_changed_hooks
[  3.348s] [EditMode] finished invoke_anchor_changed_hooks in 5.37ms
[  3.348s] [EditMode] starting fix_action_bar_nan_size
[  3.348s] [EditMode] finished fix_action_bar_nan_size in 68.66µs
[  3.348s] [EditMode] starting fix_action_bar_scale
[  3.348s] [EditMode] finished fix_action_bar_scale in 4.39µs
[  3.348s] [EditMode] starting reapply_player_frame_anchor
[  3.350s] [EditMode] finished reapply_player_frame_anchor in 1.35ms
[  3.358s] [Startup] end world enter sequence in 380.16ms
[  3.358s] [Startup] begin post-login events
[  3.359s] [Startup] Firing UNIT_AURA
[  3.360s] [Startup] Firing PET_UI_UPDATE
[  3.361s] [Startup] Firing BAG_UPDATE_DELAYED
[  3.363s] [Startup] Firing QUEST_LOG_UPDATE
[  3.364s] [Startup] Firing GROUP_ROSTER_UPDATE
[  3.450s] [Startup] Firing ACTIONBAR_UPDATE_STATE
[  3.450s] [Startup] Firing ACTIONBAR_UPDATE_COOLDOWN
[  3.451s] [Startup] Firing UPDATE_BONUS_ACTIONBAR
[  3.462s] [Startup] Firing PLAYER_CAN_GLIDE_CHANGED
[  3.462s] [Startup] Firing PLAYER_IS_GLIDING_CHANGED
[  3.462s] [Startup] Firing UPDATE_BINDINGS
[  3.465s] [Startup] Firing UPDATE_CHAT_WINDOWS
[  3.468s] [Startup] Firing LFG_UPDATE_RANDOM_INFO
[  3.469s] [Startup] end post-login events in 110.98ms
[  3.469s] [Startup] begin close startup special windows
[  3.469s] [Startup] end close startup special windows in 257.22µs
[  3.469s] [Startup] begin FIRST_FRAME_RENDERED
[  3.469s] [Startup] Firing FIRST_FRAME_RENDERED
[  3.469s] [Startup] end FIRST_FRAME_RENDERED in 166.94µs
[  3.469s] [Startup] begin unblock hidden splash alerts
[  3.470s] [Startup] end unblock hidden splash alerts in 13.60µs
[  3.470s] [Startup] begin post-event workarounds
[  3.470s] [Startup] end post-event workarounds in 1.00µs
