
running 1 test
test patch_11_1_5_publication_sweep::patch_11_1_5_publication_sweep ... ok

test result: ok. 1 passed; 0 failed; 0 ignored; 0 measured; 10826 filtered out; finished in 3.94s


warning: iced-wgpu-patched/Cargo.toml: `lints.clippy.large-enum-variant` is deprecated in favor of `lints.clippy.large_enum_variant` and will not work in a future edition
warning: iced-wgpu-patched/Cargo.toml: `lints.clippy.map-entry` is deprecated in favor of `lints.clippy.map_entry` and will not work in a future edition
warning: iced-wgpu-patched/Cargo.toml: `lints.clippy.match-wildcard-for-single-variants` is deprecated in favor of `lints.clippy.match_wildcard_for_single_variants` and will not work in a future edition
warning: iced-wgpu-patched/Cargo.toml: `lints.clippy.redundant-closure-for-method-calls` is deprecated in favor of `lints.clippy.redundant_closure_for_method_calls` and will not work in a future edition
warning: iced-wgpu-patched/Cargo.toml: `lints.clippy.trivially-copy-pass-by-ref` is deprecated in favor of `lints.clippy.trivially_copy_pass_by_ref` and will not work in a future edition
warning: iced-wgpu-patched/Cargo.toml: `lints.clippy.type-complexity` is deprecated in favor of `lints.clippy.type_complexity` and will not work in a future edition
warning: `iced_wgpu` (manifest) generated 6 warnings
    Finished `test` profile [optimized + debuginfo] target(s) in 0.19s
     Running tests/integration.rs (target/debug/deps/integration-aef10a2b503e13d5)
[  0.000s] [Startup] WowLuaEnv::new begin
[  0.005s] [Startup] SimState::default complete in 4.74ms
[  0.005s] [Startup] rilua VM created in 147.96µs
[  0.005s] [Startup] builtin frames initialized in 90.65µs
[  0.005s] [Startup] template registry cleared in 5.26µs
[  0.005s] [Startup] intrinsic templates registered in 9.83µs
[  0.005s] [Startup] initial app_data lua handle installed in 661.00ns
[  0.151s] [Startup] init_lua_state complete in 146.43ms
[  0.151s] [Startup] final app_data lua handle installed in 330.00ns
[  0.152s] [Startup] initial screen globals installed in 86.80µs
[  0.152s] [Startup] WowLuaEnv::new complete
[  2.646s] [Startup] apply_post_load_workarounds: begin
[  2.646s] [Workarounds] starting patch_edit_mode_manager
[  2.646s] [Workarounds] finished patch_edit_mode_manager in 321.97µs
[  2.646s] [Workarounds] starting init_edit_mode_layout
[  2.646s] [EditMode] starting setup_layout_info
[  2.650s] [EditMode] finished setup_layout_info in 3.38ms
[  2.650s] [EditMode] starting apply_system_anchors
[  2.794s] [EditMode] finished apply_system_anchors in 144.22ms
[  2.794s] [EditMode] starting finalize_action_bar_positions
[  2.796s] [EditMode] finished finalize_action_bar_positions in 1.78ms
[  2.796s] [EditMode] starting invoke_anchor_changed_hooks
[  2.796s] [EditMode] finished invoke_anchor_changed_hooks in 403.03µs
[  2.796s] [EditMode] starting fix_action_bar_nan_size
[  2.796s] [EditMode] finished fix_action_bar_nan_size in 41.86µs
[  2.796s] [EditMode] starting fix_action_bar_scale
[  2.796s] [EditMode] finished fix_action_bar_scale in 5.27µs
[  2.796s] [Workarounds] finished init_edit_mode_layout in 149.86ms
[  2.796s] [Workarounds] starting patch_ui_parent_panel_toggles
[  2.796s] [Workarounds] finished patch_ui_parent_panel_toggles in 240.53µs
[  2.796s] [Workarounds] starting patch_uiparent_onupdate_worklists
[  2.797s] [Workarounds] finished patch_uiparent_onupdate_worklists in 101.84µs
[  2.797s] [Workarounds] starting init_chat_type_colors
[  2.797s] [Workarounds] finished init_chat_type_colors in 117.21µs
[  2.797s] [Workarounds] starting patch_chat_voice_button_surface
[  2.797s] [Workarounds] finished patch_chat_voice_button_surface in 115.60µs
[  2.797s] [Workarounds] starting patch_item_socketing_tooltips
[  2.797s] [Workarounds] finished patch_item_socketing_tooltips in 58.83µs
[  2.797s] [Workarounds] starting patch_character_select_selected_name
[  2.797s] [Workarounds] finished patch_character_select_selected_name in 31.01µs
[  2.797s] [Workarounds] starting patch_character_create_defaults
[  2.797s] [Workarounds] finished patch_character_create_defaults in 233.06µs
[  2.797s] [Workarounds] starting patch_character_frame_title_refresh
[  2.803s] [Workarounds] finished patch_character_frame_title_refresh in 5.74ms
[  2.803s] [Workarounds] starting patch_vignette_pin_template
[  2.803s] [Workarounds] finished patch_vignette_pin_template in 90.66µs
[  2.803s] [Workarounds] starting patch_fog_of_war_pin_mixin
[  2.803s] [Workarounds] finished patch_fog_of_war_pin_mixin in 275.30µs
[  2.803s] [Workarounds] starting patch_map_exploration_pin_mixin
[  2.809s] [Workarounds] finished patch_map_exploration_pin_mixin in 5.98ms
[  2.809s] [Workarounds] starting patch_map_canvas_data_provider_attachment
[  2.809s] [Workarounds] finished patch_map_canvas_data_provider_attachment in 63.78µs
[  2.809s] [Workarounds] starting ensure_adventure_map_frame_surface
[  2.810s] [Workarounds] finished ensure_adventure_map_frame_surface in 433.56µs
[  2.810s] [Workarounds] starting patch_action_bar_button_event_fanout
[  2.810s] [Workarounds] finished patch_action_bar_button_event_fanout in 102.08µs
[  2.810s] [Workarounds] starting patch_paging_controls_page_text
[  2.810s] [Workarounds] finished patch_paging_controls_page_text in 40.30µs
[  2.810s] [Workarounds] starting patch_talent_edge_frame_level_sync
[  2.810s] [Workarounds] finished patch_talent_edge_frame_level_sync in 30.43µs
[  2.810s] [Workarounds] starting patch_catalog_shop_product_card_defaults
[  2.810s] [Workarounds] finished patch_catalog_shop_product_card_defaults in 65.11µs
[  2.810s] [Workarounds] starting patch_game_time_defaults
[  2.810s] [Workarounds] finished patch_game_time_defaults in 7.15µs
[  2.810s] [Workarounds] starting patch_tooltip_nineslice_surface
[  2.810s] [Workarounds] finished patch_tooltip_nineslice_surface in 43.62µs
[  2.810s] [Workarounds] starting patch_container_frame_token_tracker
[  2.810s] [Workarounds] finished patch_container_frame_token_tracker in 40.99µs
[  2.810s] [Workarounds] starting patch_achievement_display_set_achievements
[  2.810s] [Workarounds] finished patch_achievement_display_set_achievements in 8.10µs
[  2.810s] [Workarounds] starting patch_housing_dashboard_preload
[  2.810s] [Workarounds] finished patch_housing_dashboard_preload in 169.16µs
[  2.810s] [Workarounds] starting patch_lfg_lock_list
[  2.810s] [Workarounds] finished patch_lfg_lock_list in 34.10µs
[  2.810s] [Workarounds] starting patch_auction_house_browse_results_event
[  2.810s] [Workarounds] finished patch_auction_house_browse_results_event in 67.13µs
[  2.810s] [Workarounds] starting patch_auction_house_search_context_aliases
[  2.810s] [Workarounds] finished patch_auction_house_search_context_aliases in 29.76µs
[  2.810s] [Workarounds] starting patch_auth_challenge_frame_parent
[  2.810s] [Workarounds] finished patch_auth_challenge_frame_parent in 69.97µs
[  2.810s] [Workarounds] starting patch_settings_surface_defaults
[  2.811s] [Workarounds] finished patch_settings_surface_defaults in 353.07µs
[  2.811s] [Workarounds] starting patch_settings_canvas_layout_visibility
[  2.811s] [Workarounds] finished patch_settings_canvas_layout_visibility in 115.22µs
[  2.811s] [Startup] apply_post_load_workarounds: workarounds complete
[  2.873s] [Startup] apply_post_load_workarounds: globals restored
[  2.874s] [Startup] apply_post_load_workarounds: patch 12.1 compatibility restored
[  2.874s] [Startup] apply_post_load_workarounds: seterrorhandler restored
[  3.011s] [Startup] begin login sequence
[  3.011s] [Startup] Firing ADDON_LOADED
[  3.011s] [Startup] Firing VARIABLES_LOADED
[  3.107s] [Startup] Firing DISPLAY_SIZE_CHANGED
[  3.150s] [Startup] Firing UI_SCALE_CHANGED
[  3.151s] [Startup] Firing PLAYER_LOGIN
[  3.151s] [Startup] end login sequence in 139.93ms
[  3.151s] [Startup] begin world enter sequence
[  3.151s] [Startup] Skipping EDIT_MODE_LAYOUTS_UPDATED
[  3.151s] [Startup] Firing TIME_PLAYED_MSG via RequestTimePlayed
[  3.151s] [Startup] Firing PLAYER_ENTERING_WORLD
[  3.382s] [EditMode] starting setup_layout_info
[  3.386s] [EditMode] finished setup_layout_info in 4.00ms
[  3.386s] [EditMode] starting apply_system_anchors
[  3.522s] [EditMode] finished apply_system_anchors in 135.88ms
[  3.522s] [EditMode] starting finalize_action_bar_positions
[  3.524s] [EditMode] finished finalize_action_bar_positions in 2.80ms
[  3.524s] [EditMode] starting invoke_anchor_changed_hooks
[  3.531s] [EditMode] finished invoke_anchor_changed_hooks in 6.06ms
[  3.531s] [EditMode] starting fix_action_bar_nan_size
[  3.531s] [EditMode] finished fix_action_bar_nan_size in 79.59µs
[  3.531s] [EditMode] starting fix_action_bar_scale
[  3.531s] [EditMode] finished fix_action_bar_scale in 4.60µs
[  3.531s] [EditMode] starting reapply_player_frame_anchor
[  3.532s] [EditMode] finished reapply_player_frame_anchor in 1.44ms
[  3.541s] [Startup] end world enter sequence in 389.60ms
[  3.541s] [Startup] begin post-login events
[  3.542s] [Startup] Firing UNIT_AURA
[  3.542s] [Startup] Firing PET_UI_UPDATE
[  3.544s] [Startup] Firing BAG_UPDATE_DELAYED
[  3.545s] [Startup] Firing QUEST_LOG_UPDATE
[  3.547s] [Startup] Firing GROUP_ROSTER_UPDATE
[  3.638s] [Startup] Firing ACTIONBAR_UPDATE_STATE
[  3.638s] [Startup] Firing ACTIONBAR_UPDATE_COOLDOWN
[  3.639s] [Startup] Firing UPDATE_BONUS_ACTIONBAR
[  3.651s] [Startup] Firing PLAYER_CAN_GLIDE_CHANGED
[  3.651s] [Startup] Firing PLAYER_IS_GLIDING_CHANGED
[  3.651s] [Startup] Firing UPDATE_BINDINGS
[  3.654s] [Startup] Firing UPDATE_CHAT_WINDOWS
[  3.657s] [Startup] Firing LFG_UPDATE_RANDOM_INFO
[  3.658s] [Startup] end post-login events in 117.51ms
[  3.658s] [Startup] begin close startup special windows
[  3.659s] [Startup] end close startup special windows in 287.54µs
[  3.659s] [Startup] begin FIRST_FRAME_RENDERED
[  3.659s] [Startup] Firing FIRST_FRAME_RENDERED
[  3.659s] [Startup] end FIRST_FRAME_RENDERED in 178.46µs
[  3.659s] [Startup] begin unblock hidden splash alerts
[  3.659s] [Startup] end unblock hidden splash alerts in 14.32µs
[  3.659s] [Startup] begin post-event workarounds
[  3.659s] [Startup] end post-event workarounds in 1.39µs
