
running 1 test
test patch_10_1_0_publication_fixes::patch_10_1_0_unused_namespace_members_are_absent ... FAILED

failures:

failures:
    patch_10_1_0_publication_fixes::patch_10_1_0_unused_namespace_members_are_absent

test result: FAILED. 0 passed; 1 failed; 0 ignored; 0 measured; 10826 filtered out; finished in 0.18s


warning: iced-wgpu-patched/Cargo.toml: `lints.clippy.large-enum-variant` is deprecated in favor of `lints.clippy.large_enum_variant` and will not work in a future edition
warning: iced-wgpu-patched/Cargo.toml: `lints.clippy.map-entry` is deprecated in favor of `lints.clippy.map_entry` and will not work in a future edition
warning: iced-wgpu-patched/Cargo.toml: `lints.clippy.match-wildcard-for-single-variants` is deprecated in favor of `lints.clippy.match_wildcard_for_single_variants` and will not work in a future edition
warning: iced-wgpu-patched/Cargo.toml: `lints.clippy.redundant-closure-for-method-calls` is deprecated in favor of `lints.clippy.redundant_closure_for_method_calls` and will not work in a future edition
warning: iced-wgpu-patched/Cargo.toml: `lints.clippy.trivially-copy-pass-by-ref` is deprecated in favor of `lints.clippy.trivially_copy_pass_by_ref` and will not work in a future edition
warning: iced-wgpu-patched/Cargo.toml: `lints.clippy.type-complexity` is deprecated in favor of `lints.clippy.type_complexity` and will not work in a future edition
warning: `iced_wgpu` (manifest) generated 6 warnings
   Compiling wow-ui-sim v0.1.0 (/home/osso/.worktrees/wow-ui-sim-p1010-page)
    Finished `test` profile [optimized + debuginfo] target(s) in 1m 09s
     Running tests/integration.rs (target/debug/deps/integration-aef10a2b503e13d5)
[  0.000s] [Startup] WowLuaEnv::new begin
[  0.003s] [Startup] SimState::default complete in 2.99ms
[  0.003s] [Startup] rilua VM created in 168.07µs
[  0.003s] [Startup] builtin frames initialized in 137.81µs
[  0.003s] [Startup] template registry cleared in 5.44µs
[  0.003s] [Startup] intrinsic templates registered in 8.86µs
[  0.003s] [Startup] initial app_data lua handle installed in 561.00ns
[  0.176s] [Startup] init_lua_state complete in 172.92ms
[  0.176s] [Startup] final app_data lua handle installed in 300.00ns
[  0.176s] [Startup] initial screen globals installed in 115.24µs
[  0.176s] [Startup] WowLuaEnv::new complete

thread 'patch_10_1_0_publication_fixes::patch_10_1_0_unused_namespace_members_are_absent' (3172614) panicked at /home/osso/.worktrees/wow-ui-sim-p1010-page/tests/patch_10_1_0_publication_fixes.rs:23:37:
called `Result::unwrap()` on an `Err` value: Lua(Runtime(RuntimeError { message: "AssignPFCDistribution", level: 0, traceback: [] }))
note: run with `RUST_BACKTRACE=1` environment variable to display a backtrace
error: test failed, to rerun pass `--test integration`
