Traceback (most recent call last):
  File "/tmp/era1141-1140-independent/1.14.0/scratch/tmpaupai5tr/historical-tools/gen_patch_wikitext_register.py", line 1454, in <module>
    main()
    ~~~~^^
  File "/tmp/era1141-1140-independent/1.14.0/scratch/tmpaupai5tr/historical-tools/gen_patch_wikitext_register.py", line 1326, in main
    section_entries, section_counts = parse_section(
                                      ~~~~~~~~~~~~~^
        entry_section, buckets.get(section, []),
        ^^^^^^^^^^^^^^^^^^^^^^^^^^^^^^^^^^^^^^^^
    ...<3 lines>...
        legacy_column_headers=args.legacy_column_headers,
        ^^^^^^^^^^^^^^^^^^^^^^^^^^^^^^^^^^^^^^^^^^^^^^^^^
        legacy_inventory_labels=args.legacy_inventory_labels)
        ^^^^^^^^^^^^^^^^^^^^^^^^^^^^^^^^^^^^^^^^^^^^^^^^^^^^^
  File "/tmp/era1141-1140-independent/1.14.0/scratch/tmpaupai5tr/historical-tools/gen_patch_wikitext_register.py", line 136, in parse_section
    entry = make_entry(section, mode, line_no, text)
  File "/tmp/era1141-1140-independent/1.14.0/scratch/tmpaupai5tr/historical-tools/gen_patch_wikitext_register.py", line 74, in make_entry
    symbol, params = parse_symbol(text)
                     ~~~~~~~~~~~~^^^^^^
  File "/tmp/era1141-1140-independent/1.14.0/scratch/tmpaupai5tr/historical-tools/gen_patch_wikitext_register.py", line 67, in parse_symbol
    raise ValueError(f"no symbol reference in: {text!r}")
ValueError: no symbol reference in: ': Scripts'
