warning: iced-wgpu-patched/Cargo.toml: `lints.clippy.large-enum-variant` is deprecated in favor of `lints.clippy.large_enum_variant` and will not work in a future edition
warning: iced-wgpu-patched/Cargo.toml: `lints.clippy.map-entry` is deprecated in favor of `lints.clippy.map_entry` and will not work in a future edition
warning: iced-wgpu-patched/Cargo.toml: `lints.clippy.match-wildcard-for-single-variants` is deprecated in favor of `lints.clippy.match_wildcard_for_single_variants` and will not work in a future edition
warning: iced-wgpu-patched/Cargo.toml: `lints.clippy.redundant-closure-for-method-calls` is deprecated in favor of `lints.clippy.redundant_closure_for_method_calls` and will not work in a future edition
warning: iced-wgpu-patched/Cargo.toml: `lints.clippy.trivially-copy-pass-by-ref` is deprecated in favor of `lints.clippy.trivially_copy_pass_by_ref` and will not work in a future edition
warning: iced-wgpu-patched/Cargo.toml: `lints.clippy.type-complexity` is deprecated in favor of `lints.clippy.type_complexity` and will not work in a future edition
warning: `iced_wgpu` (manifest) generated 6 warnings
    Finished `test` profile [optimized + debuginfo] target(s) in 0.13s
     Running tests/prefork_full_ui.rs (/home/osso/.cache/wow-ui-sim-targets/p601-page/debug/deps/prefork_full_ui-21dd5c807fe7a7b6)
[  0.000s] [Startup] WowLuaEnv::new begin
[  0.002s] [Startup] SimState::default complete in 1.97ms
[  0.002s] [Startup] rilua VM created in 79.49µs
[  0.002s] [Startup] builtin frames initialized in 58.92µs
[  0.002s] [Startup] template registry cleared in 7.71µs
[  0.002s] [Startup] intrinsic templates registered in 5.57µs
[  0.002s] [Startup] initial app_data lua handle installed in 281.00ns
[  0.086s] [Startup] init_lua_state complete in 83.82ms
[  0.086s] [Startup] final app_data lua handle installed in 150.00ns
[  0.086s] [Startup] initial screen globals installed in 54.32µs
[  0.086s] [Startup] WowLuaEnv::new complete
[  1.899s] [Startup] apply_post_load_workarounds: begin
[  1.899s] [Workarounds] starting patch_edit_mode_manager
[  1.900s] [Workarounds] finished patch_edit_mode_manager in 245.86µs
[  1.900s] [Workarounds] starting init_edit_mode_layout
[  1.900s] [EditMode] starting setup_layout_info
[  1.902s] [EditMode] finished setup_layout_info in 2.50ms
[  1.902s] [EditMode] starting apply_system_anchors
[  2.006s] [EditMode] finished apply_system_anchors in 103.57ms
[  2.006s] [EditMode] starting finalize_action_bar_positions
[  2.007s] [EditMode] finished finalize_action_bar_positions in 1.35ms
[  2.007s] [EditMode] starting invoke_anchor_changed_hooks
[  2.007s] [EditMode] finished invoke_anchor_changed_hooks in 321.15µs
[  2.007s] [EditMode] starting fix_action_bar_nan_size
[  2.008s] [EditMode] finished fix_action_bar_nan_size in 31.80µs
[  2.008s] [EditMode] starting fix_action_bar_scale
[  2.008s] [EditMode] finished fix_action_bar_scale in 3.61µs
[  2.008s] [Workarounds] finished init_edit_mode_layout in 107.82ms
[  2.008s] [Workarounds] starting patch_ui_parent_panel_toggles
[  2.008s] [Workarounds] finished patch_ui_parent_panel_toggles in 185.02µs
[  2.008s] [Workarounds] starting patch_uiparent_onupdate_worklists
[  2.008s] [Workarounds] finished patch_uiparent_onupdate_worklists in 77.86µs
[  2.008s] [Workarounds] starting init_chat_type_colors
[  2.008s] [Workarounds] finished init_chat_type_colors in 92.73µs
[  2.008s] [Workarounds] starting patch_chat_voice_button_surface
[  2.008s] [Workarounds] finished patch_chat_voice_button_surface in 89.38µs
[  2.008s] [Workarounds] starting patch_item_socketing_tooltips
[  2.008s] [Workarounds] finished patch_item_socketing_tooltips in 45.10µs
[  2.008s] [Workarounds] starting patch_character_select_selected_name
[  2.008s] [Workarounds] finished patch_character_select_selected_name in 23.29µs
[  2.008s] [Workarounds] starting patch_character_create_defaults
[  2.008s] [Workarounds] finished patch_character_create_defaults in 174.04µs
[  2.008s] [Workarounds] starting patch_character_frame_title_refresh
[  2.013s] [Workarounds] finished patch_character_frame_title_refresh in 4.48ms
[  2.013s] [Workarounds] starting patch_vignette_pin_template
[  2.013s] [Workarounds] finished patch_vignette_pin_template in 68.34µs
[  2.013s] [Workarounds] starting patch_fog_of_war_pin_mixin
[  2.013s] [Workarounds] finished patch_fog_of_war_pin_mixin in 210.66µs
[  2.013s] [Workarounds] starting patch_map_exploration_pin_mixin
[  2.017s] [Workarounds] finished patch_map_exploration_pin_mixin in 4.39ms
[  2.017s] [Workarounds] starting patch_map_canvas_data_provider_attachment
[  2.017s] [Workarounds] finished patch_map_canvas_data_provider_attachment in 48.78µs
[  2.017s] [Workarounds] starting ensure_adventure_map_frame_surface
[  2.018s] [Workarounds] finished ensure_adventure_map_frame_surface in 331.80µs
[  2.018s] [Workarounds] starting patch_action_bar_button_event_fanout
[  2.018s] [Workarounds] finished patch_action_bar_button_event_fanout in 78.29µs
[  2.018s] [Workarounds] starting patch_paging_controls_page_text
[  2.018s] [Workarounds] finished patch_paging_controls_page_text in 30.88µs
[  2.018s] [Workarounds] starting patch_talent_edge_frame_level_sync
[  2.018s] [Workarounds] finished patch_talent_edge_frame_level_sync in 24.02µs
[  2.018s] [Workarounds] starting patch_catalog_shop_product_card_defaults
[  2.018s] [Workarounds] finished patch_catalog_shop_product_card_defaults in 48.86µs
[  2.018s] [Workarounds] starting patch_game_time_defaults
[  2.018s] [Workarounds] finished patch_game_time_defaults in 5.65µs
[  2.018s] [Workarounds] starting patch_tooltip_nineslice_surface
[  2.018s] [Workarounds] finished patch_tooltip_nineslice_surface in 33.54µs
[  2.018s] [Workarounds] starting patch_container_frame_token_tracker
[  2.018s] [Workarounds] finished patch_container_frame_token_tracker in 31.88µs
[  2.018s] [Workarounds] starting patch_achievement_display_set_achievements
[  2.018s] [Workarounds] finished patch_achievement_display_set_achievements in 6.18µs
[  2.018s] [Workarounds] starting patch_housing_dashboard_preload
[  2.018s] [Workarounds] finished patch_housing_dashboard_preload in 123.74µs
[  2.018s] [Workarounds] starting patch_lfg_lock_list
[  2.018s] [Workarounds] finished patch_lfg_lock_list in 24.42µs
[  2.018s] [Workarounds] starting patch_auction_house_browse_results_event
[  2.018s] [Workarounds] finished patch_auction_house_browse_results_event in 50.20µs
[  2.018s] [Workarounds] starting patch_auction_house_search_context_aliases
[  2.018s] [Workarounds] finished patch_auction_house_search_context_aliases in 22.05µs
[  2.018s] [Workarounds] starting patch_auth_challenge_frame_parent
[  2.018s] [Workarounds] finished patch_auth_challenge_frame_parent in 50.20µs
[  2.018s] [Workarounds] starting patch_settings_surface_defaults
[  2.019s] [Workarounds] finished patch_settings_surface_defaults in 280.85µs
[  2.019s] [Workarounds] starting patch_settings_canvas_layout_visibility
[  2.019s] [Workarounds] finished patch_settings_canvas_layout_visibility in 88.31µs
[  2.019s] [Startup] apply_post_load_workarounds: workarounds complete
[  2.064s] [Startup] apply_post_load_workarounds: globals restored
[  2.065s] [Startup] apply_post_load_workarounds: patch 12.1 compatibility restored
[  2.065s] [Startup] apply_post_load_workarounds: seterrorhandler restored
[  2.184s] [Startup] begin login sequence
[  2.184s] [Startup] Firing ADDON_LOADED
[  2.184s] [Startup] Firing VARIABLES_LOADED
[  2.259s] [Startup] Firing DISPLAY_SIZE_CHANGED
[  2.295s] [Startup] Firing UI_SCALE_CHANGED
[  2.296s] [Startup] Firing PLAYER_LOGIN
[  2.296s] [Startup] end login sequence in 112.28ms
[  2.296s] [Startup] begin world enter sequence
[  2.296s] [Startup] Skipping EDIT_MODE_LAYOUTS_UPDATED
[  2.296s] [Startup] Firing TIME_PLAYED_MSG via RequestTimePlayed
[  2.296s] [Startup] Firing PLAYER_ENTERING_WORLD
[  2.474s] [EditMode] starting setup_layout_info
[  2.477s] [EditMode] finished setup_layout_info in 2.93ms
[  2.477s] [EditMode] starting apply_system_anchors
[  2.572s] [EditMode] finished apply_system_anchors in 95.25ms
[  2.572s] [EditMode] starting finalize_action_bar_positions
[  2.573s] [EditMode] finished finalize_action_bar_positions in 1.61ms
[  2.573s] [EditMode] starting invoke_anchor_changed_hooks
[  2.578s] [EditMode] finished invoke_anchor_changed_hooks in 4.34ms
[  2.578s] [EditMode] starting fix_action_bar_nan_size
[  2.578s] [EditMode] finished fix_action_bar_nan_size in 47.85µs
[  2.578s] [EditMode] starting fix_action_bar_scale
[  2.578s] [EditMode] finished fix_action_bar_scale in 3.62µs
[  2.578s] [EditMode] starting reapply_player_frame_anchor
[  2.579s] [EditMode] finished reapply_player_frame_anchor in 1.09ms
[  2.586s] [Startup] end world enter sequence in 289.46ms
[  2.586s] [Startup] begin post-login events
[  2.586s] [Startup] Firing UNIT_AURA
[  2.587s] [Startup] Firing PET_UI_UPDATE
[  2.588s] [Startup] Firing BAG_UPDATE_DELAYED
[  2.589s] [Startup] Firing QUEST_LOG_UPDATE
[  2.590s] [Startup] Firing GROUP_ROSTER_UPDATE
[  2.656s] [Startup] Firing ACTIONBAR_UPDATE_STATE
[  2.656s] [Startup] Firing ACTIONBAR_UPDATE_COOLDOWN
[  2.656s] [Startup] Firing UPDATE_BONUS_ACTIONBAR
[  2.665s] [Startup] Firing PLAYER_CAN_GLIDE_CHANGED
[  2.665s] [Startup] Firing PLAYER_IS_GLIDING_CHANGED
[  2.665s] [Startup] Firing UPDATE_BINDINGS
[  2.668s] [Startup] Firing UPDATE_CHAT_WINDOWS
[  2.670s] [Startup] Firing LFG_UPDATE_RANDOM_INFO
[  2.670s] [Startup] end post-login events in 84.72ms
[  2.670s] [Startup] begin close startup special windows
[  2.671s] [Startup] end close startup special windows in 205.12µs
[  2.671s] [Startup] begin FIRST_FRAME_RENDERED
[  2.671s] [Startup] Firing FIRST_FRAME_RENDERED
[  2.671s] [Startup] end FIRST_FRAME_RENDERED in 120.56µs
[  2.671s] [Startup] begin unblock hidden splash alerts
[  2.671s] [Startup] end unblock hidden splash alerts in 11.02µs
[  2.671s] [Startup] begin post-event workarounds
[  2.671s] [Startup] end post-event workarounds in 892.00ns
running 52 tests
test patch_10_0_0_publication_sweep::patch_10_0_0_animation_probe_factories ... ok
test patch_10_0_2_publication_sweep::patch_10_0_2_publication_sweep ... ok
test patch_10_0_0_publication_sweep::patch_10_0_0_publication_sweep ... ok
test patch_10_0_5_publication_sweep::patch_10_0_5_publication_sweep ... ok
test patch_10_0_7_publication_sweep::patch_10_0_7_publication_sweep ... ok
test patch_10_1_0_publication_sweep::patch_10_1_0_publication_sweep ... ok
test patch_10_1_5_publication_sweep::patch_10_1_5_publication_sweep ... ok
test patch_10_1_7_publication_sweep::patch_10_1_7_publication_sweep ... ok
test patch_10_2_0_publication_sweep::patch_10_2_0_publication_sweep ... ok
test patch_10_2_5_publication_sweep::patch_10_2_5_publication_sweep ... ok
test patch_10_2_6_publication_sweep::patch_10_2_6_publication_sweep ... ok
test patch_10_2_7_publication_sweep::patch_10_2_7_publication_sweep ... ok
test patch_11_0_2_publication_sweep::patch_11_0_2_publication_sweep ... ok
test patch_11_0_5_publication_sweep::patch_11_0_5_publication_sweep ... ok
test patch_11_0_0_publication_sweep::patch_11_0_0_publication_sweep ... ok
test patch_11_0_7_publication_sweep::patch_11_0_7_publication_sweep ... ok
test patch_11_1_0_publication_sweep::patch_11_1_0_publication_sweep ... ok
test patch_11_1_5_publication_sweep::patch_11_1_5_publication_sweep ... ok
test patch_11_1_7_publication_sweep::patch_11_1_7_publication_sweep ... ok
test patch_11_2_0_publication_sweep::patch_11_2_0_publication_sweep ... ok
test patch_11_2_5_publication_sweep::patch_11_2_5_publication_sweep ... ok
test patch_11_2_7_publication_sweep::patch_11_2_7_publication_sweep ... ok
test patch_12_0_0_publication_sweep::patch_12_0_0_publication_sweep ... ok
test patch_12_0_1_publication_sweep::patch_12_0_1_publication_sweep ... ok
test patch_12_0_7_publication_sweep::patch_12_0_7_publication_sweep ... ok
test patch_12_0_5_publication_sweep::patch_12_0_5_publication_sweep ... ok
test patch_6_0_1_publication_sweep::patch_6_0_1_publication_sweep ... FAILED (panic: parse known-gap IDs: Error("invalid type: map, expected a sequence", line: 1, column: 0))
---- patch_6_0_1_publication_sweep::patch_6_0_1_publication_sweep stderr ----

thread 'main' (2986520) panicked at /home/osso/.worktrees/wow-ui-sim-p601-page/tests/common/publication_sweep.rs:486:47:
parse known-gap IDs: Error("invalid type: map, expected a sequence", line: 1, column: 0)
note: run with `RUST_BACKTRACE=1` environment variable to display a backtrace
test patch_6_2_2_publication_sweep::patch_6_2_2_publication_sweep ... ok
test patch_6_2_4_publication_sweep::patch_6_2_4_publication_sweep ... ok
test patch_12_1_0_publication_sweep::patch_12_1_0_publication_sweep ... ok
test patch_7_0_1_publication_sweep::patch_7_0_1_publication_sweep ... ok
test patch_7_1_0_publication_sweep::patch_7_1_0_publication_sweep ... ok
test patch_7_0_3_publication_sweep::patch_7_0_3_publication_sweep ... ok
test patch_7_2_0_publication_sweep::patch_7_2_0_publication_sweep ... ok
test patch_7_2_5_publication_sweep::patch_7_2_5_publication_sweep ... ok
test patch_7_3_0_publication_sweep::patch_7_3_0_publication_sweep ... ok
test patch_7_3_2_publication_sweep::patch_7_3_2_publication_sweep ... ok
test patch_8_0_1_publication_sweep::patch_8_0_1_publication_sweep ... ok
test patch_8_1_0_publication_sweep::patch_8_1_0_publication_sweep ... ok
test patch_8_1_5_publication_sweep::patch_8_1_5_publication_sweep ... ok
test patch_8_2_0_publication_sweep::patch_8_2_0_publication_sweep ... ok
test patch_8_2_5_publication_sweep::patch_8_2_5_publication_sweep ... ok
test patch_8_3_7_publication_sweep::patch_8_3_7_publication_sweep ... ok
test patch_8_3_0_publication_sweep::patch_8_3_0_publication_sweep ... ok
test patch_9_0_2_publication_sweep::patch_9_0_2_publication_sweep ... ok
test patch_9_0_5_publication_sweep::patch_9_0_5_publication_sweep ... ok
test patch_9_0_1_publication_sweep::patch_9_0_1_publication_sweep ... ok
test patch_9_1_0_publication_sweep::patch_9_1_0_publication_sweep ... ok
test patch_9_2_0_publication_sweep::patch_9_2_0_publication_sweep ... ok
test patch_9_1_5_publication_sweep::patch_9_1_5_publication_sweep ... ok
test patch_9_2_7_publication_sweep::patch_9_2_7_publication_sweep ... ok
test patch_9_2_5_publication_sweep::patch_9_2_5_publication_sweep ... ok

test result: FAILED. 51 passed; 1 failed; 52 total
error: test failed, to rerun pass `--test prefork_full_ui`

Caused by:
  process didn't exit successfully: `/home/osso/.cache/wow-ui-sim-targets/p601-page/debug/deps/prefork_full_ui-21dd5c807fe7a7b6 publication_sweep` (exit status: 1)
