warning: iced-wgpu-patched/Cargo.toml: `lints.clippy.large-enum-variant` is deprecated in favor of `lints.clippy.large_enum_variant` and will not work in a future edition
warning: iced-wgpu-patched/Cargo.toml: `lints.clippy.map-entry` is deprecated in favor of `lints.clippy.map_entry` and will not work in a future edition
warning: iced-wgpu-patched/Cargo.toml: `lints.clippy.match-wildcard-for-single-variants` is deprecated in favor of `lints.clippy.match_wildcard_for_single_variants` and will not work in a future edition
warning: iced-wgpu-patched/Cargo.toml: `lints.clippy.redundant-closure-for-method-calls` is deprecated in favor of `lints.clippy.redundant_closure_for_method_calls` and will not work in a future edition
warning: iced-wgpu-patched/Cargo.toml: `lints.clippy.trivially-copy-pass-by-ref` is deprecated in favor of `lints.clippy.trivially_copy_pass_by_ref` and will not work in a future edition
warning: iced-wgpu-patched/Cargo.toml: `lints.clippy.type-complexity` is deprecated in favor of `lints.clippy.type_complexity` and will not work in a future edition
warning: `iced_wgpu` (manifest) generated 6 warnings
   Compiling wow-ui-sim v0.1.0 (/home/osso/.worktrees/wow-ui-sim-p510-page)
    Finished `test` profile [optimized + debuginfo] target(s) in 4m 45s
     Running tests/prefork_full_ui.rs (/home/osso/.cache/wow-ui-sim-targets/p510-page/debug/deps/prefork_full_ui-21dd5c807fe7a7b6)
[  0.000s] [Startup] WowLuaEnv::new begin
[  0.005s] [Startup] SimState::default complete in 5.03ms
[  0.005s] [Startup] rilua VM created in 179.95µs
[  0.006s] [Startup] builtin frames initialized in 192.26µs
[  0.006s] [Startup] template registry cleared in 23.50µs
[  0.006s] [Startup] intrinsic templates registered in 20.37µs
[  0.006s] [Startup] initial app_data lua handle installed in 1.08µs
[  0.254s] [Startup] init_lua_state complete in 248.52ms
[  0.254s] [Startup] final app_data lua handle installed in 461.00ns
[  0.254s] [Startup] initial screen globals installed in 138.26µs
[  0.254s] [Startup] WowLuaEnv::new complete
[  3.984s] [Startup] apply_post_load_workarounds: begin
[  3.984s] [Workarounds] starting patch_edit_mode_manager
[  3.984s] [Workarounds] finished patch_edit_mode_manager in 329.76µs
[  3.984s] [Workarounds] starting init_edit_mode_layout
[  3.984s] [EditMode] starting setup_layout_info
[  3.988s] [EditMode] finished setup_layout_info in 3.85ms
[  3.988s] [EditMode] starting apply_system_anchors
[  4.168s] [EditMode] finished apply_system_anchors in 179.64ms
[  4.168s] [EditMode] starting finalize_action_bar_positions
[  4.170s] [EditMode] finished finalize_action_bar_positions in 2.72ms
[  4.170s] [EditMode] starting invoke_anchor_changed_hooks
[  4.171s] [EditMode] finished invoke_anchor_changed_hooks in 650.26µs
[  4.171s] [EditMode] starting fix_action_bar_nan_size
[  4.171s] [EditMode] finished fix_action_bar_nan_size in 62.88µs
[  4.171s] [EditMode] starting fix_action_bar_scale
[  4.171s] [EditMode] finished fix_action_bar_scale in 5.65µs
[  4.171s] [Workarounds] finished init_edit_mode_layout in 187.02ms
[  4.171s] [Workarounds] starting patch_ui_parent_panel_toggles
[  4.171s] [Workarounds] finished patch_ui_parent_panel_toggles in 260.82µs
[  4.171s] [Workarounds] starting patch_uiparent_onupdate_worklists
[  4.172s] [Workarounds] finished patch_uiparent_onupdate_worklists in 105.26µs
[  4.172s] [Workarounds] starting init_chat_type_colors
[  4.172s] [Workarounds] finished init_chat_type_colors in 140.83µs
[  4.172s] [Workarounds] starting patch_chat_voice_button_surface
[  4.172s] [Workarounds] finished patch_chat_voice_button_surface in 145.70µs
[  4.172s] [Workarounds] starting patch_item_socketing_tooltips
[  4.172s] [Workarounds] finished patch_item_socketing_tooltips in 67.34µs
[  4.172s] [Workarounds] starting patch_character_select_selected_name
[  4.172s] [Workarounds] finished patch_character_select_selected_name in 33.44µs
[  4.172s] [Workarounds] starting patch_character_create_defaults
[  4.172s] [Workarounds] finished patch_character_create_defaults in 239.68µs
[  4.172s] [Workarounds] starting patch_character_frame_title_refresh
[  4.179s] [Workarounds] finished patch_character_frame_title_refresh in 6.56ms
[  4.179s] [Workarounds] starting patch_vignette_pin_template
[  4.179s] [Workarounds] finished patch_vignette_pin_template in 220.22µs
[  4.179s] [Workarounds] starting patch_fog_of_war_pin_mixin
[  4.179s] [Workarounds] finished patch_fog_of_war_pin_mixin in 318.30µs
[  4.179s] [Workarounds] starting patch_map_exploration_pin_mixin
[  4.185s] [Workarounds] finished patch_map_exploration_pin_mixin in 6.08ms
[  4.185s] [Workarounds] starting patch_map_canvas_data_provider_attachment
[  4.186s] [Workarounds] finished patch_map_canvas_data_provider_attachment in 109.69µs
[  4.186s] [Workarounds] starting ensure_adventure_map_frame_surface
[  4.186s] [Workarounds] finished ensure_adventure_map_frame_surface in 535.77µs
[  4.186s] [Workarounds] starting patch_action_bar_button_event_fanout
[  4.186s] [Workarounds] finished patch_action_bar_button_event_fanout in 123.44µs
[  4.186s] [Workarounds] starting patch_paging_controls_page_text
[  4.186s] [Workarounds] finished patch_paging_controls_page_text in 42.29µs
[  4.186s] [Workarounds] starting patch_talent_edge_frame_level_sync
[  4.186s] [Workarounds] finished patch_talent_edge_frame_level_sync in 32.31µs
[  4.186s] [Workarounds] starting patch_catalog_shop_product_card_defaults
[  4.186s] [Workarounds] finished patch_catalog_shop_product_card_defaults in 67.09µs
[  4.186s] [Workarounds] starting patch_game_time_defaults
[  4.186s] [Workarounds] finished patch_game_time_defaults in 8.34µs
[  4.186s] [Workarounds] starting patch_tooltip_nineslice_surface
[  4.186s] [Workarounds] finished patch_tooltip_nineslice_surface in 45.08µs
[  4.186s] [Workarounds] starting patch_container_frame_token_tracker
[  4.186s] [Workarounds] finished patch_container_frame_token_tracker in 43.25µs
[  4.186s] [Workarounds] starting patch_achievement_display_set_achievements
[  4.186s] [Workarounds] finished patch_achievement_display_set_achievements in 8.69µs
[  4.186s] [Workarounds] starting patch_housing_dashboard_preload
[  4.187s] [Workarounds] finished patch_housing_dashboard_preload in 190.95µs
[  4.187s] [Workarounds] starting patch_lfg_lock_list
[  4.187s] [Workarounds] finished patch_lfg_lock_list in 42.04µs
[  4.187s] [Workarounds] starting patch_auction_house_browse_results_event
[  4.187s] [Workarounds] finished patch_auction_house_browse_results_event in 66.70µs
[  4.187s] [Workarounds] starting patch_auction_house_search_context_aliases
[  4.187s] [Workarounds] finished patch_auction_house_search_context_aliases in 29.28µs
[  4.187s] [Workarounds] starting patch_auth_challenge_frame_parent
[  4.187s] [Workarounds] finished patch_auth_challenge_frame_parent in 78.24µs
[  4.187s] [Workarounds] starting patch_settings_surface_defaults
[  4.187s] [Workarounds] finished patch_settings_surface_defaults in 391.68µs
[  4.187s] [Workarounds] starting patch_settings_canvas_layout_visibility
[  4.187s] [Workarounds] finished patch_settings_canvas_layout_visibility in 118.08µs
[  4.187s] [Startup] apply_post_load_workarounds: workarounds complete
[  4.272s] [Startup] apply_post_load_workarounds: globals restored
[  4.273s] [Startup] apply_post_load_workarounds: patch 12.1 compatibility restored
[  4.273s] [Startup] apply_post_load_workarounds: seterrorhandler restored
[  4.526s] [Startup] begin login sequence
[  4.526s] [Startup] Firing ADDON_LOADED
[  4.526s] [Startup] Firing VARIABLES_LOADED
[  4.676s] [Startup] Firing DISPLAY_SIZE_CHANGED
[  4.758s] [Startup] Firing UI_SCALE_CHANGED
[  4.759s] [Startup] Firing PLAYER_LOGIN
[  4.759s] [Startup] end login sequence in 233.13ms
[  4.759s] [Startup] begin world enter sequence
[  4.759s] [Startup] Skipping EDIT_MODE_LAYOUTS_UPDATED
[  4.759s] [Startup] Firing TIME_PLAYED_MSG via RequestTimePlayed
[  4.759s] [Startup] Firing PLAYER_ENTERING_WORLD
[  5.143s] [EditMode] starting setup_layout_info
[  5.149s] [EditMode] finished setup_layout_info in 5.70ms
[  5.149s] [EditMode] starting apply_system_anchors
[  5.358s] [EditMode] finished apply_system_anchors in 209.29ms
[  5.358s] [EditMode] starting finalize_action_bar_positions
[  5.363s] [EditMode] finished finalize_action_bar_positions in 4.91ms
[  5.363s] [EditMode] starting invoke_anchor_changed_hooks
[  5.372s] [EditMode] finished invoke_anchor_changed_hooks in 9.27ms
[  5.372s] [EditMode] starting fix_action_bar_nan_size
[  5.372s] [EditMode] finished fix_action_bar_nan_size in 108.50µs
[  5.372s] [EditMode] starting fix_action_bar_scale
[  5.372s] [EditMode] finished fix_action_bar_scale in 6.31µs
[  5.372s] [EditMode] starting reapply_player_frame_anchor
[  5.374s] [EditMode] finished reapply_player_frame_anchor in 2.02ms
[  5.385s] [Startup] end world enter sequence in 626.27ms
[  5.385s] [Startup] begin post-login events
[  5.387s] [Startup] Firing UNIT_AURA
[  5.388s] [Startup] Firing PET_UI_UPDATE
[  5.391s] [Startup] Firing BAG_UPDATE_DELAYED
[  5.393s] [Startup] Firing QUEST_LOG_UPDATE
[  5.394s] [Startup] Firing GROUP_ROSTER_UPDATE
[  5.575s] [Startup] Firing ACTIONBAR_UPDATE_STATE
[  5.575s] [Startup] Firing ACTIONBAR_UPDATE_COOLDOWN
[  5.578s] [Startup] Firing UPDATE_BONUS_ACTIONBAR
[  5.623s] [Startup] Firing PLAYER_CAN_GLIDE_CHANGED
[  5.623s] [Startup] Firing PLAYER_IS_GLIDING_CHANGED
[  5.623s] [Startup] Firing UPDATE_BINDINGS
[  5.628s] [Startup] Firing UPDATE_CHAT_WINDOWS
[  5.634s] [Startup] Firing LFG_UPDATE_RANDOM_INFO
[  5.636s] [Startup] end post-login events in 250.48ms
[  5.636s] [Startup] begin close startup special windows
[  5.636s] [Startup] end close startup special windows in 503.55µs
[  5.636s] [Startup] begin FIRST_FRAME_RENDERED
[  5.636s] [Startup] Firing FIRST_FRAME_RENDERED
[  5.637s] [Startup] end FIRST_FRAME_RENDERED in 329.06µs
[  5.637s] [Startup] begin unblock hidden splash alerts
[  5.637s] [Startup] end unblock hidden splash alerts in 25.71µs
[  5.637s] [Startup] begin post-event workarounds
[  5.637s] [Startup] end post-event workarounds in 1.99µs
running 1 tests
test patch_5_1_0_publication_sweep::patch_5_1_0_publication_sweep ... FAILED (panic: assertion `left == right` failed: new gaps: ["wt-global-api-HasVehicleActionBar-11"]; resolved/stale gaps: []
  left: {"diff-wt-framexml-ShowFriendshipReputationTooltip-54", "diff-wt-global-api-C_LossOfControl.GetEventInfo-10", "diff-wt-global-api-C_LossOfControl.GetNumEvents-11", "diff-wt-global-api-C_PetJournal.FindPetIDByName-12", "diff-wt-global-api-C_PetJournal.GetOwnedBattlePetString-14", "diff-wt-global-api-C_PetJournal.GetPetTeamAverageLevel-16", "diff-wt-global-api-FlyoutHasSpell-21", "diff-wt-global-api-GetHomePartyInfo-24", "diff-wt-global-api-InActiveBattlefield-27", "diff-wt-global-api-IsLFGComplete-28", "diff-wt-global-api-IsTradeSkillRepeating-29", "diff-wt-global-api-PickupPetSpell-30", "diff-wt-global-api-SetTradeSkillRepeatCount-31", "diff-wt-global-api-UnitBattlePetSpeciesID-32", "diff-wt-widgets-Path:GetControlPoints-94", "wt-global-api-HasOverrideUI-14", "wt-global-api-HasVehicleActionBar-11", "wt-global-api-UnitBattlePetSpeciesID-9"}
 right: {"diff-wt-framexml-ShowFriendshipReputationTooltip-54", "diff-wt-global-api-C_LossOfControl.GetEventInfo-10", "diff-wt-global-api-C_LossOfControl.GetNumEvents-11", "diff-wt-global-api-C_PetJournal.FindPetIDByName-12", "diff-wt-global-api-C_PetJournal.GetOwnedBattlePetString-14", "diff-wt-global-api-C_PetJournal.GetPetTeamAverageLevel-16", "diff-wt-global-api-FlyoutHasSpell-21", "diff-wt-global-api-GetHomePartyInfo-24", "diff-wt-global-api-InActiveBattlefield-27", "diff-wt-global-api-IsLFGComplete-28", "diff-wt-global-api-IsTradeSkillRepeating-29", "diff-wt-global-api-PickupPetSpell-30", "diff-wt-global-api-SetTradeSkillRepeatCount-31", "diff-wt-global-api-UnitBattlePetSpeciesID-32", "diff-wt-widgets-Path:GetControlPoints-94", "wt-global-api-HasOverrideUI-14", "wt-global-api-UnitBattlePetSpeciesID-9"})
---- patch_5_1_0_publication_sweep::patch_5_1_0_publication_sweep stderr ----

thread 'main' (3983549) panicked at /home/osso/.worktrees/wow-ui-sim-p510-page/tests/common/publication_sweep.rs:544:5:
assertion `left == right` failed: new gaps: ["wt-global-api-HasVehicleActionBar-11"]; resolved/stale gaps: []
  left: {"diff-wt-framexml-ShowFriendshipReputationTooltip-54", "diff-wt-global-api-C_LossOfControl.GetEventInfo-10", "diff-wt-global-api-C_LossOfControl.GetNumEvents-11", "diff-wt-global-api-C_PetJournal.FindPetIDByName-12", "diff-wt-global-api-C_PetJournal.GetOwnedBattlePetString-14", "diff-wt-global-api-C_PetJournal.GetPetTeamAverageLevel-16", "diff-wt-global-api-FlyoutHasSpell-21", "diff-wt-global-api-GetHomePartyInfo-24", "diff-wt-global-api-InActiveBattlefield-27", "diff-wt-global-api-IsLFGComplete-28", "diff-wt-global-api-IsTradeSkillRepeating-29", "diff-wt-global-api-PickupPetSpell-30", "diff-wt-global-api-SetTradeSkillRepeatCount-31", "diff-wt-global-api-UnitBattlePetSpeciesID-32", "diff-wt-widgets-Path:GetControlPoints-94", "wt-global-api-HasOverrideUI-14", "wt-global-api-HasVehicleActionBar-11", "wt-global-api-UnitBattlePetSpeciesID-9"}
 right: {"diff-wt-framexml-ShowFriendshipReputationTooltip-54", "diff-wt-global-api-C_LossOfControl.GetEventInfo-10", "diff-wt-global-api-C_LossOfControl.GetNumEvents-11", "diff-wt-global-api-C_PetJournal.FindPetIDByName-12", "diff-wt-global-api-C_PetJournal.GetOwnedBattlePetString-14", "diff-wt-global-api-C_PetJournal.GetPetTeamAverageLevel-16", "diff-wt-global-api-FlyoutHasSpell-21", "diff-wt-global-api-GetHomePartyInfo-24", "diff-wt-global-api-InActiveBattlefield-27", "diff-wt-global-api-IsLFGComplete-28", "diff-wt-global-api-IsTradeSkillRepeating-29", "diff-wt-global-api-PickupPetSpell-30", "diff-wt-global-api-SetTradeSkillRepeatCount-31", "diff-wt-global-api-UnitBattlePetSpeciesID-32", "diff-wt-widgets-Path:GetControlPoints-94", "wt-global-api-HasOverrideUI-14", "wt-global-api-UnitBattlePetSpeciesID-9"}
note: run with `RUST_BACKTRACE=1` environment variable to display a backtrace

test result: FAILED. 0 passed; 1 failed; 1 total
error: test failed, to rerun pass `--test prefork_full_ui`

Caused by:
  process didn't exit successfully: `/home/osso/.cache/wow-ui-sim-targets/p510-page/debug/deps/prefork_full_ui-21dd5c807fe7a7b6 patch_5_1_0_publication_sweep` (exit status: 1)
