warning: iced-wgpu-patched/Cargo.toml: `lints.clippy.large-enum-variant` is deprecated in favor of `lints.clippy.large_enum_variant` and will not work in a future edition
warning: iced-wgpu-patched/Cargo.toml: `lints.clippy.map-entry` is deprecated in favor of `lints.clippy.map_entry` and will not work in a future edition
warning: iced-wgpu-patched/Cargo.toml: `lints.clippy.match-wildcard-for-single-variants` is deprecated in favor of `lints.clippy.match_wildcard_for_single_variants` and will not work in a future edition
warning: iced-wgpu-patched/Cargo.toml: `lints.clippy.redundant-closure-for-method-calls` is deprecated in favor of `lints.clippy.redundant_closure_for_method_calls` and will not work in a future edition
warning: iced-wgpu-patched/Cargo.toml: `lints.clippy.trivially-copy-pass-by-ref` is deprecated in favor of `lints.clippy.trivially_copy_pass_by_ref` and will not work in a future edition
warning: iced-wgpu-patched/Cargo.toml: `lints.clippy.type-complexity` is deprecated in favor of `lints.clippy.type_complexity` and will not work in a future edition
warning: `iced_wgpu` (manifest) generated 6 warnings
    Finished `test` profile [optimized + debuginfo] target(s) in 0.72s
     Running tests/prefork_full_ui.rs (/home/osso/.cache/wow-ui-sim-targets/p510-page/debug/deps/prefork_full_ui-21dd5c807fe7a7b6)
[  0.000s] [Startup] WowLuaEnv::new begin
[  0.004s] [Startup] SimState::default complete in 3.60ms
[  0.004s] [Startup] rilua VM created in 177.84µs
[  0.004s] [Startup] builtin frames initialized in 152.84µs
[  0.004s] [Startup] template registry cleared in 13.10µs
[  0.004s] [Startup] intrinsic templates registered in 12.41µs
[  0.004s] [Startup] initial app_data lua handle installed in 912.00ns
[  0.376s] [Startup] init_lua_state complete in 371.81ms
[  0.376s] [Startup] final app_data lua handle installed in 1.26µs
[  0.376s] [Startup] initial screen globals installed in 330.93µs
[  0.376s] [Startup] WowLuaEnv::new complete
[  4.856s] [Startup] apply_post_load_workarounds: begin
[  4.856s] [Workarounds] starting patch_edit_mode_manager
[  4.857s] [Workarounds] finished patch_edit_mode_manager in 513.50µs
[  4.857s] [Workarounds] starting init_edit_mode_layout
[  4.857s] [EditMode] starting setup_layout_info
[  4.864s] [EditMode] finished setup_layout_info in 7.47ms
[  4.864s] [EditMode] starting apply_system_anchors
[  5.151s] [EditMode] finished apply_system_anchors in 286.06ms
[  5.151s] [EditMode] starting finalize_action_bar_positions
[  5.155s] [EditMode] finished finalize_action_bar_positions in 4.81ms
[  5.155s] [EditMode] starting invoke_anchor_changed_hooks
[  5.156s] [EditMode] finished invoke_anchor_changed_hooks in 1.01ms
[  5.156s] [EditMode] starting fix_action_bar_nan_size
[  5.157s] [EditMode] finished fix_action_bar_nan_size in 118.66µs
[  5.157s] [EditMode] starting fix_action_bar_scale
[  5.157s] [EditMode] finished fix_action_bar_scale in 12.16µs
[  5.157s] [Workarounds] finished init_edit_mode_layout in 299.72ms
[  5.157s] [Workarounds] starting patch_ui_parent_panel_toggles
[  5.157s] [Workarounds] finished patch_ui_parent_panel_toggles in 411.63µs
[  5.157s] [Workarounds] starting patch_uiparent_onupdate_worklists
[  5.157s] [Workarounds] finished patch_uiparent_onupdate_worklists in 169.67µs
[  5.157s] [Workarounds] starting init_chat_type_colors
[  5.158s] [Workarounds] finished init_chat_type_colors in 262.36µs
[  5.158s] [Workarounds] starting patch_chat_voice_button_surface
[  5.158s] [Workarounds] finished patch_chat_voice_button_surface in 254.41µs
[  5.158s] [Workarounds] starting patch_item_socketing_tooltips
[  5.158s] [Workarounds] finished patch_item_socketing_tooltips in 115.93µs
[  5.158s] [Workarounds] starting patch_character_select_selected_name
[  5.158s] [Workarounds] finished patch_character_select_selected_name in 58.39µs
[  5.158s] [Workarounds] starting patch_character_create_defaults
[  5.158s] [Workarounds] finished patch_character_create_defaults in 393.78µs
[  5.158s] [Workarounds] starting patch_character_frame_title_refresh
[  5.170s] [Workarounds] finished patch_character_frame_title_refresh in 11.17ms
[  5.170s] [Workarounds] starting patch_vignette_pin_template
[  5.170s] [Workarounds] finished patch_vignette_pin_template in 300.26µs
[  5.170s] [Workarounds] starting patch_fog_of_war_pin_mixin
[  5.171s] [Workarounds] finished patch_fog_of_war_pin_mixin in 619.71µs
[  5.171s] [Workarounds] starting patch_map_exploration_pin_mixin
[  5.181s] [Workarounds] finished patch_map_exploration_pin_mixin in 10.09ms
[  5.181s] [Workarounds] starting patch_map_canvas_data_provider_attachment
[  5.181s] [Workarounds] finished patch_map_canvas_data_provider_attachment in 219.40µs
[  5.181s] [Workarounds] starting ensure_adventure_map_frame_surface
[  5.182s] [Workarounds] finished ensure_adventure_map_frame_surface in 1.11ms
[  5.182s] [Workarounds] starting patch_action_bar_button_event_fanout
[  5.182s] [Workarounds] finished patch_action_bar_button_event_fanout in 258.21µs
[  5.182s] [Workarounds] starting patch_paging_controls_page_text
[  5.183s] [Workarounds] finished patch_paging_controls_page_text in 96.01µs
[  5.183s] [Workarounds] starting patch_talent_edge_frame_level_sync
[  5.183s] [Workarounds] finished patch_talent_edge_frame_level_sync in 49.24µs
[  5.183s] [Workarounds] starting patch_catalog_shop_product_card_defaults
[  5.183s] [Workarounds] finished patch_catalog_shop_product_card_defaults in 100.16µs
[  5.183s] [Workarounds] starting patch_game_time_defaults
[  5.183s] [Workarounds] finished patch_game_time_defaults in 14.64µs
[  5.183s] [Workarounds] starting patch_tooltip_nineslice_surface
[  5.183s] [Workarounds] finished patch_tooltip_nineslice_surface in 80.87µs
[  5.183s] [Workarounds] starting patch_container_frame_token_tracker
[  5.183s] [Workarounds] finished patch_container_frame_token_tracker in 66.55µs
[  5.183s] [Workarounds] starting patch_achievement_display_set_achievements
[  5.183s] [Workarounds] finished patch_achievement_display_set_achievements in 13.46µs
[  5.183s] [Workarounds] starting patch_housing_dashboard_preload
[  5.183s] [Workarounds] finished patch_housing_dashboard_preload in 307.32µs
[  5.183s] [Workarounds] starting patch_lfg_lock_list
[  5.183s] [Workarounds] finished patch_lfg_lock_list in 91.17µs
[  5.183s] [Workarounds] starting patch_auction_house_browse_results_event
[  5.183s] [Workarounds] finished patch_auction_house_browse_results_event in 120.75µs
[  5.183s] [Workarounds] starting patch_auction_house_search_context_aliases
[  5.184s] [Workarounds] finished patch_auction_house_search_context_aliases in 50.75µs
[  5.184s] [Workarounds] starting patch_auth_challenge_frame_parent
[  5.184s] [Workarounds] finished patch_auth_challenge_frame_parent in 150.14µs
[  5.184s] [Workarounds] starting patch_settings_surface_defaults
[  5.184s] [Workarounds] finished patch_settings_surface_defaults in 773.72µs
[  5.184s] [Workarounds] starting patch_settings_canvas_layout_visibility
[  5.185s] [Workarounds] finished patch_settings_canvas_layout_visibility in 194.70µs
[  5.185s] [Startup] apply_post_load_workarounds: workarounds complete
[  5.314s] [Startup] apply_post_load_workarounds: globals restored
[  5.314s] [Startup] apply_post_load_workarounds: patch 12.1 compatibility restored
[  5.314s] [Startup] apply_post_load_workarounds: seterrorhandler restored
[  5.656s] [Startup] begin login sequence
[  5.656s] [Startup] Firing ADDON_LOADED
[  5.656s] [Startup] Firing VARIABLES_LOADED
[  5.825s] [Startup] Firing DISPLAY_SIZE_CHANGED
[  5.896s] [Startup] Firing UI_SCALE_CHANGED
[  5.898s] [Startup] Firing PLAYER_LOGIN
[  5.898s] [Startup] end login sequence in 242.42ms
[  5.898s] [Startup] begin world enter sequence
[  5.898s] [Startup] Skipping EDIT_MODE_LAYOUTS_UPDATED
[  5.898s] [Startup] Firing TIME_PLAYED_MSG via RequestTimePlayed
[  5.898s] [Startup] Firing PLAYER_ENTERING_WORLD
[  6.435s] [EditMode] starting setup_layout_info
[  6.444s] [EditMode] finished setup_layout_info in 8.78ms
[  6.444s] [EditMode] starting apply_system_anchors
[  6.687s] [EditMode] finished apply_system_anchors in 242.80ms
[  6.687s] [EditMode] starting finalize_action_bar_positions
[  6.692s] [EditMode] finished finalize_action_bar_positions in 5.04ms
[  6.692s] [EditMode] starting invoke_anchor_changed_hooks
[  6.702s] [EditMode] finished invoke_anchor_changed_hooks in 10.44ms
[  6.702s] [EditMode] starting fix_action_bar_nan_size
[  6.702s] [EditMode] finished fix_action_bar_nan_size in 164.37µs
[  6.702s] [EditMode] starting fix_action_bar_scale
[  6.702s] [EditMode] finished fix_action_bar_scale in 12.60µs
[  6.702s] [EditMode] starting reapply_player_frame_anchor
[  6.705s] [EditMode] finished reapply_player_frame_anchor in 2.33ms
[  6.717s] [Startup] end world enter sequence in 818.70ms
[  6.717s] [Startup] begin post-login events
[  6.718s] [Startup] Firing UNIT_AURA
[  6.720s] [Startup] Firing PET_UI_UPDATE
[  6.725s] [Startup] Firing BAG_UPDATE_DELAYED
[  6.727s] [Startup] Firing QUEST_LOG_UPDATE
[  6.728s] [Startup] Firing GROUP_ROSTER_UPDATE
[  6.883s] [Startup] Firing ACTIONBAR_UPDATE_STATE
[  6.883s] [Startup] Firing ACTIONBAR_UPDATE_COOLDOWN
[  6.885s] [Startup] Firing UPDATE_BONUS_ACTIONBAR
[  6.914s] [Startup] Firing PLAYER_CAN_GLIDE_CHANGED
[  6.914s] [Startup] Firing PLAYER_IS_GLIDING_CHANGED
[  6.914s] [Startup] Firing UPDATE_BINDINGS
[  6.919s] [Startup] Firing UPDATE_CHAT_WINDOWS
[  6.924s] [Startup] Firing LFG_UPDATE_RANDOM_INFO
[  6.925s] [Startup] end post-login events in 208.63ms
[  6.925s] [Startup] begin close startup special windows
[  6.926s] [Startup] end close startup special windows in 491.36µs
[  6.926s] [Startup] begin FIRST_FRAME_RENDERED
[  6.926s] [Startup] Firing FIRST_FRAME_RENDERED
[  6.926s] [Startup] end FIRST_FRAME_RENDERED in 362.21µs
[  6.926s] [Startup] begin unblock hidden splash alerts
[  6.926s] [Startup] end unblock hidden splash alerts in 27.87µs
[  6.926s] [Startup] begin post-event workarounds
[  6.926s] [Startup] end post-event workarounds in 1.85µs
running 1 tests
test patch_5_1_0_publication_sweep::patch_5_1_0_publication_sweep ... FAILED (panic: assertion `left == right` failed: new gaps: ["wt-global-api-HasVehicleActionBar-11"]; resolved/stale gaps: []
  left: {"diff-wt-framexml-ShowFriendshipReputationTooltip-54", "diff-wt-global-api-C_LossOfControl.GetEventInfo-10", "diff-wt-global-api-C_LossOfControl.GetNumEvents-11", "diff-wt-global-api-C_PetJournal.FindPetIDByName-12", "diff-wt-global-api-C_PetJournal.GetOwnedBattlePetString-14", "diff-wt-global-api-C_PetJournal.GetPetTeamAverageLevel-16", "diff-wt-global-api-FlyoutHasSpell-21", "diff-wt-global-api-GetHomePartyInfo-24", "diff-wt-global-api-InActiveBattlefield-27", "diff-wt-global-api-IsLFGComplete-28", "diff-wt-global-api-IsTradeSkillRepeating-29", "diff-wt-global-api-PickupPetSpell-30", "diff-wt-global-api-SetTradeSkillRepeatCount-31", "diff-wt-global-api-UnitBattlePetSpeciesID-32", "diff-wt-widgets-Path:GetControlPoints-94", "wt-global-api-HasOverrideUI-14", "wt-global-api-HasVehicleActionBar-11", "wt-global-api-UnitBattlePetSpeciesID-9"}
 right: {"diff-wt-framexml-ShowFriendshipReputationTooltip-54", "diff-wt-global-api-C_LossOfControl.GetEventInfo-10", "diff-wt-global-api-C_LossOfControl.GetNumEvents-11", "diff-wt-global-api-C_PetJournal.FindPetIDByName-12", "diff-wt-global-api-C_PetJournal.GetOwnedBattlePetString-14", "diff-wt-global-api-C_PetJournal.GetPetTeamAverageLevel-16", "diff-wt-global-api-FlyoutHasSpell-21", "diff-wt-global-api-GetHomePartyInfo-24", "diff-wt-global-api-InActiveBattlefield-27", "diff-wt-global-api-IsLFGComplete-28", "diff-wt-global-api-IsTradeSkillRepeating-29", "diff-wt-global-api-PickupPetSpell-30", "diff-wt-global-api-SetTradeSkillRepeatCount-31", "diff-wt-global-api-UnitBattlePetSpeciesID-32", "diff-wt-widgets-Path:GetControlPoints-94", "wt-global-api-HasOverrideUI-14", "wt-global-api-UnitBattlePetSpeciesID-9"})
---- patch_5_1_0_publication_sweep::patch_5_1_0_publication_sweep stderr ----

thread 'main' (3764137) panicked at /home/osso/.worktrees/wow-ui-sim-p510-page/tests/common/publication_sweep.rs:544:5:
assertion `left == right` failed: new gaps: ["wt-global-api-HasVehicleActionBar-11"]; resolved/stale gaps: []
  left: {"diff-wt-framexml-ShowFriendshipReputationTooltip-54", "diff-wt-global-api-C_LossOfControl.GetEventInfo-10", "diff-wt-global-api-C_LossOfControl.GetNumEvents-11", "diff-wt-global-api-C_PetJournal.FindPetIDByName-12", "diff-wt-global-api-C_PetJournal.GetOwnedBattlePetString-14", "diff-wt-global-api-C_PetJournal.GetPetTeamAverageLevel-16", "diff-wt-global-api-FlyoutHasSpell-21", "diff-wt-global-api-GetHomePartyInfo-24", "diff-wt-global-api-InActiveBattlefield-27", "diff-wt-global-api-IsLFGComplete-28", "diff-wt-global-api-IsTradeSkillRepeating-29", "diff-wt-global-api-PickupPetSpell-30", "diff-wt-global-api-SetTradeSkillRepeatCount-31", "diff-wt-global-api-UnitBattlePetSpeciesID-32", "diff-wt-widgets-Path:GetControlPoints-94", "wt-global-api-HasOverrideUI-14", "wt-global-api-HasVehicleActionBar-11", "wt-global-api-UnitBattlePetSpeciesID-9"}
 right: {"diff-wt-framexml-ShowFriendshipReputationTooltip-54", "diff-wt-global-api-C_LossOfControl.GetEventInfo-10", "diff-wt-global-api-C_LossOfControl.GetNumEvents-11", "diff-wt-global-api-C_PetJournal.FindPetIDByName-12", "diff-wt-global-api-C_PetJournal.GetOwnedBattlePetString-14", "diff-wt-global-api-C_PetJournal.GetPetTeamAverageLevel-16", "diff-wt-global-api-FlyoutHasSpell-21", "diff-wt-global-api-GetHomePartyInfo-24", "diff-wt-global-api-InActiveBattlefield-27", "diff-wt-global-api-IsLFGComplete-28", "diff-wt-global-api-IsTradeSkillRepeating-29", "diff-wt-global-api-PickupPetSpell-30", "diff-wt-global-api-SetTradeSkillRepeatCount-31", "diff-wt-global-api-UnitBattlePetSpeciesID-32", "diff-wt-widgets-Path:GetControlPoints-94", "wt-global-api-HasOverrideUI-14", "wt-global-api-UnitBattlePetSpeciesID-9"}
note: run with `RUST_BACKTRACE=1` environment variable to display a backtrace

test result: FAILED. 0 passed; 1 failed; 1 total
error: test failed, to rerun pass `--test prefork_full_ui`

Caused by:
  process didn't exit successfully: `/home/osso/.cache/wow-ui-sim-targets/p510-page/debug/deps/prefork_full_ui-21dd5c807fe7a7b6 patch_5_1_0_publication_sweep` (exit status: 1)
