warning: iced-wgpu-patched/Cargo.toml: `lints.clippy.large-enum-variant` is deprecated in favor of `lints.clippy.large_enum_variant` and will not work in a future edition
warning: iced-wgpu-patched/Cargo.toml: `lints.clippy.map-entry` is deprecated in favor of `lints.clippy.map_entry` and will not work in a future edition
warning: iced-wgpu-patched/Cargo.toml: `lints.clippy.match-wildcard-for-single-variants` is deprecated in favor of `lints.clippy.match_wildcard_for_single_variants` and will not work in a future edition
warning: iced-wgpu-patched/Cargo.toml: `lints.clippy.redundant-closure-for-method-calls` is deprecated in favor of `lints.clippy.redundant_closure_for_method_calls` and will not work in a future edition
warning: iced-wgpu-patched/Cargo.toml: `lints.clippy.trivially-copy-pass-by-ref` is deprecated in favor of `lints.clippy.trivially_copy_pass_by_ref` and will not work in a future edition
warning: iced-wgpu-patched/Cargo.toml: `lints.clippy.type-complexity` is deprecated in favor of `lints.clippy.type_complexity` and will not work in a future edition
warning: `iced_wgpu` (manifest) generated 6 warnings
   Compiling wow-ui-sim v0.1.0 (/home/osso/.worktrees/wow-ui-sim-p510-page/data/patch-api/evidence/5.1.0-session-2026-10-08/master-snapshot)
    Finished `test` profile [optimized + debuginfo] target(s) in 5m 01s
     Running tests/prefork_full_ui.rs (/home/osso/.cache/wow-ui-sim-targets/p510-page/debug/deps/prefork_full_ui-21dd5c807fe7a7b6)
[  0.000s] [Startup] WowLuaEnv::new begin
[  0.004s] [Startup] SimState::default complete in 3.52ms
[  0.004s] [Startup] rilua VM created in 158.32µs
[  0.004s] [Startup] builtin frames initialized in 110.13µs
[  0.004s] [Startup] template registry cleared in 8.45µs
[  0.004s] [Startup] intrinsic templates registered in 9.27µs
[  0.004s] [Startup] initial app_data lua handle installed in 611.00ns
[  0.271s] [Startup] init_lua_state complete in 266.63ms
[  0.271s] [Startup] final app_data lua handle installed in 411.00ns
[  0.271s] [Startup] initial screen globals installed in 299.90µs
[  0.271s] [Startup] WowLuaEnv::new complete
[  3.548s] [Startup] apply_post_load_workarounds: begin
[  3.548s] [Workarounds] starting patch_edit_mode_manager
[  3.548s] [Workarounds] finished patch_edit_mode_manager in 384.08µs
[  3.548s] [Workarounds] starting init_edit_mode_layout
[  3.548s] [EditMode] starting setup_layout_info
[  3.553s] [EditMode] finished setup_layout_info in 4.27ms
[  3.553s] [EditMode] starting apply_system_anchors
[  3.747s] [EditMode] finished apply_system_anchors in 194.71ms
[  3.747s] [EditMode] starting finalize_action_bar_positions
[  3.750s] [EditMode] finished finalize_action_bar_positions in 2.38ms
[  3.750s] [EditMode] starting invoke_anchor_changed_hooks
[  3.750s] [EditMode] finished invoke_anchor_changed_hooks in 518.84µs
[  3.750s] [EditMode] starting fix_action_bar_nan_size
[  3.750s] [EditMode] finished fix_action_bar_nan_size in 59.88µs
[  3.750s] [EditMode] starting fix_action_bar_scale
[  3.750s] [EditMode] finished fix_action_bar_scale in 6.01µs
[  3.750s] [Workarounds] finished init_edit_mode_layout in 202.02ms
[  3.750s] [Workarounds] starting patch_ui_parent_panel_toggles
[  3.751s] [Workarounds] finished patch_ui_parent_panel_toggles in 286.01µs
[  3.751s] [Workarounds] starting patch_uiparent_onupdate_worklists
[  3.751s] [Workarounds] finished patch_uiparent_onupdate_worklists in 120.44µs
[  3.751s] [Workarounds] starting init_chat_type_colors
[  3.751s] [Workarounds] finished init_chat_type_colors in 164.21µs
[  3.751s] [Workarounds] starting patch_chat_voice_button_surface
[  3.751s] [Workarounds] finished patch_chat_voice_button_surface in 164.75µs
[  3.751s] [Workarounds] starting patch_item_socketing_tooltips
[  3.751s] [Workarounds] finished patch_item_socketing_tooltips in 72.26µs
[  3.751s] [Workarounds] starting patch_character_select_selected_name
[  3.751s] [Workarounds] finished patch_character_select_selected_name in 35.10µs
[  3.751s] [Workarounds] starting patch_character_create_defaults
[  3.752s] [Workarounds] finished patch_character_create_defaults in 259.53µs
[  3.752s] [Workarounds] starting patch_character_frame_title_refresh
[  3.759s] [Workarounds] finished patch_character_frame_title_refresh in 7.34ms
[  3.759s] [Workarounds] starting patch_vignette_pin_template
[  3.759s] [Workarounds] finished patch_vignette_pin_template in 139.64µs
[  3.759s] [Workarounds] starting patch_fog_of_war_pin_mixin
[  3.759s] [Workarounds] finished patch_fog_of_war_pin_mixin in 339.74µs
[  3.759s] [Workarounds] starting patch_map_exploration_pin_mixin
[  3.766s] [Workarounds] finished patch_map_exploration_pin_mixin in 6.94ms
[  3.766s] [Workarounds] starting patch_map_canvas_data_provider_attachment
[  3.767s] [Workarounds] finished patch_map_canvas_data_provider_attachment in 108.29µs
[  3.767s] [Workarounds] starting ensure_adventure_map_frame_surface
[  3.767s] [Workarounds] finished ensure_adventure_map_frame_surface in 608.20µs
[  3.767s] [Workarounds] starting patch_action_bar_button_event_fanout
[  3.767s] [Workarounds] finished patch_action_bar_button_event_fanout in 137.29µs
[  3.767s] [Workarounds] starting patch_paging_controls_page_text
[  3.767s] [Workarounds] finished patch_paging_controls_page_text in 47.15µs
[  3.767s] [Workarounds] starting patch_talent_edge_frame_level_sync
[  3.767s] [Workarounds] finished patch_talent_edge_frame_level_sync in 36.37µs
[  3.767s] [Workarounds] starting patch_catalog_shop_product_card_defaults
[  3.767s] [Workarounds] finished patch_catalog_shop_product_card_defaults in 75.93µs
[  3.767s] [Workarounds] starting patch_game_time_defaults
[  3.768s] [Workarounds] finished patch_game_time_defaults in 8.63µs
[  3.768s] [Workarounds] starting patch_tooltip_nineslice_surface
[  3.768s] [Workarounds] finished patch_tooltip_nineslice_surface in 53.09µs
[  3.768s] [Workarounds] starting patch_container_frame_token_tracker
[  3.768s] [Workarounds] finished patch_container_frame_token_tracker in 52.17µs
[  3.768s] [Workarounds] starting patch_achievement_display_set_achievements
[  3.768s] [Workarounds] finished patch_achievement_display_set_achievements in 10.20µs
[  3.768s] [Workarounds] starting patch_housing_dashboard_preload
[  3.768s] [Workarounds] finished patch_housing_dashboard_preload in 208.47µs
[  3.768s] [Workarounds] starting patch_lfg_lock_list
[  3.768s] [Workarounds] finished patch_lfg_lock_list in 44.11µs
[  3.768s] [Workarounds] starting patch_auction_house_browse_results_event
[  3.768s] [Workarounds] finished patch_auction_house_browse_results_event in 76.66µs
[  3.768s] [Workarounds] starting patch_auction_house_search_context_aliases
[  3.768s] [Workarounds] finished patch_auction_house_search_context_aliases in 34.84µs
[  3.768s] [Workarounds] starting patch_auth_challenge_frame_parent
[  3.768s] [Workarounds] finished patch_auth_challenge_frame_parent in 83.74µs
[  3.768s] [Workarounds] starting patch_settings_surface_defaults
[  3.769s] [Workarounds] finished patch_settings_surface_defaults in 435.25µs
[  3.769s] [Workarounds] starting patch_settings_canvas_layout_visibility
[  3.769s] [Workarounds] finished patch_settings_canvas_layout_visibility in 132.58µs
[  3.769s] [Startup] apply_post_load_workarounds: workarounds complete
[  3.856s] [Startup] apply_post_load_workarounds: globals restored
[  3.856s] [Startup] apply_post_load_workarounds: patch 12.1 compatibility restored
[  3.856s] [Startup] apply_post_load_workarounds: seterrorhandler restored
[  4.103s] [Startup] begin login sequence
[  4.103s] [Startup] Firing ADDON_LOADED
[  4.103s] [Startup] Firing VARIABLES_LOADED
[  4.240s] [Startup] Firing DISPLAY_SIZE_CHANGED
[  4.302s] [Startup] Firing UI_SCALE_CHANGED
[  4.303s] [Startup] Firing PLAYER_LOGIN
[  4.304s] [Startup] end login sequence in 200.81ms
[  4.304s] [Startup] begin world enter sequence
[  4.304s] [Startup] Skipping EDIT_MODE_LAYOUTS_UPDATED
[  4.304s] [Startup] Firing TIME_PLAYED_MSG via RequestTimePlayed
[  4.304s] [Startup] Firing PLAYER_ENTERING_WORLD
[  4.652s] [EditMode] starting setup_layout_info
[  4.657s] [EditMode] finished setup_layout_info in 5.38ms
[  4.658s] [EditMode] starting apply_system_anchors
[  4.846s] [EditMode] finished apply_system_anchors in 188.56ms
[  4.846s] [EditMode] starting finalize_action_bar_positions
[  4.850s] [EditMode] finished finalize_action_bar_positions in 3.86ms
[  4.850s] [EditMode] starting invoke_anchor_changed_hooks
[  4.858s] [EditMode] finished invoke_anchor_changed_hooks in 7.92ms
[  4.858s] [EditMode] starting fix_action_bar_nan_size
[  4.858s] [EditMode] finished fix_action_bar_nan_size in 107.34µs
[  4.858s] [EditMode] starting fix_action_bar_scale
[  4.858s] [EditMode] finished fix_action_bar_scale in 6.43µs
[  4.858s] [EditMode] starting reapply_player_frame_anchor
[  4.860s] [EditMode] finished reapply_player_frame_anchor in 1.79ms
[  4.870s] [Startup] end world enter sequence in 566.80ms
[  4.870s] [Startup] begin post-login events
[  4.872s] [Startup] Firing UNIT_AURA
[  4.873s] [Startup] Firing PET_UI_UPDATE
[  4.875s] [Startup] Firing BAG_UPDATE_DELAYED
[  4.877s] [Startup] Firing QUEST_LOG_UPDATE
[  4.878s] [Startup] Firing GROUP_ROSTER_UPDATE
[  4.993s] [Startup] Firing ACTIONBAR_UPDATE_STATE
[  4.993s] [Startup] Firing ACTIONBAR_UPDATE_COOLDOWN
[  4.994s] [Startup] Firing UPDATE_BONUS_ACTIONBAR
[  5.009s] [Startup] Firing PLAYER_CAN_GLIDE_CHANGED
[  5.009s] [Startup] Firing PLAYER_IS_GLIDING_CHANGED
[  5.009s] [Startup] Firing UPDATE_BINDINGS
[  5.013s] [Startup] Firing UPDATE_CHAT_WINDOWS
[  5.017s] [Startup] Firing LFG_UPDATE_RANDOM_INFO
[  5.018s] [Startup] end post-login events in 147.61ms
[  5.018s] [Startup] begin close startup special windows
[  5.018s] [Startup] end close startup special windows in 395.83µs
[  5.018s] [Startup] begin FIRST_FRAME_RENDERED
[  5.018s] [Startup] Firing FIRST_FRAME_RENDERED
[  5.019s] [Startup] end FIRST_FRAME_RENDERED in 227.15µs
[  5.019s] [Startup] begin unblock hidden splash alerts
[  5.019s] [Startup] end unblock hidden splash alerts in 20.20µs
[  5.019s] [Startup] begin post-event workarounds
[  5.019s] [Startup] end post-event workarounds in 1.58µs
running 58 tests
test patch_10_0_0_publication_sweep::patch_10_0_0_animation_probe_factories ... ok
test patch_10_0_2_publication_sweep::patch_10_0_2_publication_sweep ... ok
test patch_10_0_0_publication_sweep::patch_10_0_0_publication_sweep ... ok
test patch_10_0_5_publication_sweep::patch_10_0_5_publication_sweep ... ok
test patch_10_0_7_publication_sweep::patch_10_0_7_publication_sweep ... ok
test patch_10_1_0_publication_sweep::patch_10_1_0_publication_sweep ... ok
test patch_10_1_5_publication_sweep::patch_10_1_5_publication_sweep ... ok
test patch_10_1_7_publication_sweep::patch_10_1_7_publication_sweep ... ok
test patch_10_2_0_publication_sweep::patch_10_2_0_publication_sweep ... ok
test patch_10_2_5_publication_sweep::patch_10_2_5_publication_sweep ... ok
test patch_10_2_6_publication_sweep::patch_10_2_6_publication_sweep ... ok
test patch_10_2_7_publication_sweep::patch_10_2_7_publication_sweep ... ok
test patch_11_0_2_publication_sweep::patch_11_0_2_publication_sweep ... ok
test patch_11_0_5_publication_sweep::patch_11_0_5_publication_sweep ... ok
test patch_11_0_0_publication_sweep::patch_11_0_0_publication_sweep ... ok
test patch_11_0_7_publication_sweep::patch_11_0_7_publication_sweep ... ok
test patch_11_1_0_publication_sweep::patch_11_1_0_publication_sweep ... ok
test patch_11_1_5_publication_sweep::patch_11_1_5_publication_sweep ... ok
test patch_11_1_7_publication_sweep::patch_11_1_7_publication_sweep ... ok
test patch_11_2_0_publication_sweep::patch_11_2_0_publication_sweep ... ok
test patch_11_2_5_publication_sweep::patch_11_2_5_publication_sweep ... ok
test patch_11_2_7_publication_sweep::patch_11_2_7_publication_sweep ... ok
test patch_12_0_0_publication_sweep::patch_12_0_0_publication_sweep ... ok
test patch_12_0_1_publication_sweep::patch_12_0_1_publication_sweep ... ok
test patch_12_0_5_publication_sweep::patch_12_0_5_publication_sweep ... ok
test patch_12_0_7_publication_sweep::patch_12_0_7_publication_sweep ... ok
test patch_5_4_2_publication_sweep::patch_5_4_2_publication_sweep ... ok
test patch_5_4_7_publication_sweep::patch_5_4_7_publication_sweep ... ok
test patch_5_4_8_publication_sweep::patch_5_4_8_publication_sweep ... ok
test patch_12_1_0_publication_sweep::patch_12_1_0_publication_sweep ... ok
test patch_6_0_1_publication_sweep::patch_6_0_1_publication_sweep ... ok
test patch_6_1_0_publication_sweep::patch_6_1_0_publication_sweep ... ok
test patch_6_2_0_publication_sweep::patch_6_2_0_publication_sweep ... ok
test patch_6_2_2_publication_sweep::patch_6_2_2_publication_sweep ... ok
test patch_6_0_2_publication_sweep::patch_6_0_2_publication_sweep ... ok
test patch_6_2_4_publication_sweep::patch_6_2_4_publication_sweep ... ok
test patch_7_0_1_publication_sweep::patch_7_0_1_publication_sweep ... ok
test patch_7_1_0_publication_sweep::patch_7_1_0_publication_sweep ... ok
test patch_7_0_3_publication_sweep::patch_7_0_3_publication_sweep ... ok
test patch_7_2_0_publication_sweep::patch_7_2_0_publication_sweep ... ok
test patch_7_2_5_publication_sweep::patch_7_2_5_publication_sweep ... ok
test patch_7_3_0_publication_sweep::patch_7_3_0_publication_sweep ... ok
test patch_7_3_2_publication_sweep::patch_7_3_2_publication_sweep ... ok
test patch_8_1_0_publication_sweep::patch_8_1_0_publication_sweep ... ok
test patch_8_0_1_publication_sweep::patch_8_0_1_publication_sweep ... ok
test patch_8_1_5_publication_sweep::patch_8_1_5_publication_sweep ... ok
test patch_8_2_0_publication_sweep::patch_8_2_0_publication_sweep ... ok
test patch_8_2_5_publication_sweep::patch_8_2_5_publication_sweep ... ok
test patch_8_3_7_publication_sweep::patch_8_3_7_publication_sweep ... ok
test patch_8_3_0_publication_sweep::patch_8_3_0_publication_sweep ... ok
test patch_9_0_2_publication_sweep::patch_9_0_2_publication_sweep ... ok
test patch_9_0_5_publication_sweep::patch_9_0_5_publication_sweep ... ok
test patch_9_0_1_publication_sweep::patch_9_0_1_publication_sweep ... ok
test patch_9_1_0_publication_sweep::patch_9_1_0_publication_sweep ... ok
test patch_9_1_5_publication_sweep::patch_9_1_5_publication_sweep ... ok
test patch_9_2_0_publication_sweep::patch_9_2_0_publication_sweep ... ok
test patch_9_2_7_publication_sweep::patch_9_2_7_publication_sweep ... ok
test patch_9_2_5_publication_sweep::patch_9_2_5_publication_sweep ... ok

test result: ok. 58 passed; 0 failed; 58 total
