warning: iced-wgpu-patched/Cargo.toml: `lints.clippy.large-enum-variant` is deprecated in favor of `lints.clippy.large_enum_variant` and will not work in a future edition
warning: iced-wgpu-patched/Cargo.toml: `lints.clippy.map-entry` is deprecated in favor of `lints.clippy.map_entry` and will not work in a future edition
warning: iced-wgpu-patched/Cargo.toml: `lints.clippy.match-wildcard-for-single-variants` is deprecated in favor of `lints.clippy.match_wildcard_for_single_variants` and will not work in a future edition
warning: iced-wgpu-patched/Cargo.toml: `lints.clippy.redundant-closure-for-method-calls` is deprecated in favor of `lints.clippy.redundant_closure_for_method_calls` and will not work in a future edition
warning: iced-wgpu-patched/Cargo.toml: `lints.clippy.trivially-copy-pass-by-ref` is deprecated in favor of `lints.clippy.trivially_copy_pass_by_ref` and will not work in a future edition
warning: iced-wgpu-patched/Cargo.toml: `lints.clippy.type-complexity` is deprecated in favor of `lints.clippy.type_complexity` and will not work in a future edition
warning: `iced_wgpu` (manifest) generated 6 warnings
    Finished `test` profile [optimized + debuginfo] target(s) in 0.38s
     Running tests/prefork_full_ui.rs (/home/osso/.cache/wow-ui-sim-targets/p510-page/debug/deps/prefork_full_ui-21dd5c807fe7a7b6)
[  0.000s] [Startup] WowLuaEnv::new begin
[  0.004s] [Startup] SimState::default complete in 3.73ms
[  0.004s] [Startup] rilua VM created in 180.36µs
[  0.004s] [Startup] builtin frames initialized in 112.63µs
[  0.004s] [Startup] template registry cleared in 6.75µs
[  0.004s] [Startup] intrinsic templates registered in 8.84µs
[  0.004s] [Startup] initial app_data lua handle installed in 601.00ns
[  0.318s] [Startup] init_lua_state complete in 313.47ms
[  0.318s] [Startup] final app_data lua handle installed in 360.00ns
[  0.318s] [Startup] initial screen globals installed in 207.11µs
[  0.318s] [Startup] WowLuaEnv::new complete
[  3.735s] [Startup] apply_post_load_workarounds: begin
[  3.735s] [Workarounds] starting patch_edit_mode_manager
[  3.735s] [Workarounds] finished patch_edit_mode_manager in 348.04µs
[  3.735s] [Workarounds] starting init_edit_mode_layout
[  3.735s] [EditMode] starting setup_layout_info
[  3.741s] [EditMode] finished setup_layout_info in 5.70ms
[  3.741s] [EditMode] starting apply_system_anchors
[  3.946s] [EditMode] finished apply_system_anchors in 205.28ms
[  3.946s] [EditMode] starting finalize_action_bar_positions
[  3.949s] [EditMode] finished finalize_action_bar_positions in 2.87ms
[  3.949s] [EditMode] starting invoke_anchor_changed_hooks
[  3.950s] [EditMode] finished invoke_anchor_changed_hooks in 644.92µs
[  3.950s] [EditMode] starting fix_action_bar_nan_size
[  3.950s] [EditMode] finished fix_action_bar_nan_size in 63.50µs
[  3.950s] [EditMode] starting fix_action_bar_scale
[  3.950s] [EditMode] finished fix_action_bar_scale in 4.92µs
[  3.950s] [Workarounds] finished init_edit_mode_layout in 214.68ms
[  3.950s] [Workarounds] starting patch_ui_parent_panel_toggles
[  3.950s] [Workarounds] finished patch_ui_parent_panel_toggles in 282.34µs
[  3.950s] [Workarounds] starting patch_uiparent_onupdate_worklists
[  3.950s] [Workarounds] finished patch_uiparent_onupdate_worklists in 110.44µs
[  3.950s] [Workarounds] starting init_chat_type_colors
[  3.950s] [Workarounds] finished init_chat_type_colors in 152.50µs
[  3.950s] [Workarounds] starting patch_chat_voice_button_surface
[  3.951s] [Workarounds] finished patch_chat_voice_button_surface in 157.13µs
[  3.951s] [Workarounds] starting patch_item_socketing_tooltips
[  3.951s] [Workarounds] finished patch_item_socketing_tooltips in 64.26µs
[  3.951s] [Workarounds] starting patch_character_select_selected_name
[  3.951s] [Workarounds] finished patch_character_select_selected_name in 35.12µs
[  3.951s] [Workarounds] starting patch_character_create_defaults
[  3.951s] [Workarounds] finished patch_character_create_defaults in 266.66µs
[  3.951s] [Workarounds] starting patch_character_frame_title_refresh
[  3.958s] [Workarounds] finished patch_character_frame_title_refresh in 6.97ms
[  3.958s] [Workarounds] starting patch_vignette_pin_template
[  3.958s] [Workarounds] finished patch_vignette_pin_template in 161.58µs
[  3.958s] [Workarounds] starting patch_fog_of_war_pin_mixin
[  3.958s] [Workarounds] finished patch_fog_of_war_pin_mixin in 338.41µs
[  3.958s] [Workarounds] starting patch_map_exploration_pin_mixin
[  3.965s] [Workarounds] finished patch_map_exploration_pin_mixin in 6.87ms
[  3.965s] [Workarounds] starting patch_map_canvas_data_provider_attachment
[  3.965s] [Workarounds] finished patch_map_canvas_data_provider_attachment in 125.72µs
[  3.965s] [Workarounds] starting ensure_adventure_map_frame_surface
[  3.966s] [Workarounds] finished ensure_adventure_map_frame_surface in 609.41µs
[  3.966s] [Workarounds] starting patch_action_bar_button_event_fanout
[  3.966s] [Workarounds] finished patch_action_bar_button_event_fanout in 134.71µs
[  3.966s] [Workarounds] starting patch_paging_controls_page_text
[  3.966s] [Workarounds] finished patch_paging_controls_page_text in 45.84µs
[  3.966s] [Workarounds] starting patch_talent_edge_frame_level_sync
[  3.966s] [Workarounds] finished patch_talent_edge_frame_level_sync in 34.08µs
[  3.966s] [Workarounds] starting patch_catalog_shop_product_card_defaults
[  3.966s] [Workarounds] finished patch_catalog_shop_product_card_defaults in 68.64µs
[  3.966s] [Workarounds] starting patch_game_time_defaults
[  3.966s] [Workarounds] finished patch_game_time_defaults in 10.17µs
[  3.966s] [Workarounds] starting patch_tooltip_nineslice_surface
[  3.966s] [Workarounds] finished patch_tooltip_nineslice_surface in 48.03µs
[  3.966s] [Workarounds] starting patch_container_frame_token_tracker
[  3.967s] [Workarounds] finished patch_container_frame_token_tracker in 46.85µs
[  3.967s] [Workarounds] starting patch_achievement_display_set_achievements
[  3.967s] [Workarounds] finished patch_achievement_display_set_achievements in 8.62µs
[  3.967s] [Workarounds] starting patch_housing_dashboard_preload
[  3.967s] [Workarounds] finished patch_housing_dashboard_preload in 252.95µs
[  3.967s] [Workarounds] starting patch_lfg_lock_list
[  3.967s] [Workarounds] finished patch_lfg_lock_list in 58.45µs
[  3.967s] [Workarounds] starting patch_auction_house_browse_results_event
[  3.967s] [Workarounds] finished patch_auction_house_browse_results_event in 74.34µs
[  3.967s] [Workarounds] starting patch_auction_house_search_context_aliases
[  3.967s] [Workarounds] finished patch_auction_house_search_context_aliases in 31.40µs
[  3.967s] [Workarounds] starting patch_auth_challenge_frame_parent
[  3.967s] [Workarounds] finished patch_auth_challenge_frame_parent in 93.30µs
[  3.967s] [Workarounds] starting patch_settings_surface_defaults
[  3.967s] [Workarounds] finished patch_settings_surface_defaults in 421.78µs
[  3.967s] [Workarounds] starting patch_settings_canvas_layout_visibility
[  3.968s] [Workarounds] finished patch_settings_canvas_layout_visibility in 128.88µs
[  3.968s] [Startup] apply_post_load_workarounds: workarounds complete
[  4.058s] [Startup] apply_post_load_workarounds: globals restored
[  4.059s] [Startup] apply_post_load_workarounds: patch 12.1 compatibility restored
[  4.059s] [Startup] apply_post_load_workarounds: seterrorhandler restored
[  4.294s] [Startup] begin login sequence
[  4.294s] [Startup] Firing ADDON_LOADED
[  4.294s] [Startup] Firing VARIABLES_LOADED
[  4.446s] [Startup] Firing DISPLAY_SIZE_CHANGED
[  4.533s] [Startup] Firing UI_SCALE_CHANGED
[  4.535s] [Startup] Firing PLAYER_LOGIN
[  4.535s] [Startup] end login sequence in 240.99ms
[  4.535s] [Startup] begin world enter sequence
[  4.535s] [Startup] Skipping EDIT_MODE_LAYOUTS_UPDATED
[  4.535s] [Startup] Firing TIME_PLAYED_MSG via RequestTimePlayed
[  4.535s] [Startup] Firing PLAYER_ENTERING_WORLD
[  4.919s] [EditMode] starting setup_layout_info
[  4.926s] [EditMode] finished setup_layout_info in 6.72ms
[  4.926s] [EditMode] starting apply_system_anchors
[  5.132s] [EditMode] finished apply_system_anchors in 206.39ms
[  5.132s] [EditMode] starting finalize_action_bar_positions
[  5.137s] [EditMode] finished finalize_action_bar_positions in 4.56ms
[  5.137s] [EditMode] starting invoke_anchor_changed_hooks
[  5.146s] [EditMode] finished invoke_anchor_changed_hooks in 9.34ms
[  5.146s] [EditMode] starting fix_action_bar_nan_size
[  5.146s] [EditMode] finished fix_action_bar_nan_size in 113.38µs
[  5.146s] [EditMode] starting fix_action_bar_scale
[  5.146s] [EditMode] finished fix_action_bar_scale in 6.83µs
[  5.146s] [EditMode] starting reapply_player_frame_anchor
[  5.149s] [EditMode] finished reapply_player_frame_anchor in 2.37ms
[  5.160s] [Startup] end world enter sequence in 624.55ms
[  5.160s] [Startup] begin post-login events
[  5.161s] [Startup] Firing UNIT_AURA
[  5.163s] [Startup] Firing PET_UI_UPDATE
[  5.166s] [Startup] Firing BAG_UPDATE_DELAYED
[  5.167s] [Startup] Firing QUEST_LOG_UPDATE
[  5.169s] [Startup] Firing GROUP_ROSTER_UPDATE
[  5.313s] [Startup] Firing ACTIONBAR_UPDATE_STATE
[  5.313s] [Startup] Firing ACTIONBAR_UPDATE_COOLDOWN
[  5.315s] [Startup] Firing UPDATE_BONUS_ACTIONBAR
[  5.336s] [Startup] Firing PLAYER_CAN_GLIDE_CHANGED
[  5.336s] [Startup] Firing PLAYER_IS_GLIDING_CHANGED
[  5.336s] [Startup] Firing UPDATE_BINDINGS
[  5.339s] [Startup] Firing UPDATE_CHAT_WINDOWS
[  5.343s] [Startup] Firing LFG_UPDATE_RANDOM_INFO
[  5.344s] [Startup] end post-login events in 184.56ms
[  5.344s] [Startup] begin close startup special windows
[  5.345s] [Startup] end close startup special windows in 352.03µs
[  5.345s] [Startup] begin FIRST_FRAME_RENDERED
[  5.345s] [Startup] Firing FIRST_FRAME_RENDERED
[  5.345s] [Startup] end FIRST_FRAME_RENDERED in 232.15µs
[  5.345s] [Startup] begin unblock hidden splash alerts
[  5.345s] [Startup] end unblock hidden splash alerts in 20.25µs
[  5.345s] [Startup] begin post-event workarounds
[  5.345s] [Startup] end post-event workarounds in 2.21µs
running 59 tests
test patch_10_0_0_publication_sweep::patch_10_0_0_animation_probe_factories ... ok
test patch_10_0_2_publication_sweep::patch_10_0_2_publication_sweep ... ok
test patch_10_0_0_publication_sweep::patch_10_0_0_publication_sweep ... ok
test patch_10_0_5_publication_sweep::patch_10_0_5_publication_sweep ... ok
test patch_10_0_7_publication_sweep::patch_10_0_7_publication_sweep ... ok
test patch_10_1_0_publication_sweep::patch_10_1_0_publication_sweep ... ok
test patch_10_1_5_publication_sweep::patch_10_1_5_publication_sweep ... ok
test patch_10_1_7_publication_sweep::patch_10_1_7_publication_sweep ... ok
test patch_10_2_5_publication_sweep::patch_10_2_5_publication_sweep ... ok
test patch_10_2_0_publication_sweep::patch_10_2_0_publication_sweep ... ok
test patch_10_2_7_publication_sweep::patch_10_2_7_publication_sweep ... ok
test patch_10_2_6_publication_sweep::patch_10_2_6_publication_sweep ... ok
test patch_11_0_2_publication_sweep::patch_11_0_2_publication_sweep ... ok
test patch_11_0_0_publication_sweep::patch_11_0_0_publication_sweep ... ok
test patch_11_0_5_publication_sweep::patch_11_0_5_publication_sweep ... ok
test patch_11_0_7_publication_sweep::patch_11_0_7_publication_sweep ... ok
test patch_11_1_0_publication_sweep::patch_11_1_0_publication_sweep ... ok
test patch_11_1_5_publication_sweep::patch_11_1_5_publication_sweep ... ok
test patch_11_1_7_publication_sweep::patch_11_1_7_publication_sweep ... ok
test patch_11_2_0_publication_sweep::patch_11_2_0_publication_sweep ... ok
test patch_11_2_5_publication_sweep::patch_11_2_5_publication_sweep ... ok
test patch_11_2_7_publication_sweep::patch_11_2_7_publication_sweep ... ok
test patch_12_0_0_publication_sweep::patch_12_0_0_publication_sweep ... ok
test patch_12_0_1_publication_sweep::patch_12_0_1_publication_sweep ... ok
test patch_12_0_5_publication_sweep::patch_12_0_5_publication_sweep ... ok
test patch_12_0_7_publication_sweep::patch_12_0_7_publication_sweep ... ok
test patch_5_1_0_publication_sweep::patch_5_1_0_publication_sweep ... ok
test patch_12_1_0_publication_sweep::patch_12_1_0_publication_sweep ... ok
test patch_5_4_2_publication_sweep::patch_5_4_2_publication_sweep ... ok
test patch_5_4_7_publication_sweep::patch_5_4_7_publication_sweep ... ok
test patch_5_4_8_publication_sweep::patch_5_4_8_publication_sweep ... ok
test patch_6_0_1_publication_sweep::patch_6_0_1_publication_sweep ... ok
test patch_6_1_0_publication_sweep::patch_6_1_0_publication_sweep ... ok
test patch_6_2_0_publication_sweep::patch_6_2_0_publication_sweep ... ok
test patch_6_0_2_publication_sweep::patch_6_0_2_publication_sweep ... ok
test patch_6_2_2_publication_sweep::patch_6_2_2_publication_sweep ... ok
test patch_7_0_1_publication_sweep::patch_7_0_1_publication_sweep ... ok
test patch_6_2_4_publication_sweep::patch_6_2_4_publication_sweep ... ok
test patch_7_1_0_publication_sweep::patch_7_1_0_publication_sweep ... ok
test patch_7_0_3_publication_sweep::patch_7_0_3_publication_sweep ... ok
test patch_7_2_0_publication_sweep::patch_7_2_0_publication_sweep ... ok
test patch_7_2_5_publication_sweep::patch_7_2_5_publication_sweep ... ok
test patch_7_3_0_publication_sweep::patch_7_3_0_publication_sweep ... ok
test patch_7_3_2_publication_sweep::patch_7_3_2_publication_sweep ... ok
test patch_8_1_0_publication_sweep::patch_8_1_0_publication_sweep ... ok
test patch_8_0_1_publication_sweep::patch_8_0_1_publication_sweep ... ok
test patch_8_1_5_publication_sweep::patch_8_1_5_publication_sweep ... ok
test patch_8_2_0_publication_sweep::patch_8_2_0_publication_sweep ... ok
test patch_8_2_5_publication_sweep::patch_8_2_5_publication_sweep ... ok
test patch_8_3_7_publication_sweep::patch_8_3_7_publication_sweep ... ok
test patch_8_3_0_publication_sweep::patch_8_3_0_publication_sweep ... ok
test patch_9_0_2_publication_sweep::patch_9_0_2_publication_sweep ... ok
test patch_9_0_5_publication_sweep::patch_9_0_5_publication_sweep ... ok
test patch_9_0_1_publication_sweep::patch_9_0_1_publication_sweep ... ok
test patch_9_1_0_publication_sweep::patch_9_1_0_publication_sweep ... ok
test patch_9_1_5_publication_sweep::patch_9_1_5_publication_sweep ... ok
test patch_9_2_0_publication_sweep::patch_9_2_0_publication_sweep ... ok
test patch_9_2_5_publication_sweep::patch_9_2_5_publication_sweep ... ok
test patch_9_2_7_publication_sweep::patch_9_2_7_publication_sweep ... ok

test result: ok. 59 passed; 0 failed; 59 total
