[  0.000s] [startup] wow-sim process started pid=1743675
[  0.000s] Resource limits: 2 CPU core(s)
[  0.000s] [Startup] WowLuaEnv::new begin
[  0.005s] [Startup] SimState::default complete in 4.52ms
[  0.005s] [Startup] rilua VM created in 143.78µs
[  0.005s] [Startup] builtin frames initialized in 190.08µs
[  0.005s] [Startup] template registry cleared in 12.03µs
[  0.005s] [Startup] intrinsic templates registered in 14.31µs
[  0.005s] [Startup] initial app_data lua handle installed in 1.20µs
[  0.258s] [Startup] init_lua_state complete in 252.69ms
[  0.258s] [Startup] final app_data lua handle installed in 370.00ns
[  0.258s] [Startup] initial screen globals installed in 125.90µs
[  0.258s] [Startup] WowLuaEnv::new complete
[  0.258s] [Startup] screen size set to 1600x1200 in 59.40µs
[  0.258s] [Startup] WowFontSystem::new begin casc=false
[  0.426s] [Startup] font system fallback loaded in 167.68ms
[  0.426s] [Startup] cosmic font system built in 30.94µs
[  0.426s] [Startup] swash cache created in 5.98µs
[  0.426s] [Startup] WowFontSystem::new complete in 167.75ms
[  0.426s] [Startup] font system created in 167.76ms
ALSA lib confmisc.c:855:(parse_card) [error.core] cannot find card '0'
ALSA lib conf.c:5211:(_snd_config_evaluate) [error.core] function snd_func_card_inum returned error: No such file or directory
ALSA lib confmisc.c:422:(snd_func_concat) [error.core] error evaluating strings
ALSA lib conf.c:5211:(_snd_config_evaluate) [error.core] function snd_func_concat returned error: No such file or directory
ALSA lib confmisc.c:1342:(snd_func_refer) [error.core] error evaluating name
ALSA lib conf.c:5211:(_snd_config_evaluate) [error.core] function snd_func_refer returned error: No such file or directory
ALSA lib conf.c:5734:(snd_config_expand) [error.core] Evaluate error: No such file or directory
ALSA lib pcm.c:2722:(snd_pcm_open_noupdate) [error.pcm] Unknown PCM default
[  0.429s] Sound: no audio device available
[  0.429s] [Startup] begin stop GC
[  0.429s] [Startup] end stop GC in 260.00ns
[  0.429s] [Startup] begin configure saved variables
[  0.429s] SavedVariables loading disabled
[  0.429s] [Startup] end configure saved variables in 1.81µs
[  0.429s] [Startup] begin load keybindings
[  0.429s] [Startup] end load keybindings in 191.00ns
[  0.429s] [Startup] begin configure edit mode cache
[  0.430s] EditMode cache source (read-only): 50868465#2 @ Burning Blade/Haky
[  0.430s] [Startup] end configure edit mode cache in 378.39µs
[  0.430s] [Startup] begin read ServerSnapshot edit mode layout
[  0.430s] [Startup] end read ServerSnapshot edit mode layout in 30.00ns
[  0.430s] [Startup] begin load edit mode cache
[  0.433s] Loaded EditMode layout cache from WTF
[  0.433s] [Startup] end load edit mode cache in 3.57ms
[  0.433s] [Startup] begin load ServerSnapshot character state
[  0.433s] [Startup] end load ServerSnapshot character state in 230.00ns
[  0.433s] [Startup] begin load Blizzard addons
[  0.445s] Loading 291 Blizzard addons...
[  4.366s] Blizzard addons loaded in 3.93s (io=11.14ms xml=222.08ms xmlproc=2.55s frames⊂xmlproc=2.53s lua=844.78ms [compile=706.77ms call=138.01ms] gc=deferred, bytecode cache: 234/1569 hits (15%, lookup_miss=1335 replay_fail=0 stored=1335 store_fail=0))
  frame breakdown: setup=1.29s finalize=2.97s (2482 frames)
  setup: code_build=15.34ms exec_lua=1.27s props=12.75ms
  finalize: layers=101.78ms (1151 tex, 689 fs) anim=27.91ms button=47.96ms lifecycle=1.00s (1761 fires)
[  4.366s] [Startup] end load Blizzard addons in 3.93s
[  4.367s] [Startup] begin prepare chat frame for third-party addons
[  4.368s] [Startup] end prepare chat frame for third-party addons in 1.42ms
[  4.368s] [Startup] begin apply post-Blizzard load workarounds
[  4.368s] [Startup] applying post-load workarounds
[  4.367s] [Startup] apply_post_load_workarounds: begin
[  4.367s] [Workarounds] starting patch_edit_mode_manager
[  4.368s] [Workarounds] finished patch_edit_mode_manager in 539.73µs
[  4.368s] [Workarounds] starting init_edit_mode_layout
[  4.368s] [EditMode] starting setup_layout_info
[  4.397s] [EditMode] finished setup_layout_info in 29.04ms
[  4.397s] [EditMode] starting apply_system_anchors
[  4.719s] [EditMode] finished apply_system_anchors in 322.07ms
[  4.719s] [EditMode] starting finalize_action_bar_positions
[  4.721s] [EditMode] finished finalize_action_bar_positions in 1.55ms
[  4.721s] [EditMode] starting invoke_anchor_changed_hooks
[  4.722s] [EditMode] finished invoke_anchor_changed_hooks in 918.85µs
[  4.722s] [EditMode] starting fix_action_bar_nan_size
[  4.722s] [EditMode] finished fix_action_bar_nan_size in 165.54µs
[  4.722s] [EditMode] starting fix_action_bar_scale
[  4.722s] [EditMode] finished fix_action_bar_scale in 7.76µs
[  4.722s] [Workarounds] finished init_edit_mode_layout in 353.87ms
[  4.722s] [Workarounds] starting patch_ui_parent_panel_toggles
[  4.722s] [Workarounds] finished patch_ui_parent_panel_toggles in 418.90µs
[  4.722s] [Workarounds] starting patch_uiparent_onupdate_worklists
[  4.723s] [Workarounds] finished patch_uiparent_onupdate_worklists in 240.44µs
[  4.723s] [Workarounds] starting init_chat_type_colors
[  4.723s] [Workarounds] finished init_chat_type_colors in 312.69µs
[  4.723s] [Workarounds] starting patch_chat_voice_button_surface
[  4.723s] [Workarounds] finished patch_chat_voice_button_surface in 283.97µs
[  4.723s] [Workarounds] starting patch_item_socketing_tooltips
[  4.723s] [Workarounds] finished patch_item_socketing_tooltips in 112.58µs
[  4.723s] [Workarounds] starting patch_character_select_selected_name
[  4.723s] [Workarounds] finished patch_character_select_selected_name in 54.13µs
[  4.723s] [Workarounds] starting patch_character_create_defaults
[  4.724s] [Workarounds] finished patch_character_create_defaults in 395.51µs
[  4.724s] [Workarounds] starting patch_character_frame_title_refresh
[  4.735s] [Workarounds] finished patch_character_frame_title_refresh in 10.87ms
[  4.735s] [Workarounds] starting patch_vignette_pin_template
[  4.735s] [Workarounds] finished patch_vignette_pin_template in 221.78µs
[  4.735s] [Workarounds] starting patch_fog_of_war_pin_mixin
[  4.735s] [Workarounds] finished patch_fog_of_war_pin_mixin in 603.09µs
[  4.735s] [Workarounds] starting patch_map_exploration_pin_mixin
[  4.745s] [Workarounds] finished patch_map_exploration_pin_mixin in 9.63ms
[  4.745s] [Workarounds] starting patch_map_canvas_data_provider_attachment
[  4.745s] [Workarounds] finished patch_map_canvas_data_provider_attachment in 157.54µs
[  4.745s] [Workarounds] starting ensure_adventure_map_frame_surface
[  4.746s] [Workarounds] finished ensure_adventure_map_frame_surface in 776.65µs
[  4.746s] [Workarounds] starting patch_action_bar_button_event_fanout
[  4.746s] [Workarounds] finished patch_action_bar_button_event_fanout in 212.70µs
[  4.746s] [Workarounds] starting patch_paging_controls_page_text
[  4.746s] [Workarounds] finished patch_paging_controls_page_text in 61.44µs
[  4.746s] [Workarounds] starting patch_talent_edge_frame_level_sync
[  4.746s] [Workarounds] finished patch_talent_edge_frame_level_sync in 39.58µs
[  4.746s] [Workarounds] starting patch_catalog_shop_product_card_defaults
[  4.746s] [Workarounds] finished patch_catalog_shop_product_card_defaults in 87.02µs
[  4.746s] [Workarounds] starting patch_game_time_defaults
[  4.746s] [Workarounds] finished patch_game_time_defaults in 11.97µs
[  4.746s] [Workarounds] starting patch_tooltip_nineslice_surface
[  4.747s] [Workarounds] finished patch_tooltip_nineslice_surface in 68.54µs
[  4.747s] [Workarounds] starting patch_container_frame_token_tracker
[  4.747s] [Workarounds] finished patch_container_frame_token_tracker in 68.33µs
[  4.747s] [Workarounds] starting patch_achievement_display_set_achievements
[  4.747s] [Workarounds] finished patch_achievement_display_set_achievements in 12.62µs
[  4.747s] [Workarounds] starting patch_housing_dashboard_preload
[  4.747s] [Workarounds] finished patch_housing_dashboard_preload in 385.00µs
[  4.747s] [Workarounds] starting patch_lfg_lock_list
[  4.747s] [Workarounds] finished patch_lfg_lock_list in 84.68µs
[  4.747s] [Workarounds] starting patch_auction_house_browse_results_event
[  4.747s] [Workarounds] finished patch_auction_house_browse_results_event in 91.61µs
[  4.747s] [Workarounds] starting patch_auction_house_search_context_aliases
[  4.747s] [Workarounds] finished patch_auction_house_search_context_aliases in 40.46µs
[  4.747s] [Workarounds] starting patch_auth_challenge_frame_parent
[  4.747s] [Workarounds] finished patch_auth_challenge_frame_parent in 136.48µs
[  4.747s] [Workarounds] starting patch_settings_surface_defaults
[  4.748s] [Workarounds] finished patch_settings_surface_defaults in 572.96µs
[  4.748s] [Workarounds] starting patch_settings_canvas_layout_visibility
[  4.748s] [Workarounds] finished patch_settings_canvas_layout_visibility in 148.16µs
[  4.748s] [Startup] apply_post_load_workarounds: workarounds complete
[  4.890s] [Startup] apply_post_load_workarounds: globals restored
[  4.891s] [Startup] apply_post_load_workarounds: patch 12.1 compatibility restored
[  4.891s] [Startup] apply_post_load_workarounds: seterrorhandler restored
[  4.892s] [Startup] post-load workarounds complete in 523.63ms
[  4.892s] [Startup] end apply post-Blizzard load workarounds in 523.65ms
[  4.892s] [Startup] begin load third-party addons
[  4.892s] Addon loading disabled
[  4.892s] [Startup] end load third-party addons in 1.63µs
[  4.892s] [Startup] begin sync addon names to Lua
[  4.893s] [Startup] end sync addon names to Lua in 953.74µs
[  4.893s] [Startup] applying post-load workarounds
[  4.892s] [Startup] apply_post_load_workarounds: begin
[  4.892s] [Workarounds] starting patch_edit_mode_manager
[  4.893s] [Workarounds] finished patch_edit_mode_manager in 724.56µs
[  4.893s] [Workarounds] starting init_edit_mode_layout
[  4.893s] [EditMode] starting setup_layout_info
[  4.922s] [EditMode] finished setup_layout_info in 28.83ms
[  4.922s] [EditMode] starting apply_system_anchors
[  5.115s] [EditMode] finished apply_system_anchors in 193.00ms
[  5.115s] [EditMode] starting finalize_action_bar_positions
[  5.118s] [EditMode] finished finalize_action_bar_positions in 3.33ms
[  5.118s] [EditMode] starting invoke_anchor_changed_hooks
[  5.128s] [EditMode] finished invoke_anchor_changed_hooks in 9.62ms
[  5.128s] [EditMode] starting fix_action_bar_nan_size
[  5.128s] [EditMode] finished fix_action_bar_nan_size in 290.61µs
[  5.128s] [EditMode] starting fix_action_bar_scale
[  5.128s] [EditMode] finished fix_action_bar_scale in 15.56µs
[  5.128s] [Workarounds] finished init_edit_mode_layout in 235.17ms
[  5.128s] [Workarounds] starting patch_ui_parent_panel_toggles
[  5.128s] [Workarounds] finished patch_ui_parent_panel_toggles in 377.33µs
[  5.128s] [Workarounds] starting patch_uiparent_onupdate_worklists
[  5.128s] [Workarounds] finished patch_uiparent_onupdate_worklists in 156.30µs
[  5.128s] [Workarounds] starting init_chat_type_colors
[  5.129s] [Workarounds] finished init_chat_type_colors in 245.28µs
[  5.129s] [Workarounds] starting patch_chat_voice_button_surface
[  5.129s] [Workarounds] finished patch_chat_voice_button_surface in 569.56µs
[  5.129s] [Workarounds] starting patch_item_socketing_tooltips
[  5.129s] [Workarounds] finished patch_item_socketing_tooltips in 128.03µs
[  5.129s] [Workarounds] starting patch_character_select_selected_name
[  5.129s] [Workarounds] finished patch_character_select_selected_name in 43.37µs
[  5.129s] [Workarounds] starting patch_character_create_defaults
[  5.130s] [Workarounds] finished patch_character_create_defaults in 332.61µs
[  5.130s] [Workarounds] starting patch_character_frame_title_refresh
[  5.140s] [Workarounds] finished patch_character_frame_title_refresh in 10.19ms
[  5.140s] [Workarounds] starting patch_vignette_pin_template
[  5.140s] [Workarounds] finished patch_vignette_pin_template in 279.00µs
[  5.140s] [Workarounds] starting patch_fog_of_war_pin_mixin
[  5.141s] [Workarounds] finished patch_fog_of_war_pin_mixin in 460.61µs
[  5.141s] [Workarounds] starting patch_map_exploration_pin_mixin
[  5.141s] [Workarounds] finished patch_map_exploration_pin_mixin in 617.93µs
[  5.141s] [Workarounds] starting patch_map_canvas_data_provider_attachment
[  5.142s] [Workarounds] finished patch_map_canvas_data_provider_attachment in 87.14µs
[  5.142s] [Workarounds] starting ensure_adventure_map_frame_surface
[  5.142s] [Workarounds] finished ensure_adventure_map_frame_surface in 249.85µs
[  5.142s] [Workarounds] starting patch_action_bar_button_event_fanout
[  5.142s] [Workarounds] finished patch_action_bar_button_event_fanout in 153.37µs
[  5.142s] [Workarounds] starting patch_paging_controls_page_text
[  5.142s] [Workarounds] finished patch_paging_controls_page_text in 52.32µs
[  5.142s] [Workarounds] starting patch_talent_edge_frame_level_sync
[  5.142s] [Workarounds] finished patch_talent_edge_frame_level_sync in 34.77µs
[  5.142s] [Workarounds] starting patch_catalog_shop_product_card_defaults
[  5.142s] [Workarounds] finished patch_catalog_shop_product_card_defaults in 82.04µs
[  5.142s] [Workarounds] starting patch_game_time_defaults
[  5.142s] [Workarounds] finished patch_game_time_defaults in 11.36µs
[  5.142s] [Workarounds] starting patch_tooltip_nineslice_surface
[  5.142s] [Workarounds] finished patch_tooltip_nineslice_surface in 54.72µs
[  5.142s] [Workarounds] starting patch_container_frame_token_tracker
[  5.142s] [Workarounds] finished patch_container_frame_token_tracker in 47.98µs
[  5.142s] [Workarounds] starting patch_achievement_display_set_achievements
[  5.142s] [Workarounds] finished patch_achievement_display_set_achievements in 10.80µs
[  5.142s] [Workarounds] starting patch_housing_dashboard_preload
[  5.142s] [Workarounds] finished patch_housing_dashboard_preload in 158.24µs
[  5.142s] [Workarounds] starting patch_lfg_lock_list
[  5.142s] [Workarounds] finished patch_lfg_lock_list in 12.33µs
[  5.142s] [Workarounds] starting patch_auction_house_browse_results_event
[  5.143s] [Workarounds] finished patch_auction_house_browse_results_event in 82.37µs
[  5.143s] [Workarounds] starting patch_auction_house_search_context_aliases
[  5.143s] [Workarounds] finished patch_auction_house_search_context_aliases in 36.19µs
[  5.143s] [Workarounds] starting patch_auth_challenge_frame_parent
[  5.143s] [Workarounds] finished patch_auth_challenge_frame_parent in 81.00µs
[  5.143s] [Workarounds] starting patch_settings_surface_defaults
[  5.143s] [Workarounds] finished patch_settings_surface_defaults in 525.61µs
[  5.143s] [Workarounds] starting patch_settings_canvas_layout_visibility
[  5.143s] [Workarounds] finished patch_settings_canvas_layout_visibility in 129.70µs
[  5.143s] [Startup] apply_post_load_workarounds: workarounds complete
[  5.267s] [Startup] apply_post_load_workarounds: globals restored
[  5.268s] [Startup] apply_post_load_workarounds: patch 12.1 compatibility restored
[  5.268s] [Startup] apply_post_load_workarounds: seterrorhandler restored
[  5.268s] [Startup] post-load workarounds complete in 375.76ms
[  5.268s] [Startup] restarting GC after bootstrap
[  5.705s] [Startup] GC restart complete in 436.59ms
=== Final observed Lua error summary ===
Status: CLEAN
Lua errors: 0 unique, 0 occurrence(s)
Attributed owners: 0
Unattributed Lua errors: 0 occurrence(s)
