running 69 tests
test patch_10_0_0_publication_sweep::patch_10_0_0_animation_probe_factories ... ok
test patch_10_0_2_publication_sweep::patch_10_0_2_publication_sweep ... ok
test patch_10_0_0_publication_sweep::patch_10_0_0_publication_sweep ... ok
test patch_10_0_5_publication_sweep::patch_10_0_5_publication_sweep ... ok
test patch_10_0_7_publication_sweep::patch_10_0_7_publication_sweep ... ok
test patch_10_1_0_publication_sweep::patch_10_1_0_publication_sweep ... ok
test patch_10_1_5_publication_sweep::patch_10_1_5_publication_sweep ... ok
test patch_10_1_7_publication_sweep::patch_10_1_7_publication_sweep ... ok
test patch_10_2_0_publication_sweep::patch_10_2_0_publication_sweep ... ok
test patch_10_2_5_publication_sweep::patch_10_2_5_publication_sweep ... ok
test patch_10_2_7_publication_sweep::patch_10_2_7_publication_sweep ... ok
test patch_10_2_6_publication_sweep::patch_10_2_6_publication_sweep ... ok
test patch_11_0_2_publication_sweep::patch_11_0_2_publication_sweep ... ok
test patch_11_0_5_publication_sweep::patch_11_0_5_publication_sweep ... ok
test patch_11_0_0_publication_sweep::patch_11_0_0_publication_sweep ... ok
test patch_11_0_7_publication_sweep::patch_11_0_7_publication_sweep ... ok
test patch_11_1_0_publication_sweep::patch_11_1_0_publication_sweep ... ok
test patch_11_1_5_publication_sweep::patch_11_1_5_publication_sweep ... ok
test patch_11_1_7_publication_sweep::patch_11_1_7_publication_sweep ... ok
test patch_11_2_0_publication_sweep::patch_11_2_0_publication_sweep ... ok
test patch_11_2_5_publication_sweep::patch_11_2_5_publication_sweep ... ok
test patch_11_2_7_publication_sweep::patch_11_2_7_publication_sweep ... ok
test patch_12_0_0_publication_sweep::patch_12_0_0_publication_sweep ... ok
test patch_12_0_1_publication_sweep::patch_12_0_1_publication_sweep ... ok
test patch_12_0_5_publication_sweep::patch_12_0_5_publication_sweep ... ok
test patch_12_0_7_publication_sweep::patch_12_0_7_publication_sweep ... ok
test patch_4_1_0_publication_sweep::patch_4_1_0_publication_sweep ... ok
test patch_4_2_0_publication_sweep::patch_4_2_0_publication_sweep ... ok
test patch_12_1_0_publication_sweep::patch_12_1_0_publication_sweep ... ok
test patch_4_3_0_publication_sweep::patch_4_3_0_publication_sweep ... ok
test patch_4_3_4_publication_sweep::patch_4_3_4_publication_sweep ... ok
test patch_5_0_1_publication_sweep::patch_5_0_1_publication_sweep ... ok
test patch_5_1_0_publication_sweep::patch_5_1_0_publication_sweep ... ok
test patch_5_0_4_publication_sweep::patch_5_0_4_publication_sweep ... ok
test patch_5_2_0_publication_sweep::patch_5_2_0_publication_sweep ... ok
test patch_5_3_0_publication_sweep::patch_5_3_0_publication_sweep ... ok
test patch_5_4_0_publication_sweep::patch_5_4_0_publication_sweep ... ok
test patch_5_4_1_publication_sweep::patch_5_4_1_publication_sweep ... ok
test patch_5_4_7_publication_sweep::patch_5_4_7_publication_sweep ... ok
test patch_5_4_2_publication_sweep::patch_5_4_2_publication_sweep ... ok
test patch_5_4_8_publication_sweep::patch_5_4_8_publication_sweep ... ok
test patch_6_0_1_publication_sweep::patch_6_0_1_publication_sweep ... ok
test patch_6_1_0_publication_sweep::patch_6_1_0_publication_sweep ... ok
test patch_6_2_0_publication_sweep::patch_6_2_0_publication_sweep ... ok
test patch_6_2_2_publication_sweep::patch_6_2_2_publication_sweep ... ok
test patch_6_0_2_publication_sweep::patch_6_0_2_publication_sweep ... ok
test patch_6_2_4_publication_sweep::patch_6_2_4_publication_sweep ... ok
test patch_7_0_1_publication_sweep::patch_7_0_1_publication_sweep ... ok
test patch_7_0_3_publication_sweep::patch_7_0_3_publication_sweep ... ok
test patch_7_1_0_publication_sweep::patch_7_1_0_publication_sweep ... ok
test patch_7_2_0_publication_sweep::patch_7_2_0_publication_sweep ... ok
test patch_7_2_5_publication_sweep::patch_7_2_5_publication_sweep ... ok
test patch_7_3_0_publication_sweep::patch_7_3_0_publication_sweep ... ok
test patch_7_3_2_publication_sweep::patch_7_3_2_publication_sweep ... ok
test patch_8_1_0_publication_sweep::patch_8_1_0_publication_sweep ... ok
test patch_8_0_1_publication_sweep::patch_8_0_1_publication_sweep ... ok
test patch_8_1_5_publication_sweep::patch_8_1_5_publication_sweep ... ok
test patch_8_2_0_publication_sweep::patch_8_2_0_publication_sweep ... ok
test patch_8_2_5_publication_sweep::patch_8_2_5_publication_sweep ... ok
test patch_8_3_7_publication_sweep::patch_8_3_7_publication_sweep ... ok
test patch_8_3_0_publication_sweep::patch_8_3_0_publication_sweep ... ok
test patch_9_0_2_publication_sweep::patch_9_0_2_publication_sweep ... ok
test patch_9_0_5_publication_sweep::patch_9_0_5_publication_sweep ... ok
test patch_9_0_1_publication_sweep::patch_9_0_1_publication_sweep ... ok
test patch_9_1_0_publication_sweep::patch_9_1_0_publication_sweep ... ok
test patch_9_1_5_publication_sweep::patch_9_1_5_publication_sweep ... ok
test patch_9_2_0_publication_sweep::patch_9_2_0_publication_sweep ... ok
test patch_9_2_7_publication_sweep::patch_9_2_7_publication_sweep ... ok
test patch_9_2_5_publication_sweep::patch_9_2_5_publication_sweep ... ok

test result: ok. 69 passed; 0 failed; 69 total
warning: iced-wgpu-patched/Cargo.toml: `lints.clippy.large-enum-variant` is deprecated in favor of `lints.clippy.large_enum_variant` and will not work in a future edition
warning: iced-wgpu-patched/Cargo.toml: `lints.clippy.map-entry` is deprecated in favor of `lints.clippy.map_entry` and will not work in a future edition
warning: iced-wgpu-patched/Cargo.toml: `lints.clippy.match-wildcard-for-single-variants` is deprecated in favor of `lints.clippy.match_wildcard_for_single_variants` and will not work in a future edition
warning: iced-wgpu-patched/Cargo.toml: `lints.clippy.redundant-closure-for-method-calls` is deprecated in favor of `lints.clippy.redundant_closure_for_method_calls` and will not work in a future edition
warning: iced-wgpu-patched/Cargo.toml: `lints.clippy.trivially-copy-pass-by-ref` is deprecated in favor of `lints.clippy.trivially_copy_pass_by_ref` and will not work in a future edition
warning: iced-wgpu-patched/Cargo.toml: `lints.clippy.type-complexity` is deprecated in favor of `lints.clippy.type_complexity` and will not work in a future edition
warning: `iced_wgpu` (manifest) generated 6 warnings
    Blocking waiting for file lock on package cache
    Blocking waiting for file lock on package cache
    Blocking waiting for file lock on package cache
   Compiling wow-ui-sim v0.1.0 (/home/osso/.worktrees/wow-ui-sim-p410-source)
    Finished `test` profile [optimized + debuginfo] target(s) in 58.05s
     Running tests/prefork_full_ui.rs (target/debug/deps/prefork_full_ui-21dd5c807fe7a7b6)
[  0.000s] [Startup] WowLuaEnv::new begin
[  0.002s] [Startup] SimState::default complete in 2.32ms
[  0.003s] [Startup] rilua VM created in 122.50µs
[  0.003s] [Startup] builtin frames initialized in 96.49µs
[  0.003s] [Startup] template registry cleared in 7.05µs
[  0.003s] [Startup] intrinsic templates registered in 12.60µs
[  0.003s] [Startup] initial app_data lua handle installed in 551.00ns
[  0.204s] [Startup] init_lua_state complete in 201.74ms
[  0.204s] [Startup] final app_data lua handle installed in 311.00ns
[  0.205s] [Startup] initial screen globals installed in 186.39µs
[  0.205s] [Startup] WowLuaEnv::new complete
[  2.913s] [Startup] apply_post_load_workarounds: begin
[  2.913s] [Workarounds] starting patch_edit_mode_manager
[  2.914s] [Workarounds] finished patch_edit_mode_manager in 335.94µs
[  2.914s] [Workarounds] starting init_edit_mode_layout
[  2.914s] [EditMode] starting setup_layout_info
[  2.917s] [EditMode] finished setup_layout_info in 3.89ms
[  2.917s] [EditMode] starting apply_system_anchors
[  3.076s] [EditMode] finished apply_system_anchors in 158.51ms
[  3.076s] [EditMode] starting finalize_action_bar_positions
[  3.078s] [EditMode] finished finalize_action_bar_positions in 2.05ms
[  3.078s] [EditMode] starting invoke_anchor_changed_hooks
[  3.078s] [EditMode] finished invoke_anchor_changed_hooks in 458.52µs
[  3.078s] [EditMode] starting fix_action_bar_nan_size
[  3.079s] [EditMode] finished fix_action_bar_nan_size in 44.23µs
[  3.079s] [EditMode] starting fix_action_bar_scale
[  3.079s] [EditMode] finished fix_action_bar_scale in 5.70µs
[  3.079s] [Workarounds] finished init_edit_mode_layout in 165.00ms
[  3.079s] [Workarounds] starting patch_ui_parent_panel_toggles
[  3.079s] [Workarounds] finished patch_ui_parent_panel_toggles in 242.79µs
[  3.079s] [Workarounds] starting patch_uiparent_onupdate_worklists
[  3.079s] [Workarounds] finished patch_uiparent_onupdate_worklists in 105.06µs
[  3.079s] [Workarounds] starting init_chat_type_colors
[  3.079s] [Workarounds] finished init_chat_type_colors in 131.41µs
[  3.079s] [Workarounds] starting patch_chat_voice_button_surface
[  3.079s] [Workarounds] finished patch_chat_voice_button_surface in 126.37µs
[  3.079s] [Workarounds] starting patch_item_socketing_tooltips
[  3.079s] [Workarounds] finished patch_item_socketing_tooltips in 61.02µs
[  3.079s] [Workarounds] starting patch_character_select_selected_name
[  3.079s] [Workarounds] finished patch_character_select_selected_name in 32.76µs
[  3.079s] [Workarounds] starting patch_character_create_defaults
[  3.079s] [Workarounds] finished patch_character_create_defaults in 227.32µs
[  3.079s] [Workarounds] starting patch_character_frame_title_refresh
[  3.086s] [Workarounds] finished patch_character_frame_title_refresh in 6.04ms
[  3.086s] [Workarounds] starting patch_vignette_pin_template
[  3.086s] [Workarounds] finished patch_vignette_pin_template in 105.49µs
[  3.086s] [Workarounds] starting patch_fog_of_war_pin_mixin
[  3.086s] [Workarounds] finished patch_fog_of_war_pin_mixin in 287.82µs
[  3.086s] [Workarounds] starting patch_map_exploration_pin_mixin
[  3.092s] [Workarounds] finished patch_map_exploration_pin_mixin in 5.73ms
[  3.092s] [Workarounds] starting patch_map_canvas_data_provider_attachment
[  3.092s] [Workarounds] finished patch_map_canvas_data_provider_attachment in 77.35µs
[  3.092s] [Workarounds] starting ensure_adventure_map_frame_surface
[  3.092s] [Workarounds] finished ensure_adventure_map_frame_surface in 506.05µs
[  3.092s] [Workarounds] starting patch_action_bar_button_event_fanout
[  3.092s] [Workarounds] finished patch_action_bar_button_event_fanout in 108.18µs
[  3.092s] [Workarounds] starting patch_paging_controls_page_text
[  3.092s] [Workarounds] finished patch_paging_controls_page_text in 41.48µs
[  3.092s] [Workarounds] starting patch_talent_edge_frame_level_sync
[  3.092s] [Workarounds] finished patch_talent_edge_frame_level_sync in 31.71µs
[  3.092s] [Workarounds] starting patch_catalog_shop_product_card_defaults
[  3.093s] [Workarounds] finished patch_catalog_shop_product_card_defaults in 62.91µs
[  3.093s] [Workarounds] starting patch_game_time_defaults
[  3.093s] [Workarounds] finished patch_game_time_defaults in 7.78µs
[  3.093s] [Workarounds] starting patch_tooltip_nineslice_surface
[  3.093s] [Workarounds] finished patch_tooltip_nineslice_surface in 43.66µs
[  3.093s] [Workarounds] starting patch_container_frame_token_tracker
[  3.093s] [Workarounds] finished patch_container_frame_token_tracker in 41.63µs
[  3.093s] [Workarounds] starting patch_achievement_display_set_achievements
[  3.093s] [Workarounds] finished patch_achievement_display_set_achievements in 8.82µs
[  3.093s] [Workarounds] starting patch_housing_dashboard_preload
[  3.093s] [Workarounds] finished patch_housing_dashboard_preload in 170.93µs
[  3.093s] [Workarounds] starting patch_lfg_lock_list
[  3.093s] [Workarounds] finished patch_lfg_lock_list in 45.20µs
[  3.093s] [Workarounds] starting patch_auction_house_browse_results_event
[  3.093s] [Workarounds] finished patch_auction_house_browse_results_event in 63.72µs
[  3.093s] [Workarounds] starting patch_auction_house_search_context_aliases
[  3.093s] [Workarounds] finished patch_auction_house_search_context_aliases in 29.19µs
[  3.093s] [Workarounds] starting patch_auth_challenge_frame_parent
[  3.093s] [Workarounds] finished patch_auth_challenge_frame_parent in 72.51µs
[  3.093s] [Workarounds] starting patch_settings_surface_defaults
[  3.093s] [Workarounds] finished patch_settings_surface_defaults in 360.65µs
[  3.093s] [Workarounds] starting patch_settings_canvas_layout_visibility
[  3.093s] [Workarounds] finished patch_settings_canvas_layout_visibility in 113.50µs
[  3.093s] [Startup] apply_post_load_workarounds: workarounds complete
[  3.167s] [Startup] apply_post_load_workarounds: globals restored
[  3.168s] [Startup] apply_post_load_workarounds: patch 12.1 compatibility restored
[  3.168s] [Startup] apply_post_load_workarounds: seterrorhandler restored
[  3.341s] [Startup] begin login sequence
[  3.341s] [Startup] Firing ADDON_LOADED
[  3.341s] [Startup] Firing VARIABLES_LOADED
[  3.464s] [Startup] Firing DISPLAY_SIZE_CHANGED
[  3.536s] [Startup] Firing UI_SCALE_CHANGED
[  3.538s] [Startup] Firing PLAYER_LOGIN
[  3.538s] [Startup] end login sequence in 197.03ms
[  3.538s] [Startup] begin world enter sequence
[  3.538s] [Startup] Skipping EDIT_MODE_LAYOUTS_UPDATED
[  3.538s] [Startup] Firing TIME_PLAYED_MSG via RequestTimePlayed
[  3.538s] [Startup] Firing PLAYER_ENTERING_WORLD
[  3.861s] [EditMode] starting setup_layout_info
[  3.866s] [EditMode] finished setup_layout_info in 5.12ms
[  3.866s] [EditMode] starting apply_system_anchors
[  4.044s] [EditMode] finished apply_system_anchors in 177.91ms
[  4.044s] [EditMode] starting finalize_action_bar_positions
[  4.048s] [EditMode] finished finalize_action_bar_positions in 3.92ms
[  4.048s] [EditMode] starting invoke_anchor_changed_hooks
[  4.059s] [EditMode] finished invoke_anchor_changed_hooks in 10.99ms
[  4.059s] [EditMode] starting fix_action_bar_nan_size
[  4.059s] [EditMode] finished fix_action_bar_nan_size in 99.82µs
[  4.059s] [EditMode] starting fix_action_bar_scale
[  4.059s] [EditMode] finished fix_action_bar_scale in 5.88µs
[  4.059s] [EditMode] starting reapply_player_frame_anchor
[  4.061s] [EditMode] finished reapply_player_frame_anchor in 1.75ms
[  4.073s] [Startup] end world enter sequence in 535.66ms
[  4.073s] [Startup] begin post-login events
[  4.075s] [Startup] Firing UNIT_AURA
[  4.077s] [Startup] Firing PET_UI_UPDATE
[  4.081s] [Startup] Firing BAG_UPDATE_DELAYED
[  4.083s] [Startup] Firing QUEST_LOG_UPDATE
[  4.084s] [Startup] Firing GROUP_ROSTER_UPDATE
[  4.197s] [Startup] Firing ACTIONBAR_UPDATE_STATE
[  4.197s] [Startup] Firing ACTIONBAR_UPDATE_COOLDOWN
[  4.199s] [Startup] Firing UPDATE_BONUS_ACTIONBAR
[  4.213s] [Startup] Firing PLAYER_CAN_GLIDE_CHANGED
[  4.213s] [Startup] Firing PLAYER_IS_GLIDING_CHANGED
[  4.213s] [Startup] Firing UPDATE_BINDINGS
[  4.217s] [Startup] Firing UPDATE_CHAT_WINDOWS
[  4.220s] [Startup] Firing LFG_UPDATE_RANDOM_INFO
[  4.221s] [Startup] end post-login events in 147.81ms
[  4.221s] [Startup] begin close startup special windows
[  4.222s] [Startup] end close startup special windows in 316.79µs
[  4.222s] [Startup] begin FIRST_FRAME_RENDERED
[  4.222s] [Startup] Firing FIRST_FRAME_RENDERED
[  4.222s] [Startup] end FIRST_FRAME_RENDERED in 198.88µs
[  4.222s] [Startup] begin unblock hidden splash alerts
[  4.222s] [Startup] end unblock hidden splash alerts in 16.02µs
[  4.222s] [Startup] begin post-event workarounds
[  4.222s] [Startup] end post-event workarounds in 851.00ns
CVar default mismatch wt-cvars-CMAA2HalfFloat-814: page=Some("0"), observed=Some("1")
CVar default mismatch wt-cvars-luaErrorExceptions-835: page=Some("1"), observed=None
CVar default mismatch wt-cvars-minimapTrackedInfov3-837: page=Some("1006319"), observed=None
CVar default mismatch wt-cvars-SoftTargetEnemyRange-857: page=Some("45"), observed=Some("45.000000")
CVar default mismatch wt-cvars-SoftTargetFriendRange-861: page=Some("45"), observed=Some("45.000000")
CVar default mismatch wt-cvars-SoftTargetInteractRange-869: page=Some("10"), observed=Some("10.000000")
CVar default mismatch wt-cvars-SoftTargetWorldtextFarDist-884: page=Some("40"), observed=Some("40.000000")
CVar default mismatch wt-cvars-SoftTargetWorldtextNearDist-885: page=Some("4"), observed=Some("4.000000")
CVar default mismatch wt-cvars-SoftTargetWorldtextNearScale-886: page=Some("1"), observed=Some("1.000000")
CVar default mismatch wt-cvars-SoftTargetWorldtextSize-887: page=Some("32"), observed=Some("32.000000")
CVar default mismatch wt-cvars-WorldTextMinSize-901: page=Some("0"), observed=Some("0.000000")
CVar default mismatch wt-cvars-vrsValarEnvLuma-109: page=Some("0.05"), observed=None
CVar default mismatch wt-cvars-vrsValarK-110: page=Some("2.13"), observed=None
CVar default mismatch wt-cvars-vrsValarSensitivityThreshold-111: page=Some("0.31"), observed=None
CVar default mismatch wt-cvars-vrsValarUseAsyncCompute-112: page=Some("0"), observed=None
CVar default mismatch wt-cvars-vrsValarUseMotionVectors-113: page=Some("0"), observed=None
CVar default mismatch wt-cvars-vrsValarUseWeberFechner-114: page=Some("0"), observed=None
CVar default mismatch wt-cvars-vrsValarWeberFechnerConstant-115: page=Some("1.0"), observed=None
CVar default mismatch wt-cvars-nameplateGameObjectMaxDistance-400: page=Some("30"), observed=Some("30.000000")
CVar default mismatch wt-cvars-wmoPortalInteriorFade-168: page=Some("0"), observed=Some("1")
CVar default mismatch wt-cvars-advFlyKeyboardMaxPitchFactor-245: page=Some("5.0"), observed=Some("5.000000")
CVar default mismatch wt-cvars-advFlyKeyboardMaxTurnFactor-246: page=Some("8.0"), observed=Some("8.000000")
CVar default mismatch wt-cvars-advFlyKeyboardMinPitchFactor-247: page=Some("2.5"), observed=Some("2.500000")
CVar default mismatch wt-cvars-advFlyKeyboardMinTurnFactor-248: page=Some("5.0"), observed=Some("5.000000")
CVar default mismatch wt-cvars-advFlyPitchControlCameraChase-249: page=Some("20.0"), observed=Some("20.000000")
CVar default mismatch wt-cvars-gxMTDecals-249: page=Some("1"), observed=Some("0")
CVar default mismatch wt-cvars-AllowSoftwareRendererDX12-653: page=Some("0"), observed=None
CVar default mismatch wt-cvars-AllowWinRT-655: page=Some("0"), observed=None
CVar default mismatch wt-cvars-cameraIndirectOffset-658: page=Some("1.500000"), observed=Some("6.000000")
CVar default mismatch wt-cvars-questPOILocalStory-692: page=Some("0"), observed=Some("1")
CVar default mismatch wt-cvars-showPhotosensitivityWarning-700: page=Some("0"), observed=Some("-1")
CVar default mismatch wt-cvars-showTempMaxHealthLoss-703: page=Some("0"), observed=Some("1")
CVar default mismatch wt-cvars-vrsValarAlwaysOn-714: page=Some("0"), observed=None
CVar default mismatch wt-cvars-vrsValarLPUseCornerSampling-716: page=Some("1"), observed=None
CVar default mismatch wt-cvars-graphicsComputeEffects-219: page=Some("4"), observed=Some("1")
CVar default mismatch wt-cvars-RAIDVolumeFog-224: page=Some("1"), observed=Some("0")
CVar default mismatch wt-cvars-CameraFollowGamepadAdjustDelay-208: page=Some("1.0"), observed=Some("1.000000")
CVar default mismatch wt-cvars-CameraFollowGamepadAdjustEaseIn-209: page=Some("1.0"), observed=Some("1.000000")
CVar default mismatch wt-cvars-TTSUseCharacterSettings-227: page=Some("1"), observed=None
CVar default mismatch wt-cvars-CMAA2Quality-137: page=Some("2"), observed=Some("3")
CVar default mismatch wt-cvars-cameraFov-242: page=Some("90"), observed=Some("90.000000")
CVar default mismatch wt-cvars-enableSourceLocationLookup-243: page=Some("0"), observed=Some("1")
