running 1 tests
test patch_4_1_0_publication_sweep::patch_4_1_0_publication_sweep ... FAILED (panic: assertion `left == right` failed: new gaps: ["p410-negative-control"]; resolved/stale gaps: []
  left: {"p410-negative-control", "wt-events-COMBAT_LOG_EVENT-4", "wt-events-COMBAT_LOG_EVENT-86", "wt-events-COMBAT_LOG_EVENT_UNFILTERED-4", "wt-events-COMBAT_LOG_EVENT_UNFILTERED-86", "wt-global-api-CalendarContextEventCanRemove-12", "wt-global-api-CalendarEventGetTypesDisplayOrdered-13", "wt-global-api-CanEditGuildBankTabInfo-58", "wt-global-api-GetCurrentEventID-15", "wt-global-api-GetDebugSpellEffects-62", "wt-global-api-GetDungeonForRandomSlot-63", "wt-global-api-GetEventTime-14", "wt-global-api-GetGuildBankBonusDepositMoney-64", "wt-global-api-GetLFGDungeonShortageRewardInfo-46", "wt-global-api-GetLFGDungeonShortageRewardLink-47", "wt-global-api-GetMaxAnimFramerate-66", "wt-global-api-GetNamePlateMotionType-67", "wt-global-api-GetNetIpTypes-68", "wt-global-api-GetNumDungeonForRandomSlot-69", "wt-global-api-GetNumNamePlateMotionTypes-70", "wt-global-api-GetNumberOfDetailTiles-71", "wt-global-api-GetRegisteredAddonMessagePrefixes-54", "wt-global-api-GetTrainerTradeskillRankValues-72", "wt-global-api-IsAddonMessagePrefixRegistered-55", "wt-global-api-ModifyEquipmentSet-78", "wt-global-api-RegisterAddonMessagePrefix-5", "wt-global-api-RegisterAddonMessagePrefix-56", "wt-global-api-SetBarSlotFromIntro-79", "wt-global-api-SetGuildMemberRank-80", "wt-global-api-SetMaxAnimFramerate-81", "wt-global-api-SetNamePlateMotionType-82"}
 right: {"wt-events-COMBAT_LOG_EVENT-4", "wt-events-COMBAT_LOG_EVENT-86", "wt-events-COMBAT_LOG_EVENT_UNFILTERED-4", "wt-events-COMBAT_LOG_EVENT_UNFILTERED-86", "wt-global-api-CalendarContextEventCanRemove-12", "wt-global-api-CalendarEventGetTypesDisplayOrdered-13", "wt-global-api-CanEditGuildBankTabInfo-58", "wt-global-api-GetCurrentEventID-15", "wt-global-api-GetDebugSpellEffects-62", "wt-global-api-GetDungeonForRandomSlot-63", "wt-global-api-GetEventTime-14", "wt-global-api-GetGuildBankBonusDepositMoney-64", "wt-global-api-GetLFGDungeonShortageRewardInfo-46", "wt-global-api-GetLFGDungeonShortageRewardLink-47", "wt-global-api-GetMaxAnimFramerate-66", "wt-global-api-GetNamePlateMotionType-67", "wt-global-api-GetNetIpTypes-68", "wt-global-api-GetNumDungeonForRandomSlot-69", "wt-global-api-GetNumNamePlateMotionTypes-70", "wt-global-api-GetNumberOfDetailTiles-71", "wt-global-api-GetRegisteredAddonMessagePrefixes-54", "wt-global-api-GetTrainerTradeskillRankValues-72", "wt-global-api-IsAddonMessagePrefixRegistered-55", "wt-global-api-ModifyEquipmentSet-78", "wt-global-api-RegisterAddonMessagePrefix-5", "wt-global-api-RegisterAddonMessagePrefix-56", "wt-global-api-SetBarSlotFromIntro-79", "wt-global-api-SetGuildMemberRank-80", "wt-global-api-SetMaxAnimFramerate-81", "wt-global-api-SetNamePlateMotionType-82"})

test result: FAILED. 0 passed; 1 failed; 1 total
warning: iced-wgpu-patched/Cargo.toml: `lints.clippy.large-enum-variant` is deprecated in favor of `lints.clippy.large_enum_variant` and will not work in a future edition
warning: iced-wgpu-patched/Cargo.toml: `lints.clippy.map-entry` is deprecated in favor of `lints.clippy.map_entry` and will not work in a future edition
warning: iced-wgpu-patched/Cargo.toml: `lints.clippy.match-wildcard-for-single-variants` is deprecated in favor of `lints.clippy.match_wildcard_for_single_variants` and will not work in a future edition
warning: iced-wgpu-patched/Cargo.toml: `lints.clippy.redundant-closure-for-method-calls` is deprecated in favor of `lints.clippy.redundant_closure_for_method_calls` and will not work in a future edition
warning: iced-wgpu-patched/Cargo.toml: `lints.clippy.trivially-copy-pass-by-ref` is deprecated in favor of `lints.clippy.trivially_copy_pass_by_ref` and will not work in a future edition
warning: iced-wgpu-patched/Cargo.toml: `lints.clippy.type-complexity` is deprecated in favor of `lints.clippy.type_complexity` and will not work in a future edition
warning: `iced_wgpu` (manifest) generated 6 warnings
   Compiling wow-ui-sim v0.1.0 (/home/osso/.worktrees/wow-ui-sim-p410-source)
    Finished `test` profile [optimized + debuginfo] target(s) in 1m 59s
     Running tests/prefork_full_ui.rs (target/debug/deps/prefork_full_ui-21dd5c807fe7a7b6)
[  0.000s] [Startup] WowLuaEnv::new begin
[  0.002s] [Startup] SimState::default complete in 2.41ms
[  0.003s] [Startup] rilua VM created in 180.23µs
[  0.003s] [Startup] builtin frames initialized in 109.66µs
[  0.003s] [Startup] template registry cleared in 12.13µs
[  0.003s] [Startup] intrinsic templates registered in 8.34µs
[  0.003s] [Startup] initial app_data lua handle installed in 451.00ns
[  0.205s] [Startup] init_lua_state complete in 201.85ms
[  0.205s] [Startup] final app_data lua handle installed in 320.00ns
[  0.205s] [Startup] initial screen globals installed in 145.79µs
[  0.205s] [Startup] WowLuaEnv::new complete
[  3.363s] [Startup] apply_post_load_workarounds: begin
[  3.363s] [Workarounds] starting patch_edit_mode_manager
[  3.363s] [Workarounds] finished patch_edit_mode_manager in 349.22µs
[  3.363s] [Workarounds] starting init_edit_mode_layout
[  3.363s] [EditMode] starting setup_layout_info
[  3.367s] [EditMode] finished setup_layout_info in 3.82ms
[  3.367s] [EditMode] starting apply_system_anchors
[  3.559s] [EditMode] finished apply_system_anchors in 192.27ms
[  3.559s] [EditMode] starting finalize_action_bar_positions
[  3.564s] [EditMode] finished finalize_action_bar_positions in 4.26ms
[  3.564s] [EditMode] starting invoke_anchor_changed_hooks
[  3.565s] [EditMode] finished invoke_anchor_changed_hooks in 907.84µs
[  3.565s] [EditMode] starting fix_action_bar_nan_size
[  3.565s] [EditMode] finished fix_action_bar_nan_size in 105.46µs
[  3.565s] [EditMode] starting fix_action_bar_scale
[  3.565s] [EditMode] finished fix_action_bar_scale in 5.82µs
[  3.565s] [Workarounds] finished init_edit_mode_layout in 201.47ms
[  3.565s] [Workarounds] starting patch_ui_parent_panel_toggles
[  3.565s] [Workarounds] finished patch_ui_parent_panel_toggles in 350.52µs
[  3.565s] [Workarounds] starting patch_uiparent_onupdate_worklists
[  3.565s] [Workarounds] finished patch_uiparent_onupdate_worklists in 125.68µs
[  3.565s] [Workarounds] starting init_chat_type_colors
[  3.566s] [Workarounds] finished init_chat_type_colors in 231.79µs
[  3.566s] [Workarounds] starting patch_chat_voice_button_surface
[  3.566s] [Workarounds] finished patch_chat_voice_button_surface in 246.23µs
[  3.566s] [Workarounds] starting patch_item_socketing_tooltips
[  3.566s] [Workarounds] finished patch_item_socketing_tooltips in 100.17µs
[  3.566s] [Workarounds] starting patch_character_select_selected_name
[  3.566s] [Workarounds] finished patch_character_select_selected_name in 36.52µs
[  3.566s] [Workarounds] starting patch_character_create_defaults
[  3.566s] [Workarounds] finished patch_character_create_defaults in 304.77µs
[  3.566s] [Workarounds] starting patch_character_frame_title_refresh
[  3.574s] [Workarounds] finished patch_character_frame_title_refresh in 7.33ms
[  3.574s] [Workarounds] starting patch_vignette_pin_template
[  3.574s] [Workarounds] finished patch_vignette_pin_template in 280.39µs
[  3.574s] [Workarounds] starting patch_fog_of_war_pin_mixin
[  3.574s] [Workarounds] finished patch_fog_of_war_pin_mixin in 417.00µs
[  3.574s] [Workarounds] starting patch_map_exploration_pin_mixin
[  3.582s] [Workarounds] finished patch_map_exploration_pin_mixin in 7.87ms
[  3.582s] [Workarounds] starting patch_map_canvas_data_provider_attachment
[  3.582s] [Workarounds] finished patch_map_canvas_data_provider_attachment in 222.43µs
[  3.582s] [Workarounds] starting ensure_adventure_map_frame_surface
[  3.583s] [Workarounds] finished ensure_adventure_map_frame_surface in 838.43µs
[  3.583s] [Workarounds] starting patch_action_bar_button_event_fanout
[  3.584s] [Workarounds] finished patch_action_bar_button_event_fanout in 197.54µs
[  3.584s] [Workarounds] starting patch_paging_controls_page_text
[  3.584s] [Workarounds] finished patch_paging_controls_page_text in 67.08µs
[  3.584s] [Workarounds] starting patch_talent_edge_frame_level_sync
[  3.584s] [Workarounds] finished patch_talent_edge_frame_level_sync in 38.99µs
[  3.584s] [Workarounds] starting patch_catalog_shop_product_card_defaults
[  3.584s] [Workarounds] finished patch_catalog_shop_product_card_defaults in 81.36µs
[  3.584s] [Workarounds] starting patch_game_time_defaults
[  3.584s] [Workarounds] finished patch_game_time_defaults in 11.54µs
[  3.584s] [Workarounds] starting patch_tooltip_nineslice_surface
[  3.584s] [Workarounds] finished patch_tooltip_nineslice_surface in 53.39µs
[  3.584s] [Workarounds] starting patch_container_frame_token_tracker
[  3.584s] [Workarounds] finished patch_container_frame_token_tracker in 48.14µs
[  3.584s] [Workarounds] starting patch_achievement_display_set_achievements
[  3.584s] [Workarounds] finished patch_achievement_display_set_achievements in 11.31µs
[  3.584s] [Workarounds] starting patch_housing_dashboard_preload
[  3.584s] [Workarounds] finished patch_housing_dashboard_preload in 291.14µs
[  3.584s] [Workarounds] starting patch_lfg_lock_list
[  3.584s] [Workarounds] finished patch_lfg_lock_list in 52.68µs
[  3.584s] [Workarounds] starting patch_auction_house_browse_results_event
[  3.584s] [Workarounds] finished patch_auction_house_browse_results_event in 74.59µs
[  3.584s] [Workarounds] starting patch_auction_house_search_context_aliases
[  3.584s] [Workarounds] finished patch_auction_house_search_context_aliases in 35.50µs
[  3.584s] [Workarounds] starting patch_auth_challenge_frame_parent
[  3.584s] [Workarounds] finished patch_auth_challenge_frame_parent in 139.72µs
[  3.584s] [Workarounds] starting patch_settings_surface_defaults
[  3.585s] [Workarounds] finished patch_settings_surface_defaults in 569.89µs
[  3.585s] [Workarounds] starting patch_settings_canvas_layout_visibility
[  3.585s] [Workarounds] finished patch_settings_canvas_layout_visibility in 132.89µs
[  3.585s] [Startup] apply_post_load_workarounds: workarounds complete
[  3.682s] [Startup] apply_post_load_workarounds: globals restored
[  3.682s] [Startup] apply_post_load_workarounds: patch 12.1 compatibility restored
[  3.682s] [Startup] apply_post_load_workarounds: seterrorhandler restored
[  4.030s] [Startup] begin login sequence
[  4.030s] [Startup] Firing ADDON_LOADED
[  4.030s] [Startup] Firing VARIABLES_LOADED
[  4.231s] [Startup] Firing DISPLAY_SIZE_CHANGED
[  4.343s] [Startup] Firing UI_SCALE_CHANGED
[  4.345s] [Startup] Firing PLAYER_LOGIN
[  4.346s] [Startup] end login sequence in 315.62ms
[  4.346s] [Startup] begin world enter sequence
[  4.346s] [Startup] Skipping EDIT_MODE_LAYOUTS_UPDATED
[  4.346s] [Startup] Firing TIME_PLAYED_MSG via RequestTimePlayed
[  4.346s] [Startup] Firing PLAYER_ENTERING_WORLD
[  4.717s] [EditMode] starting setup_layout_info
[  4.721s] [EditMode] finished setup_layout_info in 4.50ms
[  4.721s] [EditMode] starting apply_system_anchors
[  4.948s] [EditMode] finished apply_system_anchors in 226.52ms
[  4.948s] [EditMode] starting finalize_action_bar_positions
[  4.953s] [EditMode] finished finalize_action_bar_positions in 5.42ms
[  4.953s] [EditMode] starting invoke_anchor_changed_hooks
[  4.966s] [EditMode] finished invoke_anchor_changed_hooks in 12.68ms
[  4.966s] [EditMode] starting fix_action_bar_nan_size
[  4.966s] [EditMode] finished fix_action_bar_nan_size in 175.59µs
[  4.966s] [EditMode] starting fix_action_bar_scale
[  4.966s] [EditMode] finished fix_action_bar_scale in 9.82µs
[  4.966s] [EditMode] starting reapply_player_frame_anchor
[  4.969s] [EditMode] finished reapply_player_frame_anchor in 2.79ms
[  4.981s] [Startup] end world enter sequence in 635.36ms
[  4.981s] [Startup] begin post-login events
[  4.983s] [Startup] Firing UNIT_AURA
[  4.984s] [Startup] Firing PET_UI_UPDATE
[  4.988s] [Startup] Firing BAG_UPDATE_DELAYED
[  4.990s] [Startup] Firing QUEST_LOG_UPDATE
[  4.991s] [Startup] Firing GROUP_ROSTER_UPDATE
[  5.126s] [Startup] Firing ACTIONBAR_UPDATE_STATE
[  5.126s] [Startup] Firing ACTIONBAR_UPDATE_COOLDOWN
[  5.130s] [Startup] Firing UPDATE_BONUS_ACTIONBAR
[  5.152s] [Startup] Firing PLAYER_CAN_GLIDE_CHANGED
[  5.152s] [Startup] Firing PLAYER_IS_GLIDING_CHANGED
[  5.152s] [Startup] Firing UPDATE_BINDINGS
[  5.156s] [Startup] Firing UPDATE_CHAT_WINDOWS
[  5.160s] [Startup] Firing LFG_UPDATE_RANDOM_INFO
[  5.161s] [Startup] end post-login events in 179.88ms
[  5.161s] [Startup] begin close startup special windows
[  5.161s] [Startup] end close startup special windows in 339.28µs
[  5.161s] [Startup] begin FIRST_FRAME_RENDERED
[  5.161s] [Startup] Firing FIRST_FRAME_RENDERED
[  5.161s] [Startup] end FIRST_FRAME_RENDERED in 227.67µs
[  5.161s] [Startup] begin unblock hidden splash alerts
[  5.161s] [Startup] end unblock hidden splash alerts in 18.28µs
[  5.161s] [Startup] begin post-event workarounds
[  5.161s] [Startup] end post-event workarounds in 981.00ns

thread 'main' (1796340) panicked at /home/osso/.worktrees/wow-ui-sim-p410-source/tests/common/publication_sweep.rs:544:5:
assertion `left == right` failed: new gaps: ["p410-negative-control"]; resolved/stale gaps: []
  left: {"p410-negative-control", "wt-events-COMBAT_LOG_EVENT-4", "wt-events-COMBAT_LOG_EVENT-86", "wt-events-COMBAT_LOG_EVENT_UNFILTERED-4", "wt-events-COMBAT_LOG_EVENT_UNFILTERED-86", "wt-global-api-CalendarContextEventCanRemove-12", "wt-global-api-CalendarEventGetTypesDisplayOrdered-13", "wt-global-api-CanEditGuildBankTabInfo-58", "wt-global-api-GetCurrentEventID-15", "wt-global-api-GetDebugSpellEffects-62", "wt-global-api-GetDungeonForRandomSlot-63", "wt-global-api-GetEventTime-14", "wt-global-api-GetGuildBankBonusDepositMoney-64", "wt-global-api-GetLFGDungeonShortageRewardInfo-46", "wt-global-api-GetLFGDungeonShortageRewardLink-47", "wt-global-api-GetMaxAnimFramerate-66", "wt-global-api-GetNamePlateMotionType-67", "wt-global-api-GetNetIpTypes-68", "wt-global-api-GetNumDungeonForRandomSlot-69", "wt-global-api-GetNumNamePlateMotionTypes-70", "wt-global-api-GetNumberOfDetailTiles-71", "wt-global-api-GetRegisteredAddonMessagePrefixes-54", "wt-global-api-GetTrainerTradeskillRankValues-72", "wt-global-api-IsAddonMessagePrefixRegistered-55", "wt-global-api-ModifyEquipmentSet-78", "wt-global-api-RegisterAddonMessagePrefix-5", "wt-global-api-RegisterAddonMessagePrefix-56", "wt-global-api-SetBarSlotFromIntro-79", "wt-global-api-SetGuildMemberRank-80", "wt-global-api-SetMaxAnimFramerate-81", "wt-global-api-SetNamePlateMotionType-82"}
 right: {"wt-events-COMBAT_LOG_EVENT-4", "wt-events-COMBAT_LOG_EVENT-86", "wt-events-COMBAT_LOG_EVENT_UNFILTERED-4", "wt-events-COMBAT_LOG_EVENT_UNFILTERED-86", "wt-global-api-CalendarContextEventCanRemove-12", "wt-global-api-CalendarEventGetTypesDisplayOrdered-13", "wt-global-api-CanEditGuildBankTabInfo-58", "wt-global-api-GetCurrentEventID-15", "wt-global-api-GetDebugSpellEffects-62", "wt-global-api-GetDungeonForRandomSlot-63", "wt-global-api-GetEventTime-14", "wt-global-api-GetGuildBankBonusDepositMoney-64", "wt-global-api-GetLFGDungeonShortageRewardInfo-46", "wt-global-api-GetLFGDungeonShortageRewardLink-47", "wt-global-api-GetMaxAnimFramerate-66", "wt-global-api-GetNamePlateMotionType-67", "wt-global-api-GetNetIpTypes-68", "wt-global-api-GetNumDungeonForRandomSlot-69", "wt-global-api-GetNumNamePlateMotionTypes-70", "wt-global-api-GetNumberOfDetailTiles-71", "wt-global-api-GetRegisteredAddonMessagePrefixes-54", "wt-global-api-GetTrainerTradeskillRankValues-72", "wt-global-api-IsAddonMessagePrefixRegistered-55", "wt-global-api-ModifyEquipmentSet-78", "wt-global-api-RegisterAddonMessagePrefix-5", "wt-global-api-RegisterAddonMessagePrefix-56", "wt-global-api-SetBarSlotFromIntro-79", "wt-global-api-SetGuildMemberRank-80", "wt-global-api-SetMaxAnimFramerate-81", "wt-global-api-SetNamePlateMotionType-82"}
note: run with `RUST_BACKTRACE=1` environment variable to display a backtrace
error: test failed, to rerun pass `--test prefork_full_ui`

Caused by:
  process didn't exit successfully: `/home/osso/.worktrees/wow-ui-sim-p410-source/target/debug/deps/prefork_full_ui-21dd5c807fe7a7b6 patch_4_1_0_publication_sweep --nocapture` (exit status: 1)
