A	data/patch-api/evidence/narrow-repairs-2026-10-09/integrated/era-target-gates/main-retention.json
A	data/patch-api/evidence/narrow-repairs-2026-10-09/integrated/era-target-gates/metadata.stderr
A	data/patch-api/evidence/narrow-repairs-2026-10-09/integrated/era-target-gates/metadata.stdout
A	data/patch-api/evidence/narrow-repairs-2026-10-09/integrated/era-target-gates/patch_1_13_2_cvar_state.receipt.json
A	data/patch-api/evidence/narrow-repairs-2026-10-09/integrated/era-target-gates/patch_1_13_2_cvar_state.stderr
A	data/patch-api/evidence/narrow-repairs-2026-10-09/integrated/era-target-gates/patch_1_13_2_cvar_state.stdout
A	data/patch-api/evidence/narrow-repairs-2026-10-09/integrated/era-target-gates/patch_1_13_3_npc_health.receipt.json
A	data/patch-api/evidence/narrow-repairs-2026-10-09/integrated/era-target-gates/patch_1_13_3_npc_health.stderr
A	data/patch-api/evidence/narrow-repairs-2026-10-09/integrated/era-target-gates/patch_1_13_3_npc_health.stdout
A	data/patch-api/evidence/narrow-repairs-2026-10-09/integrated/era1132-retail-redirects/1.10.2-copied-source/receipt-start.json
A	data/patch-api/evidence/narrow-repairs-2026-10-09/integrated/era1132-retail-redirects/1.10.2-copied-source/receipt.json
A	data/patch-api/evidence/narrow-repairs-2026-10-09/integrated/era1132-retail-redirects/1.10.2-copied-source/stderr.txt
A	data/patch-api/evidence/narrow-repairs-2026-10-09/integrated/era1132-retail-redirects/1.10.2-copied-source/stdout.txt
A	data/patch-api/evidence/narrow-repairs-2026-10-09/integrated/era1132-retail-redirects/1.10.2-copied-validator/receipt-start.json
A	data/patch-api/evidence/narrow-repairs-2026-10-09/integrated/era1132-retail-redirects/1.10.2-copied-validator/receipt.json
A	data/patch-api/evidence/narrow-repairs-2026-10-09/integrated/era1132-retail-redirects/1.10.2-copied-validator/stderr.txt
A	data/patch-api/evidence/narrow-repairs-2026-10-09/integrated/era1132-retail-redirects/1.10.2-copied-validator/stdout.txt
A	data/patch-api/evidence/narrow-repairs-2026-10-09/integrated/era1132-retail-redirects/1.10.2-original-validator/receipt-start.json
A	data/patch-api/evidence/narrow-repairs-2026-10-09/integrated/era1132-retail-redirects/1.10.2-original-validator/receipt.json
A	data/patch-api/evidence/narrow-repairs-2026-10-09/integrated/era1132-retail-redirects/1.10.2-original-validator/stderr.txt
A	data/patch-api/evidence/narrow-repairs-2026-10-09/integrated/era1132-retail-redirects/1.10.2-original-validator/stdout.txt
A	data/patch-api/evidence/narrow-repairs-2026-10-09/integrated/era1132-retail-redirects/1.10.2-portable-receipts.json
A	data/patch-api/evidence/narrow-repairs-2026-10-09/integrated/era1132-retail-redirects/1.10.2-portable/receipt-start.json
A	data/patch-api/evidence/narrow-repairs-2026-10-09/integrated/era1132-retail-redirects/1.10.2-portable/receipt.json
A	data/patch-api/evidence/narrow-repairs-2026-10-09/integrated/era1132-retail-redirects/1.10.2-portable/stderr.txt
A	data/patch-api/evidence/narrow-repairs-2026-10-09/integrated/era1132-retail-redirects/1.10.2-portable/stdout.txt
A	data/patch-api/evidence/narrow-repairs-2026-10-09/integrated/era1132-retail-redirects/1.10.2-receipt-seals.json
A	data/patch-api/evidence/narrow-repairs-2026-10-09/integrated/era1132-retail-redirects/1.10.2-source/receipt-start.json
A	data/patch-api/evidence/narrow-repairs-2026-10-09/integrated/era1132-retail-redirects/1.10.2-source/receipt.json
A	data/patch-api/evidence/narrow-repairs-2026-10-09/integrated/era1132-retail-redirects/1.10.2-source/stderr.txt
A	data/patch-api/evidence/narrow-repairs-2026-10-09/integrated/era1132-retail-redirects/1.10.2-source/stdout.txt
A	data/patch-api/evidence/narrow-repairs-2026-10-09/integrated/era1132-retail-redirects/1.11.0-copied-source/receipt-start.json
A	data/patch-api/evidence/narrow-repairs-2026-10-09/integrated/era1132-retail-redirects/1.11.0-copied-source/receipt.json
A	data/patch-api/evidence/narrow-repairs-2026-10-09/integrated/era1132-retail-redirects/1.11.0-copied-source/stderr.txt
A	data/patch-api/evidence/narrow-repairs-2026-10-09/integrated/era1132-retail-redirects/1.11.0-copied-source/stdout.txt
A	data/patch-api/evidence/narrow-repairs-2026-10-09/integrated/era1132-retail-redirects/1.11.0-copied-validator/receipt-start.json
A	data/patch-api/evidence/narrow-repairs-2026-10-09/integrated/era1132-retail-redirects/1.11.0-copied-validator/receipt.json
A	data/patch-api/evidence/narrow-repairs-2026-10-09/integrated/era1132-retail-redirects/1.11.0-copied-validator/stderr.txt
A	data/patch-api/evidence/narrow-repairs-2026-10-09/integrated/era1132-retail-redirects/1.11.0-copied-validator/stdout.txt
A	data/patch-api/evidence/narrow-repairs-2026-10-09/integrated/era1132-retail-redirects/1.11.0-original-validator/receipt-start.json
A	data/patch-api/evidence/narrow-repairs-2026-10-09/integrated/era1132-retail-redirects/1.11.0-original-validator/receipt.json
A	data/patch-api/evidence/narrow-repairs-2026-10-09/integrated/era1132-retail-redirects/1.11.0-original-validator/stderr.txt
A	data/patch-api/evidence/narrow-repairs-2026-10-09/integrated/era1132-retail-redirects/1.11.0-original-validator/stdout.txt
A	data/patch-api/evidence/narrow-repairs-2026-10-09/integrated/era1132-retail-redirects/1.11.0-portable-receipts.json
A	data/patch-api/evidence/narrow-repairs-2026-10-09/integrated/era1132-retail-redirects/1.11.0-portable/receipt-start.json
A	data/patch-api/evidence/narrow-repairs-2026-10-09/integrated/era1132-retail-redirects/1.11.0-portable/receipt.json
A	data/patch-api/evidence/narrow-repairs-2026-10-09/integrated/era1132-retail-redirects/1.11.0-portable/stderr.txt
A	data/patch-api/evidence/narrow-repairs-2026-10-09/integrated/era1132-retail-redirects/1.11.0-portable/stdout.txt
A	data/patch-api/evidence/narrow-repairs-2026-10-09/integrated/era1132-retail-redirects/1.11.0-receipt-seals.json
A	data/patch-api/evidence/narrow-repairs-2026-10-09/integrated/era1132-retail-redirects/1.11.0-source/receipt-start.json
A	data/patch-api/evidence/narrow-repairs-2026-10-09/integrated/era1132-retail-redirects/1.11.0-source/receipt.json
A	data/patch-api/evidence/narrow-repairs-2026-10-09/integrated/era1132-retail-redirects/1.11.0-source/stderr.txt
A	data/patch-api/evidence/narrow-repairs-2026-10-09/integrated/era1132-retail-redirects/1.11.0-source/stdout.txt
A	data/patch-api/evidence/narrow-repairs-2026-10-09/integrated/era1132-retail-redirects/1.12.0-copied-source/receipt-start.json
A	data/patch-api/evidence/narrow-repairs-2026-10-09/integrated/era1132-retail-redirects/1.12.0-copied-source/receipt.json
A	data/patch-api/evidence/narrow-repairs-2026-10-09/integrated/era1132-retail-redirects/1.12.0-copied-source/stderr.txt
A	data/patch-api/evidence/narrow-repairs-2026-10-09/integrated/era1132-retail-redirects/1.12.0-copied-source/stdout.txt
A	data/patch-api/evidence/narrow-repairs-2026-10-09/integrated/era1132-retail-redirects/1.12.0-copied-validator/receipt-start.json
A	data/patch-api/evidence/narrow-repairs-2026-10-09/integrated/era1132-retail-redirects/1.12.0-copied-validator/receipt.json
A	data/patch-api/evidence/narrow-repairs-2026-10-09/integrated/era1132-retail-redirects/1.12.0-copied-validator/stderr.txt
A	data/patch-api/evidence/narrow-repairs-2026-10-09/integrated/era1132-retail-redirects/1.12.0-copied-validator/stdout.txt
A	data/patch-api/evidence/narrow-repairs-2026-10-09/integrated/era1132-retail-redirects/1.12.0-original-validator/receipt-start.json
A	data/patch-api/evidence/narrow-repairs-2026-10-09/integrated/era1132-retail-redirects/1.12.0-original-validator/receipt.json
A	data/patch-api/evidence/narrow-repairs-2026-10-09/integrated/era1132-retail-redirects/1.12.0-original-validator/stderr.txt
A	data/patch-api/evidence/narrow-repairs-2026-10-09/integrated/era1132-retail-redirects/1.12.0-original-validator/stdout.txt
A	data/patch-api/evidence/narrow-repairs-2026-10-09/integrated/era1132-retail-redirects/1.12.0-portable-receipts.json
A	data/patch-api/evidence/narrow-repairs-2026-10-09/integrated/era1132-retail-redirects/1.12.0-portable/receipt-start.json
A	data/patch-api/evidence/narrow-repairs-2026-10-09/integrated/era1132-retail-redirects/1.12.0-portable/receipt.json
A	data/patch-api/evidence/narrow-repairs-2026-10-09/integrated/era1132-retail-redirects/1.12.0-portable/stderr.txt
A	data/patch-api/evidence/narrow-repairs-2026-10-09/integrated/era1132-retail-redirects/1.12.0-portable/stdout.txt
A	data/patch-api/evidence/narrow-repairs-2026-10-09/integrated/era1132-retail-redirects/1.12.0-receipt-seals.json
A	data/patch-api/evidence/narrow-repairs-2026-10-09/integrated/era1132-retail-redirects/1.12.0-source/receipt-start.json
A	data/patch-api/evidence/narrow-repairs-2026-10-09/integrated/era1132-retail-redirects/1.12.0-source/receipt.json
A	data/patch-api/evidence/narrow-repairs-2026-10-09/integrated/era1132-retail-redirects/1.12.0-source/stderr.txt
A	data/patch-api/evidence/narrow-repairs-2026-10-09/integrated/era1132-retail-redirects/1.12.0-source/stdout.txt
A	data/patch-api/evidence/narrow-repairs-2026-10-09/integrated/era1132-retail-redirects/1.13.2-original-validator/receipt-start.json
A	data/patch-api/evidence/narrow-repairs-2026-10-09/integrated/era1132-retail-redirects/1.13.2-original-validator/receipt.json
A	data/patch-api/evidence/narrow-repairs-2026-10-09/integrated/era1132-retail-redirects/1.13.2-original-validator/stderr.txt
A	data/patch-api/evidence/narrow-repairs-2026-10-09/integrated/era1132-retail-redirects/1.13.2-original-validator/stdout.txt
A	data/patch-api/evidence/narrow-repairs-2026-10-09/integrated/era1132-retail-redirects/1.13.2-portable-receipts.json
A	data/patch-api/evidence/narrow-repairs-2026-10-09/integrated/era1132-retail-redirects/1.13.2-portable/receipt-start.json
A	data/patch-api/evidence/narrow-repairs-2026-10-09/integrated/era1132-retail-redirects/1.13.2-portable/receipt.json
A	data/patch-api/evidence/narrow-repairs-2026-10-09/integrated/era1132-retail-redirects/1.13.2-portable/stderr.txt
A	data/patch-api/evidence/narrow-repairs-2026-10-09/integrated/era1132-retail-redirects/1.13.2-portable/stdout.txt
A	data/patch-api/evidence/narrow-repairs-2026-10-09/integrated/era1132-retail-redirects/1.13.2-source/receipt-start.json
A	data/patch-api/evidence/narrow-repairs-2026-10-09/integrated/era1132-retail-redirects/1.13.2-source/receipt.json
A	data/patch-api/evidence/narrow-repairs-2026-10-09/integrated/era1132-retail-redirects/1.13.2-source/stderr.txt
A	data/patch-api/evidence/narrow-repairs-2026-10-09/integrated/era1132-retail-redirects/1.13.2-source/stdout.txt
A	data/patch-api/evidence/narrow-repairs-2026-10-09/integrated/era1132-retail-redirects/1.13.2-test_successors.py/receipt-start.json
A	data/patch-api/evidence/narrow-repairs-2026-10-09/integrated/era1132-retail-redirects/1.13.2-test_successors.py/receipt.json
A	data/patch-api/evidence/narrow-repairs-2026-10-09/integrated/era1132-retail-redirects/1.13.2-test_successors.py/stderr.txt
A	data/patch-api/evidence/narrow-repairs-2026-10-09/integrated/era1132-retail-redirects/1.13.2-test_successors.py/stdout.txt
A	data/patch-api/evidence/narrow-repairs-2026-10-09/integrated/era1132-retail-redirects/1.13.2-test_validator.py/receipt-start.json
A	data/patch-api/evidence/narrow-repairs-2026-10-09/integrated/era1132-retail-redirects/1.13.2-test_validator.py/receipt.json
A	data/patch-api/evidence/narrow-repairs-2026-10-09/integrated/era1132-retail-redirects/1.13.2-test_validator.py/stderr.txt
A	data/patch-api/evidence/narrow-repairs-2026-10-09/integrated/era1132-retail-redirects/1.13.2-test_validator.py/stdout.txt
A	data/patch-api/evidence/narrow-repairs-2026-10-09/integrated/era1132-retail-redirects/1.13.2-validator.py/receipt-start.json
A	data/patch-api/evidence/narrow-repairs-2026-10-09/integrated/era1132-retail-redirects/1.13.2-validator.py/receipt.json
A	data/patch-api/evidence/narrow-repairs-2026-10-09/integrated/era1132-retail-redirects/1.13.2-validator.py/stderr.txt
A	data/patch-api/evidence/narrow-repairs-2026-10-09/integrated/era1132-retail-redirects/1.13.2-validator.py/stdout.txt
A	data/patch-api/evidence/narrow-repairs-2026-10-09/integrated/era1132-retail-redirects/archive-proofs.json
A	data/patch-api/evidence/narrow-repairs-2026-10-09/integrated/era1132-retail-redirects/artifact-hashes.json
A	data/patch-api/evidence/narrow-repairs-2026-10-09/integrated/era1132-retail-redirects/commands.json
A	data/patch-api/evidence/narrow-repairs-2026-10-09/integrated/era1132-retail-redirects/compiled-scope-applicability.json
A	data/patch-api/evidence/narrow-repairs-2026-10-09/integrated/era1132-retail-redirects/concurrent-commit/receipt-start.json
A	data/patch-api/evidence/narrow-repairs-2026-10-09/integrated/era1132-retail-redirects/concurrent-commit/receipt.json
A	data/patch-api/evidence/narrow-repairs-2026-10-09/integrated/era1132-retail-redirects/concurrent-commit/stderr.txt
A	data/patch-api/evidence/narrow-repairs-2026-10-09/integrated/era1132-retail-redirects/concurrent-commit/stdout.txt
A	data/patch-api/evidence/narrow-repairs-2026-10-09/integrated/era1132-retail-redirects/concurrent-history/receipt-start.json
A	data/patch-api/evidence/narrow-repairs-2026-10-09/integrated/era1132-retail-redirects/concurrent-history/receipt.json
A	data/patch-api/evidence/narrow-repairs-2026-10-09/integrated/era1132-retail-redirects/concurrent-history/stderr.txt
A	data/patch-api/evidence/narrow-repairs-2026-10-09/integrated/era1132-retail-redirects/concurrent-history/stdout.txt
A	data/patch-api/evidence/narrow-repairs-2026-10-09/integrated/era1132-retail-redirects/concurrent-runtime-delta/receipt-start.json
A	data/patch-api/evidence/narrow-repairs-2026-10-09/integrated/era1132-retail-redirects/concurrent-runtime-delta/receipt.json
A	data/patch-api/evidence/narrow-repairs-2026-10-09/integrated/era1132-retail-redirects/concurrent-runtime-delta/stderr.txt
A	data/patch-api/evidence/narrow-repairs-2026-10-09/integrated/era1132-retail-redirects/concurrent-runtime-delta/stdout.txt
A	data/patch-api/evidence/narrow-repairs-2026-10-09/integrated/era1132-retail-redirects/current-model-observations.json
A	data/patch-api/evidence/narrow-repairs-2026-10-09/integrated/era1132-retail-redirects/deleted-worktrees.json
A	data/patch-api/evidence/narrow-repairs-2026-10-09/integrated/era1132-retail-redirects/environment-keys.json
A	data/patch-api/evidence/narrow-repairs-2026-10-09/integrated/era1132-retail-redirects/era-runtime/receipt-start.json
A	data/patch-api/evidence/narrow-repairs-2026-10-09/integrated/era1132-retail-redirects/era-runtime/receipt.json
A	data/patch-api/evidence/narrow-repairs-2026-10-09/integrated/era1132-retail-redirects/era-runtime/stderr.txt
A	data/patch-api/evidence/narrow-repairs-2026-10-09/integrated/era1132-retail-redirects/era-runtime/stdout.txt
A	data/patch-api/evidence/narrow-repairs-2026-10-09/integrated/era1132-retail-redirects/final-concurrent-metadata/receipt-start.json
A	data/patch-api/evidence/narrow-repairs-2026-10-09/integrated/era1132-retail-redirects/final-concurrent-metadata/receipt.json
A	data/patch-api/evidence/narrow-repairs-2026-10-09/integrated/era1132-retail-redirects/final-concurrent-metadata/stderr.txt
A	data/patch-api/evidence/narrow-repairs-2026-10-09/integrated/era1132-retail-redirects/final-concurrent-metadata/stdout.txt
A	data/patch-api/evidence/narrow-repairs-2026-10-09/integrated/era1132-retail-redirects/final-seal-validation.json
A	data/patch-api/evidence/narrow-repairs-2026-10-09/integrated/era1132-retail-redirects/final-status/receipt-start.json
A	data/patch-api/evidence/narrow-repairs-2026-10-09/integrated/era1132-retail-redirects/final-status/receipt.json
A	data/patch-api/evidence/narrow-repairs-2026-10-09/integrated/era1132-retail-redirects/final-status/stderr.txt
A	data/patch-api/evidence/narrow-repairs-2026-10-09/integrated/era1132-retail-redirects/final-status/stdout.txt
A	data/patch-api/evidence/narrow-repairs-2026-10-09/integrated/era1132-retail-redirects/fresh-runtime-validation.json
A	data/patch-api/evidence/narrow-repairs-2026-10-09/integrated/era1132-retail-redirects/identifiers.json
A	data/patch-api/evidence/narrow-repairs-2026-10-09/integrated/era1132-retail-redirects/identity-0ec696f6e/receipt-start.json
A	data/patch-api/evidence/narrow-repairs-2026-10-09/integrated/era1132-retail-redirects/identity-0ec696f6e/receipt.json
A	data/patch-api/evidence/narrow-repairs-2026-10-09/integrated/era1132-retail-redirects/identity-0ec696f6e/stderr.txt
A	data/patch-api/evidence/narrow-repairs-2026-10-09/integrated/era1132-retail-redirects/identity-0ec696f6e/stdout.txt
A	data/patch-api/evidence/narrow-repairs-2026-10-09/integrated/era1132-retail-redirects/identity-15d12138f/receipt-start.json
A	data/patch-api/evidence/narrow-repairs-2026-10-09/integrated/era1132-retail-redirects/identity-15d12138f/receipt.json
A	data/patch-api/evidence/narrow-repairs-2026-10-09/integrated/era1132-retail-redirects/identity-15d12138f/stderr.txt
A	data/patch-api/evidence/narrow-repairs-2026-10-09/integrated/era1132-retail-redirects/identity-15d12138f/stdout.txt
A	data/patch-api/evidence/narrow-repairs-2026-10-09/integrated/era1132-retail-redirects/identity-31686de71/receipt-start.json
A	data/patch-api/evidence/narrow-repairs-2026-10-09/integrated/era1132-retail-redirects/identity-31686de71/receipt.json
A	data/patch-api/evidence/narrow-repairs-2026-10-09/integrated/era1132-retail-redirects/identity-31686de71/stderr.txt
A	data/patch-api/evidence/narrow-repairs-2026-10-09/integrated/era1132-retail-redirects/identity-31686de71/stdout.txt
A	data/patch-api/evidence/narrow-repairs-2026-10-09/integrated/era1132-retail-redirects/identity-592bf2e74/receipt-start.json
A	data/patch-api/evidence/narrow-repairs-2026-10-09/integrated/era1132-retail-redirects/identity-592bf2e74/receipt.json
A	data/patch-api/evidence/narrow-repairs-2026-10-09/integrated/era1132-retail-redirects/identity-592bf2e74/stderr.txt
A	data/patch-api/evidence/narrow-repairs-2026-10-09/integrated/era1132-retail-redirects/identity-592bf2e74/stdout.txt
A	data/patch-api/evidence/narrow-repairs-2026-10-09/integrated/era1132-retail-redirects/identity-9252c6cc9/receipt-start.json
A	data/patch-api/evidence/narrow-repairs-2026-10-09/integrated/era1132-retail-redirects/identity-9252c6cc9/receipt.json
A	data/patch-api/evidence/narrow-repairs-2026-10-09/integrated/era1132-retail-redirects/identity-9252c6cc9/stderr.txt
A	data/patch-api/evidence/narrow-repairs-2026-10-09/integrated/era1132-retail-redirects/identity-9252c6cc9/stdout.txt
A	data/patch-api/evidence/narrow-repairs-2026-10-09/integrated/era1132-retail-redirects/identity-9fb20ec31/receipt-start.json
A	data/patch-api/evidence/narrow-repairs-2026-10-09/integrated/era1132-retail-redirects/identity-9fb20ec31/receipt.json
A	data/patch-api/evidence/narrow-repairs-2026-10-09/integrated/era1132-retail-redirects/identity-9fb20ec31/stderr.txt
A	data/patch-api/evidence/narrow-repairs-2026-10-09/integrated/era1132-retail-redirects/identity-9fb20ec31/stdout.txt
A	data/patch-api/evidence/narrow-repairs-2026-10-09/integrated/era1132-retail-redirects/identity-9fb8968f8/receipt-start.json
A	data/patch-api/evidence/narrow-repairs-2026-10-09/integrated/era1132-retail-redirects/identity-9fb8968f8/receipt.json
A	data/patch-api/evidence/narrow-repairs-2026-10-09/integrated/era1132-retail-redirects/identity-9fb8968f8/stderr.txt
A	data/patch-api/evidence/narrow-repairs-2026-10-09/integrated/era1132-retail-redirects/identity-9fb8968f8/stdout.txt
A	data/patch-api/evidence/narrow-repairs-2026-10-09/integrated/era1132-retail-redirects/identity-d026c9e6a/receipt-start.json
A	data/patch-api/evidence/narrow-repairs-2026-10-09/integrated/era1132-retail-redirects/identity-d026c9e6a/receipt.json
A	data/patch-api/evidence/narrow-repairs-2026-10-09/integrated/era1132-retail-redirects/identity-d026c9e6a/stderr.txt
A	data/patch-api/evidence/narrow-repairs-2026-10-09/integrated/era1132-retail-redirects/identity-d026c9e6a/stdout.txt
A	data/patch-api/evidence/narrow-repairs-2026-10-09/integrated/era1132-retail-redirects/identity-d8b98ecf5/receipt-start.json
A	data/patch-api/evidence/narrow-repairs-2026-10-09/integrated/era1132-retail-redirects/identity-d8b98ecf5/receipt.json
A	data/patch-api/evidence/narrow-repairs-2026-10-09/integrated/era1132-retail-redirects/identity-d8b98ecf5/stderr.txt
A	data/patch-api/evidence/narrow-repairs-2026-10-09/integrated/era1132-retail-redirects/identity-d8b98ecf5/stdout.txt
A	data/patch-api/evidence/narrow-repairs-2026-10-09/integrated/era1132-retail-redirects/identity-f8da74e31/receipt-start.json
A	data/patch-api/evidence/narrow-repairs-2026-10-09/integrated/era1132-retail-redirects/identity-f8da74e31/receipt.json
A	data/patch-api/evidence/narrow-repairs-2026-10-09/integrated/era1132-retail-redirects/identity-f8da74e31/stderr.txt
A	data/patch-api/evidence/narrow-repairs-2026-10-09/integrated/era1132-retail-redirects/identity-f8da74e31/stdout.txt
A	data/patch-api/evidence/narrow-repairs-2026-10-09/integrated/era1132-retail-redirects/index-read.json
A	data/patch-api/evidence/narrow-repairs-2026-10-09/integrated/era1132-retail-redirects/integration-history/receipt-start.json
A	data/patch-api/evidence/narrow-repairs-2026-10-09/integrated/era1132-retail-redirects/integration-history/receipt.json
A	data/patch-api/evidence/narrow-repairs-2026-10-09/integrated/era1132-retail-redirects/integration-history/stderr.txt
A	data/patch-api/evidence/narrow-repairs-2026-10-09/integrated/era1132-retail-redirects/integration-history/stdout.txt
A	data/patch-api/evidence/narrow-repairs-2026-10-09/integrated/era1132-retail-redirects/main-retention.json
A	data/patch-api/evidence/narrow-repairs-2026-10-09/integrated/era1132-retail-redirects/owned-runtime-diff/receipt-start.json
A	data/patch-api/evidence/narrow-repairs-2026-10-09/integrated/era1132-retail-redirects/owned-runtime-diff/receipt.json
A	data/patch-api/evidence/narrow-repairs-2026-10-09/integrated/era1132-retail-redirects/owned-runtime-diff/stderr.txt
A	data/patch-api/evidence/narrow-repairs-2026-10-09/integrated/era1132-retail-redirects/owned-runtime-diff/stdout.txt
A	data/patch-api/evidence/narrow-repairs-2026-10-09/integrated/era1132-retail-redirects/portable-restoration-validation.json
A	data/patch-api/evidence/narrow-repairs-2026-10-09/integrated/era1132-retail-redirects/proof_helpers.py
A	data/patch-api/evidence/narrow-repairs-2026-10-09/integrated/era1132-retail-redirects/report.md
A	data/patch-api/evidence/narrow-repairs-2026-10-09/integrated/era1132-retail-redirects/result-counts.json
A	data/patch-api/evidence/narrow-repairs-2026-10-09/integrated/era1132-retail-redirects/runtime-binary-hashes.json
A	data/patch-api/evidence/narrow-repairs-2026-10-09/integrated/era1132-retail-redirects/runtime-epoch-diff/receipt-start.json
A	data/patch-api/evidence/narrow-repairs-2026-10-09/integrated/era1132-retail-redirects/runtime-epoch-diff/receipt.json
A	data/patch-api/evidence/narrow-repairs-2026-10-09/integrated/era1132-retail-redirects/runtime-epoch-diff/stderr.txt
A	data/patch-api/evidence/narrow-repairs-2026-10-09/integrated/era1132-retail-redirects/runtime-epoch-diff/stdout.txt
A	data/patch-api/evidence/narrow-repairs-2026-10-09/integrated/era1132-retail-redirects/rust-readability.md
A	data/patch-api/evidence/narrow-repairs-2026-10-09/integrated/era1132-retail-redirects/scope-delta.json
A	data/patch-api/evidence/narrow-repairs-2026-10-09/integrated/era1132-retail-redirects/scope-final.json
A	data/patch-api/evidence/narrow-repairs-2026-10-09/integrated/era1132-retail-redirects/scope-initial.json
A	data/patch-api/evidence/narrow-repairs-2026-10-09/integrated/era1132-retail-redirects/worktree-state/receipt-start.json
A	data/patch-api/evidence/narrow-repairs-2026-10-09/integrated/era1132-retail-redirects/worktree-state/receipt.json
A	data/patch-api/evidence/narrow-repairs-2026-10-09/integrated/era1132-retail-redirects/worktree-state/stderr.txt
A	data/patch-api/evidence/narrow-repairs-2026-10-09/integrated/era1132-retail-redirects/worktree-state/stdout.txt
M	docs/wiki/investigations/integrated-source-and-factory-proof-2026-10-09.md
M	docs/wiki/log.md
