running 1 tests
test groupfinder_parent_keys::groupfinder_queue_frames_keep_party_backfill_parent_keys_after_startup ... ok

test result: ok. 1 passed; 0 failed; 1 total
warning: iced-wgpu-patched/Cargo.toml: `lints.clippy.large-enum-variant` is deprecated in favor of `lints.clippy.large_enum_variant` and will not work in a future edition
warning: iced-wgpu-patched/Cargo.toml: `lints.clippy.map-entry` is deprecated in favor of `lints.clippy.map_entry` and will not work in a future edition
warning: iced-wgpu-patched/Cargo.toml: `lints.clippy.match-wildcard-for-single-variants` is deprecated in favor of `lints.clippy.match_wildcard_for_single_variants` and will not work in a future edition
warning: iced-wgpu-patched/Cargo.toml: `lints.clippy.redundant-closure-for-method-calls` is deprecated in favor of `lints.clippy.redundant_closure_for_method_calls` and will not work in a future edition
warning: iced-wgpu-patched/Cargo.toml: `lints.clippy.trivially-copy-pass-by-ref` is deprecated in favor of `lints.clippy.trivially_copy_pass_by_ref` and will not work in a future edition
warning: iced-wgpu-patched/Cargo.toml: `lints.clippy.type-complexity` is deprecated in favor of `lints.clippy.type_complexity` and will not work in a future edition
warning: `iced_wgpu` (manifest) generated 6 warnings
    Finished `test` profile [optimized + debuginfo] target(s) in 0.21s
     Running tests/prefork_full_ui.rs (target/debug/deps/prefork_full_ui-34a818a91c447c36)
[  0.000s] [Startup] WowLuaEnv::new begin
[  0.003s] [Startup] SimState::default complete in 2.76ms
[  0.003s] [Startup] rilua VM created in 93.46µs
[  0.003s] [Startup] builtin frames initialized in 64.18µs
[  0.003s] [Startup] template registry cleared in 7.01µs
[  0.003s] [Startup] intrinsic templates registered in 6.75µs
[  0.003s] [Startup] initial app_data lua handle installed in 561.00ns
[  0.131s] [Startup] init_lua_state complete in 127.73ms
[  0.131s] [Startup] final app_data lua handle installed in 220.00ns
[  0.131s] [Startup] initial screen globals installed in 83.86µs
[  0.131s] [Startup] WowLuaEnv::new complete
[  2.624s] [Startup] apply_post_load_workarounds: begin
[  2.624s] [Workarounds] starting patch_edit_mode_manager
[  2.625s] [Workarounds] finished patch_edit_mode_manager in 308.19µs
[  2.625s] [Workarounds] starting init_edit_mode_layout
[  2.625s] [EditMode] starting setup_layout_info
[  2.628s] [EditMode] finished setup_layout_info in 3.49ms
[  2.628s] [EditMode] starting apply_system_anchors
[  2.775s] [EditMode] finished apply_system_anchors in 147.25ms
[  2.775s] [EditMode] starting finalize_action_bar_positions
[  2.777s] [EditMode] finished finalize_action_bar_positions in 1.82ms
[  2.777s] [EditMode] starting invoke_anchor_changed_hooks
[  2.778s] [EditMode] finished invoke_anchor_changed_hooks in 415.84µs
[  2.778s] [EditMode] starting fix_action_bar_nan_size
[  2.778s] [EditMode] finished fix_action_bar_nan_size in 42.66µs
[  2.778s] [EditMode] starting fix_action_bar_scale
[  2.778s] [EditMode] finished fix_action_bar_scale in 4.79µs
[  2.778s] [Workarounds] finished init_edit_mode_layout in 153.06ms
[  2.778s] [Workarounds] starting patch_ui_parent_panel_toggles
[  2.778s] [Workarounds] finished patch_ui_parent_panel_toggles in 235.86µs
[  2.778s] [Workarounds] starting patch_uiparent_onupdate_worklists
[  2.778s] [Workarounds] finished patch_uiparent_onupdate_worklists in 98.82µs
[  2.778s] [Workarounds] starting init_chat_type_colors
[  2.778s] [Workarounds] finished init_chat_type_colors in 123.63µs
[  2.778s] [Workarounds] starting patch_chat_voice_button_surface
[  2.778s] [Workarounds] finished patch_chat_voice_button_surface in 123.04µs
[  2.778s] [Workarounds] starting patch_item_socketing_tooltips
[  2.778s] [Workarounds] finished patch_item_socketing_tooltips in 60.31µs
[  2.778s] [Workarounds] starting patch_character_select_selected_name
[  2.778s] [Workarounds] finished patch_character_select_selected_name in 30.73µs
[  2.778s] [Workarounds] starting patch_character_create_defaults
[  2.779s] [Workarounds] finished patch_character_create_defaults in 223.64µs
[  2.779s] [Workarounds] starting patch_character_frame_title_refresh
[  2.785s] [Workarounds] finished patch_character_frame_title_refresh in 6.07ms
[  2.785s] [Workarounds] starting patch_vignette_pin_template
[  2.785s] [Workarounds] finished patch_vignette_pin_template in 95.59µs
[  2.785s] [Workarounds] starting patch_fog_of_war_pin_mixin
[  2.785s] [Workarounds] finished patch_fog_of_war_pin_mixin in 272.36µs
[  2.785s] [Workarounds] starting patch_map_exploration_pin_mixin
[  2.791s] [Workarounds] finished patch_map_exploration_pin_mixin in 6.00ms
[  2.791s] [Workarounds] starting patch_map_canvas_data_provider_attachment
[  2.791s] [Workarounds] finished patch_map_canvas_data_provider_attachment in 66.30µs
[  2.791s] [Workarounds] starting ensure_adventure_map_frame_surface
[  2.792s] [Workarounds] finished ensure_adventure_map_frame_surface in 473.63µs
[  2.792s] [Workarounds] starting patch_action_bar_button_event_fanout
[  2.792s] [Workarounds] finished patch_action_bar_button_event_fanout in 105.57µs
[  2.792s] [Workarounds] starting patch_paging_controls_page_text
[  2.792s] [Workarounds] finished patch_paging_controls_page_text in 40.32µs
[  2.792s] [Workarounds] starting patch_talent_edge_frame_level_sync
[  2.792s] [Workarounds] finished patch_talent_edge_frame_level_sync in 30.53µs
[  2.792s] [Workarounds] starting patch_catalog_shop_product_card_defaults
[  2.792s] [Workarounds] finished patch_catalog_shop_product_card_defaults in 64.99µs
[  2.792s] [Workarounds] starting patch_game_time_defaults
[  2.792s] [Workarounds] finished patch_game_time_defaults in 7.69µs
[  2.792s] [Workarounds] starting patch_tooltip_nineslice_surface
[  2.792s] [Workarounds] finished patch_tooltip_nineslice_surface in 44.18µs
[  2.792s] [Workarounds] starting patch_container_frame_token_tracker
[  2.792s] [Workarounds] finished patch_container_frame_token_tracker in 41.90µs
[  2.792s] [Workarounds] starting patch_achievement_display_set_achievements
[  2.792s] [Workarounds] finished patch_achievement_display_set_achievements in 8.57µs
[  2.792s] [Workarounds] starting patch_housing_dashboard_preload
[  2.792s] [Workarounds] finished patch_housing_dashboard_preload in 169.12µs
[  2.792s] [Workarounds] starting patch_lfg_lock_list
[  2.792s] [Workarounds] finished patch_lfg_lock_list in 37.61µs
[  2.792s] [Workarounds] starting patch_auction_house_browse_results_event
[  2.792s] [Workarounds] finished patch_auction_house_browse_results_event in 72.96µs
[  2.792s] [Workarounds] starting patch_auction_house_search_context_aliases
[  2.792s] [Workarounds] finished patch_auction_house_search_context_aliases in 30.56µs
[  2.792s] [Workarounds] starting patch_auth_challenge_frame_parent
[  2.792s] [Workarounds] finished patch_auth_challenge_frame_parent in 70.05µs
[  2.792s] [Workarounds] starting patch_settings_surface_defaults
[  2.793s] [Workarounds] finished patch_settings_surface_defaults in 358.54µs
[  2.793s] [Workarounds] starting patch_settings_canvas_layout_visibility
[  2.793s] [Workarounds] finished patch_settings_canvas_layout_visibility in 113.87µs
[  2.793s] [Startup] apply_post_load_workarounds: workarounds complete
[  2.869s] [Startup] apply_post_load_workarounds: globals restored
[  2.870s] [Startup] apply_post_load_workarounds: patch 12.1 compatibility restored
[  2.870s] [Startup] apply_post_load_workarounds: seterrorhandler restored
[  3.022s] [Startup] begin login sequence
[  3.022s] [Startup] Firing ADDON_LOADED
[  3.022s] [Startup] Firing VARIABLES_LOADED
[  3.142s] [Startup] Firing DISPLAY_SIZE_CHANGED
[  3.190s] [Startup] Firing UI_SCALE_CHANGED
[  3.192s] [Startup] Firing PLAYER_LOGIN
[  3.192s] [Startup] end login sequence in 169.97ms
[  3.192s] [Startup] begin world enter sequence
[  3.192s] [Startup] Skipping EDIT_MODE_LAYOUTS_UPDATED
[  3.192s] [Startup] Firing TIME_PLAYED_MSG via RequestTimePlayed
[  3.192s] [Startup] Firing PLAYER_ENTERING_WORLD
[  3.439s] [EditMode] starting setup_layout_info
[  3.443s] [EditMode] finished setup_layout_info in 4.21ms
[  3.443s] [EditMode] starting apply_system_anchors
[  3.597s] [EditMode] finished apply_system_anchors in 154.42ms
[  3.597s] [EditMode] starting finalize_action_bar_positions
[  3.600s] [EditMode] finished finalize_action_bar_positions in 3.32ms
[  3.601s] [EditMode] starting invoke_anchor_changed_hooks
[  3.607s] [EditMode] finished invoke_anchor_changed_hooks in 6.65ms
[  3.607s] [EditMode] starting fix_action_bar_nan_size
[  3.607s] [EditMode] finished fix_action_bar_nan_size in 90.93µs
[  3.607s] [EditMode] starting fix_action_bar_scale
[  3.607s] [EditMode] finished fix_action_bar_scale in 5.61µs
[  3.607s] [EditMode] starting reapply_player_frame_anchor
[  3.609s] [EditMode] finished reapply_player_frame_anchor in 1.68ms
[  3.618s] [Startup] end world enter sequence in 426.64ms
[  3.618s] [Startup] begin post-login events
[  3.619s] [Startup] Firing UNIT_AURA
[  3.621s] [Startup] Firing PET_UI_UPDATE
[  3.623s] [Startup] Firing BAG_UPDATE_DELAYED
[  3.624s] [Startup] Firing QUEST_LOG_UPDATE
[  3.626s] [Startup] Firing GROUP_ROSTER_UPDATE
[  3.724s] [Startup] Firing ACTIONBAR_UPDATE_STATE
[  3.724s] [Startup] Firing ACTIONBAR_UPDATE_COOLDOWN
[  3.726s] [Startup] Firing UPDATE_BONUS_ACTIONBAR
[  3.738s] [Startup] Firing PLAYER_CAN_GLIDE_CHANGED
[  3.738s] [Startup] Firing PLAYER_IS_GLIDING_CHANGED
[  3.738s] [Startup] Firing UPDATE_BINDINGS
[  3.742s] [Startup] Firing UPDATE_CHAT_WINDOWS
[  3.745s] [Startup] Firing LFG_UPDATE_RANDOM_INFO
[  3.746s] [Startup] end post-login events in 128.04ms
[  3.746s] [Startup] begin close startup special windows
[  3.747s] [Startup] end close startup special windows in 404.94µs
[  3.747s] [Startup] begin FIRST_FRAME_RENDERED
[  3.747s] [Startup] Firing FIRST_FRAME_RENDERED
[  3.747s] [Startup] end FIRST_FRAME_RENDERED in 228.84µs
[  3.747s] [Startup] begin unblock hidden splash alerts
[  3.747s] [Startup] end unblock hidden splash alerts in 14.65µs
[  3.747s] [Startup] begin post-event workarounds
[  3.747s] [Startup] end post-event workarounds in 822.00ns
