
running 3 tests
test patch_10_2_0_publication_fixes::patch_10_2_0_unused_console_members_are_absent ... FAILED
test patch_10_2_0_publication_fixes::patch_10_2_0_clear_parent_key_updates_lua_and_widget_state ... ok
test patch_10_2_0_publication_fixes::patch_10_2_0_interface_and_script_probes_do_not_use_invalid_frame_types ... ok

failures:

failures:
    patch_10_2_0_publication_fixes::patch_10_2_0_unused_console_members_are_absent

test result: FAILED. 2 passed; 1 failed; 0 ignored; 0 measured; 10820 filtered out; finished in 0.18s

warning: iced-wgpu-patched/Cargo.toml: `lints.clippy.large-enum-variant` is deprecated in favor of `lints.clippy.large_enum_variant` and will not work in a future edition
warning: iced-wgpu-patched/Cargo.toml: `lints.clippy.map-entry` is deprecated in favor of `lints.clippy.map_entry` and will not work in a future edition
warning: iced-wgpu-patched/Cargo.toml: `lints.clippy.match-wildcard-for-single-variants` is deprecated in favor of `lints.clippy.match_wildcard_for_single_variants` and will not work in a future edition
warning: iced-wgpu-patched/Cargo.toml: `lints.clippy.redundant-closure-for-method-calls` is deprecated in favor of `lints.clippy.redundant_closure_for_method_calls` and will not work in a future edition
warning: iced-wgpu-patched/Cargo.toml: `lints.clippy.trivially-copy-pass-by-ref` is deprecated in favor of `lints.clippy.trivially_copy_pass_by_ref` and will not work in a future edition
warning: iced-wgpu-patched/Cargo.toml: `lints.clippy.type-complexity` is deprecated in favor of `lints.clippy.type_complexity` and will not work in a future edition
warning: `iced_wgpu` (manifest) generated 6 warnings
   Compiling wow-ui-sim v0.1.0 (/home/osso/.worktrees/wow-ui-sim-p1020-page)
    Finished `test` profile [optimized + debuginfo] target(s) in 1m 29s
     Running tests/integration.rs (target/debug/deps/integration-aef10a2b503e13d5)
[  0.000s] [Startup] WowLuaEnv::new begin
[  0.000s] [Startup] WowLuaEnv::new begin
[  0.000s] [Startup] WowLuaEnv::new begin
[  0.002s] [Startup] SimState::default complete in 2.44ms
[  0.002s] [Startup] SimState::default complete in 2.45ms
[  0.002s] [Startup] SimState::default complete in 2.43ms
[  0.003s] [Startup] rilua VM created in 126.27µs
[  0.003s] [Startup] rilua VM created in 128.78µs
[  0.003s] [Startup] rilua VM created in 127.56µs
[  0.003s] [Startup] builtin frames initialized in 77.81µs
[  0.003s] [Startup] builtin frames initialized in 76.84µs
[  0.003s] [Startup] builtin frames initialized in 84.79µs
[  0.003s] [Startup] template registry cleared in 2.58µs
[  0.003s] [Startup] template registry cleared in 4.91µs
[  0.003s] [Startup] template registry cleared in 2.58µs
[  0.003s] [Startup] intrinsic templates registered in 7.06µs
[  0.003s] [Startup] intrinsic templates registered in 6.46µs
[  0.003s] [Startup] intrinsic templates registered in 4.97µs
[  0.003s] [Startup] initial app_data lua handle installed in 591.00ns
[  0.003s] [Startup] initial app_data lua handle installed in 211.00ns
[  0.003s] [Startup] initial app_data lua handle installed in 240.00ns
[  0.167s] [Startup] init_lua_state complete in 163.79ms
[  0.167s] [Startup] final app_data lua handle installed in 551.00ns
[  0.167s] [Startup] initial screen globals installed in 151.24µs
[  0.167s] [Startup] WowLuaEnv::new complete

thread 'patch_10_2_0_publication_fixes::patch_10_2_0_unused_console_members_are_absent' (2668923) panicked at /home/osso/.worktrees/wow-ui-sim-p1020-page/tests/patch_10_2_0_publication_fixes.rs:41:37:
called `Result::unwrap()` on an `Err` value: Lua(Runtime(RuntimeError { message: "assertion failed!", level: 0, traceback: [] }))
note: run with `RUST_BACKTRACE=1` environment variable to display a backtrace
[  0.169s] [Startup] init_lua_state complete in 166.09ms
[  0.169s] [Startup] final app_data lua handle installed in 240.00ns
[  0.169s] [Startup] init_lua_state complete in 166.12ms
[  0.169s] [Startup] final app_data lua handle installed in 321.00ns
[  0.169s] [Startup] initial screen globals installed in 116.58µs
[  0.169s] [Startup] initial screen globals installed in 132.48µs
[  0.169s] [Startup] WowLuaEnv::new complete
[  0.169s] [Startup] WowLuaEnv::new complete
error: test failed, to rerun pass `--test integration`
