
running 1 test
test patch_10_2_0_publication_sweep::patch_10_2_0_publication_sweep ... FAILED

failures:

failures:
    patch_10_2_0_publication_sweep::patch_10_2_0_publication_sweep

test result: FAILED. 0 passed; 1 failed; 0 ignored; 0 measured; 10822 filtered out; finished in 22.44s

warning: iced-wgpu-patched/Cargo.toml: `lints.clippy.large-enum-variant` is deprecated in favor of `lints.clippy.large_enum_variant` and will not work in a future edition
warning: iced-wgpu-patched/Cargo.toml: `lints.clippy.map-entry` is deprecated in favor of `lints.clippy.map_entry` and will not work in a future edition
warning: iced-wgpu-patched/Cargo.toml: `lints.clippy.match-wildcard-for-single-variants` is deprecated in favor of `lints.clippy.match_wildcard_for_single_variants` and will not work in a future edition
warning: iced-wgpu-patched/Cargo.toml: `lints.clippy.redundant-closure-for-method-calls` is deprecated in favor of `lints.clippy.redundant_closure_for_method_calls` and will not work in a future edition
warning: iced-wgpu-patched/Cargo.toml: `lints.clippy.trivially-copy-pass-by-ref` is deprecated in favor of `lints.clippy.trivially_copy_pass_by_ref` and will not work in a future edition
warning: iced-wgpu-patched/Cargo.toml: `lints.clippy.type-complexity` is deprecated in favor of `lints.clippy.type_complexity` and will not work in a future edition
warning: `iced_wgpu` (manifest) generated 6 warnings
    Finished `test` profile [optimized + debuginfo] target(s) in 1.61s
     Running tests/integration.rs (target/debug/deps/integration-aef10a2b503e13d5)
[  0.000s] [Startup] WowLuaEnv::new begin
[  1.386s] [Startup] SimState::default complete in 341.55ms
[  1.387s] [Startup] rilua VM created in 319.42µs
[  1.387s] [Startup] builtin frames initialized in 185.33µs
[  1.387s] [Startup] template registry cleared in 17.91µs
[  1.387s] [Startup] intrinsic templates registered in 17.37µs
[  1.387s] [Startup] initial app_data lua handle installed in 1.16µs
[  1.917s] [Startup] init_lua_state complete in 529.65ms
[  1.917s] [Startup] final app_data lua handle installed in 551.00ns
[  1.917s] [Startup] initial screen globals installed in 263.37µs
[  1.917s] [Startup] WowLuaEnv::new complete
[ 14.641s] [Startup] apply_post_load_workarounds: begin
[ 14.641s] [Workarounds] starting patch_edit_mode_manager
[ 14.642s] [Workarounds] finished patch_edit_mode_manager in 661.32µs
[ 14.642s] [Workarounds] starting init_edit_mode_layout
[ 14.642s] [EditMode] starting setup_layout_info
[ 14.650s] [EditMode] finished setup_layout_info in 7.65ms
[ 14.650s] [EditMode] starting apply_system_anchors
[ 15.055s] [EditMode] finished apply_system_anchors in 405.35ms
[ 15.055s] [EditMode] starting finalize_action_bar_positions
[ 15.060s] [EditMode] finished finalize_action_bar_positions in 4.56ms
[ 15.060s] [EditMode] starting invoke_anchor_changed_hooks
[ 15.061s] [EditMode] finished invoke_anchor_changed_hooks in 783.38µs
[ 15.061s] [EditMode] starting fix_action_bar_nan_size
[ 15.061s] [EditMode] finished fix_action_bar_nan_size in 91.65µs
[ 15.061s] [EditMode] starting fix_action_bar_scale
[ 15.061s] [EditMode] finished fix_action_bar_scale in 9.48µs
[ 15.061s] [Workarounds] finished init_edit_mode_layout in 418.95ms
[ 15.061s] [Workarounds] starting patch_ui_parent_panel_toggles
[ 15.061s] [Workarounds] finished patch_ui_parent_panel_toggles in 427.35µs
[ 15.061s] [Workarounds] starting patch_uiparent_onupdate_worklists
[ 15.062s] [Workarounds] finished patch_uiparent_onupdate_worklists in 182.52µs
[ 15.062s] [Workarounds] starting init_chat_type_colors
[ 15.062s] [Workarounds] finished init_chat_type_colors in 192.58µs
[ 15.062s] [Workarounds] starting patch_chat_voice_button_surface
[ 15.062s] [Workarounds] finished patch_chat_voice_button_surface in 229.99µs
[ 15.062s] [Workarounds] starting patch_item_socketing_tooltips
[ 15.062s] [Workarounds] finished patch_item_socketing_tooltips in 103.71µs
[ 15.062s] [Workarounds] starting patch_character_select_selected_name
[ 15.062s] [Workarounds] finished patch_character_select_selected_name in 53.06µs
[ 15.062s] [Workarounds] starting patch_character_create_defaults
[ 15.063s] [Workarounds] finished patch_character_create_defaults in 443.72µs
[ 15.063s] [Workarounds] starting patch_character_frame_title_refresh
[ 15.141s] [Workarounds] finished patch_character_frame_title_refresh in 78.73ms
[ 15.141s] [Workarounds] starting patch_vignette_pin_template
[ 15.142s] [Workarounds] finished patch_vignette_pin_template in 261.30µs
[ 15.142s] [Workarounds] starting patch_fog_of_war_pin_mixin
[ 15.142s] [Workarounds] finished patch_fog_of_war_pin_mixin in 613.91µs
[ 15.142s] [Workarounds] starting patch_map_exploration_pin_mixin
[ 15.227s] [Workarounds] finished patch_map_exploration_pin_mixin in 85.20ms
[ 15.227s] [Workarounds] starting patch_map_canvas_data_provider_attachment
[ 15.228s] [Workarounds] finished patch_map_canvas_data_provider_attachment in 215.61µs
[ 15.228s] [Workarounds] starting ensure_adventure_map_frame_surface
[ 15.229s] [Workarounds] finished ensure_adventure_map_frame_surface in 977.56µs
[ 15.229s] [Workarounds] starting patch_action_bar_button_event_fanout
[ 15.229s] [Workarounds] finished patch_action_bar_button_event_fanout in 219.80µs
[ 15.229s] [Workarounds] starting patch_paging_controls_page_text
[ 15.229s] [Workarounds] finished patch_paging_controls_page_text in 71.52µs
[ 15.229s] [Workarounds] starting patch_talent_edge_frame_level_sync
[ 15.229s] [Workarounds] finished patch_talent_edge_frame_level_sync in 53.85µs
[ 15.229s] [Workarounds] starting patch_catalog_shop_product_card_defaults
[ 15.229s] [Workarounds] finished patch_catalog_shop_product_card_defaults in 110.60µs
[ 15.229s] [Workarounds] starting patch_game_time_defaults
[ 15.229s] [Workarounds] finished patch_game_time_defaults in 13.16µs
[ 15.229s] [Workarounds] starting patch_tooltip_nineslice_surface
[ 15.229s] [Workarounds] finished patch_tooltip_nineslice_surface in 77.78µs
[ 15.229s] [Workarounds] starting patch_container_frame_token_tracker
[ 15.229s] [Workarounds] finished patch_container_frame_token_tracker in 73.40µs
[ 15.229s] [Workarounds] starting patch_achievement_display_set_achievements
[ 15.229s] [Workarounds] finished patch_achievement_display_set_achievements in 14.67µs
[ 15.229s] [Workarounds] starting patch_housing_dashboard_preload
[ 15.230s] [Workarounds] finished patch_housing_dashboard_preload in 382.78µs
[ 15.230s] [Workarounds] starting patch_lfg_lock_list
[ 15.230s] [Workarounds] finished patch_lfg_lock_list in 82.31µs
[ 15.230s] [Workarounds] starting patch_auction_house_browse_results_event
[ 15.230s] [Workarounds] finished patch_auction_house_browse_results_event in 122.74µs
[ 15.230s] [Workarounds] starting patch_auction_house_search_context_aliases
[ 15.230s] [Workarounds] finished patch_auction_house_search_context_aliases in 52.50µs
[ 15.230s] [Workarounds] starting patch_auth_challenge_frame_parent
[ 15.230s] [Workarounds] finished patch_auth_challenge_frame_parent in 148.55µs
[ 15.230s] [Workarounds] starting patch_settings_surface_defaults
[ 15.231s] [Workarounds] finished patch_settings_surface_defaults in 768.05µs
[ 15.231s] [Workarounds] starting patch_settings_canvas_layout_visibility
[ 15.231s] [Workarounds] finished patch_settings_canvas_layout_visibility in 216.44µs
[ 15.231s] [Startup] apply_post_load_workarounds: workarounds complete
[ 15.397s] [Startup] apply_post_load_workarounds: globals restored
[ 15.397s] [Startup] apply_post_load_workarounds: patch 12.1 compatibility restored
[ 15.397s] [Startup] apply_post_load_workarounds: seterrorhandler restored
[ 15.790s] [Startup] begin login sequence
[ 15.790s] [Startup] Firing ADDON_LOADED
[ 15.790s] [Startup] Firing VARIABLES_LOADED
[ 16.076s] [Startup] Firing DISPLAY_SIZE_CHANGED
[ 16.220s] [Startup] Firing UI_SCALE_CHANGED
[ 16.224s] [Startup] Firing PLAYER_LOGIN
[ 16.224s] [Startup] end login sequence in 433.68ms
[ 16.224s] [Startup] begin world enter sequence
[ 16.224s] [Startup] Skipping EDIT_MODE_LAYOUTS_UPDATED
[ 16.224s] [Startup] Firing TIME_PLAYED_MSG via RequestTimePlayed
[ 16.224s] [Startup] Firing PLAYER_ENTERING_WORLD
[ 16.982s] [EditMode] starting setup_layout_info
[ 16.999s] [EditMode] finished setup_layout_info in 16.85ms
[ 16.999s] [EditMode] starting apply_system_anchors
[ 17.493s] [EditMode] finished apply_system_anchors in 493.30ms
[ 17.493s] [EditMode] starting finalize_action_bar_positions
[ 17.501s] [EditMode] finished finalize_action_bar_positions in 8.52ms
[ 17.501s] [EditMode] starting invoke_anchor_changed_hooks
[ 17.516s] [EditMode] finished invoke_anchor_changed_hooks in 14.94ms
[ 17.516s] [EditMode] starting fix_action_bar_nan_size
[ 17.516s] [EditMode] finished fix_action_bar_nan_size in 163.16µs
[ 17.516s] [EditMode] starting fix_action_bar_scale
[ 17.516s] [EditMode] finished fix_action_bar_scale in 16.11µs
[ 17.516s] [EditMode] starting reapply_player_frame_anchor
[ 17.520s] [EditMode] finished reapply_player_frame_anchor in 3.51ms
[ 17.541s] [Startup] end world enter sequence in 1.32s
[ 17.541s] [Startup] begin post-login events
[ 17.544s] [Startup] Firing UNIT_AURA
[ 17.546s] [Startup] Firing PET_UI_UPDATE
[ 17.550s] [Startup] Firing BAG_UPDATE_DELAYED
[ 17.554s] [Startup] Firing QUEST_LOG_UPDATE
[ 17.556s] [Startup] Firing GROUP_ROSTER_UPDATE
[ 17.785s] [Startup] Firing ACTIONBAR_UPDATE_STATE
[ 17.785s] [Startup] Firing ACTIONBAR_UPDATE_COOLDOWN
[ 17.788s] [Startup] Firing UPDATE_BONUS_ACTIONBAR
[ 17.830s] [Startup] Firing PLAYER_CAN_GLIDE_CHANGED
[ 17.830s] [Startup] Firing PLAYER_IS_GLIDING_CHANGED
[ 17.830s] [Startup] Firing UPDATE_BINDINGS
[ 17.837s] [Startup] Firing UPDATE_CHAT_WINDOWS
[ 17.844s] [Startup] Firing LFG_UPDATE_RANDOM_INFO
[ 17.846s] [Startup] end post-login events in 304.52ms
[ 17.846s] [Startup] begin close startup special windows
[ 17.846s] [Startup] end close startup special windows in 510.12µs
[ 17.846s] [Startup] begin FIRST_FRAME_RENDERED
[ 17.846s] [Startup] Firing FIRST_FRAME_RENDERED
[ 17.847s] [Startup] end FIRST_FRAME_RENDERED in 415.41µs
[ 17.847s] [Startup] begin unblock hidden splash alerts
[ 17.847s] [Startup] end unblock hidden splash alerts in 35.23µs
[ 17.847s] [Startup] begin post-event workarounds
[ 17.847s] [Startup] end post-event workarounds in 1.91µs
CVar default mismatch wt-cvars-advFlyKeyboardMaxPitchFactor-245: page=Some("5.0"), observed=Some("5.000000")
CVar default mismatch wt-cvars-advFlyKeyboardMaxTurnFactor-246: page=Some("8.0"), observed=Some("8.000000")
CVar default mismatch wt-cvars-advFlyKeyboardMinPitchFactor-247: page=Some("2.5"), observed=Some("2.500000")
CVar default mismatch wt-cvars-advFlyKeyboardMinTurnFactor-248: page=Some("5.0"), observed=Some("5.000000")
CVar default mismatch wt-cvars-advFlyPitchControlCameraChase-249: page=Some("20.0"), observed=Some("20.000000")

thread 'patch_10_2_0_publication_sweep::patch_10_2_0_publication_sweep' (2754714) panicked at /home/osso/.worktrees/wow-ui-sim-p1020-page/tests/common/publication_sweep.rs:498:5:
assertion `left == right` failed: new gaps: ["wt-widgets-TextureBase:GetTextureSliceMargins-182"]; resolved/stale gaps: []
  left: {"wt-global-api-C_AddOns.GetAddOnOptionalDependencies-75", "wt-global-api-C_AddOns.ResetDisabledAddOns-83", "wt-global-api-C_CVar.GetCVarInfo-87", "wt-global-api-C_Console.GetAllCommands-116", "wt-global-api-C_Console.GetColorFromType-117", "wt-global-api-C_CurrencyInfo.GetDragonIslesSuppliesCurrencyID-86", "wt-global-api-C_FriendList.SendWho-164", "wt-global-api-C_LFGInfo.IsGroupFinderEnabled-88", "wt-global-api-C_LFGInfo.IsLFDEnabled-89", "wt-global-api-C_LFGInfo.IsLFREnabled-90", "wt-global-api-C_PartyInfo.GetMinItemLevel-92", "wt-global-api-C_PerksProgram.IsFrozenPerksVendorItem-94", "wt-global-api-C_PlayerInfo.IsDisplayRaceNative-96", "wt-global-api-C_PlayerInfo.IsMirrorImage-97", "wt-global-api-C_PvP.IsBrawlSoloRBG-99", "wt-global-api-C_Texture.GetAtlasElementID-101", "wt-global-api-C_Texture.GetAtlasID-102", "wt-global-api-C_Traits.CascadeRepurchaseRanks-166", "wt-global-api-C_WeeklyRewards.GetDifficultyIDForActivityTier-103", "wt-global-api-C_WeeklyRewards.GetNextActivitiesIncrease-104", "wt-global-api-C_WeeklyRewards.GetNumCompletedDungeonRuns-105", "wt-global-api-ConsoleIsActive-109", "wt-global-api-ConsolePrintAllMatchingCommands-110", "wt-widgets-Button:LockHighlight-197", "wt-widgets-Button:SetHighlightLocked-198", "wt-widgets-Button:UnlockHighlight-199", "wt-widgets-Line:GetHitRectThickness-186", "wt-widgets-Line:SetHitRectThickness-187", "wt-widgets-ModelSceneActor:ResetNextHandSlot-194", "wt-widgets-TabardModel:IsGuildTabard-193", "wt-widgets-TextureBase:GetTextureSliceMargins-182"}
 right: {"wt-global-api-C_AddOns.GetAddOnOptionalDependencies-75", "wt-global-api-C_AddOns.ResetDisabledAddOns-83", "wt-global-api-C_CVar.GetCVarInfo-87", "wt-global-api-C_Console.GetAllCommands-116", "wt-global-api-C_Console.GetColorFromType-117", "wt-global-api-C_CurrencyInfo.GetDragonIslesSuppliesCurrencyID-86", "wt-global-api-C_FriendList.SendWho-164", "wt-global-api-C_LFGInfo.IsGroupFinderEnabled-88", "wt-global-api-C_LFGInfo.IsLFDEnabled-89", "wt-global-api-C_LFGInfo.IsLFREnabled-90", "wt-global-api-C_PartyInfo.GetMinItemLevel-92", "wt-global-api-C_PerksProgram.IsFrozenPerksVendorItem-94", "wt-global-api-C_PlayerInfo.IsDisplayRaceNative-96", "wt-global-api-C_PlayerInfo.IsMirrorImage-97", "wt-global-api-C_PvP.IsBrawlSoloRBG-99", "wt-global-api-C_Texture.GetAtlasElementID-101", "wt-global-api-C_Texture.GetAtlasID-102", "wt-global-api-C_Traits.CascadeRepurchaseRanks-166", "wt-global-api-C_WeeklyRewards.GetDifficultyIDForActivityTier-103", "wt-global-api-C_WeeklyRewards.GetNextActivitiesIncrease-104", "wt-global-api-C_WeeklyRewards.GetNumCompletedDungeonRuns-105", "wt-global-api-ConsoleIsActive-109", "wt-global-api-ConsolePrintAllMatchingCommands-110", "wt-widgets-Button:LockHighlight-197", "wt-widgets-Button:SetHighlightLocked-198", "wt-widgets-Button:UnlockHighlight-199", "wt-widgets-Line:GetHitRectThickness-186", "wt-widgets-Line:SetHitRectThickness-187", "wt-widgets-ModelSceneActor:ResetNextHandSlot-194", "wt-widgets-TabardModel:IsGuildTabard-193"}
note: run with `RUST_BACKTRACE=1` environment variable to display a backtrace
error: test failed, to rerun pass `--test integration`
