
running 2 tests
test patch_10_2_0_publication_fixes::patch_10_2_0_interface_and_script_probes_do_not_use_invalid_frame_types ... FAILED
test patch_10_2_0_publication_fixes::patch_10_2_0_clear_parent_key_updates_lua_and_widget_state ... ok

failures:

failures:
    patch_10_2_0_publication_fixes::patch_10_2_0_interface_and_script_probes_do_not_use_invalid_frame_types

test result: FAILED. 1 passed; 1 failed; 0 ignored; 0 measured; 10820 filtered out; finished in 0.20s

warning: iced-wgpu-patched/Cargo.toml: `lints.clippy.large-enum-variant` is deprecated in favor of `lints.clippy.large_enum_variant` and will not work in a future edition
warning: iced-wgpu-patched/Cargo.toml: `lints.clippy.map-entry` is deprecated in favor of `lints.clippy.map_entry` and will not work in a future edition
warning: iced-wgpu-patched/Cargo.toml: `lints.clippy.match-wildcard-for-single-variants` is deprecated in favor of `lints.clippy.match_wildcard_for_single_variants` and will not work in a future edition
warning: iced-wgpu-patched/Cargo.toml: `lints.clippy.redundant-closure-for-method-calls` is deprecated in favor of `lints.clippy.redundant_closure_for_method_calls` and will not work in a future edition
warning: iced-wgpu-patched/Cargo.toml: `lints.clippy.trivially-copy-pass-by-ref` is deprecated in favor of `lints.clippy.trivially_copy_pass_by_ref` and will not work in a future edition
warning: iced-wgpu-patched/Cargo.toml: `lints.clippy.type-complexity` is deprecated in favor of `lints.clippy.type_complexity` and will not work in a future edition
warning: `iced_wgpu` (manifest) generated 6 warnings
   Compiling wow-ui-sim v0.1.0 (/home/osso/.worktrees/wow-ui-sim-p1020-page)
    Finished `test` profile [optimized + debuginfo] target(s) in 3m 11s
     Running tests/integration.rs (target/debug/deps/integration-aef10a2b503e13d5)
[  0.000s] [Startup] WowLuaEnv::new begin
[  0.000s] [Startup] WowLuaEnv::new begin
[  0.003s] [Startup] SimState::default complete in 2.67ms
[  0.003s] [Startup] SimState::default complete in 2.67ms
[  0.003s] [Startup] rilua VM created in 145.72µs
[  0.003s] [Startup] rilua VM created in 148.14µs
[  0.003s] [Startup] builtin frames initialized in 98.50µs
[  0.003s] [Startup] builtin frames initialized in 97.91µs
[  0.003s] [Startup] template registry cleared in 10.04µs
[  0.003s] [Startup] template registry cleared in 16.73µs
[  0.003s] [Startup] intrinsic templates registered in 8.37µs
[  0.003s] [Startup] initial app_data lua handle installed in 581.00ns
[  0.003s] [Startup] intrinsic templates registered in 14.92µs
[  0.003s] [Startup] initial app_data lua handle installed in 360.00ns
[  0.192s] [Startup] init_lua_state complete in 188.50ms
[  0.192s] [Startup] final app_data lua handle installed in 251.00ns
[  0.192s] [Startup] initial screen globals installed in 138.62µs
[  0.192s] [Startup] WowLuaEnv::new complete
[  0.192s] [Startup] init_lua_state complete in 188.93ms
[  0.192s] [Startup] final app_data lua handle installed in 230.00ns
[  0.192s] [Startup] initial screen globals installed in 91.30µs
[  0.192s] [Startup] WowLuaEnv::new complete

thread 'patch_10_2_0_publication_fixes::patch_10_2_0_interface_and_script_probes_do_not_use_invalid_frame_types' (2662294) panicked at /home/osso/.worktrees/wow-ui-sim-p1020-page/tests/patch_10_2_0_publication_fixes.rs:49:5:
unsupported movie factory is not proof of script absence
note: run with `RUST_BACKTRACE=1` environment variable to display a backtrace
error: test failed, to rerun pass `--test integration`
