
running 2 tests
test patch_10_2_0_publication_fixes::patch_10_2_0_clear_parent_key_updates_lua_and_widget_state ... FAILED
test patch_10_2_0_publication_fixes::patch_10_2_0_interface_and_script_probes_do_not_use_invalid_frame_types ... FAILED

failures:

failures:
    patch_10_2_0_publication_fixes::patch_10_2_0_clear_parent_key_updates_lua_and_widget_state
    patch_10_2_0_publication_fixes::patch_10_2_0_interface_and_script_probes_do_not_use_invalid_frame_types

test result: FAILED. 0 passed; 2 failed; 0 ignored; 0 measured; 10820 filtered out; finished in 0.20s

warning: iced-wgpu-patched/Cargo.toml: `lints.clippy.large-enum-variant` is deprecated in favor of `lints.clippy.large_enum_variant` and will not work in a future edition
warning: iced-wgpu-patched/Cargo.toml: `lints.clippy.map-entry` is deprecated in favor of `lints.clippy.map_entry` and will not work in a future edition
warning: iced-wgpu-patched/Cargo.toml: `lints.clippy.match-wildcard-for-single-variants` is deprecated in favor of `lints.clippy.match_wildcard_for_single_variants` and will not work in a future edition
warning: iced-wgpu-patched/Cargo.toml: `lints.clippy.redundant-closure-for-method-calls` is deprecated in favor of `lints.clippy.redundant_closure_for_method_calls` and will not work in a future edition
warning: iced-wgpu-patched/Cargo.toml: `lints.clippy.trivially-copy-pass-by-ref` is deprecated in favor of `lints.clippy.trivially_copy_pass_by_ref` and will not work in a future edition
warning: iced-wgpu-patched/Cargo.toml: `lints.clippy.type-complexity` is deprecated in favor of `lints.clippy.type_complexity` and will not work in a future edition
warning: `iced_wgpu` (manifest) generated 6 warnings
   Compiling wow-ui-sim v0.1.0 (/home/osso/.worktrees/wow-ui-sim-p1020-page)
    Finished `test` profile [optimized + debuginfo] target(s) in 1m 43s
     Running tests/integration.rs (target/debug/deps/integration-aef10a2b503e13d5)
[  0.000s] [Startup] WowLuaEnv::new begin
[  0.000s] [Startup] WowLuaEnv::new begin
[  0.002s] [Startup] SimState::default complete in 2.37ms
[  0.003s] [Startup] SimState::default complete in 2.47ms
[  0.003s] [Startup] rilua VM created in 101.59µs
[  0.003s] [Startup] builtin frames initialized in 62.52µs
[  0.003s] [Startup] rilua VM created in 83.92µs
[  0.003s] [Startup] template registry cleared in 5.20µs
[  0.003s] [Startup] intrinsic templates registered in 7.98µs
[  0.003s] [Startup] initial app_data lua handle installed in 411.00ns
[  0.003s] [Startup] builtin frames initialized in 55.25µs
[  0.003s] [Startup] template registry cleared in 1.98µs
[  0.003s] [Startup] intrinsic templates registered in 3.83µs
[  0.003s] [Startup] initial app_data lua handle installed in 180.00ns
[  0.180s] [Startup] init_lua_state complete in 177.08ms
[  0.180s] [Startup] final app_data lua handle installed in 341.00ns
[  0.180s] [Startup] initial screen globals installed in 113.96µs
[  0.180s] [Startup] WowLuaEnv::new complete

thread 'patch_10_2_0_publication_fixes::patch_10_2_0_clear_parent_key_updates_lua_and_widget_state' (2648916) panicked at /home/osso/.worktrees/wow-ui-sim-p1020-page/tests/patch_10_2_0_publication_fixes.rs:30:37:
called `Result::unwrap()` on an `Err` value: Lua(Runtime(RuntimeError { message: "assertion failed!", level: 0, traceback: [] }))
note: run with `RUST_BACKTRACE=1` environment variable to display a backtrace
[  0.188s] [Startup] init_lua_state complete in 185.39ms
[  0.188s] [Startup] final app_data lua handle installed in 521.00ns
[  0.188s] [Startup] initial screen globals installed in 241.34µs
[  0.188s] [Startup] WowLuaEnv::new complete

thread 'patch_10_2_0_publication_fixes::patch_10_2_0_interface_and_script_probes_do_not_use_invalid_frame_types' (2648917) panicked at /home/osso/.worktrees/wow-ui-sim-p1020-page/tests/patch_10_2_0_publication_fixes.rs:46:5:
assertion failed: sweep::probe_entry(&env, &object, false, &aliases).2
error: test failed, to rerun pass `--test integration`
