
running 3 tests
test patch_10_2_0_publication_fixes::patch_10_2_0_unused_console_members_are_absent ... ok
test patch_10_2_0_publication_fixes::patch_10_2_0_interface_and_script_probes_do_not_use_invalid_frame_types ... ok
test patch_10_2_0_publication_fixes::patch_10_2_0_clear_parent_key_updates_lua_and_widget_state ... ok

test result: ok. 3 passed; 0 failed; 0 ignored; 0 measured; 10820 filtered out; finished in 0.20s

warning: iced-wgpu-patched/Cargo.toml: `lints.clippy.large-enum-variant` is deprecated in favor of `lints.clippy.large_enum_variant` and will not work in a future edition
warning: iced-wgpu-patched/Cargo.toml: `lints.clippy.map-entry` is deprecated in favor of `lints.clippy.map_entry` and will not work in a future edition
warning: iced-wgpu-patched/Cargo.toml: `lints.clippy.match-wildcard-for-single-variants` is deprecated in favor of `lints.clippy.match_wildcard_for_single_variants` and will not work in a future edition
warning: iced-wgpu-patched/Cargo.toml: `lints.clippy.redundant-closure-for-method-calls` is deprecated in favor of `lints.clippy.redundant_closure_for_method_calls` and will not work in a future edition
warning: iced-wgpu-patched/Cargo.toml: `lints.clippy.trivially-copy-pass-by-ref` is deprecated in favor of `lints.clippy.trivially_copy_pass_by_ref` and will not work in a future edition
warning: iced-wgpu-patched/Cargo.toml: `lints.clippy.type-complexity` is deprecated in favor of `lints.clippy.type_complexity` and will not work in a future edition
warning: `iced_wgpu` (manifest) generated 6 warnings
   Compiling wow-ui-sim v0.1.0 (/home/osso/.worktrees/wow-ui-sim-p1020-page)
    Finished `test` profile [optimized + debuginfo] target(s) in 1m 12s
     Running tests/integration.rs (target/debug/deps/integration-aef10a2b503e13d5)
[  0.000s] [Startup] WowLuaEnv::new begin
[  0.000s] [Startup] WowLuaEnv::new begin
[  0.000s] [Startup] WowLuaEnv::new begin
[  0.002s] [Startup] SimState::default complete in 2.37ms
[  0.002s] [Startup] SimState::default complete in 2.37ms
[  0.002s] [Startup] SimState::default complete in 2.38ms
[  0.003s] [Startup] rilua VM created in 113.55µs
[  0.003s] [Startup] rilua VM created in 112.79µs
[  0.003s] [Startup] rilua VM created in 108.98µs
[  0.003s] [Startup] builtin frames initialized in 74.39µs
[  0.003s] [Startup] builtin frames initialized in 77.67µs
[  0.003s] [Startup] builtin frames initialized in 77.70µs
[  0.003s] [Startup] template registry cleared in 6.80µs
[  0.003s] [Startup] template registry cleared in 7.40µs
[  0.003s] [Startup] intrinsic templates registered in 8.31µs
[  0.003s] [Startup] intrinsic templates registered in 6.15µs
[  0.003s] [Startup] initial app_data lua handle installed in 471.00ns
[  0.003s] [Startup] initial app_data lua handle installed in 140.00ns
[  0.003s] [Startup] template registry cleared in 85.29µs
[  0.003s] [Startup] intrinsic templates registered in 4.12µs
[  0.003s] [Startup] initial app_data lua handle installed in 200.00ns
[  0.190s] [Startup] init_lua_state complete in 187.15ms
[  0.190s] [Startup] final app_data lua handle installed in 260.00ns
[  0.190s] [Startup] initial screen globals installed in 188.36µs
[  0.190s] [Startup] WowLuaEnv::new complete
[  0.190s] [Startup] init_lua_state complete in 187.79ms
[  0.190s] [Startup] final app_data lua handle installed in 381.00ns
[  0.191s] [Startup] initial screen globals installed in 122.30µs
[  0.191s] [Startup] WowLuaEnv::new complete
[  0.191s] [Startup] init_lua_state complete in 188.24ms
[  0.191s] [Startup] final app_data lua handle installed in 251.00ns
[  0.191s] [Startup] initial screen globals installed in 122.98µs
[  0.191s] [Startup] WowLuaEnv::new complete
