
running 1 test
test patch_10_2_0_publication_sweep::patch_10_2_0_publication_sweep ... ok

test result: ok. 1 passed; 0 failed; 0 ignored; 0 measured; 10822 filtered out; finished in 4.76s

warning: iced-wgpu-patched/Cargo.toml: `lints.clippy.large-enum-variant` is deprecated in favor of `lints.clippy.large_enum_variant` and will not work in a future edition
warning: iced-wgpu-patched/Cargo.toml: `lints.clippy.map-entry` is deprecated in favor of `lints.clippy.map_entry` and will not work in a future edition
warning: iced-wgpu-patched/Cargo.toml: `lints.clippy.match-wildcard-for-single-variants` is deprecated in favor of `lints.clippy.match_wildcard_for_single_variants` and will not work in a future edition
warning: iced-wgpu-patched/Cargo.toml: `lints.clippy.redundant-closure-for-method-calls` is deprecated in favor of `lints.clippy.redundant_closure_for_method_calls` and will not work in a future edition
warning: iced-wgpu-patched/Cargo.toml: `lints.clippy.trivially-copy-pass-by-ref` is deprecated in favor of `lints.clippy.trivially_copy_pass_by_ref` and will not work in a future edition
warning: iced-wgpu-patched/Cargo.toml: `lints.clippy.type-complexity` is deprecated in favor of `lints.clippy.type_complexity` and will not work in a future edition
warning: `iced_wgpu` (manifest) generated 6 warnings
    Finished `test` profile [optimized + debuginfo] target(s) in 0.56s
     Running tests/integration.rs (target/debug/deps/integration-aef10a2b503e13d5)
[  0.000s] [Startup] WowLuaEnv::new begin
[  0.002s] [Startup] SimState::default complete in 2.17ms
[  0.002s] [Startup] rilua VM created in 114.83µs
[  0.002s] [Startup] builtin frames initialized in 66.72µs
[  0.002s] [Startup] template registry cleared in 6.88µs
[  0.002s] [Startup] intrinsic templates registered in 7.86µs
[  0.002s] [Startup] initial app_data lua handle installed in 531.00ns
[  0.175s] [Startup] init_lua_state complete in 172.34ms
[  0.175s] [Startup] final app_data lua handle installed in 231.00ns
[  0.175s] [Startup] initial screen globals installed in 98.73µs
[  0.175s] [Startup] WowLuaEnv::new complete
[  3.306s] [Startup] apply_post_load_workarounds: begin
[  3.306s] [Workarounds] starting patch_edit_mode_manager
[  3.307s] [Workarounds] finished patch_edit_mode_manager in 303.87µs
[  3.307s] [Workarounds] starting init_edit_mode_layout
[  3.307s] [EditMode] starting setup_layout_info
[  3.310s] [EditMode] finished setup_layout_info in 3.26ms
[  3.310s] [EditMode] starting apply_system_anchors
[  3.460s] [EditMode] finished apply_system_anchors in 149.59ms
[  3.460s] [EditMode] starting finalize_action_bar_positions
[  3.461s] [EditMode] finished finalize_action_bar_positions in 1.85ms
[  3.461s] [EditMode] starting invoke_anchor_changed_hooks
[  3.462s] [EditMode] finished invoke_anchor_changed_hooks in 408.14µs
[  3.462s] [EditMode] starting fix_action_bar_nan_size
[  3.462s] [EditMode] finished fix_action_bar_nan_size in 43.20µs
[  3.462s] [EditMode] starting fix_action_bar_scale
[  3.462s] [EditMode] finished fix_action_bar_scale in 5.30µs
[  3.462s] [Workarounds] finished init_edit_mode_layout in 155.18ms
[  3.462s] [Workarounds] starting patch_ui_parent_panel_toggles
[  3.462s] [Workarounds] finished patch_ui_parent_panel_toggles in 253.74µs
[  3.462s] [Workarounds] starting patch_uiparent_onupdate_worklists
[  3.462s] [Workarounds] finished patch_uiparent_onupdate_worklists in 102.02µs
[  3.462s] [Workarounds] starting init_chat_type_colors
[  3.462s] [Workarounds] finished init_chat_type_colors in 121.82µs
[  3.462s] [Workarounds] starting patch_chat_voice_button_surface
[  3.463s] [Workarounds] finished patch_chat_voice_button_surface in 121.38µs
[  3.463s] [Workarounds] starting patch_item_socketing_tooltips
[  3.463s] [Workarounds] finished patch_item_socketing_tooltips in 60.23µs
[  3.463s] [Workarounds] starting patch_character_select_selected_name
[  3.463s] [Workarounds] finished patch_character_select_selected_name in 31.54µs
[  3.463s] [Workarounds] starting patch_character_create_defaults
[  3.463s] [Workarounds] finished patch_character_create_defaults in 238.26µs
[  3.463s] [Workarounds] starting patch_character_frame_title_refresh
[  3.469s] [Workarounds] finished patch_character_frame_title_refresh in 5.94ms
[  3.469s] [Workarounds] starting patch_vignette_pin_template
[  3.469s] [Workarounds] finished patch_vignette_pin_template in 99.47µs
[  3.469s] [Workarounds] starting patch_fog_of_war_pin_mixin
[  3.469s] [Workarounds] finished patch_fog_of_war_pin_mixin in 292.02µs
[  3.469s] [Workarounds] starting patch_map_exploration_pin_mixin
[  3.476s] [Workarounds] finished patch_map_exploration_pin_mixin in 6.41ms
[  3.476s] [Workarounds] starting patch_map_canvas_data_provider_attachment
[  3.476s] [Workarounds] finished patch_map_canvas_data_provider_attachment in 68.27µs
[  3.476s] [Workarounds] starting ensure_adventure_map_frame_surface
[  3.476s] [Workarounds] finished ensure_adventure_map_frame_surface in 495.14µs
[  3.476s] [Workarounds] starting patch_action_bar_button_event_fanout
[  3.476s] [Workarounds] finished patch_action_bar_button_event_fanout in 110.21µs
[  3.476s] [Workarounds] starting patch_paging_controls_page_text
[  3.476s] [Workarounds] finished patch_paging_controls_page_text in 41.46µs
[  3.476s] [Workarounds] starting patch_talent_edge_frame_level_sync
[  3.476s] [Workarounds] finished patch_talent_edge_frame_level_sync in 32.32µs
[  3.476s] [Workarounds] starting patch_catalog_shop_product_card_defaults
[  3.476s] [Workarounds] finished patch_catalog_shop_product_card_defaults in 66.48µs
[  3.476s] [Workarounds] starting patch_game_time_defaults
[  3.476s] [Workarounds] finished patch_game_time_defaults in 8.12µs
[  3.476s] [Workarounds] starting patch_tooltip_nineslice_surface
[  3.477s] [Workarounds] finished patch_tooltip_nineslice_surface in 46.53µs
[  3.477s] [Workarounds] starting patch_container_frame_token_tracker
[  3.477s] [Workarounds] finished patch_container_frame_token_tracker in 43.39µs
[  3.477s] [Workarounds] starting patch_achievement_display_set_achievements
[  3.477s] [Workarounds] finished patch_achievement_display_set_achievements in 8.86µs
[  3.477s] [Workarounds] starting patch_housing_dashboard_preload
[  3.477s] [Workarounds] finished patch_housing_dashboard_preload in 173.71µs
[  3.477s] [Workarounds] starting patch_lfg_lock_list
[  3.477s] [Workarounds] finished patch_lfg_lock_list in 38.62µs
[  3.477s] [Workarounds] starting patch_auction_house_browse_results_event
[  3.477s] [Workarounds] finished patch_auction_house_browse_results_event in 70.13µs
[  3.477s] [Workarounds] starting patch_auction_house_search_context_aliases
[  3.477s] [Workarounds] finished patch_auction_house_search_context_aliases in 31.05µs
[  3.477s] [Workarounds] starting patch_auth_challenge_frame_parent
[  3.477s] [Workarounds] finished patch_auth_challenge_frame_parent in 71.08µs
[  3.477s] [Workarounds] starting patch_settings_surface_defaults
[  3.477s] [Workarounds] finished patch_settings_surface_defaults in 376.92µs
[  3.477s] [Workarounds] starting patch_settings_canvas_layout_visibility
[  3.477s] [Workarounds] finished patch_settings_canvas_layout_visibility in 118.76µs
[  3.477s] [Startup] apply_post_load_workarounds: workarounds complete
[  3.547s] [Startup] apply_post_load_workarounds: globals restored
[  3.548s] [Startup] apply_post_load_workarounds: patch 12.1 compatibility restored
[  3.548s] [Startup] apply_post_load_workarounds: seterrorhandler restored
[  3.690s] [Startup] begin login sequence
[  3.690s] [Startup] Firing ADDON_LOADED
[  3.690s] [Startup] Firing VARIABLES_LOADED
[  3.791s] [Startup] Firing DISPLAY_SIZE_CHANGED
[  3.837s] [Startup] Firing UI_SCALE_CHANGED
[  3.838s] [Startup] Firing PLAYER_LOGIN
[  3.838s] [Startup] end login sequence in 147.98ms
[  3.838s] [Startup] begin world enter sequence
[  3.838s] [Startup] Skipping EDIT_MODE_LAYOUTS_UPDATED
[  3.838s] [Startup] Firing TIME_PLAYED_MSG via RequestTimePlayed
[  3.838s] [Startup] Firing PLAYER_ENTERING_WORLD
[  4.091s] [EditMode] starting setup_layout_info
[  4.095s] [EditMode] finished setup_layout_info in 4.20ms
[  4.095s] [EditMode] starting apply_system_anchors
[  4.248s] [EditMode] finished apply_system_anchors in 152.27ms
[  4.248s] [EditMode] starting finalize_action_bar_positions
[  4.251s] [EditMode] finished finalize_action_bar_positions in 3.89ms
[  4.251s] [EditMode] starting invoke_anchor_changed_hooks
[  4.259s] [EditMode] finished invoke_anchor_changed_hooks in 7.61ms
[  4.259s] [EditMode] starting fix_action_bar_nan_size
[  4.259s] [EditMode] finished fix_action_bar_nan_size in 117.81µs
[  4.259s] [EditMode] starting fix_action_bar_scale
[  4.259s] [EditMode] finished fix_action_bar_scale in 6.49µs
[  4.259s] [EditMode] starting reapply_player_frame_anchor
[  4.261s] [EditMode] finished reapply_player_frame_anchor in 1.69ms
[  4.272s] [Startup] end world enter sequence in 434.03ms
[  4.272s] [Startup] begin post-login events
[  4.273s] [Startup] Firing UNIT_AURA
[  4.274s] [Startup] Firing PET_UI_UPDATE
[  4.276s] [Startup] Firing BAG_UPDATE_DELAYED
[  4.278s] [Startup] Firing QUEST_LOG_UPDATE
[  4.279s] [Startup] Firing GROUP_ROSTER_UPDATE
[  4.393s] [Startup] Firing ACTIONBAR_UPDATE_STATE
[  4.393s] [Startup] Firing ACTIONBAR_UPDATE_COOLDOWN
[  4.395s] [Startup] Firing UPDATE_BONUS_ACTIONBAR
[  4.407s] [Startup] Firing PLAYER_CAN_GLIDE_CHANGED
[  4.407s] [Startup] Firing PLAYER_IS_GLIDING_CHANGED
[  4.407s] [Startup] Firing UPDATE_BINDINGS
[  4.411s] [Startup] Firing UPDATE_CHAT_WINDOWS
[  4.414s] [Startup] Firing LFG_UPDATE_RANDOM_INFO
[  4.415s] [Startup] end post-login events in 142.87ms
[  4.415s] [Startup] begin close startup special windows
[  4.415s] [Startup] end close startup special windows in 297.93µs
[  4.415s] [Startup] begin FIRST_FRAME_RENDERED
[  4.415s] [Startup] Firing FIRST_FRAME_RENDERED
[  4.415s] [Startup] end FIRST_FRAME_RENDERED in 182.98µs
[  4.415s] [Startup] begin unblock hidden splash alerts
[  4.415s] [Startup] end unblock hidden splash alerts in 20.21µs
[  4.415s] [Startup] begin post-event workarounds
[  4.415s] [Startup] end post-event workarounds in 1.04µs
CVar default mismatch wt-cvars-advFlyKeyboardMaxPitchFactor-245: page=Some("5.0"), observed=Some("5.000000")
CVar default mismatch wt-cvars-advFlyKeyboardMaxTurnFactor-246: page=Some("8.0"), observed=Some("8.000000")
CVar default mismatch wt-cvars-advFlyKeyboardMinPitchFactor-247: page=Some("2.5"), observed=Some("2.500000")
CVar default mismatch wt-cvars-advFlyKeyboardMinTurnFactor-248: page=Some("5.0"), observed=Some("5.000000")
CVar default mismatch wt-cvars-advFlyPitchControlCameraChase-249: page=Some("20.0"), observed=Some("20.000000")
