warning: iced-wgpu-patched/Cargo.toml: `lints.clippy.large-enum-variant` is deprecated in favor of `lints.clippy.large_enum_variant` and will not work in a future edition
warning: iced-wgpu-patched/Cargo.toml: `lints.clippy.map-entry` is deprecated in favor of `lints.clippy.map_entry` and will not work in a future edition
warning: iced-wgpu-patched/Cargo.toml: `lints.clippy.match-wildcard-for-single-variants` is deprecated in favor of `lints.clippy.match_wildcard_for_single_variants` and will not work in a future edition
warning: iced-wgpu-patched/Cargo.toml: `lints.clippy.redundant-closure-for-method-calls` is deprecated in favor of `lints.clippy.redundant_closure_for_method_calls` and will not work in a future edition
warning: iced-wgpu-patched/Cargo.toml: `lints.clippy.trivially-copy-pass-by-ref` is deprecated in favor of `lints.clippy.trivially_copy_pass_by_ref` and will not work in a future edition
warning: iced-wgpu-patched/Cargo.toml: `lints.clippy.type-complexity` is deprecated in favor of `lints.clippy.type_complexity` and will not work in a future edition
warning: `iced_wgpu` (manifest) generated 6 warnings
error: no test target named `patch_10_2_0_publication_sweep` in default-run packages
help: available test targets:
    anniversary_compat_bootstrap
    c_autocomplete
    classic_guild_roster_selection
    enum_diff_coverage
    era_compat_bootstrap
    frame_edit_mode_methods
    frame_positions
    integration
    mists_class_colors
    mists_compat_bootstrap
    mists_currency_list
    mists_dialog_helpers
    mists_forbidden_frames
    mists_nameplate_scale
    mists_world_map_opacity
    pandaria_installed_addons
    patch_12_1_audit
    prefork_full_ui
    scoped_modifier_addon_smoke
