
running 1 test
test patch_10_2_7_publication_sweep::patch_10_2_7_publication_sweep ... ok

test result: ok. 1 passed; 0 failed; 0 ignored; 0 measured; 10822 filtered out; finished in 5.62s

warning: iced-wgpu-patched/Cargo.toml: `lints.clippy.large-enum-variant` is deprecated in favor of `lints.clippy.large_enum_variant` and will not work in a future edition
warning: iced-wgpu-patched/Cargo.toml: `lints.clippy.map-entry` is deprecated in favor of `lints.clippy.map_entry` and will not work in a future edition
warning: iced-wgpu-patched/Cargo.toml: `lints.clippy.match-wildcard-for-single-variants` is deprecated in favor of `lints.clippy.match_wildcard_for_single_variants` and will not work in a future edition
warning: iced-wgpu-patched/Cargo.toml: `lints.clippy.redundant-closure-for-method-calls` is deprecated in favor of `lints.clippy.redundant_closure_for_method_calls` and will not work in a future edition
warning: iced-wgpu-patched/Cargo.toml: `lints.clippy.trivially-copy-pass-by-ref` is deprecated in favor of `lints.clippy.trivially_copy_pass_by_ref` and will not work in a future edition
warning: iced-wgpu-patched/Cargo.toml: `lints.clippy.type-complexity` is deprecated in favor of `lints.clippy.type_complexity` and will not work in a future edition
warning: `iced_wgpu` (manifest) generated 6 warnings
    Finished `test` profile [optimized + debuginfo] target(s) in 0.21s
     Running tests/integration.rs (target/debug/deps/integration-aef10a2b503e13d5)
[  0.000s] [Startup] WowLuaEnv::new begin
[  0.019s] [Startup] SimState::default complete in 19.30ms
[  0.019s] [Startup] rilua VM created in 125.51µs
[  0.020s] [Startup] builtin frames initialized in 102.98µs
[  0.020s] [Startup] template registry cleared in 6.35µs
[  0.020s] [Startup] intrinsic templates registered in 10.31µs
[  0.020s] [Startup] initial app_data lua handle installed in 591.00ns
[  0.176s] [Startup] init_lua_state complete in 156.26ms
[  0.176s] [Startup] final app_data lua handle installed in 210.00ns
[  0.176s] [Startup] initial screen globals installed in 135.58µs
[  0.176s] [Startup] WowLuaEnv::new complete
[  3.305s] [Startup] apply_post_load_workarounds: begin
[  3.305s] [Workarounds] starting patch_edit_mode_manager
[  3.306s] [Workarounds] finished patch_edit_mode_manager in 336.19µs
[  3.306s] [Workarounds] starting init_edit_mode_layout
[  3.306s] [EditMode] starting setup_layout_info
[  3.309s] [EditMode] finished setup_layout_info in 3.57ms
[  3.309s] [EditMode] starting apply_system_anchors
[  3.459s] [EditMode] finished apply_system_anchors in 150.00ms
[  3.459s] [EditMode] starting finalize_action_bar_positions
[  3.461s] [EditMode] finished finalize_action_bar_positions in 2.29ms
[  3.461s] [EditMode] starting invoke_anchor_changed_hooks
[  3.462s] [EditMode] finished invoke_anchor_changed_hooks in 646.92µs
[  3.462s] [EditMode] starting fix_action_bar_nan_size
[  3.462s] [EditMode] finished fix_action_bar_nan_size in 61.51µs
[  3.462s] [EditMode] starting fix_action_bar_scale
[  3.462s] [EditMode] finished fix_action_bar_scale in 6.02µs
[  3.462s] [Workarounds] finished init_edit_mode_layout in 156.61ms
[  3.462s] [Workarounds] starting patch_ui_parent_panel_toggles
[  3.462s] [Workarounds] finished patch_ui_parent_panel_toggles in 285.11µs
[  3.462s] [Workarounds] starting patch_uiparent_onupdate_worklists
[  3.463s] [Workarounds] finished patch_uiparent_onupdate_worklists in 124.22µs
[  3.463s] [Workarounds] starting init_chat_type_colors
[  3.463s] [Workarounds] finished init_chat_type_colors in 189.31µs
[  3.463s] [Workarounds] starting patch_chat_voice_button_surface
[  3.463s] [Workarounds] finished patch_chat_voice_button_surface in 169.20µs
[  3.463s] [Workarounds] starting patch_item_socketing_tooltips
[  3.463s] [Workarounds] finished patch_item_socketing_tooltips in 74.72µs
[  3.463s] [Workarounds] starting patch_character_select_selected_name
[  3.463s] [Workarounds] finished patch_character_select_selected_name in 36.56µs
[  3.463s] [Workarounds] starting patch_character_create_defaults
[  3.463s] [Workarounds] finished patch_character_create_defaults in 264.39µs
[  3.463s] [Workarounds] starting patch_character_frame_title_refresh
[  3.471s] [Workarounds] finished patch_character_frame_title_refresh in 7.27ms
[  3.471s] [Workarounds] starting patch_vignette_pin_template
[  3.471s] [Workarounds] finished patch_vignette_pin_template in 134.84µs
[  3.471s] [Workarounds] starting patch_fog_of_war_pin_mixin
[  3.471s] [Workarounds] finished patch_fog_of_war_pin_mixin in 349.06µs
[  3.471s] [Workarounds] starting patch_map_exploration_pin_mixin
[  3.479s] [Workarounds] finished patch_map_exploration_pin_mixin in 7.65ms
[  3.479s] [Workarounds] starting patch_map_canvas_data_provider_attachment
[  3.479s] [Workarounds] finished patch_map_canvas_data_provider_attachment in 143.82µs
[  3.479s] [Workarounds] starting ensure_adventure_map_frame_surface
[  3.480s] [Workarounds] finished ensure_adventure_map_frame_surface in 857.73µs
[  3.480s] [Workarounds] starting patch_action_bar_button_event_fanout
[  3.480s] [Workarounds] finished patch_action_bar_button_event_fanout in 182.81µs
[  3.480s] [Workarounds] starting patch_paging_controls_page_text
[  3.480s] [Workarounds] finished patch_paging_controls_page_text in 64.67µs
[  3.480s] [Workarounds] starting patch_talent_edge_frame_level_sync
[  3.480s] [Workarounds] finished patch_talent_edge_frame_level_sync in 51.00µs
[  3.480s] [Workarounds] starting patch_catalog_shop_product_card_defaults
[  3.480s] [Workarounds] finished patch_catalog_shop_product_card_defaults in 110.39µs
[  3.480s] [Workarounds] starting patch_game_time_defaults
[  3.480s] [Workarounds] finished patch_game_time_defaults in 11.97µs
[  3.480s] [Workarounds] starting patch_tooltip_nineslice_surface
[  3.480s] [Workarounds] finished patch_tooltip_nineslice_surface in 84.06µs
[  3.480s] [Workarounds] starting patch_container_frame_token_tracker
[  3.480s] [Workarounds] finished patch_container_frame_token_tracker in 75.00µs
[  3.480s] [Workarounds] starting patch_achievement_display_set_achievements
[  3.480s] [Workarounds] finished patch_achievement_display_set_achievements in 14.77µs
[  3.480s] [Workarounds] starting patch_housing_dashboard_preload
[  3.481s] [Workarounds] finished patch_housing_dashboard_preload in 256.74µs
[  3.481s] [Workarounds] starting patch_lfg_lock_list
[  3.481s] [Workarounds] finished patch_lfg_lock_list in 48.35µs
[  3.481s] [Workarounds] starting patch_auction_house_browse_results_event
[  3.481s] [Workarounds] finished patch_auction_house_browse_results_event in 84.18µs
[  3.481s] [Workarounds] starting patch_auction_house_search_context_aliases
[  3.481s] [Workarounds] finished patch_auction_house_search_context_aliases in 36.85µs
[  3.481s] [Workarounds] starting patch_auth_challenge_frame_parent
[  3.481s] [Workarounds] finished patch_auth_challenge_frame_parent in 91.82µs
[  3.481s] [Workarounds] starting patch_settings_surface_defaults
[  3.481s] [Workarounds] finished patch_settings_surface_defaults in 455.92µs
[  3.481s] [Workarounds] starting patch_settings_canvas_layout_visibility
[  3.482s] [Workarounds] finished patch_settings_canvas_layout_visibility in 152.39µs
[  3.482s] [Startup] apply_post_load_workarounds: workarounds complete
[  3.578s] [Startup] apply_post_load_workarounds: globals restored
[  3.578s] [Startup] apply_post_load_workarounds: patch 12.1 compatibility restored
[  3.578s] [Startup] apply_post_load_workarounds: seterrorhandler restored
[  3.823s] [Startup] begin login sequence
[  3.823s] [Startup] Firing ADDON_LOADED
[  3.824s] [Startup] Firing VARIABLES_LOADED
[  3.985s] [Startup] Firing DISPLAY_SIZE_CHANGED
[  4.054s] [Startup] Firing UI_SCALE_CHANGED
[  4.056s] [Startup] Firing PLAYER_LOGIN
[  4.056s] [Startup] end login sequence in 232.71ms
[  4.056s] [Startup] begin world enter sequence
[  4.056s] [Startup] Skipping EDIT_MODE_LAYOUTS_UPDATED
[  4.056s] [Startup] Firing TIME_PLAYED_MSG via RequestTimePlayed
[  4.056s] [Startup] Firing PLAYER_ENTERING_WORLD
[  4.548s] [EditMode] starting setup_layout_info
[  4.556s] [EditMode] finished setup_layout_info in 8.46ms
[  4.556s] [EditMode] starting apply_system_anchors
[  4.814s] [EditMode] finished apply_system_anchors in 257.56ms
[  4.814s] [EditMode] starting finalize_action_bar_positions
[  4.819s] [EditMode] finished finalize_action_bar_positions in 5.14ms
[  4.819s] [EditMode] starting invoke_anchor_changed_hooks
[  4.831s] [EditMode] finished invoke_anchor_changed_hooks in 11.65ms
[  4.831s] [EditMode] starting fix_action_bar_nan_size
[  4.831s] [EditMode] finished fix_action_bar_nan_size in 154.50µs
[  4.831s] [EditMode] starting fix_action_bar_scale
[  4.831s] [EditMode] finished fix_action_bar_scale in 9.57µs
[  4.831s] [EditMode] starting reapply_player_frame_anchor
[  4.834s] [EditMode] finished reapply_player_frame_anchor in 2.73ms
[  4.848s] [Startup] end world enter sequence in 791.47ms
[  4.848s] [Startup] begin post-login events
[  4.849s] [Startup] Firing UNIT_AURA
[  4.850s] [Startup] Firing PET_UI_UPDATE
[  4.853s] [Startup] Firing BAG_UPDATE_DELAYED
[  4.855s] [Startup] Firing QUEST_LOG_UPDATE
[  4.856s] [Startup] Firing GROUP_ROSTER_UPDATE
[  5.038s] [Startup] Firing ACTIONBAR_UPDATE_STATE
[  5.038s] [Startup] Firing ACTIONBAR_UPDATE_COOLDOWN
[  5.040s] [Startup] Firing UPDATE_BONUS_ACTIONBAR
[  5.071s] [Startup] Firing PLAYER_CAN_GLIDE_CHANGED
[  5.071s] [Startup] Firing PLAYER_IS_GLIDING_CHANGED
[  5.071s] [Startup] Firing UPDATE_BINDINGS
[  5.076s] [Startup] Firing UPDATE_CHAT_WINDOWS
[  5.082s] [Startup] Firing LFG_UPDATE_RANDOM_INFO
[  5.084s] [Startup] end post-login events in 236.41ms
[  5.084s] [Startup] begin close startup special windows
[  5.085s] [Startup] end close startup special windows in 512.97µs
[  5.085s] [Startup] begin FIRST_FRAME_RENDERED
[  5.085s] [Startup] Firing FIRST_FRAME_RENDERED
[  5.085s] [Startup] end FIRST_FRAME_RENDERED in 276.67µs
[  5.085s] [Startup] begin unblock hidden splash alerts
[  5.085s] [Startup] end unblock hidden splash alerts in 20.82µs
[  5.085s] [Startup] begin post-event workarounds
[  5.085s] [Startup] end post-event workarounds in 1.55µs
