...F
======================================================================
FAIL: test_widget_script_label_is_not_an_inventory_member (tools.test_gen_patch_wikitext_register.InventoryTests.test_widget_script_label_is_not_an_inventory_member)
----------------------------------------------------------------------
Traceback (most recent call last):
  File "/home/osso/.worktrees/wow-ui-sim-p1020-page/tools/test_gen_patch_wikitext_register.py", line 40, in test_widget_script_label_is_not_an_inventory_member
    self.assertEqual([(e['symbol'], e.get('kind')) for e in entries],
    ~~~~~~~~~~~~~~~~^^^^^^^^^^^^^^^^^^^^^^^^^^^^^^^^^^^^^^^^^^^^^^^^^
                     [('OnMovieHideSubtitle', 'widget-script')])
                     ^^^^^^^^^^^^^^^^^^^^^^^^^^^^^^^^^^^^^^^^^^^
AssertionError: Lists differ: [('OnMovieHideSubtitle', None)] != [('OnMovieHideSubtitle', 'widget-script')]

First differing element 0:
('OnMovieHideSubtitle', None)
('OnMovieHideSubtitle', 'widget-script')

- [('OnMovieHideSubtitle', None)]
?                          ^^^

+ [('OnMovieHideSubtitle', 'widget-script')]
?                          ^^^^^ +++++++++


----------------------------------------------------------------------
Ran 4 tests in 0.001s

FAILED (failures=1)
