running 1 tests
test patch_10_2_0_cached_surfaces::patch_10_2_0_cached_parent_keys_and_console_retirements ... ok

test result: ok. 1 passed; 0 failed; 1 total
warning: iced-wgpu-patched/Cargo.toml: `lints.clippy.large-enum-variant` is deprecated in favor of `lints.clippy.large_enum_variant` and will not work in a future edition
warning: iced-wgpu-patched/Cargo.toml: `lints.clippy.map-entry` is deprecated in favor of `lints.clippy.map_entry` and will not work in a future edition
warning: iced-wgpu-patched/Cargo.toml: `lints.clippy.match-wildcard-for-single-variants` is deprecated in favor of `lints.clippy.match_wildcard_for_single_variants` and will not work in a future edition
warning: iced-wgpu-patched/Cargo.toml: `lints.clippy.redundant-closure-for-method-calls` is deprecated in favor of `lints.clippy.redundant_closure_for_method_calls` and will not work in a future edition
warning: iced-wgpu-patched/Cargo.toml: `lints.clippy.trivially-copy-pass-by-ref` is deprecated in favor of `lints.clippy.trivially_copy_pass_by_ref` and will not work in a future edition
warning: iced-wgpu-patched/Cargo.toml: `lints.clippy.type-complexity` is deprecated in favor of `lints.clippy.type_complexity` and will not work in a future edition
warning: `iced_wgpu` (manifest) generated 6 warnings
   Compiling wow-ui-sim v0.1.0 (/home/osso/.worktrees/wow-ui-sim-p1020-page)
    Finished `test` profile [optimized + debuginfo] target(s) in 40.02s
     Running tests/prefork_full_ui.rs (target/debug/deps/prefork_full_ui-34a818a91c447c36)
[  0.000s] [Startup] WowLuaEnv::new begin
[  0.003s] [Startup] SimState::default complete in 2.88ms
[  0.003s] [Startup] rilua VM created in 105.18µs
[  0.003s] [Startup] builtin frames initialized in 75.63µs
[  0.003s] [Startup] template registry cleared in 6.00µs
[  0.003s] [Startup] intrinsic templates registered in 8.08µs
[  0.003s] [Startup] initial app_data lua handle installed in 651.00ns
[  0.196s] [Startup] init_lua_state complete in 192.46ms
[  0.196s] [Startup] final app_data lua handle installed in 461.00ns
[  0.196s] [Startup] initial screen globals installed in 193.00µs
[  0.196s] [Startup] WowLuaEnv::new complete
[  3.121s] [Startup] apply_post_load_workarounds: begin
[  3.121s] [Workarounds] starting patch_edit_mode_manager
[  3.121s] [Workarounds] finished patch_edit_mode_manager in 332.02µs
[  3.121s] [Workarounds] starting init_edit_mode_layout
[  3.121s] [EditMode] starting setup_layout_info
[  3.125s] [EditMode] finished setup_layout_info in 4.01ms
[  3.125s] [EditMode] starting apply_system_anchors
[  3.324s] [EditMode] finished apply_system_anchors in 199.23ms
[  3.324s] [EditMode] starting finalize_action_bar_positions
[  3.327s] [EditMode] finished finalize_action_bar_positions in 2.82ms
[  3.327s] [EditMode] starting invoke_anchor_changed_hooks
[  3.328s] [EditMode] finished invoke_anchor_changed_hooks in 780.61µs
[  3.328s] [EditMode] starting fix_action_bar_nan_size
[  3.328s] [EditMode] finished fix_action_bar_nan_size in 90.61µs
[  3.328s] [EditMode] starting fix_action_bar_scale
[  3.328s] [EditMode] finished fix_action_bar_scale in 8.61µs
[  3.328s] [Workarounds] finished init_edit_mode_layout in 207.02ms
[  3.328s] [Workarounds] starting patch_ui_parent_panel_toggles
[  3.329s] [Workarounds] finished patch_ui_parent_panel_toggles in 425.10µs
[  3.329s] [Workarounds] starting patch_uiparent_onupdate_worklists
[  3.329s] [Workarounds] finished patch_uiparent_onupdate_worklists in 173.62µs
[  3.329s] [Workarounds] starting init_chat_type_colors
[  3.329s] [Workarounds] finished init_chat_type_colors in 210.72µs
[  3.329s] [Workarounds] starting patch_chat_voice_button_surface
[  3.329s] [Workarounds] finished patch_chat_voice_button_surface in 216.12µs
[  3.329s] [Workarounds] starting patch_item_socketing_tooltips
[  3.329s] [Workarounds] finished patch_item_socketing_tooltips in 101.88µs
[  3.329s] [Workarounds] starting patch_character_select_selected_name
[  3.329s] [Workarounds] finished patch_character_select_selected_name in 51.28µs
[  3.329s] [Workarounds] starting patch_character_create_defaults
[  3.330s] [Workarounds] finished patch_character_create_defaults in 385.75µs
[  3.330s] [Workarounds] starting patch_character_frame_title_refresh
[  3.339s] [Workarounds] finished patch_character_frame_title_refresh in 8.99ms
[  3.339s] [Workarounds] starting patch_vignette_pin_template
[  3.339s] [Workarounds] finished patch_vignette_pin_template in 197.80µs
[  3.339s] [Workarounds] starting patch_fog_of_war_pin_mixin
[  3.339s] [Workarounds] finished patch_fog_of_war_pin_mixin in 380.72µs
[  3.339s] [Workarounds] starting patch_map_exploration_pin_mixin
[  3.347s] [Workarounds] finished patch_map_exploration_pin_mixin in 7.27ms
[  3.347s] [Workarounds] starting patch_map_canvas_data_provider_attachment
[  3.347s] [Workarounds] finished patch_map_canvas_data_provider_attachment in 158.10µs
[  3.347s] [Workarounds] starting ensure_adventure_map_frame_surface
[  3.347s] [Workarounds] finished ensure_adventure_map_frame_surface in 632.57µs
[  3.347s] [Workarounds] starting patch_action_bar_button_event_fanout
[  3.348s] [Workarounds] finished patch_action_bar_button_event_fanout in 132.68µs
[  3.348s] [Workarounds] starting patch_paging_controls_page_text
[  3.348s] [Workarounds] finished patch_paging_controls_page_text in 52.66µs
[  3.348s] [Workarounds] starting patch_talent_edge_frame_level_sync
[  3.348s] [Workarounds] finished patch_talent_edge_frame_level_sync in 34.51µs
[  3.348s] [Workarounds] starting patch_catalog_shop_product_card_defaults
[  3.348s] [Workarounds] finished patch_catalog_shop_product_card_defaults in 72.54µs
[  3.348s] [Workarounds] starting patch_game_time_defaults
[  3.348s] [Workarounds] finished patch_game_time_defaults in 9.21µs
[  3.348s] [Workarounds] starting patch_tooltip_nineslice_surface
[  3.348s] [Workarounds] finished patch_tooltip_nineslice_surface in 52.23µs
[  3.348s] [Workarounds] starting patch_container_frame_token_tracker
[  3.348s] [Workarounds] finished patch_container_frame_token_tracker in 45.88µs
[  3.348s] [Workarounds] starting patch_achievement_display_set_achievements
[  3.348s] [Workarounds] finished patch_achievement_display_set_achievements in 9.55µs
[  3.348s] [Workarounds] starting patch_housing_dashboard_preload
[  3.348s] [Workarounds] finished patch_housing_dashboard_preload in 196.26µs
[  3.348s] [Workarounds] starting patch_lfg_lock_list
[  3.348s] [Workarounds] finished patch_lfg_lock_list in 52.19µs
[  3.348s] [Workarounds] starting patch_auction_house_browse_results_event
[  3.348s] [Workarounds] finished patch_auction_house_browse_results_event in 76.30µs
[  3.348s] [Workarounds] starting patch_auction_house_search_context_aliases
[  3.348s] [Workarounds] finished patch_auction_house_search_context_aliases in 43.07µs
[  3.348s] [Workarounds] starting patch_auth_challenge_frame_parent
[  3.348s] [Workarounds] finished patch_auth_challenge_frame_parent in 115.72µs
[  3.348s] [Workarounds] starting patch_settings_surface_defaults
[  3.349s] [Workarounds] finished patch_settings_surface_defaults in 466.33µs
[  3.349s] [Workarounds] starting patch_settings_canvas_layout_visibility
[  3.349s] [Workarounds] finished patch_settings_canvas_layout_visibility in 137.80µs
[  3.349s] [Startup] apply_post_load_workarounds: workarounds complete
[  3.441s] [Startup] apply_post_load_workarounds: globals restored
[  3.441s] [Startup] apply_post_load_workarounds: patch 12.1 compatibility restored
[  3.441s] [Startup] apply_post_load_workarounds: seterrorhandler restored
[  3.619s] [Startup] begin login sequence
[  3.619s] [Startup] Firing ADDON_LOADED
[  3.619s] [Startup] Firing VARIABLES_LOADED
[  3.726s] [Startup] Firing DISPLAY_SIZE_CHANGED
[  3.771s] [Startup] Firing UI_SCALE_CHANGED
[  3.772s] [Startup] Firing PLAYER_LOGIN
[  3.772s] [Startup] end login sequence in 152.44ms
[  3.772s] [Startup] begin world enter sequence
[  3.772s] [Startup] Skipping EDIT_MODE_LAYOUTS_UPDATED
[  3.772s] [Startup] Firing TIME_PLAYED_MSG via RequestTimePlayed
[  3.772s] [Startup] Firing PLAYER_ENTERING_WORLD
[  4.007s] [EditMode] starting setup_layout_info
[  4.011s] [EditMode] finished setup_layout_info in 4.06ms
[  4.011s] [EditMode] starting apply_system_anchors
[  4.169s] [EditMode] finished apply_system_anchors in 157.81ms
[  4.169s] [EditMode] starting finalize_action_bar_positions
[  4.171s] [EditMode] finished finalize_action_bar_positions in 2.58ms
[  4.171s] [EditMode] starting invoke_anchor_changed_hooks
[  4.178s] [EditMode] finished invoke_anchor_changed_hooks in 6.34ms
[  4.178s] [EditMode] starting fix_action_bar_nan_size
[  4.178s] [EditMode] finished fix_action_bar_nan_size in 92.41µs
[  4.178s] [EditMode] starting fix_action_bar_scale
[  4.178s] [EditMode] finished fix_action_bar_scale in 5.52µs
[  4.178s] [EditMode] starting reapply_player_frame_anchor
[  4.179s] [EditMode] finished reapply_player_frame_anchor in 1.50ms
[  4.188s] [Startup] end world enter sequence in 416.06ms
[  4.188s] [Startup] begin post-login events
[  4.189s] [Startup] Firing UNIT_AURA
[  4.189s] [Startup] Firing PET_UI_UPDATE
[  4.191s] [Startup] Firing BAG_UPDATE_DELAYED
[  4.192s] [Startup] Firing QUEST_LOG_UPDATE
[  4.194s] [Startup] Firing GROUP_ROSTER_UPDATE
[  4.286s] [Startup] Firing ACTIONBAR_UPDATE_STATE
[  4.286s] [Startup] Firing ACTIONBAR_UPDATE_COOLDOWN
[  4.287s] [Startup] Firing UPDATE_BONUS_ACTIONBAR
[  4.299s] [Startup] Firing PLAYER_CAN_GLIDE_CHANGED
[  4.299s] [Startup] Firing PLAYER_IS_GLIDING_CHANGED
[  4.299s] [Startup] Firing UPDATE_BINDINGS
[  4.302s] [Startup] Firing UPDATE_CHAT_WINDOWS
[  4.305s] [Startup] Firing LFG_UPDATE_RANDOM_INFO
[  4.306s] [Startup] end post-login events in 118.03ms
[  4.306s] [Startup] begin close startup special windows
[  4.306s] [Startup] end close startup special windows in 281.16µs
[  4.306s] [Startup] begin FIRST_FRAME_RENDERED
[  4.306s] [Startup] Firing FIRST_FRAME_RENDERED
[  4.306s] [Startup] end FIRST_FRAME_RENDERED in 176.61µs
[  4.306s] [Startup] begin unblock hidden splash alerts
[  4.306s] [Startup] end unblock hidden splash alerts in 15.12µs
[  4.306s] [Startup] begin post-event workarounds
[  4.306s] [Startup] end post-event workarounds in 891.00ns
