
running 1 test
test patch_11_0_5_publication_sweep::patch_11_0_5_publication_sweep ... ok

test result: ok. 1 passed; 0 failed; 0 ignored; 0 measured; 10822 filtered out; finished in 4.79s

warning: iced-wgpu-patched/Cargo.toml: `lints.clippy.large-enum-variant` is deprecated in favor of `lints.clippy.large_enum_variant` and will not work in a future edition
warning: iced-wgpu-patched/Cargo.toml: `lints.clippy.map-entry` is deprecated in favor of `lints.clippy.map_entry` and will not work in a future edition
warning: iced-wgpu-patched/Cargo.toml: `lints.clippy.match-wildcard-for-single-variants` is deprecated in favor of `lints.clippy.match_wildcard_for_single_variants` and will not work in a future edition
warning: iced-wgpu-patched/Cargo.toml: `lints.clippy.redundant-closure-for-method-calls` is deprecated in favor of `lints.clippy.redundant_closure_for_method_calls` and will not work in a future edition
warning: iced-wgpu-patched/Cargo.toml: `lints.clippy.trivially-copy-pass-by-ref` is deprecated in favor of `lints.clippy.trivially_copy_pass_by_ref` and will not work in a future edition
warning: iced-wgpu-patched/Cargo.toml: `lints.clippy.type-complexity` is deprecated in favor of `lints.clippy.type_complexity` and will not work in a future edition
warning: `iced_wgpu` (manifest) generated 6 warnings
    Finished `test` profile [optimized + debuginfo] target(s) in 0.36s
     Running tests/integration.rs (target/debug/deps/integration-aef10a2b503e13d5)
[  0.000s] [Startup] WowLuaEnv::new begin
[  0.002s] [Startup] SimState::default complete in 2.41ms
[  0.003s] [Startup] rilua VM created in 115.84µs
[  0.003s] [Startup] builtin frames initialized in 81.19µs
[  0.003s] [Startup] template registry cleared in 4.80µs
[  0.003s] [Startup] intrinsic templates registered in 8.12µs
[  0.003s] [Startup] initial app_data lua handle installed in 561.00ns
[  0.191s] [Startup] init_lua_state complete in 188.27ms
[  0.191s] [Startup] final app_data lua handle installed in 431.00ns
[  0.191s] [Startup] initial screen globals installed in 122.83µs
[  0.191s] [Startup] WowLuaEnv::new complete
[  3.138s] [Startup] apply_post_load_workarounds: begin
[  3.138s] [Workarounds] starting patch_edit_mode_manager
[  3.139s] [Workarounds] finished patch_edit_mode_manager in 317.79µs
[  3.139s] [Workarounds] starting init_edit_mode_layout
[  3.139s] [EditMode] starting setup_layout_info
[  3.142s] [EditMode] finished setup_layout_info in 3.63ms
[  3.142s] [EditMode] starting apply_system_anchors
[  3.309s] [EditMode] finished apply_system_anchors in 166.70ms
[  3.309s] [EditMode] starting finalize_action_bar_positions
[  3.311s] [EditMode] finished finalize_action_bar_positions in 2.23ms
[  3.311s] [EditMode] starting invoke_anchor_changed_hooks
[  3.312s] [EditMode] finished invoke_anchor_changed_hooks in 480.13µs
[  3.312s] [EditMode] starting fix_action_bar_nan_size
[  3.312s] [EditMode] finished fix_action_bar_nan_size in 48.42µs
[  3.312s] [EditMode] starting fix_action_bar_scale
[  3.312s] [EditMode] finished fix_action_bar_scale in 5.14µs
[  3.312s] [Workarounds] finished init_edit_mode_layout in 173.13ms
[  3.312s] [Workarounds] starting patch_ui_parent_panel_toggles
[  3.312s] [Workarounds] finished patch_ui_parent_panel_toggles in 260.74µs
[  3.312s] [Workarounds] starting patch_uiparent_onupdate_worklists
[  3.312s] [Workarounds] finished patch_uiparent_onupdate_worklists in 107.03µs
[  3.312s] [Workarounds] starting init_chat_type_colors
[  3.312s] [Workarounds] finished init_chat_type_colors in 129.09µs
[  3.312s] [Workarounds] starting patch_chat_voice_button_surface
[  3.313s] [Workarounds] finished patch_chat_voice_button_surface in 141.56µs
[  3.313s] [Workarounds] starting patch_item_socketing_tooltips
[  3.313s] [Workarounds] finished patch_item_socketing_tooltips in 62.44µs
[  3.313s] [Workarounds] starting patch_character_select_selected_name
[  3.313s] [Workarounds] finished patch_character_select_selected_name in 33.67µs
[  3.313s] [Workarounds] starting patch_character_create_defaults
[  3.313s] [Workarounds] finished patch_character_create_defaults in 246.42µs
[  3.313s] [Workarounds] starting patch_character_frame_title_refresh
[  3.319s] [Workarounds] finished patch_character_frame_title_refresh in 6.16ms
[  3.319s] [Workarounds] starting patch_vignette_pin_template
[  3.319s] [Workarounds] finished patch_vignette_pin_template in 97.50µs
[  3.319s] [Workarounds] starting patch_fog_of_war_pin_mixin
[  3.319s] [Workarounds] finished patch_fog_of_war_pin_mixin in 306.51µs
[  3.320s] [Workarounds] starting patch_map_exploration_pin_mixin
[  3.326s] [Workarounds] finished patch_map_exploration_pin_mixin in 6.84ms
[  3.326s] [Workarounds] starting patch_map_canvas_data_provider_attachment
[  3.326s] [Workarounds] finished patch_map_canvas_data_provider_attachment in 116.24µs
[  3.326s] [Workarounds] starting ensure_adventure_map_frame_surface
[  3.327s] [Workarounds] finished ensure_adventure_map_frame_surface in 571.49µs
[  3.327s] [Workarounds] starting patch_action_bar_button_event_fanout
[  3.327s] [Workarounds] finished patch_action_bar_button_event_fanout in 142.68µs
[  3.327s] [Workarounds] starting patch_paging_controls_page_text
[  3.327s] [Workarounds] finished patch_paging_controls_page_text in 45.48µs
[  3.327s] [Workarounds] starting patch_talent_edge_frame_level_sync
[  3.327s] [Workarounds] finished patch_talent_edge_frame_level_sync in 33.71µs
[  3.327s] [Workarounds] starting patch_catalog_shop_product_card_defaults
[  3.327s] [Workarounds] finished patch_catalog_shop_product_card_defaults in 80.68µs
[  3.327s] [Workarounds] starting patch_game_time_defaults
[  3.327s] [Workarounds] finished patch_game_time_defaults in 8.63µs
[  3.327s] [Workarounds] starting patch_tooltip_nineslice_surface
[  3.327s] [Workarounds] finished patch_tooltip_nineslice_surface in 56.06µs
[  3.327s] [Workarounds] starting patch_container_frame_token_tracker
[  3.327s] [Workarounds] finished patch_container_frame_token_tracker in 51.93µs
[  3.327s] [Workarounds] starting patch_achievement_display_set_achievements
[  3.328s] [Workarounds] finished patch_achievement_display_set_achievements in 10.10µs
[  3.328s] [Workarounds] starting patch_housing_dashboard_preload
[  3.328s] [Workarounds] finished patch_housing_dashboard_preload in 229.52µs
[  3.328s] [Workarounds] starting patch_lfg_lock_list
[  3.328s] [Workarounds] finished patch_lfg_lock_list in 50.39µs
[  3.328s] [Workarounds] starting patch_auction_house_browse_results_event
[  3.328s] [Workarounds] finished patch_auction_house_browse_results_event in 75.35µs
[  3.328s] [Workarounds] starting patch_auction_house_search_context_aliases
[  3.328s] [Workarounds] finished patch_auction_house_search_context_aliases in 30.88µs
[  3.328s] [Workarounds] starting patch_auth_challenge_frame_parent
[  3.328s] [Workarounds] finished patch_auth_challenge_frame_parent in 82.53µs
[  3.328s] [Workarounds] starting patch_settings_surface_defaults
[  3.328s] [Workarounds] finished patch_settings_surface_defaults in 411.48µs
[  3.328s] [Workarounds] starting patch_settings_canvas_layout_visibility
[  3.329s] [Workarounds] finished patch_settings_canvas_layout_visibility in 124.90µs
[  3.329s] [Startup] apply_post_load_workarounds: workarounds complete
[  3.413s] [Startup] apply_post_load_workarounds: globals restored
[  3.413s] [Startup] apply_post_load_workarounds: patch 12.1 compatibility restored
[  3.413s] [Startup] apply_post_load_workarounds: seterrorhandler restored
[  3.589s] [Startup] begin login sequence
[  3.589s] [Startup] Firing ADDON_LOADED
[  3.589s] [Startup] Firing VARIABLES_LOADED
[  3.709s] [Startup] Firing DISPLAY_SIZE_CHANGED
[  3.764s] [Startup] Firing UI_SCALE_CHANGED
[  3.765s] [Startup] Firing PLAYER_LOGIN
[  3.765s] [Startup] end login sequence in 176.02ms
[  3.765s] [Startup] begin world enter sequence
[  3.765s] [Startup] Skipping EDIT_MODE_LAYOUTS_UPDATED
[  3.765s] [Startup] Firing TIME_PLAYED_MSG via RequestTimePlayed
[  3.765s] [Startup] Firing PLAYER_ENTERING_WORLD
[  4.089s] [EditMode] starting setup_layout_info
[  4.095s] [EditMode] finished setup_layout_info in 5.94ms
[  4.095s] [EditMode] starting apply_system_anchors
[  4.263s] [EditMode] finished apply_system_anchors in 168.86ms
[  4.263s] [EditMode] starting finalize_action_bar_positions
[  4.267s] [EditMode] finished finalize_action_bar_positions in 3.62ms
[  4.267s] [EditMode] starting invoke_anchor_changed_hooks
[  4.275s] [EditMode] finished invoke_anchor_changed_hooks in 7.64ms
[  4.275s] [EditMode] starting fix_action_bar_nan_size
[  4.275s] [EditMode] finished fix_action_bar_nan_size in 114.62µs
[  4.275s] [EditMode] starting fix_action_bar_scale
[  4.275s] [EditMode] finished fix_action_bar_scale in 10.15µs
[  4.275s] [EditMode] starting reapply_player_frame_anchor
[  4.278s] [EditMode] finished reapply_player_frame_anchor in 2.86ms
[  4.290s] [Startup] end world enter sequence in 524.73ms
[  4.290s] [Startup] begin post-login events
[  4.292s] [Startup] Firing UNIT_AURA
[  4.293s] [Startup] Firing PET_UI_UPDATE
[  4.297s] [Startup] Firing BAG_UPDATE_DELAYED
[  4.299s] [Startup] Firing QUEST_LOG_UPDATE
[  4.301s] [Startup] Firing GROUP_ROSTER_UPDATE
[  4.440s] [Startup] Firing ACTIONBAR_UPDATE_STATE
[  4.440s] [Startup] Firing ACTIONBAR_UPDATE_COOLDOWN
[  4.441s] [Startup] Firing UPDATE_BONUS_ACTIONBAR
[  4.458s] [Startup] Firing PLAYER_CAN_GLIDE_CHANGED
[  4.458s] [Startup] Firing PLAYER_IS_GLIDING_CHANGED
[  4.458s] [Startup] Firing UPDATE_BINDINGS
[  4.462s] [Startup] Firing UPDATE_CHAT_WINDOWS
[  4.466s] [Startup] Firing LFG_UPDATE_RANDOM_INFO
[  4.467s] [Startup] end post-login events in 176.91ms
[  4.467s] [Startup] begin close startup special windows
[  4.467s] [Startup] end close startup special windows in 344.56µs
[  4.467s] [Startup] begin FIRST_FRAME_RENDERED
[  4.467s] [Startup] Firing FIRST_FRAME_RENDERED
[  4.467s] [Startup] end FIRST_FRAME_RENDERED in 219.43µs
[  4.467s] [Startup] begin unblock hidden splash alerts
[  4.467s] [Startup] end unblock hidden splash alerts in 16.40µs
[  4.467s] [Startup] begin post-event workarounds
[  4.467s] [Startup] end post-event workarounds in 1.09µs
