
running 1 test
test patch_11_0_5_publication_sweep::patch_11_0_5_publication_sweep ... ok

test result: ok. 1 passed; 0 failed; 0 ignored; 0 measured; 10822 filtered out; finished in 6.34s

warning: iced-wgpu-patched/Cargo.toml: `lints.clippy.large-enum-variant` is deprecated in favor of `lints.clippy.large_enum_variant` and will not work in a future edition
warning: iced-wgpu-patched/Cargo.toml: `lints.clippy.map-entry` is deprecated in favor of `lints.clippy.map_entry` and will not work in a future edition
warning: iced-wgpu-patched/Cargo.toml: `lints.clippy.match-wildcard-for-single-variants` is deprecated in favor of `lints.clippy.match_wildcard_for_single_variants` and will not work in a future edition
warning: iced-wgpu-patched/Cargo.toml: `lints.clippy.redundant-closure-for-method-calls` is deprecated in favor of `lints.clippy.redundant_closure_for_method_calls` and will not work in a future edition
warning: iced-wgpu-patched/Cargo.toml: `lints.clippy.trivially-copy-pass-by-ref` is deprecated in favor of `lints.clippy.trivially_copy_pass_by_ref` and will not work in a future edition
warning: iced-wgpu-patched/Cargo.toml: `lints.clippy.type-complexity` is deprecated in favor of `lints.clippy.type_complexity` and will not work in a future edition
warning: `iced_wgpu` (manifest) generated 6 warnings
    Finished `test` profile [optimized + debuginfo] target(s) in 0.31s
     Running tests/integration.rs (target/debug/deps/integration-aef10a2b503e13d5)
[  0.000s] [Startup] WowLuaEnv::new begin
[  0.003s] [Startup] SimState::default complete in 2.76ms
[  0.003s] [Startup] rilua VM created in 157.26µs
[  0.003s] [Startup] builtin frames initialized in 105.35µs
[  0.003s] [Startup] template registry cleared in 6.52µs
[  0.003s] [Startup] intrinsic templates registered in 9.30µs
[  0.003s] [Startup] initial app_data lua handle installed in 771.00ns
[  0.243s] [Startup] init_lua_state complete in 240.39ms
[  0.244s] [Startup] final app_data lua handle installed in 461.00ns
[  0.244s] [Startup] initial screen globals installed in 159.23µs
[  0.244s] [Startup] WowLuaEnv::new complete
[  4.309s] [Startup] apply_post_load_workarounds: begin
[  4.309s] [Workarounds] starting patch_edit_mode_manager
[  4.309s] [Workarounds] finished patch_edit_mode_manager in 401.54µs
[  4.309s] [Workarounds] starting init_edit_mode_layout
[  4.309s] [EditMode] starting setup_layout_info
[  4.314s] [EditMode] finished setup_layout_info in 4.61ms
[  4.314s] [EditMode] starting apply_system_anchors
[  4.525s] [EditMode] finished apply_system_anchors in 210.82ms
[  4.525s] [EditMode] starting finalize_action_bar_positions
[  4.527s] [EditMode] finished finalize_action_bar_positions in 2.63ms
[  4.527s] [EditMode] starting invoke_anchor_changed_hooks
[  4.528s] [EditMode] finished invoke_anchor_changed_hooks in 568.46µs
[  4.528s] [EditMode] starting fix_action_bar_nan_size
[  4.528s] [EditMode] finished fix_action_bar_nan_size in 74.61µs
[  4.528s] [EditMode] starting fix_action_bar_scale
[  4.528s] [EditMode] finished fix_action_bar_scale in 7.61µs
[  4.528s] [Workarounds] finished init_edit_mode_layout in 218.77ms
[  4.528s] [Workarounds] starting patch_ui_parent_panel_toggles
[  4.528s] [Workarounds] finished patch_ui_parent_panel_toggles in 325.12µs
[  4.528s] [Workarounds] starting patch_uiparent_onupdate_worklists
[  4.528s] [Workarounds] finished patch_uiparent_onupdate_worklists in 134.78µs
[  4.528s] [Workarounds] starting init_chat_type_colors
[  4.528s] [Workarounds] finished init_chat_type_colors in 154.15µs
[  4.528s] [Workarounds] starting patch_chat_voice_button_surface
[  4.529s] [Workarounds] finished patch_chat_voice_button_surface in 184.30µs
[  4.529s] [Workarounds] starting patch_item_socketing_tooltips
[  4.529s] [Workarounds] finished patch_item_socketing_tooltips in 80.51µs
[  4.529s] [Workarounds] starting patch_character_select_selected_name
[  4.529s] [Workarounds] finished patch_character_select_selected_name in 41.44µs
[  4.529s] [Workarounds] starting patch_character_create_defaults
[  4.529s] [Workarounds] finished patch_character_create_defaults in 309.98µs
[  4.529s] [Workarounds] starting patch_character_frame_title_refresh
[  4.537s] [Workarounds] finished patch_character_frame_title_refresh in 7.92ms
[  4.537s] [Workarounds] starting patch_vignette_pin_template
[  4.537s] [Workarounds] finished patch_vignette_pin_template in 144.11µs
[  4.537s] [Workarounds] starting patch_fog_of_war_pin_mixin
[  4.538s] [Workarounds] finished patch_fog_of_war_pin_mixin in 385.75µs
[  4.538s] [Workarounds] starting patch_map_exploration_pin_mixin
[  4.545s] [Workarounds] finished patch_map_exploration_pin_mixin in 7.61ms
[  4.545s] [Workarounds] starting patch_map_canvas_data_provider_attachment
[  4.545s] [Workarounds] finished patch_map_canvas_data_provider_attachment in 100.07µs
[  4.545s] [Workarounds] starting ensure_adventure_map_frame_surface
[  4.546s] [Workarounds] finished ensure_adventure_map_frame_surface in 617.32µs
[  4.546s] [Workarounds] starting patch_action_bar_button_event_fanout
[  4.546s] [Workarounds] finished patch_action_bar_button_event_fanout in 137.02µs
[  4.546s] [Workarounds] starting patch_paging_controls_page_text
[  4.546s] [Workarounds] finished patch_paging_controls_page_text in 51.45µs
[  4.546s] [Workarounds] starting patch_talent_edge_frame_level_sync
[  4.546s] [Workarounds] finished patch_talent_edge_frame_level_sync in 38.60µs
[  4.546s] [Workarounds] starting patch_catalog_shop_product_card_defaults
[  4.546s] [Workarounds] finished patch_catalog_shop_product_card_defaults in 80.35µs
[  4.546s] [Workarounds] starting patch_game_time_defaults
[  4.546s] [Workarounds] finished patch_game_time_defaults in 9.07µs
[  4.546s] [Workarounds] starting patch_tooltip_nineslice_surface
[  4.546s] [Workarounds] finished patch_tooltip_nineslice_surface in 56.00µs
[  4.546s] [Workarounds] starting patch_container_frame_token_tracker
[  4.546s] [Workarounds] finished patch_container_frame_token_tracker in 53.46µs
[  4.546s] [Workarounds] starting patch_achievement_display_set_achievements
[  4.546s] [Workarounds] finished patch_achievement_display_set_achievements in 10.69µs
[  4.546s] [Workarounds] starting patch_housing_dashboard_preload
[  4.547s] [Workarounds] finished patch_housing_dashboard_preload in 245.03µs
[  4.547s] [Workarounds] starting patch_lfg_lock_list
[  4.547s] [Workarounds] finished patch_lfg_lock_list in 48.32µs
[  4.547s] [Workarounds] starting patch_auction_house_browse_results_event
[  4.547s] [Workarounds] finished patch_auction_house_browse_results_event in 82.40µs
[  4.547s] [Workarounds] starting patch_auction_house_search_context_aliases
[  4.547s] [Workarounds] finished patch_auction_house_search_context_aliases in 37.16µs
[  4.547s] [Workarounds] starting patch_auth_challenge_frame_parent
[  4.547s] [Workarounds] finished patch_auth_challenge_frame_parent in 87.12µs
[  4.547s] [Workarounds] starting patch_settings_surface_defaults
[  4.547s] [Workarounds] finished patch_settings_surface_defaults in 451.69µs
[  4.547s] [Workarounds] starting patch_settings_canvas_layout_visibility
[  4.547s] [Workarounds] finished patch_settings_canvas_layout_visibility in 138.74µs
[  4.547s] [Startup] apply_post_load_workarounds: workarounds complete
[  4.666s] [Startup] apply_post_load_workarounds: globals restored
[  4.667s] [Startup] apply_post_load_workarounds: patch 12.1 compatibility restored
[  4.667s] [Startup] apply_post_load_workarounds: seterrorhandler restored
[  4.882s] [Startup] begin login sequence
[  4.882s] [Startup] Firing ADDON_LOADED
[  4.882s] [Startup] Firing VARIABLES_LOADED
[  5.036s] [Startup] Firing DISPLAY_SIZE_CHANGED
[  5.103s] [Startup] Firing UI_SCALE_CHANGED
[  5.104s] [Startup] Firing PLAYER_LOGIN
[  5.104s] [Startup] end login sequence in 222.88ms
[  5.104s] [Startup] begin world enter sequence
[  5.104s] [Startup] Skipping EDIT_MODE_LAYOUTS_UPDATED
[  5.104s] [Startup] Firing TIME_PLAYED_MSG via RequestTimePlayed
[  5.104s] [Startup] Firing PLAYER_ENTERING_WORLD
[  5.505s] [EditMode] starting setup_layout_info
[  5.511s] [EditMode] finished setup_layout_info in 6.13ms
[  5.511s] [EditMode] starting apply_system_anchors
[  5.754s] [EditMode] finished apply_system_anchors in 243.50ms
[  5.754s] [EditMode] starting finalize_action_bar_positions
[  5.759s] [EditMode] finished finalize_action_bar_positions in 4.46ms
[  5.759s] [EditMode] starting invoke_anchor_changed_hooks
[  5.767s] [EditMode] finished invoke_anchor_changed_hooks in 8.07ms
[  5.767s] [EditMode] starting fix_action_bar_nan_size
[  5.767s] [EditMode] finished fix_action_bar_nan_size in 157.84µs
[  5.767s] [EditMode] starting fix_action_bar_scale
[  5.767s] [EditMode] finished fix_action_bar_scale in 7.35µs
[  5.767s] [EditMode] starting reapply_player_frame_anchor
[  5.769s] [EditMode] finished reapply_player_frame_anchor in 2.02ms
[  5.781s] [Startup] end world enter sequence in 676.75ms
[  5.781s] [Startup] begin post-login events
[  5.782s] [Startup] Firing UNIT_AURA
[  5.784s] [Startup] Firing PET_UI_UPDATE
[  5.786s] [Startup] Firing BAG_UPDATE_DELAYED
[  5.789s] [Startup] Firing QUEST_LOG_UPDATE
[  5.790s] [Startup] Firing GROUP_ROSTER_UPDATE
[  5.938s] [Startup] Firing ACTIONBAR_UPDATE_STATE
[  5.939s] [Startup] Firing ACTIONBAR_UPDATE_COOLDOWN
[  5.940s] [Startup] Firing UPDATE_BONUS_ACTIONBAR
[  5.960s] [Startup] Firing PLAYER_CAN_GLIDE_CHANGED
[  5.960s] [Startup] Firing PLAYER_IS_GLIDING_CHANGED
[  5.960s] [Startup] Firing UPDATE_BINDINGS
[  5.964s] [Startup] Firing UPDATE_CHAT_WINDOWS
[  5.969s] [Startup] Firing LFG_UPDATE_RANDOM_INFO
[  5.970s] [Startup] end post-login events in 189.07ms
[  5.970s] [Startup] begin close startup special windows
[  5.971s] [Startup] end close startup special windows in 492.00µs
[  5.971s] [Startup] begin FIRST_FRAME_RENDERED
[  5.971s] [Startup] Firing FIRST_FRAME_RENDERED
[  5.971s] [Startup] end FIRST_FRAME_RENDERED in 247.65µs
[  5.971s] [Startup] begin unblock hidden splash alerts
[  5.971s] [Startup] end unblock hidden splash alerts in 21.42µs
[  5.971s] [Startup] begin post-event workarounds
[  5.971s] [Startup] end post-event workarounds in 1.21µs
