
running 1 test
test patch_11_0_0_publication_sweep::patch_11_0_0_publication_sweep ... ok

test result: ok. 1 passed; 0 failed; 0 ignored; 0 measured; 10822 filtered out; finished in 6.19s

warning: iced-wgpu-patched/Cargo.toml: `lints.clippy.large-enum-variant` is deprecated in favor of `lints.clippy.large_enum_variant` and will not work in a future edition
warning: iced-wgpu-patched/Cargo.toml: `lints.clippy.map-entry` is deprecated in favor of `lints.clippy.map_entry` and will not work in a future edition
warning: iced-wgpu-patched/Cargo.toml: `lints.clippy.match-wildcard-for-single-variants` is deprecated in favor of `lints.clippy.match_wildcard_for_single_variants` and will not work in a future edition
warning: iced-wgpu-patched/Cargo.toml: `lints.clippy.redundant-closure-for-method-calls` is deprecated in favor of `lints.clippy.redundant_closure_for_method_calls` and will not work in a future edition
warning: iced-wgpu-patched/Cargo.toml: `lints.clippy.trivially-copy-pass-by-ref` is deprecated in favor of `lints.clippy.trivially_copy_pass_by_ref` and will not work in a future edition
warning: iced-wgpu-patched/Cargo.toml: `lints.clippy.type-complexity` is deprecated in favor of `lints.clippy.type_complexity` and will not work in a future edition
warning: `iced_wgpu` (manifest) generated 6 warnings
    Finished `test` profile [optimized + debuginfo] target(s) in 0.35s
     Running tests/integration.rs (target/debug/deps/integration-aef10a2b503e13d5)
[  0.000s] [Startup] WowLuaEnv::new begin
[  0.003s] [Startup] SimState::default complete in 2.83ms
[  0.003s] [Startup] rilua VM created in 159.58µs
[  0.003s] [Startup] builtin frames initialized in 113.84µs
[  0.003s] [Startup] template registry cleared in 5.76µs
[  0.003s] [Startup] intrinsic templates registered in 9.00µs
[  0.003s] [Startup] initial app_data lua handle installed in 681.00ns
[  0.266s] [Startup] init_lua_state complete in 262.84ms
[  0.266s] [Startup] final app_data lua handle installed in 411.00ns
[  0.266s] [Startup] initial screen globals installed in 166.09µs
[  0.266s] [Startup] WowLuaEnv::new complete
[  3.946s] [Startup] apply_post_load_workarounds: begin
[  3.946s] [Workarounds] starting patch_edit_mode_manager
[  3.946s] [Workarounds] finished patch_edit_mode_manager in 384.53µs
[  3.946s] [Workarounds] starting init_edit_mode_layout
[  3.946s] [EditMode] starting setup_layout_info
[  3.951s] [EditMode] finished setup_layout_info in 4.45ms
[  3.951s] [EditMode] starting apply_system_anchors
[  4.204s] [EditMode] finished apply_system_anchors in 253.58ms
[  4.205s] [EditMode] starting finalize_action_bar_positions
[  4.207s] [EditMode] finished finalize_action_bar_positions in 2.61ms
[  4.207s] [EditMode] starting invoke_anchor_changed_hooks
[  4.208s] [EditMode] finished invoke_anchor_changed_hooks in 522.96µs
[  4.208s] [EditMode] starting fix_action_bar_nan_size
[  4.208s] [EditMode] finished fix_action_bar_nan_size in 64.79µs
[  4.208s] [EditMode] starting fix_action_bar_scale
[  4.208s] [EditMode] finished fix_action_bar_scale in 6.59µs
[  4.208s] [Workarounds] finished init_edit_mode_layout in 261.28ms
[  4.208s] [Workarounds] starting patch_ui_parent_panel_toggles
[  4.208s] [Workarounds] finished patch_ui_parent_panel_toggles in 294.39µs
[  4.208s] [Workarounds] starting patch_uiparent_onupdate_worklists
[  4.208s] [Workarounds] finished patch_uiparent_onupdate_worklists in 121.60µs
[  4.208s] [Workarounds] starting init_chat_type_colors
[  4.208s] [Workarounds] finished init_chat_type_colors in 139.38µs
[  4.208s] [Workarounds] starting patch_chat_voice_button_surface
[  4.208s] [Workarounds] finished patch_chat_voice_button_surface in 168.60µs
[  4.208s] [Workarounds] starting patch_item_socketing_tooltips
[  4.209s] [Workarounds] finished patch_item_socketing_tooltips in 70.13µs
[  4.209s] [Workarounds] starting patch_character_select_selected_name
[  4.209s] [Workarounds] finished patch_character_select_selected_name in 37.42µs
[  4.209s] [Workarounds] starting patch_character_create_defaults
[  4.209s] [Workarounds] finished patch_character_create_defaults in 281.52µs
[  4.209s] [Workarounds] starting patch_character_frame_title_refresh
[  4.216s] [Workarounds] finished patch_character_frame_title_refresh in 7.47ms
[  4.216s] [Workarounds] starting patch_vignette_pin_template
[  4.216s] [Workarounds] finished patch_vignette_pin_template in 147.64µs
[  4.216s] [Workarounds] starting patch_fog_of_war_pin_mixin
[  4.217s] [Workarounds] finished patch_fog_of_war_pin_mixin in 365.68µs
[  4.217s] [Workarounds] starting patch_map_exploration_pin_mixin
[  4.224s] [Workarounds] finished patch_map_exploration_pin_mixin in 7.45ms
[  4.224s] [Workarounds] starting patch_map_canvas_data_provider_attachment
[  4.224s] [Workarounds] finished patch_map_canvas_data_provider_attachment in 108.85µs
[  4.224s] [Workarounds] starting ensure_adventure_map_frame_surface
[  4.225s] [Workarounds] finished ensure_adventure_map_frame_surface in 638.13µs
[  4.225s] [Workarounds] starting patch_action_bar_button_event_fanout
[  4.225s] [Workarounds] finished patch_action_bar_button_event_fanout in 172.39µs
[  4.225s] [Workarounds] starting patch_paging_controls_page_text
[  4.225s] [Workarounds] finished patch_paging_controls_page_text in 63.90µs
[  4.225s] [Workarounds] starting patch_talent_edge_frame_level_sync
[  4.225s] [Workarounds] finished patch_talent_edge_frame_level_sync in 46.68µs
[  4.225s] [Workarounds] starting patch_catalog_shop_product_card_defaults
[  4.225s] [Workarounds] finished patch_catalog_shop_product_card_defaults in 96.54µs
[  4.225s] [Workarounds] starting patch_game_time_defaults
[  4.225s] [Workarounds] finished patch_game_time_defaults in 11.48µs
[  4.225s] [Workarounds] starting patch_tooltip_nineslice_surface
[  4.226s] [Workarounds] finished patch_tooltip_nineslice_surface in 67.94µs
[  4.226s] [Workarounds] starting patch_container_frame_token_tracker
[  4.226s] [Workarounds] finished patch_container_frame_token_tracker in 51.25µs
[  4.226s] [Workarounds] starting patch_achievement_display_set_achievements
[  4.226s] [Workarounds] finished patch_achievement_display_set_achievements in 10.36µs
[  4.226s] [Workarounds] starting patch_housing_dashboard_preload
[  4.226s] [Workarounds] finished patch_housing_dashboard_preload in 222.40µs
[  4.226s] [Workarounds] starting patch_lfg_lock_list
[  4.226s] [Workarounds] finished patch_lfg_lock_list in 46.03µs
[  4.226s] [Workarounds] starting patch_auction_house_browse_results_event
[  4.226s] [Workarounds] finished patch_auction_house_browse_results_event in 81.00µs
[  4.226s] [Workarounds] starting patch_auction_house_search_context_aliases
[  4.226s] [Workarounds] finished patch_auction_house_search_context_aliases in 35.64µs
[  4.226s] [Workarounds] starting patch_auth_challenge_frame_parent
[  4.226s] [Workarounds] finished patch_auth_challenge_frame_parent in 89.05µs
[  4.226s] [Workarounds] starting patch_settings_surface_defaults
[  4.227s] [Workarounds] finished patch_settings_surface_defaults in 448.04µs
[  4.227s] [Workarounds] starting patch_settings_canvas_layout_visibility
[  4.227s] [Workarounds] finished patch_settings_canvas_layout_visibility in 139.14µs
[  4.227s] [Startup] apply_post_load_workarounds: workarounds complete
[  4.313s] [Startup] apply_post_load_workarounds: globals restored
[  4.313s] [Startup] apply_post_load_workarounds: patch 12.1 compatibility restored
[  4.313s] [Startup] apply_post_load_workarounds: seterrorhandler restored
[  4.526s] [Startup] begin login sequence
[  4.526s] [Startup] Firing ADDON_LOADED
[  4.526s] [Startup] Firing VARIABLES_LOADED
[  4.671s] [Startup] Firing DISPLAY_SIZE_CHANGED
[  4.730s] [Startup] Firing UI_SCALE_CHANGED
[  4.732s] [Startup] Firing PLAYER_LOGIN
[  4.732s] [Startup] end login sequence in 206.57ms
[  4.732s] [Startup] begin world enter sequence
[  4.732s] [Startup] Skipping EDIT_MODE_LAYOUTS_UPDATED
[  4.732s] [Startup] Firing TIME_PLAYED_MSG via RequestTimePlayed
[  4.732s] [Startup] Firing PLAYER_ENTERING_WORLD
[  5.132s] [EditMode] starting setup_layout_info
[  5.138s] [EditMode] finished setup_layout_info in 6.06ms
[  5.138s] [EditMode] starting apply_system_anchors
[  5.356s] [EditMode] finished apply_system_anchors in 218.20ms
[  5.356s] [EditMode] starting finalize_action_bar_positions
[  5.361s] [EditMode] finished finalize_action_bar_positions in 4.31ms
[  5.361s] [EditMode] starting invoke_anchor_changed_hooks
[  5.369s] [EditMode] finished invoke_anchor_changed_hooks in 8.37ms
[  5.369s] [EditMode] starting fix_action_bar_nan_size
[  5.369s] [EditMode] finished fix_action_bar_nan_size in 120.44µs
[  5.369s] [EditMode] starting fix_action_bar_scale
[  5.369s] [EditMode] finished fix_action_bar_scale in 8.06µs
[  5.369s] [EditMode] starting reapply_player_frame_anchor
[  5.371s] [EditMode] finished reapply_player_frame_anchor in 2.37ms
[  5.384s] [Startup] end world enter sequence in 651.50ms
[  5.384s] [Startup] begin post-login events
[  5.385s] [Startup] Firing UNIT_AURA
[  5.386s] [Startup] Firing PET_UI_UPDATE
[  5.389s] [Startup] Firing BAG_UPDATE_DELAYED
[  5.391s] [Startup] Firing QUEST_LOG_UPDATE
[  5.393s] [Startup] Firing GROUP_ROSTER_UPDATE
[  5.540s] [Startup] Firing ACTIONBAR_UPDATE_STATE
[  5.540s] [Startup] Firing ACTIONBAR_UPDATE_COOLDOWN
[  5.542s] [Startup] Firing UPDATE_BONUS_ACTIONBAR
[  5.565s] [Startup] Firing PLAYER_CAN_GLIDE_CHANGED
[  5.565s] [Startup] Firing PLAYER_IS_GLIDING_CHANGED
[  5.565s] [Startup] Firing UPDATE_BINDINGS
[  5.570s] [Startup] Firing UPDATE_CHAT_WINDOWS
[  5.574s] [Startup] Firing LFG_UPDATE_RANDOM_INFO
[  5.575s] [Startup] end post-login events in 191.29ms
[  5.575s] [Startup] begin close startup special windows
[  5.575s] [Startup] end close startup special windows in 380.29µs
[  5.575s] [Startup] begin FIRST_FRAME_RENDERED
[  5.575s] [Startup] Firing FIRST_FRAME_RENDERED
[  5.576s] [Startup] end FIRST_FRAME_RENDERED in 244.06µs
[  5.576s] [Startup] begin unblock hidden splash alerts
[  5.576s] [Startup] end unblock hidden splash alerts in 24.20µs
[  5.576s] [Startup] begin post-event workarounds
[  5.576s] [Startup] end post-event workarounds in 1.82µs
CVar default mismatch wt-cvars-AllowSoftwareRendererDX12-653: page=Some("0"), observed=None
CVar default mismatch wt-cvars-AllowWinRT-655: page=Some("0"), observed=None
CVar default mismatch wt-cvars-cameraIndirectOffset-658: page=Some("1.500000"), observed=Some("6.000000")
CVar default mismatch wt-cvars-questPOILocalStory-692: page=Some("0"), observed=Some("1")
CVar default mismatch wt-cvars-showPhotosensitivityWarning-700: page=Some("0"), observed=Some("-1")
CVar default mismatch wt-cvars-showTempMaxHealthLoss-703: page=Some("0"), observed=Some("1")
CVar default mismatch wt-cvars-vrsValarAlwaysOn-714: page=Some("0"), observed=None
CVar default mismatch wt-cvars-vrsValarLPUseCornerSampling-716: page=Some("1"), observed=None
