
running 1 test
test patch_11_1_0_publication_sweep::patch_11_1_0_publication_sweep ... ok

test result: ok. 1 passed; 0 failed; 0 ignored; 0 measured; 10822 filtered out; finished in 6.67s

warning: iced-wgpu-patched/Cargo.toml: `lints.clippy.large-enum-variant` is deprecated in favor of `lints.clippy.large_enum_variant` and will not work in a future edition
warning: iced-wgpu-patched/Cargo.toml: `lints.clippy.map-entry` is deprecated in favor of `lints.clippy.map_entry` and will not work in a future edition
warning: iced-wgpu-patched/Cargo.toml: `lints.clippy.match-wildcard-for-single-variants` is deprecated in favor of `lints.clippy.match_wildcard_for_single_variants` and will not work in a future edition
warning: iced-wgpu-patched/Cargo.toml: `lints.clippy.redundant-closure-for-method-calls` is deprecated in favor of `lints.clippy.redundant_closure_for_method_calls` and will not work in a future edition
warning: iced-wgpu-patched/Cargo.toml: `lints.clippy.trivially-copy-pass-by-ref` is deprecated in favor of `lints.clippy.trivially_copy_pass_by_ref` and will not work in a future edition
warning: iced-wgpu-patched/Cargo.toml: `lints.clippy.type-complexity` is deprecated in favor of `lints.clippy.type_complexity` and will not work in a future edition
warning: `iced_wgpu` (manifest) generated 6 warnings
    Finished `test` profile [optimized + debuginfo] target(s) in 0.28s
     Running tests/integration.rs (target/debug/deps/integration-aef10a2b503e13d5)
[  0.000s] [Startup] WowLuaEnv::new begin
[  0.003s] [Startup] SimState::default complete in 2.75ms
[  0.003s] [Startup] rilua VM created in 197.29µs
[  0.003s] [Startup] builtin frames initialized in 120.24µs
[  0.003s] [Startup] template registry cleared in 7.50µs
[  0.003s] [Startup] intrinsic templates registered in 8.97µs
[  0.003s] [Startup] initial app_data lua handle installed in 681.00ns
[  0.231s] [Startup] init_lua_state complete in 227.53ms
[  0.231s] [Startup] final app_data lua handle installed in 451.00ns
[  0.231s] [Startup] initial screen globals installed in 176.87µs
[  0.231s] [Startup] WowLuaEnv::new complete
[  4.204s] [Startup] apply_post_load_workarounds: begin
[  4.204s] [Workarounds] starting patch_edit_mode_manager
[  4.205s] [Workarounds] finished patch_edit_mode_manager in 441.63µs
[  4.205s] [Workarounds] starting init_edit_mode_layout
[  4.205s] [EditMode] starting setup_layout_info
[  4.210s] [EditMode] finished setup_layout_info in 5.13ms
[  4.210s] [EditMode] starting apply_system_anchors
[  4.456s] [EditMode] finished apply_system_anchors in 246.33ms
[  4.456s] [EditMode] starting finalize_action_bar_positions
[  4.460s] [EditMode] finished finalize_action_bar_positions in 3.63ms
[  4.460s] [EditMode] starting invoke_anchor_changed_hooks
[  4.461s] [EditMode] finished invoke_anchor_changed_hooks in 790.26µs
[  4.461s] [EditMode] starting fix_action_bar_nan_size
[  4.461s] [EditMode] finished fix_action_bar_nan_size in 93.70µs
[  4.461s] [EditMode] starting fix_action_bar_scale
[  4.461s] [EditMode] finished fix_action_bar_scale in 10.04µs
[  4.461s] [Workarounds] finished init_edit_mode_layout in 256.06ms
[  4.461s] [Workarounds] starting patch_ui_parent_panel_toggles
[  4.461s] [Workarounds] finished patch_ui_parent_panel_toggles in 471.32µs
[  4.461s] [Workarounds] starting patch_uiparent_onupdate_worklists
[  4.461s] [Workarounds] finished patch_uiparent_onupdate_worklists in 207.80µs
[  4.461s] [Workarounds] starting init_chat_type_colors
[  4.462s] [Workarounds] finished init_chat_type_colors in 216.99µs
[  4.462s] [Workarounds] starting patch_chat_voice_button_surface
[  4.462s] [Workarounds] finished patch_chat_voice_button_surface in 248.29µs
[  4.462s] [Workarounds] starting patch_item_socketing_tooltips
[  4.462s] [Workarounds] finished patch_item_socketing_tooltips in 117.00µs
[  4.462s] [Workarounds] starting patch_character_select_selected_name
[  4.462s] [Workarounds] finished patch_character_select_selected_name in 69.85µs
[  4.462s] [Workarounds] starting patch_character_create_defaults
[  4.463s] [Workarounds] finished patch_character_create_defaults in 446.33µs
[  4.463s] [Workarounds] starting patch_character_frame_title_refresh
[  4.475s] [Workarounds] finished patch_character_frame_title_refresh in 12.75ms
[  4.475s] [Workarounds] starting patch_vignette_pin_template
[  4.476s] [Workarounds] finished patch_vignette_pin_template in 246.90µs
[  4.476s] [Workarounds] starting patch_fog_of_war_pin_mixin
[  4.476s] [Workarounds] finished patch_fog_of_war_pin_mixin in 534.49µs
[  4.476s] [Workarounds] starting patch_map_exploration_pin_mixin
[  4.488s] [Workarounds] finished patch_map_exploration_pin_mixin in 12.24ms
[  4.488s] [Workarounds] starting patch_map_canvas_data_provider_attachment
[  4.489s] [Workarounds] finished patch_map_canvas_data_provider_attachment in 198.07µs
[  4.489s] [Workarounds] starting ensure_adventure_map_frame_surface
[  4.489s] [Workarounds] finished ensure_adventure_map_frame_surface in 936.36µs
[  4.490s] [Workarounds] starting patch_action_bar_button_event_fanout
[  4.490s] [Workarounds] finished patch_action_bar_button_event_fanout in 206.98µs
[  4.490s] [Workarounds] starting patch_paging_controls_page_text
[  4.490s] [Workarounds] finished patch_paging_controls_page_text in 73.19µs
[  4.490s] [Workarounds] starting patch_talent_edge_frame_level_sync
[  4.490s] [Workarounds] finished patch_talent_edge_frame_level_sync in 52.28µs
[  4.490s] [Workarounds] starting patch_catalog_shop_product_card_defaults
[  4.490s] [Workarounds] finished patch_catalog_shop_product_card_defaults in 113.57µs
[  4.490s] [Workarounds] starting patch_game_time_defaults
[  4.490s] [Workarounds] finished patch_game_time_defaults in 13.52µs
[  4.490s] [Workarounds] starting patch_tooltip_nineslice_surface
[  4.490s] [Workarounds] finished patch_tooltip_nineslice_surface in 95.95µs
[  4.490s] [Workarounds] starting patch_container_frame_token_tracker
[  4.490s] [Workarounds] finished patch_container_frame_token_tracker in 75.07µs
[  4.490s] [Workarounds] starting patch_achievement_display_set_achievements
[  4.490s] [Workarounds] finished patch_achievement_display_set_achievements in 15.94µs
[  4.490s] [Workarounds] starting patch_housing_dashboard_preload
[  4.490s] [Workarounds] finished patch_housing_dashboard_preload in 301.47µs
[  4.490s] [Workarounds] starting patch_lfg_lock_list
[  4.491s] [Workarounds] finished patch_lfg_lock_list in 69.70µs
[  4.491s] [Workarounds] starting patch_auction_house_browse_results_event
[  4.491s] [Workarounds] finished patch_auction_house_browse_results_event in 121.02µs
[  4.491s] [Workarounds] starting patch_auction_house_search_context_aliases
[  4.491s] [Workarounds] finished patch_auction_house_search_context_aliases in 53.76µs
[  4.491s] [Workarounds] starting patch_auth_challenge_frame_parent
[  4.491s] [Workarounds] finished patch_auth_challenge_frame_parent in 126.00µs
[  4.491s] [Workarounds] starting patch_settings_surface_defaults
[  4.492s] [Workarounds] finished patch_settings_surface_defaults in 690.49µs
[  4.492s] [Workarounds] starting patch_settings_canvas_layout_visibility
[  4.492s] [Workarounds] finished patch_settings_canvas_layout_visibility in 205.99µs
[  4.492s] [Startup] apply_post_load_workarounds: workarounds complete
[  4.611s] [Startup] apply_post_load_workarounds: globals restored
[  4.611s] [Startup] apply_post_load_workarounds: patch 12.1 compatibility restored
[  4.611s] [Startup] apply_post_load_workarounds: seterrorhandler restored
[  4.865s] [Startup] begin login sequence
[  4.865s] [Startup] Firing ADDON_LOADED
[  4.865s] [Startup] Firing VARIABLES_LOADED
[  5.015s] [Startup] Firing DISPLAY_SIZE_CHANGED
[  5.081s] [Startup] Firing UI_SCALE_CHANGED
[  5.083s] [Startup] Firing PLAYER_LOGIN
[  5.083s] [Startup] end login sequence in 217.77ms
[  5.083s] [Startup] begin world enter sequence
[  5.083s] [Startup] Skipping EDIT_MODE_LAYOUTS_UPDATED
[  5.083s] [Startup] Firing TIME_PLAYED_MSG via RequestTimePlayed
[  5.083s] [Startup] Firing PLAYER_ENTERING_WORLD
[  5.641s] [EditMode] starting setup_layout_info
[  5.647s] [EditMode] finished setup_layout_info in 6.54ms
[  5.647s] [EditMode] starting apply_system_anchors
[  5.913s] [EditMode] finished apply_system_anchors in 265.15ms
[  5.913s] [EditMode] starting finalize_action_bar_positions
[  5.920s] [EditMode] finished finalize_action_bar_positions in 7.15ms
[  5.920s] [EditMode] starting invoke_anchor_changed_hooks
[  5.933s] [EditMode] finished invoke_anchor_changed_hooks in 13.48ms
[  5.933s] [EditMode] starting fix_action_bar_nan_size
[  5.933s] [EditMode] finished fix_action_bar_nan_size in 173.43µs
[  5.933s] [EditMode] starting fix_action_bar_scale
[  5.933s] [EditMode] finished fix_action_bar_scale in 12.18µs
[  5.933s] [EditMode] starting reapply_player_frame_anchor
[  5.937s] [EditMode] finished reapply_player_frame_anchor in 3.33ms
[  5.960s] [Startup] end world enter sequence in 876.74ms
[  5.960s] [Startup] begin post-login events
[  5.962s] [Startup] Firing UNIT_AURA
[  5.963s] [Startup] Firing PET_UI_UPDATE
[  5.968s] [Startup] Firing BAG_UPDATE_DELAYED
[  5.971s] [Startup] Firing QUEST_LOG_UPDATE
[  5.974s] [Startup] Firing GROUP_ROSTER_UPDATE
[  6.177s] [Startup] Firing ACTIONBAR_UPDATE_STATE
[  6.177s] [Startup] Firing ACTIONBAR_UPDATE_COOLDOWN
[  6.179s] [Startup] Firing UPDATE_BONUS_ACTIONBAR
[  6.213s] [Startup] Firing PLAYER_CAN_GLIDE_CHANGED
[  6.213s] [Startup] Firing PLAYER_IS_GLIDING_CHANGED
[  6.213s] [Startup] Firing UPDATE_BINDINGS
[  6.218s] [Startup] Firing UPDATE_CHAT_WINDOWS
[  6.221s] [Startup] Firing LFG_UPDATE_RANDOM_INFO
[  6.223s] [Startup] end post-login events in 262.91ms
[  6.223s] [Startup] begin close startup special windows
[  6.223s] [Startup] end close startup special windows in 364.22µs
[  6.223s] [Startup] begin FIRST_FRAME_RENDERED
[  6.223s] [Startup] Firing FIRST_FRAME_RENDERED
[  6.223s] [Startup] end FIRST_FRAME_RENDERED in 235.85µs
[  6.223s] [Startup] begin unblock hidden splash alerts
[  6.223s] [Startup] end unblock hidden splash alerts in 18.43µs
[  6.223s] [Startup] begin post-event workarounds
[  6.223s] [Startup] end post-event workarounds in 1.14µs
