
running 1 test
test patch_11_1_5_publication_sweep::patch_11_1_5_publication_sweep ... ok

test result: ok. 1 passed; 0 failed; 0 ignored; 0 measured; 10822 filtered out; finished in 6.38s

warning: iced-wgpu-patched/Cargo.toml: `lints.clippy.large-enum-variant` is deprecated in favor of `lints.clippy.large_enum_variant` and will not work in a future edition
warning: iced-wgpu-patched/Cargo.toml: `lints.clippy.map-entry` is deprecated in favor of `lints.clippy.map_entry` and will not work in a future edition
warning: iced-wgpu-patched/Cargo.toml: `lints.clippy.match-wildcard-for-single-variants` is deprecated in favor of `lints.clippy.match_wildcard_for_single_variants` and will not work in a future edition
warning: iced-wgpu-patched/Cargo.toml: `lints.clippy.redundant-closure-for-method-calls` is deprecated in favor of `lints.clippy.redundant_closure_for_method_calls` and will not work in a future edition
warning: iced-wgpu-patched/Cargo.toml: `lints.clippy.trivially-copy-pass-by-ref` is deprecated in favor of `lints.clippy.trivially_copy_pass_by_ref` and will not work in a future edition
warning: iced-wgpu-patched/Cargo.toml: `lints.clippy.type-complexity` is deprecated in favor of `lints.clippy.type_complexity` and will not work in a future edition
warning: `iced_wgpu` (manifest) generated 6 warnings
    Finished `test` profile [optimized + debuginfo] target(s) in 0.33s
     Running tests/integration.rs (target/debug/deps/integration-aef10a2b503e13d5)
[  0.000s] [Startup] WowLuaEnv::new begin
[  0.003s] [Startup] SimState::default complete in 3.13ms
[  0.003s] [Startup] rilua VM created in 171.35µs
[  0.003s] [Startup] builtin frames initialized in 111.14µs
[  0.003s] [Startup] template registry cleared in 6.50µs
[  0.003s] [Startup] intrinsic templates registered in 10.02µs
[  0.003s] [Startup] initial app_data lua handle installed in 842.00ns
[  0.236s] [Startup] init_lua_state complete in 232.04ms
[  0.236s] [Startup] final app_data lua handle installed in 420.00ns
[  0.236s] [Startup] initial screen globals installed in 166.38µs
[  0.236s] [Startup] WowLuaEnv::new complete
[  4.344s] [Startup] apply_post_load_workarounds: begin
[  4.344s] [Workarounds] starting patch_edit_mode_manager
[  4.344s] [Workarounds] finished patch_edit_mode_manager in 539.21µs
[  4.344s] [Workarounds] starting init_edit_mode_layout
[  4.344s] [EditMode] starting setup_layout_info
[  4.350s] [EditMode] finished setup_layout_info in 6.02ms
[  4.350s] [EditMode] starting apply_system_anchors
[  4.592s] [EditMode] finished apply_system_anchors in 241.65ms
[  4.592s] [EditMode] starting finalize_action_bar_positions
[  4.595s] [EditMode] finished finalize_action_bar_positions in 2.97ms
[  4.595s] [EditMode] starting invoke_anchor_changed_hooks
[  4.595s] [EditMode] finished invoke_anchor_changed_hooks in 620.97µs
[  4.595s] [EditMode] starting fix_action_bar_nan_size
[  4.596s] [EditMode] finished fix_action_bar_nan_size in 88.36µs
[  4.596s] [EditMode] starting fix_action_bar_scale
[  4.596s] [EditMode] finished fix_action_bar_scale in 8.26µs
[  4.596s] [Workarounds] finished init_edit_mode_layout in 251.42ms
[  4.596s] [Workarounds] starting patch_ui_parent_panel_toggles
[  4.596s] [Workarounds] finished patch_ui_parent_panel_toggles in 336.20µs
[  4.596s] [Workarounds] starting patch_uiparent_onupdate_worklists
[  4.596s] [Workarounds] finished patch_uiparent_onupdate_worklists in 182.28µs
[  4.596s] [Workarounds] starting init_chat_type_colors
[  4.596s] [Workarounds] finished init_chat_type_colors in 182.04µs
[  4.596s] [Workarounds] starting patch_chat_voice_button_surface
[  4.597s] [Workarounds] finished patch_chat_voice_button_surface in 192.01µs
[  4.597s] [Workarounds] starting patch_item_socketing_tooltips
[  4.597s] [Workarounds] finished patch_item_socketing_tooltips in 82.40µs
[  4.597s] [Workarounds] starting patch_character_select_selected_name
[  4.597s] [Workarounds] finished patch_character_select_selected_name in 41.47µs
[  4.597s] [Workarounds] starting patch_character_create_defaults
[  4.597s] [Workarounds] finished patch_character_create_defaults in 306.09µs
[  4.597s] [Workarounds] starting patch_character_frame_title_refresh
[  4.605s] [Workarounds] finished patch_character_frame_title_refresh in 7.68ms
[  4.605s] [Workarounds] starting patch_vignette_pin_template
[  4.605s] [Workarounds] finished patch_vignette_pin_template in 143.59µs
[  4.605s] [Workarounds] starting patch_fog_of_war_pin_mixin
[  4.605s] [Workarounds] finished patch_fog_of_war_pin_mixin in 368.72µs
[  4.605s] [Workarounds] starting patch_map_exploration_pin_mixin
[  4.615s] [Workarounds] finished patch_map_exploration_pin_mixin in 9.90ms
[  4.615s] [Workarounds] starting patch_map_canvas_data_provider_attachment
[  4.615s] [Workarounds] finished patch_map_canvas_data_provider_attachment in 194.82µs
[  4.615s] [Workarounds] starting ensure_adventure_map_frame_surface
[  4.616s] [Workarounds] finished ensure_adventure_map_frame_surface in 884.55µs
[  4.616s] [Workarounds] starting patch_action_bar_button_event_fanout
[  4.616s] [Workarounds] finished patch_action_bar_button_event_fanout in 188.81µs
[  4.616s] [Workarounds] starting patch_paging_controls_page_text
[  4.616s] [Workarounds] finished patch_paging_controls_page_text in 52.56µs
[  4.616s] [Workarounds] starting patch_talent_edge_frame_level_sync
[  4.616s] [Workarounds] finished patch_talent_edge_frame_level_sync in 38.96µs
[  4.616s] [Workarounds] starting patch_catalog_shop_product_card_defaults
[  4.617s] [Workarounds] finished patch_catalog_shop_product_card_defaults in 79.08µs
[  4.617s] [Workarounds] starting patch_game_time_defaults
[  4.617s] [Workarounds] finished patch_game_time_defaults in 10.21µs
[  4.617s] [Workarounds] starting patch_tooltip_nineslice_surface
[  4.617s] [Workarounds] finished patch_tooltip_nineslice_surface in 57.22µs
[  4.617s] [Workarounds] starting patch_container_frame_token_tracker
[  4.617s] [Workarounds] finished patch_container_frame_token_tracker in 51.04µs
[  4.617s] [Workarounds] starting patch_achievement_display_set_achievements
[  4.617s] [Workarounds] finished patch_achievement_display_set_achievements in 10.83µs
[  4.617s] [Workarounds] starting patch_housing_dashboard_preload
[  4.617s] [Workarounds] finished patch_housing_dashboard_preload in 212.88µs
[  4.617s] [Workarounds] starting patch_lfg_lock_list
[  4.617s] [Workarounds] finished patch_lfg_lock_list in 45.22µs
[  4.617s] [Workarounds] starting patch_auction_house_browse_results_event
[  4.617s] [Workarounds] finished patch_auction_house_browse_results_event in 80.86µs
[  4.617s] [Workarounds] starting patch_auction_house_search_context_aliases
[  4.617s] [Workarounds] finished patch_auction_house_search_context_aliases in 35.28µs
[  4.617s] [Workarounds] starting patch_auth_challenge_frame_parent
[  4.617s] [Workarounds] finished patch_auth_challenge_frame_parent in 86.70µs
[  4.617s] [Workarounds] starting patch_settings_surface_defaults
[  4.618s] [Workarounds] finished patch_settings_surface_defaults in 459.27µs
[  4.618s] [Workarounds] starting patch_settings_canvas_layout_visibility
[  4.618s] [Workarounds] finished patch_settings_canvas_layout_visibility in 146.27µs
[  4.618s] [Startup] apply_post_load_workarounds: workarounds complete
[  4.711s] [Startup] apply_post_load_workarounds: globals restored
[  4.711s] [Startup] apply_post_load_workarounds: patch 12.1 compatibility restored
[  4.711s] [Startup] apply_post_load_workarounds: seterrorhandler restored
[  4.921s] [Startup] begin login sequence
[  4.921s] [Startup] Firing ADDON_LOADED
[  4.921s] [Startup] Firing VARIABLES_LOADED
[  5.083s] [Startup] Firing DISPLAY_SIZE_CHANGED
[  5.145s] [Startup] Firing UI_SCALE_CHANGED
[  5.147s] [Startup] Firing PLAYER_LOGIN
[  5.147s] [Startup] end login sequence in 226.22ms
[  5.147s] [Startup] begin world enter sequence
[  5.147s] [Startup] Skipping EDIT_MODE_LAYOUTS_UPDATED
[  5.147s] [Startup] Firing TIME_PLAYED_MSG via RequestTimePlayed
[  5.147s] [Startup] Firing PLAYER_ENTERING_WORLD
[  5.539s] [EditMode] starting setup_layout_info
[  5.548s] [EditMode] finished setup_layout_info in 8.27ms
[  5.548s] [EditMode] starting apply_system_anchors
[  5.750s] [EditMode] finished apply_system_anchors in 202.21ms
[  5.750s] [EditMode] starting finalize_action_bar_positions
[  5.754s] [EditMode] finished finalize_action_bar_positions in 3.71ms
[  5.754s] [EditMode] starting invoke_anchor_changed_hooks
[  5.762s] [EditMode] finished invoke_anchor_changed_hooks in 8.62ms
[  5.762s] [EditMode] starting fix_action_bar_nan_size
[  5.762s] [EditMode] finished fix_action_bar_nan_size in 119.32µs
[  5.762s] [EditMode] starting fix_action_bar_scale
[  5.762s] [EditMode] finished fix_action_bar_scale in 7.29µs
[  5.762s] [EditMode] starting reapply_player_frame_anchor
[  5.764s] [EditMode] finished reapply_player_frame_anchor in 1.81ms
[  5.775s] [Startup] end world enter sequence in 628.31ms
[  5.775s] [Startup] begin post-login events
[  5.776s] [Startup] Firing UNIT_AURA
[  5.777s] [Startup] Firing PET_UI_UPDATE
[  5.780s] [Startup] Firing BAG_UPDATE_DELAYED
[  5.782s] [Startup] Firing QUEST_LOG_UPDATE
[  5.783s] [Startup] Firing GROUP_ROSTER_UPDATE
[  5.916s] [Startup] Firing ACTIONBAR_UPDATE_STATE
[  5.916s] [Startup] Firing ACTIONBAR_UPDATE_COOLDOWN
[  5.918s] [Startup] Firing UPDATE_BONUS_ACTIONBAR
[  5.942s] [Startup] Firing PLAYER_CAN_GLIDE_CHANGED
[  5.942s] [Startup] Firing PLAYER_IS_GLIDING_CHANGED
[  5.942s] [Startup] Firing UPDATE_BINDINGS
[  5.949s] [Startup] Firing UPDATE_CHAT_WINDOWS
[  5.956s] [Startup] Firing LFG_UPDATE_RANDOM_INFO
[  5.957s] [Startup] end post-login events in 182.23ms
[  5.957s] [Startup] begin close startup special windows
[  5.958s] [Startup] end close startup special windows in 581.94µs
[  5.958s] [Startup] begin FIRST_FRAME_RENDERED
[  5.958s] [Startup] Firing FIRST_FRAME_RENDERED
[  5.958s] [Startup] end FIRST_FRAME_RENDERED in 408.23µs
[  5.958s] [Startup] begin unblock hidden splash alerts
[  5.958s] [Startup] end unblock hidden splash alerts in 32.19µs
[  5.958s] [Startup] begin post-event workarounds
[  5.958s] [Startup] end post-event workarounds in 1.62µs
