
running 1 test
test patch_11_1_5_publication_sweep::patch_11_1_5_publication_sweep ... ok

test result: ok. 1 passed; 0 failed; 0 ignored; 0 measured; 10822 filtered out; finished in 4.18s

warning: iced-wgpu-patched/Cargo.toml: `lints.clippy.large-enum-variant` is deprecated in favor of `lints.clippy.large_enum_variant` and will not work in a future edition
warning: iced-wgpu-patched/Cargo.toml: `lints.clippy.map-entry` is deprecated in favor of `lints.clippy.map_entry` and will not work in a future edition
warning: iced-wgpu-patched/Cargo.toml: `lints.clippy.match-wildcard-for-single-variants` is deprecated in favor of `lints.clippy.match_wildcard_for_single_variants` and will not work in a future edition
warning: iced-wgpu-patched/Cargo.toml: `lints.clippy.redundant-closure-for-method-calls` is deprecated in favor of `lints.clippy.redundant_closure_for_method_calls` and will not work in a future edition
warning: iced-wgpu-patched/Cargo.toml: `lints.clippy.trivially-copy-pass-by-ref` is deprecated in favor of `lints.clippy.trivially_copy_pass_by_ref` and will not work in a future edition
warning: iced-wgpu-patched/Cargo.toml: `lints.clippy.type-complexity` is deprecated in favor of `lints.clippy.type_complexity` and will not work in a future edition
warning: `iced_wgpu` (manifest) generated 6 warnings
    Finished `test` profile [optimized + debuginfo] target(s) in 0.19s
     Running tests/integration.rs (target/debug/deps/integration-aef10a2b503e13d5)
[  0.000s] [Startup] WowLuaEnv::new begin
[  0.004s] [Startup] SimState::default complete in 3.58ms
[  0.004s] [Startup] rilua VM created in 98.98µs
[  0.004s] [Startup] builtin frames initialized in 92.16µs
[  0.004s] [Startup] template registry cleared in 4.92µs
[  0.004s] [Startup] intrinsic templates registered in 6.22µs
[  0.004s] [Startup] initial app_data lua handle installed in 661.00ns
[  0.152s] [Startup] init_lua_state complete in 148.52ms
[  0.152s] [Startup] final app_data lua handle installed in 210.00ns
[  0.152s] [Startup] initial screen globals installed in 104.30µs
[  0.152s] [Startup] WowLuaEnv::new complete
[  2.812s] [Startup] apply_post_load_workarounds: begin
[  2.812s] [Workarounds] starting patch_edit_mode_manager
[  2.812s] [Workarounds] finished patch_edit_mode_manager in 312.99µs
[  2.812s] [Workarounds] starting init_edit_mode_layout
[  2.812s] [EditMode] starting setup_layout_info
[  2.816s] [EditMode] finished setup_layout_info in 3.45ms
[  2.816s] [EditMode] starting apply_system_anchors
[  2.962s] [EditMode] finished apply_system_anchors in 146.07ms
[  2.962s] [EditMode] starting finalize_action_bar_positions
[  2.964s] [EditMode] finished finalize_action_bar_positions in 1.77ms
[  2.964s] [EditMode] starting invoke_anchor_changed_hooks
[  2.964s] [EditMode] finished invoke_anchor_changed_hooks in 395.85µs
[  2.964s] [EditMode] starting fix_action_bar_nan_size
[  2.964s] [EditMode] finished fix_action_bar_nan_size in 41.16µs
[  2.964s] [EditMode] starting fix_action_bar_scale
[  2.964s] [EditMode] finished fix_action_bar_scale in 4.73µs
[  2.964s] [Workarounds] finished init_edit_mode_layout in 151.76ms
[  2.964s] [Workarounds] starting patch_ui_parent_panel_toggles
[  2.964s] [Workarounds] finished patch_ui_parent_panel_toggles in 233.49µs
[  2.964s] [Workarounds] starting patch_uiparent_onupdate_worklists
[  2.965s] [Workarounds] finished patch_uiparent_onupdate_worklists in 96.53µs
[  2.965s] [Workarounds] starting init_chat_type_colors
[  2.965s] [Workarounds] finished init_chat_type_colors in 117.59µs
[  2.965s] [Workarounds] starting patch_chat_voice_button_surface
[  2.965s] [Workarounds] finished patch_chat_voice_button_surface in 120.25µs
[  2.965s] [Workarounds] starting patch_item_socketing_tooltips
[  2.965s] [Workarounds] finished patch_item_socketing_tooltips in 57.45µs
[  2.965s] [Workarounds] starting patch_character_select_selected_name
[  2.965s] [Workarounds] finished patch_character_select_selected_name in 30.00µs
[  2.965s] [Workarounds] starting patch_character_create_defaults
[  2.965s] [Workarounds] finished patch_character_create_defaults in 223.79µs
[  2.965s] [Workarounds] starting patch_character_frame_title_refresh
[  2.971s] [Workarounds] finished patch_character_frame_title_refresh in 5.61ms
[  2.971s] [Workarounds] starting patch_vignette_pin_template
[  2.971s] [Workarounds] finished patch_vignette_pin_template in 106.54µs
[  2.971s] [Workarounds] starting patch_fog_of_war_pin_mixin
[  2.971s] [Workarounds] finished patch_fog_of_war_pin_mixin in 276.03µs
[  2.971s] [Workarounds] starting patch_map_exploration_pin_mixin
[  2.977s] [Workarounds] finished patch_map_exploration_pin_mixin in 5.90ms
[  2.977s] [Workarounds] starting patch_map_canvas_data_provider_attachment
[  2.977s] [Workarounds] finished patch_map_canvas_data_provider_attachment in 63.17µs
[  2.977s] [Workarounds] starting ensure_adventure_map_frame_surface
[  2.978s] [Workarounds] finished ensure_adventure_map_frame_surface in 454.88µs
[  2.978s] [Workarounds] starting patch_action_bar_button_event_fanout
[  2.978s] [Workarounds] finished patch_action_bar_button_event_fanout in 102.92µs
[  2.978s] [Workarounds] starting patch_paging_controls_page_text
[  2.978s] [Workarounds] finished patch_paging_controls_page_text in 38.55µs
[  2.978s] [Workarounds] starting patch_talent_edge_frame_level_sync
[  2.978s] [Workarounds] finished patch_talent_edge_frame_level_sync in 30.39µs
[  2.978s] [Workarounds] starting patch_catalog_shop_product_card_defaults
[  2.978s] [Workarounds] finished patch_catalog_shop_product_card_defaults in 69.50µs
[  2.978s] [Workarounds] starting patch_game_time_defaults
[  2.978s] [Workarounds] finished patch_game_time_defaults in 8.85µs
[  2.978s] [Workarounds] starting patch_tooltip_nineslice_surface
[  2.978s] [Workarounds] finished patch_tooltip_nineslice_surface in 43.52µs
[  2.978s] [Workarounds] starting patch_container_frame_token_tracker
[  2.978s] [Workarounds] finished patch_container_frame_token_tracker in 40.79µs
[  2.978s] [Workarounds] starting patch_achievement_display_set_achievements
[  2.978s] [Workarounds] finished patch_achievement_display_set_achievements in 9.21µs
[  2.978s] [Workarounds] starting patch_housing_dashboard_preload
[  2.978s] [Workarounds] finished patch_housing_dashboard_preload in 160.79µs
[  2.978s] [Workarounds] starting patch_lfg_lock_list
[  2.978s] [Workarounds] finished patch_lfg_lock_list in 34.43µs
[  2.978s] [Workarounds] starting patch_auction_house_browse_results_event
[  2.978s] [Workarounds] finished patch_auction_house_browse_results_event in 64.81µs
[  2.978s] [Workarounds] starting patch_auction_house_search_context_aliases
[  2.978s] [Workarounds] finished patch_auction_house_search_context_aliases in 31.62µs
[  2.978s] [Workarounds] starting patch_auth_challenge_frame_parent
[  2.978s] [Workarounds] finished patch_auth_challenge_frame_parent in 66.71µs
[  2.978s] [Workarounds] starting patch_settings_surface_defaults
[  2.979s] [Workarounds] finished patch_settings_surface_defaults in 349.73µs
[  2.979s] [Workarounds] starting patch_settings_canvas_layout_visibility
[  2.979s] [Workarounds] finished patch_settings_canvas_layout_visibility in 116.47µs
[  2.979s] [Startup] apply_post_load_workarounds: workarounds complete
[  3.044s] [Startup] apply_post_load_workarounds: globals restored
[  3.045s] [Startup] apply_post_load_workarounds: patch 12.1 compatibility restored
[  3.045s] [Startup] apply_post_load_workarounds: seterrorhandler restored
[  3.191s] [Startup] begin login sequence
[  3.191s] [Startup] Firing ADDON_LOADED
[  3.191s] [Startup] Firing VARIABLES_LOADED
[  3.294s] [Startup] Firing DISPLAY_SIZE_CHANGED
[  3.341s] [Startup] Firing UI_SCALE_CHANGED
[  3.342s] [Startup] Firing PLAYER_LOGIN
[  3.342s] [Startup] end login sequence in 151.32ms
[  3.342s] [Startup] begin world enter sequence
[  3.342s] [Startup] Skipping EDIT_MODE_LAYOUTS_UPDATED
[  3.342s] [Startup] Firing TIME_PLAYED_MSG via RequestTimePlayed
[  3.342s] [Startup] Firing PLAYER_ENTERING_WORLD
[  3.585s] [EditMode] starting setup_layout_info
[  3.589s] [EditMode] finished setup_layout_info in 3.83ms
[  3.589s] [EditMode] starting apply_system_anchors
[  3.731s] [EditMode] finished apply_system_anchors in 141.84ms
[  3.731s] [EditMode] starting finalize_action_bar_positions
[  3.733s] [EditMode] finished finalize_action_bar_positions in 2.40ms
[  3.733s] [EditMode] starting invoke_anchor_changed_hooks
[  3.739s] [EditMode] finished invoke_anchor_changed_hooks in 5.47ms
[  3.739s] [EditMode] starting fix_action_bar_nan_size
[  3.739s] [EditMode] finished fix_action_bar_nan_size in 67.56µs
[  3.739s] [EditMode] starting fix_action_bar_scale
[  3.739s] [EditMode] finished fix_action_bar_scale in 5.58µs
[  3.739s] [EditMode] starting reapply_player_frame_anchor
[  3.740s] [EditMode] finished reapply_player_frame_anchor in 1.47ms
[  3.748s] [Startup] end world enter sequence in 406.31ms
[  3.748s] [Startup] begin post-login events
[  3.749s] [Startup] Firing UNIT_AURA
[  3.750s] [Startup] Firing PET_UI_UPDATE
[  3.752s] [Startup] Firing BAG_UPDATE_DELAYED
[  3.754s] [Startup] Firing QUEST_LOG_UPDATE
[  3.755s] [Startup] Firing GROUP_ROSTER_UPDATE
[  3.855s] [Startup] Firing ACTIONBAR_UPDATE_STATE
[  3.855s] [Startup] Firing ACTIONBAR_UPDATE_COOLDOWN
[  3.856s] [Startup] Firing UPDATE_BONUS_ACTIONBAR
[  3.869s] [Startup] Firing PLAYER_CAN_GLIDE_CHANGED
[  3.869s] [Startup] Firing PLAYER_IS_GLIDING_CHANGED
[  3.869s] [Startup] Firing UPDATE_BINDINGS
[  3.872s] [Startup] Firing UPDATE_CHAT_WINDOWS
[  3.875s] [Startup] Firing LFG_UPDATE_RANDOM_INFO
[  3.876s] [Startup] end post-login events in 127.34ms
[  3.876s] [Startup] begin close startup special windows
[  3.876s] [Startup] end close startup special windows in 283.12µs
[  3.876s] [Startup] begin FIRST_FRAME_RENDERED
[  3.876s] [Startup] Firing FIRST_FRAME_RENDERED
[  3.876s] [Startup] end FIRST_FRAME_RENDERED in 181.49µs
[  3.876s] [Startup] begin unblock hidden splash alerts
[  3.876s] [Startup] end unblock hidden splash alerts in 16.03µs
[  3.876s] [Startup] begin post-event workarounds
[  3.876s] [Startup] end post-event workarounds in 1.31µs
