
running 1 test
test patch_11_2_0_publication_sweep::patch_11_2_0_publication_sweep ... ok

test result: ok. 1 passed; 0 failed; 0 ignored; 0 measured; 10822 filtered out; finished in 6.02s

warning: iced-wgpu-patched/Cargo.toml: `lints.clippy.large-enum-variant` is deprecated in favor of `lints.clippy.large_enum_variant` and will not work in a future edition
warning: iced-wgpu-patched/Cargo.toml: `lints.clippy.map-entry` is deprecated in favor of `lints.clippy.map_entry` and will not work in a future edition
warning: iced-wgpu-patched/Cargo.toml: `lints.clippy.match-wildcard-for-single-variants` is deprecated in favor of `lints.clippy.match_wildcard_for_single_variants` and will not work in a future edition
warning: iced-wgpu-patched/Cargo.toml: `lints.clippy.redundant-closure-for-method-calls` is deprecated in favor of `lints.clippy.redundant_closure_for_method_calls` and will not work in a future edition
warning: iced-wgpu-patched/Cargo.toml: `lints.clippy.trivially-copy-pass-by-ref` is deprecated in favor of `lints.clippy.trivially_copy_pass_by_ref` and will not work in a future edition
warning: iced-wgpu-patched/Cargo.toml: `lints.clippy.type-complexity` is deprecated in favor of `lints.clippy.type_complexity` and will not work in a future edition
warning: `iced_wgpu` (manifest) generated 6 warnings
    Finished `test` profile [optimized + debuginfo] target(s) in 0.34s
     Running tests/integration.rs (target/debug/deps/integration-aef10a2b503e13d5)
[  0.000s] [Startup] WowLuaEnv::new begin
[  0.003s] [Startup] SimState::default complete in 3.40ms
[  0.004s] [Startup] rilua VM created in 175.18µs
[  0.004s] [Startup] builtin frames initialized in 118.37µs
[  0.004s] [Startup] template registry cleared in 8.34µs
[  0.004s] [Startup] intrinsic templates registered in 12.89µs
[  0.004s] [Startup] initial app_data lua handle installed in 822.00ns
[  0.293s] [Startup] init_lua_state complete in 288.89ms
[  0.293s] [Startup] final app_data lua handle installed in 581.00ns
[  0.293s] [Startup] initial screen globals installed in 181.15µs
[  0.293s] [Startup] WowLuaEnv::new complete
[  4.302s] [Startup] apply_post_load_workarounds: begin
[  4.302s] [Workarounds] starting patch_edit_mode_manager
[  4.303s] [Workarounds] finished patch_edit_mode_manager in 396.44µs
[  4.303s] [Workarounds] starting init_edit_mode_layout
[  4.303s] [EditMode] starting setup_layout_info
[  4.308s] [EditMode] finished setup_layout_info in 5.30ms
[  4.308s] [EditMode] starting apply_system_anchors
[  4.509s] [EditMode] finished apply_system_anchors in 201.51ms
[  4.509s] [EditMode] starting finalize_action_bar_positions
[  4.512s] [EditMode] finished finalize_action_bar_positions in 2.66ms
[  4.512s] [EditMode] starting invoke_anchor_changed_hooks
[  4.513s] [EditMode] finished invoke_anchor_changed_hooks in 715.69µs
[  4.513s] [EditMode] starting fix_action_bar_nan_size
[  4.513s] [EditMode] finished fix_action_bar_nan_size in 82.34µs
[  4.513s] [EditMode] starting fix_action_bar_scale
[  4.513s] [EditMode] finished fix_action_bar_scale in 7.89µs
[  4.513s] [Workarounds] finished init_edit_mode_layout in 210.34ms
[  4.513s] [Workarounds] starting patch_ui_parent_panel_toggles
[  4.513s] [Workarounds] finished patch_ui_parent_panel_toggles in 380.88µs
[  4.513s] [Workarounds] starting patch_uiparent_onupdate_worklists
[  4.513s] [Workarounds] finished patch_uiparent_onupdate_worklists in 164.23µs
[  4.514s] [Workarounds] starting init_chat_type_colors
[  4.514s] [Workarounds] finished init_chat_type_colors in 202.36µs
[  4.514s] [Workarounds] starting patch_chat_voice_button_surface
[  4.514s] [Workarounds] finished patch_chat_voice_button_surface in 234.76µs
[  4.514s] [Workarounds] starting patch_item_socketing_tooltips
[  4.514s] [Workarounds] finished patch_item_socketing_tooltips in 99.93µs
[  4.514s] [Workarounds] starting patch_character_select_selected_name
[  4.514s] [Workarounds] finished patch_character_select_selected_name in 52.17µs
[  4.514s] [Workarounds] starting patch_character_create_defaults
[  4.514s] [Workarounds] finished patch_character_create_defaults in 369.56µs
[  4.514s] [Workarounds] starting patch_character_frame_title_refresh
[  4.524s] [Workarounds] finished patch_character_frame_title_refresh in 9.83ms
[  4.524s] [Workarounds] starting patch_vignette_pin_template
[  4.525s] [Workarounds] finished patch_vignette_pin_template in 211.42µs
[  4.525s] [Workarounds] starting patch_fog_of_war_pin_mixin
[  4.525s] [Workarounds] finished patch_fog_of_war_pin_mixin in 491.25µs
[  4.525s] [Workarounds] starting patch_map_exploration_pin_mixin
[  4.532s] [Workarounds] finished patch_map_exploration_pin_mixin in 7.14ms
[  4.532s] [Workarounds] starting patch_map_canvas_data_provider_attachment
[  4.532s] [Workarounds] finished patch_map_canvas_data_provider_attachment in 110.98µs
[  4.532s] [Workarounds] starting ensure_adventure_map_frame_surface
[  4.533s] [Workarounds] finished ensure_adventure_map_frame_surface in 583.79µs
[  4.533s] [Workarounds] starting patch_action_bar_button_event_fanout
[  4.533s] [Workarounds] finished patch_action_bar_button_event_fanout in 132.18µs
[  4.533s] [Workarounds] starting patch_paging_controls_page_text
[  4.533s] [Workarounds] finished patch_paging_controls_page_text in 45.40µs
[  4.533s] [Workarounds] starting patch_talent_edge_frame_level_sync
[  4.533s] [Workarounds] finished patch_talent_edge_frame_level_sync in 35.84µs
[  4.533s] [Workarounds] starting patch_catalog_shop_product_card_defaults
[  4.533s] [Workarounds] finished patch_catalog_shop_product_card_defaults in 73.81µs
[  4.533s] [Workarounds] starting patch_game_time_defaults
[  4.533s] [Workarounds] finished patch_game_time_defaults in 8.02µs
[  4.533s] [Workarounds] starting patch_tooltip_nineslice_surface
[  4.533s] [Workarounds] finished patch_tooltip_nineslice_surface in 49.05µs
[  4.533s] [Workarounds] starting patch_container_frame_token_tracker
[  4.533s] [Workarounds] finished patch_container_frame_token_tracker in 47.56µs
[  4.533s] [Workarounds] starting patch_achievement_display_set_achievements
[  4.533s] [Workarounds] finished patch_achievement_display_set_achievements in 9.22µs
[  4.533s] [Workarounds] starting patch_housing_dashboard_preload
[  4.534s] [Workarounds] finished patch_housing_dashboard_preload in 197.77µs
[  4.534s] [Workarounds] starting patch_lfg_lock_list
[  4.534s] [Workarounds] finished patch_lfg_lock_list in 42.63µs
[  4.534s] [Workarounds] starting patch_auction_house_browse_results_event
[  4.534s] [Workarounds] finished patch_auction_house_browse_results_event in 74.20µs
[  4.534s] [Workarounds] starting patch_auction_house_search_context_aliases
[  4.534s] [Workarounds] finished patch_auction_house_search_context_aliases in 32.55µs
[  4.534s] [Workarounds] starting patch_auth_challenge_frame_parent
[  4.534s] [Workarounds] finished patch_auth_challenge_frame_parent in 80.53µs
[  4.534s] [Workarounds] starting patch_settings_surface_defaults
[  4.534s] [Workarounds] finished patch_settings_surface_defaults in 405.40µs
[  4.534s] [Workarounds] starting patch_settings_canvas_layout_visibility
[  4.534s] [Workarounds] finished patch_settings_canvas_layout_visibility in 123.21µs
[  4.534s] [Startup] apply_post_load_workarounds: workarounds complete
[  4.616s] [Startup] apply_post_load_workarounds: globals restored
[  4.616s] [Startup] apply_post_load_workarounds: patch 12.1 compatibility restored
[  4.616s] [Startup] apply_post_load_workarounds: seterrorhandler restored
[  4.820s] [Startup] begin login sequence
[  4.820s] [Startup] Firing ADDON_LOADED
[  4.820s] [Startup] Firing VARIABLES_LOADED
[  4.965s] [Startup] Firing DISPLAY_SIZE_CHANGED
[  5.030s] [Startup] Firing UI_SCALE_CHANGED
[  5.032s] [Startup] Firing PLAYER_LOGIN
[  5.032s] [Startup] end login sequence in 212.27ms
[  5.032s] [Startup] begin world enter sequence
[  5.032s] [Startup] Skipping EDIT_MODE_LAYOUTS_UPDATED
[  5.032s] [Startup] Firing TIME_PLAYED_MSG via RequestTimePlayed
[  5.032s] [Startup] Firing PLAYER_ENTERING_WORLD
[  5.352s] [EditMode] starting setup_layout_info
[  5.356s] [EditMode] finished setup_layout_info in 4.53ms
[  5.356s] [EditMode] starting apply_system_anchors
[  5.517s] [EditMode] finished apply_system_anchors in 160.59ms
[  5.517s] [EditMode] starting finalize_action_bar_positions
[  5.520s] [EditMode] finished finalize_action_bar_positions in 3.26ms
[  5.520s] [EditMode] starting invoke_anchor_changed_hooks
[  5.527s] [EditMode] finished invoke_anchor_changed_hooks in 6.51ms
[  5.527s] [EditMode] starting fix_action_bar_nan_size
[  5.527s] [EditMode] finished fix_action_bar_nan_size in 85.85µs
[  5.527s] [EditMode] starting fix_action_bar_scale
[  5.527s] [EditMode] finished fix_action_bar_scale in 5.11µs
[  5.527s] [EditMode] starting reapply_player_frame_anchor
[  5.528s] [EditMode] finished reapply_player_frame_anchor in 1.62ms
[  5.538s] [Startup] end world enter sequence in 506.28ms
[  5.538s] [Startup] begin post-login events
[  5.539s] [Startup] Firing UNIT_AURA
[  5.540s] [Startup] Firing PET_UI_UPDATE
[  5.542s] [Startup] Firing BAG_UPDATE_DELAYED
[  5.544s] [Startup] Firing QUEST_LOG_UPDATE
[  5.545s] [Startup] Firing GROUP_ROSTER_UPDATE
[  5.665s] [Startup] Firing ACTIONBAR_UPDATE_STATE
[  5.665s] [Startup] Firing ACTIONBAR_UPDATE_COOLDOWN
[  5.667s] [Startup] Firing UPDATE_BONUS_ACTIONBAR
[  5.680s] [Startup] Firing PLAYER_CAN_GLIDE_CHANGED
[  5.680s] [Startup] Firing PLAYER_IS_GLIDING_CHANGED
[  5.680s] [Startup] Firing UPDATE_BINDINGS
[  5.683s] [Startup] Firing UPDATE_CHAT_WINDOWS
[  5.687s] [Startup] Firing LFG_UPDATE_RANDOM_INFO
[  5.688s] [Startup] end post-login events in 149.36ms
[  5.688s] [Startup] begin close startup special windows
[  5.688s] [Startup] end close startup special windows in 302.00µs
[  5.688s] [Startup] begin FIRST_FRAME_RENDERED
[  5.688s] [Startup] Firing FIRST_FRAME_RENDERED
[  5.688s] [Startup] end FIRST_FRAME_RENDERED in 196.69µs
[  5.688s] [Startup] begin unblock hidden splash alerts
[  5.688s] [Startup] end unblock hidden splash alerts in 15.11µs
[  5.688s] [Startup] begin post-event workarounds
[  5.688s] [Startup] end post-event workarounds in 932.00ns
