
running 1 test
test patch_11_2_5_publication_sweep::patch_11_2_5_publication_sweep ... ok

test result: ok. 1 passed; 0 failed; 0 ignored; 0 measured; 10822 filtered out; finished in 4.54s

warning: iced-wgpu-patched/Cargo.toml: `lints.clippy.large-enum-variant` is deprecated in favor of `lints.clippy.large_enum_variant` and will not work in a future edition
warning: iced-wgpu-patched/Cargo.toml: `lints.clippy.map-entry` is deprecated in favor of `lints.clippy.map_entry` and will not work in a future edition
warning: iced-wgpu-patched/Cargo.toml: `lints.clippy.match-wildcard-for-single-variants` is deprecated in favor of `lints.clippy.match_wildcard_for_single_variants` and will not work in a future edition
warning: iced-wgpu-patched/Cargo.toml: `lints.clippy.redundant-closure-for-method-calls` is deprecated in favor of `lints.clippy.redundant_closure_for_method_calls` and will not work in a future edition
warning: iced-wgpu-patched/Cargo.toml: `lints.clippy.trivially-copy-pass-by-ref` is deprecated in favor of `lints.clippy.trivially_copy_pass_by_ref` and will not work in a future edition
warning: iced-wgpu-patched/Cargo.toml: `lints.clippy.type-complexity` is deprecated in favor of `lints.clippy.type_complexity` and will not work in a future edition
warning: `iced_wgpu` (manifest) generated 6 warnings
    Finished `test` profile [optimized + debuginfo] target(s) in 0.22s
     Running tests/integration.rs (target/debug/deps/integration-aef10a2b503e13d5)
[  0.000s] [Startup] WowLuaEnv::new begin
[  0.002s] [Startup] SimState::default complete in 2.42ms
[  0.003s] [Startup] rilua VM created in 120.40µs
[  0.003s] [Startup] builtin frames initialized in 87.13µs
[  0.003s] [Startup] template registry cleared in 5.01µs
[  0.003s] [Startup] intrinsic templates registered in 7.86µs
[  0.003s] [Startup] initial app_data lua handle installed in 581.00ns
[  0.165s] [Startup] init_lua_state complete in 161.91ms
[  0.165s] [Startup] final app_data lua handle installed in 360.00ns
[  0.165s] [Startup] initial screen globals installed in 137.05µs
[  0.165s] [Startup] WowLuaEnv::new complete
[  2.941s] [Startup] apply_post_load_workarounds: begin
[  2.941s] [Workarounds] starting patch_edit_mode_manager
[  2.941s] [Workarounds] finished patch_edit_mode_manager in 341.87µs
[  2.941s] [Workarounds] starting init_edit_mode_layout
[  2.941s] [EditMode] starting setup_layout_info
[  2.946s] [EditMode] finished setup_layout_info in 4.21ms
[  2.946s] [EditMode] starting apply_system_anchors
[  3.114s] [EditMode] finished apply_system_anchors in 168.12ms
[  3.114s] [EditMode] starting finalize_action_bar_positions
[  3.116s] [EditMode] finished finalize_action_bar_positions in 2.64ms
[  3.116s] [EditMode] starting invoke_anchor_changed_hooks
[  3.117s] [EditMode] finished invoke_anchor_changed_hooks in 695.96µs
[  3.117s] [EditMode] starting fix_action_bar_nan_size
[  3.117s] [EditMode] finished fix_action_bar_nan_size in 66.36µs
[  3.117s] [EditMode] starting fix_action_bar_scale
[  3.117s] [EditMode] finished fix_action_bar_scale in 6.26µs
[  3.117s] [Workarounds] finished init_edit_mode_layout in 175.78ms
[  3.117s] [Workarounds] starting patch_ui_parent_panel_toggles
[  3.117s] [Workarounds] finished patch_ui_parent_panel_toggles in 262.44µs
[  3.117s] [Workarounds] starting patch_uiparent_onupdate_worklists
[  3.117s] [Workarounds] finished patch_uiparent_onupdate_worklists in 111.61µs
[  3.117s] [Workarounds] starting init_chat_type_colors
[  3.118s] [Workarounds] finished init_chat_type_colors in 136.50µs
[  3.118s] [Workarounds] starting patch_chat_voice_button_surface
[  3.118s] [Workarounds] finished patch_chat_voice_button_surface in 156.35µs
[  3.118s] [Workarounds] starting patch_item_socketing_tooltips
[  3.118s] [Workarounds] finished patch_item_socketing_tooltips in 69.93µs
[  3.118s] [Workarounds] starting patch_character_select_selected_name
[  3.118s] [Workarounds] finished patch_character_select_selected_name in 39.84µs
[  3.118s] [Workarounds] starting patch_character_create_defaults
[  3.118s] [Workarounds] finished patch_character_create_defaults in 325.37µs
[  3.118s] [Workarounds] starting patch_character_frame_title_refresh
[  3.125s] [Workarounds] finished patch_character_frame_title_refresh in 6.94ms
[  3.125s] [Workarounds] starting patch_vignette_pin_template
[  3.125s] [Workarounds] finished patch_vignette_pin_template in 150.00µs
[  3.125s] [Workarounds] starting patch_fog_of_war_pin_mixin
[  3.126s] [Workarounds] finished patch_fog_of_war_pin_mixin in 350.28µs
[  3.126s] [Workarounds] starting patch_map_exploration_pin_mixin
[  3.133s] [Workarounds] finished patch_map_exploration_pin_mixin in 7.08ms
[  3.133s] [Workarounds] starting patch_map_canvas_data_provider_attachment
[  3.133s] [Workarounds] finished patch_map_canvas_data_provider_attachment in 193.31µs
[  3.133s] [Workarounds] starting ensure_adventure_map_frame_surface
[  3.134s] [Workarounds] finished ensure_adventure_map_frame_surface in 673.29µs
[  3.134s] [Workarounds] starting patch_action_bar_button_event_fanout
[  3.134s] [Workarounds] finished patch_action_bar_button_event_fanout in 148.23µs
[  3.134s] [Workarounds] starting patch_paging_controls_page_text
[  3.134s] [Workarounds] finished patch_paging_controls_page_text in 47.11µs
[  3.134s] [Workarounds] starting patch_talent_edge_frame_level_sync
[  3.134s] [Workarounds] finished patch_talent_edge_frame_level_sync in 38.28µs
[  3.134s] [Workarounds] starting patch_catalog_shop_product_card_defaults
[  3.134s] [Workarounds] finished patch_catalog_shop_product_card_defaults in 80.76µs
[  3.134s] [Workarounds] starting patch_game_time_defaults
[  3.134s] [Workarounds] finished patch_game_time_defaults in 8.69µs
[  3.134s] [Workarounds] starting patch_tooltip_nineslice_surface
[  3.134s] [Workarounds] finished patch_tooltip_nineslice_surface in 58.21µs
[  3.134s] [Workarounds] starting patch_container_frame_token_tracker
[  3.134s] [Workarounds] finished patch_container_frame_token_tracker in 47.64µs
[  3.134s] [Workarounds] starting patch_achievement_display_set_achievements
[  3.134s] [Workarounds] finished patch_achievement_display_set_achievements in 9.95µs
[  3.134s] [Workarounds] starting patch_housing_dashboard_preload
[  3.134s] [Workarounds] finished patch_housing_dashboard_preload in 228.68µs
[  3.134s] [Workarounds] starting patch_lfg_lock_list
[  3.134s] [Workarounds] finished patch_lfg_lock_list in 51.53µs
[  3.134s] [Workarounds] starting patch_auction_house_browse_results_event
[  3.135s] [Workarounds] finished patch_auction_house_browse_results_event in 77.16µs
[  3.135s] [Workarounds] starting patch_auction_house_search_context_aliases
[  3.135s] [Workarounds] finished patch_auction_house_search_context_aliases in 34.48µs
[  3.135s] [Workarounds] starting patch_auth_challenge_frame_parent
[  3.135s] [Workarounds] finished patch_auth_challenge_frame_parent in 116.30µs
[  3.135s] [Workarounds] starting patch_settings_surface_defaults
[  3.135s] [Workarounds] finished patch_settings_surface_defaults in 472.48µs
[  3.135s] [Workarounds] starting patch_settings_canvas_layout_visibility
[  3.135s] [Workarounds] finished patch_settings_canvas_layout_visibility in 135.46µs
[  3.135s] [Startup] apply_post_load_workarounds: workarounds complete
[  3.221s] [Startup] apply_post_load_workarounds: globals restored
[  3.222s] [Startup] apply_post_load_workarounds: patch 12.1 compatibility restored
[  3.222s] [Startup] apply_post_load_workarounds: seterrorhandler restored
[  3.387s] [Startup] begin login sequence
[  3.387s] [Startup] Firing ADDON_LOADED
[  3.387s] [Startup] Firing VARIABLES_LOADED
[  3.507s] [Startup] Firing DISPLAY_SIZE_CHANGED
[  3.558s] [Startup] Firing UI_SCALE_CHANGED
[  3.559s] [Startup] Firing PLAYER_LOGIN
[  3.559s] [Startup] end login sequence in 171.83ms
[  3.559s] [Startup] begin world enter sequence
[  3.559s] [Startup] Skipping EDIT_MODE_LAYOUTS_UPDATED
[  3.559s] [Startup] Firing TIME_PLAYED_MSG via RequestTimePlayed
[  3.559s] [Startup] Firing PLAYER_ENTERING_WORLD
[  3.894s] [EditMode] starting setup_layout_info
[  3.899s] [EditMode] finished setup_layout_info in 4.67ms
[  3.899s] [EditMode] starting apply_system_anchors
[  4.053s] [EditMode] finished apply_system_anchors in 154.55ms
[  4.053s] [EditMode] starting finalize_action_bar_positions
[  4.056s] [EditMode] finished finalize_action_bar_positions in 3.00ms
[  4.056s] [EditMode] starting invoke_anchor_changed_hooks
[  4.063s] [EditMode] finished invoke_anchor_changed_hooks in 6.58ms
[  4.063s] [EditMode] starting fix_action_bar_nan_size
[  4.063s] [EditMode] finished fix_action_bar_nan_size in 86.01µs
[  4.063s] [EditMode] starting fix_action_bar_scale
[  4.063s] [EditMode] finished fix_action_bar_scale in 4.97µs
[  4.063s] [EditMode] starting reapply_player_frame_anchor
[  4.064s] [EditMode] finished reapply_player_frame_anchor in 1.55ms
[  4.074s] [Startup] end world enter sequence in 514.91ms
[  4.074s] [Startup] begin post-login events
[  4.075s] [Startup] Firing UNIT_AURA
[  4.076s] [Startup] Firing PET_UI_UPDATE
[  4.078s] [Startup] Firing BAG_UPDATE_DELAYED
[  4.080s] [Startup] Firing QUEST_LOG_UPDATE
[  4.081s] [Startup] Firing GROUP_ROSTER_UPDATE
[  4.184s] [Startup] Firing ACTIONBAR_UPDATE_STATE
[  4.184s] [Startup] Firing ACTIONBAR_UPDATE_COOLDOWN
[  4.185s] [Startup] Firing UPDATE_BONUS_ACTIONBAR
[  4.199s] [Startup] Firing PLAYER_CAN_GLIDE_CHANGED
[  4.199s] [Startup] Firing PLAYER_IS_GLIDING_CHANGED
[  4.199s] [Startup] Firing UPDATE_BINDINGS
[  4.203s] [Startup] Firing UPDATE_CHAT_WINDOWS
[  4.206s] [Startup] Firing LFG_UPDATE_RANDOM_INFO
[  4.207s] [Startup] end post-login events in 132.85ms
[  4.207s] [Startup] begin close startup special windows
[  4.207s] [Startup] end close startup special windows in 306.84µs
[  4.207s] [Startup] begin FIRST_FRAME_RENDERED
[  4.207s] [Startup] Firing FIRST_FRAME_RENDERED
[  4.207s] [Startup] end FIRST_FRAME_RENDERED in 191.42µs
[  4.207s] [Startup] begin unblock hidden splash alerts
[  4.207s] [Startup] end unblock hidden splash alerts in 15.68µs
[  4.207s] [Startup] begin post-event workarounds
[  4.207s] [Startup] end post-event workarounds in 822.00ns
