
running 1 test
test patch_11_2_0_publication_sweep::patch_11_2_0_publication_sweep ... ok

test result: ok. 1 passed; 0 failed; 0 ignored; 0 measured; 10822 filtered out; finished in 4.55s

warning: iced-wgpu-patched/Cargo.toml: `lints.clippy.large-enum-variant` is deprecated in favor of `lints.clippy.large_enum_variant` and will not work in a future edition
warning: iced-wgpu-patched/Cargo.toml: `lints.clippy.map-entry` is deprecated in favor of `lints.clippy.map_entry` and will not work in a future edition
warning: iced-wgpu-patched/Cargo.toml: `lints.clippy.match-wildcard-for-single-variants` is deprecated in favor of `lints.clippy.match_wildcard_for_single_variants` and will not work in a future edition
warning: iced-wgpu-patched/Cargo.toml: `lints.clippy.redundant-closure-for-method-calls` is deprecated in favor of `lints.clippy.redundant_closure_for_method_calls` and will not work in a future edition
warning: iced-wgpu-patched/Cargo.toml: `lints.clippy.trivially-copy-pass-by-ref` is deprecated in favor of `lints.clippy.trivially_copy_pass_by_ref` and will not work in a future edition
warning: iced-wgpu-patched/Cargo.toml: `lints.clippy.type-complexity` is deprecated in favor of `lints.clippy.type_complexity` and will not work in a future edition
warning: `iced_wgpu` (manifest) generated 6 warnings
    Finished `test` profile [optimized + debuginfo] target(s) in 0.21s
     Running tests/integration.rs (target/debug/deps/integration-aef10a2b503e13d5)
[  0.000s] [Startup] WowLuaEnv::new begin
[  0.002s] [Startup] SimState::default complete in 2.15ms
[  0.002s] [Startup] rilua VM created in 107.21µs
[  0.002s] [Startup] builtin frames initialized in 73.40µs
[  0.002s] [Startup] template registry cleared in 4.09µs
[  0.002s] [Startup] intrinsic templates registered in 7.54µs
[  0.002s] [Startup] initial app_data lua handle installed in 621.00ns
[  0.158s] [Startup] init_lua_state complete in 156.05ms
[  0.158s] [Startup] final app_data lua handle installed in 211.00ns
[  0.159s] [Startup] initial screen globals installed in 90.32µs
[  0.159s] [Startup] WowLuaEnv::new complete
[  2.968s] [Startup] apply_post_load_workarounds: begin
[  2.968s] [Workarounds] starting patch_edit_mode_manager
[  2.968s] [Workarounds] finished patch_edit_mode_manager in 322.62µs
[  2.968s] [Workarounds] starting init_edit_mode_layout
[  2.968s] [EditMode] starting setup_layout_info
[  2.972s] [EditMode] finished setup_layout_info in 3.67ms
[  2.972s] [EditMode] starting apply_system_anchors
[  3.151s] [EditMode] finished apply_system_anchors in 179.96ms
[  3.151s] [EditMode] starting finalize_action_bar_positions
[  3.154s] [EditMode] finished finalize_action_bar_positions in 2.13ms
[  3.154s] [EditMode] starting invoke_anchor_changed_hooks
[  3.154s] [EditMode] finished invoke_anchor_changed_hooks in 448.46µs
[  3.154s] [EditMode] starting fix_action_bar_nan_size
[  3.154s] [EditMode] finished fix_action_bar_nan_size in 45.12µs
[  3.154s] [EditMode] starting fix_action_bar_scale
[  3.154s] [EditMode] finished fix_action_bar_scale in 5.03µs
[  3.154s] [Workarounds] finished init_edit_mode_layout in 186.29ms
[  3.154s] [Workarounds] starting patch_ui_parent_panel_toggles
[  3.154s] [Workarounds] finished patch_ui_parent_panel_toggles in 247.22µs
[  3.154s] [Workarounds] starting patch_uiparent_onupdate_worklists
[  3.154s] [Workarounds] finished patch_uiparent_onupdate_worklists in 99.42µs
[  3.154s] [Workarounds] starting init_chat_type_colors
[  3.155s] [Workarounds] finished init_chat_type_colors in 121.70µs
[  3.155s] [Workarounds] starting patch_chat_voice_button_surface
[  3.155s] [Workarounds] finished patch_chat_voice_button_surface in 130.81µs
[  3.155s] [Workarounds] starting patch_item_socketing_tooltips
[  3.155s] [Workarounds] finished patch_item_socketing_tooltips in 59.04µs
[  3.155s] [Workarounds] starting patch_character_select_selected_name
[  3.155s] [Workarounds] finished patch_character_select_selected_name in 31.99µs
[  3.155s] [Workarounds] starting patch_character_create_defaults
[  3.155s] [Workarounds] finished patch_character_create_defaults in 240.42µs
[  3.155s] [Workarounds] starting patch_character_frame_title_refresh
[  3.161s] [Workarounds] finished patch_character_frame_title_refresh in 5.85ms
[  3.161s] [Workarounds] starting patch_vignette_pin_template
[  3.161s] [Workarounds] finished patch_vignette_pin_template in 106.47µs
[  3.161s] [Workarounds] starting patch_fog_of_war_pin_mixin
[  3.161s] [Workarounds] finished patch_fog_of_war_pin_mixin in 295.00µs
[  3.161s] [Workarounds] starting patch_map_exploration_pin_mixin
[  3.167s] [Workarounds] finished patch_map_exploration_pin_mixin in 6.07ms
[  3.167s] [Workarounds] starting patch_map_canvas_data_provider_attachment
[  3.168s] [Workarounds] finished patch_map_canvas_data_provider_attachment in 80.08µs
[  3.168s] [Workarounds] starting ensure_adventure_map_frame_surface
[  3.168s] [Workarounds] finished ensure_adventure_map_frame_surface in 509.72µs
[  3.168s] [Workarounds] starting patch_action_bar_button_event_fanout
[  3.168s] [Workarounds] finished patch_action_bar_button_event_fanout in 111.08µs
[  3.168s] [Workarounds] starting patch_paging_controls_page_text
[  3.168s] [Workarounds] finished patch_paging_controls_page_text in 41.59µs
[  3.168s] [Workarounds] starting patch_talent_edge_frame_level_sync
[  3.168s] [Workarounds] finished patch_talent_edge_frame_level_sync in 31.05µs
[  3.168s] [Workarounds] starting patch_catalog_shop_product_card_defaults
[  3.168s] [Workarounds] finished patch_catalog_shop_product_card_defaults in 65.04µs
[  3.168s] [Workarounds] starting patch_game_time_defaults
[  3.168s] [Workarounds] finished patch_game_time_defaults in 7.88µs
[  3.168s] [Workarounds] starting patch_tooltip_nineslice_surface
[  3.168s] [Workarounds] finished patch_tooltip_nineslice_surface in 43.35µs
[  3.168s] [Workarounds] starting patch_container_frame_token_tracker
[  3.168s] [Workarounds] finished patch_container_frame_token_tracker in 41.23µs
[  3.168s] [Workarounds] starting patch_achievement_display_set_achievements
[  3.168s] [Workarounds] finished patch_achievement_display_set_achievements in 8.42µs
[  3.168s] [Workarounds] starting patch_housing_dashboard_preload
[  3.169s] [Workarounds] finished patch_housing_dashboard_preload in 173.61µs
[  3.169s] [Workarounds] starting patch_lfg_lock_list
[  3.169s] [Workarounds] finished patch_lfg_lock_list in 37.79µs
[  3.169s] [Workarounds] starting patch_auction_house_browse_results_event
[  3.169s] [Workarounds] finished patch_auction_house_browse_results_event in 64.13µs
[  3.169s] [Workarounds] starting patch_auction_house_search_context_aliases
[  3.169s] [Workarounds] finished patch_auction_house_search_context_aliases in 29.02µs
[  3.169s] [Workarounds] starting patch_auth_challenge_frame_parent
[  3.169s] [Workarounds] finished patch_auth_challenge_frame_parent in 72.60µs
[  3.169s] [Workarounds] starting patch_settings_surface_defaults
[  3.169s] [Workarounds] finished patch_settings_surface_defaults in 364.44µs
[  3.169s] [Workarounds] starting patch_settings_canvas_layout_visibility
[  3.169s] [Workarounds] finished patch_settings_canvas_layout_visibility in 110.29µs
[  3.169s] [Startup] apply_post_load_workarounds: workarounds complete
[  3.248s] [Startup] apply_post_load_workarounds: globals restored
[  3.249s] [Startup] apply_post_load_workarounds: patch 12.1 compatibility restored
[  3.249s] [Startup] apply_post_load_workarounds: seterrorhandler restored
[  3.411s] [Startup] begin login sequence
[  3.411s] [Startup] Firing ADDON_LOADED
[  3.411s] [Startup] Firing VARIABLES_LOADED
[  3.523s] [Startup] Firing DISPLAY_SIZE_CHANGED
[  3.576s] [Startup] Firing UI_SCALE_CHANGED
[  3.577s] [Startup] Firing PLAYER_LOGIN
[  3.577s] [Startup] end login sequence in 166.02ms
[  3.577s] [Startup] begin world enter sequence
[  3.577s] [Startup] Skipping EDIT_MODE_LAYOUTS_UPDATED
[  3.577s] [Startup] Firing TIME_PLAYED_MSG via RequestTimePlayed
[  3.577s] [Startup] Firing PLAYER_ENTERING_WORLD
[  3.873s] [EditMode] starting setup_layout_info
[  3.878s] [EditMode] finished setup_layout_info in 4.72ms
[  3.878s] [EditMode] starting apply_system_anchors
[  4.040s] [EditMode] finished apply_system_anchors in 162.05ms
[  4.040s] [EditMode] starting finalize_action_bar_positions
[  4.044s] [EditMode] finished finalize_action_bar_positions in 3.80ms
[  4.044s] [EditMode] starting invoke_anchor_changed_hooks
[  4.053s] [EditMode] finished invoke_anchor_changed_hooks in 9.11ms
[  4.053s] [EditMode] starting fix_action_bar_nan_size
[  4.053s] [EditMode] finished fix_action_bar_nan_size in 111.95µs
[  4.053s] [EditMode] starting fix_action_bar_scale
[  4.053s] [EditMode] finished fix_action_bar_scale in 6.60µs
[  4.053s] [EditMode] starting reapply_player_frame_anchor
[  4.055s] [EditMode] finished reapply_player_frame_anchor in 1.87ms
[  4.065s] [Startup] end world enter sequence in 488.29ms
[  4.065s] [Startup] begin post-login events
[  4.067s] [Startup] Firing UNIT_AURA
[  4.068s] [Startup] Firing PET_UI_UPDATE
[  4.071s] [Startup] Firing BAG_UPDATE_DELAYED
[  4.073s] [Startup] Firing QUEST_LOG_UPDATE
[  4.074s] [Startup] Firing GROUP_ROSTER_UPDATE
[  4.179s] [Startup] Firing ACTIONBAR_UPDATE_STATE
[  4.179s] [Startup] Firing ACTIONBAR_UPDATE_COOLDOWN
[  4.180s] [Startup] Firing UPDATE_BONUS_ACTIONBAR
[  4.194s] [Startup] Firing PLAYER_CAN_GLIDE_CHANGED
[  4.194s] [Startup] Firing PLAYER_IS_GLIDING_CHANGED
[  4.194s] [Startup] Firing UPDATE_BINDINGS
[  4.198s] [Startup] Firing UPDATE_CHAT_WINDOWS
[  4.201s] [Startup] Firing LFG_UPDATE_RANDOM_INFO
[  4.202s] [Startup] end post-login events in 136.78ms
[  4.202s] [Startup] begin close startup special windows
[  4.203s] [Startup] end close startup special windows in 319.80µs
[  4.203s] [Startup] begin FIRST_FRAME_RENDERED
[  4.203s] [Startup] Firing FIRST_FRAME_RENDERED
[  4.203s] [Startup] end FIRST_FRAME_RENDERED in 193.82µs
[  4.203s] [Startup] begin unblock hidden splash alerts
[  4.203s] [Startup] end unblock hidden splash alerts in 16.98µs
[  4.203s] [Startup] begin post-event workarounds
[  4.203s] [Startup] end post-event workarounds in 951.00ns
