
running 1 test
test patch_12_0_5_publication_sweep::patch_12_0_5_publication_sweep ... ok

test result: ok. 1 passed; 0 failed; 0 ignored; 0 measured; 10822 filtered out; finished in 7.00s

warning: iced-wgpu-patched/Cargo.toml: `lints.clippy.large-enum-variant` is deprecated in favor of `lints.clippy.large_enum_variant` and will not work in a future edition
warning: iced-wgpu-patched/Cargo.toml: `lints.clippy.map-entry` is deprecated in favor of `lints.clippy.map_entry` and will not work in a future edition
warning: iced-wgpu-patched/Cargo.toml: `lints.clippy.match-wildcard-for-single-variants` is deprecated in favor of `lints.clippy.match_wildcard_for_single_variants` and will not work in a future edition
warning: iced-wgpu-patched/Cargo.toml: `lints.clippy.redundant-closure-for-method-calls` is deprecated in favor of `lints.clippy.redundant_closure_for_method_calls` and will not work in a future edition
warning: iced-wgpu-patched/Cargo.toml: `lints.clippy.trivially-copy-pass-by-ref` is deprecated in favor of `lints.clippy.trivially_copy_pass_by_ref` and will not work in a future edition
warning: iced-wgpu-patched/Cargo.toml: `lints.clippy.type-complexity` is deprecated in favor of `lints.clippy.type_complexity` and will not work in a future edition
warning: `iced_wgpu` (manifest) generated 6 warnings
    Finished `test` profile [optimized + debuginfo] target(s) in 0.35s
     Running tests/integration.rs (target/debug/deps/integration-aef10a2b503e13d5)
[  0.000s] [Startup] WowLuaEnv::new begin
[  0.004s] [Startup] SimState::default complete in 3.88ms
[  0.004s] [Startup] rilua VM created in 169.66µs
[  0.004s] [Startup] builtin frames initialized in 187.03µs
[  0.004s] [Startup] template registry cleared in 7.12µs
[  0.004s] [Startup] intrinsic templates registered in 11.48µs
[  0.004s] [Startup] initial app_data lua handle installed in 722.00ns
[  0.292s] [Startup] init_lua_state complete in 288.13ms
[  0.292s] [Startup] final app_data lua handle installed in 832.00ns
[  0.293s] [Startup] initial screen globals installed in 220.64µs
[  0.293s] [Startup] WowLuaEnv::new complete
[  4.572s] [Startup] apply_post_load_workarounds: begin
[  4.572s] [Workarounds] starting patch_edit_mode_manager
[  4.573s] [Workarounds] finished patch_edit_mode_manager in 437.11µs
[  4.573s] [Workarounds] starting init_edit_mode_layout
[  4.573s] [EditMode] starting setup_layout_info
[  4.578s] [EditMode] finished setup_layout_info in 4.73ms
[  4.578s] [EditMode] starting apply_system_anchors
[  4.814s] [EditMode] finished apply_system_anchors in 236.56ms
[  4.814s] [EditMode] starting finalize_action_bar_positions
[  4.817s] [EditMode] finished finalize_action_bar_positions in 3.18ms
[  4.817s] [EditMode] starting invoke_anchor_changed_hooks
[  4.818s] [EditMode] finished invoke_anchor_changed_hooks in 588.17µs
[  4.818s] [EditMode] starting fix_action_bar_nan_size
[  4.818s] [EditMode] finished fix_action_bar_nan_size in 61.93µs
[  4.818s] [EditMode] starting fix_action_bar_scale
[  4.818s] [EditMode] finished fix_action_bar_scale in 6.04µs
[  4.818s] [Workarounds] finished init_edit_mode_layout in 245.18ms
[  4.818s] [Workarounds] starting patch_ui_parent_panel_toggles
[  4.818s] [Workarounds] finished patch_ui_parent_panel_toggles in 303.84µs
[  4.818s] [Workarounds] starting patch_uiparent_onupdate_worklists
[  4.819s] [Workarounds] finished patch_uiparent_onupdate_worklists in 136.64µs
[  4.819s] [Workarounds] starting init_chat_type_colors
[  4.819s] [Workarounds] finished init_chat_type_colors in 148.90µs
[  4.819s] [Workarounds] starting patch_chat_voice_button_surface
[  4.819s] [Workarounds] finished patch_chat_voice_button_surface in 167.19µs
[  4.819s] [Workarounds] starting patch_item_socketing_tooltips
[  4.819s] [Workarounds] finished patch_item_socketing_tooltips in 71.59µs
[  4.819s] [Workarounds] starting patch_character_select_selected_name
[  4.819s] [Workarounds] finished patch_character_select_selected_name in 37.84µs
[  4.819s] [Workarounds] starting patch_character_create_defaults
[  4.819s] [Workarounds] finished patch_character_create_defaults in 282.43µs
[  4.819s] [Workarounds] starting patch_character_frame_title_refresh
[  4.827s] [Workarounds] finished patch_character_frame_title_refresh in 7.78ms
[  4.827s] [Workarounds] starting patch_vignette_pin_template
[  4.827s] [Workarounds] finished patch_vignette_pin_template in 161.95µs
[  4.827s] [Workarounds] starting patch_fog_of_war_pin_mixin
[  4.828s] [Workarounds] finished patch_fog_of_war_pin_mixin in 411.02µs
[  4.828s] [Workarounds] starting patch_map_exploration_pin_mixin
[  4.836s] [Workarounds] finished patch_map_exploration_pin_mixin in 8.00ms
[  4.836s] [Workarounds] starting patch_map_canvas_data_provider_attachment
[  4.836s] [Workarounds] finished patch_map_canvas_data_provider_attachment in 126.88µs
[  4.836s] [Workarounds] starting ensure_adventure_map_frame_surface
[  4.836s] [Workarounds] finished ensure_adventure_map_frame_surface in 669.32µs
[  4.836s] [Workarounds] starting patch_action_bar_button_event_fanout
[  4.837s] [Workarounds] finished patch_action_bar_button_event_fanout in 149.12µs
[  4.837s] [Workarounds] starting patch_paging_controls_page_text
[  4.837s] [Workarounds] finished patch_paging_controls_page_text in 51.92µs
[  4.837s] [Workarounds] starting patch_talent_edge_frame_level_sync
[  4.837s] [Workarounds] finished patch_talent_edge_frame_level_sync in 39.29µs
[  4.837s] [Workarounds] starting patch_catalog_shop_product_card_defaults
[  4.837s] [Workarounds] finished patch_catalog_shop_product_card_defaults in 86.05µs
[  4.837s] [Workarounds] starting patch_game_time_defaults
[  4.837s] [Workarounds] finished patch_game_time_defaults in 10.12µs
[  4.837s] [Workarounds] starting patch_tooltip_nineslice_surface
[  4.837s] [Workarounds] finished patch_tooltip_nineslice_surface in 58.64µs
[  4.837s] [Workarounds] starting patch_container_frame_token_tracker
[  4.837s] [Workarounds] finished patch_container_frame_token_tracker in 65.85µs
[  4.837s] [Workarounds] starting patch_achievement_display_set_achievements
[  4.837s] [Workarounds] finished patch_achievement_display_set_achievements in 14.79µs
[  4.837s] [Workarounds] starting patch_housing_dashboard_preload
[  4.837s] [Workarounds] finished patch_housing_dashboard_preload in 236.07µs
[  4.837s] [Workarounds] starting patch_lfg_lock_list
[  4.837s] [Workarounds] finished patch_lfg_lock_list in 56.21µs
[  4.837s] [Workarounds] starting patch_auction_house_browse_results_event
[  4.837s] [Workarounds] finished patch_auction_house_browse_results_event in 92.53µs
[  4.837s] [Workarounds] starting patch_auction_house_search_context_aliases
[  4.837s] [Workarounds] finished patch_auction_house_search_context_aliases in 43.07µs
[  4.837s] [Workarounds] starting patch_auth_challenge_frame_parent
[  4.837s] [Workarounds] finished patch_auth_challenge_frame_parent in 101.32µs
[  4.837s] [Workarounds] starting patch_settings_surface_defaults
[  4.838s] [Workarounds] finished patch_settings_surface_defaults in 491.73µs
[  4.838s] [Workarounds] starting patch_settings_canvas_layout_visibility
[  4.838s] [Workarounds] finished patch_settings_canvas_layout_visibility in 152.33µs
[  4.838s] [Startup] apply_post_load_workarounds: workarounds complete
[  4.933s] [Startup] apply_post_load_workarounds: globals restored
[  4.934s] [Startup] apply_post_load_workarounds: patch 12.1 compatibility restored
[  4.934s] [Startup] apply_post_load_workarounds: seterrorhandler restored
[  5.116s] [Startup] begin login sequence
[  5.116s] [Startup] Firing ADDON_LOADED
[  5.116s] [Startup] Firing VARIABLES_LOADED
[  5.263s] [Startup] Firing DISPLAY_SIZE_CHANGED
[  5.331s] [Startup] Firing UI_SCALE_CHANGED
[  5.333s] [Startup] Firing PLAYER_LOGIN
[  5.333s] [Startup] end login sequence in 217.03ms
[  5.333s] [Startup] begin world enter sequence
[  5.333s] [Startup] Skipping EDIT_MODE_LAYOUTS_UPDATED
[  5.333s] [Startup] Firing TIME_PLAYED_MSG via RequestTimePlayed
[  5.333s] [Startup] Firing PLAYER_ENTERING_WORLD
[  5.764s] [EditMode] starting setup_layout_info
[  5.772s] [EditMode] finished setup_layout_info in 7.36ms
[  5.772s] [EditMode] starting apply_system_anchors
[  6.031s] [EditMode] finished apply_system_anchors in 259.41ms
[  6.031s] [EditMode] starting finalize_action_bar_positions
[  6.036s] [EditMode] finished finalize_action_bar_positions in 4.99ms
[  6.036s] [EditMode] starting invoke_anchor_changed_hooks
[  6.048s] [EditMode] finished invoke_anchor_changed_hooks in 12.00ms
[  6.048s] [EditMode] starting fix_action_bar_nan_size
[  6.048s] [EditMode] finished fix_action_bar_nan_size in 151.07µs
[  6.048s] [EditMode] starting fix_action_bar_scale
[  6.048s] [EditMode] finished fix_action_bar_scale in 11.28µs
[  6.048s] [EditMode] starting reapply_player_frame_anchor
[  6.051s] [EditMode] finished reapply_player_frame_anchor in 3.00ms
[  6.068s] [Startup] end world enter sequence in 735.11ms
[  6.068s] [Startup] begin post-login events
[  6.070s] [Startup] Firing UNIT_AURA
[  6.072s] [Startup] Firing PET_UI_UPDATE
[  6.076s] [Startup] Firing BAG_UPDATE_DELAYED
[  6.078s] [Startup] Firing QUEST_LOG_UPDATE
[  6.081s] [Startup] Firing GROUP_ROSTER_UPDATE
[  6.282s] [Startup] Firing ACTIONBAR_UPDATE_STATE
[  6.282s] [Startup] Firing ACTIONBAR_UPDATE_COOLDOWN
[  6.284s] [Startup] Firing UPDATE_BONUS_ACTIONBAR
[  6.315s] [Startup] Firing PLAYER_CAN_GLIDE_CHANGED
[  6.315s] [Startup] Firing PLAYER_IS_GLIDING_CHANGED
[  6.315s] [Startup] Firing UPDATE_BINDINGS
[  6.321s] [Startup] Firing UPDATE_CHAT_WINDOWS
[  6.325s] [Startup] Firing LFG_UPDATE_RANDOM_INFO
[  6.327s] [Startup] end post-login events in 258.74ms
[  6.327s] [Startup] begin close startup special windows
[  6.327s] [Startup] end close startup special windows in 461.64µs
[  6.327s] [Startup] begin FIRST_FRAME_RENDERED
[  6.327s] [Startup] Firing FIRST_FRAME_RENDERED
[  6.328s] [Startup] end FIRST_FRAME_RENDERED in 307.13µs
[  6.328s] [Startup] begin unblock hidden splash alerts
[  6.328s] [Startup] end unblock hidden splash alerts in 25.82µs
[  6.328s] [Startup] begin post-event workarounds
[  6.328s] [Startup] end post-event workarounds in 1.66µs
