
running 1 test
test patch_12_0_7_publication_sweep::patch_12_0_7_publication_sweep ... ok

test result: ok. 1 passed; 0 failed; 0 ignored; 0 measured; 10822 filtered out; finished in 6.80s

warning: iced-wgpu-patched/Cargo.toml: `lints.clippy.large-enum-variant` is deprecated in favor of `lints.clippy.large_enum_variant` and will not work in a future edition
warning: iced-wgpu-patched/Cargo.toml: `lints.clippy.map-entry` is deprecated in favor of `lints.clippy.map_entry` and will not work in a future edition
warning: iced-wgpu-patched/Cargo.toml: `lints.clippy.match-wildcard-for-single-variants` is deprecated in favor of `lints.clippy.match_wildcard_for_single_variants` and will not work in a future edition
warning: iced-wgpu-patched/Cargo.toml: `lints.clippy.redundant-closure-for-method-calls` is deprecated in favor of `lints.clippy.redundant_closure_for_method_calls` and will not work in a future edition
warning: iced-wgpu-patched/Cargo.toml: `lints.clippy.trivially-copy-pass-by-ref` is deprecated in favor of `lints.clippy.trivially_copy_pass_by_ref` and will not work in a future edition
warning: iced-wgpu-patched/Cargo.toml: `lints.clippy.type-complexity` is deprecated in favor of `lints.clippy.type_complexity` and will not work in a future edition
warning: `iced_wgpu` (manifest) generated 6 warnings
    Finished `test` profile [optimized + debuginfo] target(s) in 0.37s
     Running tests/integration.rs (target/debug/deps/integration-aef10a2b503e13d5)
[  0.000s] [Startup] WowLuaEnv::new begin
[  0.003s] [Startup] SimState::default complete in 3.42ms
[  0.004s] [Startup] rilua VM created in 174.78µs
[  0.004s] [Startup] builtin frames initialized in 115.49µs
[  0.004s] [Startup] template registry cleared in 8.10µs
[  0.004s] [Startup] intrinsic templates registered in 10.21µs
[  0.004s] [Startup] initial app_data lua handle installed in 752.00ns
[  0.277s] [Startup] init_lua_state complete in 273.43ms
[  0.277s] [Startup] final app_data lua handle installed in 582.00ns
[  0.277s] [Startup] initial screen globals installed in 215.71µs
[  0.277s] [Startup] WowLuaEnv::new complete
[  4.520s] [Startup] apply_post_load_workarounds: begin
[  4.520s] [Workarounds] starting patch_edit_mode_manager
[  4.520s] [Workarounds] finished patch_edit_mode_manager in 389.86µs
[  4.520s] [Workarounds] starting init_edit_mode_layout
[  4.520s] [EditMode] starting setup_layout_info
[  4.525s] [EditMode] finished setup_layout_info in 4.80ms
[  4.525s] [EditMode] starting apply_system_anchors
[  4.752s] [EditMode] finished apply_system_anchors in 226.75ms
[  4.752s] [EditMode] starting finalize_action_bar_positions
[  4.756s] [EditMode] finished finalize_action_bar_positions in 4.46ms
[  4.756s] [EditMode] starting invoke_anchor_changed_hooks
[  4.757s] [EditMode] finished invoke_anchor_changed_hooks in 1.05ms
[  4.757s] [EditMode] starting fix_action_bar_nan_size
[  4.757s] [EditMode] finished fix_action_bar_nan_size in 104.01µs
[  4.757s] [EditMode] starting fix_action_bar_scale
[  4.757s] [EditMode] finished fix_action_bar_scale in 10.27µs
[  4.757s] [Workarounds] finished init_edit_mode_layout in 237.27ms
[  4.757s] [Workarounds] starting patch_ui_parent_panel_toggles
[  4.758s] [Workarounds] finished patch_ui_parent_panel_toggles in 473.66µs
[  4.758s] [Workarounds] starting patch_uiparent_onupdate_worklists
[  4.758s] [Workarounds] finished patch_uiparent_onupdate_worklists in 199.63µs
[  4.758s] [Workarounds] starting init_chat_type_colors
[  4.758s] [Workarounds] finished init_chat_type_colors in 257.59µs
[  4.758s] [Workarounds] starting patch_chat_voice_button_surface
[  4.759s] [Workarounds] finished patch_chat_voice_button_surface in 313.07µs
[  4.759s] [Workarounds] starting patch_item_socketing_tooltips
[  4.759s] [Workarounds] finished patch_item_socketing_tooltips in 140.82µs
[  4.759s] [Workarounds] starting patch_character_select_selected_name
[  4.759s] [Workarounds] finished patch_character_select_selected_name in 62.61µs
[  4.759s] [Workarounds] starting patch_character_create_defaults
[  4.759s] [Workarounds] finished patch_character_create_defaults in 498.82µs
[  4.759s] [Workarounds] starting patch_character_frame_title_refresh
[  4.774s] [Workarounds] finished patch_character_frame_title_refresh in 14.99ms
[  4.774s] [Workarounds] starting patch_vignette_pin_template
[  4.775s] [Workarounds] finished patch_vignette_pin_template in 498.02µs
[  4.775s] [Workarounds] starting patch_fog_of_war_pin_mixin
[  4.776s] [Workarounds] finished patch_fog_of_war_pin_mixin in 767.82µs
[  4.776s] [Workarounds] starting patch_map_exploration_pin_mixin
[  4.789s] [Workarounds] finished patch_map_exploration_pin_mixin in 13.04ms
[  4.789s] [Workarounds] starting patch_map_canvas_data_provider_attachment
[  4.789s] [Workarounds] finished patch_map_canvas_data_provider_attachment in 208.16µs
[  4.789s] [Workarounds] starting ensure_adventure_map_frame_surface
[  4.790s] [Workarounds] finished ensure_adventure_map_frame_surface in 1.02ms
[  4.790s] [Workarounds] starting patch_action_bar_button_event_fanout
[  4.790s] [Workarounds] finished patch_action_bar_button_event_fanout in 243.09µs
[  4.790s] [Workarounds] starting patch_paging_controls_page_text
[  4.790s] [Workarounds] finished patch_paging_controls_page_text in 87.90µs
[  4.790s] [Workarounds] starting patch_talent_edge_frame_level_sync
[  4.791s] [Workarounds] finished patch_talent_edge_frame_level_sync in 58.56µs
[  4.791s] [Workarounds] starting patch_catalog_shop_product_card_defaults
[  4.791s] [Workarounds] finished patch_catalog_shop_product_card_defaults in 131.94µs
[  4.791s] [Workarounds] starting patch_game_time_defaults
[  4.791s] [Workarounds] finished patch_game_time_defaults in 15.00µs
[  4.791s] [Workarounds] starting patch_tooltip_nineslice_surface
[  4.791s] [Workarounds] finished patch_tooltip_nineslice_surface in 88.07µs
[  4.791s] [Workarounds] starting patch_container_frame_token_tracker
[  4.791s] [Workarounds] finished patch_container_frame_token_tracker in 78.08µs
[  4.791s] [Workarounds] starting patch_achievement_display_set_achievements
[  4.791s] [Workarounds] finished patch_achievement_display_set_achievements in 16.76µs
[  4.791s] [Workarounds] starting patch_housing_dashboard_preload
[  4.791s] [Workarounds] finished patch_housing_dashboard_preload in 326.99µs
[  4.791s] [Workarounds] starting patch_lfg_lock_list
[  4.791s] [Workarounds] finished patch_lfg_lock_list in 79.24µs
[  4.791s] [Workarounds] starting patch_auction_house_browse_results_event
[  4.791s] [Workarounds] finished patch_auction_house_browse_results_event in 134.70µs
[  4.791s] [Workarounds] starting patch_auction_house_search_context_aliases
[  4.791s] [Workarounds] finished patch_auction_house_search_context_aliases in 57.27µs
[  4.791s] [Workarounds] starting patch_auth_challenge_frame_parent
[  4.792s] [Workarounds] finished patch_auth_challenge_frame_parent in 145.00µs
[  4.792s] [Workarounds] starting patch_settings_surface_defaults
[  4.792s] [Workarounds] finished patch_settings_surface_defaults in 740.75µs
[  4.792s] [Workarounds] starting patch_settings_canvas_layout_visibility
[  4.793s] [Workarounds] finished patch_settings_canvas_layout_visibility in 233.12µs
[  4.793s] [Startup] apply_post_load_workarounds: workarounds complete
[  4.924s] [Startup] apply_post_load_workarounds: globals restored
[  4.925s] [Startup] apply_post_load_workarounds: patch 12.1 compatibility restored
[  4.925s] [Startup] apply_post_load_workarounds: seterrorhandler restored
[  5.127s] [Startup] begin login sequence
[  5.128s] [Startup] Firing ADDON_LOADED
[  5.128s] [Startup] Firing VARIABLES_LOADED
[  5.297s] [Startup] Firing DISPLAY_SIZE_CHANGED
[  5.370s] [Startup] Firing UI_SCALE_CHANGED
[  5.373s] [Startup] Firing PLAYER_LOGIN
[  5.373s] [Startup] end login sequence in 245.20ms
[  5.373s] [Startup] begin world enter sequence
[  5.373s] [Startup] Skipping EDIT_MODE_LAYOUTS_UPDATED
[  5.373s] [Startup] Firing TIME_PLAYED_MSG via RequestTimePlayed
[  5.373s] [Startup] Firing PLAYER_ENTERING_WORLD
[  5.804s] [EditMode] starting setup_layout_info
[  5.811s] [EditMode] finished setup_layout_info in 6.66ms
[  5.811s] [EditMode] starting apply_system_anchors
[  6.036s] [EditMode] finished apply_system_anchors in 225.04ms
[  6.036s] [EditMode] starting finalize_action_bar_positions
[  6.042s] [EditMode] finished finalize_action_bar_positions in 6.72ms
[  6.042s] [EditMode] starting invoke_anchor_changed_hooks
[  6.055s] [EditMode] finished invoke_anchor_changed_hooks in 12.73ms
[  6.055s] [EditMode] starting fix_action_bar_nan_size
[  6.055s] [EditMode] finished fix_action_bar_nan_size in 155.72µs
[  6.055s] [EditMode] starting fix_action_bar_scale
[  6.055s] [EditMode] finished fix_action_bar_scale in 10.68µs
[  6.055s] [EditMode] starting reapply_player_frame_anchor
[  6.058s] [EditMode] finished reapply_player_frame_anchor in 2.73ms
[  6.075s] [Startup] end world enter sequence in 701.88ms
[  6.075s] [Startup] begin post-login events
[  6.077s] [Startup] Firing UNIT_AURA
[  6.078s] [Startup] Firing PET_UI_UPDATE
[  6.082s] [Startup] Firing BAG_UPDATE_DELAYED
[  6.085s] [Startup] Firing QUEST_LOG_UPDATE
[  6.088s] [Startup] Firing GROUP_ROSTER_UPDATE
[  6.270s] [Startup] Firing ACTIONBAR_UPDATE_STATE
[  6.270s] [Startup] Firing ACTIONBAR_UPDATE_COOLDOWN
[  6.272s] [Startup] Firing UPDATE_BONUS_ACTIONBAR
[  6.296s] [Startup] Firing PLAYER_CAN_GLIDE_CHANGED
[  6.296s] [Startup] Firing PLAYER_IS_GLIDING_CHANGED
[  6.296s] [Startup] Firing UPDATE_BINDINGS
[  6.301s] [Startup] Firing UPDATE_CHAT_WINDOWS
[  6.305s] [Startup] Firing LFG_UPDATE_RANDOM_INFO
[  6.306s] [Startup] end post-login events in 231.28ms
[  6.306s] [Startup] begin close startup special windows
[  6.306s] [Startup] end close startup special windows in 429.80µs
[  6.306s] [Startup] begin FIRST_FRAME_RENDERED
[  6.306s] [Startup] Firing FIRST_FRAME_RENDERED
[  6.307s] [Startup] end FIRST_FRAME_RENDERED in 248.98µs
[  6.307s] [Startup] begin unblock hidden splash alerts
[  6.307s] [Startup] end unblock hidden splash alerts in 19.63µs
[  6.307s] [Startup] begin post-event workarounds
[  6.307s] [Startup] end post-event workarounds in 1.15µs
