
running 1 test
test patch_12_0_5_publication_sweep::patch_12_0_5_publication_sweep ... ok

test result: ok. 1 passed; 0 failed; 0 ignored; 0 measured; 10822 filtered out; finished in 4.39s

warning: iced-wgpu-patched/Cargo.toml: `lints.clippy.large-enum-variant` is deprecated in favor of `lints.clippy.large_enum_variant` and will not work in a future edition
warning: iced-wgpu-patched/Cargo.toml: `lints.clippy.map-entry` is deprecated in favor of `lints.clippy.map_entry` and will not work in a future edition
warning: iced-wgpu-patched/Cargo.toml: `lints.clippy.match-wildcard-for-single-variants` is deprecated in favor of `lints.clippy.match_wildcard_for_single_variants` and will not work in a future edition
warning: iced-wgpu-patched/Cargo.toml: `lints.clippy.redundant-closure-for-method-calls` is deprecated in favor of `lints.clippy.redundant_closure_for_method_calls` and will not work in a future edition
warning: iced-wgpu-patched/Cargo.toml: `lints.clippy.trivially-copy-pass-by-ref` is deprecated in favor of `lints.clippy.trivially_copy_pass_by_ref` and will not work in a future edition
warning: iced-wgpu-patched/Cargo.toml: `lints.clippy.type-complexity` is deprecated in favor of `lints.clippy.type_complexity` and will not work in a future edition
warning: `iced_wgpu` (manifest) generated 6 warnings
    Finished `test` profile [optimized + debuginfo] target(s) in 0.22s
     Running tests/integration.rs (target/debug/deps/integration-aef10a2b503e13d5)
[  0.000s] [Startup] WowLuaEnv::new begin
[  0.002s] [Startup] SimState::default complete in 1.95ms
[  0.002s] [Startup] rilua VM created in 102.91µs
[  0.002s] [Startup] builtin frames initialized in 65.30µs
[  0.002s] [Startup] template registry cleared in 3.85µs
[  0.002s] [Startup] intrinsic templates registered in 6.14µs
[  0.002s] [Startup] initial app_data lua handle installed in 641.00ns
[  0.164s] [Startup] init_lua_state complete in 161.43ms
[  0.164s] [Startup] final app_data lua handle installed in 361.00ns
[  0.164s] [Startup] initial screen globals installed in 119.45µs
[  0.164s] [Startup] WowLuaEnv::new complete
[  2.815s] [Startup] apply_post_load_workarounds: begin
[  2.815s] [Workarounds] starting patch_edit_mode_manager
[  2.815s] [Workarounds] finished patch_edit_mode_manager in 321.74µs
[  2.815s] [Workarounds] starting init_edit_mode_layout
[  2.815s] [EditMode] starting setup_layout_info
[  2.819s] [EditMode] finished setup_layout_info in 3.61ms
[  2.819s] [EditMode] starting apply_system_anchors
[  2.972s] [EditMode] finished apply_system_anchors in 152.60ms
[  2.972s] [EditMode] starting finalize_action_bar_positions
[  2.974s] [EditMode] finished finalize_action_bar_positions in 1.97ms
[  2.974s] [EditMode] starting invoke_anchor_changed_hooks
[  2.974s] [EditMode] finished invoke_anchor_changed_hooks in 410.47µs
[  2.974s] [EditMode] starting fix_action_bar_nan_size
[  2.974s] [EditMode] finished fix_action_bar_nan_size in 41.66µs
[  2.974s] [EditMode] starting fix_action_bar_scale
[  2.974s] [EditMode] finished fix_action_bar_scale in 4.67µs
[  2.974s] [Workarounds] finished init_edit_mode_layout in 158.67ms
[  2.974s] [Workarounds] starting patch_ui_parent_panel_toggles
[  2.974s] [Workarounds] finished patch_ui_parent_panel_toggles in 233.63µs
[  2.974s] [Workarounds] starting patch_uiparent_onupdate_worklists
[  2.974s] [Workarounds] finished patch_uiparent_onupdate_worklists in 96.64µs
[  2.974s] [Workarounds] starting init_chat_type_colors
[  2.974s] [Workarounds] finished init_chat_type_colors in 117.90µs
[  2.974s] [Workarounds] starting patch_chat_voice_button_surface
[  2.975s] [Workarounds] finished patch_chat_voice_button_surface in 124.61µs
[  2.975s] [Workarounds] starting patch_item_socketing_tooltips
[  2.975s] [Workarounds] finished patch_item_socketing_tooltips in 57.88µs
[  2.975s] [Workarounds] starting patch_character_select_selected_name
[  2.975s] [Workarounds] finished patch_character_select_selected_name in 30.51µs
[  2.975s] [Workarounds] starting patch_character_create_defaults
[  2.975s] [Workarounds] finished patch_character_create_defaults in 228.68µs
[  2.975s] [Workarounds] starting patch_character_frame_title_refresh
[  2.981s] [Workarounds] finished patch_character_frame_title_refresh in 5.92ms
[  2.981s] [Workarounds] starting patch_vignette_pin_template
[  2.981s] [Workarounds] finished patch_vignette_pin_template in 102.30µs
[  2.981s] [Workarounds] starting patch_fog_of_war_pin_mixin
[  2.981s] [Workarounds] finished patch_fog_of_war_pin_mixin in 310.90µs
[  2.981s] [Workarounds] starting patch_map_exploration_pin_mixin
[  2.987s] [Workarounds] finished patch_map_exploration_pin_mixin in 5.88ms
[  2.987s] [Workarounds] starting patch_map_canvas_data_provider_attachment
[  2.987s] [Workarounds] finished patch_map_canvas_data_provider_attachment in 63.52µs
[  2.987s] [Workarounds] starting ensure_adventure_map_frame_surface
[  2.988s] [Workarounds] finished ensure_adventure_map_frame_surface in 477.24µs
[  2.988s] [Workarounds] starting patch_action_bar_button_event_fanout
[  2.988s] [Workarounds] finished patch_action_bar_button_event_fanout in 106.14µs
[  2.988s] [Workarounds] starting patch_paging_controls_page_text
[  2.988s] [Workarounds] finished patch_paging_controls_page_text in 39.13µs
[  2.988s] [Workarounds] starting patch_talent_edge_frame_level_sync
[  2.988s] [Workarounds] finished patch_talent_edge_frame_level_sync in 30.30µs
[  2.988s] [Workarounds] starting patch_catalog_shop_product_card_defaults
[  2.988s] [Workarounds] finished patch_catalog_shop_product_card_defaults in 63.79µs
[  2.988s] [Workarounds] starting patch_game_time_defaults
[  2.988s] [Workarounds] finished patch_game_time_defaults in 7.03µs
[  2.988s] [Workarounds] starting patch_tooltip_nineslice_surface
[  2.988s] [Workarounds] finished patch_tooltip_nineslice_surface in 42.55µs
[  2.988s] [Workarounds] starting patch_container_frame_token_tracker
[  2.988s] [Workarounds] finished patch_container_frame_token_tracker in 40.82µs
[  2.988s] [Workarounds] starting patch_achievement_display_set_achievements
[  2.988s] [Workarounds] finished patch_achievement_display_set_achievements in 8.22µs
[  2.988s] [Workarounds] starting patch_housing_dashboard_preload
[  2.988s] [Workarounds] finished patch_housing_dashboard_preload in 165.24µs
[  2.988s] [Workarounds] starting patch_lfg_lock_list
[  2.988s] [Workarounds] finished patch_lfg_lock_list in 36.28µs
[  2.988s] [Workarounds] starting patch_auction_house_browse_results_event
[  2.988s] [Workarounds] finished patch_auction_house_browse_results_event in 65.26µs
[  2.988s] [Workarounds] starting patch_auction_house_search_context_aliases
[  2.988s] [Workarounds] finished patch_auction_house_search_context_aliases in 29.06µs
[  2.988s] [Workarounds] starting patch_auth_challenge_frame_parent
[  2.988s] [Workarounds] finished patch_auth_challenge_frame_parent in 70.84µs
[  2.988s] [Workarounds] starting patch_settings_surface_defaults
[  2.989s] [Workarounds] finished patch_settings_surface_defaults in 349.72µs
[  2.989s] [Workarounds] starting patch_settings_canvas_layout_visibility
[  2.989s] [Workarounds] finished patch_settings_canvas_layout_visibility in 111.10µs
[  2.989s] [Startup] apply_post_load_workarounds: workarounds complete
[  3.060s] [Startup] apply_post_load_workarounds: globals restored
[  3.061s] [Startup] apply_post_load_workarounds: patch 12.1 compatibility restored
[  3.061s] [Startup] apply_post_load_workarounds: seterrorhandler restored
[  3.214s] [Startup] begin login sequence
[  3.214s] [Startup] Firing ADDON_LOADED
[  3.214s] [Startup] Firing VARIABLES_LOADED
[  3.320s] [Startup] Firing DISPLAY_SIZE_CHANGED
[  3.371s] [Startup] Firing UI_SCALE_CHANGED
[  3.372s] [Startup] Firing PLAYER_LOGIN
[  3.372s] [Startup] end login sequence in 158.18ms
[  3.372s] [Startup] begin world enter sequence
[  3.372s] [Startup] Skipping EDIT_MODE_LAYOUTS_UPDATED
[  3.372s] [Startup] Firing TIME_PLAYED_MSG via RequestTimePlayed
[  3.372s] [Startup] Firing PLAYER_ENTERING_WORLD
[  3.646s] [EditMode] starting setup_layout_info
[  3.651s] [EditMode] finished setup_layout_info in 5.13ms
[  3.651s] [EditMode] starting apply_system_anchors
[  3.820s] [EditMode] finished apply_system_anchors in 168.88ms
[  3.820s] [EditMode] starting finalize_action_bar_positions
[  3.824s] [EditMode] finished finalize_action_bar_positions in 3.36ms
[  3.824s] [EditMode] starting invoke_anchor_changed_hooks
[  3.831s] [EditMode] finished invoke_anchor_changed_hooks in 7.69ms
[  3.831s] [EditMode] starting fix_action_bar_nan_size
[  3.831s] [EditMode] finished fix_action_bar_nan_size in 92.26µs
[  3.831s] [EditMode] starting fix_action_bar_scale
[  3.831s] [EditMode] finished fix_action_bar_scale in 5.69µs
[  3.831s] [EditMode] starting reapply_player_frame_anchor
[  3.833s] [EditMode] finished reapply_player_frame_anchor in 1.63ms
[  3.845s] [Startup] end world enter sequence in 472.70ms
[  3.845s] [Startup] begin post-login events
[  3.846s] [Startup] Firing UNIT_AURA
[  3.847s] [Startup] Firing PET_UI_UPDATE
[  3.850s] [Startup] Firing BAG_UPDATE_DELAYED
[  3.852s] [Startup] Firing QUEST_LOG_UPDATE
[  3.854s] [Startup] Firing GROUP_ROSTER_UPDATE
[  3.958s] [Startup] Firing ACTIONBAR_UPDATE_STATE
[  3.958s] [Startup] Firing ACTIONBAR_UPDATE_COOLDOWN
[  3.959s] [Startup] Firing UPDATE_BONUS_ACTIONBAR
[  3.972s] [Startup] Firing PLAYER_CAN_GLIDE_CHANGED
[  3.972s] [Startup] Firing PLAYER_IS_GLIDING_CHANGED
[  3.972s] [Startup] Firing UPDATE_BINDINGS
[  3.975s] [Startup] Firing UPDATE_CHAT_WINDOWS
[  3.978s] [Startup] Firing LFG_UPDATE_RANDOM_INFO
[  3.979s] [Startup] end post-login events in 134.14ms
[  3.979s] [Startup] begin close startup special windows
[  3.980s] [Startup] end close startup special windows in 299.79µs
[  3.980s] [Startup] begin FIRST_FRAME_RENDERED
[  3.980s] [Startup] Firing FIRST_FRAME_RENDERED
[  3.980s] [Startup] end FIRST_FRAME_RENDERED in 178.81µs
[  3.980s] [Startup] begin unblock hidden splash alerts
[  3.980s] [Startup] end unblock hidden splash alerts in 14.69µs
[  3.980s] [Startup] begin post-event workarounds
[  3.980s] [Startup] end post-event workarounds in 872.00ns
