
running 1 test
test patch_12_0_1_publication_sweep::patch_12_0_1_publication_sweep ... ok

test result: ok. 1 passed; 0 failed; 0 ignored; 0 measured; 10822 filtered out; finished in 4.85s

warning: iced-wgpu-patched/Cargo.toml: `lints.clippy.large-enum-variant` is deprecated in favor of `lints.clippy.large_enum_variant` and will not work in a future edition
warning: iced-wgpu-patched/Cargo.toml: `lints.clippy.map-entry` is deprecated in favor of `lints.clippy.map_entry` and will not work in a future edition
warning: iced-wgpu-patched/Cargo.toml: `lints.clippy.match-wildcard-for-single-variants` is deprecated in favor of `lints.clippy.match_wildcard_for_single_variants` and will not work in a future edition
warning: iced-wgpu-patched/Cargo.toml: `lints.clippy.redundant-closure-for-method-calls` is deprecated in favor of `lints.clippy.redundant_closure_for_method_calls` and will not work in a future edition
warning: iced-wgpu-patched/Cargo.toml: `lints.clippy.trivially-copy-pass-by-ref` is deprecated in favor of `lints.clippy.trivially_copy_pass_by_ref` and will not work in a future edition
warning: iced-wgpu-patched/Cargo.toml: `lints.clippy.type-complexity` is deprecated in favor of `lints.clippy.type_complexity` and will not work in a future edition
warning: `iced_wgpu` (manifest) generated 6 warnings
    Finished `test` profile [optimized + debuginfo] target(s) in 0.21s
     Running tests/integration.rs (target/debug/deps/integration-aef10a2b503e13d5)
[  0.000s] [Startup] WowLuaEnv::new begin
[  0.004s] [Startup] SimState::default complete in 3.58ms
[  0.004s] [Startup] rilua VM created in 160.56µs
[  0.004s] [Startup] builtin frames initialized in 172.77µs
[  0.004s] [Startup] template registry cleared in 9.54µs
[  0.004s] [Startup] intrinsic templates registered in 12.66µs
[  0.004s] [Startup] initial app_data lua handle installed in 1.16µs
[  0.231s] [Startup] init_lua_state complete in 227.09ms
[  0.231s] [Startup] final app_data lua handle installed in 411.00ns
[  0.231s] [Startup] initial screen globals installed in 190.10µs
[  0.231s] [Startup] WowLuaEnv::new complete
[  3.103s] [Startup] apply_post_load_workarounds: begin
[  3.103s] [Workarounds] starting patch_edit_mode_manager
[  3.103s] [Workarounds] finished patch_edit_mode_manager in 371.04µs
[  3.103s] [Workarounds] starting init_edit_mode_layout
[  3.103s] [EditMode] starting setup_layout_info
[  3.107s] [EditMode] finished setup_layout_info in 4.35ms
[  3.107s] [EditMode] starting apply_system_anchors
[  3.288s] [EditMode] finished apply_system_anchors in 180.77ms
[  3.288s] [EditMode] starting finalize_action_bar_positions
[  3.291s] [EditMode] finished finalize_action_bar_positions in 2.42ms
[  3.291s] [EditMode] starting invoke_anchor_changed_hooks
[  3.291s] [EditMode] finished invoke_anchor_changed_hooks in 545.64µs
[  3.291s] [EditMode] starting fix_action_bar_nan_size
[  3.291s] [EditMode] finished fix_action_bar_nan_size in 55.90µs
[  3.291s] [EditMode] starting fix_action_bar_scale
[  3.291s] [EditMode] finished fix_action_bar_scale in 5.84µs
[  3.291s] [Workarounds] finished init_edit_mode_layout in 188.20ms
[  3.291s] [Workarounds] starting patch_ui_parent_panel_toggles
[  3.292s] [Workarounds] finished patch_ui_parent_panel_toggles in 299.23µs
[  3.292s] [Workarounds] starting patch_uiparent_onupdate_worklists
[  3.292s] [Workarounds] finished patch_uiparent_onupdate_worklists in 134.80µs
[  3.292s] [Workarounds] starting init_chat_type_colors
[  3.292s] [Workarounds] finished init_chat_type_colors in 179.97µs
[  3.292s] [Workarounds] starting patch_chat_voice_button_surface
[  3.292s] [Workarounds] finished patch_chat_voice_button_surface in 175.21µs
[  3.292s] [Workarounds] starting patch_item_socketing_tooltips
[  3.292s] [Workarounds] finished patch_item_socketing_tooltips in 75.31µs
[  3.292s] [Workarounds] starting patch_character_select_selected_name
[  3.292s] [Workarounds] finished patch_character_select_selected_name in 38.77µs
[  3.292s] [Workarounds] starting patch_character_create_defaults
[  3.292s] [Workarounds] finished patch_character_create_defaults in 288.23µs
[  3.292s] [Workarounds] starting patch_character_frame_title_refresh
[  3.300s] [Workarounds] finished patch_character_frame_title_refresh in 7.56ms
[  3.300s] [Workarounds] starting patch_vignette_pin_template
[  3.300s] [Workarounds] finished patch_vignette_pin_template in 162.58µs
[  3.300s] [Workarounds] starting patch_fog_of_war_pin_mixin
[  3.301s] [Workarounds] finished patch_fog_of_war_pin_mixin in 387.58µs
[  3.301s] [Workarounds] starting patch_map_exploration_pin_mixin
[  3.308s] [Workarounds] finished patch_map_exploration_pin_mixin in 7.36ms
[  3.308s] [Workarounds] starting patch_map_canvas_data_provider_attachment
[  3.308s] [Workarounds] finished patch_map_canvas_data_provider_attachment in 87.26µs
[  3.308s] [Workarounds] starting ensure_adventure_map_frame_surface
[  3.309s] [Workarounds] finished ensure_adventure_map_frame_surface in 590.14µs
[  3.309s] [Workarounds] starting patch_action_bar_button_event_fanout
[  3.309s] [Workarounds] finished patch_action_bar_button_event_fanout in 138.06µs
[  3.309s] [Workarounds] starting patch_paging_controls_page_text
[  3.309s] [Workarounds] finished patch_paging_controls_page_text in 49.82µs
[  3.309s] [Workarounds] starting patch_talent_edge_frame_level_sync
[  3.309s] [Workarounds] finished patch_talent_edge_frame_level_sync in 37.97µs
[  3.309s] [Workarounds] starting patch_catalog_shop_product_card_defaults
[  3.309s] [Workarounds] finished patch_catalog_shop_product_card_defaults in 79.59µs
[  3.309s] [Workarounds] starting patch_game_time_defaults
[  3.309s] [Workarounds] finished patch_game_time_defaults in 8.62µs
[  3.309s] [Workarounds] starting patch_tooltip_nineslice_surface
[  3.309s] [Workarounds] finished patch_tooltip_nineslice_surface in 53.05µs
[  3.309s] [Workarounds] starting patch_container_frame_token_tracker
[  3.309s] [Workarounds] finished patch_container_frame_token_tracker in 49.05µs
[  3.309s] [Workarounds] starting patch_achievement_display_set_achievements
[  3.309s] [Workarounds] finished patch_achievement_display_set_achievements in 10.82µs
[  3.309s] [Workarounds] starting patch_housing_dashboard_preload
[  3.309s] [Workarounds] finished patch_housing_dashboard_preload in 208.58µs
[  3.309s] [Workarounds] starting patch_lfg_lock_list
[  3.309s] [Workarounds] finished patch_lfg_lock_list in 45.34µs
[  3.309s] [Workarounds] starting patch_auction_house_browse_results_event
[  3.309s] [Workarounds] finished patch_auction_house_browse_results_event in 80.38µs
[  3.309s] [Workarounds] starting patch_auction_house_search_context_aliases
[  3.309s] [Workarounds] finished patch_auction_house_search_context_aliases in 36.97µs
[  3.309s] [Workarounds] starting patch_auth_challenge_frame_parent
[  3.310s] [Workarounds] finished patch_auth_challenge_frame_parent in 84.04µs
[  3.310s] [Workarounds] starting patch_settings_surface_defaults
[  3.310s] [Workarounds] finished patch_settings_surface_defaults in 453.06µs
[  3.310s] [Workarounds] starting patch_settings_canvas_layout_visibility
[  3.310s] [Workarounds] finished patch_settings_canvas_layout_visibility in 136.92µs
[  3.310s] [Startup] apply_post_load_workarounds: workarounds complete
[  3.400s] [Startup] apply_post_load_workarounds: globals restored
[  3.401s] [Startup] apply_post_load_workarounds: patch 12.1 compatibility restored
[  3.401s] [Startup] apply_post_load_workarounds: seterrorhandler restored
[  3.571s] [Startup] begin login sequence
[  3.571s] [Startup] Firing ADDON_LOADED
[  3.571s] [Startup] Firing VARIABLES_LOADED
[  3.689s] [Startup] Firing DISPLAY_SIZE_CHANGED
[  3.746s] [Startup] Firing UI_SCALE_CHANGED
[  3.748s] [Startup] Firing PLAYER_LOGIN
[  3.748s] [Startup] end login sequence in 176.70ms
[  3.748s] [Startup] begin world enter sequence
[  3.748s] [Startup] Skipping EDIT_MODE_LAYOUTS_UPDATED
[  3.748s] [Startup] Firing TIME_PLAYED_MSG via RequestTimePlayed
[  3.748s] [Startup] Firing PLAYER_ENTERING_WORLD
[  4.072s] [EditMode] starting setup_layout_info
[  4.078s] [EditMode] finished setup_layout_info in 5.99ms
[  4.078s] [EditMode] starting apply_system_anchors
[  4.267s] [EditMode] finished apply_system_anchors in 188.81ms
[  4.267s] [EditMode] starting finalize_action_bar_positions
[  4.271s] [EditMode] finished finalize_action_bar_positions in 3.70ms
[  4.271s] [EditMode] starting invoke_anchor_changed_hooks
[  4.278s] [EditMode] finished invoke_anchor_changed_hooks in 7.11ms
[  4.278s] [EditMode] starting fix_action_bar_nan_size
[  4.278s] [EditMode] finished fix_action_bar_nan_size in 92.07µs
[  4.278s] [EditMode] starting fix_action_bar_scale
[  4.278s] [EditMode] finished fix_action_bar_scale in 5.33µs
[  4.278s] [EditMode] starting reapply_player_frame_anchor
[  4.280s] [EditMode] finished reapply_player_frame_anchor in 1.70ms
[  4.290s] [Startup] end world enter sequence in 541.98ms
[  4.290s] [Startup] begin post-login events
[  4.291s] [Startup] Firing UNIT_AURA
[  4.292s] [Startup] Firing PET_UI_UPDATE
[  4.294s] [Startup] Firing BAG_UPDATE_DELAYED
[  4.296s] [Startup] Firing QUEST_LOG_UPDATE
[  4.297s] [Startup] Firing GROUP_ROSTER_UPDATE
[  4.427s] [Startup] Firing ACTIONBAR_UPDATE_STATE
[  4.427s] [Startup] Firing ACTIONBAR_UPDATE_COOLDOWN
[  4.429s] [Startup] Firing UPDATE_BONUS_ACTIONBAR
[  4.445s] [Startup] Firing PLAYER_CAN_GLIDE_CHANGED
[  4.445s] [Startup] Firing PLAYER_IS_GLIDING_CHANGED
[  4.445s] [Startup] Firing UPDATE_BINDINGS
[  4.449s] [Startup] Firing UPDATE_CHAT_WINDOWS
[  4.454s] [Startup] Firing LFG_UPDATE_RANDOM_INFO
[  4.455s] [Startup] end post-login events in 165.41ms
[  4.455s] [Startup] begin close startup special windows
[  4.456s] [Startup] end close startup special windows in 390.42µs
[  4.456s] [Startup] begin FIRST_FRAME_RENDERED
[  4.456s] [Startup] Firing FIRST_FRAME_RENDERED
[  4.456s] [Startup] end FIRST_FRAME_RENDERED in 316.92µs
[  4.456s] [Startup] begin unblock hidden splash alerts
[  4.456s] [Startup] end unblock hidden splash alerts in 22.60µs
[  4.456s] [Startup] begin post-event workarounds
[  4.456s] [Startup] end post-event workarounds in 942.00ns
