
running 1 test
test patch_9_0_2_classic::patch_9_0_2_mists_members_preserved ... ok

test result: ok. 1 passed; 0 failed; 0 ignored; 0 measured; 8159 filtered out; finished in 0.36s


warning: iced-wgpu-patched/Cargo.toml: `lints.clippy.large-enum-variant` is deprecated in favor of `lints.clippy.large_enum_variant` and will not work in a future edition
warning: iced-wgpu-patched/Cargo.toml: `lints.clippy.map-entry` is deprecated in favor of `lints.clippy.map_entry` and will not work in a future edition
warning: iced-wgpu-patched/Cargo.toml: `lints.clippy.match-wildcard-for-single-variants` is deprecated in favor of `lints.clippy.match_wildcard_for_single_variants` and will not work in a future edition
warning: iced-wgpu-patched/Cargo.toml: `lints.clippy.redundant-closure-for-method-calls` is deprecated in favor of `lints.clippy.redundant_closure_for_method_calls` and will not work in a future edition
warning: iced-wgpu-patched/Cargo.toml: `lints.clippy.trivially-copy-pass-by-ref` is deprecated in favor of `lints.clippy.trivially_copy_pass_by_ref` and will not work in a future edition
warning: iced-wgpu-patched/Cargo.toml: `lints.clippy.type-complexity` is deprecated in favor of `lints.clippy.type_complexity` and will not work in a future edition
warning: `iced_wgpu` (manifest) generated 6 warnings
   Compiling wow-ui-sim v0.1.0 (/home/osso/.worktrees/wow-ui-sim-p902-page)
    Finished `test` profile [optimized + debuginfo] target(s) in 6m 03s
     Running tests/integration.rs (target/debug/deps/integration-ffd649b41b2c85a7)
[  0.000s] [Startup] WowLuaEnv::new begin
[  0.005s] [Startup] SimState::default complete in 4.63ms
[  0.005s] [Startup] rilua VM created in 253.52µs
[  0.005s] [Startup] builtin frames initialized in 152.79µs
[  0.005s] [Startup] template registry cleared in 15.09µs
[  0.008s] [Startup] intrinsic templates registered in 2.62ms
[  0.008s] [Startup] initial app_data lua handle installed in 1.45µs
[  0.350s] [Startup] init_lua_state complete in 342.45ms
[  0.350s] [Startup] final app_data lua handle installed in 661.00ns
[  0.350s] [Startup] initial screen globals installed in 204.58µs
[  0.350s] [Startup] WowLuaEnv::new complete
