
running 1 test
test patch_9_0_2_retirements::patch_9_0_2_unused_members_stay_absent ... ok

test result: ok. 1 passed; 0 failed; 0 ignored; 0 measured; 10811 filtered out; finished in 0.80s


warning: iced-wgpu-patched/Cargo.toml: `lints.clippy.large-enum-variant` is deprecated in favor of `lints.clippy.large_enum_variant` and will not work in a future edition
warning: iced-wgpu-patched/Cargo.toml: `lints.clippy.map-entry` is deprecated in favor of `lints.clippy.map_entry` and will not work in a future edition
warning: iced-wgpu-patched/Cargo.toml: `lints.clippy.match-wildcard-for-single-variants` is deprecated in favor of `lints.clippy.match_wildcard_for_single_variants` and will not work in a future edition
warning: iced-wgpu-patched/Cargo.toml: `lints.clippy.redundant-closure-for-method-calls` is deprecated in favor of `lints.clippy.redundant_closure_for_method_calls` and will not work in a future edition
warning: iced-wgpu-patched/Cargo.toml: `lints.clippy.trivially-copy-pass-by-ref` is deprecated in favor of `lints.clippy.trivially_copy_pass_by_ref` and will not work in a future edition
warning: iced-wgpu-patched/Cargo.toml: `lints.clippy.type-complexity` is deprecated in favor of `lints.clippy.type_complexity` and will not work in a future edition
warning: `iced_wgpu` (manifest) generated 6 warnings
   Compiling wow-ui-sim v0.1.0 (/home/osso/.worktrees/wow-ui-sim-p902-page)
    Finished `test` profile [optimized + debuginfo] target(s) in 43.20s
     Running tests/integration.rs (target/debug/deps/integration-aef10a2b503e13d5)
[  0.000s] [Startup] WowLuaEnv::new begin
[  0.011s] [Startup] SimState::default complete in 11.22ms
[  0.012s] [Startup] rilua VM created in 603.51µs
[  0.012s] [Startup] builtin frames initialized in 372.43µs
[  0.013s] [Startup] template registry cleared in 24.43µs
[  0.013s] [Startup] intrinsic templates registered in 27.39µs
[  0.013s] [Startup] initial app_data lua handle installed in 1.42µs
[  0.766s] [Startup] init_lua_state complete in 753.85ms
[  0.766s] [Startup] final app_data lua handle installed in 972.00ns
[  0.767s] [Startup] initial screen globals installed in 592.70µs
[  0.767s] [Startup] WowLuaEnv::new complete
