running 1 tests
test patch_9_0_2_publication_sweep::patch_9_0_2_publication_sweep ... FAILED (panic: assertion `left == right` failed: new gaps: ["wt-events-GOSSIP_OPTIONS_REFRESHED-107"]; resolved/stale gaps: []
  left: {"wt-events-GOSSIP_OPTIONS_REFRESHED-107", "wt-global-api-C_CovenantSanctumUI.CanAccessReservoir-25", "wt-global-api-C_CovenantSanctumUI.GetRenownLevels-28", "wt-global-api-C_Garrison.GetAutoMissionEnvironmentEffect-30", "wt-global-api-C_Garrison.HasAdventures-32", "wt-global-api-C_Garrison.RushHealAllFollowers-33", "wt-global-api-C_GossipInfo.RefreshOptions-34", "wt-global-api-C_Item.IsAnimaItemByID-35", "wt-global-api-C_Item.IsItemConduit-36", "wt-global-api-C_ScenarioInfo.GetJailersTowerTypeString-38", "wt-global-api-C_Soulbinds.CanSwitchActiveSoulbindTreeBranch-39", "wt-global-api-C_Soulbinds.FindNodeIDActuallyInstalled-40", "wt-global-api-C_Soulbinds.FindNodeIDAppearingInstalled-41", "wt-global-api-C_Soulbinds.FindNodeIDPendingInstall-42", "wt-global-api-C_Soulbinds.FindNodeIDPendingUninstall-43", "wt-global-api-C_Soulbinds.GetConduitCollectionCount-46", "wt-global-api-C_Soulbinds.GetConduitCollectionDataByVirtualID-47", "wt-global-api-C_Soulbinds.GetConduitDisplayed-48", "wt-global-api-C_Soulbinds.GetConduitIDPendingInstall-49", "wt-global-api-C_Soulbinds.GetInstalledConduitID-51", "wt-global-api-C_Soulbinds.IsNodePendingModify-54", "wt-global-api-C_Soulbinds.MatchesCurrentSpecSet-72", "wt-global-api-C_Soulbinds.ModifyNode-55", "wt-global-api-C_Soulbinds.UnmodifyNode-56", "wt-global-api-C_SpecializationInfo.MatchesCurrentSpecSet-58", "wt-global-api-IsJailersTowerLayerTimeLocked-63", "wt-widgets-PlayerModel:ZeroCachedCenterXY-91"}
 right: {"wt-global-api-C_CovenantSanctumUI.CanAccessReservoir-25", "wt-global-api-C_CovenantSanctumUI.GetRenownLevels-28", "wt-global-api-C_Garrison.GetAutoMissionEnvironmentEffect-30", "wt-global-api-C_Garrison.HasAdventures-32", "wt-global-api-C_Garrison.RushHealAllFollowers-33", "wt-global-api-C_GossipInfo.RefreshOptions-34", "wt-global-api-C_Item.IsAnimaItemByID-35", "wt-global-api-C_Item.IsItemConduit-36", "wt-global-api-C_ScenarioInfo.GetJailersTowerTypeString-38", "wt-global-api-C_Soulbinds.CanSwitchActiveSoulbindTreeBranch-39", "wt-global-api-C_Soulbinds.FindNodeIDActuallyInstalled-40", "wt-global-api-C_Soulbinds.FindNodeIDAppearingInstalled-41", "wt-global-api-C_Soulbinds.FindNodeIDPendingInstall-42", "wt-global-api-C_Soulbinds.FindNodeIDPendingUninstall-43", "wt-global-api-C_Soulbinds.GetConduitCollectionCount-46", "wt-global-api-C_Soulbinds.GetConduitCollectionDataByVirtualID-47", "wt-global-api-C_Soulbinds.GetConduitDisplayed-48", "wt-global-api-C_Soulbinds.GetConduitIDPendingInstall-49", "wt-global-api-C_Soulbinds.GetInstalledConduitID-51", "wt-global-api-C_Soulbinds.IsNodePendingModify-54", "wt-global-api-C_Soulbinds.MatchesCurrentSpecSet-72", "wt-global-api-C_Soulbinds.ModifyNode-55", "wt-global-api-C_Soulbinds.UnmodifyNode-56", "wt-global-api-C_SpecializationInfo.MatchesCurrentSpecSet-58", "wt-global-api-IsJailersTowerLayerTimeLocked-63", "wt-widgets-PlayerModel:ZeroCachedCenterXY-91"})
---- patch_9_0_2_publication_sweep::patch_9_0_2_publication_sweep stderr ----

thread 'main' (872019) panicked at /home/osso/.worktrees/wow-ui-sim-p902-page/tests/common/publication_sweep.rs:503:5:
assertion `left == right` failed: new gaps: ["wt-events-GOSSIP_OPTIONS_REFRESHED-107"]; resolved/stale gaps: []
  left: {"wt-events-GOSSIP_OPTIONS_REFRESHED-107", "wt-global-api-C_CovenantSanctumUI.CanAccessReservoir-25", "wt-global-api-C_CovenantSanctumUI.GetRenownLevels-28", "wt-global-api-C_Garrison.GetAutoMissionEnvironmentEffect-30", "wt-global-api-C_Garrison.HasAdventures-32", "wt-global-api-C_Garrison.RushHealAllFollowers-33", "wt-global-api-C_GossipInfo.RefreshOptions-34", "wt-global-api-C_Item.IsAnimaItemByID-35", "wt-global-api-C_Item.IsItemConduit-36", "wt-global-api-C_ScenarioInfo.GetJailersTowerTypeString-38", "wt-global-api-C_Soulbinds.CanSwitchActiveSoulbindTreeBranch-39", "wt-global-api-C_Soulbinds.FindNodeIDActuallyInstalled-40", "wt-global-api-C_Soulbinds.FindNodeIDAppearingInstalled-41", "wt-global-api-C_Soulbinds.FindNodeIDPendingInstall-42", "wt-global-api-C_Soulbinds.FindNodeIDPendingUninstall-43", "wt-global-api-C_Soulbinds.GetConduitCollectionCount-46", "wt-global-api-C_Soulbinds.GetConduitCollectionDataByVirtualID-47", "wt-global-api-C_Soulbinds.GetConduitDisplayed-48", "wt-global-api-C_Soulbinds.GetConduitIDPendingInstall-49", "wt-global-api-C_Soulbinds.GetInstalledConduitID-51", "wt-global-api-C_Soulbinds.IsNodePendingModify-54", "wt-global-api-C_Soulbinds.MatchesCurrentSpecSet-72", "wt-global-api-C_Soulbinds.ModifyNode-55", "wt-global-api-C_Soulbinds.UnmodifyNode-56", "wt-global-api-C_SpecializationInfo.MatchesCurrentSpecSet-58", "wt-global-api-IsJailersTowerLayerTimeLocked-63", "wt-widgets-PlayerModel:ZeroCachedCenterXY-91"}
 right: {"wt-global-api-C_CovenantSanctumUI.CanAccessReservoir-25", "wt-global-api-C_CovenantSanctumUI.GetRenownLevels-28", "wt-global-api-C_Garrison.GetAutoMissionEnvironmentEffect-30", "wt-global-api-C_Garrison.HasAdventures-32", "wt-global-api-C_Garrison.RushHealAllFollowers-33", "wt-global-api-C_GossipInfo.RefreshOptions-34", "wt-global-api-C_Item.IsAnimaItemByID-35", "wt-global-api-C_Item.IsItemConduit-36", "wt-global-api-C_ScenarioInfo.GetJailersTowerTypeString-38", "wt-global-api-C_Soulbinds.CanSwitchActiveSoulbindTreeBranch-39", "wt-global-api-C_Soulbinds.FindNodeIDActuallyInstalled-40", "wt-global-api-C_Soulbinds.FindNodeIDAppearingInstalled-41", "wt-global-api-C_Soulbinds.FindNodeIDPendingInstall-42", "wt-global-api-C_Soulbinds.FindNodeIDPendingUninstall-43", "wt-global-api-C_Soulbinds.GetConduitCollectionCount-46", "wt-global-api-C_Soulbinds.GetConduitCollectionDataByVirtualID-47", "wt-global-api-C_Soulbinds.GetConduitDisplayed-48", "wt-global-api-C_Soulbinds.GetConduitIDPendingInstall-49", "wt-global-api-C_Soulbinds.GetInstalledConduitID-51", "wt-global-api-C_Soulbinds.IsNodePendingModify-54", "wt-global-api-C_Soulbinds.MatchesCurrentSpecSet-72", "wt-global-api-C_Soulbinds.ModifyNode-55", "wt-global-api-C_Soulbinds.UnmodifyNode-56", "wt-global-api-C_SpecializationInfo.MatchesCurrentSpecSet-58", "wt-global-api-IsJailersTowerLayerTimeLocked-63", "wt-widgets-PlayerModel:ZeroCachedCenterXY-91"}
note: run with `RUST_BACKTRACE=1` environment variable to display a backtrace

test result: FAILED. 0 passed; 1 failed; 1 total

warning: iced-wgpu-patched/Cargo.toml: `lints.clippy.large-enum-variant` is deprecated in favor of `lints.clippy.large_enum_variant` and will not work in a future edition
warning: iced-wgpu-patched/Cargo.toml: `lints.clippy.map-entry` is deprecated in favor of `lints.clippy.map_entry` and will not work in a future edition
warning: iced-wgpu-patched/Cargo.toml: `lints.clippy.match-wildcard-for-single-variants` is deprecated in favor of `lints.clippy.match_wildcard_for_single_variants` and will not work in a future edition
warning: iced-wgpu-patched/Cargo.toml: `lints.clippy.redundant-closure-for-method-calls` is deprecated in favor of `lints.clippy.redundant_closure_for_method_calls` and will not work in a future edition
warning: iced-wgpu-patched/Cargo.toml: `lints.clippy.trivially-copy-pass-by-ref` is deprecated in favor of `lints.clippy.trivially_copy_pass_by_ref` and will not work in a future edition
warning: iced-wgpu-patched/Cargo.toml: `lints.clippy.type-complexity` is deprecated in favor of `lints.clippy.type_complexity` and will not work in a future edition
warning: `iced_wgpu` (manifest) generated 6 warnings
    Finished `test` profile [optimized + debuginfo] target(s) in 0.33s
     Running tests/prefork_full_ui.rs (target/debug/deps/prefork_full_ui-34a818a91c447c36)
[  0.000s] [Startup] WowLuaEnv::new begin
[  0.004s] [Startup] SimState::default complete in 3.51ms
[  0.004s] [Startup] rilua VM created in 191.94µs
[  0.004s] [Startup] builtin frames initialized in 124.24µs
[  0.004s] [Startup] template registry cleared in 8.55µs
[  0.004s] [Startup] intrinsic templates registered in 10.27µs
[  0.004s] [Startup] initial app_data lua handle installed in 862.00ns
[  0.225s] [Startup] init_lua_state complete in 220.75ms
[  0.225s] [Startup] final app_data lua handle installed in 291.00ns
[  0.225s] [Startup] initial screen globals installed in 157.60µs
[  0.225s] [Startup] WowLuaEnv::new complete
[  4.380s] [Startup] apply_post_load_workarounds: begin
[  4.380s] [Workarounds] starting patch_edit_mode_manager
[  4.381s] [Workarounds] finished patch_edit_mode_manager in 643.72µs
[  4.381s] [Workarounds] starting init_edit_mode_layout
[  4.381s] [EditMode] starting setup_layout_info
[  4.387s] [EditMode] finished setup_layout_info in 6.29ms
[  4.387s] [EditMode] starting apply_system_anchors
[  4.632s] [EditMode] finished apply_system_anchors in 244.73ms
[  4.632s] [EditMode] starting finalize_action_bar_positions
[  4.635s] [EditMode] finished finalize_action_bar_positions in 3.26ms
[  4.635s] [EditMode] starting invoke_anchor_changed_hooks
[  4.636s] [EditMode] finished invoke_anchor_changed_hooks in 756.79µs
[  4.636s] [EditMode] starting fix_action_bar_nan_size
[  4.636s] [EditMode] finished fix_action_bar_nan_size in 72.10µs
[  4.636s] [EditMode] starting fix_action_bar_scale
[  4.636s] [EditMode] finished fix_action_bar_scale in 9.72µs
[  4.636s] [Workarounds] finished init_edit_mode_layout in 255.17ms
[  4.636s] [Workarounds] starting patch_ui_parent_panel_toggles
[  4.636s] [Workarounds] finished patch_ui_parent_panel_toggles in 410.55µs
[  4.636s] [Workarounds] starting patch_uiparent_onupdate_worklists
[  4.637s] [Workarounds] finished patch_uiparent_onupdate_worklists in 167.91µs
[  4.637s] [Workarounds] starting init_chat_type_colors
[  4.637s] [Workarounds] finished init_chat_type_colors in 218.00µs
[  4.637s] [Workarounds] starting patch_chat_voice_button_surface
[  4.637s] [Workarounds] finished patch_chat_voice_button_surface in 209.59µs
[  4.637s] [Workarounds] starting patch_item_socketing_tooltips
[  4.637s] [Workarounds] finished patch_item_socketing_tooltips in 101.14µs
[  4.637s] [Workarounds] starting patch_character_select_selected_name
[  4.637s] [Workarounds] finished patch_character_select_selected_name in 52.08µs
[  4.637s] [Workarounds] starting patch_character_create_defaults
[  4.638s] [Workarounds] finished patch_character_create_defaults in 401.51µs
[  4.638s] [Workarounds] starting patch_character_frame_title_refresh
[  4.647s] [Workarounds] finished patch_character_frame_title_refresh in 9.82ms
[  4.647s] [Workarounds] starting patch_vignette_pin_template
[  4.648s] [Workarounds] finished patch_vignette_pin_template in 150.36µs
[  4.648s] [Workarounds] starting patch_fog_of_war_pin_mixin
[  4.648s] [Workarounds] finished patch_fog_of_war_pin_mixin in 463.37µs
[  4.648s] [Workarounds] starting patch_map_exploration_pin_mixin
[  4.658s] [Workarounds] finished patch_map_exploration_pin_mixin in 9.49ms
[  4.658s] [Workarounds] starting patch_map_canvas_data_provider_attachment
[  4.658s] [Workarounds] finished patch_map_canvas_data_provider_attachment in 115.35µs
[  4.658s] [Workarounds] starting ensure_adventure_map_frame_surface
[  4.659s] [Workarounds] finished ensure_adventure_map_frame_surface in 827.14µs
[  4.659s] [Workarounds] starting patch_action_bar_button_event_fanout
[  4.659s] [Workarounds] finished patch_action_bar_button_event_fanout in 177.37µs
[  4.659s] [Workarounds] starting patch_paging_controls_page_text
[  4.659s] [Workarounds] finished patch_paging_controls_page_text in 68.24µs
[  4.659s] [Workarounds] starting patch_talent_edge_frame_level_sync
[  4.659s] [Workarounds] finished patch_talent_edge_frame_level_sync in 52.50µs
[  4.659s] [Workarounds] starting patch_catalog_shop_product_card_defaults
[  4.659s] [Workarounds] finished patch_catalog_shop_product_card_defaults in 105.75µs
[  4.659s] [Workarounds] starting patch_game_time_defaults
[  4.659s] [Workarounds] finished patch_game_time_defaults in 12.17µs
[  4.659s] [Workarounds] starting patch_tooltip_nineslice_surface
[  4.659s] [Workarounds] finished patch_tooltip_nineslice_surface in 74.63µs
[  4.659s] [Workarounds] starting patch_container_frame_token_tracker
[  4.659s] [Workarounds] finished patch_container_frame_token_tracker in 70.70µs
[  4.659s] [Workarounds] starting patch_achievement_display_set_achievements
[  4.659s] [Workarounds] finished patch_achievement_display_set_achievements in 13.96µs
[  4.659s] [Workarounds] starting patch_housing_dashboard_preload
[  4.659s] [Workarounds] finished patch_housing_dashboard_preload in 284.82µs
[  4.659s] [Workarounds] starting patch_lfg_lock_list
[  4.659s] [Workarounds] finished patch_lfg_lock_list in 74.03µs
[  4.659s] [Workarounds] starting patch_auction_house_browse_results_event
[  4.660s] [Workarounds] finished patch_auction_house_browse_results_event in 109.89µs
[  4.660s] [Workarounds] starting patch_auction_house_search_context_aliases
[  4.660s] [Workarounds] finished patch_auction_house_search_context_aliases in 48.32µs
[  4.660s] [Workarounds] starting patch_auth_challenge_frame_parent
[  4.660s] [Workarounds] finished patch_auth_challenge_frame_parent in 121.55µs
[  4.660s] [Workarounds] starting patch_settings_surface_defaults
[  4.660s] [Workarounds] finished patch_settings_surface_defaults in 583.15µs
[  4.660s] [Workarounds] starting patch_settings_canvas_layout_visibility
[  4.661s] [Workarounds] finished patch_settings_canvas_layout_visibility in 198.18µs
[  4.661s] [Startup] apply_post_load_workarounds: workarounds complete
[  4.765s] [Startup] apply_post_load_workarounds: globals restored
[  4.765s] [Startup] apply_post_load_workarounds: patch 12.1 compatibility restored
[  4.765s] [Startup] apply_post_load_workarounds: seterrorhandler restored
[  4.937s] [Startup] begin login sequence
[  4.937s] [Startup] Firing ADDON_LOADED
[  4.938s] [Startup] Firing VARIABLES_LOADED
[  5.092s] [Startup] Firing DISPLAY_SIZE_CHANGED
[  5.148s] [Startup] Firing UI_SCALE_CHANGED
[  5.149s] [Startup] Firing PLAYER_LOGIN
[  5.149s] [Startup] end login sequence in 212.00ms
[  5.149s] [Startup] begin world enter sequence
[  5.149s] [Startup] Skipping EDIT_MODE_LAYOUTS_UPDATED
[  5.149s] [Startup] Firing TIME_PLAYED_MSG via RequestTimePlayed
[  5.149s] [Startup] Firing PLAYER_ENTERING_WORLD
[  5.536s] [EditMode] starting setup_layout_info
[  5.542s] [EditMode] finished setup_layout_info in 6.14ms
[  5.542s] [EditMode] starting apply_system_anchors
[  5.770s] [EditMode] finished apply_system_anchors in 227.88ms
[  5.770s] [EditMode] starting finalize_action_bar_positions
[  5.773s] [EditMode] finished finalize_action_bar_positions in 3.64ms
[  5.773s] [EditMode] starting invoke_anchor_changed_hooks
[  5.781s] [EditMode] finished invoke_anchor_changed_hooks in 7.80ms
[  5.781s] [EditMode] starting fix_action_bar_nan_size
[  5.781s] [EditMode] finished fix_action_bar_nan_size in 105.74µs
[  5.781s] [EditMode] starting fix_action_bar_scale
[  5.781s] [EditMode] finished fix_action_bar_scale in 8.25µs
[  5.781s] [EditMode] starting reapply_player_frame_anchor
[  5.784s] [EditMode] finished reapply_player_frame_anchor in 2.25ms
[  5.799s] [Startup] end world enter sequence in 649.44ms
[  5.799s] [Startup] begin post-login events
[  5.801s] [Startup] Firing UNIT_AURA
[  5.802s] [Startup] Firing PET_UI_UPDATE
[  5.805s] [Startup] Firing BAG_UPDATE_DELAYED
[  5.808s] [Startup] Firing QUEST_LOG_UPDATE
[  5.810s] [Startup] Firing GROUP_ROSTER_UPDATE
[  5.970s] [Startup] Firing ACTIONBAR_UPDATE_STATE
[  5.970s] [Startup] Firing ACTIONBAR_UPDATE_COOLDOWN
[  5.972s] [Startup] Firing UPDATE_BONUS_ACTIONBAR
[  5.992s] [Startup] Firing PLAYER_CAN_GLIDE_CHANGED
[  5.992s] [Startup] Firing PLAYER_IS_GLIDING_CHANGED
[  5.993s] [Startup] Firing UPDATE_BINDINGS
[  5.999s] [Startup] Firing UPDATE_CHAT_WINDOWS
[  6.004s] [Startup] Firing LFG_UPDATE_RANDOM_INFO
[  6.006s] [Startup] end post-login events in 206.84ms
[  6.006s] [Startup] begin close startup special windows
[  6.006s] [Startup] end close startup special windows in 538.53µs
[  6.006s] [Startup] begin FIRST_FRAME_RENDERED
[  6.006s] [Startup] Firing FIRST_FRAME_RENDERED
[  6.007s] [Startup] end FIRST_FRAME_RENDERED in 339.68µs
[  6.007s] [Startup] begin unblock hidden splash alerts
[  6.007s] [Startup] end unblock hidden splash alerts in 27.77µs
[  6.007s] [Startup] begin post-event workarounds
[  6.007s] [Startup] end post-event workarounds in 1.52µs
error: test failed, to rerun pass `--test prefork_full_ui`

Caused by:
  process didn't exit successfully: `/home/osso/.worktrees/wow-ui-sim-p902-page/target/debug/deps/prefork_full_ui-34a818a91c447c36 patch_9_0_2_publication_sweep` (exit status: 1)
