
running 1 test
test record_exact_inventory_factory_observations ... FAILED

failures:

failures:
    record_exact_inventory_factory_observations

test result: FAILED. 0 passed; 1 failed; 0 ignored; 0 measured; 1 filtered out; finished in 0.21s

warning: iced-wgpu-patched/Cargo.toml: `lints.clippy.large-enum-variant` is deprecated in favor of `lints.clippy.large_enum_variant` and will not work in a future edition
warning: iced-wgpu-patched/Cargo.toml: `lints.clippy.map-entry` is deprecated in favor of `lints.clippy.map_entry` and will not work in a future edition
warning: iced-wgpu-patched/Cargo.toml: `lints.clippy.match-wildcard-for-single-variants` is deprecated in favor of `lints.clippy.match_wildcard_for_single_variants` and will not work in a future edition
warning: iced-wgpu-patched/Cargo.toml: `lints.clippy.redundant-closure-for-method-calls` is deprecated in favor of `lints.clippy.redundant_closure_for_method_calls` and will not work in a future edition
warning: iced-wgpu-patched/Cargo.toml: `lints.clippy.trivially-copy-pass-by-ref` is deprecated in favor of `lints.clippy.trivially_copy_pass_by_ref` and will not work in a future edition
warning: iced-wgpu-patched/Cargo.toml: `lints.clippy.type-complexity` is deprecated in favor of `lints.clippy.type_complexity` and will not work in a future edition
warning: `iced_wgpu` (manifest) generated 6 warnings
warning: constant `PROVENANCE_SCHEMA` is never used
  --> src/blizzard_ui_sync.rs:28:7
   |
28 | const PROVENANCE_SCHEMA: &str = "1";
   |       ^^^^^^^^^^^^^^^^^
   |
   = note: `#[warn(dead_code)]` (part of `#[warn(unused)]`) on by default

warning: associated function `new` is never used
   --> src/blizzard_ui_sync.rs:180:8
    |
179 | impl CacheProvenance {
    | -------------------- associated function in this implementation
180 |     fn new(
    |        ^^^

warning: function `remove_missing_marker` is never used
   --> src/blizzard_ui_sync.rs:663:4
    |
663 | fn remove_missing_marker(path: &Path) {
    |    ^^^^^^^^^^^^^^^^^^^^^

warning: function `ensure_known_asset_cached` is never used
  --> src/casc_asset_fallback.rs:93:15
   |
93 | pub(crate) fn ensure_known_asset_cached(_path: &str, _out_path: &Path) -> Option<PathBuf> {
   |               ^^^^^^^^^^^^^^^^^^^^^^^^^

warning: field `encoding_key_hex` is never read
  --> src/render/font.rs:44:5
   |
41 | struct WowFontFile {
   |        ----------- field in this struct
...
44 |     encoding_key_hex: Option<&'static str>,
   |     ^^^^^^^^^^^^^^^^

warning: methods `cooldown_elapsed_since_start` and `cooldown_remaining_seconds` are never used
   --> src/widget/frame.rs:601:19
    |
600 | impl Frame {
    | ---------- methods in this implementation
601 |     pub(crate) fn cooldown_elapsed_since_start(&self, elapsed_secs: f64) -> f64 {
    |                   ^^^^^^^^^^^^^^^^^^^^^^^^^^^^
...
610 |     pub(crate) fn cooldown_remaining_seconds(&self, elapsed_secs: f64) -> Option<f64> {
    |                   ^^^^^^^^^^^^^^^^^^^^^^^^^^

warning: `wow-ui-sim` (lib) generated 6 warnings
warning: unused import: `wow_ui_sim::saved_variables::SavedVariablesManager`
  --> src/bin/wow_sim/main.rs:20:5
   |
20 | use wow_ui_sim::saved_variables::SavedVariablesManager;
   |     ^^^^^^^^^^^^^^^^^^^^^^^^^^^^^^^^^^^^^^^^^^^^^^^^^^
   |
   = note: `#[warn(unused_imports)]` (part of `#[warn(unused)]`) on by default

warning: `wow-ui-sim` (bin "wow-sim") generated 1 warning (run `cargo fix --bin "wow-sim" -p wow-ui-sim` to apply 1 suggestion)
   Compiling wow-ui-sim v0.1.0 (/home/osso/.worktrees/wow-ui-sim-p1143-page)
warning: struct `SweepSpec` is never constructed
  --> patch-tests/../tests/common/publication_sweep.rs:11:19
   |
11 | pub(crate) struct SweepSpec {
   |                   ^^^^^^^^^
   |
   = note: `#[warn(dead_code)]` (part of `#[warn(unused)]`) on by default

warning: enum `ClientLine` is never used
  --> patch-tests/../tests/common/publication_sweep.rs:25:6
   |
25 | enum ClientLine {
   |      ^^^^^^^^^^

warning: method `matches_profile` is never used
  --> patch-tests/../tests/common/publication_sweep.rs:34:8
   |
33 | impl ClientLine {
   | --------------- method in this implementation
34 |     fn matches_profile(self, profile: wow_ui_sim::client_profile::ClientProfile) -> bool {
   |        ^^^^^^^^^^^^^^^

warning: struct `Register` is never constructed
  --> patch-tests/../tests/common/publication_sweep.rs:50:8
   |
50 | struct Register {
   |        ^^^^^^^^

warning: struct `Expectation` is never constructed
  --> patch-tests/../tests/common/publication_sweep.rs:69:8
   |
69 | struct Expectation<'a> {
   |        ^^^^^^^^^^^

warning: function `classify_entry` is never used
   --> patch-tests/../tests/common/publication_sweep.rs:328:4
    |
328 | fn classify_entry(
    |    ^^^^^^^^^^^^^^

warning: function `parse_register` is never used
   --> patch-tests/../tests/common/publication_sweep.rs:363:4
    |
363 | fn parse_register(source: &str, row_count: Option<usize>) -> Register {
    |    ^^^^^^^^^^^^^^

warning: function `read_register` is never used
   --> patch-tests/../tests/common/publication_sweep.rs:393:4
    |
393 | fn read_register(spec: &SweepSpec) -> Register {
    |    ^^^^^^^^^^^^^

warning: function `later_publication` is never used
   --> patch-tests/../tests/common/publication_sweep.rs:404:4
    |
404 | fn later_publication(spec: &SweepSpec, client_line: ClientLine) -> BTreeMap<String, Entry> {
    |    ^^^^^^^^^^^^^^^^^

warning: function `expectation_for` is never used
   --> patch-tests/../tests/common/publication_sweep.rs:420:4
    |
420 | fn expectation_for<'a>(entry: &Entry, later: &'a BTreeMap<String, Entry>) -> Expectation<'a> {
    |    ^^^^^^^^^^^^^^^

warning: function `write_results_if_requested` is never used
   --> patch-tests/../tests/common/publication_sweep.rs:434:4
    |
434 | fn write_results_if_requested(out_env: &str, results: &BTreeMap<String, Value>) {
    |    ^^^^^^^^^^^^^^^^^^^^^^^^^^

warning: function `read_deprecated_aliases` is never used
   --> patch-tests/../tests/common/publication_sweep.rs:445:15
    |
445 | pub(crate) fn read_deprecated_aliases(env: &WowLuaEnv) -> BTreeMap<String, (String, String)> {
    |               ^^^^^^^^^^^^^^^^^^^^^^^

warning: function `addon_is_loaded` is never used
   --> patch-tests/../tests/common/publication_sweep.rs:474:4
    |
474 | fn addon_is_loaded(env: &WowLuaEnv, name: &str) -> bool {
    |    ^^^^^^^^^^^^^^^

warning: function `read_sorted_dir` is never used
   --> patch-tests/../tests/common/publication_sweep.rs:479:4
    |
479 | fn read_sorted_dir(dir: &std::path::Path) -> Vec<std::path::PathBuf> {
    |    ^^^^^^^^^^^^^^^

warning: function `deprecation_files` is never used
   --> patch-tests/../tests/common/publication_sweep.rs:488:4
    |
488 | fn deprecation_files(dir: &std::path::Path) -> Vec<std::path::PathBuf> {
    |    ^^^^^^^^^^^^^^^^^

warning: function `parse_deprecated_alias` is never used
   --> patch-tests/../tests/common/publication_sweep.rs:505:4
    |
505 | fn parse_deprecated_alias(line: &str, source: &str) -> Option<(String, (String, String))> {
    |    ^^^^^^^^^^^^^^^^^^^^^^

warning: function `run_publication_sweep` is never used
   --> patch-tests/../tests/common/publication_sweep.rs:530:15
    |
530 | pub(crate) fn run_publication_sweep(env: &WowLuaEnv, spec: &SweepSpec) {
    |               ^^^^^^^^^^^^^^^^^^^^^

warning: function `run_sweep` is never used
   --> patch-tests/../tests/common/publication_sweep.rs:540:4
    |
540 | fn run_sweep(
    |    ^^^^^^^^^

warning: `wow-ui-sim` (test "patch_1_14_3_factory") generated 18 warnings
    Finished `test` profile [optimized + debuginfo] target(s) in 0.69s
     Running patch-tests/patch_1_14_3_factory.rs (target/debug/deps/patch_1_14_3_factory-3a3f508211d46ac9)
[  0.000s] [Startup] WowLuaEnv::new begin
[  0.002s] [Startup] SimState::default complete in 2.21ms
[  0.002s] [Startup] rilua VM created in 86.32µs
[  0.002s] [Startup] builtin frames initialized in 54.44µs
[  0.002s] [Startup] template registry cleared in 4.82µs
[  0.002s] [Startup] intrinsic templates registered in 6.68µs
[  0.002s] [Startup] initial app_data lua handle installed in 441.00ns
[  0.093s] [Startup] init_lua_state complete in 90.96ms
[  0.093s] [Startup] final app_data lua handle installed in 171.00ns
[  0.093s] [Startup] initial screen globals installed in 50.14µs
[  0.093s] [Startup] WowLuaEnv::new complete

thread 'record_exact_inventory_factory_observations' (3345267) panicked at patch-tests/patch_1_14_3_factory.rs:99:5:
assertion `left == right` failed: current strict mismatches, not native gaps
  left: ["wt-cvars-RAIDParticulatesEnabled-462", "wt-cvars-RAIDVolumeFog-464", "wt-cvars-RAIDVolumeFogLevel-463", "wt-cvars-particulatesEnabled-461", "wt-cvars-volumeFog-467", "wt-cvars-volumeFogInterior-465", "wt-cvars-volumeFogLevel-466", "wt-global-api-C_AzeriteEmpoweredItem.CanSelectPower-18", "wt-global-api-C_AzeriteEmpoweredItem.GetAllTierInfo-22", "wt-global-api-C_AzeriteEmpoweredItem.GetAllTierInfoByItemID-21", "wt-global-api-C_AzeriteEmpoweredItem.GetPowerInfo-24", "wt-global-api-C_AzeriteEmpoweredItem.GetSpecsForPower-26", "wt-global-api-C_AzeriteEmpoweredItem.HasAnyUnselectedPowers-27", "wt-global-api-C_AzeriteEmpoweredItem.HasBeenViewed-28", "wt-global-api-C_AzeriteEmpoweredItem.IsAzeriteEmpoweredItemByID-29", "wt-global-api-C_AzeriteEmpoweredItem.IsAzeritePreviewSourceDisplayable-31", "wt-global-api-C_AzeriteEmpoweredItem.IsPowerSelected-34", "wt-global-api-C_AzeriteEmpoweredItem.SetHasBeenViewed-36", "wt-global-api-C_AzeriteEssence.CanDeactivateEssence-39", "wt-global-api-C_AzeriteEssence.GetNumUsableEssences-51", "wt-global-api-C_AzeriteItem.HasActiveAzeriteItem-62", "wt-global-api-C_AzeriteItem.IsAzeriteItem-66", "wt-global-api-C_AzeriteItem.IsAzeriteItemByID-64", "wt-global-api-C_Calendar.AddEvent-67", "wt-global-api-C_Calendar.ContextMenuEventCanComplain-72", "wt-global-api-C_Calendar.ContextMenuEventCanEdit-73", "wt-global-api-C_Calendar.ContextMenuEventCanRemove-74", "wt-global-api-C_Calendar.ContextMenuEventClipboard-75", "wt-global-api-C_Calendar.ContextMenuEventComplain-76", "wt-global-api-C_Calendar.ContextMenuEventCopy-77", "wt-global-api-C_Calendar.ContextMenuEventGetCalendarType-78", "wt-global-api-C_Calendar.ContextMenuEventPaste-79", "wt-global-api-C_Calendar.ContextMenuEventRemove-80", "wt-global-api-C_Calendar.ContextMenuEventSignUp-81", "wt-global-api-C_Calendar.ContextMenuGetEventIndex-82", "wt-global-api-C_Calendar.ContextMenuInviteAvailable-83", "wt-global-api-C_Calendar.ContextMenuInviteDecline-84", "wt-global-api-C_Calendar.ContextMenuInviteRemove-85", "wt-global-api-C_Calendar.ContextMenuInviteTentative-86", "wt-global-api-C_Calendar.ContextMenuSelectEvent-87", "wt-global-api-C_Calendar.CreateCommunitySignUpEvent-88", "wt-global-api-C_Calendar.CreateGuildAnnouncementEvent-89", "wt-global-api-C_Calendar.CreateGuildSignUpEvent-90", "wt-global-api-C_Calendar.CreatePlayerEvent-91", "wt-global-api-C_Calendar.EventAvailable-92", "wt-global-api-C_Calendar.EventCanEdit-93", "wt-global-api-C_Calendar.EventClearAutoApprove-94", "wt-global-api-C_Calendar.EventClearLocked-95", "wt-global-api-C_Calendar.EventClearModerator-96", "wt-global-api-C_Calendar.EventDecline-97", "wt-global-api-C_Calendar.EventGetCalendarType-98", "wt-global-api-C_Calendar.EventGetClubId-99", "wt-global-api-C_Calendar.EventGetInvite-102", "wt-global-api-C_Calendar.EventGetInviteResponseTime-100", "wt-global-api-C_Calendar.EventGetInviteSortCriterion-101", "wt-global-api-C_Calendar.EventGetSelectedInvite-103", "wt-global-api-C_Calendar.EventGetStatusOptions-104", "wt-global-api-C_Calendar.EventGetTextures-105", "wt-global-api-C_Calendar.EventGetTypes-107", "wt-global-api-C_Calendar.EventHasPendingInvite-108", "wt-global-api-C_Calendar.EventHaveSettingsChanged-109", "wt-global-api-C_Calendar.EventInvite-110", "wt-global-api-C_Calendar.EventRemoveInvite-112", "wt-global-api-C_Calendar.EventRemoveInviteByGuid-111", "wt-global-api-C_Calendar.EventSelectInvite-113", "wt-global-api-C_Calendar.EventSetAutoApprove-114", "wt-global-api-C_Calendar.EventSetClubId-115", "wt-global-api-C_Calendar.EventSetDate-116", "wt-global-api-C_Calendar.EventSetDescription-117", "wt-global-api-C_Calendar.EventSetInviteStatus-118", "wt-global-api-C_Calendar.EventSetLocked-119", "wt-global-api-C_Calendar.EventSetModerator-120", "wt-global-api-C_Calendar.EventSetTextureID-121", "wt-global-api-C_Calendar.EventSetTime-122", "wt-global-api-C_Calendar.EventSetTitle-123", "wt-global-api-C_Calendar.EventSetType-124", "wt-global-api-C_Calendar.EventSignUp-125", "wt-global-api-C_Calendar.EventSortInvites-126", "wt-global-api-C_Calendar.EventTentative-127", "wt-global-api-C_Calendar.GetDayEvent-129", "wt-global-api-C_Calendar.GetEventIndex-132", "wt-global-api-C_Calendar.GetEventIndexInfo-131", "wt-global-api-C_Calendar.GetEventInfo-133", "wt-global-api-C_Calendar.GetFirstPendingInvite-134", "wt-global-api-C_Calendar.GetGuildEventInfo-135", "wt-global-api-C_Calendar.GetGuildEventSelectionInfo-136", "wt-global-api-C_Calendar.GetHolidayInfo-137", "wt-global-api-C_Calendar.GetNextClubId-141", "wt-global-api-C_Calendar.GetRaidInfo-146", "wt-global-api-C_Calendar.IsEventOpen-148", "wt-global-api-C_Calendar.MassInviteCommunity-149", "wt-global-api-C_Calendar.MassInviteGuild-150", "wt-global-api-C_Calendar.OpenEvent-152", "wt-global-api-C_Calendar.RemoveEvent-153", "wt-global-api-C_Calendar.SetAbsMonth-154", "wt-global-api-C_Calendar.SetMonth-155", "wt-global-api-C_Calendar.SetNextClubId-156", "wt-global-api-C_Calendar.UpdateEvent-157", "wt-global-api-C_ChatInfo.GetChatTypeName-161", "wt-global-api-C_GamePad.AddSDLMapping-162", "wt-global-api-C_ReportSystem.CanReportPlayer-164", "wt-global-api-C_ReportSystem.CanReportPlayerForLanguage-163", "wt-global-api-C_ReportSystem.OpenReportPlayerDialog-166", "wt-global-api-C_ReportSystem.ReportServerLag-167", "wt-global-api-C_ReportSystem.ReportStuckInCombat-168", "wt-global-api-C_ReportSystem.SetPendingReportPetTarget-170", "wt-global-api-C_ReportSystem.SetPendingReportTarget-172", "wt-global-api-C_ReportSystem.SetPendingReportTargetByGuid-171", "wt-global-api-C_TTSSettings.GetCharacterSettingsSaved-175", "wt-global-api-C_TTSSettings.GetChatTypeEnabled-176", "wt-global-api-C_TTSSettings.GetSetting-177", "wt-global-api-C_TTSSettings.GetVoiceOptionName-181", "wt-global-api-C_TTSSettings.MarkCharacterSettingsSaved-182", "wt-global-api-C_TTSSettings.SetChannelKeyEnabled-184", "wt-global-api-C_TTSSettings.SetChatTypeEnabled-185", "wt-global-api-C_TTSSettings.SetDefaultSettings-186", "wt-global-api-C_TTSSettings.SetSetting-187", "wt-global-api-C_TTSSettings.SetVoiceOptionName-190", "wt-global-api-C_TTSSettings.ShouldOverrideMessage-192", "wt-global-api-C_UI.GetTopRightNotchSafeRegion-195", "wt-global-api-C_VoiceChat.IsSpeakForMeActive-197", "wt-global-api-C_VoiceChat.IsSpeakForMeAllowed-198", "wt-global-api-GetTradeSkillItemLevelFilter-200", "wt-global-api-GetTradeSkillItemNameFilter-201", "wt-global-api-SetTradeSkillItemLevelFilter-202", "wt-global-api-SetTradeSkillItemNameFilter-203"]
 right: []
note: run with `RUST_BACKTRACE=1` environment variable to display a backtrace
error: test failed, to rerun pass `--test patch_1_14_3_factory`
