test_copied_source_and_default_bytes (__main__.Portable.test_copied_source_and_default_bytes) ... FAIL
test_disk_ledger_omission_rejects_and_restores (__main__.Portable.test_disk_ledger_omission_rejects_and_restores) ... FAIL
test_disk_log_fabrication_rejects_and_restores (__main__.Portable.test_disk_log_fabrication_rejects_and_restores) ... FAIL

======================================================================
FAIL: test_copied_source_and_default_bytes (__main__.Portable.test_copied_source_and_default_bytes)
----------------------------------------------------------------------
Traceback (most recent call last):
  File "/home/osso/.worktrees/wow-ui-sim-p1143-page/data/patch-api/evidence/1.14.3-session-2026-10-09/test_portable.py", line 20, in setUp
    self.assertTrue(OPTIONS.archive.is_file(), 'own replay archive absent')
    ~~~~~~~~~~~~~~~^^^^^^^^^^^^^^^^^^^^^^^^^^^^^^^^^^^^^^^^^^^^^^^^^^^^^^^^
AssertionError: False is not true : own replay archive absent

======================================================================
FAIL: test_disk_ledger_omission_rejects_and_restores (__main__.Portable.test_disk_ledger_omission_rejects_and_restores)
----------------------------------------------------------------------
Traceback (most recent call last):
  File "/home/osso/.worktrees/wow-ui-sim-p1143-page/data/patch-api/evidence/1.14.3-session-2026-10-09/test_portable.py", line 20, in setUp
    self.assertTrue(OPTIONS.archive.is_file(), 'own replay archive absent')
    ~~~~~~~~~~~~~~~^^^^^^^^^^^^^^^^^^^^^^^^^^^^^^^^^^^^^^^^^^^^^^^^^^^^^^^^
AssertionError: False is not true : own replay archive absent

======================================================================
FAIL: test_disk_log_fabrication_rejects_and_restores (__main__.Portable.test_disk_log_fabrication_rejects_and_restores)
----------------------------------------------------------------------
Traceback (most recent call last):
  File "/home/osso/.worktrees/wow-ui-sim-p1143-page/data/patch-api/evidence/1.14.3-session-2026-10-09/test_portable.py", line 20, in setUp
    self.assertTrue(OPTIONS.archive.is_file(), 'own replay archive absent')
    ~~~~~~~~~~~~~~~^^^^^^^^^^^^^^^^^^^^^^^^^^^^^^^^^^^^^^^^^^^^^^^^^^^^^^^^
AssertionError: False is not true : own replay archive absent

----------------------------------------------------------------------
Ran 3 tests in 0.000s

FAILED (failures=3)
