test_default_extract_and_raw_rows_are_both_accounted (__main__.SourceAccounting.test_default_extract_and_raw_rows_are_both_accounted) ... FAIL
test_every_accounting_omission_rejected (__main__.SourceAccounting.test_every_accounting_omission_rejected) ... FAIL
test_every_row_and_inventory_occurrence (__main__.SourceAccounting.test_every_row_and_inventory_occurrence) ... FAIL
test_exact_identity_and_response_body (__main__.SourceAccounting.test_exact_identity_and_response_body) ... FAIL
test_false_credit_and_foreign_history_rejected (__main__.SourceAccounting.test_false_credit_and_foreign_history_rejected) ... FAIL
test_links_summary_and_successors_do_not_import_behavior (__main__.SourceAccounting.test_links_summary_and_successors_do_not_import_behavior) ... FAIL
test_repeated_literal_occurrences_are_not_deduplicated (__main__.SourceAccounting.test_repeated_literal_occurrences_are_not_deduplicated) ... FAIL
test_signatures_headers_and_literal_cvar_effects (__main__.SourceAccounting.test_signatures_headers_and_literal_cvar_effects) ... FAIL

======================================================================
FAIL: test_default_extract_and_raw_rows_are_both_accounted (__main__.SourceAccounting.test_default_extract_and_raw_rows_are_both_accounted)
----------------------------------------------------------------------
Traceback (most recent call last):
  File "/home/osso/.worktrees/wow-ui-sim-p1143-page/data/patch-api/evidence/1.14.3-session-2026-10-09/test_source.py", line 75, in test_default_extract_and_raw_rows_are_both_accounted
    self.assertTrue(ledger.get('extracted_rows'))
    ~~~~~~~~~~~~~~~^^^^^^^^^^^^^^^^^^^^^^^^^^^^^^
AssertionError: None is not true

======================================================================
FAIL: test_every_accounting_omission_rejected (__main__.SourceAccounting.test_every_accounting_omission_rejected)
----------------------------------------------------------------------
Traceback (most recent call last):
  File "/home/osso/.worktrees/wow-ui-sim-p1143-page/data/patch-api/evidence/1.14.3-session-2026-10-09/test_source.py", line 84, in test_every_accounting_omission_rejected
    self.assertTrue(expected.get('inventory_rows'))
    ~~~~~~~~~~~~~~~^^^^^^^^^^^^^^^^^^^^^^^^^^^^^^^^
AssertionError: None is not true

======================================================================
FAIL: test_every_row_and_inventory_occurrence (__main__.SourceAccounting.test_every_row_and_inventory_occurrence)
----------------------------------------------------------------------
Traceback (most recent call last):
  File "/home/osso/.worktrees/wow-ui-sim-p1143-page/data/patch-api/evidence/1.14.3-session-2026-10-09/test_source.py", line 34, in test_every_row_and_inventory_occurrence
    self.assertEqual(len(ledger.get('source_rows', [])), 463)
    ~~~~~~~~~~~~~~~~^^^^^^^^^^^^^^^^^^^^^^^^^^^^^^^^^^^^^^^^^
AssertionError: 0 != 463

======================================================================
FAIL: test_exact_identity_and_response_body (__main__.SourceAccounting.test_exact_identity_and_response_body)
----------------------------------------------------------------------
Traceback (most recent call last):
  File "/home/osso/.worktrees/wow-ui-sim-p1143-page/data/patch-api/evidence/1.14.3-session-2026-10-09/test_source.py", line 19, in test_exact_identity_and_response_body
    self.assertEqual((pin.get('pageid'), pin.get('revid'), pin.get('timestamp')),
    ~~~~~~~~~~~~~~~~^^^^^^^^^^^^^^^^^^^^^^^^^^^^^^^^^^^^^^^^^^^^^^^^^^^^^^^^^^^^^
                     (480026, 4615755, '2023-07-10T10:27:33Z'))
                     ^^^^^^^^^^^^^^^^^^^^^^^^^^^^^^^^^^^^^^^^^^
AssertionError: Tuples differ: (None, None, None) != (480026, 4615755, '2023-07-10T10:27:33Z')

First differing element 0:
None
480026

- (None, None, None)
+ (480026, 4615755, '2023-07-10T10:27:33Z')

======================================================================
FAIL: test_false_credit_and_foreign_history_rejected (__main__.SourceAccounting.test_false_credit_and_foreign_history_rejected)
----------------------------------------------------------------------
Traceback (most recent call last):
  File "/home/osso/.worktrees/wow-ui-sim-p1143-page/data/patch-api/evidence/1.14.3-session-2026-10-09/test_source.py", line 94, in test_false_credit_and_foreign_history_rejected
    self.assertEqual(expected.get('measurements'), {'runtime': 0, 'model': 0, 'native': 0})
    ~~~~~~~~~~~~~~~~^^^^^^^^^^^^^^^^^^^^^^^^^^^^^^^^^^^^^^^^^^^^^^^^^^^^^^^^^^^^^^^^^^^^^^^
AssertionError: None != {'runtime': 0, 'model': 0, 'native': 0}

======================================================================
FAIL: test_links_summary_and_successors_do_not_import_behavior (__main__.SourceAccounting.test_links_summary_and_successors_do_not_import_behavior)
----------------------------------------------------------------------
Traceback (most recent call last):
  File "/home/osso/.worktrees/wow-ui-sim-p1143-page/data/patch-api/evidence/1.14.3-session-2026-10-09/test_source.py", line 64, in test_links_summary_and_successors_do_not_import_behavior
    self.assertEqual(len(ledger.get('reference_ledger', [])), 27)
    ~~~~~~~~~~~~~~~~^^^^^^^^^^^^^^^^^^^^^^^^^^^^^^^^^^^^^^^^^^^^^
AssertionError: 0 != 27

======================================================================
FAIL: test_repeated_literal_occurrences_are_not_deduplicated (__main__.SourceAccounting.test_repeated_literal_occurrences_are_not_deduplicated)
----------------------------------------------------------------------
Traceback (most recent call last):
  File "/home/osso/.worktrees/wow-ui-sim-p1143-page/data/patch-api/evidence/1.14.3-session-2026-10-09/test_source.py", line 110, in test_repeated_literal_occurrences_are_not_deduplicated
    self.assertEqual(len(register.get('entries', [])), 2)
    ~~~~~~~~~~~~~~~~^^^^^^^^^^^^^^^^^^^^^^^^^^^^^^^^^^^^^
AssertionError: 0 != 2

======================================================================
FAIL: test_signatures_headers_and_literal_cvar_effects (__main__.SourceAccounting.test_signatures_headers_and_literal_cvar_effects)
----------------------------------------------------------------------
Traceback (most recent call last):
  File "/home/osso/.worktrees/wow-ui-sim-p1143-page/data/patch-api/evidence/1.14.3-session-2026-10-09/test_source.py", line 50, in test_signatures_headers_and_literal_cvar_effects
    self.assertEqual(len(ledger.get('signature_ledger', [])), 188)
    ~~~~~~~~~~~~~~~~^^^^^^^^^^^^^^^^^^^^^^^^^^^^^^^^^^^^^^^^^^^^^^
AssertionError: 0 != 188

----------------------------------------------------------------------
Ran 8 tests in 0.001s

FAILED (failures=8)
