warning: iced-wgpu-patched/Cargo.toml: `lints.clippy.large-enum-variant` is deprecated in favor of `lints.clippy.large_enum_variant` and will not work in a future edition
warning: iced-wgpu-patched/Cargo.toml: `lints.clippy.map-entry` is deprecated in favor of `lints.clippy.map_entry` and will not work in a future edition
warning: iced-wgpu-patched/Cargo.toml: `lints.clippy.match-wildcard-for-single-variants` is deprecated in favor of `lints.clippy.match_wildcard_for_single_variants` and will not work in a future edition
warning: iced-wgpu-patched/Cargo.toml: `lints.clippy.redundant-closure-for-method-calls` is deprecated in favor of `lints.clippy.redundant_closure_for_method_calls` and will not work in a future edition
warning: iced-wgpu-patched/Cargo.toml: `lints.clippy.trivially-copy-pass-by-ref` is deprecated in favor of `lints.clippy.trivially_copy_pass_by_ref` and will not work in a future edition
warning: iced-wgpu-patched/Cargo.toml: `lints.clippy.type-complexity` is deprecated in favor of `lints.clippy.type_complexity` and will not work in a future edition
warning: `iced_wgpu` (manifest) generated 6 warnings
    Blocking waiting for file lock on package cache
    Blocking waiting for file lock on package cache
    Blocking waiting for file lock on package cache
   Compiling wow-ui-sim v0.1.0 (/home/osso/.worktrees/wow-ui-sim-p554-page)
    Finished `test` profile [optimized + debuginfo] target(s) in 37.65s
     Running tests/prefork_full_ui.rs (/home/osso/.cache/wow-ui-sim-targets/p554-page/debug/deps/prefork_full_ui-21dd5c807fe7a7b6)
[  0.000s] [Startup] WowLuaEnv::new begin
[  0.002s] [Startup] SimState::default complete in 1.82ms
[  0.002s] [Startup] rilua VM created in 85.97µs
[  0.002s] [Startup] builtin frames initialized in 67.52µs
[  0.002s] [Startup] template registry cleared in 5.83µs
[  0.002s] [Startup] intrinsic templates registered in 5.19µs
[  0.002s] [Startup] initial app_data lua handle installed in 190.00ns
[  0.116s] [Startup] init_lua_state complete in 113.46ms
[  0.116s] [Startup] final app_data lua handle installed in 171.00ns
[  0.116s] [Startup] initial screen globals installed in 82.38µs
[  0.116s] [Startup] WowLuaEnv::new complete
[  2.223s] [Startup] apply_post_load_workarounds: begin
[  2.223s] [Workarounds] starting patch_edit_mode_manager
[  2.223s] [Workarounds] finished patch_edit_mode_manager in 249.84µs
[  2.223s] [Workarounds] starting init_edit_mode_layout
[  2.223s] [EditMode] starting setup_layout_info
[  2.226s] [EditMode] finished setup_layout_info in 2.79ms
[  2.226s] [EditMode] starting apply_system_anchors
[  2.345s] [EditMode] finished apply_system_anchors in 118.79ms
[  2.345s] [EditMode] starting finalize_action_bar_positions
[  2.346s] [EditMode] finished finalize_action_bar_positions in 1.60ms
[  2.346s] [EditMode] starting invoke_anchor_changed_hooks
[  2.347s] [EditMode] finished invoke_anchor_changed_hooks in 363.29µs
[  2.347s] [EditMode] starting fix_action_bar_nan_size
[  2.347s] [EditMode] finished fix_action_bar_nan_size in 32.98µs
[  2.347s] [EditMode] starting fix_action_bar_scale
[  2.347s] [EditMode] finished fix_action_bar_scale in 3.68µs
[  2.347s] [Workarounds] finished init_edit_mode_layout in 123.65ms
[  2.347s] [Workarounds] starting patch_ui_parent_panel_toggles
[  2.347s] [Workarounds] finished patch_ui_parent_panel_toggles in 187.76µs
[  2.347s] [Workarounds] starting patch_uiparent_onupdate_worklists
[  2.347s] [Workarounds] finished patch_uiparent_onupdate_worklists in 78.58µs
[  2.347s] [Workarounds] starting init_chat_type_colors
[  2.347s] [Workarounds] finished init_chat_type_colors in 99.97µs
[  2.347s] [Workarounds] starting patch_chat_voice_button_surface
[  2.347s] [Workarounds] finished patch_chat_voice_button_surface in 99.57µs
[  2.347s] [Workarounds] starting patch_item_socketing_tooltips
[  2.347s] [Workarounds] finished patch_item_socketing_tooltips in 49.23µs
[  2.347s] [Workarounds] starting patch_character_select_selected_name
[  2.347s] [Workarounds] finished patch_character_select_selected_name in 24.43µs
[  2.347s] [Workarounds] starting patch_character_create_defaults
[  2.347s] [Workarounds] finished patch_character_create_defaults in 179.96µs
[  2.347s] [Workarounds] starting patch_character_frame_title_refresh
[  2.352s] [Workarounds] finished patch_character_frame_title_refresh in 4.80ms
[  2.352s] [Workarounds] starting patch_vignette_pin_template
[  2.352s] [Workarounds] finished patch_vignette_pin_template in 76.88µs
[  2.352s] [Workarounds] starting patch_fog_of_war_pin_mixin
[  2.352s] [Workarounds] finished patch_fog_of_war_pin_mixin in 232.96µs
[  2.352s] [Workarounds] starting patch_map_exploration_pin_mixin
[  2.357s] [Workarounds] finished patch_map_exploration_pin_mixin in 4.85ms
[  2.357s] [Workarounds] starting patch_map_canvas_data_provider_attachment
[  2.357s] [Workarounds] finished patch_map_canvas_data_provider_attachment in 57.45µs
[  2.357s] [Workarounds] starting ensure_adventure_map_frame_surface
[  2.358s] [Workarounds] finished ensure_adventure_map_frame_surface in 377.34µs
[  2.358s] [Workarounds] starting patch_action_bar_button_event_fanout
[  2.358s] [Workarounds] finished patch_action_bar_button_event_fanout in 84.45µs
[  2.358s] [Workarounds] starting patch_paging_controls_page_text
[  2.358s] [Workarounds] finished patch_paging_controls_page_text in 32.32µs
[  2.358s] [Workarounds] starting patch_talent_edge_frame_level_sync
[  2.358s] [Workarounds] finished patch_talent_edge_frame_level_sync in 24.47µs
[  2.358s] [Workarounds] starting patch_catalog_shop_product_card_defaults
[  2.358s] [Workarounds] finished patch_catalog_shop_product_card_defaults in 51.89µs
[  2.358s] [Workarounds] starting patch_game_time_defaults
[  2.358s] [Workarounds] finished patch_game_time_defaults in 6.22µs
[  2.358s] [Workarounds] starting patch_tooltip_nineslice_surface
[  2.358s] [Workarounds] finished patch_tooltip_nineslice_surface in 35.62µs
[  2.358s] [Workarounds] starting patch_container_frame_token_tracker
[  2.358s] [Workarounds] finished patch_container_frame_token_tracker in 34.40µs
[  2.358s] [Workarounds] starting patch_achievement_display_set_achievements
[  2.358s] [Workarounds] finished patch_achievement_display_set_achievements in 6.74µs
[  2.358s] [Workarounds] starting patch_housing_dashboard_preload
[  2.358s] [Workarounds] finished patch_housing_dashboard_preload in 143.98µs
[  2.358s] [Workarounds] starting patch_lfg_lock_list
[  2.358s] [Workarounds] finished patch_lfg_lock_list in 29.89µs
[  2.358s] [Workarounds] starting patch_auction_house_browse_results_event
[  2.358s] [Workarounds] finished patch_auction_house_browse_results_event in 52.61µs
[  2.358s] [Workarounds] starting patch_auction_house_search_context_aliases
[  2.358s] [Workarounds] finished patch_auction_house_search_context_aliases in 23.69µs
[  2.358s] [Workarounds] starting patch_auth_challenge_frame_parent
[  2.358s] [Workarounds] finished patch_auth_challenge_frame_parent in 64.89µs
[  2.358s] [Workarounds] starting patch_settings_surface_defaults
[  2.359s] [Workarounds] finished patch_settings_surface_defaults in 291.26µs
[  2.359s] [Workarounds] starting patch_settings_canvas_layout_visibility
[  2.359s] [Workarounds] finished patch_settings_canvas_layout_visibility in 91.30µs
[  2.359s] [Startup] apply_post_load_workarounds: workarounds complete
[  2.418s] [Startup] apply_post_load_workarounds: globals restored
[  2.419s] [Startup] apply_post_load_workarounds: patch 12.1 compatibility restored
[  2.419s] [Startup] apply_post_load_workarounds: seterrorhandler restored
[  2.580s] [Startup] begin login sequence
[  2.580s] [Startup] Firing ADDON_LOADED
[  2.580s] [Startup] Firing VARIABLES_LOADED
[  2.682s] [Startup] Firing DISPLAY_SIZE_CHANGED
[  2.764s] [Startup] Firing UI_SCALE_CHANGED
[  2.765s] [Startup] Firing PLAYER_LOGIN
[  2.765s] [Startup] end login sequence in 184.66ms
[  2.765s] [Startup] begin world enter sequence
[  2.765s] [Startup] Skipping EDIT_MODE_LAYOUTS_UPDATED
[  2.765s] [Startup] Firing TIME_PLAYED_MSG via RequestTimePlayed
[  2.765s] [Startup] Firing PLAYER_ENTERING_WORLD
[  2.988s] [EditMode] starting setup_layout_info
[  2.992s] [EditMode] finished setup_layout_info in 3.33ms
[  2.992s] [EditMode] starting apply_system_anchors
[  3.123s] [EditMode] finished apply_system_anchors in 131.12ms
[  3.123s] [EditMode] starting finalize_action_bar_positions
[  3.125s] [EditMode] finished finalize_action_bar_positions in 2.66ms
[  3.125s] [EditMode] starting invoke_anchor_changed_hooks
[  3.133s] [EditMode] finished invoke_anchor_changed_hooks in 7.95ms
[  3.133s] [EditMode] starting fix_action_bar_nan_size
[  3.133s] [EditMode] finished fix_action_bar_nan_size in 92.30µs
[  3.133s] [EditMode] starting fix_action_bar_scale
[  3.133s] [EditMode] finished fix_action_bar_scale in 4.95µs
[  3.133s] [EditMode] starting reapply_player_frame_anchor
[  3.135s] [EditMode] finished reapply_player_frame_anchor in 1.54ms
[  3.143s] [Startup] end world enter sequence in 378.32ms
[  3.143s] [Startup] begin post-login events
[  3.144s] [Startup] Firing UNIT_AURA
[  3.145s] [Startup] Firing PET_UI_UPDATE
[  3.147s] [Startup] Firing BAG_UPDATE_DELAYED
[  3.148s] [Startup] Firing QUEST_LOG_UPDATE
[  3.149s] [Startup] Firing GROUP_ROSTER_UPDATE
[  3.247s] [Startup] Firing ACTIONBAR_UPDATE_STATE
[  3.247s] [Startup] Firing ACTIONBAR_UPDATE_COOLDOWN
[  3.248s] [Startup] Firing UPDATE_BONUS_ACTIONBAR
[  3.260s] [Startup] Firing PLAYER_CAN_GLIDE_CHANGED
[  3.260s] [Startup] Firing PLAYER_IS_GLIDING_CHANGED
[  3.260s] [Startup] Firing UPDATE_BINDINGS
[  3.263s] [Startup] Firing UPDATE_CHAT_WINDOWS
[  3.266s] [Startup] Firing LFG_UPDATE_RANDOM_INFO
[  3.267s] [Startup] end post-login events in 124.12ms
[  3.267s] [Startup] begin close startup special windows
[  3.267s] [Startup] end close startup special windows in 276.68µs
[  3.267s] [Startup] begin FIRST_FRAME_RENDERED
[  3.267s] [Startup] Firing FIRST_FRAME_RENDERED
[  3.268s] [Startup] end FIRST_FRAME_RENDERED in 194.34µs
[  3.268s] [Startup] begin unblock hidden splash alerts
[  3.268s] [Startup] end unblock hidden splash alerts in 14.63µs
[  3.268s] [Startup] begin post-event workarounds
[  3.268s] [Startup] end post-event workarounds in 1.17µs
running 52 tests
test patch_10_0_0_publication_sweep::patch_10_0_0_animation_probe_factories ... ok
test patch_10_0_2_publication_sweep::patch_10_0_2_publication_sweep ... ok
test patch_10_0_0_publication_sweep::patch_10_0_0_publication_sweep ... ok
test patch_10_0_5_publication_sweep::patch_10_0_5_publication_sweep ... ok
test patch_10_0_7_publication_sweep::patch_10_0_7_publication_sweep ... ok
test patch_10_1_0_publication_sweep::patch_10_1_0_publication_sweep ... ok
test patch_10_1_5_publication_sweep::patch_10_1_5_publication_sweep ... ok
test patch_10_1_7_publication_sweep::patch_10_1_7_publication_sweep ... ok
test patch_10_2_0_publication_sweep::patch_10_2_0_publication_sweep ... ok
test patch_10_2_5_publication_sweep::patch_10_2_5_publication_sweep ... ok
test patch_10_2_7_publication_sweep::patch_10_2_7_publication_sweep ... ok
test patch_10_2_6_publication_sweep::patch_10_2_6_publication_sweep ... ok
test patch_11_0_2_publication_sweep::patch_11_0_2_publication_sweep ... ok
test patch_11_0_5_publication_sweep::patch_11_0_5_publication_sweep ... ok
test patch_11_0_0_publication_sweep::patch_11_0_0_publication_sweep ... ok
test patch_11_0_7_publication_sweep::patch_11_0_7_publication_sweep ... ok
test patch_11_1_0_publication_sweep::patch_11_1_0_publication_sweep ... ok
test patch_11_1_5_publication_sweep::patch_11_1_5_publication_sweep ... ok
test patch_11_1_7_publication_sweep::patch_11_1_7_publication_sweep ... ok
test patch_11_2_0_publication_sweep::patch_11_2_0_publication_sweep ... ok
test patch_11_2_5_publication_sweep::patch_11_2_5_publication_sweep ... ok
test patch_11_2_7_publication_sweep::patch_11_2_7_publication_sweep ... ok
test patch_12_0_0_publication_sweep::patch_12_0_0_publication_sweep ... ok
test patch_12_0_1_publication_sweep::patch_12_0_1_publication_sweep ... ok
test patch_12_0_7_publication_sweep::patch_12_0_7_publication_sweep ... ok
test patch_12_0_5_publication_sweep::patch_12_0_5_publication_sweep ... ok
test patch_6_2_0_publication_sweep::patch_6_2_0_publication_sweep ... ok
test patch_6_2_2_publication_sweep::patch_6_2_2_publication_sweep ... ok
test patch_6_2_4_publication_sweep::patch_6_2_4_publication_sweep ... ok
test patch_12_1_0_publication_sweep::patch_12_1_0_publication_sweep ... ok
test patch_7_0_1_publication_sweep::patch_7_0_1_publication_sweep ... ok
test patch_7_1_0_publication_sweep::patch_7_1_0_publication_sweep ... ok
test patch_7_0_3_publication_sweep::patch_7_0_3_publication_sweep ... ok
test patch_7_2_0_publication_sweep::patch_7_2_0_publication_sweep ... ok
test patch_7_2_5_publication_sweep::patch_7_2_5_publication_sweep ... ok
test patch_7_3_0_publication_sweep::patch_7_3_0_publication_sweep ... ok
test patch_7_3_2_publication_sweep::patch_7_3_2_publication_sweep ... ok
test patch_8_0_1_publication_sweep::patch_8_0_1_publication_sweep ... ok
test patch_8_1_0_publication_sweep::patch_8_1_0_publication_sweep ... ok
test patch_8_1_5_publication_sweep::patch_8_1_5_publication_sweep ... ok
test patch_8_2_0_publication_sweep::patch_8_2_0_publication_sweep ... ok
test patch_8_2_5_publication_sweep::patch_8_2_5_publication_sweep ... ok
test patch_8_3_7_publication_sweep::patch_8_3_7_publication_sweep ... ok
test patch_8_3_0_publication_sweep::patch_8_3_0_publication_sweep ... ok
test patch_9_0_2_publication_sweep::patch_9_0_2_publication_sweep ... ok
test patch_9_0_5_publication_sweep::patch_9_0_5_publication_sweep ... ok
test patch_9_0_1_publication_sweep::patch_9_0_1_publication_sweep ... ok
test patch_9_1_0_publication_sweep::patch_9_1_0_publication_sweep ... ok
test patch_9_1_5_publication_sweep::patch_9_1_5_publication_sweep ... ok
test patch_9_2_0_publication_sweep::patch_9_2_0_publication_sweep ... ok
test patch_9_2_7_publication_sweep::patch_9_2_7_publication_sweep ... ok
test patch_9_2_5_publication_sweep::patch_9_2_5_publication_sweep ... ok

test result: ok. 52 passed; 0 failed; 52 total
