warning: iced-wgpu-patched/Cargo.toml: `lints.clippy.large-enum-variant` is deprecated in favor of `lints.clippy.large_enum_variant` and will not work in a future edition
warning: iced-wgpu-patched/Cargo.toml: `lints.clippy.map-entry` is deprecated in favor of `lints.clippy.map_entry` and will not work in a future edition
warning: iced-wgpu-patched/Cargo.toml: `lints.clippy.match-wildcard-for-single-variants` is deprecated in favor of `lints.clippy.match_wildcard_for_single_variants` and will not work in a future edition
warning: iced-wgpu-patched/Cargo.toml: `lints.clippy.redundant-closure-for-method-calls` is deprecated in favor of `lints.clippy.redundant_closure_for_method_calls` and will not work in a future edition
warning: iced-wgpu-patched/Cargo.toml: `lints.clippy.trivially-copy-pass-by-ref` is deprecated in favor of `lints.clippy.trivially_copy_pass_by_ref` and will not work in a future edition
warning: iced-wgpu-patched/Cargo.toml: `lints.clippy.type-complexity` is deprecated in favor of `lints.clippy.type_complexity` and will not work in a future edition
warning: `iced_wgpu` (manifest) generated 6 warnings
   Compiling proc-macro2 v1.0.105
   Compiling unicode-ident v1.0.22
   Compiling quote v1.0.43
   Compiling libc v0.2.180
   Compiling cfg-if v1.0.4
   Compiling stable_deref_trait v1.2.1
   Compiling memchr v2.7.6
   Compiling smallvec v1.15.1
   Compiling writeable v0.6.3
   Compiling crossbeam-utils v0.8.21
   Compiling autocfg v1.5.0
   Compiling version_check v0.9.5
   Compiling litemap v0.8.2
   Compiling rayon-core v1.13.0
   Compiling libm v0.2.15
   Compiling pin-project-lite v0.2.16
   Compiling simd-adler32 v0.3.8
   Compiling find-msvc-tools v0.1.7
   Compiling once_cell v1.21.3
   Compiling either v1.15.0
   Compiling shlex v1.3.0
   Compiling num-traits v0.2.19
   Compiling cc v1.2.52
   Compiling bytes v1.11.0
   Compiling log v0.4.29
   Compiling bitflags v2.10.0
   Compiling icu_properties_data v2.1.2
   Compiling crossbeam-epoch v0.9.18
   Compiling crc32fast v1.5.0
   Compiling futures-core v0.3.31
   Compiling itoa v1.0.17
   Compiling crossbeam-deque v0.8.6
   Compiling syn v2.0.114
   Compiling adler2 v2.0.1
   Compiling icu_normalizer_data v2.1.1
   Compiling miniz_oxide v0.8.9
   Compiling futures-sink v0.3.31
   Compiling serde_core v1.0.228
   Compiling utf8_iter v1.0.4
   Compiling socket2 v0.6.1
   Compiling mio v1.1.1
   Compiling core_maths v0.1.1
   Compiling zerocopy v0.8.33
   Compiling num-integer v0.1.46
   Compiling rayon v1.11.0
   Compiling flate2 v1.1.9
   Compiling http v1.4.0
   Compiling tokio v1.49.0
   Compiling ring v0.17.14
   Compiling percent-encoding v2.3.2
   Compiling zeroize v1.8.2
   Compiling utf16_iter v1.0.5
   Compiling write16 v1.0.0
   Compiling weezl v0.1.12
   Compiling typenum v1.19.0
   Compiling anyhow v1.0.100
   Compiling http-body v1.0.1
   Compiling rustls-pki-types v1.14.1
   Compiling num-bigint v0.4.6
   Compiling getrandom v0.2.16
   Compiling tracing-core v0.1.36
   Compiling generic-array v0.14.7
   Compiling thiserror v2.0.17
   Compiling arrayvec v0.7.6
   Compiling futures-task v0.3.31
   Compiling httparse v1.10.1
   Compiling untrusted v0.9.0
   Compiling slab v0.4.11
   Compiling futures-io v0.3.31
   Compiling rustix v1.1.3
   Compiling pin-utils v0.1.0
   Compiling icu_locale_data v2.1.2
   Compiling futures-util v0.3.31
   Compiling num-rational v0.4.2
   Compiling fdeflate v0.3.7
   Compiling as-slice v0.2.1
   Compiling color_quant v1.1.0
   Compiling try-lock v0.2.5
   Compiling synstructure v0.13.2
   Compiling av-scenechange v0.14.1
   Compiling linux-raw-sys v0.11.0
   Compiling paste v1.0.15
   Compiling serde v1.0.228
   Compiling tower-service v0.3.3
   Compiling built v0.8.0
   Compiling winnow v0.7.14
   Compiling rustls v0.23.40
   Compiling toml_datetime v0.7.5+spec-1.1.0
   Compiling serde_spanned v1.1.1
   Compiling want v0.3.1
   Compiling rav1e v0.8.1
   Compiling aligned v0.4.3
   Compiling form_urlencoded v1.2.2
   Compiling futures-channel v0.3.31
   Compiling nom v8.0.0
   Compiling aho-corasick v1.1.4
   Compiling core2 v0.4.0
   Compiling zune-inflate v0.2.54
   Compiling slotmap v1.1.1
   Compiling quick-error v2.0.1
   Compiling atomic-waker v1.1.2
   Compiling regex-syntax v0.8.8
   Compiling siphasher v1.0.2
   Compiling zerofrom-derive v0.1.6
   Compiling yoke-derive v0.8.1
   Compiling zerovec-derive v0.11.2
   Compiling displaydoc v0.2.5
   Compiling bytemuck_derive v1.10.2
   Compiling equator-macro v0.4.2
   Compiling zerocopy-derive v0.8.33
   Compiling tracing-attributes v0.1.31
   Compiling zerofrom v0.1.7
   Compiling thiserror-impl v2.0.17
   Compiling equator v0.4.2
   Compiling yoke v0.8.1
   Compiling zerovec v0.11.5
   Compiling zerotrie v0.2.3
   Compiling bytemuck v1.24.0
   Compiling aligned-vec v0.6.4
   Compiling v_frame v0.3.9
   Compiling font-types v0.10.1
   Compiling tracing v0.1.44
   Compiling toml_parser v1.0.6+spec-1.1.0
   Compiling tinystr v0.8.2
   Compiling potential_utf v0.1.4
   Compiling read-fonts v0.35.0
   Compiling icu_locale_core v2.1.1
   Compiling icu_collections v2.1.1
   Compiling rustls-webpki v0.103.13
   Compiling arg_enum_proc_macro v0.3.4
   Compiling serde_derive v1.0.228
   Compiling profiling-procmacros v1.0.17
   Compiling y4m v0.8.0
   Compiling pastey v0.1.1
   Compiling icu_provider v2.1.1
   Compiling half v2.7.1
   Compiling bit_field v0.10.3
   Compiling ryu v1.0.23
   Compiling icu_properties v2.1.2
   Compiling icu_normalizer v2.1.1
   Compiling rand_core v0.6.4
   Compiling utf8parse v0.2.2
   Compiling subtle v2.6.1
   Compiling lebe v0.5.3
   Compiling exr v1.74.0
   Compiling anstyle-parse v0.2.7
   Compiling rand v0.8.5
   Compiling idna_adapter v1.2.1
   Compiling idna v1.1.0
   Compiling icu_locale v2.1.1
   Compiling profiling v1.0.17
   Compiling toml v0.9.11+spec-1.1.0
   Compiling av1-grain v0.2.5
   Compiling qoi v0.4.1
   Compiling regex-automata v0.4.13
   Compiling phf_shared v0.11.3
   Compiling num-derive v0.4.2
   Compiling fax_derive v0.2.0
   Compiling hyper v1.9.0
   Compiling bitstream-io v4.9.0
   Compiling jpeg-decoder v0.3.2
   Compiling maybe-rayon v0.1.1
   Compiling simd_helpers v0.1.0
   Compiling sync_wrapper v1.0.2
   Compiling itertools v0.14.0
   Compiling colorchoice v1.0.4
   Compiling anstyle v1.0.13
   Compiling icu_casemap_data v2.1.1
   Compiling icu_collator_data v2.1.1
   Compiling imgref v1.12.0
   Compiling icu_plurals_data v2.1.1
   Compiling bitflags v1.3.2
   Compiling anstyle-query v1.1.5
   Compiling icu_segmenter_data v2.1.1
   Compiling ipnet v2.12.0
   Compiling thiserror v1.0.69
   Compiling tower-layer v0.3.3
   Compiling roxmltree v0.20.0
   Compiling new_debug_unreachable v1.0.6
   Compiling base64 v0.22.1
   Compiling noop_proc_macro v0.3.0
   Compiling zune-core v0.4.12
   Compiling scopeguard v1.2.0
   Compiling is_terminal_polyfill v1.70.2
   Compiling zmij v1.0.14
   Compiling tinyvec_macros v0.1.1
   Compiling tinyvec v1.10.0
   Compiling anstream v0.6.21
   Compiling zune-jpeg v0.4.21
   Compiling lock_api v0.4.14
   Compiling fontconfig-parser v0.5.8
   Compiling hyper-util v0.1.20
   Compiling tower v0.5.3
   Compiling png v0.17.16
   Compiling loop9 v0.1.5
   Compiling tiff v0.9.1
   Compiling tokio-rustls v0.26.4
   Compiling skrifa v0.37.0
   Compiling fax v0.2.6
   Compiling phf_generator v0.11.3
   Compiling winresource v0.1.30
   Compiling url v2.5.8
   Compiling thiserror-impl v1.0.69
   Compiling block-buffer v0.10.4
   Compiling crypto-common v0.1.7
   Compiling gif v0.13.3
   Compiling avif-serialize v0.8.6
   Compiling webpki-roots v1.0.7
   Compiling ttf-parser v0.25.1
   Compiling pxfm v0.1.27
   Compiling memmap2 v0.9.9
   Compiling rgb v0.8.52
   Compiling minimal-lexical v0.2.1
   Compiling byteorder v1.5.0
   Compiling pkg-config v0.3.32
   Compiling clap_lex v0.7.7
   Compiling option-ext v0.2.0
   Compiling serde_json v1.0.149
   Compiling lazy_static v1.5.0
   Compiling zeno v0.3.3
   Compiling zune-core v0.5.0
   Compiling strsim v0.11.1
   Compiling yazi v0.2.1
   Compiling byteorder-lite v0.1.0
   Compiling vcpkg v0.2.15
   Compiling heck v0.5.0
   Compiling clap_derive v4.5.55
   Compiling fontdb v0.23.0
   Compiling wow-ui-sim v0.1.0 (/home/osso/.worktrees/wow-ui-sim-p302-factory)
   Compiling swash v0.2.6
   Compiling moxcms v0.7.11
   Compiling image-webp v0.2.4
   Compiling clap_builder v4.5.56
   Compiling zune-jpeg v0.5.8
   Compiling sharded-slab v0.1.7
   Compiling dirs-sys v0.4.1
   Compiling ravif v0.12.0
   Compiling image v0.24.9
   Compiling nom v7.1.3
   Compiling hyper-rustls v0.27.9
   Compiling digest v0.10.7
   Compiling tower-http v0.6.10
   Compiling phf_macros v0.11.3
   Compiling tiff v0.10.3
   Compiling spin v0.9.8
   Compiling matchers v0.2.0
   Compiling harfrust v0.3.2
   Compiling serde_urlencoded v0.7.1
   Compiling fixed_decimal v0.7.0
   Compiling xattr v1.6.1
   Compiling png v0.18.0
   Compiling gif v0.14.1
   Compiling texpresso v2.0.2
   Compiling tracing-log v0.2.0
   Compiling http-body-util v0.1.3
   Compiling filetime v0.2.28
   Compiling thread_local v1.1.9
   Compiling unicode-bidi v0.3.18
   Compiling rustc-hash v1.1.0
   Compiling unicode-script v0.5.8
   Compiling cpufeatures v0.2.17
   Compiling sys-locale v0.3.2
   Compiling unicode-linebreak v0.1.5
   Compiling nu-ansi-term v0.50.3
   Compiling self_cell v1.2.2
   Compiling unicode-segmentation v1.12.0
   Compiling same-file v1.0.6
   Compiling rangemap v1.7.1
   Compiling smol_str v0.2.2
   Compiling linebender_resource_handle v0.1.1
   Compiling walkdir v2.5.0
   Compiling cosmic-text v0.15.0
   Compiling tracing-subscriber v0.3.22
   Compiling sha2 v0.10.9
   Compiling tar v0.4.45
   Compiling reqwest v0.12.28
   Compiling image-blp v1.2.0
   Compiling image v0.25.9
   Compiling icu_plurals v2.1.1
   Compiling phf_codegen v0.11.3
   Compiling icu_segmenter v2.1.1
   Compiling icu_collator v2.1.1
   Compiling icu_casemap v2.1.1
   Compiling phf v0.11.3
   Compiling dirs v5.0.1
   Compiling clap v4.5.56
   Compiling regex v1.12.2
   Compiling quick-xml v0.37.5
   Compiling rilua v0.1.21 (https://github.com/Osso/rilua.git?rev=842e4d3ff8592af45a5a93058eddf93419d29012#842e4d3f)
   Compiling unicode-blocks v0.1.10
   Compiling httpdate v1.0.3
   Compiling rustc-hash v2.1.2
   Compiling glob v0.3.3
   Compiling getrandom v0.3.4
   Compiling fastrand v2.3.0
   Compiling tempfile v3.24.0
   Compiling console v0.15.11
   Compiling similar v2.7.0
   Compiling insta v1.46.0
   Compiling pollster v0.4.0
warning: constant `PROVENANCE_SCHEMA` is never used
  --> src/blizzard_ui_sync.rs:28:7
   |
28 | const PROVENANCE_SCHEMA: &str = "1";
   |       ^^^^^^^^^^^^^^^^^
   |
   = note: `#[warn(dead_code)]` (part of `#[warn(unused)]`) on by default

warning: associated function `new` is never used
   --> src/blizzard_ui_sync.rs:180:8
    |
179 | impl CacheProvenance {
    | -------------------- associated function in this implementation
180 |     fn new(
    |        ^^^

warning: function `remove_missing_marker` is never used
   --> src/blizzard_ui_sync.rs:663:4
    |
663 | fn remove_missing_marker(path: &Path) {
    |    ^^^^^^^^^^^^^^^^^^^^^

warning: function `ensure_known_asset_cached` is never used
  --> src/casc_asset_fallback.rs:93:15
   |
93 | pub(crate) fn ensure_known_asset_cached(_path: &str, _out_path: &Path) -> Option<PathBuf> {
   |               ^^^^^^^^^^^^^^^^^^^^^^^^^

warning: field `encoding_key_hex` is never read
  --> src/render/font.rs:44:5
   |
41 | struct WowFontFile {
   |        ----------- field in this struct
...
44 |     encoding_key_hex: Option<&'static str>,
   |     ^^^^^^^^^^^^^^^^

warning: `wow-ui-sim` (lib) generated 5 warnings
warning: unused import: `wow_ui_sim::saved_variables::SavedVariablesManager`
  --> src/bin/wow_sim/main.rs:20:5
   |
20 | use wow_ui_sim::saved_variables::SavedVariablesManager;
   |     ^^^^^^^^^^^^^^^^^^^^^^^^^^^^^^^^^^^^^^^^^^^^^^^^^^
   |
   = note: `#[warn(unused_imports)]` (part of `#[warn(unused)]`) on by default

warning: `wow-ui-sim` (bin "wow-sim") generated 1 warning (run `cargo fix --bin "wow-sim" -p wow-ui-sim` to apply 1 suggestion)
    Finished `test` profile [optimized + debuginfo] target(s) in 1m 42s
     Running tests/patch_3_0_2_factory.rs (/tmp/wow-ui-sim-p302-factory-target/debug/deps/patch_3_0_2_factory-75e0b4e7bd1c61d7)
[  0.000s] [Startup] WowLuaEnv::new begin
[  0.002s] [Startup] SimState::default complete in 2.13ms
[  0.002s] [Startup] rilua VM created in 158.43µs
[  0.002s] [Startup] builtin frames initialized in 64.65µs
[  0.002s] [Startup] template registry cleared in 6.06µs
[  0.002s] [Startup] intrinsic templates registered in 5.22µs
[  0.002s] [Startup] initial app_data lua handle installed in 611.00ns
[  0.100s] [Startup] init_lua_state complete in 97.92ms
[  0.100s] [Startup] final app_data lua handle installed in 301.00ns
[  0.100s] [Startup] initial screen globals installed in 60.40µs
[  0.100s] [Startup] WowLuaEnv::new complete

thread 'patch_3_0_2_exact_factory_publication_gaps' (2913459) panicked at tests/common/publication_sweep.rs:576:5:
assertion `left == right` failed: new gaps: ["wt-commands-FOCUSCAST-20", "wt-cvars-synchronizeSettings-17", "wt-framexml-InterfaceOptionsFrame_OpenToCategory-96", "wt-global-api-BackupMacros-226", "wt-global-api-BackupMacros-23", "wt-global-api-CalendarAddEvent-273", "wt-global-api-CalendarCanAddEvent-274", "wt-global-api-CalendarCanSendInvite-275", "wt-global-api-CalendarCloseEvent-276", "wt-global-api-CalendarContextEventCanComplain-277", "wt-global-api-CalendarContextEventCanEdit-278", "wt-global-api-CalendarContextEventClipboard-279", "wt-global-api-CalendarContextEventComplain-280", "wt-global-api-CalendarContextEventCopy-281", "wt-global-api-CalendarContextEventPaste-283", "wt-global-api-CalendarContextEventRemove-284", "wt-global-api-CalendarContextInviteAvailable-285", "wt-global-api-CalendarContextInviteDecline-286", "wt-global-api-CalendarContextInviteIsPending-287", "wt-global-api-CalendarContextInviteModeratorStatus-288", "wt-global-api-CalendarContextInviteRemove-289", "wt-global-api-CalendarContextInviteStatus-290", "wt-global-api-CalendarDefaultGuildFilter-291", "wt-global-api-CalendarEventAvailable-292", "wt-global-api-CalendarEventCanEdit-293", "wt-global-api-CalendarEventClearAutoApprove-294", "wt-global-api-CalendarEventClearLocked-295", "wt-global-api-CalendarEventClearModerator-296", "wt-global-api-CalendarEventDecline-297", "wt-global-api-CalendarEventGetInvite-298", "wt-global-api-CalendarEventGetInviteSortCriterion-299", "wt-global-api-CalendarEventGetNumInvites-300", "wt-global-api-CalendarEventGetRepeatOptions-301", "wt-global-api-CalendarEventGetSelectedInvite-302", "wt-global-api-CalendarEventGetStatusOptions-303", "wt-global-api-CalendarEventGetTextures-304", "wt-global-api-CalendarEventGetTypes-305", "wt-global-api-CalendarEventHasPendingInvite-306", "wt-global-api-CalendarEventHaveSettingsChanged-307", "wt-global-api-CalendarEventInvite-308", "wt-global-api-CalendarEventIsModerator-310", "wt-global-api-CalendarEventRemoveInvite-311", "wt-global-api-CalendarEventSelectInvite-312", "wt-global-api-CalendarEventSetAutoApprove-313", "wt-global-api-CalendarEventSetDate-314", "wt-global-api-CalendarEventSetDescription-315", "wt-global-api-CalendarEventSetLocked-316", "wt-global-api-CalendarEventSetLockoutDate-317", "wt-global-api-CalendarEventSetLockoutTime-318", "wt-global-api-CalendarEventSetModerator-319", "wt-global-api-CalendarEventSetRepeatOption-320", "wt-global-api-CalendarEventSetSize-321", "wt-global-api-CalendarEventSetStatus-322", "wt-global-api-CalendarEventSetTextureID-323", "wt-global-api-CalendarEventSetTime-324", "wt-global-api-CalendarEventSetTitle-325", "wt-global-api-CalendarEventSetType-326", "wt-global-api-CalendarEventSortInvites-327", "wt-global-api-CalendarGetAbsMonth-328", "wt-global-api-CalendarGetDate-329", "wt-global-api-CalendarGetDayEvent-330", "wt-global-api-CalendarGetEventIndex-331", "wt-global-api-CalendarGetEventInfo-332", "wt-global-api-CalendarGetFirstPendingInvite-333", "wt-global-api-CalendarGetHolidayInfo-334", "wt-global-api-CalendarGetMaxCreateDate-335", "wt-global-api-CalendarGetMaxDate-336", "wt-global-api-CalendarGetMinDate-337", "wt-global-api-CalendarGetMinHistoryDate-338", "wt-global-api-CalendarGetMonth-339", "wt-global-api-CalendarGetMonthNames-340", "wt-global-api-CalendarGetNumDayEvents-341", "wt-global-api-CalendarGetNumPendingInvites-342", "wt-global-api-CalendarGetRaidInfo-343", "wt-global-api-CalendarGetWeekdayNames-344", "wt-global-api-CalendarIsActionPending-345", "wt-global-api-CalendarNewEvent-347", "wt-global-api-CalendarNewGuildEvent-348", "wt-global-api-CalendarOpenEvent-350", "wt-global-api-CalendarRemoveEvent-351", "wt-global-api-CalendarSetAbsMonth-352", "wt-global-api-CalendarSetMonth-353", "wt-global-api-CalendarUpdateEvent-354", "wt-global-api-CallCompanion-251", "wt-global-api-CallCompanion-50", "wt-global-api-CanEditGuildEvent-105", "wt-global-api-CanHearthAndRessurectFromArea-106", "wt-global-api-CanSwitchVehicleSeats-192", "wt-global-api-CancelPlayerBuff-34", "wt-global-api-CancelUnitBuff-259", "wt-global-api-ClickLandmark-387", "wt-global-api-DismissCompanion-252", "wt-global-api-GetAchievementComparisonUnitInfo-162", "wt-global-api-GetAchievementNumRewards-168", "wt-global-api-GetCVarBool-18", "wt-global-api-GetCVarBool-439", "wt-global-api-GetCompanionInfo-254", "wt-global-api-GetCompanionInfo-48", "wt-global-api-GetCriteriaComparisonInfo-175", "wt-global-api-GetCurrentMapDungeonLevel-388", "wt-global-api-GetFacialHairCustomization-237", "wt-global-api-GetGlyphSocketInfo-371", "wt-global-api-GetHairCustomization-238", "wt-global-api-GetLatestCompletedComparisonAchievements-177", "wt-global-api-GetLatestUpdatedComparisonStats-178", "wt-global-api-GetLatestUpdatedStats-179", "wt-global-api-GetMapDebugObjectInfo-389", "wt-global-api-GetMovieSubtitles-401", "wt-global-api-GetNumBattlefieldVehicles-194", "wt-global-api-GetNumCompanions-253", "wt-global-api-GetNumCompanions-47", "wt-global-api-GetNumComparisonCompletedAchievements-181", "wt-global-api-GetNumDungeonMapLevels-390", "wt-global-api-GetNumGlyphSockets-372", "wt-global-api-GetNumMapDebugObjects-391", "wt-global-api-GetNumWatchedTokens-366", "wt-global-api-GetPetLoyalty-247", "wt-global-api-GetPetTalentPoints-242", "wt-global-api-GetPreviousArenaSeason-112", "wt-global-api-GetRewardTalents-114", "wt-global-api-GetRuneCooldown-380", "wt-global-api-GetRuneCount-381", "wt-global-api-GetRuneType-382", "wt-global-api-GetTradeSkillDescription-115", "wt-global-api-GetTradeSkillListLink-116", "wt-global-api-GetUnitPitch-117", "wt-global-api-GlyphMatchesSocket-373", "wt-global-api-HearthAndRessurectFromArea-119", "wt-global-api-IsDebugBuild-120", "wt-global-api-IsTradeSkillLinked-124", "wt-global-api-IsUsingVehicleControls-195", "wt-global-api-IsVehicleAimAngleAdjustable-196", "wt-global-api-IsVehicleAimPowerAdjustable-197", "wt-global-api-PetCanBeDismissed-243", "wt-global-api-PickupCompanion-256", "wt-global-api-PickupCompanion-49", "wt-global-api-PlaceGlyphInSocket-374", "wt-global-api-QuestBagButtonIDToInvSlotID-126", "wt-global-api-QuestFlagsPVP-127", "wt-global-api-RemoveGlyphFromSocket-375", "wt-global-api-RestoreMacros-228", "wt-global-api-RestoreMacros-23", "wt-global-api-SetDungeonMapLevel-392", "wt-global-api-SetMovieSubtitles-402", "wt-global-api-SetTrackedAchievement-188", "wt-global-api-SpellCanTargetGlyph-376", "wt-global-api-TeleportToDebugObject-393", "wt-global-api-UnitAura-260", "wt-global-api-UnitAura-30", "wt-global-api-UnitAura-32", "wt-global-api-UnitBuff-261", "wt-global-api-UnitBuff-32", "wt-global-api-UnitDebuff-262", "wt-global-api-UnitDebuff-32", "wt-global-api-UnitInVehicleControlSeat-201", "wt-global-api-UnitMana-133", "wt-global-api-UnitManaMax-134", "wt-global-api-UnitSwitchToVehicleSeat-202", "wt-global-api-UnitVehicleSeatCount-204", "wt-global-api-UnitVehicleSeatInfo-205", "wt-global-api-VehicleAimDecrement-207", "wt-global-api-VehicleAimDownStart-208", "wt-global-api-VehicleAimDownStop-209", "wt-global-api-VehicleAimGetNormPower-212", "wt-global-api-VehicleAimIncrement-213", "wt-global-api-VehicleAimRequestAngle-214", "wt-global-api-VehicleAimSetNormPower-216", "wt-global-api-VehicleAimUpStart-217", "wt-global-api-VehicleAimUpStop-218", "wt-global-api-VehicleNextSeat-222", "wt-global-api-VehiclePrevSeat-223", "wt-global-api-ZoomOut-394", "wt-global-api-getprinthandler-146", "wt-global-api-tostringall-147", "wt-widgets-Button:GetFont-482", "wt-widgets-Button:GetTextColor-484", "wt-widgets-Button:SetTextColor-486", "wt-widgets-GameTooltip:SetBackpackToken-461", "wt-widgets-GameTooltip:SetCurrencyToken-462", "wt-widgets-GameTooltip:SetUnitAura-36", "wt-widgets-GameTooltip:SetUnitAura-464", "wt-widgets-GameTooltip:SetUnitBuff-37", "wt-widgets-GameTooltip:SetUnitBuff-465", "wt-widgets-GameTooltip:SetUnitDebuff-38", "wt-widgets-GameTooltip:SetUnitDebuff-466", "wt-widgets-Model:SetGlow-490", "wt-widgets-OnTooltipSetAchievement-471", "wt-widgets-Texture:SetRotation-457"]; resolved/stale gaps: []
  left: {"wt-commands-FOCUSCAST-20", "wt-cvars-synchronizeSettings-17", "wt-framexml-InterfaceOptionsFrame_OpenToCategory-96", "wt-global-api-BackupMacros-226", "wt-global-api-BackupMacros-23", "wt-global-api-CalendarAddEvent-273", "wt-global-api-CalendarCanAddEvent-274", "wt-global-api-CalendarCanSendInvite-275", "wt-global-api-CalendarCloseEvent-276", "wt-global-api-CalendarContextEventCanComplain-277", "wt-global-api-CalendarContextEventCanEdit-278", "wt-global-api-CalendarContextEventClipboard-279", "wt-global-api-CalendarContextEventComplain-280", "wt-global-api-CalendarContextEventCopy-281", "wt-global-api-CalendarContextEventPaste-283", "wt-global-api-CalendarContextEventRemove-284", "wt-global-api-CalendarContextInviteAvailable-285", "wt-global-api-CalendarContextInviteDecline-286", "wt-global-api-CalendarContextInviteIsPending-287", "wt-global-api-CalendarContextInviteModeratorStatus-288", "wt-global-api-CalendarContextInviteRemove-289", "wt-global-api-CalendarContextInviteStatus-290", "wt-global-api-CalendarDefaultGuildFilter-291", "wt-global-api-CalendarEventAvailable-292", "wt-global-api-CalendarEventCanEdit-293", "wt-global-api-CalendarEventClearAutoApprove-294", "wt-global-api-CalendarEventClearLocked-295", "wt-global-api-CalendarEventClearModerator-296", "wt-global-api-CalendarEventDecline-297", "wt-global-api-CalendarEventGetInvite-298", "wt-global-api-CalendarEventGetInviteSortCriterion-299", "wt-global-api-CalendarEventGetNumInvites-300", "wt-global-api-CalendarEventGetRepeatOptions-301", "wt-global-api-CalendarEventGetSelectedInvite-302", "wt-global-api-CalendarEventGetStatusOptions-303", "wt-global-api-CalendarEventGetTextures-304", "wt-global-api-CalendarEventGetTypes-305", "wt-global-api-CalendarEventHasPendingInvite-306", "wt-global-api-CalendarEventHaveSettingsChanged-307", "wt-global-api-CalendarEventInvite-308", "wt-global-api-CalendarEventIsModerator-310", "wt-global-api-CalendarEventRemoveInvite-311", "wt-global-api-CalendarEventSelectInvite-312", "wt-global-api-CalendarEventSetAutoApprove-313", "wt-global-api-CalendarEventSetDate-314", "wt-global-api-CalendarEventSetDescription-315", "wt-global-api-CalendarEventSetLocked-316", "wt-global-api-CalendarEventSetLockoutDate-317", "wt-global-api-CalendarEventSetLockoutTime-318", "wt-global-api-CalendarEventSetModerator-319", "wt-global-api-CalendarEventSetRepeatOption-320", "wt-global-api-CalendarEventSetSize-321", "wt-global-api-CalendarEventSetStatus-322", "wt-global-api-CalendarEventSetTextureID-323", "wt-global-api-CalendarEventSetTime-324", "wt-global-api-CalendarEventSetTitle-325", "wt-global-api-CalendarEventSetType-326", "wt-global-api-CalendarEventSortInvites-327", "wt-global-api-CalendarGetAbsMonth-328", "wt-global-api-CalendarGetDate-329", "wt-global-api-CalendarGetDayEvent-330", "wt-global-api-CalendarGetEventIndex-331", "wt-global-api-CalendarGetEventInfo-332", "wt-global-api-CalendarGetFirstPendingInvite-333", "wt-global-api-CalendarGetHolidayInfo-334", "wt-global-api-CalendarGetMaxCreateDate-335", "wt-global-api-CalendarGetMaxDate-336", "wt-global-api-CalendarGetMinDate-337", "wt-global-api-CalendarGetMinHistoryDate-338", "wt-global-api-CalendarGetMonth-339", "wt-global-api-CalendarGetMonthNames-340", "wt-global-api-CalendarGetNumDayEvents-341", "wt-global-api-CalendarGetNumPendingInvites-342", "wt-global-api-CalendarGetRaidInfo-343", "wt-global-api-CalendarGetWeekdayNames-344", "wt-global-api-CalendarIsActionPending-345", "wt-global-api-CalendarNewEvent-347", "wt-global-api-CalendarNewGuildEvent-348", "wt-global-api-CalendarOpenEvent-350", "wt-global-api-CalendarRemoveEvent-351", "wt-global-api-CalendarSetAbsMonth-352", "wt-global-api-CalendarSetMonth-353", "wt-global-api-CalendarUpdateEvent-354", "wt-global-api-CallCompanion-251", "wt-global-api-CallCompanion-50", "wt-global-api-CanEditGuildEvent-105", "wt-global-api-CanHearthAndRessurectFromArea-106", "wt-global-api-CanSwitchVehicleSeats-192", "wt-global-api-CancelPlayerBuff-34", "wt-global-api-CancelUnitBuff-259", "wt-global-api-ClickLandmark-387", "wt-global-api-DismissCompanion-252", "wt-global-api-GetAchievementComparisonUnitInfo-162", "wt-global-api-GetAchievementNumRewards-168", "wt-global-api-GetCVarBool-18", "wt-global-api-GetCVarBool-439", "wt-global-api-GetCompanionInfo-254", "wt-global-api-GetCompanionInfo-48", "wt-global-api-GetCriteriaComparisonInfo-175", "wt-global-api-GetCurrentMapDungeonLevel-388", "wt-global-api-GetFacialHairCustomization-237", "wt-global-api-GetGlyphSocketInfo-371", "wt-global-api-GetHairCustomization-238", "wt-global-api-GetLatestCompletedComparisonAchievements-177", "wt-global-api-GetLatestUpdatedComparisonStats-178", "wt-global-api-GetLatestUpdatedStats-179", "wt-global-api-GetMapDebugObjectInfo-389", "wt-global-api-GetMovieSubtitles-401", "wt-global-api-GetNumBattlefieldVehicles-194", "wt-global-api-GetNumCompanions-253", "wt-global-api-GetNumCompanions-47", "wt-global-api-GetNumComparisonCompletedAchievements-181", "wt-global-api-GetNumDungeonMapLevels-390", "wt-global-api-GetNumGlyphSockets-372", "wt-global-api-GetNumMapDebugObjects-391", "wt-global-api-GetNumWatchedTokens-366", "wt-global-api-GetPetLoyalty-247", "wt-global-api-GetPetTalentPoints-242", "wt-global-api-GetPreviousArenaSeason-112", "wt-global-api-GetRewardTalents-114", "wt-global-api-GetRuneCooldown-380", "wt-global-api-GetRuneCount-381", "wt-global-api-GetRuneType-382", "wt-global-api-GetTradeSkillDescription-115", "wt-global-api-GetTradeSkillListLink-116", "wt-global-api-GetUnitPitch-117", "wt-global-api-GlyphMatchesSocket-373", "wt-global-api-HearthAndRessurectFromArea-119", "wt-global-api-IsDebugBuild-120", "wt-global-api-IsTradeSkillLinked-124", "wt-global-api-IsUsingVehicleControls-195", "wt-global-api-IsVehicleAimAngleAdjustable-196", "wt-global-api-IsVehicleAimPowerAdjustable-197", "wt-global-api-PetCanBeDismissed-243", "wt-global-api-PickupCompanion-256", "wt-global-api-PickupCompanion-49", "wt-global-api-PlaceGlyphInSocket-374", "wt-global-api-QuestBagButtonIDToInvSlotID-126", "wt-global-api-QuestFlagsPVP-127", "wt-global-api-RemoveGlyphFromSocket-375", "wt-global-api-RestoreMacros-228", "wt-global-api-RestoreMacros-23", "wt-global-api-SetDungeonMapLevel-392", "wt-global-api-SetMovieSubtitles-402", "wt-global-api-SetTrackedAchievement-188", "wt-global-api-SpellCanTargetGlyph-376", "wt-global-api-TeleportToDebugObject-393", "wt-global-api-UnitAura-260", "wt-global-api-UnitAura-30", "wt-global-api-UnitAura-32", "wt-global-api-UnitBuff-261", "wt-global-api-UnitBuff-32", "wt-global-api-UnitDebuff-262", "wt-global-api-UnitDebuff-32", "wt-global-api-UnitInVehicleControlSeat-201", "wt-global-api-UnitMana-133", "wt-global-api-UnitManaMax-134", "wt-global-api-UnitSwitchToVehicleSeat-202", "wt-global-api-UnitVehicleSeatCount-204", "wt-global-api-UnitVehicleSeatInfo-205", "wt-global-api-VehicleAimDecrement-207", "wt-global-api-VehicleAimDownStart-208", "wt-global-api-VehicleAimDownStop-209", "wt-global-api-VehicleAimGetNormPower-212", "wt-global-api-VehicleAimIncrement-213", "wt-global-api-VehicleAimRequestAngle-214", "wt-global-api-VehicleAimSetNormPower-216", "wt-global-api-VehicleAimUpStart-217", "wt-global-api-VehicleAimUpStop-218", "wt-global-api-VehicleNextSeat-222", "wt-global-api-VehiclePrevSeat-223", "wt-global-api-ZoomOut-394", "wt-global-api-getprinthandler-146", "wt-global-api-tostringall-147", "wt-widgets-Button:GetFont-482", "wt-widgets-Button:GetTextColor-484", "wt-widgets-Button:SetTextColor-486", "wt-widgets-GameTooltip:SetBackpackToken-461", "wt-widgets-GameTooltip:SetCurrencyToken-462", "wt-widgets-GameTooltip:SetUnitAura-36", "wt-widgets-GameTooltip:SetUnitAura-464", "wt-widgets-GameTooltip:SetUnitBuff-37", "wt-widgets-GameTooltip:SetUnitBuff-465", "wt-widgets-GameTooltip:SetUnitDebuff-38", "wt-widgets-GameTooltip:SetUnitDebuff-466", "wt-widgets-Model:SetGlow-490", "wt-widgets-OnTooltipSetAchievement-471", "wt-widgets-Texture:SetRotation-457"}
 right: {}
note: run with `RUST_BACKTRACE=1` environment variable to display a backtrace
error: test failed, to rerun pass `--test patch_3_0_2_factory`
