warning: iced-wgpu-patched/Cargo.toml: `lints.clippy.large-enum-variant` is deprecated in favor of `lints.clippy.large_enum_variant` and will not work in a future edition
warning: iced-wgpu-patched/Cargo.toml: `lints.clippy.map-entry` is deprecated in favor of `lints.clippy.map_entry` and will not work in a future edition
warning: iced-wgpu-patched/Cargo.toml: `lints.clippy.match-wildcard-for-single-variants` is deprecated in favor of `lints.clippy.match_wildcard_for_single_variants` and will not work in a future edition
warning: iced-wgpu-patched/Cargo.toml: `lints.clippy.redundant-closure-for-method-calls` is deprecated in favor of `lints.clippy.redundant_closure_for_method_calls` and will not work in a future edition
warning: iced-wgpu-patched/Cargo.toml: `lints.clippy.trivially-copy-pass-by-ref` is deprecated in favor of `lints.clippy.trivially_copy_pass_by_ref` and will not work in a future edition
warning: iced-wgpu-patched/Cargo.toml: `lints.clippy.type-complexity` is deprecated in favor of `lints.clippy.type_complexity` and will not work in a future edition
warning: `iced_wgpu` (manifest) generated 6 warnings
    Blocking waiting for file lock on package cache
    Blocking waiting for file lock on package cache
    Blocking waiting for file lock on package cache
   Compiling wow-ui-sim v0.1.0 (/home/osso/.worktrees/wow-ui-sim-p302-factory)
warning: constant `PROVENANCE_SCHEMA` is never used
  --> src/blizzard_ui_sync.rs:28:7
   |
28 | const PROVENANCE_SCHEMA: &str = "1";
   |       ^^^^^^^^^^^^^^^^^
   |
   = note: `#[warn(dead_code)]` (part of `#[warn(unused)]`) on by default

warning: associated function `new` is never used
   --> src/blizzard_ui_sync.rs:180:8
    |
179 | impl CacheProvenance {
    | -------------------- associated function in this implementation
180 |     fn new(
    |        ^^^

warning: function `remove_missing_marker` is never used
   --> src/blizzard_ui_sync.rs:663:4
    |
663 | fn remove_missing_marker(path: &Path) {
    |    ^^^^^^^^^^^^^^^^^^^^^

warning: function `ensure_known_asset_cached` is never used
  --> src/casc_asset_fallback.rs:93:15
   |
93 | pub(crate) fn ensure_known_asset_cached(_path: &str, _out_path: &Path) -> Option<PathBuf> {
   |               ^^^^^^^^^^^^^^^^^^^^^^^^^

warning: field `encoding_key_hex` is never read
  --> src/render/font.rs:44:5
   |
41 | struct WowFontFile {
   |        ----------- field in this struct
...
44 |     encoding_key_hex: Option<&'static str>,
   |     ^^^^^^^^^^^^^^^^

warning: `wow-ui-sim` (lib) generated 5 warnings
warning: unused import: `wow_ui_sim::saved_variables::SavedVariablesManager`
  --> src/bin/wow_sim/main.rs:20:5
   |
20 | use wow_ui_sim::saved_variables::SavedVariablesManager;
   |     ^^^^^^^^^^^^^^^^^^^^^^^^^^^^^^^^^^^^^^^^^^^^^^^^^^
   |
   = note: `#[warn(unused_imports)]` (part of `#[warn(unused)]`) on by default

warning: `wow-ui-sim` (bin "wow-sim") generated 1 warning (run `cargo fix --bin "wow-sim" -p wow-ui-sim` to apply 1 suggestion)
    Finished `test` profile [optimized + debuginfo] target(s) in 13.54s
     Running tests/patch_3_0_2_factory.rs (/tmp/wow-ui-sim-p302-factory-target/debug/deps/patch_3_0_2_factory-75e0b4e7bd1c61d7)
[  0.000s] [Startup] WowLuaEnv::new begin
[  0.000s] [Startup] WowLuaEnv::new begin
[  0.000s] [Startup] WowLuaEnv::new begin
[  0.000s] [Startup] WowLuaEnv::new begin
[  0.000s] [Startup] WowLuaEnv::new begin
[  0.000s] [Startup] WowLuaEnv::new begin
[  0.002s] [Startup] SimState::default complete in 1.81ms
[  0.002s] [Startup] SimState::default complete in 1.82ms
[  0.002s] [Startup] SimState::default complete in 1.66ms
[  0.002s] [Startup] SimState::default complete in 1.65ms
[  0.002s] [Startup] SimState::default complete in 1.65ms
[  0.002s] [Startup] SimState::default complete in 1.67ms
[  0.002s] [Startup] rilua VM created in 105.19µs
[  0.002s] [Startup] rilua VM created in 96.76µs
[  0.002s] [Startup] rilua VM created in 102.53µs
[  0.002s] [Startup] rilua VM created in 94.74µs
[  0.002s] [Startup] rilua VM created in 106.34µs
[  0.002s] [Startup] rilua VM created in 99.38µs
[  0.002s] [Startup] builtin frames initialized in 89.20µs
[  0.002s] [Startup] builtin frames initialized in 81.44µs
[  0.002s] [Startup] builtin frames initialized in 89.18µs
[  0.002s] [Startup] builtin frames initialized in 93.22µs
[  0.002s] [Startup] builtin frames initialized in 89.40µs
[  0.002s] [Startup] template registry cleared in 6.80µs
[  0.002s] [Startup] template registry cleared in 2.43µs
[  0.002s] [Startup] template registry cleared in 4.35µs
[  0.002s] [Startup] builtin frames initialized in 98.43µs
[  0.002s] [Startup] intrinsic templates registered in 3.79µs
[  0.002s] [Startup] intrinsic templates registered in 2.52µs
[  0.002s] [Startup] initial app_data lua handle installed in 531.00ns
[  0.002s] [Startup] template registry cleared in 1.95µs
[  0.002s] [Startup] intrinsic templates registered in 4.10µs
[  0.002s] [Startup] template registry cleared in 1.53µs
[  0.002s] [Startup] intrinsic templates registered in 2.83µs
[  0.002s] [Startup] initial app_data lua handle installed in 360.00ns
[  0.002s] [Startup] initial app_data lua handle installed in 140.00ns
[  0.002s] [Startup] intrinsic templates registered in 2.78µs
[  0.002s] [Startup] initial app_data lua handle installed in 180.00ns
[  0.002s] [Startup] template registry cleared in 2.25µs
[  0.002s] [Startup] initial app_data lua handle installed in 451.00ns
[  0.002s] [Startup] intrinsic templates registered in 3.38µs
[  0.002s] [Startup] initial app_data lua handle installed in 140.00ns
[  0.113s] [Startup] init_lua_state complete in 110.78ms
[  0.113s] [Startup] final app_data lua handle installed in 210.00ns
[  0.113s] [Startup] initial screen globals installed in 81.68µs
[  0.113s] [Startup] WowLuaEnv::new complete
current-retail interface: 120100
[  0.113s] [Startup] init_lua_state complete in 110.89ms
[  0.113s] [Startup] final app_data lua handle installed in 540.00ns
[  0.113s] [Startup] init_lua_state complete in 110.87ms
[  0.113s] [Startup] final app_data lua handle installed in 500.00ns
[  0.113s] [Startup] init_lua_state complete in 111.00ms
[  0.113s] [Startup] final app_data lua handle installed in 160.00ns
[  0.113s] [Startup] initial screen globals installed in 83.34µs
[  0.113s] [Startup] initial screen globals installed in 88.82µs
[  0.113s] [Startup] WowLuaEnv::new complete
[  0.113s] [Startup] WowLuaEnv::new complete
[  0.113s] [Startup] initial screen globals installed in 59.10µs
[  0.113s] [Startup] WowLuaEnv::new complete
retail event catalog control: (false, true, true, true, true)
FrameXML/handler/shared-method control: ("nil", "nil", false, "GameTooltip", "function")
[  0.113s] [Startup] init_lua_state complete in 111.39ms
[  0.113s] [Startup] final app_data lua handle installed in 170.00ns
[  0.114s] [Startup] initial screen globals installed in 72.41µs
[  0.114s] [Startup] WowLuaEnv::new complete
click modifier control: ("NONE", "NONE")
[  0.114s] [Startup] init_lua_state complete in 111.52ms
[  0.114s] [Startup] final app_data lua handle installed in 171.00ns
[  0.114s] [Startup] initial screen globals installed in 66.22µs
[  0.114s] [Startup] WowLuaEnv::new complete

thread 'factory_rejects_classic_before_reading_cache' (2915702) panicked at tests/common/publication_sweep.rs:546:5:
register client line does not match active profile
note: run with `RUST_BACKTRACE=1` environment variable to display a backtrace
console catalog control: (true, 14)

thread 'console_catalog_distinguishes_cvar_records_from_commands' (2915701) panicked at tests/patch_3_0_2_factory.rs:197:5:
assertion `left == right` failed
  left: (true, 14)
 right: (true, 0)
error: test failed, to rerun pass `--test patch_3_0_2_factory`
