warning: iced-wgpu-patched/Cargo.toml: `lints.clippy.large-enum-variant` is deprecated in favor of `lints.clippy.large_enum_variant` and will not work in a future edition
warning: iced-wgpu-patched/Cargo.toml: `lints.clippy.map-entry` is deprecated in favor of `lints.clippy.map_entry` and will not work in a future edition
warning: iced-wgpu-patched/Cargo.toml: `lints.clippy.match-wildcard-for-single-variants` is deprecated in favor of `lints.clippy.match_wildcard_for_single_variants` and will not work in a future edition
warning: iced-wgpu-patched/Cargo.toml: `lints.clippy.redundant-closure-for-method-calls` is deprecated in favor of `lints.clippy.redundant_closure_for_method_calls` and will not work in a future edition
warning: iced-wgpu-patched/Cargo.toml: `lints.clippy.trivially-copy-pass-by-ref` is deprecated in favor of `lints.clippy.trivially_copy_pass_by_ref` and will not work in a future edition
warning: iced-wgpu-patched/Cargo.toml: `lints.clippy.type-complexity` is deprecated in favor of `lints.clippy.type_complexity` and will not work in a future edition
warning: `iced_wgpu` (manifest) generated 6 warnings
    Blocking waiting for file lock on package cache
    Blocking waiting for file lock on package cache
    Blocking waiting for file lock on package cache
    Blocking waiting for file lock on build directory
warning: constant `PROVENANCE_SCHEMA` is never used
  --> src/blizzard_ui_sync.rs:28:7
   |
28 | const PROVENANCE_SCHEMA: &str = "1";
   |       ^^^^^^^^^^^^^^^^^
   |
   = note: `#[warn(dead_code)]` (part of `#[warn(unused)]`) on by default

warning: associated function `new` is never used
   --> src/blizzard_ui_sync.rs:180:8
    |
179 | impl CacheProvenance {
    | -------------------- associated function in this implementation
180 |     fn new(
    |        ^^^

warning: function `remove_missing_marker` is never used
   --> src/blizzard_ui_sync.rs:663:4
    |
663 | fn remove_missing_marker(path: &Path) {
    |    ^^^^^^^^^^^^^^^^^^^^^

warning: function `ensure_known_asset_cached` is never used
  --> src/casc_asset_fallback.rs:93:15
   |
93 | pub(crate) fn ensure_known_asset_cached(_path: &str, _out_path: &Path) -> Option<PathBuf> {
   |               ^^^^^^^^^^^^^^^^^^^^^^^^^

warning: field `encoding_key_hex` is never read
  --> src/render/font.rs:44:5
   |
41 | struct WowFontFile {
   |        ----------- field in this struct
...
44 |     encoding_key_hex: Option<&'static str>,
   |     ^^^^^^^^^^^^^^^^

warning: `wow-ui-sim` (lib) generated 5 warnings
warning: unused import: `wow_ui_sim::saved_variables::SavedVariablesManager`
  --> src/bin/wow_sim/main.rs:20:5
   |
20 | use wow_ui_sim::saved_variables::SavedVariablesManager;
   |     ^^^^^^^^^^^^^^^^^^^^^^^^^^^^^^^^^^^^^^^^^^^^^^^^^^
   |
   = note: `#[warn(unused_imports)]` (part of `#[warn(unused)]`) on by default

warning: `wow-ui-sim` (bin "wow-sim") generated 1 warning (run `cargo fix --bin "wow-sim" -p wow-ui-sim` to apply 1 suggestion)
    Finished `test` profile [optimized + debuginfo] target(s) in 13.58s
     Running tests/patch_3_0_2_factory.rs (/tmp/wow-ui-sim-p302-factory-target/debug/deps/patch_3_0_2_factory-75e0b4e7bd1c61d7)
[  0.000s] [Startup] WowLuaEnv::new begin
[  0.002s] [Startup] SimState::default complete in 1.64ms
[  0.002s] [Startup] rilua VM created in 103.92µs
[  0.002s] [Startup] builtin frames initialized in 67.17µs
[  0.002s] [Startup] template registry cleared in 5.78µs
[  0.002s] [Startup] intrinsic templates registered in 6.42µs
[  0.002s] [Startup] initial app_data lua handle installed in 371.00ns
[  0.104s] [Startup] init_lua_state complete in 101.86ms
[  0.104s] [Startup] final app_data lua handle installed in 80.00ns
[  0.104s] [Startup] initial screen globals installed in 54.43µs
[  0.104s] [Startup] WowLuaEnv::new complete
current-retail interface: 120100

thread 'patch_3_0_2_exact_factory_publication_gaps' (2915707) panicked at tests/common/publication_sweep.rs:576:5:
assertion `left == right` failed: new gaps: ["wt-global-api-AutoLootMailItem-103"]; resolved/stale gaps: []
  left: {"wt-commands-FOCUSCAST-20", "wt-cvars-synchronizeSettings-17", "wt-framexml-InterfaceOptionsFrame_OpenToCategory-96", "wt-global-api-AutoLootMailItem-103", "wt-global-api-BackupMacros-226", "wt-global-api-BackupMacros-23", "wt-global-api-CalendarAddEvent-273", "wt-global-api-CalendarCanAddEvent-274", "wt-global-api-CalendarCanSendInvite-275", "wt-global-api-CalendarCloseEvent-276", "wt-global-api-CalendarContextEventCanComplain-277", "wt-global-api-CalendarContextEventCanEdit-278", "wt-global-api-CalendarContextEventClipboard-279", "wt-global-api-CalendarContextEventComplain-280", "wt-global-api-CalendarContextEventCopy-281", "wt-global-api-CalendarContextEventPaste-283", "wt-global-api-CalendarContextEventRemove-284", "wt-global-api-CalendarContextInviteAvailable-285", "wt-global-api-CalendarContextInviteDecline-286", "wt-global-api-CalendarContextInviteIsPending-287", "wt-global-api-CalendarContextInviteModeratorStatus-288", "wt-global-api-CalendarContextInviteRemove-289", "wt-global-api-CalendarContextInviteStatus-290", "wt-global-api-CalendarDefaultGuildFilter-291", "wt-global-api-CalendarEventAvailable-292", "wt-global-api-CalendarEventCanEdit-293", "wt-global-api-CalendarEventClearAutoApprove-294", "wt-global-api-CalendarEventClearLocked-295", "wt-global-api-CalendarEventClearModerator-296", "wt-global-api-CalendarEventDecline-297", "wt-global-api-CalendarEventGetInvite-298", "wt-global-api-CalendarEventGetInviteSortCriterion-299", "wt-global-api-CalendarEventGetNumInvites-300", "wt-global-api-CalendarEventGetRepeatOptions-301", "wt-global-api-CalendarEventGetSelectedInvite-302", "wt-global-api-CalendarEventGetStatusOptions-303", "wt-global-api-CalendarEventGetTextures-304", "wt-global-api-CalendarEventGetTypes-305", "wt-global-api-CalendarEventHasPendingInvite-306", "wt-global-api-CalendarEventHaveSettingsChanged-307", "wt-global-api-CalendarEventInvite-308", "wt-global-api-CalendarEventIsModerator-310", "wt-global-api-CalendarEventRemoveInvite-311", "wt-global-api-CalendarEventSelectInvite-312", "wt-global-api-CalendarEventSetAutoApprove-313", "wt-global-api-CalendarEventSetDate-314", "wt-global-api-CalendarEventSetDescription-315", "wt-global-api-CalendarEventSetLocked-316", "wt-global-api-CalendarEventSetLockoutDate-317", "wt-global-api-CalendarEventSetLockoutTime-318", "wt-global-api-CalendarEventSetModerator-319", "wt-global-api-CalendarEventSetRepeatOption-320", "wt-global-api-CalendarEventSetSize-321", "wt-global-api-CalendarEventSetStatus-322", "wt-global-api-CalendarEventSetTextureID-323", "wt-global-api-CalendarEventSetTime-324", "wt-global-api-CalendarEventSetTitle-325", "wt-global-api-CalendarEventSetType-326", "wt-global-api-CalendarEventSortInvites-327", "wt-global-api-CalendarGetAbsMonth-328", "wt-global-api-CalendarGetDate-329", "wt-global-api-CalendarGetDayEvent-330", "wt-global-api-CalendarGetEventIndex-331", "wt-global-api-CalendarGetEventInfo-332", "wt-global-api-CalendarGetFirstPendingInvite-333", "wt-global-api-CalendarGetHolidayInfo-334", "wt-global-api-CalendarGetMaxCreateDate-335", "wt-global-api-CalendarGetMaxDate-336", "wt-global-api-CalendarGetMinDate-337", "wt-global-api-CalendarGetMinHistoryDate-338", "wt-global-api-CalendarGetMonth-339", "wt-global-api-CalendarGetMonthNames-340", "wt-global-api-CalendarGetNumDayEvents-341", "wt-global-api-CalendarGetNumPendingInvites-342", "wt-global-api-CalendarGetRaidInfo-343", "wt-global-api-CalendarGetWeekdayNames-344", "wt-global-api-CalendarIsActionPending-345", "wt-global-api-CalendarNewEvent-347", "wt-global-api-CalendarNewGuildEvent-348", "wt-global-api-CalendarOpenEvent-350", "wt-global-api-CalendarRemoveEvent-351", "wt-global-api-CalendarSetAbsMonth-352", "wt-global-api-CalendarSetMonth-353", "wt-global-api-CalendarUpdateEvent-354", "wt-global-api-CallCompanion-251", "wt-global-api-CallCompanion-50", "wt-global-api-CanEditGuildEvent-105", "wt-global-api-CanHearthAndRessurectFromArea-106", "wt-global-api-CanSwitchVehicleSeats-192", "wt-global-api-CancelPlayerBuff-34", "wt-global-api-CancelUnitBuff-259", "wt-global-api-ClickLandmark-387", "wt-global-api-DismissCompanion-252", "wt-global-api-GetAchievementComparisonUnitInfo-162", "wt-global-api-GetAchievementNumRewards-168", "wt-global-api-GetCVarBool-18", "wt-global-api-GetCVarBool-439", "wt-global-api-GetCompanionInfo-254", "wt-global-api-GetCompanionInfo-48", "wt-global-api-GetCriteriaComparisonInfo-175", "wt-global-api-GetCurrentMapDungeonLevel-388", "wt-global-api-GetFacialHairCustomization-237", "wt-global-api-GetGlyphSocketInfo-371", "wt-global-api-GetHairCustomization-238", "wt-global-api-GetLatestCompletedComparisonAchievements-177", "wt-global-api-GetLatestUpdatedComparisonStats-178", "wt-global-api-GetLatestUpdatedStats-179", "wt-global-api-GetMapDebugObjectInfo-389", "wt-global-api-GetMovieSubtitles-401", "wt-global-api-GetNumBattlefieldVehicles-194", "wt-global-api-GetNumCompanions-253", "wt-global-api-GetNumCompanions-47", "wt-global-api-GetNumComparisonCompletedAchievements-181", "wt-global-api-GetNumDungeonMapLevels-390", "wt-global-api-GetNumGlyphSockets-372", "wt-global-api-GetNumMapDebugObjects-391", "wt-global-api-GetNumWatchedTokens-366", "wt-global-api-GetPetLoyalty-247", "wt-global-api-GetPetTalentPoints-242", "wt-global-api-GetPreviousArenaSeason-112", "wt-global-api-GetRewardTalents-114", "wt-global-api-GetRuneCooldown-380", "wt-global-api-GetRuneCount-381", "wt-global-api-GetRuneType-382", "wt-global-api-GetTradeSkillDescription-115", "wt-global-api-GetTradeSkillListLink-116", "wt-global-api-GetUnitPitch-117", "wt-global-api-GlyphMatchesSocket-373", "wt-global-api-HearthAndRessurectFromArea-119", "wt-global-api-IsDebugBuild-120", "wt-global-api-IsTradeSkillLinked-124", "wt-global-api-IsUsingVehicleControls-195", "wt-global-api-IsVehicleAimAngleAdjustable-196", "wt-global-api-IsVehicleAimPowerAdjustable-197", "wt-global-api-PetCanBeDismissed-243", "wt-global-api-PickupCompanion-256", "wt-global-api-PickupCompanion-49", "wt-global-api-PlaceGlyphInSocket-374", "wt-global-api-QuestBagButtonIDToInvSlotID-126", "wt-global-api-QuestFlagsPVP-127", "wt-global-api-RemoveGlyphFromSocket-375", "wt-global-api-RestoreMacros-228", "wt-global-api-RestoreMacros-23", "wt-global-api-SetDungeonMapLevel-392", "wt-global-api-SetMovieSubtitles-402", "wt-global-api-SetTrackedAchievement-188", "wt-global-api-SpellCanTargetGlyph-376", "wt-global-api-TeleportToDebugObject-393", "wt-global-api-UnitAura-260", "wt-global-api-UnitAura-30", "wt-global-api-UnitAura-32", "wt-global-api-UnitBuff-261", "wt-global-api-UnitBuff-32", "wt-global-api-UnitDebuff-262", "wt-global-api-UnitDebuff-32", "wt-global-api-UnitInVehicleControlSeat-201", "wt-global-api-UnitMana-133", "wt-global-api-UnitManaMax-134", "wt-global-api-UnitSwitchToVehicleSeat-202", "wt-global-api-UnitVehicleSeatCount-204", "wt-global-api-UnitVehicleSeatInfo-205", "wt-global-api-VehicleAimDecrement-207", "wt-global-api-VehicleAimDownStart-208", "wt-global-api-VehicleAimDownStop-209", "wt-global-api-VehicleAimGetNormPower-212", "wt-global-api-VehicleAimIncrement-213", "wt-global-api-VehicleAimRequestAngle-214", "wt-global-api-VehicleAimSetNormPower-216", "wt-global-api-VehicleAimUpStart-217", "wt-global-api-VehicleAimUpStop-218", "wt-global-api-VehicleNextSeat-222", "wt-global-api-VehiclePrevSeat-223", "wt-global-api-ZoomOut-394", "wt-global-api-getprinthandler-146", "wt-global-api-tostringall-147", "wt-widgets-Button:GetFont-482", "wt-widgets-Button:GetTextColor-484", "wt-widgets-Button:SetTextColor-486", "wt-widgets-GameTooltip:SetBackpackToken-461", "wt-widgets-GameTooltip:SetCurrencyToken-462", "wt-widgets-GameTooltip:SetUnitAura-36", "wt-widgets-GameTooltip:SetUnitAura-464", "wt-widgets-GameTooltip:SetUnitBuff-37", "wt-widgets-GameTooltip:SetUnitBuff-465", "wt-widgets-GameTooltip:SetUnitDebuff-38", "wt-widgets-GameTooltip:SetUnitDebuff-466", "wt-widgets-Model:SetGlow-490", "wt-widgets-OnTooltipSetAchievement-471", "wt-widgets-Texture:SetRotation-457"}
 right: {"wt-commands-FOCUSCAST-20", "wt-cvars-synchronizeSettings-17", "wt-framexml-InterfaceOptionsFrame_OpenToCategory-96", "wt-global-api-BackupMacros-226", "wt-global-api-BackupMacros-23", "wt-global-api-CalendarAddEvent-273", "wt-global-api-CalendarCanAddEvent-274", "wt-global-api-CalendarCanSendInvite-275", "wt-global-api-CalendarCloseEvent-276", "wt-global-api-CalendarContextEventCanComplain-277", "wt-global-api-CalendarContextEventCanEdit-278", "wt-global-api-CalendarContextEventClipboard-279", "wt-global-api-CalendarContextEventComplain-280", "wt-global-api-CalendarContextEventCopy-281", "wt-global-api-CalendarContextEventPaste-283", "wt-global-api-CalendarContextEventRemove-284", "wt-global-api-CalendarContextInviteAvailable-285", "wt-global-api-CalendarContextInviteDecline-286", "wt-global-api-CalendarContextInviteIsPending-287", "wt-global-api-CalendarContextInviteModeratorStatus-288", "wt-global-api-CalendarContextInviteRemove-289", "wt-global-api-CalendarContextInviteStatus-290", "wt-global-api-CalendarDefaultGuildFilter-291", "wt-global-api-CalendarEventAvailable-292", "wt-global-api-CalendarEventCanEdit-293", "wt-global-api-CalendarEventClearAutoApprove-294", "wt-global-api-CalendarEventClearLocked-295", "wt-global-api-CalendarEventClearModerator-296", "wt-global-api-CalendarEventDecline-297", "wt-global-api-CalendarEventGetInvite-298", "wt-global-api-CalendarEventGetInviteSortCriterion-299", "wt-global-api-CalendarEventGetNumInvites-300", "wt-global-api-CalendarEventGetRepeatOptions-301", "wt-global-api-CalendarEventGetSelectedInvite-302", "wt-global-api-CalendarEventGetStatusOptions-303", "wt-global-api-CalendarEventGetTextures-304", "wt-global-api-CalendarEventGetTypes-305", "wt-global-api-CalendarEventHasPendingInvite-306", "wt-global-api-CalendarEventHaveSettingsChanged-307", "wt-global-api-CalendarEventInvite-308", "wt-global-api-CalendarEventIsModerator-310", "wt-global-api-CalendarEventRemoveInvite-311", "wt-global-api-CalendarEventSelectInvite-312", "wt-global-api-CalendarEventSetAutoApprove-313", "wt-global-api-CalendarEventSetDate-314", "wt-global-api-CalendarEventSetDescription-315", "wt-global-api-CalendarEventSetLocked-316", "wt-global-api-CalendarEventSetLockoutDate-317", "wt-global-api-CalendarEventSetLockoutTime-318", "wt-global-api-CalendarEventSetModerator-319", "wt-global-api-CalendarEventSetRepeatOption-320", "wt-global-api-CalendarEventSetSize-321", "wt-global-api-CalendarEventSetStatus-322", "wt-global-api-CalendarEventSetTextureID-323", "wt-global-api-CalendarEventSetTime-324", "wt-global-api-CalendarEventSetTitle-325", "wt-global-api-CalendarEventSetType-326", "wt-global-api-CalendarEventSortInvites-327", "wt-global-api-CalendarGetAbsMonth-328", "wt-global-api-CalendarGetDate-329", "wt-global-api-CalendarGetDayEvent-330", "wt-global-api-CalendarGetEventIndex-331", "wt-global-api-CalendarGetEventInfo-332", "wt-global-api-CalendarGetFirstPendingInvite-333", "wt-global-api-CalendarGetHolidayInfo-334", "wt-global-api-CalendarGetMaxCreateDate-335", "wt-global-api-CalendarGetMaxDate-336", "wt-global-api-CalendarGetMinDate-337", "wt-global-api-CalendarGetMinHistoryDate-338", "wt-global-api-CalendarGetMonth-339", "wt-global-api-CalendarGetMonthNames-340", "wt-global-api-CalendarGetNumDayEvents-341", "wt-global-api-CalendarGetNumPendingInvites-342", "wt-global-api-CalendarGetRaidInfo-343", "wt-global-api-CalendarGetWeekdayNames-344", "wt-global-api-CalendarIsActionPending-345", "wt-global-api-CalendarNewEvent-347", "wt-global-api-CalendarNewGuildEvent-348", "wt-global-api-CalendarOpenEvent-350", "wt-global-api-CalendarRemoveEvent-351", "wt-global-api-CalendarSetAbsMonth-352", "wt-global-api-CalendarSetMonth-353", "wt-global-api-CalendarUpdateEvent-354", "wt-global-api-CallCompanion-251", "wt-global-api-CallCompanion-50", "wt-global-api-CanEditGuildEvent-105", "wt-global-api-CanHearthAndRessurectFromArea-106", "wt-global-api-CanSwitchVehicleSeats-192", "wt-global-api-CancelPlayerBuff-34", "wt-global-api-CancelUnitBuff-259", "wt-global-api-ClickLandmark-387", "wt-global-api-DismissCompanion-252", "wt-global-api-GetAchievementComparisonUnitInfo-162", "wt-global-api-GetAchievementNumRewards-168", "wt-global-api-GetCVarBool-18", "wt-global-api-GetCVarBool-439", "wt-global-api-GetCompanionInfo-254", "wt-global-api-GetCompanionInfo-48", "wt-global-api-GetCriteriaComparisonInfo-175", "wt-global-api-GetCurrentMapDungeonLevel-388", "wt-global-api-GetFacialHairCustomization-237", "wt-global-api-GetGlyphSocketInfo-371", "wt-global-api-GetHairCustomization-238", "wt-global-api-GetLatestCompletedComparisonAchievements-177", "wt-global-api-GetLatestUpdatedComparisonStats-178", "wt-global-api-GetLatestUpdatedStats-179", "wt-global-api-GetMapDebugObjectInfo-389", "wt-global-api-GetMovieSubtitles-401", "wt-global-api-GetNumBattlefieldVehicles-194", "wt-global-api-GetNumCompanions-253", "wt-global-api-GetNumCompanions-47", "wt-global-api-GetNumComparisonCompletedAchievements-181", "wt-global-api-GetNumDungeonMapLevels-390", "wt-global-api-GetNumGlyphSockets-372", "wt-global-api-GetNumMapDebugObjects-391", "wt-global-api-GetNumWatchedTokens-366", "wt-global-api-GetPetLoyalty-247", "wt-global-api-GetPetTalentPoints-242", "wt-global-api-GetPreviousArenaSeason-112", "wt-global-api-GetRewardTalents-114", "wt-global-api-GetRuneCooldown-380", "wt-global-api-GetRuneCount-381", "wt-global-api-GetRuneType-382", "wt-global-api-GetTradeSkillDescription-115", "wt-global-api-GetTradeSkillListLink-116", "wt-global-api-GetUnitPitch-117", "wt-global-api-GlyphMatchesSocket-373", "wt-global-api-HearthAndRessurectFromArea-119", "wt-global-api-IsDebugBuild-120", "wt-global-api-IsTradeSkillLinked-124", "wt-global-api-IsUsingVehicleControls-195", "wt-global-api-IsVehicleAimAngleAdjustable-196", "wt-global-api-IsVehicleAimPowerAdjustable-197", "wt-global-api-PetCanBeDismissed-243", "wt-global-api-PickupCompanion-256", "wt-global-api-PickupCompanion-49", "wt-global-api-PlaceGlyphInSocket-374", "wt-global-api-QuestBagButtonIDToInvSlotID-126", "wt-global-api-QuestFlagsPVP-127", "wt-global-api-RemoveGlyphFromSocket-375", "wt-global-api-RestoreMacros-228", "wt-global-api-RestoreMacros-23", "wt-global-api-SetDungeonMapLevel-392", "wt-global-api-SetMovieSubtitles-402", "wt-global-api-SetTrackedAchievement-188", "wt-global-api-SpellCanTargetGlyph-376", "wt-global-api-TeleportToDebugObject-393", "wt-global-api-UnitAura-260", "wt-global-api-UnitAura-30", "wt-global-api-UnitAura-32", "wt-global-api-UnitBuff-261", "wt-global-api-UnitBuff-32", "wt-global-api-UnitDebuff-262", "wt-global-api-UnitDebuff-32", "wt-global-api-UnitInVehicleControlSeat-201", "wt-global-api-UnitMana-133", "wt-global-api-UnitManaMax-134", "wt-global-api-UnitSwitchToVehicleSeat-202", "wt-global-api-UnitVehicleSeatCount-204", "wt-global-api-UnitVehicleSeatInfo-205", "wt-global-api-VehicleAimDecrement-207", "wt-global-api-VehicleAimDownStart-208", "wt-global-api-VehicleAimDownStop-209", "wt-global-api-VehicleAimGetNormPower-212", "wt-global-api-VehicleAimIncrement-213", "wt-global-api-VehicleAimRequestAngle-214", "wt-global-api-VehicleAimSetNormPower-216", "wt-global-api-VehicleAimUpStart-217", "wt-global-api-VehicleAimUpStop-218", "wt-global-api-VehicleNextSeat-222", "wt-global-api-VehiclePrevSeat-223", "wt-global-api-ZoomOut-394", "wt-global-api-getprinthandler-146", "wt-global-api-tostringall-147", "wt-widgets-Button:GetFont-482", "wt-widgets-Button:GetTextColor-484", "wt-widgets-Button:SetTextColor-486", "wt-widgets-GameTooltip:SetBackpackToken-461", "wt-widgets-GameTooltip:SetCurrencyToken-462", "wt-widgets-GameTooltip:SetUnitAura-36", "wt-widgets-GameTooltip:SetUnitAura-464", "wt-widgets-GameTooltip:SetUnitBuff-37", "wt-widgets-GameTooltip:SetUnitBuff-465", "wt-widgets-GameTooltip:SetUnitDebuff-38", "wt-widgets-GameTooltip:SetUnitDebuff-466", "wt-widgets-Model:SetGlow-490", "wt-widgets-OnTooltipSetAchievement-471", "wt-widgets-Texture:SetRotation-457"}
note: run with `RUST_BACKTRACE=1` environment variable to display a backtrace
error: test failed, to rerun pass `--test patch_3_0_2_factory`
