
running 1 test
test patch_10_2_6_publication_sweep::patch_10_2_6_publication_sweep ... FAILED

failures:

failures:
    patch_10_2_6_publication_sweep::patch_10_2_6_publication_sweep

test result: FAILED. 0 passed; 1 failed; 0 ignored; 0 measured; 10818 filtered out; finished in 29.57s

warning: iced-wgpu-patched/Cargo.toml: `lints.clippy.large-enum-variant` is deprecated in favor of `lints.clippy.large_enum_variant` and will not work in a future edition
warning: iced-wgpu-patched/Cargo.toml: `lints.clippy.map-entry` is deprecated in favor of `lints.clippy.map_entry` and will not work in a future edition
warning: iced-wgpu-patched/Cargo.toml: `lints.clippy.match-wildcard-for-single-variants` is deprecated in favor of `lints.clippy.match_wildcard_for_single_variants` and will not work in a future edition
warning: iced-wgpu-patched/Cargo.toml: `lints.clippy.redundant-closure-for-method-calls` is deprecated in favor of `lints.clippy.redundant_closure_for_method_calls` and will not work in a future edition
warning: iced-wgpu-patched/Cargo.toml: `lints.clippy.trivially-copy-pass-by-ref` is deprecated in favor of `lints.clippy.trivially_copy_pass_by_ref` and will not work in a future edition
warning: iced-wgpu-patched/Cargo.toml: `lints.clippy.type-complexity` is deprecated in favor of `lints.clippy.type_complexity` and will not work in a future edition
warning: `iced_wgpu` (manifest) generated 6 warnings
    Finished `test` profile [optimized + debuginfo] target(s) in 1.22s
     Running tests/integration.rs (target/debug/deps/integration-aef10a2b503e13d5)
[  0.000s] [Startup] WowLuaEnv::new begin
[  0.014s] [Startup] SimState::default complete in 13.41ms
[  0.014s] [Startup] rilua VM created in 705.75µs
[  0.015s] [Startup] builtin frames initialized in 343.68µs
[  0.015s] [Startup] template registry cleared in 28.02µs
[  0.015s] [Startup] intrinsic templates registered in 30.69µs
[  0.015s] [Startup] initial app_data lua handle installed in 1.47µs
[  0.796s] [Startup] init_lua_state complete in 780.77ms
[  0.796s] [Startup] final app_data lua handle installed in 1.02µs
[  0.796s] [Startup] initial screen globals installed in 537.54µs
[  0.796s] [Startup] WowLuaEnv::new complete
[ 21.006s] [Startup] apply_post_load_workarounds: begin
[ 21.006s] [Workarounds] starting patch_edit_mode_manager
[ 21.009s] [Workarounds] finished patch_edit_mode_manager in 3.32ms
[ 21.009s] [Workarounds] starting init_edit_mode_layout
[ 21.009s] [EditMode] starting setup_layout_info
[ 21.046s] [EditMode] finished setup_layout_info in 36.68ms
[ 21.046s] [EditMode] starting apply_system_anchors
[ 22.314s] [EditMode] finished apply_system_anchors in 1.27s
[ 22.314s] [EditMode] starting finalize_action_bar_positions
[ 22.326s] [EditMode] finished finalize_action_bar_positions in 11.52ms
[ 22.326s] [EditMode] starting invoke_anchor_changed_hooks
[ 22.328s] [EditMode] finished invoke_anchor_changed_hooks in 2.19ms
[ 22.328s] [EditMode] starting fix_action_bar_nan_size
[ 22.329s] [EditMode] finished fix_action_bar_nan_size in 364.68µs
[ 22.329s] [EditMode] starting fix_action_bar_scale
[ 22.329s] [EditMode] finished fix_action_bar_scale in 34.15µs
[ 22.329s] [Workarounds] finished init_edit_mode_layout in 1.32s
[ 22.329s] [Workarounds] starting patch_ui_parent_panel_toggles
[ 22.330s] [Workarounds] finished patch_ui_parent_panel_toggles in 1.72ms
[ 22.330s] [Workarounds] starting patch_uiparent_onupdate_worklists
[ 22.331s] [Workarounds] finished patch_uiparent_onupdate_worklists in 728.43µs
[ 22.331s] [Workarounds] starting init_chat_type_colors
[ 22.332s] [Workarounds] finished init_chat_type_colors in 941.78µs
[ 22.332s] [Workarounds] starting patch_chat_voice_button_surface
[ 22.333s] [Workarounds] finished patch_chat_voice_button_surface in 1.13ms
[ 22.333s] [Workarounds] starting patch_item_socketing_tooltips
[ 22.334s] [Workarounds] finished patch_item_socketing_tooltips in 457.70µs
[ 22.334s] [Workarounds] starting patch_character_select_selected_name
[ 22.334s] [Workarounds] finished patch_character_select_selected_name in 263.93µs
[ 22.334s] [Workarounds] starting patch_character_create_defaults
[ 22.336s] [Workarounds] finished patch_character_create_defaults in 2.29ms
[ 22.336s] [Workarounds] starting patch_character_frame_title_refresh
[ 22.385s] [Workarounds] finished patch_character_frame_title_refresh in 48.76ms
[ 22.385s] [Workarounds] starting patch_vignette_pin_template
[ 22.386s] [Workarounds] finished patch_vignette_pin_template in 707.00µs
[ 22.386s] [Workarounds] starting patch_fog_of_war_pin_mixin
[ 22.388s] [Workarounds] finished patch_fog_of_war_pin_mixin in 1.95ms
[ 22.388s] [Workarounds] starting patch_map_exploration_pin_mixin
[ 22.435s] [Workarounds] finished patch_map_exploration_pin_mixin in 46.90ms
[ 22.435s] [Workarounds] starting patch_map_canvas_data_provider_attachment
[ 22.435s] [Workarounds] finished patch_map_canvas_data_provider_attachment in 658.03µs
[ 22.435s] [Workarounds] starting ensure_adventure_map_frame_surface
[ 22.439s] [Workarounds] finished ensure_adventure_map_frame_surface in 3.37ms
[ 22.439s] [Workarounds] starting patch_action_bar_button_event_fanout
[ 22.440s] [Workarounds] finished patch_action_bar_button_event_fanout in 988.62µs
[ 22.440s] [Workarounds] starting patch_paging_controls_page_text
[ 22.440s] [Workarounds] finished patch_paging_controls_page_text in 354.82µs
[ 22.440s] [Workarounds] starting patch_talent_edge_frame_level_sync
[ 22.441s] [Workarounds] finished patch_talent_edge_frame_level_sync in 524.18µs
[ 22.441s] [Workarounds] starting patch_catalog_shop_product_card_defaults
[ 22.442s] [Workarounds] finished patch_catalog_shop_product_card_defaults in 1.32ms
[ 22.442s] [Workarounds] starting patch_game_time_defaults
[ 22.442s] [Workarounds] finished patch_game_time_defaults in 69.67µs
[ 22.442s] [Workarounds] starting patch_tooltip_nineslice_surface
[ 22.443s] [Workarounds] finished patch_tooltip_nineslice_surface in 501.76µs
[ 22.443s] [Workarounds] starting patch_container_frame_token_tracker
[ 22.443s] [Workarounds] finished patch_container_frame_token_tracker in 286.05µs
[ 22.443s] [Workarounds] starting patch_achievement_display_set_achievements
[ 22.443s] [Workarounds] finished patch_achievement_display_set_achievements in 57.31µs
[ 22.443s] [Workarounds] starting patch_housing_dashboard_preload
[ 22.444s] [Workarounds] finished patch_housing_dashboard_preload in 1.11ms
[ 22.444s] [Workarounds] starting patch_lfg_lock_list
[ 22.445s] [Workarounds] finished patch_lfg_lock_list in 223.54µs
[ 22.445s] [Workarounds] starting patch_auction_house_browse_results_event
[ 22.445s] [Workarounds] finished patch_auction_house_browse_results_event in 495.16µs
[ 22.445s] [Workarounds] starting patch_auction_house_search_context_aliases
[ 22.445s] [Workarounds] finished patch_auction_house_search_context_aliases in 190.24µs
[ 22.445s] [Workarounds] starting patch_auth_challenge_frame_parent
[ 22.446s] [Workarounds] finished patch_auth_challenge_frame_parent in 420.61µs
[ 22.446s] [Workarounds] starting patch_settings_surface_defaults
[ 22.448s] [Workarounds] finished patch_settings_surface_defaults in 2.57ms
[ 22.448s] [Workarounds] starting patch_settings_canvas_layout_visibility
[ 22.449s] [Workarounds] finished patch_settings_canvas_layout_visibility in 840.65µs
[ 22.449s] [Startup] apply_post_load_workarounds: workarounds complete
[ 22.849s] [Startup] apply_post_load_workarounds: globals restored
[ 22.852s] [Startup] apply_post_load_workarounds: patch 12.1 compatibility restored
[ 22.852s] [Startup] apply_post_load_workarounds: seterrorhandler restored
[ 23.353s] [Startup] begin login sequence
[ 23.353s] [Startup] Firing ADDON_LOADED
[ 23.354s] [Startup] Firing VARIABLES_LOADED
[ 24.053s] [Startup] Firing DISPLAY_SIZE_CHANGED
[ 24.214s] [Startup] Firing UI_SCALE_CHANGED
[ 24.222s] [Startup] Firing PLAYER_LOGIN
[ 24.222s] [Startup] end login sequence in 868.77ms
[ 24.222s] [Startup] begin world enter sequence
[ 24.222s] [Startup] Skipping EDIT_MODE_LAYOUTS_UPDATED
[ 24.222s] [Startup] Firing TIME_PLAYED_MSG via RequestTimePlayed
[ 24.222s] [Startup] Firing PLAYER_ENTERING_WORLD
[ 26.070s] [EditMode] starting setup_layout_info
[ 26.093s] [EditMode] finished setup_layout_info in 23.07ms
[ 26.093s] [EditMode] starting apply_system_anchors
[ 27.008s] [EditMode] finished apply_system_anchors in 914.45ms
[ 27.008s] [EditMode] starting finalize_action_bar_positions
[ 27.030s] [EditMode] finished finalize_action_bar_positions in 22.01ms
[ 27.030s] [EditMode] starting invoke_anchor_changed_hooks
[ 27.069s] [EditMode] finished invoke_anchor_changed_hooks in 39.44ms
[ 27.069s] [EditMode] starting fix_action_bar_nan_size
[ 27.070s] [EditMode] finished fix_action_bar_nan_size in 564.05µs
[ 27.070s] [EditMode] starting fix_action_bar_scale
[ 27.070s] [EditMode] finished fix_action_bar_scale in 40.50µs
[ 27.070s] [EditMode] starting reapply_player_frame_anchor
[ 27.078s] [EditMode] finished reapply_player_frame_anchor in 8.07ms
[ 27.158s] [Startup] end world enter sequence in 2.94s
[ 27.158s] [Startup] begin post-login events
[ 27.167s] [Startup] Firing UNIT_AURA
[ 27.174s] [Startup] Firing PET_UI_UPDATE
[ 27.186s] [Startup] Firing BAG_UPDATE_DELAYED
[ 27.203s] [Startup] Firing QUEST_LOG_UPDATE
[ 27.212s] [Startup] Firing GROUP_ROSTER_UPDATE
[ 27.980s] [Startup] Firing ACTIONBAR_UPDATE_STATE
[ 27.980s] [Startup] Firing ACTIONBAR_UPDATE_COOLDOWN
[ 27.987s] [Startup] Firing UPDATE_BONUS_ACTIONBAR
[ 28.098s] [Startup] Firing PLAYER_CAN_GLIDE_CHANGED
[ 28.098s] [Startup] Firing PLAYER_IS_GLIDING_CHANGED
[ 28.098s] [Startup] Firing UPDATE_BINDINGS
[ 28.123s] [Startup] Firing UPDATE_CHAT_WINDOWS
[ 28.143s] [Startup] Firing LFG_UPDATE_RANDOM_INFO
[ 28.147s] [Startup] end post-login events in 988.87ms
[ 28.147s] [Startup] begin close startup special windows
[ 28.149s] [Startup] end close startup special windows in 1.58ms
[ 28.149s] [Startup] begin FIRST_FRAME_RENDERED
[ 28.149s] [Startup] Firing FIRST_FRAME_RENDERED
[ 28.150s] [Startup] end FIRST_FRAME_RENDERED in 848.01µs
[ 28.150s] [Startup] begin unblock hidden splash alerts
[ 28.150s] [Startup] end unblock hidden splash alerts in 100.22µs
[ 28.150s] [Startup] begin post-event workarounds
[ 28.150s] [Startup] end post-event workarounds in 5.15µs
CVar default mismatch wt-cvars-gxMTDecals-249: page=Some("1"), observed=Some("0")

thread 'patch_10_2_6_publication_sweep::patch_10_2_6_publication_sweep' (2449989) panicked at /home/osso/.worktrees/wow-ui-sim-p1026-page/tests/common/publication_sweep.rs:491:5:
assertion `left == right` failed: new gaps: ["wt-global-api-C_CurrencyInfo.GetCoinIcon-24"]; resolved/stale gaps: []
  left: {"wt-cvars-profanityFilter-265", "wt-cvars-testOutput-261", "wt-global-api-C_Commentator.ZoomIn_Position-22", "wt-global-api-C_Commentator.ZoomOut_Position-23", "wt-global-api-C_CurrencyInfo.GetCoinIcon-24", "wt-global-api-C_Debug.FrameXMLDebug-27", "wt-global-api-C_Item.GetFirstTriggeredSpellForItem-53", "wt-global-api-C_PlayerInfo.IsSelfFoundActive-89", "wt-global-api-C_RecruitAFriend.IsRecruitAFriendLinked-96", "wt-global-api-C_SeasonInfo.GetCurrentDisplaySeasonExpansion-98", "wt-global-api-C_SeasonInfo.GetCurrentDisplaySeasonID-99", "wt-global-api-C_SpectatingUI.GetSpectateTargetInfo-101", "wt-global-api-C_SpectatingUI.GetSpectatingPlayerSpellItemQuality-102", "wt-global-api-C_SpectatingUI.LeaveSpectateMode-103", "wt-global-api-C_SpectatingUI.SpectateChange-104", "wt-global-api-C_UIWidgetManager.GetMapPinAnimationWidgetVisualizationInfo-111", "wt-global-api-C_WorldLootObject.GetWorldLootObjectInfo-113", "wt-global-api-C_WorldLootObject.IsWorldLootObject-115", "wt-global-api-C_WorldLootObject.IsWorldLootObjectInRange-114", "wt-global-api-C_WorldLootObject.OnWorldLootObjectClick-116", "wt-global-api-CheckTalentMasterDist-139"}
 right: {"wt-cvars-profanityFilter-265", "wt-cvars-testOutput-261", "wt-global-api-C_Commentator.ZoomIn_Position-22", "wt-global-api-C_Commentator.ZoomOut_Position-23", "wt-global-api-C_Debug.FrameXMLDebug-27", "wt-global-api-C_Item.GetFirstTriggeredSpellForItem-53", "wt-global-api-C_PlayerInfo.IsSelfFoundActive-89", "wt-global-api-C_RecruitAFriend.IsRecruitAFriendLinked-96", "wt-global-api-C_SeasonInfo.GetCurrentDisplaySeasonExpansion-98", "wt-global-api-C_SeasonInfo.GetCurrentDisplaySeasonID-99", "wt-global-api-C_SpectatingUI.GetSpectateTargetInfo-101", "wt-global-api-C_SpectatingUI.GetSpectatingPlayerSpellItemQuality-102", "wt-global-api-C_SpectatingUI.LeaveSpectateMode-103", "wt-global-api-C_SpectatingUI.SpectateChange-104", "wt-global-api-C_UIWidgetManager.GetMapPinAnimationWidgetVisualizationInfo-111", "wt-global-api-C_WorldLootObject.GetWorldLootObjectInfo-113", "wt-global-api-C_WorldLootObject.IsWorldLootObject-115", "wt-global-api-C_WorldLootObject.IsWorldLootObjectInRange-114", "wt-global-api-C_WorldLootObject.OnWorldLootObjectClick-116", "wt-global-api-CheckTalentMasterDist-139"}
note: run with `RUST_BACKTRACE=1` environment variable to display a backtrace
error: test failed, to rerun pass `--test integration`
