
running 1 test
test patch_11_0_2_publication_sweep::patch_11_0_2_publication_sweep ... ok

test result: ok. 1 passed; 0 failed; 0 ignored; 0 measured; 10818 filtered out; finished in 24.81s

warning: iced-wgpu-patched/Cargo.toml: `lints.clippy.large-enum-variant` is deprecated in favor of `lints.clippy.large_enum_variant` and will not work in a future edition
warning: iced-wgpu-patched/Cargo.toml: `lints.clippy.map-entry` is deprecated in favor of `lints.clippy.map_entry` and will not work in a future edition
warning: iced-wgpu-patched/Cargo.toml: `lints.clippy.match-wildcard-for-single-variants` is deprecated in favor of `lints.clippy.match_wildcard_for_single_variants` and will not work in a future edition
warning: iced-wgpu-patched/Cargo.toml: `lints.clippy.redundant-closure-for-method-calls` is deprecated in favor of `lints.clippy.redundant_closure_for_method_calls` and will not work in a future edition
warning: iced-wgpu-patched/Cargo.toml: `lints.clippy.trivially-copy-pass-by-ref` is deprecated in favor of `lints.clippy.trivially_copy_pass_by_ref` and will not work in a future edition
warning: iced-wgpu-patched/Cargo.toml: `lints.clippy.type-complexity` is deprecated in favor of `lints.clippy.type_complexity` and will not work in a future edition
warning: `iced_wgpu` (manifest) generated 6 warnings
    Finished `test` profile [optimized + debuginfo] target(s) in 1.23s
     Running tests/integration.rs (target/debug/deps/integration-aef10a2b503e13d5)
[  0.000s] [Startup] WowLuaEnv::new begin
[  0.011s] [Startup] SimState::default complete in 10.91ms
[  0.012s] [Startup] rilua VM created in 614.70µs
[  0.012s] [Startup] builtin frames initialized in 400.57µs
[  0.012s] [Startup] template registry cleared in 19.87µs
[  0.012s] [Startup] intrinsic templates registered in 29.28µs
[  0.012s] [Startup] initial app_data lua handle installed in 1.24µs
[  0.811s] [Startup] init_lua_state complete in 799.18ms
[  0.811s] [Startup] final app_data lua handle installed in 1.01µs
[  0.812s] [Startup] initial screen globals installed in 579.42µs
[  0.812s] [Startup] WowLuaEnv::new complete
[ 18.272s] [Startup] apply_post_load_workarounds: begin
[ 18.272s] [Workarounds] starting patch_edit_mode_manager
[ 18.274s] [Workarounds] finished patch_edit_mode_manager in 1.86ms
[ 18.274s] [Workarounds] starting init_edit_mode_layout
[ 18.274s] [EditMode] starting setup_layout_info
[ 18.294s] [EditMode] finished setup_layout_info in 20.04ms
[ 18.294s] [EditMode] starting apply_system_anchors
[ 19.292s] [EditMode] finished apply_system_anchors in 997.82ms
[ 19.292s] [EditMode] starting finalize_action_bar_positions
[ 19.303s] [EditMode] finished finalize_action_bar_positions in 10.19ms
[ 19.303s] [EditMode] starting invoke_anchor_changed_hooks
[ 19.305s] [EditMode] finished invoke_anchor_changed_hooks in 2.08ms
[ 19.305s] [EditMode] starting fix_action_bar_nan_size
[ 19.305s] [EditMode] finished fix_action_bar_nan_size in 309.03µs
[ 19.305s] [EditMode] starting fix_action_bar_scale
[ 19.305s] [EditMode] finished fix_action_bar_scale in 33.56µs
[ 19.305s] [Workarounds] finished init_edit_mode_layout in 1.03s
[ 19.305s] [Workarounds] starting patch_ui_parent_panel_toggles
[ 19.307s] [Workarounds] finished patch_ui_parent_panel_toggles in 1.54ms
[ 19.307s] [Workarounds] starting patch_uiparent_onupdate_worklists
[ 19.307s] [Workarounds] finished patch_uiparent_onupdate_worklists in 646.82µs
[ 19.307s] [Workarounds] starting init_chat_type_colors
[ 19.308s] [Workarounds] finished init_chat_type_colors in 614.06µs
[ 19.308s] [Workarounds] starting patch_chat_voice_button_surface
[ 19.309s] [Workarounds] finished patch_chat_voice_button_surface in 749.26µs
[ 19.309s] [Workarounds] starting patch_item_socketing_tooltips
[ 19.309s] [Workarounds] finished patch_item_socketing_tooltips in 445.48µs
[ 19.309s] [Workarounds] starting patch_character_select_selected_name
[ 19.309s] [Workarounds] finished patch_character_select_selected_name in 243.51µs
[ 19.309s] [Workarounds] starting patch_character_create_defaults
[ 19.311s] [Workarounds] finished patch_character_create_defaults in 1.60ms
[ 19.311s] [Workarounds] starting patch_character_frame_title_refresh
[ 19.356s] [Workarounds] finished patch_character_frame_title_refresh in 44.84ms
[ 19.356s] [Workarounds] starting patch_vignette_pin_template
[ 19.357s] [Workarounds] finished patch_vignette_pin_template in 792.64µs
[ 19.357s] [Workarounds] starting patch_fog_of_war_pin_mixin
[ 19.359s] [Workarounds] finished patch_fog_of_war_pin_mixin in 1.75ms
[ 19.359s] [Workarounds] starting patch_map_exploration_pin_mixin
[ 19.403s] [Workarounds] finished patch_map_exploration_pin_mixin in 43.92ms
[ 19.403s] [Workarounds] starting patch_map_canvas_data_provider_attachment
[ 19.403s] [Workarounds] finished patch_map_canvas_data_provider_attachment in 713.68µs
[ 19.403s] [Workarounds] starting ensure_adventure_map_frame_surface
[ 19.407s] [Workarounds] finished ensure_adventure_map_frame_surface in 3.15ms
[ 19.407s] [Workarounds] starting patch_action_bar_button_event_fanout
[ 19.407s] [Workarounds] finished patch_action_bar_button_event_fanout in 912.72µs
[ 19.408s] [Workarounds] starting patch_paging_controls_page_text
[ 19.408s] [Workarounds] finished patch_paging_controls_page_text in 327.61µs
[ 19.408s] [Workarounds] starting patch_talent_edge_frame_level_sync
[ 19.408s] [Workarounds] finished patch_talent_edge_frame_level_sync in 204.60µs
[ 19.408s] [Workarounds] starting patch_catalog_shop_product_card_defaults
[ 19.408s] [Workarounds] finished patch_catalog_shop_product_card_defaults in 399.65µs
[ 19.408s] [Workarounds] starting patch_game_time_defaults
[ 19.409s] [Workarounds] finished patch_game_time_defaults in 41.08µs
[ 19.409s] [Workarounds] starting patch_tooltip_nineslice_surface
[ 19.409s] [Workarounds] finished patch_tooltip_nineslice_surface in 301.34µs
[ 19.409s] [Workarounds] starting patch_container_frame_token_tracker
[ 19.409s] [Workarounds] finished patch_container_frame_token_tracker in 259.58µs
[ 19.409s] [Workarounds] starting patch_achievement_display_set_achievements
[ 19.409s] [Workarounds] finished patch_achievement_display_set_achievements in 50.36µs
[ 19.409s] [Workarounds] starting patch_housing_dashboard_preload
[ 19.410s] [Workarounds] finished patch_housing_dashboard_preload in 1.04ms
[ 19.410s] [Workarounds] starting patch_lfg_lock_list
[ 19.410s] [Workarounds] finished patch_lfg_lock_list in 206.19µs
[ 19.410s] [Workarounds] starting patch_auction_house_browse_results_event
[ 19.411s] [Workarounds] finished patch_auction_house_browse_results_event in 452.55µs
[ 19.411s] [Workarounds] starting patch_auction_house_search_context_aliases
[ 19.411s] [Workarounds] finished patch_auction_house_search_context_aliases in 187.44µs
[ 19.411s] [Workarounds] starting patch_auth_challenge_frame_parent
[ 19.412s] [Workarounds] finished patch_auth_challenge_frame_parent in 374.62µs
[ 19.412s] [Workarounds] starting patch_settings_surface_defaults
[ 19.414s] [Workarounds] finished patch_settings_surface_defaults in 2.34ms
[ 19.414s] [Workarounds] starting patch_settings_canvas_layout_visibility
[ 19.415s] [Workarounds] finished patch_settings_canvas_layout_visibility in 776.30µs
[ 19.415s] [Startup] apply_post_load_workarounds: workarounds complete
[ 19.771s] [Startup] apply_post_load_workarounds: globals restored
[ 19.773s] [Startup] apply_post_load_workarounds: patch 12.1 compatibility restored
[ 19.773s] [Startup] apply_post_load_workarounds: seterrorhandler restored
[ 20.244s] [Startup] begin login sequence
[ 20.244s] [Startup] Firing ADDON_LOADED
[ 20.244s] [Startup] Firing VARIABLES_LOADED
[ 20.746s] [Startup] Firing DISPLAY_SIZE_CHANGED
[ 20.904s] [Startup] Firing UI_SCALE_CHANGED
[ 20.910s] [Startup] Firing PLAYER_LOGIN
[ 20.910s] [Startup] end login sequence in 666.77ms
[ 20.910s] [Startup] begin world enter sequence
[ 20.910s] [Startup] Skipping EDIT_MODE_LAYOUTS_UPDATED
[ 20.910s] [Startup] Firing TIME_PLAYED_MSG via RequestTimePlayed
[ 20.911s] [Startup] Firing PLAYER_ENTERING_WORLD
[ 22.268s] [EditMode] starting setup_layout_info
[ 22.297s] [EditMode] finished setup_layout_info in 29.21ms
[ 22.297s] [EditMode] starting apply_system_anchors
[ 23.134s] [EditMode] finished apply_system_anchors in 836.81ms
[ 23.134s] [EditMode] starting finalize_action_bar_positions
[ 23.148s] [EditMode] finished finalize_action_bar_positions in 13.34ms
[ 23.148s] [EditMode] starting invoke_anchor_changed_hooks
[ 23.174s] [EditMode] finished invoke_anchor_changed_hooks in 26.02ms
[ 23.174s] [EditMode] starting fix_action_bar_nan_size
[ 23.174s] [EditMode] finished fix_action_bar_nan_size in 412.73µs
[ 23.174s] [EditMode] starting fix_action_bar_scale
[ 23.174s] [EditMode] finished fix_action_bar_scale in 38.01µs
[ 23.174s] [EditMode] starting reapply_player_frame_anchor
[ 23.182s] [EditMode] finished reapply_player_frame_anchor in 7.91ms
[ 23.240s] [Startup] end world enter sequence in 2.33s
[ 23.240s] [Startup] begin post-login events
[ 23.244s] [Startup] Firing UNIT_AURA
[ 23.248s] [Startup] Firing PET_UI_UPDATE
[ 23.256s] [Startup] Firing BAG_UPDATE_DELAYED
[ 23.267s] [Startup] Firing QUEST_LOG_UPDATE
[ 23.274s] [Startup] Firing GROUP_ROSTER_UPDATE
[ 23.864s] [Startup] Firing ACTIONBAR_UPDATE_STATE
[ 23.864s] [Startup] Firing ACTIONBAR_UPDATE_COOLDOWN
[ 23.869s] [Startup] Firing UPDATE_BONUS_ACTIONBAR
[ 23.952s] [Startup] Firing PLAYER_CAN_GLIDE_CHANGED
[ 23.952s] [Startup] Firing PLAYER_IS_GLIDING_CHANGED
[ 23.952s] [Startup] Firing UPDATE_BINDINGS
[ 23.972s] [Startup] Firing UPDATE_CHAT_WINDOWS
[ 23.986s] [Startup] Firing LFG_UPDATE_RANDOM_INFO
[ 23.990s] [Startup] end post-login events in 749.91ms
[ 23.990s] [Startup] begin close startup special windows
[ 23.991s] [Startup] end close startup special windows in 1.50ms
[ 23.991s] [Startup] begin FIRST_FRAME_RENDERED
[ 23.991s] [Startup] Firing FIRST_FRAME_RENDERED
[ 23.992s] [Startup] end FIRST_FRAME_RENDERED in 877.61µs
[ 23.992s] [Startup] begin unblock hidden splash alerts
[ 23.992s] [Startup] end unblock hidden splash alerts in 83.95µs
[ 23.992s] [Startup] begin post-event workarounds
[ 23.992s] [Startup] end post-event workarounds in 7.84µs
