
running 1 test
test patch_11_1_5_publication_sweep::patch_11_1_5_publication_sweep ... ok

test result: ok. 1 passed; 0 failed; 0 ignored; 0 measured; 10818 filtered out; finished in 25.22s

warning: iced-wgpu-patched/Cargo.toml: `lints.clippy.large-enum-variant` is deprecated in favor of `lints.clippy.large_enum_variant` and will not work in a future edition
warning: iced-wgpu-patched/Cargo.toml: `lints.clippy.map-entry` is deprecated in favor of `lints.clippy.map_entry` and will not work in a future edition
warning: iced-wgpu-patched/Cargo.toml: `lints.clippy.match-wildcard-for-single-variants` is deprecated in favor of `lints.clippy.match_wildcard_for_single_variants` and will not work in a future edition
warning: iced-wgpu-patched/Cargo.toml: `lints.clippy.redundant-closure-for-method-calls` is deprecated in favor of `lints.clippy.redundant_closure_for_method_calls` and will not work in a future edition
warning: iced-wgpu-patched/Cargo.toml: `lints.clippy.trivially-copy-pass-by-ref` is deprecated in favor of `lints.clippy.trivially_copy_pass_by_ref` and will not work in a future edition
warning: iced-wgpu-patched/Cargo.toml: `lints.clippy.type-complexity` is deprecated in favor of `lints.clippy.type_complexity` and will not work in a future edition
warning: `iced_wgpu` (manifest) generated 6 warnings
    Finished `test` profile [optimized + debuginfo] target(s) in 1.23s
     Running tests/integration.rs (target/debug/deps/integration-aef10a2b503e13d5)
[  0.000s] [Startup] WowLuaEnv::new begin
[  0.014s] [Startup] SimState::default complete in 13.95ms
[  0.015s] [Startup] rilua VM created in 625.12µs
[  0.015s] [Startup] builtin frames initialized in 330.34µs
[  0.015s] [Startup] template registry cleared in 17.75µs
[  0.015s] [Startup] intrinsic templates registered in 30.55µs
[  0.015s] [Startup] initial app_data lua handle installed in 1.43µs
[  0.832s] [Startup] init_lua_state complete in 816.77ms
[  0.832s] [Startup] final app_data lua handle installed in 1.02µs
[  0.833s] [Startup] initial screen globals installed in 561.13µs
[  0.833s] [Startup] WowLuaEnv::new complete
[ 18.128s] [Startup] apply_post_load_workarounds: begin
[ 18.128s] [Workarounds] starting patch_edit_mode_manager
[ 18.130s] [Workarounds] finished patch_edit_mode_manager in 1.95ms
[ 18.130s] [Workarounds] starting init_edit_mode_layout
[ 18.130s] [EditMode] starting setup_layout_info
[ 18.151s] [EditMode] finished setup_layout_info in 20.63ms
[ 18.151s] [EditMode] starting apply_system_anchors
[ 19.151s] [EditMode] finished apply_system_anchors in 1.00s
[ 19.151s] [EditMode] starting finalize_action_bar_positions
[ 19.161s] [EditMode] finished finalize_action_bar_positions in 10.08ms
[ 19.161s] [EditMode] starting invoke_anchor_changed_hooks
[ 19.163s] [EditMode] finished invoke_anchor_changed_hooks in 1.99ms
[ 19.164s] [EditMode] starting fix_action_bar_nan_size
[ 19.164s] [EditMode] finished fix_action_bar_nan_size in 630.13µs
[ 19.164s] [EditMode] starting fix_action_bar_scale
[ 19.164s] [EditMode] finished fix_action_bar_scale in 55.19µs
[ 19.164s] [Workarounds] finished init_edit_mode_layout in 1.03s
[ 19.164s] [Workarounds] starting patch_ui_parent_panel_toggles
[ 19.166s] [Workarounds] finished patch_ui_parent_panel_toggles in 1.97ms
[ 19.166s] [Workarounds] starting patch_uiparent_onupdate_worklists
[ 19.167s] [Workarounds] finished patch_uiparent_onupdate_worklists in 748.04µs
[ 19.167s] [Workarounds] starting init_chat_type_colors
[ 19.168s] [Workarounds] finished init_chat_type_colors in 642.51µs
[ 19.168s] [Workarounds] starting patch_chat_voice_button_surface
[ 19.169s] [Workarounds] finished patch_chat_voice_button_surface in 884.14µs
[ 19.169s] [Workarounds] starting patch_item_socketing_tooltips
[ 19.169s] [Workarounds] finished patch_item_socketing_tooltips in 400.69µs
[ 19.169s] [Workarounds] starting patch_character_select_selected_name
[ 19.169s] [Workarounds] finished patch_character_select_selected_name in 213.73µs
[ 19.169s] [Workarounds] starting patch_character_create_defaults
[ 19.171s] [Workarounds] finished patch_character_create_defaults in 1.53ms
[ 19.171s] [Workarounds] starting patch_character_frame_title_refresh
[ 19.213s] [Workarounds] finished patch_character_frame_title_refresh in 42.29ms
[ 19.213s] [Workarounds] starting patch_vignette_pin_template
[ 19.214s] [Workarounds] finished patch_vignette_pin_template in 672.69µs
[ 19.214s] [Workarounds] starting patch_fog_of_war_pin_mixin
[ 19.216s] [Workarounds] finished patch_fog_of_war_pin_mixin in 1.74ms
[ 19.216s] [Workarounds] starting patch_map_exploration_pin_mixin
[ 19.259s] [Workarounds] finished patch_map_exploration_pin_mixin in 42.96ms
[ 19.259s] [Workarounds] starting patch_map_canvas_data_provider_attachment
[ 19.259s] [Workarounds] finished patch_map_canvas_data_provider_attachment in 527.68µs
[ 19.259s] [Workarounds] starting ensure_adventure_map_frame_surface
[ 19.262s] [Workarounds] finished ensure_adventure_map_frame_surface in 2.85ms
[ 19.262s] [Workarounds] starting patch_action_bar_button_event_fanout
[ 19.263s] [Workarounds] finished patch_action_bar_button_event_fanout in 684.40µs
[ 19.263s] [Workarounds] starting patch_paging_controls_page_text
[ 19.263s] [Workarounds] finished patch_paging_controls_page_text in 247.52µs
[ 19.263s] [Workarounds] starting patch_talent_edge_frame_level_sync
[ 19.263s] [Workarounds] finished patch_talent_edge_frame_level_sync in 197.38µs
[ 19.263s] [Workarounds] starting patch_catalog_shop_product_card_defaults
[ 19.264s] [Workarounds] finished patch_catalog_shop_product_card_defaults in 407.70µs
[ 19.264s] [Workarounds] starting patch_game_time_defaults
[ 19.264s] [Workarounds] finished patch_game_time_defaults in 39.73µs
[ 19.264s] [Workarounds] starting patch_tooltip_nineslice_surface
[ 19.264s] [Workarounds] finished patch_tooltip_nineslice_surface in 285.56µs
[ 19.264s] [Workarounds] starting patch_container_frame_token_tracker
[ 19.264s] [Workarounds] finished patch_container_frame_token_tracker in 249.62µs
[ 19.264s] [Workarounds] starting patch_achievement_display_set_achievements
[ 19.264s] [Workarounds] finished patch_achievement_display_set_achievements in 49.61µs
[ 19.264s] [Workarounds] starting patch_housing_dashboard_preload
[ 19.265s] [Workarounds] finished patch_housing_dashboard_preload in 1.03ms
[ 19.265s] [Workarounds] starting patch_lfg_lock_list
[ 19.266s] [Workarounds] finished patch_lfg_lock_list in 218.73µs
[ 19.266s] [Workarounds] starting patch_auction_house_browse_results_event
[ 19.266s] [Workarounds] finished patch_auction_house_browse_results_event in 440.66µs
[ 19.266s] [Workarounds] starting patch_auction_house_search_context_aliases
[ 19.266s] [Workarounds] finished patch_auction_house_search_context_aliases in 186.87µs
[ 19.266s] [Workarounds] starting patch_auth_challenge_frame_parent
[ 19.267s] [Workarounds] finished patch_auth_challenge_frame_parent in 392.99µs
[ 19.267s] [Workarounds] starting patch_settings_surface_defaults
[ 19.269s] [Workarounds] finished patch_settings_surface_defaults in 2.36ms
[ 19.269s] [Workarounds] starting patch_settings_canvas_layout_visibility
[ 19.270s] [Workarounds] finished patch_settings_canvas_layout_visibility in 756.80µs
[ 19.270s] [Startup] apply_post_load_workarounds: workarounds complete
[ 19.594s] [Startup] apply_post_load_workarounds: globals restored
[ 19.596s] [Startup] apply_post_load_workarounds: patch 12.1 compatibility restored
[ 19.596s] [Startup] apply_post_load_workarounds: seterrorhandler restored
[ 20.083s] [Startup] begin login sequence
[ 20.083s] [Startup] Firing ADDON_LOADED
[ 20.084s] [Startup] Firing VARIABLES_LOADED
[ 20.690s] [Startup] Firing DISPLAY_SIZE_CHANGED
[ 20.889s] [Startup] Firing UI_SCALE_CHANGED
[ 20.897s] [Startup] Firing PLAYER_LOGIN
[ 20.897s] [Startup] end login sequence in 813.91ms
[ 20.897s] [Startup] begin world enter sequence
[ 20.897s] [Startup] Skipping EDIT_MODE_LAYOUTS_UPDATED
[ 20.897s] [Startup] Firing TIME_PLAYED_MSG via RequestTimePlayed
[ 20.897s] [Startup] Firing PLAYER_ENTERING_WORLD
[ 22.300s] [EditMode] starting setup_layout_info
[ 22.324s] [EditMode] finished setup_layout_info in 23.06ms
[ 22.324s] [EditMode] starting apply_system_anchors
[ 23.156s] [EditMode] finished apply_system_anchors in 832.64ms
[ 23.156s] [EditMode] starting finalize_action_bar_positions
[ 23.172s] [EditMode] finished finalize_action_bar_positions in 15.91ms
[ 23.172s] [EditMode] starting invoke_anchor_changed_hooks
[ 23.206s] [EditMode] finished invoke_anchor_changed_hooks in 33.88ms
[ 23.206s] [EditMode] starting fix_action_bar_nan_size
[ 23.207s] [EditMode] finished fix_action_bar_nan_size in 461.14µs
[ 23.207s] [EditMode] starting fix_action_bar_scale
[ 23.207s] [EditMode] finished fix_action_bar_scale in 38.30µs
[ 23.207s] [EditMode] starting reapply_player_frame_anchor
[ 23.217s] [EditMode] finished reapply_player_frame_anchor in 10.11ms
[ 23.294s] [Startup] end world enter sequence in 2.40s
[ 23.294s] [Startup] begin post-login events
[ 23.301s] [Startup] Firing UNIT_AURA
[ 23.306s] [Startup] Firing PET_UI_UPDATE
[ 23.316s] [Startup] Firing BAG_UPDATE_DELAYED
[ 23.328s] [Startup] Firing QUEST_LOG_UPDATE
[ 23.335s] [Startup] Firing GROUP_ROSTER_UPDATE
[ 24.004s] [Startup] Firing ACTIONBAR_UPDATE_STATE
[ 24.004s] [Startup] Firing ACTIONBAR_UPDATE_COOLDOWN
[ 24.010s] [Startup] Firing UPDATE_BONUS_ACTIONBAR
[ 24.105s] [Startup] Firing PLAYER_CAN_GLIDE_CHANGED
[ 24.105s] [Startup] Firing PLAYER_IS_GLIDING_CHANGED
[ 24.105s] [Startup] Firing UPDATE_BINDINGS
[ 24.125s] [Startup] Firing UPDATE_CHAT_WINDOWS
[ 24.142s] [Startup] Firing LFG_UPDATE_RANDOM_INFO
[ 24.147s] [Startup] end post-login events in 852.95ms
[ 24.147s] [Startup] begin close startup special windows
[ 24.149s] [Startup] end close startup special windows in 1.72ms
[ 24.149s] [Startup] begin FIRST_FRAME_RENDERED
[ 24.149s] [Startup] Firing FIRST_FRAME_RENDERED
[ 24.150s] [Startup] end FIRST_FRAME_RENDERED in 1.58ms
[ 24.150s] [Startup] begin unblock hidden splash alerts
[ 24.150s] [Startup] end unblock hidden splash alerts in 168.66µs
[ 24.150s] [Startup] begin post-event workarounds
[ 24.150s] [Startup] end post-event workarounds in 7.88µs
