
running 1 test
test patch_11_2_7_publication_sweep::patch_11_2_7_publication_sweep ... ok

test result: ok. 1 passed; 0 failed; 0 ignored; 0 measured; 10818 filtered out; finished in 30.02s

warning: iced-wgpu-patched/Cargo.toml: `lints.clippy.large-enum-variant` is deprecated in favor of `lints.clippy.large_enum_variant` and will not work in a future edition
warning: iced-wgpu-patched/Cargo.toml: `lints.clippy.map-entry` is deprecated in favor of `lints.clippy.map_entry` and will not work in a future edition
warning: iced-wgpu-patched/Cargo.toml: `lints.clippy.match-wildcard-for-single-variants` is deprecated in favor of `lints.clippy.match_wildcard_for_single_variants` and will not work in a future edition
warning: iced-wgpu-patched/Cargo.toml: `lints.clippy.redundant-closure-for-method-calls` is deprecated in favor of `lints.clippy.redundant_closure_for_method_calls` and will not work in a future edition
warning: iced-wgpu-patched/Cargo.toml: `lints.clippy.trivially-copy-pass-by-ref` is deprecated in favor of `lints.clippy.trivially_copy_pass_by_ref` and will not work in a future edition
warning: iced-wgpu-patched/Cargo.toml: `lints.clippy.type-complexity` is deprecated in favor of `lints.clippy.type_complexity` and will not work in a future edition
warning: `iced_wgpu` (manifest) generated 6 warnings
    Finished `test` profile [optimized + debuginfo] target(s) in 1.36s
     Running tests/integration.rs (target/debug/deps/integration-aef10a2b503e13d5)
[  0.000s] [Startup] WowLuaEnv::new begin
[  0.014s] [Startup] SimState::default complete in 13.94ms
[  0.015s] [Startup] rilua VM created in 619.26µs
[  0.015s] [Startup] builtin frames initialized in 341.60µs
[  0.015s] [Startup] template registry cleared in 17.26µs
[  0.015s] [Startup] intrinsic templates registered in 29.87µs
[  0.015s] [Startup] initial app_data lua handle installed in 1.39µs
[  0.903s] [Startup] init_lua_state complete in 887.54ms
[  0.903s] [Startup] final app_data lua handle installed in 1.09µs
[  0.903s] [Startup] initial screen globals installed in 686.69µs
[  0.904s] [Startup] WowLuaEnv::new complete
[ 21.535s] [Startup] apply_post_load_workarounds: begin
[ 21.535s] [Workarounds] starting patch_edit_mode_manager
[ 21.537s] [Workarounds] finished patch_edit_mode_manager in 2.05ms
[ 21.537s] [Workarounds] starting init_edit_mode_layout
[ 21.537s] [EditMode] starting setup_layout_info
[ 21.561s] [EditMode] finished setup_layout_info in 23.74ms
[ 21.561s] [EditMode] starting apply_system_anchors
[ 22.620s] [EditMode] finished apply_system_anchors in 1.06s
[ 22.620s] [EditMode] starting finalize_action_bar_positions
[ 22.632s] [EditMode] finished finalize_action_bar_positions in 11.99ms
[ 22.632s] [EditMode] starting invoke_anchor_changed_hooks
[ 22.634s] [EditMode] finished invoke_anchor_changed_hooks in 2.32ms
[ 22.634s] [EditMode] starting fix_action_bar_nan_size
[ 22.634s] [EditMode] finished fix_action_bar_nan_size in 339.19µs
[ 22.634s] [EditMode] starting fix_action_bar_scale
[ 22.635s] [EditMode] finished fix_action_bar_scale in 32.66µs
[ 22.635s] [Workarounds] finished init_edit_mode_layout in 1.10s
[ 22.635s] [Workarounds] starting patch_ui_parent_panel_toggles
[ 22.636s] [Workarounds] finished patch_ui_parent_panel_toggles in 1.54ms
[ 22.636s] [Workarounds] starting patch_uiparent_onupdate_worklists
[ 22.637s] [Workarounds] finished patch_uiparent_onupdate_worklists in 661.55µs
[ 22.637s] [Workarounds] starting init_chat_type_colors
[ 22.637s] [Workarounds] finished init_chat_type_colors in 636.58µs
[ 22.637s] [Workarounds] starting patch_chat_voice_button_surface
[ 22.638s] [Workarounds] finished patch_chat_voice_button_surface in 931.31µs
[ 22.638s] [Workarounds] starting patch_item_socketing_tooltips
[ 22.639s] [Workarounds] finished patch_item_socketing_tooltips in 454.17µs
[ 22.639s] [Workarounds] starting patch_character_select_selected_name
[ 22.639s] [Workarounds] finished patch_character_select_selected_name in 283.55µs
[ 22.639s] [Workarounds] starting patch_character_create_defaults
[ 22.641s] [Workarounds] finished patch_character_create_defaults in 1.65ms
[ 22.641s] [Workarounds] starting patch_character_frame_title_refresh
[ 22.680s] [Workarounds] finished patch_character_frame_title_refresh in 39.41ms
[ 22.680s] [Workarounds] starting patch_vignette_pin_template
[ 22.681s] [Workarounds] finished patch_vignette_pin_template in 657.30µs
[ 22.681s] [Workarounds] starting patch_fog_of_war_pin_mixin
[ 22.683s] [Workarounds] finished patch_fog_of_war_pin_mixin in 1.77ms
[ 22.683s] [Workarounds] starting patch_map_exploration_pin_mixin
[ 22.728s] [Workarounds] finished patch_map_exploration_pin_mixin in 44.73ms
[ 22.728s] [Workarounds] starting patch_map_canvas_data_provider_attachment
[ 22.728s] [Workarounds] finished patch_map_canvas_data_provider_attachment in 752.11µs
[ 22.728s] [Workarounds] starting ensure_adventure_map_frame_surface
[ 22.732s] [Workarounds] finished ensure_adventure_map_frame_surface in 3.52ms
[ 22.732s] [Workarounds] starting patch_action_bar_button_event_fanout
[ 22.733s] [Workarounds] finished patch_action_bar_button_event_fanout in 967.02µs
[ 22.733s] [Workarounds] starting patch_paging_controls_page_text
[ 22.733s] [Workarounds] finished patch_paging_controls_page_text in 341.55µs
[ 22.733s] [Workarounds] starting patch_talent_edge_frame_level_sync
[ 22.734s] [Workarounds] finished patch_talent_edge_frame_level_sync in 206.60µs
[ 22.734s] [Workarounds] starting patch_catalog_shop_product_card_defaults
[ 22.734s] [Workarounds] finished patch_catalog_shop_product_card_defaults in 447.02µs
[ 22.734s] [Workarounds] starting patch_game_time_defaults
[ 22.734s] [Workarounds] finished patch_game_time_defaults in 44.24µs
[ 22.734s] [Workarounds] starting patch_tooltip_nineslice_surface
[ 22.734s] [Workarounds] finished patch_tooltip_nineslice_surface in 363.00µs
[ 22.734s] [Workarounds] starting patch_container_frame_token_tracker
[ 22.735s] [Workarounds] finished patch_container_frame_token_tracker in 282.25µs
[ 22.735s] [Workarounds] starting patch_achievement_display_set_achievements
[ 22.735s] [Workarounds] finished patch_achievement_display_set_achievements in 52.15µs
[ 22.735s] [Workarounds] starting patch_housing_dashboard_preload
[ 22.736s] [Workarounds] finished patch_housing_dashboard_preload in 1.12ms
[ 22.736s] [Workarounds] starting patch_lfg_lock_list
[ 22.736s] [Workarounds] finished patch_lfg_lock_list in 249.28µs
[ 22.736s] [Workarounds] starting patch_auction_house_browse_results_event
[ 22.737s] [Workarounds] finished patch_auction_house_browse_results_event in 490.44µs
[ 22.737s] [Workarounds] starting patch_auction_house_search_context_aliases
[ 22.737s] [Workarounds] finished patch_auction_house_search_context_aliases in 192.97µs
[ 22.737s] [Workarounds] starting patch_auth_challenge_frame_parent
[ 22.737s] [Workarounds] finished patch_auth_challenge_frame_parent in 536.74µs
[ 22.737s] [Workarounds] starting patch_settings_surface_defaults
[ 22.741s] [Workarounds] finished patch_settings_surface_defaults in 3.10ms
[ 22.741s] [Workarounds] starting patch_settings_canvas_layout_visibility
[ 22.741s] [Workarounds] finished patch_settings_canvas_layout_visibility in 800.90µs
[ 22.741s] [Startup] apply_post_load_workarounds: workarounds complete
[ 23.119s] [Startup] apply_post_load_workarounds: globals restored
[ 23.121s] [Startup] apply_post_load_workarounds: patch 12.1 compatibility restored
[ 23.121s] [Startup] apply_post_load_workarounds: seterrorhandler restored
[ 23.634s] [Startup] begin login sequence
[ 23.634s] [Startup] Firing ADDON_LOADED
[ 23.635s] [Startup] Firing VARIABLES_LOADED
[ 24.220s] [Startup] Firing DISPLAY_SIZE_CHANGED
[ 24.410s] [Startup] Firing UI_SCALE_CHANGED
[ 24.420s] [Startup] Firing PLAYER_LOGIN
[ 24.420s] [Startup] end login sequence in 785.81ms
[ 24.420s] [Startup] begin world enter sequence
[ 24.420s] [Startup] Skipping EDIT_MODE_LAYOUTS_UPDATED
[ 24.420s] [Startup] Firing TIME_PLAYED_MSG via RequestTimePlayed
[ 24.420s] [Startup] Firing PLAYER_ENTERING_WORLD
[ 25.912s] [EditMode] starting setup_layout_info
[ 25.935s] [EditMode] finished setup_layout_info in 22.09ms
[ 25.935s] [EditMode] starting apply_system_anchors
[ 26.771s] [EditMode] finished apply_system_anchors in 836.68ms
[ 26.771s] [EditMode] starting finalize_action_bar_positions
[ 26.785s] [EditMode] finished finalize_action_bar_positions in 13.90ms
[ 26.785s] [EditMode] starting invoke_anchor_changed_hooks
[ 26.813s] [EditMode] finished invoke_anchor_changed_hooks in 27.75ms
[ 26.813s] [EditMode] starting fix_action_bar_nan_size
[ 26.814s] [EditMode] finished fix_action_bar_nan_size in 492.19µs
[ 26.814s] [EditMode] starting fix_action_bar_scale
[ 26.814s] [EditMode] finished fix_action_bar_scale in 46.67µs
[ 26.814s] [EditMode] starting reapply_player_frame_anchor
[ 26.822s] [EditMode] finished reapply_player_frame_anchor in 8.09ms
[ 26.885s] [Startup] end world enter sequence in 2.47s
[ 26.885s] [Startup] begin post-login events
[ 26.891s] [Startup] Firing UNIT_AURA
[ 26.896s] [Startup] Firing PET_UI_UPDATE
[ 26.906s] [Startup] Firing BAG_UPDATE_DELAYED
[ 26.923s] [Startup] Firing QUEST_LOG_UPDATE
[ 26.933s] [Startup] Firing GROUP_ROSTER_UPDATE
[ 27.574s] [Startup] Firing ACTIONBAR_UPDATE_STATE
[ 27.574s] [Startup] Firing ACTIONBAR_UPDATE_COOLDOWN
[ 27.579s] [Startup] Firing UPDATE_BONUS_ACTIONBAR
[ 27.668s] [Startup] Firing PLAYER_CAN_GLIDE_CHANGED
[ 27.668s] [Startup] Firing PLAYER_IS_GLIDING_CHANGED
[ 27.668s] [Startup] Firing UPDATE_BINDINGS
[ 27.689s] [Startup] Firing UPDATE_CHAT_WINDOWS
[ 27.702s] [Startup] Firing LFG_UPDATE_RANDOM_INFO
[ 27.707s] [Startup] end post-login events in 821.45ms
[ 27.707s] [Startup] begin close startup special windows
[ 27.708s] [Startup] end close startup special windows in 1.48ms
[ 27.708s] [Startup] begin FIRST_FRAME_RENDERED
[ 27.708s] [Startup] Firing FIRST_FRAME_RENDERED
[ 27.709s] [Startup] end FIRST_FRAME_RENDERED in 831.39µs
[ 27.709s] [Startup] begin unblock hidden splash alerts
[ 27.709s] [Startup] end unblock hidden splash alerts in 110.15µs
[ 27.709s] [Startup] begin post-event workarounds
[ 27.709s] [Startup] end post-event workarounds in 8.62µs
