
running 1 test
test patch_11_2_0_publication_sweep::patch_11_2_0_publication_sweep ... ok

test result: ok. 1 passed; 0 failed; 0 ignored; 0 measured; 10818 filtered out; finished in 29.94s

warning: iced-wgpu-patched/Cargo.toml: `lints.clippy.large-enum-variant` is deprecated in favor of `lints.clippy.large_enum_variant` and will not work in a future edition
warning: iced-wgpu-patched/Cargo.toml: `lints.clippy.map-entry` is deprecated in favor of `lints.clippy.map_entry` and will not work in a future edition
warning: iced-wgpu-patched/Cargo.toml: `lints.clippy.match-wildcard-for-single-variants` is deprecated in favor of `lints.clippy.match_wildcard_for_single_variants` and will not work in a future edition
warning: iced-wgpu-patched/Cargo.toml: `lints.clippy.redundant-closure-for-method-calls` is deprecated in favor of `lints.clippy.redundant_closure_for_method_calls` and will not work in a future edition
warning: iced-wgpu-patched/Cargo.toml: `lints.clippy.trivially-copy-pass-by-ref` is deprecated in favor of `lints.clippy.trivially_copy_pass_by_ref` and will not work in a future edition
warning: iced-wgpu-patched/Cargo.toml: `lints.clippy.type-complexity` is deprecated in favor of `lints.clippy.type_complexity` and will not work in a future edition
warning: `iced_wgpu` (manifest) generated 6 warnings
    Finished `test` profile [optimized + debuginfo] target(s) in 1.49s
     Running tests/integration.rs (target/debug/deps/integration-aef10a2b503e13d5)
[  0.000s] [Startup] WowLuaEnv::new begin
[  0.014s] [Startup] SimState::default complete in 13.42ms
[  0.014s] [Startup] rilua VM created in 625.11µs
[  0.015s] [Startup] builtin frames initialized in 549.81µs
[  0.015s] [Startup] template registry cleared in 18.56µs
[  0.015s] [Startup] intrinsic templates registered in 30.22µs
[  0.015s] [Startup] initial app_data lua handle installed in 1.45µs
[  0.940s] [Startup] init_lua_state complete in 924.67ms
[  0.940s] [Startup] final app_data lua handle installed in 982.00ns
[  0.940s] [Startup] initial screen globals installed in 632.61µs
[  0.940s] [Startup] WowLuaEnv::new complete
[ 21.405s] [Startup] apply_post_load_workarounds: begin
[ 21.405s] [Workarounds] starting patch_edit_mode_manager
[ 21.407s] [Workarounds] finished patch_edit_mode_manager in 2.17ms
[ 21.407s] [Workarounds] starting init_edit_mode_layout
[ 21.407s] [EditMode] starting setup_layout_info
[ 21.430s] [EditMode] finished setup_layout_info in 22.38ms
[ 21.430s] [EditMode] starting apply_system_anchors
[ 22.686s] [EditMode] finished apply_system_anchors in 1.26s
[ 22.686s] [EditMode] starting finalize_action_bar_positions
[ 22.697s] [EditMode] finished finalize_action_bar_positions in 10.99ms
[ 22.698s] [EditMode] starting invoke_anchor_changed_hooks
[ 22.700s] [EditMode] finished invoke_anchor_changed_hooks in 2.36ms
[ 22.700s] [EditMode] starting fix_action_bar_nan_size
[ 22.700s] [EditMode] finished fix_action_bar_nan_size in 419.53µs
[ 22.700s] [EditMode] starting fix_action_bar_scale
[ 22.700s] [EditMode] finished fix_action_bar_scale in 43.60µs
[ 22.700s] [Workarounds] finished init_edit_mode_layout in 1.29s
[ 22.700s] [Workarounds] starting patch_ui_parent_panel_toggles
[ 22.703s] [Workarounds] finished patch_ui_parent_panel_toggles in 2.16ms
[ 22.703s] [Workarounds] starting patch_uiparent_onupdate_worklists
[ 22.704s] [Workarounds] finished patch_uiparent_onupdate_worklists in 997.48µs
[ 22.704s] [Workarounds] starting init_chat_type_colors
[ 22.705s] [Workarounds] finished init_chat_type_colors in 910.16µs
[ 22.705s] [Workarounds] starting patch_chat_voice_button_surface
[ 22.706s] [Workarounds] finished patch_chat_voice_button_surface in 1.45ms
[ 22.706s] [Workarounds] starting patch_item_socketing_tooltips
[ 22.707s] [Workarounds] finished patch_item_socketing_tooltips in 693.08µs
[ 22.707s] [Workarounds] starting patch_character_select_selected_name
[ 22.707s] [Workarounds] finished patch_character_select_selected_name in 326.55µs
[ 22.707s] [Workarounds] starting patch_character_create_defaults
[ 22.710s] [Workarounds] finished patch_character_create_defaults in 2.42ms
[ 22.710s] [Workarounds] starting patch_character_frame_title_refresh
[ 22.776s] [Workarounds] finished patch_character_frame_title_refresh in 66.18ms
[ 22.776s] [Workarounds] starting patch_vignette_pin_template
[ 22.777s] [Workarounds] finished patch_vignette_pin_template in 989.80µs
[ 22.777s] [Workarounds] starting patch_fog_of_war_pin_mixin
[ 22.780s] [Workarounds] finished patch_fog_of_war_pin_mixin in 2.56ms
[ 22.780s] [Workarounds] starting patch_map_exploration_pin_mixin
[ 22.827s] [Workarounds] finished patch_map_exploration_pin_mixin in 47.34ms
[ 22.827s] [Workarounds] starting patch_map_canvas_data_provider_attachment
[ 22.828s] [Workarounds] finished patch_map_canvas_data_provider_attachment in 644.45µs
[ 22.828s] [Workarounds] starting ensure_adventure_map_frame_surface
[ 22.831s] [Workarounds] finished ensure_adventure_map_frame_surface in 2.95ms
[ 22.831s] [Workarounds] starting patch_action_bar_button_event_fanout
[ 22.831s] [Workarounds] finished patch_action_bar_button_event_fanout in 715.02µs
[ 22.831s] [Workarounds] starting patch_paging_controls_page_text
[ 22.832s] [Workarounds] finished patch_paging_controls_page_text in 328.20µs
[ 22.832s] [Workarounds] starting patch_talent_edge_frame_level_sync
[ 22.832s] [Workarounds] finished patch_talent_edge_frame_level_sync in 246.44µs
[ 22.832s] [Workarounds] starting patch_catalog_shop_product_card_defaults
[ 22.833s] [Workarounds] finished patch_catalog_shop_product_card_defaults in 668.94µs
[ 22.833s] [Workarounds] starting patch_game_time_defaults
[ 22.833s] [Workarounds] finished patch_game_time_defaults in 130.53µs
[ 22.833s] [Workarounds] starting patch_tooltip_nineslice_surface
[ 22.833s] [Workarounds] finished patch_tooltip_nineslice_surface in 445.34µs
[ 22.833s] [Workarounds] starting patch_container_frame_token_tracker
[ 22.834s] [Workarounds] finished patch_container_frame_token_tracker in 376.44µs
[ 22.834s] [Workarounds] starting patch_achievement_display_set_achievements
[ 22.834s] [Workarounds] finished patch_achievement_display_set_achievements in 74.72µs
[ 22.834s] [Workarounds] starting patch_housing_dashboard_preload
[ 22.835s] [Workarounds] finished patch_housing_dashboard_preload in 1.21ms
[ 22.835s] [Workarounds] starting patch_lfg_lock_list
[ 22.835s] [Workarounds] finished patch_lfg_lock_list in 255.17µs
[ 22.835s] [Workarounds] starting patch_auction_house_browse_results_event
[ 22.836s] [Workarounds] finished patch_auction_house_browse_results_event in 699.68µs
[ 22.836s] [Workarounds] starting patch_auction_house_search_context_aliases
[ 22.836s] [Workarounds] finished patch_auction_house_search_context_aliases in 272.06µs
[ 22.836s] [Workarounds] starting patch_auth_challenge_frame_parent
[ 22.837s] [Workarounds] finished patch_auth_challenge_frame_parent in 722.80µs
[ 22.837s] [Workarounds] starting patch_settings_surface_defaults
[ 22.840s] [Workarounds] finished patch_settings_surface_defaults in 2.81ms
[ 22.840s] [Workarounds] starting patch_settings_canvas_layout_visibility
[ 22.841s] [Workarounds] finished patch_settings_canvas_layout_visibility in 839.07µs
[ 22.841s] [Startup] apply_post_load_workarounds: workarounds complete
[ 23.286s] [Startup] apply_post_load_workarounds: globals restored
[ 23.289s] [Startup] apply_post_load_workarounds: patch 12.1 compatibility restored
[ 23.290s] [Startup] apply_post_load_workarounds: seterrorhandler restored
[ 23.886s] [Startup] begin login sequence
[ 23.886s] [Startup] Firing ADDON_LOADED
[ 23.887s] [Startup] Firing VARIABLES_LOADED
[ 24.588s] [Startup] Firing DISPLAY_SIZE_CHANGED
[ 24.771s] [Startup] Firing UI_SCALE_CHANGED
[ 24.779s] [Startup] Firing PLAYER_LOGIN
[ 24.779s] [Startup] end login sequence in 892.93ms
[ 24.779s] [Startup] begin world enter sequence
[ 24.779s] [Startup] Skipping EDIT_MODE_LAYOUTS_UPDATED
[ 24.779s] [Startup] Firing TIME_PLAYED_MSG via RequestTimePlayed
[ 24.779s] [Startup] Firing PLAYER_ENTERING_WORLD
[ 26.598s] [EditMode] starting setup_layout_info
[ 26.619s] [EditMode] finished setup_layout_info in 21.45ms
[ 26.619s] [EditMode] starting apply_system_anchors
[ 27.568s] [EditMode] finished apply_system_anchors in 948.18ms
[ 27.568s] [EditMode] starting finalize_action_bar_positions
[ 27.581s] [EditMode] finished finalize_action_bar_positions in 13.82ms
[ 27.581s] [EditMode] starting invoke_anchor_changed_hooks
[ 27.609s] [EditMode] finished invoke_anchor_changed_hooks in 27.40ms
[ 27.609s] [EditMode] starting fix_action_bar_nan_size
[ 27.609s] [EditMode] finished fix_action_bar_nan_size in 401.43µs
[ 27.609s] [EditMode] starting fix_action_bar_scale
[ 27.609s] [EditMode] finished fix_action_bar_scale in 34.93µs
[ 27.609s] [EditMode] starting reapply_player_frame_anchor
[ 27.618s] [EditMode] finished reapply_player_frame_anchor in 8.67ms
[ 27.677s] [Startup] end world enter sequence in 2.90s
[ 27.677s] [Startup] begin post-login events
[ 27.682s] [Startup] Firing UNIT_AURA
[ 27.686s] [Startup] Firing PET_UI_UPDATE
[ 27.694s] [Startup] Firing BAG_UPDATE_DELAYED
[ 27.705s] [Startup] Firing QUEST_LOG_UPDATE
[ 27.711s] [Startup] Firing GROUP_ROSTER_UPDATE
[ 28.381s] [Startup] Firing ACTIONBAR_UPDATE_STATE
[ 28.381s] [Startup] Firing ACTIONBAR_UPDATE_COOLDOWN
[ 28.386s] [Startup] Firing UPDATE_BONUS_ACTIONBAR
[ 28.470s] [Startup] Firing PLAYER_CAN_GLIDE_CHANGED
[ 28.470s] [Startup] Firing PLAYER_IS_GLIDING_CHANGED
[ 28.470s] [Startup] Firing UPDATE_BINDINGS
[ 28.491s] [Startup] Firing UPDATE_CHAT_WINDOWS
[ 28.508s] [Startup] Firing LFG_UPDATE_RANDOM_INFO
[ 28.513s] [Startup] end post-login events in 836.18ms
[ 28.513s] [Startup] begin close startup special windows
[ 28.515s] [Startup] end close startup special windows in 1.63ms
[ 28.515s] [Startup] begin FIRST_FRAME_RENDERED
[ 28.515s] [Startup] Firing FIRST_FRAME_RENDERED
[ 28.516s] [Startup] end FIRST_FRAME_RENDERED in 986.64µs
[ 28.516s] [Startup] begin unblock hidden splash alerts
[ 28.516s] [Startup] end unblock hidden splash alerts in 103.76µs
[ 28.516s] [Startup] begin post-event workarounds
[ 28.516s] [Startup] end post-event workarounds in 7.59µs
