
running 1 test
test patch_12_1_0_publication_sweep::patch_12_1_0_publication_sweep ... ok

test result: ok. 1 passed; 0 failed; 0 ignored; 0 measured; 10818 filtered out; finished in 26.66s

warning: iced-wgpu-patched/Cargo.toml: `lints.clippy.large-enum-variant` is deprecated in favor of `lints.clippy.large_enum_variant` and will not work in a future edition
warning: iced-wgpu-patched/Cargo.toml: `lints.clippy.map-entry` is deprecated in favor of `lints.clippy.map_entry` and will not work in a future edition
warning: iced-wgpu-patched/Cargo.toml: `lints.clippy.match-wildcard-for-single-variants` is deprecated in favor of `lints.clippy.match_wildcard_for_single_variants` and will not work in a future edition
warning: iced-wgpu-patched/Cargo.toml: `lints.clippy.redundant-closure-for-method-calls` is deprecated in favor of `lints.clippy.redundant_closure_for_method_calls` and will not work in a future edition
warning: iced-wgpu-patched/Cargo.toml: `lints.clippy.trivially-copy-pass-by-ref` is deprecated in favor of `lints.clippy.trivially_copy_pass_by_ref` and will not work in a future edition
warning: iced-wgpu-patched/Cargo.toml: `lints.clippy.type-complexity` is deprecated in favor of `lints.clippy.type_complexity` and will not work in a future edition
warning: `iced_wgpu` (manifest) generated 6 warnings
    Finished `test` profile [optimized + debuginfo] target(s) in 1.29s
     Running tests/integration.rs (target/debug/deps/integration-aef10a2b503e13d5)
[  0.000s] [Startup] WowLuaEnv::new begin
[  0.012s] [Startup] SimState::default complete in 11.95ms
[  0.013s] [Startup] rilua VM created in 636.54µs
[  0.013s] [Startup] builtin frames initialized in 354.70µs
[  0.013s] [Startup] template registry cleared in 18.35µs
[  0.013s] [Startup] intrinsic templates registered in 29.55µs
[  0.013s] [Startup] initial app_data lua handle installed in 1.54µs
[  0.824s] [Startup] init_lua_state complete in 810.53ms
[  0.824s] [Startup] final app_data lua handle installed in 1.10µs
[  0.825s] [Startup] initial screen globals installed in 816.73µs
[  0.825s] [Startup] WowLuaEnv::new complete
[ 18.705s] [Startup] apply_post_load_workarounds: begin
[ 18.705s] [Workarounds] starting patch_edit_mode_manager
[ 18.707s] [Workarounds] finished patch_edit_mode_manager in 1.95ms
[ 18.707s] [Workarounds] starting init_edit_mode_layout
[ 18.707s] [EditMode] starting setup_layout_info
[ 18.727s] [EditMode] finished setup_layout_info in 20.84ms
[ 18.727s] [EditMode] starting apply_system_anchors
[ 19.699s] [EditMode] finished apply_system_anchors in 971.59ms
[ 19.699s] [EditMode] starting finalize_action_bar_positions
[ 19.709s] [EditMode] finished finalize_action_bar_positions in 10.37ms
[ 19.709s] [EditMode] starting invoke_anchor_changed_hooks
[ 19.711s] [EditMode] finished invoke_anchor_changed_hooks in 1.98ms
[ 19.711s] [EditMode] starting fix_action_bar_nan_size
[ 19.712s] [EditMode] finished fix_action_bar_nan_size in 293.08µs
[ 19.712s] [EditMode] starting fix_action_bar_scale
[ 19.712s] [EditMode] finished fix_action_bar_scale in 30.03µs
[ 19.712s] [Workarounds] finished init_edit_mode_layout in 1.01s
[ 19.712s] [Workarounds] starting patch_ui_parent_panel_toggles
[ 19.713s] [Workarounds] finished patch_ui_parent_panel_toggles in 1.52ms
[ 19.713s] [Workarounds] starting patch_uiparent_onupdate_worklists
[ 19.714s] [Workarounds] finished patch_uiparent_onupdate_worklists in 655.26µs
[ 19.714s] [Workarounds] starting init_chat_type_colors
[ 19.715s] [Workarounds] finished init_chat_type_colors in 598.29µs
[ 19.715s] [Workarounds] starting patch_chat_voice_button_surface
[ 19.715s] [Workarounds] finished patch_chat_voice_button_surface in 744.75µs
[ 19.715s] [Workarounds] starting patch_item_socketing_tooltips
[ 19.716s] [Workarounds] finished patch_item_socketing_tooltips in 380.94µs
[ 19.716s] [Workarounds] starting patch_character_select_selected_name
[ 19.716s] [Workarounds] finished patch_character_select_selected_name in 208.86µs
[ 19.716s] [Workarounds] starting patch_character_create_defaults
[ 19.718s] [Workarounds] finished patch_character_create_defaults in 1.55ms
[ 19.718s] [Workarounds] starting patch_character_frame_title_refresh
[ 19.761s] [Workarounds] finished patch_character_frame_title_refresh in 43.31ms
[ 19.761s] [Workarounds] starting patch_vignette_pin_template
[ 19.762s] [Workarounds] finished patch_vignette_pin_template in 669.29µs
[ 19.762s] [Workarounds] starting patch_fog_of_war_pin_mixin
[ 19.763s] [Workarounds] finished patch_fog_of_war_pin_mixin in 1.72ms
[ 19.763s] [Workarounds] starting patch_map_exploration_pin_mixin
[ 19.805s] [Workarounds] finished patch_map_exploration_pin_mixin in 41.85ms
[ 19.805s] [Workarounds] starting patch_map_canvas_data_provider_attachment
[ 19.806s] [Workarounds] finished patch_map_canvas_data_provider_attachment in 466.49µs
[ 19.806s] [Workarounds] starting ensure_adventure_map_frame_surface
[ 19.809s] [Workarounds] finished ensure_adventure_map_frame_surface in 2.74ms
[ 19.809s] [Workarounds] starting patch_action_bar_button_event_fanout
[ 19.809s] [Workarounds] finished patch_action_bar_button_event_fanout in 669.84µs
[ 19.809s] [Workarounds] starting patch_paging_controls_page_text
[ 19.809s] [Workarounds] finished patch_paging_controls_page_text in 249.88µs
[ 19.809s] [Workarounds] starting patch_talent_edge_frame_level_sync
[ 19.810s] [Workarounds] finished patch_talent_edge_frame_level_sync in 201.50µs
[ 19.810s] [Workarounds] starting patch_catalog_shop_product_card_defaults
[ 19.810s] [Workarounds] finished patch_catalog_shop_product_card_defaults in 399.54µs
[ 19.810s] [Workarounds] starting patch_game_time_defaults
[ 19.810s] [Workarounds] finished patch_game_time_defaults in 51.67µs
[ 19.810s] [Workarounds] starting patch_tooltip_nineslice_surface
[ 19.810s] [Workarounds] finished patch_tooltip_nineslice_surface in 281.08µs
[ 19.810s] [Workarounds] starting patch_container_frame_token_tracker
[ 19.811s] [Workarounds] finished patch_container_frame_token_tracker in 252.97µs
[ 19.811s] [Workarounds] starting patch_achievement_display_set_achievements
[ 19.811s] [Workarounds] finished patch_achievement_display_set_achievements in 47.72µs
[ 19.811s] [Workarounds] starting patch_housing_dashboard_preload
[ 19.812s] [Workarounds] finished patch_housing_dashboard_preload in 1.02ms
[ 19.812s] [Workarounds] starting patch_lfg_lock_list
[ 19.812s] [Workarounds] finished patch_lfg_lock_list in 202.68µs
[ 19.812s] [Workarounds] starting patch_auction_house_browse_results_event
[ 19.812s] [Workarounds] finished patch_auction_house_browse_results_event in 446.49µs
[ 19.812s] [Workarounds] starting patch_auction_house_search_context_aliases
[ 19.813s] [Workarounds] finished patch_auction_house_search_context_aliases in 184.44µs
[ 19.813s] [Workarounds] starting patch_auth_challenge_frame_parent
[ 19.813s] [Workarounds] finished patch_auth_challenge_frame_parent in 363.29µs
[ 19.813s] [Workarounds] starting patch_settings_surface_defaults
[ 19.815s] [Workarounds] finished patch_settings_surface_defaults in 2.33ms
[ 19.815s] [Workarounds] starting patch_settings_canvas_layout_visibility
[ 19.816s] [Workarounds] finished patch_settings_canvas_layout_visibility in 755.04µs
[ 19.816s] [Startup] apply_post_load_workarounds: workarounds complete
[ 20.162s] [Startup] apply_post_load_workarounds: globals restored
[ 20.165s] [Startup] apply_post_load_workarounds: patch 12.1 compatibility restored
[ 20.165s] [Startup] apply_post_load_workarounds: seterrorhandler restored
[ 20.631s] [Startup] begin login sequence
[ 20.631s] [Startup] Firing ADDON_LOADED
[ 20.632s] [Startup] Firing VARIABLES_LOADED
[ 21.154s] [Startup] Firing DISPLAY_SIZE_CHANGED
[ 21.310s] [Startup] Firing UI_SCALE_CHANGED
[ 21.316s] [Startup] Firing PLAYER_LOGIN
[ 21.316s] [Startup] end login sequence in 685.35ms
[ 21.316s] [Startup] begin world enter sequence
[ 21.316s] [Startup] Skipping EDIT_MODE_LAYOUTS_UPDATED
[ 21.316s] [Startup] Firing TIME_PLAYED_MSG via RequestTimePlayed
[ 21.316s] [Startup] Firing PLAYER_ENTERING_WORLD
[ 22.702s] [EditMode] starting setup_layout_info
[ 22.722s] [EditMode] finished setup_layout_info in 20.21ms
[ 22.722s] [EditMode] starting apply_system_anchors
[ 23.499s] [EditMode] finished apply_system_anchors in 776.41ms
[ 23.499s] [EditMode] starting finalize_action_bar_positions
[ 23.511s] [EditMode] finished finalize_action_bar_positions in 12.16ms
[ 23.511s] [EditMode] starting invoke_anchor_changed_hooks
[ 23.535s] [EditMode] finished invoke_anchor_changed_hooks in 23.94ms
[ 23.535s] [EditMode] starting fix_action_bar_nan_size
[ 23.535s] [EditMode] finished fix_action_bar_nan_size in 411.02µs
[ 23.535s] [EditMode] starting fix_action_bar_scale
[ 23.536s] [EditMode] finished fix_action_bar_scale in 39.06µs
[ 23.536s] [EditMode] starting reapply_player_frame_anchor
[ 23.543s] [EditMode] finished reapply_player_frame_anchor in 7.45ms
[ 23.598s] [Startup] end world enter sequence in 2.28s
[ 23.598s] [Startup] begin post-login events
[ 23.602s] [Startup] Firing UNIT_AURA
[ 23.607s] [Startup] Firing PET_UI_UPDATE
[ 23.615s] [Startup] Firing BAG_UPDATE_DELAYED
[ 23.626s] [Startup] Firing QUEST_LOG_UPDATE
[ 23.632s] [Startup] Firing GROUP_ROSTER_UPDATE
[ 24.196s] [Startup] Firing ACTIONBAR_UPDATE_STATE
[ 24.196s] [Startup] Firing ACTIONBAR_UPDATE_COOLDOWN
[ 24.201s] [Startup] Firing UPDATE_BONUS_ACTIONBAR
[ 24.278s] [Startup] Firing PLAYER_CAN_GLIDE_CHANGED
[ 24.278s] [Startup] Firing PLAYER_IS_GLIDING_CHANGED
[ 24.278s] [Startup] Firing UPDATE_BINDINGS
[ 24.297s] [Startup] Firing UPDATE_CHAT_WINDOWS
[ 24.311s] [Startup] Firing LFG_UPDATE_RANDOM_INFO
[ 24.315s] [Startup] end post-login events in 717.04ms
[ 24.315s] [Startup] begin close startup special windows
[ 24.316s] [Startup] end close startup special windows in 1.46ms
[ 24.316s] [Startup] begin FIRST_FRAME_RENDERED
[ 24.316s] [Startup] Firing FIRST_FRAME_RENDERED
[ 24.317s] [Startup] end FIRST_FRAME_RENDERED in 874.80µs
[ 24.317s] [Startup] begin unblock hidden splash alerts
[ 24.317s] [Startup] end unblock hidden splash alerts in 69.21µs
[ 24.317s] [Startup] begin post-event workarounds
[ 24.317s] [Startup] end post-event workarounds in 7.39µs
