FF
======================================================================
FAIL: test_opt_in_classifies_full_page_and_preserves_default_bytes (tools.test_patch_3_3_3_source.HistoricalHeadingsTests.test_opt_in_classifies_full_page_and_preserves_default_bytes)
----------------------------------------------------------------------
Traceback (most recent call last):
  File "/home/osso/.worktrees/wow-ui-sim-p333-source/tools/test_patch_3_3_3_source.py", line 25, in test_opt_in_classifies_full_page_and_preserves_default_bytes
    self.assertEqual(result.returncode, 0, result.stderr)
    ~~~~~~~~~~~~~~~~^^^^^^^^^^^^^^^^^^^^^^^^^^^^^^^^^^^^^
AssertionError: 2 != 0 : usage: gen_patch_wikitext_register.py [-h] [--inventory-only]
                                      [--expand-shared-changes]
                                      [--separate-inline-structures]
                                      [--capture-span-defaults]
                                      [--skip-plain-scripts-label]
                                      [--simple-api-list]
                                      [--legacy-column-headers]
                                      [--diff-api-additions]
                                      [--legacy-inventory-labels]
                                      [--legacy-api-tables]
                                      [--cataclysm-change-bullets]
                                      [--legacy-api-bullets]
                                      [--legacy-api-renames] [--bfa-prepatch]
                                      [--prose-api-links]
                                      [--legacy-summary-tables]
                                      [--top-level-api-bullets]
                                      [--legacy-widget-summaries]
                                      [--prose-namespace-migrations]
                                      [--legacy-widget-cvar-bullets]
                                      [--legion-prepatch]
                                      [--indented-api-lists]
                                      [--colon-api-bullets]
                                      [--warlords-prepatch]
                                      [--warlords-diff WARLORDS_DIFF]
                                      [--combat-restriction-bullets]
                                      [--client-line {retail,mists-classic,classic-era}]
                                      [--mists-automated-diff]
                                      [--mists-prepatch] [--mists-summary]
                                      [--mists-diff MISTS_DIFF]
                                      [--mists-widget-handlers]
                                      [--mists-bare-widget-handlers]
                                      [--mists-code-removals]
                                      patch path revid out
gen_patch_wikitext_register.py: error: unrecognized arguments: --historical-api-headings


======================================================================
FAIL: test_unrelated_sections_are_not_inventory (tools.test_patch_3_3_3_source.HistoricalHeadingsTests.test_unrelated_sections_are_not_inventory)
----------------------------------------------------------------------
Traceback (most recent call last):
  File "/home/osso/.worktrees/wow-ui-sim-p333-source/tools/test_patch_3_3_3_source.py", line 56, in test_unrelated_sections_are_not_inventory
    self.assertEqual(result.returncode, 0, result.stderr)
    ~~~~~~~~~~~~~~~~^^^^^^^^^^^^^^^^^^^^^^^^^^^^^^^^^^^^^
AssertionError: 2 != 0 : usage: gen_patch_wikitext_register.py [-h] [--inventory-only]
                                      [--expand-shared-changes]
                                      [--separate-inline-structures]
                                      [--capture-span-defaults]
                                      [--skip-plain-scripts-label]
                                      [--simple-api-list]
                                      [--legacy-column-headers]
                                      [--diff-api-additions]
                                      [--legacy-inventory-labels]
                                      [--legacy-api-tables]
                                      [--cataclysm-change-bullets]
                                      [--legacy-api-bullets]
                                      [--legacy-api-renames] [--bfa-prepatch]
                                      [--prose-api-links]
                                      [--legacy-summary-tables]
                                      [--top-level-api-bullets]
                                      [--legacy-widget-summaries]
                                      [--prose-namespace-migrations]
                                      [--legacy-widget-cvar-bullets]
                                      [--legion-prepatch]
                                      [--indented-api-lists]
                                      [--colon-api-bullets]
                                      [--warlords-prepatch]
                                      [--warlords-diff WARLORDS_DIFF]
                                      [--combat-restriction-bullets]
                                      [--client-line {retail,mists-classic,classic-era}]
                                      [--mists-automated-diff]
                                      [--mists-prepatch] [--mists-summary]
                                      [--mists-diff MISTS_DIFF]
                                      [--mists-widget-handlers]
                                      [--mists-bare-widget-handlers]
                                      [--mists-code-removals]
                                      patch path revid out
gen_patch_wikitext_register.py: error: unrecognized arguments: --historical-api-headings


----------------------------------------------------------------------
Ran 2 tests in 0.222s

FAILED (failures=2)
