M	Cargo.toml
A	data/patch-api/evidence/1.13.7-session-2026-10-09/HANDOFF.md
A	data/patch-api/evidence/1.13.7-session-2026-10-09/audit.py
A	data/patch-api/evidence/1.13.7-session-2026-10-09/current-proof-ledger.json
A	data/patch-api/evidence/1.13.7-session-2026-10-09/default-extract.txt
A	data/patch-api/evidence/1.13.7-session-2026-10-09/default-register.json
A	data/patch-api/evidence/1.13.7-session-2026-10-09/frozen-manifest.json
A	data/patch-api/evidence/1.13.7-session-2026-10-09/frozen-registry.json
A	data/patch-api/evidence/1.13.7-session-2026-10-09/green.log
A	data/patch-api/evidence/1.13.7-session-2026-10-09/historical-tools/extract_patch_non_inventory.py
A	data/patch-api/evidence/1.13.7-session-2026-10-09/historical-tools/gen_patch_wikitext_register.py
A	data/patch-api/evidence/1.13.7-session-2026-10-09/ledger.json
A	data/patch-api/evidence/1.13.7-session-2026-10-09/originals.tar.gz
A	data/patch-api/evidence/1.13.7-session-2026-10-09/portable-green.log
A	data/patch-api/evidence/1.13.7-session-2026-10-09/portable-proof.json
A	data/patch-api/evidence/1.13.7-session-2026-10-09/portable-red-proof.json
A	data/patch-api/evidence/1.13.7-session-2026-10-09/portable-red.log
A	data/patch-api/evidence/1.13.7-session-2026-10-09/proof-ledger.json
A	data/patch-api/evidence/1.13.7-session-2026-10-09/receipt-seals.json
A	data/patch-api/evidence/1.13.7-session-2026-10-09/red.log
A	data/patch-api/evidence/1.13.7-session-2026-10-09/seals.json
A	data/patch-api/evidence/1.13.7-session-2026-10-09/source-pin.json
A	data/patch-api/evidence/1.13.7-session-2026-10-09/source-response.json
A	data/patch-api/evidence/1.13.7-session-2026-10-09/source.wikitext
A	data/patch-api/evidence/1.13.7-session-2026-10-09/state-inputs/Cargo.toml
A	data/patch-api/evidence/1.13.7-session-2026-10-09/state-inputs/data/blizzard-ui-files/anniversary.txt
A	data/patch-api/evidence/1.13.7-session-2026-10-09/state-inputs/data/blizzard-ui-files/era.txt
A	data/patch-api/evidence/1.13.7-session-2026-10-09/state-inputs/src/client_profile.rs
A	data/patch-api/evidence/1.13.7-session-2026-10-09/state-inputs/src/cvars.rs
A	data/patch-api/evidence/1.13.7-session-2026-10-09/state-inputs/src/lua_api/workarounds/temporary/display_scale_defaults.rs
A	data/patch-api/evidence/1.13.7-session-2026-10-09/successors/1.14.0/response.json
A	data/patch-api/evidence/1.13.7-session-2026-10-09/successors/1.14.0/source.wikitext
A	data/patch-api/evidence/1.13.7-session-2026-10-09/successors/1.14.1/response.json
A	data/patch-api/evidence/1.13.7-session-2026-10-09/successors/1.14.1/source.wikitext
A	data/patch-api/evidence/1.13.7-session-2026-10-09/successors/1.14.2/response.json
A	data/patch-api/evidence/1.13.7-session-2026-10-09/successors/1.14.2/source.wikitext
A	data/patch-api/evidence/1.13.7-session-2026-10-09/successors/1.14.3/response.json
A	data/patch-api/evidence/1.13.7-session-2026-10-09/successors/1.14.3/source.wikitext
A	data/patch-api/evidence/1.13.7-session-2026-10-09/successors/1.14.4/response.json
A	data/patch-api/evidence/1.13.7-session-2026-10-09/successors/1.14.4/source.wikitext
A	data/patch-api/evidence/1.13.7-session-2026-10-09/successors/1.15.0/response.json
A	data/patch-api/evidence/1.13.7-session-2026-10-09/successors/1.15.0/source.wikitext
A	data/patch-api/evidence/1.13.7-session-2026-10-09/successors/1.15.1/response.json
A	data/patch-api/evidence/1.13.7-session-2026-10-09/successors/1.15.1/source.wikitext
A	data/patch-api/evidence/1.13.7-session-2026-10-09/successors/1.15.2/response.json
A	data/patch-api/evidence/1.13.7-session-2026-10-09/successors/1.15.2/source.wikitext
A	data/patch-api/evidence/1.13.7-session-2026-10-09/successors/1.15.3/response.json
A	data/patch-api/evidence/1.13.7-session-2026-10-09/successors/1.15.3/source.wikitext
A	data/patch-api/evidence/1.13.7-session-2026-10-09/successors/1.15.4/response.json
A	data/patch-api/evidence/1.13.7-session-2026-10-09/successors/1.15.4/source.wikitext
A	data/patch-api/evidence/1.13.7-session-2026-10-09/successors/1.15.5/response.json
A	data/patch-api/evidence/1.13.7-session-2026-10-09/successors/1.15.5/source.wikitext
A	data/patch-api/evidence/1.13.7-session-2026-10-09/successors/1.15.6/response.json
A	data/patch-api/evidence/1.13.7-session-2026-10-09/successors/1.15.6/source.wikitext
A	data/patch-api/evidence/1.13.7-session-2026-10-09/successors/1.15.7/response.json
A	data/patch-api/evidence/1.13.7-session-2026-10-09/successors/1.15.7/source.wikitext
A	data/patch-api/evidence/1.13.7-session-2026-10-09/successors/1.15.8/response.json
A	data/patch-api/evidence/1.13.7-session-2026-10-09/successors/1.15.8/source.wikitext
A	data/patch-api/evidence/1.13.7-session-2026-10-09/successors/1.15.9/response.json
A	data/patch-api/evidence/1.13.7-session-2026-10-09/successors/1.15.9/source.wikitext
A	data/patch-api/evidence/1.13.7-session-2026-10-09/successors/status.json
A	data/patch-api/evidence/1.13.7-session-2026-10-09/test_portable.py
A	data/patch-api/evidence/1.13.7-session-2026-10-09/test_source_accounting.py
A	data/patch-api/evidence/narrow-repairs-2026-10-09/integrated/era-helper/1.14.2-portable-controls-fixed.json
A	data/patch-api/evidence/narrow-repairs-2026-10-09/integrated/era-helper/1.14.2-portable-controls.json
A	data/patch-api/evidence/narrow-repairs-2026-10-09/integrated/era-helper/1.14.2-portable-fixed.stderr
A	data/patch-api/evidence/narrow-repairs-2026-10-09/integrated/era-helper/1.14.2-portable-fixed.stdout
A	data/patch-api/evidence/narrow-repairs-2026-10-09/integrated/era-helper/1.14.2-portable.stderr
A	data/patch-api/evidence/narrow-repairs-2026-10-09/integrated/era-helper/1.14.2-portable.stdout
A	data/patch-api/evidence/narrow-repairs-2026-10-09/integrated/era-helper/1.14.2-source.stderr
A	data/patch-api/evidence/narrow-repairs-2026-10-09/integrated/era-helper/1.14.2-source.stdout
A	data/patch-api/evidence/narrow-repairs-2026-10-09/integrated/era-helper/1.14.3-portable-controls-fixed.json
A	data/patch-api/evidence/narrow-repairs-2026-10-09/integrated/era-helper/1.14.3-portable-controls.json
A	data/patch-api/evidence/narrow-repairs-2026-10-09/integrated/era-helper/1.14.3-portable-fixed.stderr
A	data/patch-api/evidence/narrow-repairs-2026-10-09/integrated/era-helper/1.14.3-portable-fixed.stdout
A	data/patch-api/evidence/narrow-repairs-2026-10-09/integrated/era-helper/1.14.3-portable.stderr
A	data/patch-api/evidence/narrow-repairs-2026-10-09/integrated/era-helper/1.14.3-portable.stdout
A	data/patch-api/evidence/narrow-repairs-2026-10-09/integrated/era-helper/1.14.3-source.stderr
A	data/patch-api/evidence/narrow-repairs-2026-10-09/integrated/era-helper/1.14.3-source.stdout
A	data/patch-api/evidence/narrow-repairs-2026-10-09/integrated/era-helper/comparison.json
A	data/patch-api/evidence/narrow-repairs-2026-10-09/integrated/era-helper/era.stderr
A	data/patch-api/evidence/narrow-repairs-2026-10-09/integrated/era-helper/era.stdout
A	data/patch-api/evidence/narrow-repairs-2026-10-09/integrated/era-helper/factory-observations.json
A	data/patch-api/evidence/narrow-repairs-2026-10-09/integrated/era-helper/fmt.stderr
A	data/patch-api/evidence/narrow-repairs-2026-10-09/integrated/era-helper/fmt.stdout
A	data/patch-api/evidence/narrow-repairs-2026-10-09/integrated/era-helper/main-retention.json
A	data/patch-api/evidence/narrow-repairs-2026-10-09/integrated/era-helper/proof-summary.json
A	data/patch-api/evidence/narrow-repairs-2026-10-09/integrated/era-helper/publication-probe-patch_10_2_5_vertex_color_probe_reaches_missing_endpoint_methods.log
A	data/patch-api/evidence/narrow-repairs-2026-10-09/integrated/era-helper/publication-probe-patch_3_0_3_factory.log
A	data/patch-api/evidence/narrow-repairs-2026-10-09/integrated/era-helper/receipts.json
A	data/patch-api/evidence/narrow-repairs-2026-10-09/integrated/era-helper/report.md
A	data/patch-api/evidence/narrow-repairs-2026-10-09/integrated/era-helper/retail-publication.stderr
A	data/patch-api/evidence/narrow-repairs-2026-10-09/integrated/era-helper/retail-publication.stdout
A	data/patch-api/evidence/narrow-repairs-2026-10-09/integrated/era-helper/scope-after.json
A	data/patch-api/evidence/narrow-repairs-2026-10-09/integrated/era-helper/scope-before.json
A	data/patch-api/evidence/narrow-repairs-2026-10-09/integrated/era-helper/seal-successor-checks.json
A	docs/specs/patch-1-13-7-source-accounting.md
M	docs/wiki/index.md
M	docs/wiki/investigations/forever-cfg-failure-and-function-gates.md
M	docs/wiki/investigations/integrated-source-and-factory-proof-2026-10-09.md
A	docs/wiki/investigations/patch-1-13-7-api-audit.md
M	docs/wiki/log.md
A	patch-tests/forever_runtime_contracts.rs
