
running 1 test
test patch_10_1_7_template_attributes::patch_10_1_7_runtime_template_attributes_before_onload ... ok

test result: ok. 1 passed; 0 failed; 0 ignored; 0 measured; 10822 filtered out; finished in 0.32s

warning: iced-wgpu-patched/Cargo.toml: `lints.clippy.large-enum-variant` is deprecated in favor of `lints.clippy.large_enum_variant` and will not work in a future edition
warning: iced-wgpu-patched/Cargo.toml: `lints.clippy.map-entry` is deprecated in favor of `lints.clippy.map_entry` and will not work in a future edition
warning: iced-wgpu-patched/Cargo.toml: `lints.clippy.match-wildcard-for-single-variants` is deprecated in favor of `lints.clippy.match_wildcard_for_single_variants` and will not work in a future edition
warning: iced-wgpu-patched/Cargo.toml: `lints.clippy.redundant-closure-for-method-calls` is deprecated in favor of `lints.clippy.redundant_closure_for_method_calls` and will not work in a future edition
warning: iced-wgpu-patched/Cargo.toml: `lints.clippy.trivially-copy-pass-by-ref` is deprecated in favor of `lints.clippy.trivially_copy_pass_by_ref` and will not work in a future edition
warning: iced-wgpu-patched/Cargo.toml: `lints.clippy.type-complexity` is deprecated in favor of `lints.clippy.type_complexity` and will not work in a future edition
warning: `iced_wgpu` (manifest) generated 6 warnings
   Compiling wow-ui-sim v0.1.0 (/home/osso/.worktrees/wow-ui-sim-p1017-page)
    Finished `test` profile [optimized + debuginfo] target(s) in 2m 52s
     Running tests/integration.rs (target/debug/deps/integration-aef10a2b503e13d5)
[  0.000s] [Startup] WowLuaEnv::new begin
[  0.003s] [Startup] SimState::default complete in 3.15ms
[  0.003s] [Startup] rilua VM created in 159.01µs
[  0.003s] [Startup] builtin frames initialized in 99.64µs
[  0.003s] [Startup] template registry cleared in 7.42µs
[  0.003s] [Startup] intrinsic templates registered in 13.64µs
[  0.003s] [Startup] initial app_data lua handle installed in 571.00ns
[  0.308s] [Startup] init_lua_state complete in 304.96ms
[  0.308s] [Startup] final app_data lua handle installed in 381.00ns
[  0.309s] [Startup] initial screen globals installed in 218.96µs
[  0.309s] [Startup] WowLuaEnv::new complete
