running 1 tests
test patch_10_1_7_cached_surfaces::patch_10_1_7_cached_ping_receiver_attributes ... ok

test result: ok. 1 passed; 0 failed; 1 total
warning: iced-wgpu-patched/Cargo.toml: `lints.clippy.large-enum-variant` is deprecated in favor of `lints.clippy.large_enum_variant` and will not work in a future edition
warning: iced-wgpu-patched/Cargo.toml: `lints.clippy.map-entry` is deprecated in favor of `lints.clippy.map_entry` and will not work in a future edition
warning: iced-wgpu-patched/Cargo.toml: `lints.clippy.match-wildcard-for-single-variants` is deprecated in favor of `lints.clippy.match_wildcard_for_single_variants` and will not work in a future edition
warning: iced-wgpu-patched/Cargo.toml: `lints.clippy.redundant-closure-for-method-calls` is deprecated in favor of `lints.clippy.redundant_closure_for_method_calls` and will not work in a future edition
warning: iced-wgpu-patched/Cargo.toml: `lints.clippy.trivially-copy-pass-by-ref` is deprecated in favor of `lints.clippy.trivially_copy_pass_by_ref` and will not work in a future edition
warning: iced-wgpu-patched/Cargo.toml: `lints.clippy.type-complexity` is deprecated in favor of `lints.clippy.type_complexity` and will not work in a future edition
warning: `iced_wgpu` (manifest) generated 6 warnings
   Compiling wow-ui-sim v0.1.0 (/home/osso/.worktrees/wow-ui-sim-p1017-page)
    Finished `test` profile [optimized + debuginfo] target(s) in 6.10s
     Running tests/prefork_full_ui.rs (target/debug/deps/prefork_full_ui-34a818a91c447c36)
[  0.000s] [Startup] WowLuaEnv::new begin
[  0.002s] [Startup] SimState::default complete in 2.12ms
[  0.002s] [Startup] rilua VM created in 103.23µs
[  0.002s] [Startup] builtin frames initialized in 73.49µs
[  0.002s] [Startup] template registry cleared in 5.66µs
[  0.002s] [Startup] intrinsic templates registered in 7.16µs
[  0.002s] [Startup] initial app_data lua handle installed in 521.00ns
[  0.167s] [Startup] init_lua_state complete in 165.05ms
[  0.167s] [Startup] final app_data lua handle installed in 370.00ns
[  0.168s] [Startup] initial screen globals installed in 137.46µs
[  0.168s] [Startup] WowLuaEnv::new complete
[  3.835s] [Startup] apply_post_load_workarounds: begin
[  3.835s] [Workarounds] starting patch_edit_mode_manager
[  3.835s] [Workarounds] finished patch_edit_mode_manager in 319.50µs
[  3.835s] [Workarounds] starting init_edit_mode_layout
[  3.835s] [EditMode] starting setup_layout_info
[  3.839s] [EditMode] finished setup_layout_info in 3.41ms
[  3.839s] [EditMode] starting apply_system_anchors
[  3.981s] [EditMode] finished apply_system_anchors in 142.35ms
[  3.981s] [EditMode] starting finalize_action_bar_positions
[  3.983s] [EditMode] finished finalize_action_bar_positions in 1.83ms
[  3.983s] [EditMode] starting invoke_anchor_changed_hooks
[  3.983s] [EditMode] finished invoke_anchor_changed_hooks in 411.84µs
[  3.983s] [EditMode] starting fix_action_bar_nan_size
[  3.983s] [EditMode] finished fix_action_bar_nan_size in 43.44µs
[  3.983s] [EditMode] starting fix_action_bar_scale
[  3.983s] [EditMode] finished fix_action_bar_scale in 4.85µs
[  3.983s] [Workarounds] finished init_edit_mode_layout in 148.08ms
[  3.983s] [Workarounds] starting patch_ui_parent_panel_toggles
[  3.984s] [Workarounds] finished patch_ui_parent_panel_toggles in 231.31µs
[  3.984s] [Workarounds] starting patch_uiparent_onupdate_worklists
[  3.984s] [Workarounds] finished patch_uiparent_onupdate_worklists in 96.45µs
[  3.984s] [Workarounds] starting init_chat_type_colors
[  3.984s] [Workarounds] finished init_chat_type_colors in 123.40µs
[  3.984s] [Workarounds] starting patch_chat_voice_button_surface
[  3.984s] [Workarounds] finished patch_chat_voice_button_surface in 120.78µs
[  3.984s] [Workarounds] starting patch_item_socketing_tooltips
[  3.984s] [Workarounds] finished patch_item_socketing_tooltips in 58.25µs
[  3.984s] [Workarounds] starting patch_character_select_selected_name
[  3.984s] [Workarounds] finished patch_character_select_selected_name in 30.81µs
[  3.984s] [Workarounds] starting patch_character_create_defaults
[  3.984s] [Workarounds] finished patch_character_create_defaults in 224.48µs
[  3.984s] [Workarounds] starting patch_character_frame_title_refresh
[  3.990s] [Workarounds] finished patch_character_frame_title_refresh in 5.69ms
[  3.990s] [Workarounds] starting patch_vignette_pin_template
[  3.990s] [Workarounds] finished patch_vignette_pin_template in 90.84µs
[  3.990s] [Workarounds] starting patch_fog_of_war_pin_mixin
[  3.990s] [Workarounds] finished patch_fog_of_war_pin_mixin in 267.18µs
[  3.990s] [Workarounds] starting patch_map_exploration_pin_mixin
[  3.996s] [Workarounds] finished patch_map_exploration_pin_mixin in 6.06ms
[  3.996s] [Workarounds] starting patch_map_canvas_data_provider_attachment
[  3.996s] [Workarounds] finished patch_map_canvas_data_provider_attachment in 87.15µs
[  3.996s] [Workarounds] starting ensure_adventure_map_frame_surface
[  3.997s] [Workarounds] finished ensure_adventure_map_frame_surface in 507.43µs
[  3.997s] [Workarounds] starting patch_action_bar_button_event_fanout
[  3.997s] [Workarounds] finished patch_action_bar_button_event_fanout in 119.55µs
[  3.997s] [Workarounds] starting patch_paging_controls_page_text
[  3.997s] [Workarounds] finished patch_paging_controls_page_text in 40.12µs
[  3.997s] [Workarounds] starting patch_talent_edge_frame_level_sync
[  3.997s] [Workarounds] finished patch_talent_edge_frame_level_sync in 30.47µs
[  3.997s] [Workarounds] starting patch_catalog_shop_product_card_defaults
[  3.997s] [Workarounds] finished patch_catalog_shop_product_card_defaults in 65.53µs
[  3.997s] [Workarounds] starting patch_game_time_defaults
[  3.997s] [Workarounds] finished patch_game_time_defaults in 9.22µs
[  3.997s] [Workarounds] starting patch_tooltip_nineslice_surface
[  3.997s] [Workarounds] finished patch_tooltip_nineslice_surface in 48.46µs
[  3.997s] [Workarounds] starting patch_container_frame_token_tracker
[  3.997s] [Workarounds] finished patch_container_frame_token_tracker in 47.86µs
[  3.997s] [Workarounds] starting patch_achievement_display_set_achievements
[  3.997s] [Workarounds] finished patch_achievement_display_set_achievements in 9.99µs
[  3.997s] [Workarounds] starting patch_housing_dashboard_preload
[  3.997s] [Workarounds] finished patch_housing_dashboard_preload in 173.08µs
[  3.997s] [Workarounds] starting patch_lfg_lock_list
[  3.998s] [Workarounds] finished patch_lfg_lock_list in 36.20µs
[  3.998s] [Workarounds] starting patch_auction_house_browse_results_event
[  3.998s] [Workarounds] finished patch_auction_house_browse_results_event in 64.43µs
[  3.998s] [Workarounds] starting patch_auction_house_search_context_aliases
[  3.998s] [Workarounds] finished patch_auction_house_search_context_aliases in 30.01µs
[  3.998s] [Workarounds] starting patch_auth_challenge_frame_parent
[  3.998s] [Workarounds] finished patch_auth_challenge_frame_parent in 74.33µs
[  3.998s] [Workarounds] starting patch_settings_surface_defaults
[  3.998s] [Workarounds] finished patch_settings_surface_defaults in 345.28µs
[  3.998s] [Workarounds] starting patch_settings_canvas_layout_visibility
[  3.998s] [Workarounds] finished patch_settings_canvas_layout_visibility in 111.62µs
[  3.998s] [Startup] apply_post_load_workarounds: workarounds complete
[  4.073s] [Startup] apply_post_load_workarounds: globals restored
[  4.073s] [Startup] apply_post_load_workarounds: patch 12.1 compatibility restored
[  4.073s] [Startup] apply_post_load_workarounds: seterrorhandler restored
[  4.236s] [Startup] begin login sequence
[  4.236s] [Startup] Firing ADDON_LOADED
[  4.237s] [Startup] Firing VARIABLES_LOADED
[  4.347s] [Startup] Firing DISPLAY_SIZE_CHANGED
[  4.407s] [Startup] Firing UI_SCALE_CHANGED
[  4.409s] [Startup] Firing PLAYER_LOGIN
[  4.409s] [Startup] end login sequence in 172.70ms
[  4.409s] [Startup] begin world enter sequence
[  4.409s] [Startup] Skipping EDIT_MODE_LAYOUTS_UPDATED
[  4.409s] [Startup] Firing TIME_PLAYED_MSG via RequestTimePlayed
[  4.409s] [Startup] Firing PLAYER_ENTERING_WORLD
[  4.721s] [EditMode] starting setup_layout_info
[  4.725s] [EditMode] finished setup_layout_info in 4.07ms
[  4.725s] [EditMode] starting apply_system_anchors
[  4.886s] [EditMode] finished apply_system_anchors in 161.34ms
[  4.886s] [EditMode] starting finalize_action_bar_positions
[  4.889s] [EditMode] finished finalize_action_bar_positions in 3.18ms
[  4.889s] [EditMode] starting invoke_anchor_changed_hooks
[  4.897s] [EditMode] finished invoke_anchor_changed_hooks in 7.25ms
[  4.897s] [EditMode] starting fix_action_bar_nan_size
[  4.897s] [EditMode] finished fix_action_bar_nan_size in 139.63µs
[  4.897s] [EditMode] starting fix_action_bar_scale
[  4.897s] [EditMode] finished fix_action_bar_scale in 6.46µs
[  4.897s] [EditMode] starting reapply_player_frame_anchor
[  4.899s] [EditMode] finished reapply_player_frame_anchor in 2.15ms
[  4.913s] [Startup] end world enter sequence in 504.31ms
[  4.913s] [Startup] begin post-login events
[  4.915s] [Startup] Firing UNIT_AURA
[  4.917s] [Startup] Firing PET_UI_UPDATE
[  4.919s] [Startup] Firing BAG_UPDATE_DELAYED
[  4.921s] [Startup] Firing QUEST_LOG_UPDATE
[  4.922s] [Startup] Firing GROUP_ROSTER_UPDATE
[  5.039s] [Startup] Firing ACTIONBAR_UPDATE_STATE
[  5.039s] [Startup] Firing ACTIONBAR_UPDATE_COOLDOWN
[  5.040s] [Startup] Firing UPDATE_BONUS_ACTIONBAR
[  5.057s] [Startup] Firing PLAYER_CAN_GLIDE_CHANGED
[  5.057s] [Startup] Firing PLAYER_IS_GLIDING_CHANGED
[  5.057s] [Startup] Firing UPDATE_BINDINGS
[  5.061s] [Startup] Firing UPDATE_CHAT_WINDOWS
[  5.064s] [Startup] Firing LFG_UPDATE_RANDOM_INFO
[  5.065s] [Startup] end post-login events in 151.80ms
[  5.065s] [Startup] begin close startup special windows
[  5.066s] [Startup] end close startup special windows in 356.32µs
[  5.066s] [Startup] begin FIRST_FRAME_RENDERED
[  5.066s] [Startup] Firing FIRST_FRAME_RENDERED
[  5.066s] [Startup] end FIRST_FRAME_RENDERED in 225.75µs
[  5.066s] [Startup] begin unblock hidden splash alerts
[  5.066s] [Startup] end unblock hidden splash alerts in 18.40µs
[  5.066s] [Startup] begin post-event workarounds
[  5.066s] [Startup] end post-event workarounds in 1.16µs
