
running 1 test
test patch_12_0_0_publication_sweep::patch_12_0_0_publication_sweep ... ok

test result: ok. 1 passed; 0 failed; 0 ignored; 0 measured; 10822 filtered out; finished in 5.00s

warning: iced-wgpu-patched/Cargo.toml: `lints.clippy.large-enum-variant` is deprecated in favor of `lints.clippy.large_enum_variant` and will not work in a future edition
warning: iced-wgpu-patched/Cargo.toml: `lints.clippy.map-entry` is deprecated in favor of `lints.clippy.map_entry` and will not work in a future edition
warning: iced-wgpu-patched/Cargo.toml: `lints.clippy.match-wildcard-for-single-variants` is deprecated in favor of `lints.clippy.match_wildcard_for_single_variants` and will not work in a future edition
warning: iced-wgpu-patched/Cargo.toml: `lints.clippy.redundant-closure-for-method-calls` is deprecated in favor of `lints.clippy.redundant_closure_for_method_calls` and will not work in a future edition
warning: iced-wgpu-patched/Cargo.toml: `lints.clippy.trivially-copy-pass-by-ref` is deprecated in favor of `lints.clippy.trivially_copy_pass_by_ref` and will not work in a future edition
warning: iced-wgpu-patched/Cargo.toml: `lints.clippy.type-complexity` is deprecated in favor of `lints.clippy.type_complexity` and will not work in a future edition
warning: `iced_wgpu` (manifest) generated 6 warnings
    Finished `test` profile [optimized + debuginfo] target(s) in 0.24s
     Running tests/integration.rs (target/debug/deps/integration-aef10a2b503e13d5)
[  0.000s] [Startup] WowLuaEnv::new begin
[  0.003s] [Startup] SimState::default complete in 3.24ms
[  0.003s] [Startup] rilua VM created in 156.17µs
[  0.004s] [Startup] builtin frames initialized in 110.89µs
[  0.004s] [Startup] template registry cleared in 13.99µs
[  0.004s] [Startup] intrinsic templates registered in 10.79µs
[  0.004s] [Startup] initial app_data lua handle installed in 451.00ns
[  0.182s] [Startup] init_lua_state complete in 178.04ms
[  0.182s] [Startup] final app_data lua handle installed in 400.00ns
[  0.182s] [Startup] initial screen globals installed in 80.93µs
[  0.182s] [Startup] WowLuaEnv::new complete
[  3.073s] [Startup] apply_post_load_workarounds: begin
[  3.073s] [Workarounds] starting patch_edit_mode_manager
[  3.073s] [Workarounds] finished patch_edit_mode_manager in 353.26µs
[  3.073s] [Workarounds] starting init_edit_mode_layout
[  3.073s] [EditMode] starting setup_layout_info
[  3.077s] [EditMode] finished setup_layout_info in 3.97ms
[  3.077s] [EditMode] starting apply_system_anchors
[  3.242s] [EditMode] finished apply_system_anchors in 164.73ms
[  3.242s] [EditMode] starting finalize_action_bar_positions
[  3.244s] [EditMode] finished finalize_action_bar_positions in 2.16ms
[  3.244s] [EditMode] starting invoke_anchor_changed_hooks
[  3.244s] [EditMode] finished invoke_anchor_changed_hooks in 472.02µs
[  3.244s] [EditMode] starting fix_action_bar_nan_size
[  3.244s] [EditMode] finished fix_action_bar_nan_size in 62.18µs
[  3.244s] [EditMode] starting fix_action_bar_scale
[  3.244s] [EditMode] finished fix_action_bar_scale in 5.79µs
[  3.244s] [Workarounds] finished init_edit_mode_layout in 171.43ms
[  3.244s] [Workarounds] starting patch_ui_parent_panel_toggles
[  3.245s] [Workarounds] finished patch_ui_parent_panel_toggles in 273.79µs
[  3.245s] [Workarounds] starting patch_uiparent_onupdate_worklists
[  3.245s] [Workarounds] finished patch_uiparent_onupdate_worklists in 112.05µs
[  3.245s] [Workarounds] starting init_chat_type_colors
[  3.245s] [Workarounds] finished init_chat_type_colors in 137.77µs
[  3.245s] [Workarounds] starting patch_chat_voice_button_surface
[  3.245s] [Workarounds] finished patch_chat_voice_button_surface in 146.59µs
[  3.245s] [Workarounds] starting patch_item_socketing_tooltips
[  3.245s] [Workarounds] finished patch_item_socketing_tooltips in 64.58µs
[  3.245s] [Workarounds] starting patch_character_select_selected_name
[  3.245s] [Workarounds] finished patch_character_select_selected_name in 33.82µs
[  3.245s] [Workarounds] starting patch_character_create_defaults
[  3.245s] [Workarounds] finished patch_character_create_defaults in 262.77µs
[  3.245s] [Workarounds] starting patch_character_frame_title_refresh
[  3.252s] [Workarounds] finished patch_character_frame_title_refresh in 6.27ms
[  3.252s] [Workarounds] starting patch_vignette_pin_template
[  3.252s] [Workarounds] finished patch_vignette_pin_template in 106.40µs
[  3.252s] [Workarounds] starting patch_fog_of_war_pin_mixin
[  3.252s] [Workarounds] finished patch_fog_of_war_pin_mixin in 306.25µs
[  3.252s] [Workarounds] starting patch_map_exploration_pin_mixin
[  3.260s] [Workarounds] finished patch_map_exploration_pin_mixin in 7.41ms
[  3.260s] [Workarounds] starting patch_map_canvas_data_provider_attachment
[  3.260s] [Workarounds] finished patch_map_canvas_data_provider_attachment in 140.52µs
[  3.260s] [Workarounds] starting ensure_adventure_map_frame_surface
[  3.260s] [Workarounds] finished ensure_adventure_map_frame_surface in 640.74µs
[  3.260s] [Workarounds] starting patch_action_bar_button_event_fanout
[  3.261s] [Workarounds] finished patch_action_bar_button_event_fanout in 134.15µs
[  3.261s] [Workarounds] starting patch_paging_controls_page_text
[  3.261s] [Workarounds] finished patch_paging_controls_page_text in 46.72µs
[  3.261s] [Workarounds] starting patch_talent_edge_frame_level_sync
[  3.261s] [Workarounds] finished patch_talent_edge_frame_level_sync in 34.60µs
[  3.261s] [Workarounds] starting patch_catalog_shop_product_card_defaults
[  3.261s] [Workarounds] finished patch_catalog_shop_product_card_defaults in 73.20µs
[  3.261s] [Workarounds] starting patch_game_time_defaults
[  3.261s] [Workarounds] finished patch_game_time_defaults in 9.13µs
[  3.261s] [Workarounds] starting patch_tooltip_nineslice_surface
[  3.261s] [Workarounds] finished patch_tooltip_nineslice_surface in 48.56µs
[  3.261s] [Workarounds] starting patch_container_frame_token_tracker
[  3.261s] [Workarounds] finished patch_container_frame_token_tracker in 46.59µs
[  3.261s] [Workarounds] starting patch_achievement_display_set_achievements
[  3.261s] [Workarounds] finished patch_achievement_display_set_achievements in 9.12µs
[  3.261s] [Workarounds] starting patch_housing_dashboard_preload
[  3.261s] [Workarounds] finished patch_housing_dashboard_preload in 210.42µs
[  3.261s] [Workarounds] starting patch_lfg_lock_list
[  3.261s] [Workarounds] finished patch_lfg_lock_list in 57.29µs
[  3.261s] [Workarounds] starting patch_auction_house_browse_results_event
[  3.261s] [Workarounds] finished patch_auction_house_browse_results_event in 100.27µs
[  3.261s] [Workarounds] starting patch_auction_house_search_context_aliases
[  3.261s] [Workarounds] finished patch_auction_house_search_context_aliases in 43.95µs
[  3.261s] [Workarounds] starting patch_auth_challenge_frame_parent
[  3.261s] [Workarounds] finished patch_auth_challenge_frame_parent in 99.78µs
[  3.261s] [Workarounds] starting patch_settings_surface_defaults
[  3.262s] [Workarounds] finished patch_settings_surface_defaults in 566.07µs
[  3.262s] [Workarounds] starting patch_settings_canvas_layout_visibility
[  3.262s] [Workarounds] finished patch_settings_canvas_layout_visibility in 141.48µs
[  3.262s] [Startup] apply_post_load_workarounds: workarounds complete
[  3.350s] [Startup] apply_post_load_workarounds: globals restored
[  3.351s] [Startup] apply_post_load_workarounds: patch 12.1 compatibility restored
[  3.351s] [Startup] apply_post_load_workarounds: seterrorhandler restored
[  3.521s] [Startup] begin login sequence
[  3.521s] [Startup] Firing ADDON_LOADED
[  3.521s] [Startup] Firing VARIABLES_LOADED
[  3.635s] [Startup] Firing DISPLAY_SIZE_CHANGED
[  3.690s] [Startup] Firing UI_SCALE_CHANGED
[  3.691s] [Startup] Firing PLAYER_LOGIN
[  3.691s] [Startup] end login sequence in 170.00ms
[  3.691s] [Startup] begin world enter sequence
[  3.691s] [Startup] Skipping EDIT_MODE_LAYOUTS_UPDATED
[  3.691s] [Startup] Firing TIME_PLAYED_MSG via RequestTimePlayed
[  3.691s] [Startup] Firing PLAYER_ENTERING_WORLD
[  4.002s] [EditMode] starting setup_layout_info
[  4.008s] [EditMode] finished setup_layout_info in 5.95ms
[  4.008s] [EditMode] starting apply_system_anchors
[  4.182s] [EditMode] finished apply_system_anchors in 174.09ms
[  4.182s] [EditMode] starting finalize_action_bar_positions
[  4.186s] [EditMode] finished finalize_action_bar_positions in 3.66ms
[  4.186s] [EditMode] starting invoke_anchor_changed_hooks
[  4.193s] [EditMode] finished invoke_anchor_changed_hooks in 7.31ms
[  4.193s] [EditMode] starting fix_action_bar_nan_size
[  4.193s] [EditMode] finished fix_action_bar_nan_size in 114.89µs
[  4.193s] [EditMode] starting fix_action_bar_scale
[  4.193s] [EditMode] finished fix_action_bar_scale in 11.04µs
[  4.193s] [EditMode] starting reapply_player_frame_anchor
[  4.195s] [EditMode] finished reapply_player_frame_anchor in 2.15ms
[  4.206s] [Startup] end world enter sequence in 514.70ms
[  4.206s] [Startup] begin post-login events
[  4.207s] [Startup] Firing UNIT_AURA
[  4.208s] [Startup] Firing PET_UI_UPDATE
[  4.210s] [Startup] Firing BAG_UPDATE_DELAYED
[  4.212s] [Startup] Firing QUEST_LOG_UPDATE
[  4.213s] [Startup] Firing GROUP_ROSTER_UPDATE
[  4.324s] [Startup] Firing ACTIONBAR_UPDATE_STATE
[  4.324s] [Startup] Firing ACTIONBAR_UPDATE_COOLDOWN
[  4.325s] [Startup] Firing UPDATE_BONUS_ACTIONBAR
[  4.342s] [Startup] Firing PLAYER_CAN_GLIDE_CHANGED
[  4.342s] [Startup] Firing PLAYER_IS_GLIDING_CHANGED
[  4.342s] [Startup] Firing UPDATE_BINDINGS
[  4.346s] [Startup] Firing UPDATE_CHAT_WINDOWS
[  4.349s] [Startup] Firing LFG_UPDATE_RANDOM_INFO
[  4.350s] [Startup] end post-login events in 144.01ms
[  4.350s] [Startup] begin close startup special windows
[  4.350s] [Startup] end close startup special windows in 324.49µs
[  4.350s] [Startup] begin FIRST_FRAME_RENDERED
[  4.350s] [Startup] Firing FIRST_FRAME_RENDERED
[  4.350s] [Startup] end FIRST_FRAME_RENDERED in 262.43µs
[  4.350s] [Startup] begin unblock hidden splash alerts
[  4.351s] [Startup] end unblock hidden splash alerts in 18.72µs
[  4.351s] [Startup] begin post-event workarounds
[  4.351s] [Startup] end post-event workarounds in 1.58µs
