
running 1 test
test patch_11_0_5_publication_sweep::patch_11_0_5_publication_sweep ... ok

test result: ok. 1 passed; 0 failed; 0 ignored; 0 measured; 10822 filtered out; finished in 4.11s

warning: iced-wgpu-patched/Cargo.toml: `lints.clippy.large-enum-variant` is deprecated in favor of `lints.clippy.large_enum_variant` and will not work in a future edition
warning: iced-wgpu-patched/Cargo.toml: `lints.clippy.map-entry` is deprecated in favor of `lints.clippy.map_entry` and will not work in a future edition
warning: iced-wgpu-patched/Cargo.toml: `lints.clippy.match-wildcard-for-single-variants` is deprecated in favor of `lints.clippy.match_wildcard_for_single_variants` and will not work in a future edition
warning: iced-wgpu-patched/Cargo.toml: `lints.clippy.redundant-closure-for-method-calls` is deprecated in favor of `lints.clippy.redundant_closure_for_method_calls` and will not work in a future edition
warning: iced-wgpu-patched/Cargo.toml: `lints.clippy.trivially-copy-pass-by-ref` is deprecated in favor of `lints.clippy.trivially_copy_pass_by_ref` and will not work in a future edition
warning: iced-wgpu-patched/Cargo.toml: `lints.clippy.type-complexity` is deprecated in favor of `lints.clippy.type_complexity` and will not work in a future edition
warning: `iced_wgpu` (manifest) generated 6 warnings
    Finished `test` profile [optimized + debuginfo] target(s) in 0.20s
     Running tests/integration.rs (target/debug/deps/integration-aef10a2b503e13d5)
[  0.000s] [Startup] WowLuaEnv::new begin
[  0.003s] [Startup] SimState::default complete in 3.12ms
[  0.003s] [Startup] rilua VM created in 136.19µs
[  0.003s] [Startup] builtin frames initialized in 87.95µs
[  0.003s] [Startup] template registry cleared in 9.97µs
[  0.003s] [Startup] intrinsic templates registered in 9.96µs
[  0.003s] [Startup] initial app_data lua handle installed in 421.00ns
[  0.133s] [Startup] init_lua_state complete in 129.18ms
[  0.133s] [Startup] final app_data lua handle installed in 211.00ns
[  0.133s] [Startup] initial screen globals installed in 87.74µs
[  0.133s] [Startup] WowLuaEnv::new complete
[  2.677s] [Startup] apply_post_load_workarounds: begin
[  2.677s] [Workarounds] starting patch_edit_mode_manager
[  2.678s] [Workarounds] finished patch_edit_mode_manager in 317.00µs
[  2.678s] [Workarounds] starting init_edit_mode_layout
[  2.678s] [EditMode] starting setup_layout_info
[  2.681s] [EditMode] finished setup_layout_info in 3.51ms
[  2.681s] [EditMode] starting apply_system_anchors
[  2.870s] [EditMode] finished apply_system_anchors in 188.38ms
[  2.870s] [EditMode] starting finalize_action_bar_positions
[  2.872s] [EditMode] finished finalize_action_bar_positions in 1.99ms
[  2.872s] [EditMode] starting invoke_anchor_changed_hooks
[  2.872s] [EditMode] finished invoke_anchor_changed_hooks in 439.37µs
[  2.872s] [EditMode] starting fix_action_bar_nan_size
[  2.872s] [EditMode] finished fix_action_bar_nan_size in 46.79µs
[  2.872s] [EditMode] starting fix_action_bar_scale
[  2.872s] [EditMode] finished fix_action_bar_scale in 5.08µs
[  2.872s] [Workarounds] finished init_edit_mode_layout in 194.41ms
[  2.872s] [Workarounds] starting patch_ui_parent_panel_toggles
[  2.872s] [Workarounds] finished patch_ui_parent_panel_toggles in 262.53µs
[  2.872s] [Workarounds] starting patch_uiparent_onupdate_worklists
[  2.872s] [Workarounds] finished patch_uiparent_onupdate_worklists in 109.88µs
[  2.872s] [Workarounds] starting init_chat_type_colors
[  2.873s] [Workarounds] finished init_chat_type_colors in 128.02µs
[  2.873s] [Workarounds] starting patch_chat_voice_button_surface
[  2.873s] [Workarounds] finished patch_chat_voice_button_surface in 130.16µs
[  2.873s] [Workarounds] starting patch_item_socketing_tooltips
[  2.873s] [Workarounds] finished patch_item_socketing_tooltips in 65.09µs
[  2.873s] [Workarounds] starting patch_character_select_selected_name
[  2.873s] [Workarounds] finished patch_character_select_selected_name in 33.48µs
[  2.873s] [Workarounds] starting patch_character_create_defaults
[  2.873s] [Workarounds] finished patch_character_create_defaults in 252.79µs
[  2.873s] [Workarounds] starting patch_character_frame_title_refresh
[  2.880s] [Workarounds] finished patch_character_frame_title_refresh in 6.82ms
[  2.880s] [Workarounds] starting patch_vignette_pin_template
[  2.880s] [Workarounds] finished patch_vignette_pin_template in 158.95µs
[  2.880s] [Workarounds] starting patch_fog_of_war_pin_mixin
[  2.881s] [Workarounds] finished patch_fog_of_war_pin_mixin in 470.59µs
[  2.881s] [Workarounds] starting patch_map_exploration_pin_mixin
[  2.888s] [Workarounds] finished patch_map_exploration_pin_mixin in 7.63ms
[  2.888s] [Workarounds] starting patch_map_canvas_data_provider_attachment
[  2.888s] [Workarounds] finished patch_map_canvas_data_provider_attachment in 120.62µs
[  2.888s] [Workarounds] starting ensure_adventure_map_frame_surface
[  2.889s] [Workarounds] finished ensure_adventure_map_frame_surface in 598.63µs
[  2.889s] [Workarounds] starting patch_action_bar_button_event_fanout
[  2.889s] [Workarounds] finished patch_action_bar_button_event_fanout in 138.09µs
[  2.889s] [Workarounds] starting patch_paging_controls_page_text
[  2.889s] [Workarounds] finished patch_paging_controls_page_text in 50.96µs
[  2.889s] [Workarounds] starting patch_talent_edge_frame_level_sync
[  2.889s] [Workarounds] finished patch_talent_edge_frame_level_sync in 36.58µs
[  2.889s] [Workarounds] starting patch_catalog_shop_product_card_defaults
[  2.889s] [Workarounds] finished patch_catalog_shop_product_card_defaults in 75.15µs
[  2.889s] [Workarounds] starting patch_game_time_defaults
[  2.889s] [Workarounds] finished patch_game_time_defaults in 9.22µs
[  2.889s] [Workarounds] starting patch_tooltip_nineslice_surface
[  2.889s] [Workarounds] finished patch_tooltip_nineslice_surface in 51.73µs
[  2.889s] [Workarounds] starting patch_container_frame_token_tracker
[  2.889s] [Workarounds] finished patch_container_frame_token_tracker in 48.46µs
[  2.889s] [Workarounds] starting patch_achievement_display_set_achievements
[  2.889s] [Workarounds] finished patch_achievement_display_set_achievements in 9.58µs
[  2.889s] [Workarounds] starting patch_housing_dashboard_preload
[  2.890s] [Workarounds] finished patch_housing_dashboard_preload in 197.60µs
[  2.890s] [Workarounds] starting patch_lfg_lock_list
[  2.890s] [Workarounds] finished patch_lfg_lock_list in 44.38µs
[  2.890s] [Workarounds] starting patch_auction_house_browse_results_event
[  2.890s] [Workarounds] finished patch_auction_house_browse_results_event in 73.98µs
[  2.890s] [Workarounds] starting patch_auction_house_search_context_aliases
[  2.890s] [Workarounds] finished patch_auction_house_search_context_aliases in 32.65µs
[  2.890s] [Workarounds] starting patch_auth_challenge_frame_parent
[  2.890s] [Workarounds] finished patch_auth_challenge_frame_parent in 84.49µs
[  2.890s] [Workarounds] starting patch_settings_surface_defaults
[  2.890s] [Workarounds] finished patch_settings_surface_defaults in 417.62µs
[  2.890s] [Workarounds] starting patch_settings_canvas_layout_visibility
[  2.890s] [Workarounds] finished patch_settings_canvas_layout_visibility in 129.25µs
[  2.890s] [Startup] apply_post_load_workarounds: workarounds complete
[  2.969s] [Startup] apply_post_load_workarounds: globals restored
[  2.969s] [Startup] apply_post_load_workarounds: patch 12.1 compatibility restored
[  2.969s] [Startup] apply_post_load_workarounds: seterrorhandler restored
[  3.117s] [Startup] begin login sequence
[  3.117s] [Startup] Firing ADDON_LOADED
[  3.118s] [Startup] Firing VARIABLES_LOADED
[  3.214s] [Startup] Firing DISPLAY_SIZE_CHANGED
[  3.257s] [Startup] Firing UI_SCALE_CHANGED
[  3.258s] [Startup] Firing PLAYER_LOGIN
[  3.258s] [Startup] end login sequence in 140.57ms
[  3.258s] [Startup] begin world enter sequence
[  3.258s] [Startup] Skipping EDIT_MODE_LAYOUTS_UPDATED
[  3.258s] [Startup] Firing TIME_PLAYED_MSG via RequestTimePlayed
[  3.258s] [Startup] Firing PLAYER_ENTERING_WORLD
[  3.522s] [EditMode] starting setup_layout_info
[  3.526s] [EditMode] finished setup_layout_info in 4.18ms
[  3.526s] [EditMode] starting apply_system_anchors
[  3.694s] [EditMode] finished apply_system_anchors in 168.26ms
[  3.694s] [EditMode] starting finalize_action_bar_positions
[  3.698s] [EditMode] finished finalize_action_bar_positions in 3.36ms
[  3.698s] [EditMode] starting invoke_anchor_changed_hooks
[  3.704s] [EditMode] finished invoke_anchor_changed_hooks in 6.61ms
[  3.704s] [EditMode] starting fix_action_bar_nan_size
[  3.704s] [EditMode] finished fix_action_bar_nan_size in 88.46µs
[  3.704s] [EditMode] starting fix_action_bar_scale
[  3.704s] [EditMode] finished fix_action_bar_scale in 5.66µs
[  3.704s] [EditMode] starting reapply_player_frame_anchor
[  3.706s] [EditMode] finished reapply_player_frame_anchor in 1.62ms
[  3.716s] [Startup] end world enter sequence in 457.64ms
[  3.716s] [Startup] begin post-login events
[  3.717s] [Startup] Firing UNIT_AURA
[  3.718s] [Startup] Firing PET_UI_UPDATE
[  3.720s] [Startup] Firing BAG_UPDATE_DELAYED
[  3.722s] [Startup] Firing QUEST_LOG_UPDATE
[  3.723s] [Startup] Firing GROUP_ROSTER_UPDATE
[  3.830s] [Startup] Firing ACTIONBAR_UPDATE_STATE
[  3.830s] [Startup] Firing ACTIONBAR_UPDATE_COOLDOWN
[  3.831s] [Startup] Firing UPDATE_BONUS_ACTIONBAR
[  3.843s] [Startup] Firing PLAYER_CAN_GLIDE_CHANGED
[  3.843s] [Startup] Firing PLAYER_IS_GLIDING_CHANGED
[  3.843s] [Startup] Firing UPDATE_BINDINGS
[  3.846s] [Startup] Firing UPDATE_CHAT_WINDOWS
[  3.849s] [Startup] Firing LFG_UPDATE_RANDOM_INFO
[  3.850s] [Startup] end post-login events in 134.32ms
[  3.850s] [Startup] begin close startup special windows
[  3.850s] [Startup] end close startup special windows in 295.03µs
[  3.850s] [Startup] begin FIRST_FRAME_RENDERED
[  3.850s] [Startup] Firing FIRST_FRAME_RENDERED
[  3.850s] [Startup] end FIRST_FRAME_RENDERED in 182.76µs
[  3.850s] [Startup] begin unblock hidden splash alerts
[  3.850s] [Startup] end unblock hidden splash alerts in 14.51µs
[  3.850s] [Startup] begin post-event workarounds
[  3.850s] [Startup] end post-event workarounds in 1.00µs
