
running 1 test
test patch_12_0_7_publication_sweep::patch_12_0_7_publication_sweep ... ok

test result: ok. 1 passed; 0 failed; 0 ignored; 0 measured; 10822 filtered out; finished in 4.65s

warning: iced-wgpu-patched/Cargo.toml: `lints.clippy.large-enum-variant` is deprecated in favor of `lints.clippy.large_enum_variant` and will not work in a future edition
warning: iced-wgpu-patched/Cargo.toml: `lints.clippy.map-entry` is deprecated in favor of `lints.clippy.map_entry` and will not work in a future edition
warning: iced-wgpu-patched/Cargo.toml: `lints.clippy.match-wildcard-for-single-variants` is deprecated in favor of `lints.clippy.match_wildcard_for_single_variants` and will not work in a future edition
warning: iced-wgpu-patched/Cargo.toml: `lints.clippy.redundant-closure-for-method-calls` is deprecated in favor of `lints.clippy.redundant_closure_for_method_calls` and will not work in a future edition
warning: iced-wgpu-patched/Cargo.toml: `lints.clippy.trivially-copy-pass-by-ref` is deprecated in favor of `lints.clippy.trivially_copy_pass_by_ref` and will not work in a future edition
warning: iced-wgpu-patched/Cargo.toml: `lints.clippy.type-complexity` is deprecated in favor of `lints.clippy.type_complexity` and will not work in a future edition
warning: `iced_wgpu` (manifest) generated 6 warnings
    Finished `test` profile [optimized + debuginfo] target(s) in 0.24s
     Running tests/integration.rs (target/debug/deps/integration-aef10a2b503e13d5)
[  0.000s] [Startup] WowLuaEnv::new begin
[  0.003s] [Startup] SimState::default complete in 3.41ms
[  0.004s] [Startup] rilua VM created in 165.81µs
[  0.004s] [Startup] builtin frames initialized in 92.95µs
[  0.004s] [Startup] template registry cleared in 11.36µs
[  0.004s] [Startup] intrinsic templates registered in 11.65µs
[  0.004s] [Startup] initial app_data lua handle installed in 611.00ns
[  0.184s] [Startup] init_lua_state complete in 180.46ms
[  0.184s] [Startup] final app_data lua handle installed in 391.00ns
[  0.184s] [Startup] initial screen globals installed in 137.71µs
[  0.184s] [Startup] WowLuaEnv::new complete
[  3.124s] [Startup] apply_post_load_workarounds: begin
[  3.124s] [Workarounds] starting patch_edit_mode_manager
[  3.125s] [Workarounds] finished patch_edit_mode_manager in 314.29µs
[  3.125s] [Workarounds] starting init_edit_mode_layout
[  3.125s] [EditMode] starting setup_layout_info
[  3.128s] [EditMode] finished setup_layout_info in 3.44ms
[  3.128s] [EditMode] starting apply_system_anchors
[  3.278s] [EditMode] finished apply_system_anchors in 149.82ms
[  3.278s] [EditMode] starting finalize_action_bar_positions
[  3.280s] [EditMode] finished finalize_action_bar_positions in 1.77ms
[  3.280s] [EditMode] starting invoke_anchor_changed_hooks
[  3.280s] [EditMode] finished invoke_anchor_changed_hooks in 412.46µs
[  3.280s] [EditMode] starting fix_action_bar_nan_size
[  3.280s] [EditMode] finished fix_action_bar_nan_size in 44.00µs
[  3.280s] [EditMode] starting fix_action_bar_scale
[  3.280s] [EditMode] finished fix_action_bar_scale in 4.73µs
[  3.280s] [Workarounds] finished init_edit_mode_layout in 155.52ms
[  3.280s] [Workarounds] starting patch_ui_parent_panel_toggles
[  3.280s] [Workarounds] finished patch_ui_parent_panel_toggles in 243.68µs
[  3.280s] [Workarounds] starting patch_uiparent_onupdate_worklists
[  3.281s] [Workarounds] finished patch_uiparent_onupdate_worklists in 102.77µs
[  3.281s] [Workarounds] starting init_chat_type_colors
[  3.281s] [Workarounds] finished init_chat_type_colors in 119.93µs
[  3.281s] [Workarounds] starting patch_chat_voice_button_surface
[  3.281s] [Workarounds] finished patch_chat_voice_button_surface in 128.95µs
[  3.281s] [Workarounds] starting patch_item_socketing_tooltips
[  3.281s] [Workarounds] finished patch_item_socketing_tooltips in 72.60µs
[  3.281s] [Workarounds] starting patch_character_select_selected_name
[  3.281s] [Workarounds] finished patch_character_select_selected_name in 39.04µs
[  3.281s] [Workarounds] starting patch_character_create_defaults
[  3.281s] [Workarounds] finished patch_character_create_defaults in 254.09µs
[  3.281s] [Workarounds] starting patch_character_frame_title_refresh
[  3.287s] [Workarounds] finished patch_character_frame_title_refresh in 5.79ms
[  3.287s] [Workarounds] starting patch_vignette_pin_template
[  3.287s] [Workarounds] finished patch_vignette_pin_template in 93.88µs
[  3.287s] [Workarounds] starting patch_fog_of_war_pin_mixin
[  3.287s] [Workarounds] finished patch_fog_of_war_pin_mixin in 285.61µs
[  3.287s] [Workarounds] starting patch_map_exploration_pin_mixin
[  3.294s] [Workarounds] finished patch_map_exploration_pin_mixin in 6.34ms
[  3.294s] [Workarounds] starting patch_map_canvas_data_provider_attachment
[  3.294s] [Workarounds] finished patch_map_canvas_data_provider_attachment in 78.39µs
[  3.294s] [Workarounds] starting ensure_adventure_map_frame_surface
[  3.294s] [Workarounds] finished ensure_adventure_map_frame_surface in 481.20µs
[  3.294s] [Workarounds] starting patch_action_bar_button_event_fanout
[  3.294s] [Workarounds] finished patch_action_bar_button_event_fanout in 109.48µs
[  3.294s] [Workarounds] starting patch_paging_controls_page_text
[  3.294s] [Workarounds] finished patch_paging_controls_page_text in 40.88µs
[  3.294s] [Workarounds] starting patch_talent_edge_frame_level_sync
[  3.294s] [Workarounds] finished patch_talent_edge_frame_level_sync in 31.72µs
[  3.294s] [Workarounds] starting patch_catalog_shop_product_card_defaults
[  3.294s] [Workarounds] finished patch_catalog_shop_product_card_defaults in 65.08µs
[  3.294s] [Workarounds] starting patch_game_time_defaults
[  3.295s] [Workarounds] finished patch_game_time_defaults in 7.47µs
[  3.295s] [Workarounds] starting patch_tooltip_nineslice_surface
[  3.295s] [Workarounds] finished patch_tooltip_nineslice_surface in 45.09µs
[  3.295s] [Workarounds] starting patch_container_frame_token_tracker
[  3.295s] [Workarounds] finished patch_container_frame_token_tracker in 42.16µs
[  3.295s] [Workarounds] starting patch_achievement_display_set_achievements
[  3.295s] [Workarounds] finished patch_achievement_display_set_achievements in 8.82µs
[  3.295s] [Workarounds] starting patch_housing_dashboard_preload
[  3.295s] [Workarounds] finished patch_housing_dashboard_preload in 168.80µs
[  3.295s] [Workarounds] starting patch_lfg_lock_list
[  3.295s] [Workarounds] finished patch_lfg_lock_list in 36.42µs
[  3.295s] [Workarounds] starting patch_auction_house_browse_results_event
[  3.295s] [Workarounds] finished patch_auction_house_browse_results_event in 67.18µs
[  3.295s] [Workarounds] starting patch_auction_house_search_context_aliases
[  3.295s] [Workarounds] finished patch_auction_house_search_context_aliases in 29.94µs
[  3.295s] [Workarounds] starting patch_auth_challenge_frame_parent
[  3.295s] [Workarounds] finished patch_auth_challenge_frame_parent in 69.09µs
[  3.295s] [Workarounds] starting patch_settings_surface_defaults
[  3.295s] [Workarounds] finished patch_settings_surface_defaults in 368.64µs
[  3.295s] [Workarounds] starting patch_settings_canvas_layout_visibility
[  3.295s] [Workarounds] finished patch_settings_canvas_layout_visibility in 116.02µs
[  3.295s] [Startup] apply_post_load_workarounds: workarounds complete
[  3.366s] [Startup] apply_post_load_workarounds: globals restored
[  3.367s] [Startup] apply_post_load_workarounds: patch 12.1 compatibility restored
[  3.367s] [Startup] apply_post_load_workarounds: seterrorhandler restored
[  3.508s] [Startup] begin login sequence
[  3.508s] [Startup] Firing ADDON_LOADED
[  3.508s] [Startup] Firing VARIABLES_LOADED
[  3.614s] [Startup] Firing DISPLAY_SIZE_CHANGED
[  3.657s] [Startup] Firing UI_SCALE_CHANGED
[  3.658s] [Startup] Firing PLAYER_LOGIN
[  3.658s] [Startup] end login sequence in 150.27ms
[  3.658s] [Startup] begin world enter sequence
[  3.658s] [Startup] Skipping EDIT_MODE_LAYOUTS_UPDATED
[  3.658s] [Startup] Firing TIME_PLAYED_MSG via RequestTimePlayed
[  3.658s] [Startup] Firing PLAYER_ENTERING_WORLD
[  3.911s] [EditMode] starting setup_layout_info
[  3.915s] [EditMode] finished setup_layout_info in 3.96ms
[  3.915s] [EditMode] starting apply_system_anchors
[  4.089s] [EditMode] finished apply_system_anchors in 174.07ms
[  4.089s] [EditMode] starting finalize_action_bar_positions
[  4.095s] [EditMode] finished finalize_action_bar_positions in 5.79ms
[  4.095s] [EditMode] starting invoke_anchor_changed_hooks
[  4.107s] [EditMode] finished invoke_anchor_changed_hooks in 11.79ms
[  4.107s] [EditMode] starting fix_action_bar_nan_size
[  4.107s] [EditMode] finished fix_action_bar_nan_size in 127.62µs
[  4.107s] [EditMode] starting fix_action_bar_scale
[  4.107s] [EditMode] finished fix_action_bar_scale in 7.98µs
[  4.107s] [EditMode] starting reapply_player_frame_anchor
[  4.110s] [EditMode] finished reapply_player_frame_anchor in 2.59ms
[  4.123s] [Startup] end world enter sequence in 465.33ms
[  4.123s] [Startup] begin post-login events
[  4.125s] [Startup] Firing UNIT_AURA
[  4.126s] [Startup] Firing PET_UI_UPDATE
[  4.129s] [Startup] Firing BAG_UPDATE_DELAYED
[  4.132s] [Startup] Firing QUEST_LOG_UPDATE
[  4.134s] [Startup] Firing GROUP_ROSTER_UPDATE
[  4.270s] [Startup] Firing ACTIONBAR_UPDATE_STATE
[  4.270s] [Startup] Firing ACTIONBAR_UPDATE_COOLDOWN
[  4.272s] [Startup] Firing UPDATE_BONUS_ACTIONBAR
[  4.286s] [Startup] Firing PLAYER_CAN_GLIDE_CHANGED
[  4.286s] [Startup] Firing PLAYER_IS_GLIDING_CHANGED
[  4.286s] [Startup] Firing UPDATE_BINDINGS
[  4.290s] [Startup] Firing UPDATE_CHAT_WINDOWS
[  4.293s] [Startup] Firing LFG_UPDATE_RANDOM_INFO
[  4.294s] [Startup] end post-login events in 170.65ms
[  4.294s] [Startup] begin close startup special windows
[  4.294s] [Startup] end close startup special windows in 336.28µs
[  4.294s] [Startup] begin FIRST_FRAME_RENDERED
[  4.294s] [Startup] Firing FIRST_FRAME_RENDERED
[  4.295s] [Startup] end FIRST_FRAME_RENDERED in 213.18µs
[  4.295s] [Startup] begin unblock hidden splash alerts
[  4.295s] [Startup] end unblock hidden splash alerts in 17.82µs
[  4.295s] [Startup] begin post-event workarounds
[  4.295s] [Startup] end post-event workarounds in 902.00ns
