
running 1 test
test patch_12_1_0_publication_sweep::patch_12_1_0_publication_sweep ... ok

test result: ok. 1 passed; 0 failed; 0 ignored; 0 measured; 10822 filtered out; finished in 5.42s

warning: iced-wgpu-patched/Cargo.toml: `lints.clippy.large-enum-variant` is deprecated in favor of `lints.clippy.large_enum_variant` and will not work in a future edition
warning: iced-wgpu-patched/Cargo.toml: `lints.clippy.map-entry` is deprecated in favor of `lints.clippy.map_entry` and will not work in a future edition
warning: iced-wgpu-patched/Cargo.toml: `lints.clippy.match-wildcard-for-single-variants` is deprecated in favor of `lints.clippy.match_wildcard_for_single_variants` and will not work in a future edition
warning: iced-wgpu-patched/Cargo.toml: `lints.clippy.redundant-closure-for-method-calls` is deprecated in favor of `lints.clippy.redundant_closure_for_method_calls` and will not work in a future edition
warning: iced-wgpu-patched/Cargo.toml: `lints.clippy.trivially-copy-pass-by-ref` is deprecated in favor of `lints.clippy.trivially_copy_pass_by_ref` and will not work in a future edition
warning: iced-wgpu-patched/Cargo.toml: `lints.clippy.type-complexity` is deprecated in favor of `lints.clippy.type_complexity` and will not work in a future edition
warning: `iced_wgpu` (manifest) generated 6 warnings
    Finished `test` profile [optimized + debuginfo] target(s) in 0.21s
     Running tests/integration.rs (target/debug/deps/integration-aef10a2b503e13d5)
[  0.000s] [Startup] WowLuaEnv::new begin
[  0.002s] [Startup] SimState::default complete in 2.13ms
[  0.002s] [Startup] rilua VM created in 124.55µs
[  0.002s] [Startup] builtin frames initialized in 91.85µs
[  0.002s] [Startup] template registry cleared in 8.00µs
[  0.002s] [Startup] intrinsic templates registered in 9.78µs
[  0.002s] [Startup] initial app_data lua handle installed in 371.00ns
[  0.152s] [Startup] init_lua_state complete in 149.86ms
[  0.152s] [Startup] final app_data lua handle installed in 351.00ns
[  0.152s] [Startup] initial screen globals installed in 144.63µs
[  0.152s] [Startup] WowLuaEnv::new complete
[  3.357s] [Startup] apply_post_load_workarounds: begin
[  3.357s] [Workarounds] starting patch_edit_mode_manager
[  3.357s] [Workarounds] finished patch_edit_mode_manager in 443.03µs
[  3.357s] [Workarounds] starting init_edit_mode_layout
[  3.357s] [EditMode] starting setup_layout_info
[  3.362s] [EditMode] finished setup_layout_info in 4.74ms
[  3.362s] [EditMode] starting apply_system_anchors
[  3.547s] [EditMode] finished apply_system_anchors in 184.85ms
[  3.547s] [EditMode] starting finalize_action_bar_positions
[  3.549s] [EditMode] finished finalize_action_bar_positions in 2.36ms
[  3.549s] [EditMode] starting invoke_anchor_changed_hooks
[  3.550s] [EditMode] finished invoke_anchor_changed_hooks in 511.82µs
[  3.550s] [EditMode] starting fix_action_bar_nan_size
[  3.550s] [EditMode] finished fix_action_bar_nan_size in 54.98µs
[  3.550s] [EditMode] starting fix_action_bar_scale
[  3.550s] [EditMode] finished fix_action_bar_scale in 5.30µs
[  3.550s] [Workarounds] finished init_edit_mode_layout in 192.57ms
[  3.550s] [Workarounds] starting patch_ui_parent_panel_toggles
[  3.550s] [Workarounds] finished patch_ui_parent_panel_toggles in 291.79µs
[  3.550s] [Workarounds] starting patch_uiparent_onupdate_worklists
[  3.550s] [Workarounds] finished patch_uiparent_onupdate_worklists in 120.72µs
[  3.550s] [Workarounds] starting init_chat_type_colors
[  3.550s] [Workarounds] finished init_chat_type_colors in 154.00µs
[  3.550s] [Workarounds] starting patch_chat_voice_button_surface
[  3.550s] [Workarounds] finished patch_chat_voice_button_surface in 175.34µs
[  3.550s] [Workarounds] starting patch_item_socketing_tooltips
[  3.550s] [Workarounds] finished patch_item_socketing_tooltips in 82.16µs
[  3.550s] [Workarounds] starting patch_character_select_selected_name
[  3.551s] [Workarounds] finished patch_character_select_selected_name in 42.94µs
[  3.551s] [Workarounds] starting patch_character_create_defaults
[  3.551s] [Workarounds] finished patch_character_create_defaults in 285.72µs
[  3.551s] [Workarounds] starting patch_character_frame_title_refresh
[  3.558s] [Workarounds] finished patch_character_frame_title_refresh in 7.23ms
[  3.558s] [Workarounds] starting patch_vignette_pin_template
[  3.558s] [Workarounds] finished patch_vignette_pin_template in 177.77µs
[  3.558s] [Workarounds] starting patch_fog_of_war_pin_mixin
[  3.559s] [Workarounds] finished patch_fog_of_war_pin_mixin in 389.97µs
[  3.559s] [Workarounds] starting patch_map_exploration_pin_mixin
[  3.566s] [Workarounds] finished patch_map_exploration_pin_mixin in 7.24ms
[  3.566s] [Workarounds] starting patch_map_canvas_data_provider_attachment
[  3.566s] [Workarounds] finished patch_map_canvas_data_provider_attachment in 113.69µs
[  3.566s] [Workarounds] starting ensure_adventure_map_frame_surface
[  3.567s] [Workarounds] finished ensure_adventure_map_frame_surface in 618.30µs
[  3.567s] [Workarounds] starting patch_action_bar_button_event_fanout
[  3.567s] [Workarounds] finished patch_action_bar_button_event_fanout in 148.76µs
[  3.567s] [Workarounds] starting patch_paging_controls_page_text
[  3.567s] [Workarounds] finished patch_paging_controls_page_text in 55.83µs
[  3.567s] [Workarounds] starting patch_talent_edge_frame_level_sync
[  3.567s] [Workarounds] finished patch_talent_edge_frame_level_sync in 44.88µs
[  3.567s] [Workarounds] starting patch_catalog_shop_product_card_defaults
[  3.567s] [Workarounds] finished patch_catalog_shop_product_card_defaults in 83.46µs
[  3.567s] [Workarounds] starting patch_game_time_defaults
[  3.567s] [Workarounds] finished patch_game_time_defaults in 11.25µs
[  3.567s] [Workarounds] starting patch_tooltip_nineslice_surface
[  3.567s] [Workarounds] finished patch_tooltip_nineslice_surface in 60.26µs
[  3.567s] [Workarounds] starting patch_container_frame_token_tracker
[  3.567s] [Workarounds] finished patch_container_frame_token_tracker in 54.96µs
[  3.567s] [Workarounds] starting patch_achievement_display_set_achievements
[  3.567s] [Workarounds] finished patch_achievement_display_set_achievements in 14.19µs
[  3.567s] [Workarounds] starting patch_housing_dashboard_preload
[  3.567s] [Workarounds] finished patch_housing_dashboard_preload in 217.00µs
[  3.567s] [Workarounds] starting patch_lfg_lock_list
[  3.567s] [Workarounds] finished patch_lfg_lock_list in 52.11µs
[  3.567s] [Workarounds] starting patch_auction_house_browse_results_event
[  3.567s] [Workarounds] finished patch_auction_house_browse_results_event in 84.83µs
[  3.567s] [Workarounds] starting patch_auction_house_search_context_aliases
[  3.568s] [Workarounds] finished patch_auction_house_search_context_aliases in 40.02µs
[  3.568s] [Workarounds] starting patch_auth_challenge_frame_parent
[  3.568s] [Workarounds] finished patch_auth_challenge_frame_parent in 94.46µs
[  3.568s] [Workarounds] starting patch_settings_surface_defaults
[  3.568s] [Workarounds] finished patch_settings_surface_defaults in 435.89µs
[  3.568s] [Workarounds] starting patch_settings_canvas_layout_visibility
[  3.568s] [Workarounds] finished patch_settings_canvas_layout_visibility in 143.60µs
[  3.568s] [Startup] apply_post_load_workarounds: workarounds complete
[  3.652s] [Startup] apply_post_load_workarounds: globals restored
[  3.653s] [Startup] apply_post_load_workarounds: patch 12.1 compatibility restored
[  3.653s] [Startup] apply_post_load_workarounds: seterrorhandler restored
[  3.829s] [Startup] begin login sequence
[  3.829s] [Startup] Firing ADDON_LOADED
[  3.829s] [Startup] Firing VARIABLES_LOADED
[  3.957s] [Startup] Firing DISPLAY_SIZE_CHANGED
[  4.015s] [Startup] Firing UI_SCALE_CHANGED
[  4.017s] [Startup] Firing PLAYER_LOGIN
[  4.017s] [Startup] end login sequence in 187.79ms
[  4.017s] [Startup] begin world enter sequence
[  4.017s] [Startup] Skipping EDIT_MODE_LAYOUTS_UPDATED
[  4.017s] [Startup] Firing TIME_PLAYED_MSG via RequestTimePlayed
[  4.017s] [Startup] Firing PLAYER_ENTERING_WORLD
[  4.386s] [EditMode] starting setup_layout_info
[  4.391s] [EditMode] finished setup_layout_info in 5.31ms
[  4.391s] [EditMode] starting apply_system_anchors
[  4.586s] [EditMode] finished apply_system_anchors in 194.82ms
[  4.586s] [EditMode] starting finalize_action_bar_positions
[  4.590s] [EditMode] finished finalize_action_bar_positions in 4.01ms
[  4.590s] [EditMode] starting invoke_anchor_changed_hooks
[  4.598s] [EditMode] finished invoke_anchor_changed_hooks in 8.19ms
[  4.598s] [EditMode] starting fix_action_bar_nan_size
[  4.598s] [EditMode] finished fix_action_bar_nan_size in 124.91µs
[  4.598s] [EditMode] starting fix_action_bar_scale
[  4.598s] [EditMode] finished fix_action_bar_scale in 6.96µs
[  4.598s] [EditMode] starting reapply_player_frame_anchor
[  4.600s] [EditMode] finished reapply_player_frame_anchor in 2.04ms
[  4.614s] [Startup] end world enter sequence in 597.45ms
[  4.614s] [Startup] begin post-login events
[  4.616s] [Startup] Firing UNIT_AURA
[  4.617s] [Startup] Firing PET_UI_UPDATE
[  4.620s] [Startup] Firing BAG_UPDATE_DELAYED
[  4.622s] [Startup] Firing QUEST_LOG_UPDATE
[  4.623s] [Startup] Firing GROUP_ROSTER_UPDATE
[  4.748s] [Startup] Firing ACTIONBAR_UPDATE_STATE
[  4.748s] [Startup] Firing ACTIONBAR_UPDATE_COOLDOWN
[  4.750s] [Startup] Firing UPDATE_BONUS_ACTIONBAR
[  4.767s] [Startup] Firing PLAYER_CAN_GLIDE_CHANGED
[  4.767s] [Startup] Firing PLAYER_IS_GLIDING_CHANGED
[  4.767s] [Startup] Firing UPDATE_BINDINGS
[  4.771s] [Startup] Firing UPDATE_CHAT_WINDOWS
[  4.775s] [Startup] Firing LFG_UPDATE_RANDOM_INFO
[  4.776s] [Startup] end post-login events in 161.73ms
[  4.776s] [Startup] begin close startup special windows
[  4.776s] [Startup] end close startup special windows in 369.48µs
[  4.776s] [Startup] begin FIRST_FRAME_RENDERED
[  4.776s] [Startup] Firing FIRST_FRAME_RENDERED
[  4.776s] [Startup] end FIRST_FRAME_RENDERED in 241.18µs
[  4.776s] [Startup] begin unblock hidden splash alerts
[  4.777s] [Startup] end unblock hidden splash alerts in 22.78µs
[  4.777s] [Startup] begin post-event workarounds
[  4.777s] [Startup] end post-event workarounds in 1.51µs
