
running 1 test
test patch_11_2_0_publication_sweep::patch_11_2_0_publication_sweep ... ok

test result: ok. 1 passed; 0 failed; 0 ignored; 0 measured; 10822 filtered out; finished in 7.57s

warning: iced-wgpu-patched/Cargo.toml: `lints.clippy.large-enum-variant` is deprecated in favor of `lints.clippy.large_enum_variant` and will not work in a future edition
warning: iced-wgpu-patched/Cargo.toml: `lints.clippy.map-entry` is deprecated in favor of `lints.clippy.map_entry` and will not work in a future edition
warning: iced-wgpu-patched/Cargo.toml: `lints.clippy.match-wildcard-for-single-variants` is deprecated in favor of `lints.clippy.match_wildcard_for_single_variants` and will not work in a future edition
warning: iced-wgpu-patched/Cargo.toml: `lints.clippy.redundant-closure-for-method-calls` is deprecated in favor of `lints.clippy.redundant_closure_for_method_calls` and will not work in a future edition
warning: iced-wgpu-patched/Cargo.toml: `lints.clippy.trivially-copy-pass-by-ref` is deprecated in favor of `lints.clippy.trivially_copy_pass_by_ref` and will not work in a future edition
warning: iced-wgpu-patched/Cargo.toml: `lints.clippy.type-complexity` is deprecated in favor of `lints.clippy.type_complexity` and will not work in a future edition
warning: `iced_wgpu` (manifest) generated 6 warnings
    Finished `test` profile [optimized + debuginfo] target(s) in 0.20s
     Running tests/integration.rs (target/debug/deps/integration-aef10a2b503e13d5)
[  0.000s] [Startup] WowLuaEnv::new begin
[  0.018s] [Startup] SimState::default complete in 18.33ms
[  0.019s] [Startup] rilua VM created in 150.60µs
[  0.019s] [Startup] builtin frames initialized in 124.36µs
[  0.019s] [Startup] template registry cleared in 8.86µs
[  0.019s] [Startup] intrinsic templates registered in 13.84µs
[  0.019s] [Startup] initial app_data lua handle installed in 470.00ns
[  0.171s] [Startup] init_lua_state complete in 152.32ms
[  0.171s] [Startup] final app_data lua handle installed in 200.00ns
[  0.171s] [Startup] initial screen globals installed in 88.40µs
[  0.171s] [Startup] WowLuaEnv::new complete
[  2.582s] [Startup] apply_post_load_workarounds: begin
[  2.582s] [Workarounds] starting patch_edit_mode_manager
[  2.582s] [Workarounds] finished patch_edit_mode_manager in 301.94µs
[  2.582s] [Workarounds] starting init_edit_mode_layout
[  2.582s] [EditMode] starting setup_layout_info
[  2.586s] [EditMode] finished setup_layout_info in 3.32ms
[  2.586s] [EditMode] starting apply_system_anchors
[  2.728s] [EditMode] finished apply_system_anchors in 142.20ms
[  2.728s] [EditMode] starting finalize_action_bar_positions
[  2.729s] [EditMode] finished finalize_action_bar_positions in 1.69ms
[  2.729s] [EditMode] starting invoke_anchor_changed_hooks
[  2.730s] [EditMode] finished invoke_anchor_changed_hooks in 384.94µs
[  2.730s] [EditMode] starting fix_action_bar_nan_size
[  2.730s] [EditMode] finished fix_action_bar_nan_size in 41.33µs
[  2.730s] [EditMode] starting fix_action_bar_scale
[  2.730s] [EditMode] finished fix_action_bar_scale in 4.59µs
[  2.730s] [Workarounds] finished init_edit_mode_layout in 147.67ms
[  2.730s] [Workarounds] starting patch_ui_parent_panel_toggles
[  2.730s] [Workarounds] finished patch_ui_parent_panel_toggles in 230.70µs
[  2.730s] [Workarounds] starting patch_uiparent_onupdate_worklists
[  2.730s] [Workarounds] finished patch_uiparent_onupdate_worklists in 96.69µs
[  2.730s] [Workarounds] starting init_chat_type_colors
[  2.730s] [Workarounds] finished init_chat_type_colors in 116.02µs
[  2.730s] [Workarounds] starting patch_chat_voice_button_surface
[  2.730s] [Workarounds] finished patch_chat_voice_button_surface in 113.31µs
[  2.730s] [Workarounds] starting patch_item_socketing_tooltips
[  2.730s] [Workarounds] finished patch_item_socketing_tooltips in 56.67µs
[  2.730s] [Workarounds] starting patch_character_select_selected_name
[  2.731s] [Workarounds] finished patch_character_select_selected_name in 30.16µs
[  2.731s] [Workarounds] starting patch_character_create_defaults
[  2.731s] [Workarounds] finished patch_character_create_defaults in 229.59µs
[  2.731s] [Workarounds] starting patch_character_frame_title_refresh
[  2.736s] [Workarounds] finished patch_character_frame_title_refresh in 5.50ms
[  2.736s] [Workarounds] starting patch_vignette_pin_template
[  2.736s] [Workarounds] finished patch_vignette_pin_template in 86.98µs
[  2.736s] [Workarounds] starting patch_fog_of_war_pin_mixin
[  2.737s] [Workarounds] finished patch_fog_of_war_pin_mixin in 269.81µs
[  2.737s] [Workarounds] starting patch_map_exploration_pin_mixin
[  2.743s] [Workarounds] finished patch_map_exploration_pin_mixin in 5.99ms
[  2.743s] [Workarounds] starting patch_map_canvas_data_provider_attachment
[  2.743s] [Workarounds] finished patch_map_canvas_data_provider_attachment in 67.99µs
[  2.743s] [Workarounds] starting ensure_adventure_map_frame_surface
[  2.743s] [Workarounds] finished ensure_adventure_map_frame_surface in 429.28µs
[  2.743s] [Workarounds] starting patch_action_bar_button_event_fanout
[  2.743s] [Workarounds] finished patch_action_bar_button_event_fanout in 99.41µs
[  2.743s] [Workarounds] starting patch_paging_controls_page_text
[  2.743s] [Workarounds] finished patch_paging_controls_page_text in 37.39µs
[  2.743s] [Workarounds] starting patch_talent_edge_frame_level_sync
[  2.743s] [Workarounds] finished patch_talent_edge_frame_level_sync in 29.66µs
[  2.743s] [Workarounds] starting patch_catalog_shop_product_card_defaults
[  2.743s] [Workarounds] finished patch_catalog_shop_product_card_defaults in 62.73µs
[  2.743s] [Workarounds] starting patch_game_time_defaults
[  2.743s] [Workarounds] finished patch_game_time_defaults in 7.14µs
[  2.743s] [Workarounds] starting patch_tooltip_nineslice_surface
[  2.743s] [Workarounds] finished patch_tooltip_nineslice_surface in 42.68µs
[  2.743s] [Workarounds] starting patch_container_frame_token_tracker
[  2.743s] [Workarounds] finished patch_container_frame_token_tracker in 39.42µs
[  2.743s] [Workarounds] starting patch_achievement_display_set_achievements
[  2.743s] [Workarounds] finished patch_achievement_display_set_achievements in 8.76µs
[  2.743s] [Workarounds] starting patch_housing_dashboard_preload
[  2.744s] [Workarounds] finished patch_housing_dashboard_preload in 157.60µs
[  2.744s] [Workarounds] starting patch_lfg_lock_list
[  2.744s] [Workarounds] finished patch_lfg_lock_list in 36.18µs
[  2.744s] [Workarounds] starting patch_auction_house_browse_results_event
[  2.744s] [Workarounds] finished patch_auction_house_browse_results_event in 65.34µs
[  2.744s] [Workarounds] starting patch_auction_house_search_context_aliases
[  2.744s] [Workarounds] finished patch_auction_house_search_context_aliases in 27.86µs
[  2.744s] [Workarounds] starting patch_auth_challenge_frame_parent
[  2.744s] [Workarounds] finished patch_auth_challenge_frame_parent in 64.95µs
[  2.744s] [Workarounds] starting patch_settings_surface_defaults
[  2.744s] [Workarounds] finished patch_settings_surface_defaults in 342.78µs
[  2.744s] [Workarounds] starting patch_settings_canvas_layout_visibility
[  2.744s] [Workarounds] finished patch_settings_canvas_layout_visibility in 110.54µs
[  2.744s] [Startup] apply_post_load_workarounds: workarounds complete
[  2.807s] [Startup] apply_post_load_workarounds: globals restored
[  2.807s] [Startup] apply_post_load_workarounds: patch 12.1 compatibility restored
[  2.807s] [Startup] apply_post_load_workarounds: seterrorhandler restored
[  2.948s] [Startup] begin login sequence
[  2.948s] [Startup] Firing ADDON_LOADED
[  2.948s] [Startup] Firing VARIABLES_LOADED
[  3.047s] [Startup] Firing DISPLAY_SIZE_CHANGED
[  3.090s] [Startup] Firing UI_SCALE_CHANGED
[  3.091s] [Startup] Firing PLAYER_LOGIN
[  3.091s] [Startup] end login sequence in 143.21ms
[  3.091s] [Startup] begin world enter sequence
[  3.091s] [Startup] Skipping EDIT_MODE_LAYOUTS_UPDATED
[  3.091s] [Startup] Firing TIME_PLAYED_MSG via RequestTimePlayed
[  3.091s] [Startup] Firing PLAYER_ENTERING_WORLD
[  3.325s] [EditMode] starting setup_layout_info
[  3.329s] [EditMode] finished setup_layout_info in 3.78ms
[  3.329s] [EditMode] starting apply_system_anchors
[  3.482s] [EditMode] finished apply_system_anchors in 152.80ms
[  3.482s] [EditMode] starting finalize_action_bar_positions
[  3.485s] [EditMode] finished finalize_action_bar_positions in 2.70ms
[  3.485s] [EditMode] starting invoke_anchor_changed_hooks
[  3.491s] [EditMode] finished invoke_anchor_changed_hooks in 6.73ms
[  3.491s] [EditMode] starting fix_action_bar_nan_size
[  3.492s] [EditMode] finished fix_action_bar_nan_size in 89.22µs
[  3.492s] [EditMode] starting fix_action_bar_scale
[  3.492s] [EditMode] finished fix_action_bar_scale in 5.95µs
[  3.492s] [EditMode] starting reapply_player_frame_anchor
[  3.493s] [EditMode] finished reapply_player_frame_anchor in 1.59ms
[  3.502s] [Startup] end world enter sequence in 410.96ms
[  3.502s] [Startup] begin post-login events
[  3.503s] [Startup] Firing UNIT_AURA
[  3.504s] [Startup] Firing PET_UI_UPDATE
[  3.506s] [Startup] Firing BAG_UPDATE_DELAYED
[  3.508s] [Startup] Firing QUEST_LOG_UPDATE
[  3.509s] [Startup] Firing GROUP_ROSTER_UPDATE
[  3.616s] [Startup] Firing ACTIONBAR_UPDATE_STATE
[  3.616s] [Startup] Firing ACTIONBAR_UPDATE_COOLDOWN
[  3.617s] [Startup] Firing UPDATE_BONUS_ACTIONBAR
[  3.633s] [Startup] Firing PLAYER_CAN_GLIDE_CHANGED
[  3.633s] [Startup] Firing PLAYER_IS_GLIDING_CHANGED
[  3.633s] [Startup] Firing UPDATE_BINDINGS
[  3.637s] [Startup] Firing UPDATE_CHAT_WINDOWS
[  3.640s] [Startup] Firing LFG_UPDATE_RANDOM_INFO
[  3.641s] [Startup] end post-login events in 139.04ms
[  3.641s] [Startup] begin close startup special windows
[  3.642s] [Startup] end close startup special windows in 348.85µs
[  3.642s] [Startup] begin FIRST_FRAME_RENDERED
[  3.642s] [Startup] Firing FIRST_FRAME_RENDERED
[  3.642s] [Startup] end FIRST_FRAME_RENDERED in 220.60µs
[  3.642s] [Startup] begin unblock hidden splash alerts
[  3.642s] [Startup] end unblock hidden splash alerts in 18.46µs
[  3.642s] [Startup] begin post-event workarounds
[  3.642s] [Startup] end post-event workarounds in 932.00ns
