
running 1 test
test patch_11_0_0_publication_sweep::patch_11_0_0_publication_sweep ... ok

test result: ok. 1 passed; 0 failed; 0 ignored; 0 measured; 10822 filtered out; finished in 23.81s

warning: iced-wgpu-patched/Cargo.toml: `lints.clippy.large-enum-variant` is deprecated in favor of `lints.clippy.large_enum_variant` and will not work in a future edition
warning: iced-wgpu-patched/Cargo.toml: `lints.clippy.map-entry` is deprecated in favor of `lints.clippy.map_entry` and will not work in a future edition
warning: iced-wgpu-patched/Cargo.toml: `lints.clippy.match-wildcard-for-single-variants` is deprecated in favor of `lints.clippy.match_wildcard_for_single_variants` and will not work in a future edition
warning: iced-wgpu-patched/Cargo.toml: `lints.clippy.redundant-closure-for-method-calls` is deprecated in favor of `lints.clippy.redundant_closure_for_method_calls` and will not work in a future edition
warning: iced-wgpu-patched/Cargo.toml: `lints.clippy.trivially-copy-pass-by-ref` is deprecated in favor of `lints.clippy.trivially_copy_pass_by_ref` and will not work in a future edition
warning: iced-wgpu-patched/Cargo.toml: `lints.clippy.type-complexity` is deprecated in favor of `lints.clippy.type_complexity` and will not work in a future edition
warning: `iced_wgpu` (manifest) generated 6 warnings
    Finished `test` profile [optimized + debuginfo] target(s) in 0.25s
     Running tests/integration.rs (target/debug/deps/integration-aef10a2b503e13d5)
[  0.000s] [Startup] WowLuaEnv::new begin
[  0.004s] [Startup] SimState::default complete in 3.52ms
[  0.004s] [Startup] rilua VM created in 205.12µs
[  0.004s] [Startup] builtin frames initialized in 119.26µs
[  0.004s] [Startup] template registry cleared in 17.63µs
[  0.004s] [Startup] intrinsic templates registered in 14.32µs
[  0.004s] [Startup] initial app_data lua handle installed in 772.00ns
[  0.209s] [Startup] init_lua_state complete in 205.08ms
[  0.209s] [Startup] final app_data lua handle installed in 251.00ns
[  0.209s] [Startup] initial screen globals installed in 127.85µs
[  0.209s] [Startup] WowLuaEnv::new complete
[  3.216s] [Startup] apply_post_load_workarounds: begin
[  3.216s] [Workarounds] starting patch_edit_mode_manager
[  3.217s] [Workarounds] finished patch_edit_mode_manager in 323.73µs
[  3.217s] [Workarounds] starting init_edit_mode_layout
[  3.217s] [EditMode] starting setup_layout_info
[  3.221s] [EditMode] finished setup_layout_info in 4.12ms
[  3.221s] [EditMode] starting apply_system_anchors
[  3.379s] [EditMode] finished apply_system_anchors in 157.64ms
[  3.379s] [EditMode] starting finalize_action_bar_positions
[  3.381s] [EditMode] finished finalize_action_bar_positions in 2.10ms
[  3.381s] [EditMode] starting invoke_anchor_changed_hooks
[  3.381s] [EditMode] finished invoke_anchor_changed_hooks in 431.78µs
[  3.381s] [EditMode] starting fix_action_bar_nan_size
[  3.381s] [EditMode] finished fix_action_bar_nan_size in 48.48µs
[  3.381s] [EditMode] starting fix_action_bar_scale
[  3.381s] [EditMode] finished fix_action_bar_scale in 32.09µs
[  3.381s] [Workarounds] finished init_edit_mode_layout in 164.41ms
[  3.381s] [Workarounds] starting patch_ui_parent_panel_toggles
[  3.381s] [Workarounds] finished patch_ui_parent_panel_toggles in 268.15µs
[  3.381s] [Workarounds] starting patch_uiparent_onupdate_worklists
[  3.382s] [Workarounds] finished patch_uiparent_onupdate_worklists in 101.33µs
[  3.382s] [Workarounds] starting init_chat_type_colors
[  3.382s] [Workarounds] finished init_chat_type_colors in 118.82µs
[  3.382s] [Workarounds] starting patch_chat_voice_button_surface
[  3.382s] [Workarounds] finished patch_chat_voice_button_surface in 134.88µs
[  3.382s] [Workarounds] starting patch_item_socketing_tooltips
[  3.382s] [Workarounds] finished patch_item_socketing_tooltips in 60.92µs
[  3.382s] [Workarounds] starting patch_character_select_selected_name
[  3.382s] [Workarounds] finished patch_character_select_selected_name in 30.82µs
[  3.382s] [Workarounds] starting patch_character_create_defaults
[  3.382s] [Workarounds] finished patch_character_create_defaults in 233.42µs
[  3.382s] [Workarounds] starting patch_character_frame_title_refresh
[  3.388s] [Workarounds] finished patch_character_frame_title_refresh in 6.04ms
[  3.388s] [Workarounds] starting patch_vignette_pin_template
[  3.388s] [Workarounds] finished patch_vignette_pin_template in 115.16µs
[  3.388s] [Workarounds] starting patch_fog_of_war_pin_mixin
[  3.389s] [Workarounds] finished patch_fog_of_war_pin_mixin in 294.45µs
[  3.389s] [Workarounds] starting patch_map_exploration_pin_mixin
[  3.395s] [Workarounds] finished patch_map_exploration_pin_mixin in 6.45ms
[  3.395s] [Workarounds] starting patch_map_canvas_data_provider_attachment
[  3.395s] [Workarounds] finished patch_map_canvas_data_provider_attachment in 79.46µs
[  3.395s] [Workarounds] starting ensure_adventure_map_frame_surface
[  3.396s] [Workarounds] finished ensure_adventure_map_frame_surface in 512.36µs
[  3.396s] [Workarounds] starting patch_action_bar_button_event_fanout
[  3.396s] [Workarounds] finished patch_action_bar_button_event_fanout in 113.66µs
[  3.396s] [Workarounds] starting patch_paging_controls_page_text
[  3.396s] [Workarounds] finished patch_paging_controls_page_text in 42.79µs
[  3.396s] [Workarounds] starting patch_talent_edge_frame_level_sync
[  3.396s] [Workarounds] finished patch_talent_edge_frame_level_sync in 31.69µs
[  3.396s] [Workarounds] starting patch_catalog_shop_product_card_defaults
[  3.396s] [Workarounds] finished patch_catalog_shop_product_card_defaults in 67.12µs
[  3.396s] [Workarounds] starting patch_game_time_defaults
[  3.396s] [Workarounds] finished patch_game_time_defaults in 7.36µs
[  3.396s] [Workarounds] starting patch_tooltip_nineslice_surface
[  3.396s] [Workarounds] finished patch_tooltip_nineslice_surface in 44.27µs
[  3.396s] [Workarounds] starting patch_container_frame_token_tracker
[  3.396s] [Workarounds] finished patch_container_frame_token_tracker in 44.06µs
[  3.396s] [Workarounds] starting patch_achievement_display_set_achievements
[  3.396s] [Workarounds] finished patch_achievement_display_set_achievements in 8.79µs
[  3.396s] [Workarounds] starting patch_housing_dashboard_preload
[  3.396s] [Workarounds] finished patch_housing_dashboard_preload in 177.17µs
[  3.396s] [Workarounds] starting patch_lfg_lock_list
[  3.396s] [Workarounds] finished patch_lfg_lock_list in 43.81µs
[  3.396s] [Workarounds] starting patch_auction_house_browse_results_event
[  3.396s] [Workarounds] finished patch_auction_house_browse_results_event in 69.43µs
[  3.396s] [Workarounds] starting patch_auction_house_search_context_aliases
[  3.396s] [Workarounds] finished patch_auction_house_search_context_aliases in 29.72µs
[  3.396s] [Workarounds] starting patch_auth_challenge_frame_parent
[  3.396s] [Workarounds] finished patch_auth_challenge_frame_parent in 72.32µs
[  3.396s] [Workarounds] starting patch_settings_surface_defaults
[  3.397s] [Workarounds] finished patch_settings_surface_defaults in 378.04µs
[  3.397s] [Workarounds] starting patch_settings_canvas_layout_visibility
[  3.397s] [Workarounds] finished patch_settings_canvas_layout_visibility in 120.18µs
[  3.397s] [Startup] apply_post_load_workarounds: workarounds complete
[  3.471s] [Startup] apply_post_load_workarounds: globals restored
[  3.472s] [Startup] apply_post_load_workarounds: patch 12.1 compatibility restored
[  3.472s] [Startup] apply_post_load_workarounds: seterrorhandler restored
[  3.626s] [Startup] begin login sequence
[  3.626s] [Startup] Firing ADDON_LOADED
[  3.626s] [Startup] Firing VARIABLES_LOADED
[  3.728s] [Startup] Firing DISPLAY_SIZE_CHANGED
[  3.774s] [Startup] Firing UI_SCALE_CHANGED
[  3.775s] [Startup] Firing PLAYER_LOGIN
[  3.775s] [Startup] end login sequence in 149.18ms
[  3.775s] [Startup] begin world enter sequence
[  3.775s] [Startup] Skipping EDIT_MODE_LAYOUTS_UPDATED
[  3.775s] [Startup] Firing TIME_PLAYED_MSG via RequestTimePlayed
[  3.775s] [Startup] Firing PLAYER_ENTERING_WORLD
[  4.042s] [EditMode] starting setup_layout_info
[  4.046s] [EditMode] finished setup_layout_info in 4.09ms
[  4.046s] [EditMode] starting apply_system_anchors
[  4.193s] [EditMode] finished apply_system_anchors in 146.69ms
[  4.193s] [EditMode] starting finalize_action_bar_positions
[  4.196s] [EditMode] finished finalize_action_bar_positions in 2.68ms
[  4.196s] [EditMode] starting invoke_anchor_changed_hooks
[  4.202s] [EditMode] finished invoke_anchor_changed_hooks in 5.83ms
[  4.202s] [EditMode] starting fix_action_bar_nan_size
[  4.202s] [EditMode] finished fix_action_bar_nan_size in 77.01µs
[  4.202s] [EditMode] starting fix_action_bar_scale
[  4.202s] [EditMode] finished fix_action_bar_scale in 4.97µs
[  4.202s] [EditMode] starting reapply_player_frame_anchor
[  4.203s] [EditMode] finished reapply_player_frame_anchor in 1.47ms
[  4.212s] [Startup] end world enter sequence in 437.01ms
[  4.212s] [Startup] begin post-login events
[  4.213s] [Startup] Firing UNIT_AURA
[  4.214s] [Startup] Firing PET_UI_UPDATE
[  4.216s] [Startup] Firing BAG_UPDATE_DELAYED
[  4.218s] [Startup] Firing QUEST_LOG_UPDATE
[  4.219s] [Startup] Firing GROUP_ROSTER_UPDATE
[  4.317s] [Startup] Firing ACTIONBAR_UPDATE_STATE
[  4.317s] [Startup] Firing ACTIONBAR_UPDATE_COOLDOWN
[  4.319s] [Startup] Firing UPDATE_BONUS_ACTIONBAR
[  4.331s] [Startup] Firing PLAYER_CAN_GLIDE_CHANGED
[  4.331s] [Startup] Firing PLAYER_IS_GLIDING_CHANGED
[  4.331s] [Startup] Firing UPDATE_BINDINGS
[  4.334s] [Startup] Firing UPDATE_CHAT_WINDOWS
[  4.337s] [Startup] Firing LFG_UPDATE_RANDOM_INFO
[  4.338s] [Startup] end post-login events in 125.81ms
[  4.338s] [Startup] begin close startup special windows
[  4.339s] [Startup] end close startup special windows in 390.15µs
[  4.339s] [Startup] begin FIRST_FRAME_RENDERED
[  4.339s] [Startup] Firing FIRST_FRAME_RENDERED
[  4.339s] [Startup] end FIRST_FRAME_RENDERED in 290.18µs
[  4.339s] [Startup] begin unblock hidden splash alerts
[  4.339s] [Startup] end unblock hidden splash alerts in 27.45µs
[  4.339s] [Startup] begin post-event workarounds
[  4.339s] [Startup] end post-event workarounds in 892.00ns
CVar default mismatch wt-cvars-AllowSoftwareRendererDX12-653: page=Some("0"), observed=None
CVar default mismatch wt-cvars-AllowWinRT-655: page=Some("0"), observed=None
CVar default mismatch wt-cvars-cameraIndirectOffset-658: page=Some("1.500000"), observed=Some("6.000000")
CVar default mismatch wt-cvars-questPOILocalStory-692: page=Some("0"), observed=Some("1")
CVar default mismatch wt-cvars-showPhotosensitivityWarning-700: page=Some("0"), observed=Some("-1")
CVar default mismatch wt-cvars-showTempMaxHealthLoss-703: page=Some("0"), observed=Some("1")
CVar default mismatch wt-cvars-vrsValarAlwaysOn-714: page=Some("0"), observed=None
CVar default mismatch wt-cvars-vrsValarLPUseCornerSampling-716: page=Some("1"), observed=None
