
running 1 test
test patch_10_2_6_publication_sweep::patch_10_2_6_publication_sweep ... ok

test result: ok. 1 passed; 0 failed; 0 ignored; 0 measured; 10822 filtered out; finished in 6.86s

warning: iced-wgpu-patched/Cargo.toml: `lints.clippy.large-enum-variant` is deprecated in favor of `lints.clippy.large_enum_variant` and will not work in a future edition
warning: iced-wgpu-patched/Cargo.toml: `lints.clippy.map-entry` is deprecated in favor of `lints.clippy.map_entry` and will not work in a future edition
warning: iced-wgpu-patched/Cargo.toml: `lints.clippy.match-wildcard-for-single-variants` is deprecated in favor of `lints.clippy.match_wildcard_for_single_variants` and will not work in a future edition
warning: iced-wgpu-patched/Cargo.toml: `lints.clippy.redundant-closure-for-method-calls` is deprecated in favor of `lints.clippy.redundant_closure_for_method_calls` and will not work in a future edition
warning: iced-wgpu-patched/Cargo.toml: `lints.clippy.trivially-copy-pass-by-ref` is deprecated in favor of `lints.clippy.trivially_copy_pass_by_ref` and will not work in a future edition
warning: iced-wgpu-patched/Cargo.toml: `lints.clippy.type-complexity` is deprecated in favor of `lints.clippy.type_complexity` and will not work in a future edition
warning: `iced_wgpu` (manifest) generated 6 warnings
    Finished `test` profile [optimized + debuginfo] target(s) in 0.44s
     Running tests/integration.rs (target/debug/deps/integration-aef10a2b503e13d5)
[  0.000s] [Startup] WowLuaEnv::new begin
[  0.003s] [Startup] SimState::default complete in 2.57ms
[  0.003s] [Startup] rilua VM created in 142.60µs
[  0.003s] [Startup] builtin frames initialized in 95.80µs
[  0.003s] [Startup] template registry cleared in 14.90µs
[  0.003s] [Startup] intrinsic templates registered in 10.17µs
[  0.003s] [Startup] initial app_data lua handle installed in 481.00ns
[  0.169s] [Startup] init_lua_state complete in 166.20ms
[  0.169s] [Startup] final app_data lua handle installed in 200.00ns
[  0.169s] [Startup] initial screen globals installed in 89.92µs
[  0.169s] [Startup] WowLuaEnv::new complete
[  2.703s] [Startup] apply_post_load_workarounds: begin
[  2.703s] [Workarounds] starting patch_edit_mode_manager
[  2.703s] [Workarounds] finished patch_edit_mode_manager in 312.35µs
[  2.703s] [Workarounds] starting init_edit_mode_layout
[  2.703s] [EditMode] starting setup_layout_info
[  2.707s] [EditMode] finished setup_layout_info in 3.55ms
[  2.707s] [EditMode] starting apply_system_anchors
[  2.863s] [EditMode] finished apply_system_anchors in 156.34ms
[  2.863s] [EditMode] starting finalize_action_bar_positions
[  2.865s] [EditMode] finished finalize_action_bar_positions in 2.01ms
[  2.865s] [EditMode] starting invoke_anchor_changed_hooks
[  2.866s] [EditMode] finished invoke_anchor_changed_hooks in 446.69µs
[  2.866s] [EditMode] starting fix_action_bar_nan_size
[  2.866s] [EditMode] finished fix_action_bar_nan_size in 50.82µs
[  2.866s] [EditMode] starting fix_action_bar_scale
[  2.866s] [EditMode] finished fix_action_bar_scale in 5.03µs
[  2.866s] [Workarounds] finished init_edit_mode_layout in 162.43ms
[  2.866s] [Workarounds] starting patch_ui_parent_panel_toggles
[  2.866s] [Workarounds] finished patch_ui_parent_panel_toggles in 262.12µs
[  2.866s] [Workarounds] starting patch_uiparent_onupdate_worklists
[  2.866s] [Workarounds] finished patch_uiparent_onupdate_worklists in 106.11µs
[  2.866s] [Workarounds] starting init_chat_type_colors
[  2.866s] [Workarounds] finished init_chat_type_colors in 123.38µs
[  2.866s] [Workarounds] starting patch_chat_voice_button_surface
[  2.867s] [Workarounds] finished patch_chat_voice_button_surface in 136.98µs
[  2.867s] [Workarounds] starting patch_item_socketing_tooltips
[  2.867s] [Workarounds] finished patch_item_socketing_tooltips in 71.38µs
[  2.867s] [Workarounds] starting patch_character_select_selected_name
[  2.867s] [Workarounds] finished patch_character_select_selected_name in 33.25µs
[  2.867s] [Workarounds] starting patch_character_create_defaults
[  2.867s] [Workarounds] finished patch_character_create_defaults in 248.51µs
[  2.867s] [Workarounds] starting patch_character_frame_title_refresh
[  2.873s] [Workarounds] finished patch_character_frame_title_refresh in 6.09ms
[  2.873s] [Workarounds] starting patch_vignette_pin_template
[  2.873s] [Workarounds] finished patch_vignette_pin_template in 113.57µs
[  2.873s] [Workarounds] starting patch_fog_of_war_pin_mixin
[  2.873s] [Workarounds] finished patch_fog_of_war_pin_mixin in 307.27µs
[  2.873s] [Workarounds] starting patch_map_exploration_pin_mixin
[  2.880s] [Workarounds] finished patch_map_exploration_pin_mixin in 6.51ms
[  2.880s] [Workarounds] starting patch_map_canvas_data_provider_attachment
[  2.880s] [Workarounds] finished patch_map_canvas_data_provider_attachment in 85.96µs
[  2.880s] [Workarounds] starting ensure_adventure_map_frame_surface
[  2.881s] [Workarounds] finished ensure_adventure_map_frame_surface in 517.94µs
[  2.881s] [Workarounds] starting patch_action_bar_button_event_fanout
[  2.881s] [Workarounds] finished patch_action_bar_button_event_fanout in 120.07µs
[  2.881s] [Workarounds] starting patch_paging_controls_page_text
[  2.881s] [Workarounds] finished patch_paging_controls_page_text in 42.95µs
[  2.881s] [Workarounds] starting patch_talent_edge_frame_level_sync
[  2.881s] [Workarounds] finished patch_talent_edge_frame_level_sync in 32.41µs
[  2.881s] [Workarounds] starting patch_catalog_shop_product_card_defaults
[  2.881s] [Workarounds] finished patch_catalog_shop_product_card_defaults in 66.53µs
[  2.881s] [Workarounds] starting patch_game_time_defaults
[  2.881s] [Workarounds] finished patch_game_time_defaults in 7.64µs
[  2.881s] [Workarounds] starting patch_tooltip_nineslice_surface
[  2.881s] [Workarounds] finished patch_tooltip_nineslice_surface in 46.38µs
[  2.881s] [Workarounds] starting patch_container_frame_token_tracker
[  2.881s] [Workarounds] finished patch_container_frame_token_tracker in 43.63µs
[  2.881s] [Workarounds] starting patch_achievement_display_set_achievements
[  2.881s] [Workarounds] finished patch_achievement_display_set_achievements in 9.33µs
[  2.881s] [Workarounds] starting patch_housing_dashboard_preload
[  2.881s] [Workarounds] finished patch_housing_dashboard_preload in 180.99µs
[  2.881s] [Workarounds] starting patch_lfg_lock_list
[  2.881s] [Workarounds] finished patch_lfg_lock_list in 39.24µs
[  2.881s] [Workarounds] starting patch_auction_house_browse_results_event
[  2.881s] [Workarounds] finished patch_auction_house_browse_results_event in 70.37µs
[  2.881s] [Workarounds] starting patch_auction_house_search_context_aliases
[  2.881s] [Workarounds] finished patch_auction_house_search_context_aliases in 30.28µs
[  2.881s] [Workarounds] starting patch_auth_challenge_frame_parent
[  2.881s] [Workarounds] finished patch_auth_challenge_frame_parent in 73.42µs
[  2.881s] [Workarounds] starting patch_settings_surface_defaults
[  2.882s] [Workarounds] finished patch_settings_surface_defaults in 386.27µs
[  2.882s] [Workarounds] starting patch_settings_canvas_layout_visibility
[  2.882s] [Workarounds] finished patch_settings_canvas_layout_visibility in 119.97µs
[  2.882s] [Startup] apply_post_load_workarounds: workarounds complete
[  2.957s] [Startup] apply_post_load_workarounds: globals restored
[  2.957s] [Startup] apply_post_load_workarounds: patch 12.1 compatibility restored
[  2.957s] [Startup] apply_post_load_workarounds: seterrorhandler restored
[  3.111s] [Startup] begin login sequence
[  3.111s] [Startup] Firing ADDON_LOADED
[  3.111s] [Startup] Firing VARIABLES_LOADED
[  3.218s] [Startup] Firing DISPLAY_SIZE_CHANGED
[  3.267s] [Startup] Firing UI_SCALE_CHANGED
[  3.269s] [Startup] Firing PLAYER_LOGIN
[  3.269s] [Startup] end login sequence in 158.07ms
[  3.269s] [Startup] begin world enter sequence
[  3.269s] [Startup] Skipping EDIT_MODE_LAYOUTS_UPDATED
[  3.269s] [Startup] Firing TIME_PLAYED_MSG via RequestTimePlayed
[  3.269s] [Startup] Firing PLAYER_ENTERING_WORLD
[  3.542s] [EditMode] starting setup_layout_info
[  3.546s] [EditMode] finished setup_layout_info in 4.39ms
[  3.547s] [EditMode] starting apply_system_anchors
[  3.703s] [EditMode] finished apply_system_anchors in 156.43ms
[  3.703s] [EditMode] starting finalize_action_bar_positions
[  3.706s] [EditMode] finished finalize_action_bar_positions in 2.68ms
[  3.706s] [EditMode] starting invoke_anchor_changed_hooks
[  3.712s] [EditMode] finished invoke_anchor_changed_hooks in 5.95ms
[  3.712s] [EditMode] starting fix_action_bar_nan_size
[  3.712s] [EditMode] finished fix_action_bar_nan_size in 76.57µs
[  3.712s] [EditMode] starting fix_action_bar_scale
[  3.712s] [EditMode] finished fix_action_bar_scale in 5.68µs
[  3.712s] [EditMode] starting reapply_player_frame_anchor
[  3.713s] [EditMode] finished reapply_player_frame_anchor in 1.59ms
[  3.722s] [Startup] end world enter sequence in 453.80ms
[  3.722s] [Startup] begin post-login events
[  3.723s] [Startup] Firing UNIT_AURA
[  3.724s] [Startup] Firing PET_UI_UPDATE
[  3.726s] [Startup] Firing BAG_UPDATE_DELAYED
[  3.727s] [Startup] Firing QUEST_LOG_UPDATE
[  3.729s] [Startup] Firing GROUP_ROSTER_UPDATE
[  3.826s] [Startup] Firing ACTIONBAR_UPDATE_STATE
[  3.826s] [Startup] Firing ACTIONBAR_UPDATE_COOLDOWN
[  3.827s] [Startup] Firing UPDATE_BONUS_ACTIONBAR
[  3.841s] [Startup] Firing PLAYER_CAN_GLIDE_CHANGED
[  3.841s] [Startup] Firing PLAYER_IS_GLIDING_CHANGED
[  3.841s] [Startup] Firing UPDATE_BINDINGS
[  3.845s] [Startup] Firing UPDATE_CHAT_WINDOWS
[  3.848s] [Startup] Firing LFG_UPDATE_RANDOM_INFO
[  3.849s] [Startup] end post-login events in 126.25ms
[  3.849s] [Startup] begin close startup special windows
[  3.849s] [Startup] end close startup special windows in 306.05µs
[  3.849s] [Startup] begin FIRST_FRAME_RENDERED
[  3.849s] [Startup] Firing FIRST_FRAME_RENDERED
[  3.849s] [Startup] end FIRST_FRAME_RENDERED in 186.41µs
[  3.849s] [Startup] begin unblock hidden splash alerts
[  3.849s] [Startup] end unblock hidden splash alerts in 16.95µs
[  3.849s] [Startup] begin post-event workarounds
[  3.849s] [Startup] end post-event workarounds in 921.00ns
CVar default mismatch wt-cvars-gxMTDecals-249: page=Some("1"), observed=Some("0")
