
running 1 test
test patch_11_0_2_publication_sweep::patch_11_0_2_publication_sweep ... ok

test result: ok. 1 passed; 0 failed; 0 ignored; 0 measured; 10822 filtered out; finished in 15.41s

warning: iced-wgpu-patched/Cargo.toml: `lints.clippy.large-enum-variant` is deprecated in favor of `lints.clippy.large_enum_variant` and will not work in a future edition
warning: iced-wgpu-patched/Cargo.toml: `lints.clippy.map-entry` is deprecated in favor of `lints.clippy.map_entry` and will not work in a future edition
warning: iced-wgpu-patched/Cargo.toml: `lints.clippy.match-wildcard-for-single-variants` is deprecated in favor of `lints.clippy.match_wildcard_for_single_variants` and will not work in a future edition
warning: iced-wgpu-patched/Cargo.toml: `lints.clippy.redundant-closure-for-method-calls` is deprecated in favor of `lints.clippy.redundant_closure_for_method_calls` and will not work in a future edition
warning: iced-wgpu-patched/Cargo.toml: `lints.clippy.trivially-copy-pass-by-ref` is deprecated in favor of `lints.clippy.trivially_copy_pass_by_ref` and will not work in a future edition
warning: iced-wgpu-patched/Cargo.toml: `lints.clippy.type-complexity` is deprecated in favor of `lints.clippy.type_complexity` and will not work in a future edition
warning: `iced_wgpu` (manifest) generated 6 warnings
    Finished `test` profile [optimized + debuginfo] target(s) in 0.31s
     Running tests/integration.rs (target/debug/deps/integration-aef10a2b503e13d5)
[  0.000s] [Startup] WowLuaEnv::new begin
[  0.003s] [Startup] SimState::default complete in 3.22ms
[  0.003s] [Startup] rilua VM created in 171.75µs
[  0.004s] [Startup] builtin frames initialized in 110.04µs
[  0.004s] [Startup] template registry cleared in 11.96µs
[  0.004s] [Startup] intrinsic templates registered in 10.94µs
[  0.004s] [Startup] initial app_data lua handle installed in 481.00ns
[  0.175s] [Startup] init_lua_state complete in 171.09ms
[  0.175s] [Startup] final app_data lua handle installed in 321.00ns
[  0.175s] [Startup] initial screen globals installed in 136.57µs
[  0.175s] [Startup] WowLuaEnv::new complete
[  2.656s] [Startup] apply_post_load_workarounds: begin
[  2.656s] [Workarounds] starting patch_edit_mode_manager
[  2.656s] [Workarounds] finished patch_edit_mode_manager in 306.64µs
[  2.656s] [Workarounds] starting init_edit_mode_layout
[  2.656s] [EditMode] starting setup_layout_info
[  2.660s] [EditMode] finished setup_layout_info in 3.42ms
[  2.660s] [EditMode] starting apply_system_anchors
[  2.801s] [EditMode] finished apply_system_anchors in 140.93ms
[  2.801s] [EditMode] starting finalize_action_bar_positions
[  2.803s] [EditMode] finished finalize_action_bar_positions in 1.89ms
[  2.803s] [EditMode] starting invoke_anchor_changed_hooks
[  2.803s] [EditMode] finished invoke_anchor_changed_hooks in 408.15µs
[  2.803s] [EditMode] starting fix_action_bar_nan_size
[  2.803s] [EditMode] finished fix_action_bar_nan_size in 45.07µs
[  2.803s] [EditMode] starting fix_action_bar_scale
[  2.803s] [EditMode] finished fix_action_bar_scale in 4.39µs
[  2.803s] [Workarounds] finished init_edit_mode_layout in 146.73ms
[  2.803s] [Workarounds] starting patch_ui_parent_panel_toggles
[  2.803s] [Workarounds] finished patch_ui_parent_panel_toggles in 246.02µs
[  2.803s] [Workarounds] starting patch_uiparent_onupdate_worklists
[  2.803s] [Workarounds] finished patch_uiparent_onupdate_worklists in 97.58µs
[  2.803s] [Workarounds] starting init_chat_type_colors
[  2.804s] [Workarounds] finished init_chat_type_colors in 113.15µs
[  2.804s] [Workarounds] starting patch_chat_voice_button_surface
[  2.804s] [Workarounds] finished patch_chat_voice_button_surface in 124.17µs
[  2.804s] [Workarounds] starting patch_item_socketing_tooltips
[  2.804s] [Workarounds] finished patch_item_socketing_tooltips in 56.42µs
[  2.804s] [Workarounds] starting patch_character_select_selected_name
[  2.804s] [Workarounds] finished patch_character_select_selected_name in 29.70µs
[  2.804s] [Workarounds] starting patch_character_create_defaults
[  2.804s] [Workarounds] finished patch_character_create_defaults in 223.55µs
[  2.804s] [Workarounds] starting patch_character_frame_title_refresh
[  2.810s] [Workarounds] finished patch_character_frame_title_refresh in 5.89ms
[  2.810s] [Workarounds] starting patch_vignette_pin_template
[  2.810s] [Workarounds] finished patch_vignette_pin_template in 107.87µs
[  2.810s] [Workarounds] starting patch_fog_of_war_pin_mixin
[  2.810s] [Workarounds] finished patch_fog_of_war_pin_mixin in 295.28µs
[  2.810s] [Workarounds] starting patch_map_exploration_pin_mixin
[  2.816s] [Workarounds] finished patch_map_exploration_pin_mixin in 5.70ms
[  2.816s] [Workarounds] starting patch_map_canvas_data_provider_attachment
[  2.816s] [Workarounds] finished patch_map_canvas_data_provider_attachment in 67.63µs
[  2.816s] [Workarounds] starting ensure_adventure_map_frame_surface
[  2.817s] [Workarounds] finished ensure_adventure_map_frame_surface in 475.99µs
[  2.817s] [Workarounds] starting patch_action_bar_button_event_fanout
[  2.817s] [Workarounds] finished patch_action_bar_button_event_fanout in 102.43µs
[  2.817s] [Workarounds] starting patch_paging_controls_page_text
[  2.817s] [Workarounds] finished patch_paging_controls_page_text in 38.48µs
[  2.817s] [Workarounds] starting patch_talent_edge_frame_level_sync
[  2.817s] [Workarounds] finished patch_talent_edge_frame_level_sync in 45.80µs
[  2.817s] [Workarounds] starting patch_catalog_shop_product_card_defaults
[  2.817s] [Workarounds] finished patch_catalog_shop_product_card_defaults in 61.27µs
[  2.817s] [Workarounds] starting patch_game_time_defaults
[  2.817s] [Workarounds] finished patch_game_time_defaults in 7.36µs
[  2.817s] [Workarounds] starting patch_tooltip_nineslice_surface
[  2.817s] [Workarounds] finished patch_tooltip_nineslice_surface in 41.27µs
[  2.817s] [Workarounds] starting patch_container_frame_token_tracker
[  2.817s] [Workarounds] finished patch_container_frame_token_tracker in 56.64µs
[  2.817s] [Workarounds] starting patch_achievement_display_set_achievements
[  2.817s] [Workarounds] finished patch_achievement_display_set_achievements in 7.81µs
[  2.817s] [Workarounds] starting patch_housing_dashboard_preload
[  2.817s] [Workarounds] finished patch_housing_dashboard_preload in 159.92µs
[  2.817s] [Workarounds] starting patch_lfg_lock_list
[  2.817s] [Workarounds] finished patch_lfg_lock_list in 35.01µs
[  2.817s] [Workarounds] starting patch_auction_house_browse_results_event
[  2.817s] [Workarounds] finished patch_auction_house_browse_results_event in 64.25µs
[  2.817s] [Workarounds] starting patch_auction_house_search_context_aliases
[  2.817s] [Workarounds] finished patch_auction_house_search_context_aliases in 30.64µs
[  2.817s] [Workarounds] starting patch_auth_challenge_frame_parent
[  2.817s] [Workarounds] finished patch_auth_challenge_frame_parent in 66.49µs
[  2.817s] [Workarounds] starting patch_settings_surface_defaults
[  2.818s] [Workarounds] finished patch_settings_surface_defaults in 341.81µs
[  2.818s] [Workarounds] starting patch_settings_canvas_layout_visibility
[  2.818s] [Workarounds] finished patch_settings_canvas_layout_visibility in 108.87µs
[  2.818s] [Startup] apply_post_load_workarounds: workarounds complete
[  2.884s] [Startup] apply_post_load_workarounds: globals restored
[  2.885s] [Startup] apply_post_load_workarounds: patch 12.1 compatibility restored
[  2.885s] [Startup] apply_post_load_workarounds: seterrorhandler restored
[  3.027s] [Startup] begin login sequence
[  3.027s] [Startup] Firing ADDON_LOADED
[  3.027s] [Startup] Firing VARIABLES_LOADED
[  3.128s] [Startup] Firing DISPLAY_SIZE_CHANGED
[  3.173s] [Startup] Firing UI_SCALE_CHANGED
[  3.174s] [Startup] Firing PLAYER_LOGIN
[  3.174s] [Startup] end login sequence in 147.78ms
[  3.174s] [Startup] begin world enter sequence
[  3.174s] [Startup] Skipping EDIT_MODE_LAYOUTS_UPDATED
[  3.174s] [Startup] Firing TIME_PLAYED_MSG via RequestTimePlayed
[  3.174s] [Startup] Firing PLAYER_ENTERING_WORLD
[  3.426s] [EditMode] starting setup_layout_info
[  3.430s] [EditMode] finished setup_layout_info in 3.98ms
[  3.430s] [EditMode] starting apply_system_anchors
[  3.576s] [EditMode] finished apply_system_anchors in 145.82ms
[  3.576s] [EditMode] starting finalize_action_bar_positions
[  3.579s] [EditMode] finished finalize_action_bar_positions in 2.93ms
[  3.579s] [EditMode] starting invoke_anchor_changed_hooks
[  3.586s] [EditMode] finished invoke_anchor_changed_hooks in 6.81ms
[  3.586s] [EditMode] starting fix_action_bar_nan_size
[  3.586s] [EditMode] finished fix_action_bar_nan_size in 89.92µs
[  3.586s] [EditMode] starting fix_action_bar_scale
[  3.586s] [EditMode] finished fix_action_bar_scale in 5.49µs
[  3.586s] [EditMode] starting reapply_player_frame_anchor
[  3.587s] [EditMode] finished reapply_player_frame_anchor in 1.60ms
[  3.596s] [Startup] end world enter sequence in 422.14ms
[  3.596s] [Startup] begin post-login events
[  3.597s] [Startup] Firing UNIT_AURA
[  3.598s] [Startup] Firing PET_UI_UPDATE
[  3.601s] [Startup] Firing BAG_UPDATE_DELAYED
[  3.602s] [Startup] Firing QUEST_LOG_UPDATE
[  3.604s] [Startup] Firing GROUP_ROSTER_UPDATE
[  3.704s] [Startup] Firing ACTIONBAR_UPDATE_STATE
[  3.704s] [Startup] Firing ACTIONBAR_UPDATE_COOLDOWN
[  3.706s] [Startup] Firing UPDATE_BONUS_ACTIONBAR
[  3.717s] [Startup] Firing PLAYER_CAN_GLIDE_CHANGED
[  3.717s] [Startup] Firing PLAYER_IS_GLIDING_CHANGED
[  3.717s] [Startup] Firing UPDATE_BINDINGS
[  3.720s] [Startup] Firing UPDATE_CHAT_WINDOWS
[  3.723s] [Startup] Firing LFG_UPDATE_RANDOM_INFO
[  3.724s] [Startup] end post-login events in 127.63ms
[  3.724s] [Startup] begin close startup special windows
[  3.724s] [Startup] end close startup special windows in 292.65µs
[  3.724s] [Startup] begin FIRST_FRAME_RENDERED
[  3.724s] [Startup] Firing FIRST_FRAME_RENDERED
[  3.725s] [Startup] end FIRST_FRAME_RENDERED in 183.22µs
[  3.725s] [Startup] begin unblock hidden splash alerts
[  3.725s] [Startup] end unblock hidden splash alerts in 15.11µs
[  3.725s] [Startup] begin post-event workarounds
[  3.725s] [Startup] end post-event workarounds in 802.00ns
