
running 1 test
test patch_11_2_7_publication_sweep::patch_11_2_7_publication_sweep ... ok

test result: ok. 1 passed; 0 failed; 0 ignored; 0 measured; 10822 filtered out; finished in 4.46s

warning: iced-wgpu-patched/Cargo.toml: `lints.clippy.large-enum-variant` is deprecated in favor of `lints.clippy.large_enum_variant` and will not work in a future edition
warning: iced-wgpu-patched/Cargo.toml: `lints.clippy.map-entry` is deprecated in favor of `lints.clippy.map_entry` and will not work in a future edition
warning: iced-wgpu-patched/Cargo.toml: `lints.clippy.match-wildcard-for-single-variants` is deprecated in favor of `lints.clippy.match_wildcard_for_single_variants` and will not work in a future edition
warning: iced-wgpu-patched/Cargo.toml: `lints.clippy.redundant-closure-for-method-calls` is deprecated in favor of `lints.clippy.redundant_closure_for_method_calls` and will not work in a future edition
warning: iced-wgpu-patched/Cargo.toml: `lints.clippy.trivially-copy-pass-by-ref` is deprecated in favor of `lints.clippy.trivially_copy_pass_by_ref` and will not work in a future edition
warning: iced-wgpu-patched/Cargo.toml: `lints.clippy.type-complexity` is deprecated in favor of `lints.clippy.type_complexity` and will not work in a future edition
warning: `iced_wgpu` (manifest) generated 6 warnings
    Finished `test` profile [optimized + debuginfo] target(s) in 0.20s
     Running tests/integration.rs (target/debug/deps/integration-aef10a2b503e13d5)
[  0.000s] [Startup] WowLuaEnv::new begin
[  0.003s] [Startup] SimState::default complete in 3.07ms
[  0.003s] [Startup] rilua VM created in 189.42µs
[  0.003s] [Startup] builtin frames initialized in 116.01µs
[  0.003s] [Startup] template registry cleared in 11.46µs
[  0.003s] [Startup] intrinsic templates registered in 15.14µs
[  0.003s] [Startup] initial app_data lua handle installed in 601.00ns
[  0.168s] [Startup] init_lua_state complete in 164.87ms
[  0.168s] [Startup] final app_data lua handle installed in 511.00ns
[  0.169s] [Startup] initial screen globals installed in 127.01µs
[  0.169s] [Startup] WowLuaEnv::new complete
[  2.792s] [Startup] apply_post_load_workarounds: begin
[  2.792s] [Workarounds] starting patch_edit_mode_manager
[  2.792s] [Workarounds] finished patch_edit_mode_manager in 335.84µs
[  2.792s] [Workarounds] starting init_edit_mode_layout
[  2.792s] [EditMode] starting setup_layout_info
[  2.796s] [EditMode] finished setup_layout_info in 3.70ms
[  2.796s] [EditMode] starting apply_system_anchors
[  2.945s] [EditMode] finished apply_system_anchors in 149.13ms
[  2.945s] [EditMode] starting finalize_action_bar_positions
[  2.947s] [EditMode] finished finalize_action_bar_positions in 1.94ms
[  2.947s] [EditMode] starting invoke_anchor_changed_hooks
[  2.947s] [EditMode] finished invoke_anchor_changed_hooks in 416.89µs
[  2.947s] [EditMode] starting fix_action_bar_nan_size
[  2.947s] [EditMode] finished fix_action_bar_nan_size in 44.53µs
[  2.947s] [EditMode] starting fix_action_bar_scale
[  2.947s] [EditMode] finished fix_action_bar_scale in 4.94µs
[  2.947s] [Workarounds] finished init_edit_mode_layout in 155.26ms
[  2.947s] [Workarounds] starting patch_ui_parent_panel_toggles
[  2.947s] [Workarounds] finished patch_ui_parent_panel_toggles in 245.19µs
[  2.947s] [Workarounds] starting patch_uiparent_onupdate_worklists
[  2.947s] [Workarounds] finished patch_uiparent_onupdate_worklists in 109.50µs
[  2.947s] [Workarounds] starting init_chat_type_colors
[  2.948s] [Workarounds] finished init_chat_type_colors in 122.00µs
[  2.948s] [Workarounds] starting patch_chat_voice_button_surface
[  2.948s] [Workarounds] finished patch_chat_voice_button_surface in 127.56µs
[  2.948s] [Workarounds] starting patch_item_socketing_tooltips
[  2.948s] [Workarounds] finished patch_item_socketing_tooltips in 57.72µs
[  2.948s] [Workarounds] starting patch_character_select_selected_name
[  2.948s] [Workarounds] finished patch_character_select_selected_name in 30.36µs
[  2.948s] [Workarounds] starting patch_character_create_defaults
[  2.948s] [Workarounds] finished patch_character_create_defaults in 229.09µs
[  2.948s] [Workarounds] starting patch_character_frame_title_refresh
[  2.954s] [Workarounds] finished patch_character_frame_title_refresh in 6.17ms
[  2.954s] [Workarounds] starting patch_vignette_pin_template
[  2.954s] [Workarounds] finished patch_vignette_pin_template in 138.24µs
[  2.954s] [Workarounds] starting patch_fog_of_war_pin_mixin
[  2.955s] [Workarounds] finished patch_fog_of_war_pin_mixin in 336.89µs
[  2.955s] [Workarounds] starting patch_map_exploration_pin_mixin
[  2.961s] [Workarounds] finished patch_map_exploration_pin_mixin in 6.32ms
[  2.961s] [Workarounds] starting patch_map_canvas_data_provider_attachment
[  2.961s] [Workarounds] finished patch_map_canvas_data_provider_attachment in 84.69µs
[  2.961s] [Workarounds] starting ensure_adventure_map_frame_surface
[  2.962s] [Workarounds] finished ensure_adventure_map_frame_surface in 526.41µs
[  2.962s] [Workarounds] starting patch_action_bar_button_event_fanout
[  2.962s] [Workarounds] finished patch_action_bar_button_event_fanout in 115.46µs
[  2.962s] [Workarounds] starting patch_paging_controls_page_text
[  2.962s] [Workarounds] finished patch_paging_controls_page_text in 42.65µs
[  2.962s] [Workarounds] starting patch_talent_edge_frame_level_sync
[  2.962s] [Workarounds] finished patch_talent_edge_frame_level_sync in 32.52µs
[  2.962s] [Workarounds] starting patch_catalog_shop_product_card_defaults
[  2.962s] [Workarounds] finished patch_catalog_shop_product_card_defaults in 66.41µs
[  2.962s] [Workarounds] starting patch_game_time_defaults
[  2.962s] [Workarounds] finished patch_game_time_defaults in 7.41µs
[  2.962s] [Workarounds] starting patch_tooltip_nineslice_surface
[  2.962s] [Workarounds] finished patch_tooltip_nineslice_surface in 44.65µs
[  2.962s] [Workarounds] starting patch_container_frame_token_tracker
[  2.962s] [Workarounds] finished patch_container_frame_token_tracker in 43.40µs
[  2.962s] [Workarounds] starting patch_achievement_display_set_achievements
[  2.962s] [Workarounds] finished patch_achievement_display_set_achievements in 9.64µs
[  2.962s] [Workarounds] starting patch_housing_dashboard_preload
[  2.962s] [Workarounds] finished patch_housing_dashboard_preload in 178.42µs
[  2.962s] [Workarounds] starting patch_lfg_lock_list
[  2.962s] [Workarounds] finished patch_lfg_lock_list in 37.77µs
[  2.962s] [Workarounds] starting patch_auction_house_browse_results_event
[  2.962s] [Workarounds] finished patch_auction_house_browse_results_event in 67.10µs
[  2.962s] [Workarounds] starting patch_auction_house_search_context_aliases
[  2.962s] [Workarounds] finished patch_auction_house_search_context_aliases in 29.99µs
[  2.962s] [Workarounds] starting patch_auth_challenge_frame_parent
[  2.962s] [Workarounds] finished patch_auth_challenge_frame_parent in 75.13µs
[  2.962s] [Workarounds] starting patch_settings_surface_defaults
[  2.963s] [Workarounds] finished patch_settings_surface_defaults in 388.41µs
[  2.963s] [Workarounds] starting patch_settings_canvas_layout_visibility
[  2.963s] [Workarounds] finished patch_settings_canvas_layout_visibility in 116.79µs
[  2.963s] [Startup] apply_post_load_workarounds: workarounds complete
[  3.042s] [Startup] apply_post_load_workarounds: globals restored
[  3.042s] [Startup] apply_post_load_workarounds: patch 12.1 compatibility restored
[  3.042s] [Startup] apply_post_load_workarounds: seterrorhandler restored
[  3.211s] [Startup] begin login sequence
[  3.211s] [Startup] Firing ADDON_LOADED
[  3.211s] [Startup] Firing VARIABLES_LOADED
[  3.316s] [Startup] Firing DISPLAY_SIZE_CHANGED
[  3.363s] [Startup] Firing UI_SCALE_CHANGED
[  3.364s] [Startup] Firing PLAYER_LOGIN
[  3.364s] [Startup] end login sequence in 152.97ms
[  3.364s] [Startup] begin world enter sequence
[  3.364s] [Startup] Skipping EDIT_MODE_LAYOUTS_UPDATED
[  3.364s] [Startup] Firing TIME_PLAYED_MSG via RequestTimePlayed
[  3.364s] [Startup] Firing PLAYER_ENTERING_WORLD
[  3.628s] [EditMode] starting setup_layout_info
[  3.633s] [EditMode] finished setup_layout_info in 5.14ms
[  3.633s] [EditMode] starting apply_system_anchors
[  3.803s] [EditMode] finished apply_system_anchors in 169.53ms
[  3.803s] [EditMode] starting finalize_action_bar_positions
[  3.806s] [EditMode] finished finalize_action_bar_positions in 2.85ms
[  3.806s] [EditMode] starting invoke_anchor_changed_hooks
[  3.812s] [EditMode] finished invoke_anchor_changed_hooks in 6.22ms
[  3.812s] [EditMode] starting fix_action_bar_nan_size
[  3.812s] [EditMode] finished fix_action_bar_nan_size in 83.80µs
[  3.812s] [EditMode] starting fix_action_bar_scale
[  3.812s] [EditMode] finished fix_action_bar_scale in 5.36µs
[  3.812s] [EditMode] starting reapply_player_frame_anchor
[  3.814s] [EditMode] finished reapply_player_frame_anchor in 1.68ms
[  3.823s] [Startup] end world enter sequence in 459.67ms
[  3.823s] [Startup] begin post-login events
[  3.824s] [Startup] Firing UNIT_AURA
[  3.825s] [Startup] Firing PET_UI_UPDATE
[  3.827s] [Startup] Firing BAG_UPDATE_DELAYED
[  3.829s] [Startup] Firing QUEST_LOG_UPDATE
[  3.830s] [Startup] Firing GROUP_ROSTER_UPDATE
[  3.931s] [Startup] Firing ACTIONBAR_UPDATE_STATE
[  3.931s] [Startup] Firing ACTIONBAR_UPDATE_COOLDOWN
[  3.933s] [Startup] Firing UPDATE_BONUS_ACTIONBAR
[  3.948s] [Startup] Firing PLAYER_CAN_GLIDE_CHANGED
[  3.948s] [Startup] Firing PLAYER_IS_GLIDING_CHANGED
[  3.948s] [Startup] Firing UPDATE_BINDINGS
[  3.952s] [Startup] Firing UPDATE_CHAT_WINDOWS
[  3.955s] [Startup] Firing LFG_UPDATE_RANDOM_INFO
[  3.956s] [Startup] end post-login events in 132.43ms
[  3.956s] [Startup] begin close startup special windows
[  3.956s] [Startup] end close startup special windows in 287.92µs
[  3.956s] [Startup] begin FIRST_FRAME_RENDERED
[  3.956s] [Startup] Firing FIRST_FRAME_RENDERED
[  3.956s] [Startup] end FIRST_FRAME_RENDERED in 188.88µs
[  3.956s] [Startup] begin unblock hidden splash alerts
[  3.956s] [Startup] end unblock hidden splash alerts in 15.33µs
[  3.956s] [Startup] begin post-event workarounds
[  3.956s] [Startup] end post-event workarounds in 802.00ns
