
running 1 test
test patch_11_1_7_publication_sweep::patch_11_1_7_publication_sweep ... ok

test result: ok. 1 passed; 0 failed; 0 ignored; 0 measured; 10822 filtered out; finished in 4.32s

warning: iced-wgpu-patched/Cargo.toml: `lints.clippy.large-enum-variant` is deprecated in favor of `lints.clippy.large_enum_variant` and will not work in a future edition
warning: iced-wgpu-patched/Cargo.toml: `lints.clippy.map-entry` is deprecated in favor of `lints.clippy.map_entry` and will not work in a future edition
warning: iced-wgpu-patched/Cargo.toml: `lints.clippy.match-wildcard-for-single-variants` is deprecated in favor of `lints.clippy.match_wildcard_for_single_variants` and will not work in a future edition
warning: iced-wgpu-patched/Cargo.toml: `lints.clippy.redundant-closure-for-method-calls` is deprecated in favor of `lints.clippy.redundant_closure_for_method_calls` and will not work in a future edition
warning: iced-wgpu-patched/Cargo.toml: `lints.clippy.trivially-copy-pass-by-ref` is deprecated in favor of `lints.clippy.trivially_copy_pass_by_ref` and will not work in a future edition
warning: iced-wgpu-patched/Cargo.toml: `lints.clippy.type-complexity` is deprecated in favor of `lints.clippy.type_complexity` and will not work in a future edition
warning: `iced_wgpu` (manifest) generated 6 warnings
    Finished `test` profile [optimized + debuginfo] target(s) in 0.26s
     Running tests/integration.rs (target/debug/deps/integration-aef10a2b503e13d5)
[  0.000s] [Startup] WowLuaEnv::new begin
[  0.004s] [Startup] SimState::default complete in 3.52ms
[  0.004s] [Startup] rilua VM created in 195.32µs
[  0.004s] [Startup] builtin frames initialized in 140.69µs
[  0.004s] [Startup] template registry cleared in 10.65µs
[  0.004s] [Startup] intrinsic templates registered in 15.11µs
[  0.004s] [Startup] initial app_data lua handle installed in 431.00ns
[  0.215s] [Startup] init_lua_state complete in 210.71ms
[  0.215s] [Startup] final app_data lua handle installed in 331.00ns
[  0.215s] [Startup] initial screen globals installed in 116.57µs
[  0.215s] [Startup] WowLuaEnv::new complete
[  3.013s] [Startup] apply_post_load_workarounds: begin
[  3.013s] [Workarounds] starting patch_edit_mode_manager
[  3.013s] [Workarounds] finished patch_edit_mode_manager in 349.00µs
[  3.013s] [Workarounds] starting init_edit_mode_layout
[  3.013s] [EditMode] starting setup_layout_info
[  3.017s] [EditMode] finished setup_layout_info in 3.43ms
[  3.017s] [EditMode] starting apply_system_anchors
[  3.164s] [EditMode] finished apply_system_anchors in 147.45ms
[  3.164s] [EditMode] starting finalize_action_bar_positions
[  3.166s] [EditMode] finished finalize_action_bar_positions in 1.77ms
[  3.166s] [EditMode] starting invoke_anchor_changed_hooks
[  3.166s] [EditMode] finished invoke_anchor_changed_hooks in 393.24µs
[  3.166s] [EditMode] starting fix_action_bar_nan_size
[  3.166s] [EditMode] finished fix_action_bar_nan_size in 43.06µs
[  3.166s] [EditMode] starting fix_action_bar_scale
[  3.166s] [EditMode] finished fix_action_bar_scale in 5.37µs
[  3.166s] [Workarounds] finished init_edit_mode_layout in 153.12ms
[  3.166s] [Workarounds] starting patch_ui_parent_panel_toggles
[  3.167s] [Workarounds] finished patch_ui_parent_panel_toggles in 246.52µs
[  3.167s] [Workarounds] starting patch_uiparent_onupdate_worklists
[  3.167s] [Workarounds] finished patch_uiparent_onupdate_worklists in 106.58µs
[  3.167s] [Workarounds] starting init_chat_type_colors
[  3.167s] [Workarounds] finished init_chat_type_colors in 132.28µs
[  3.167s] [Workarounds] starting patch_chat_voice_button_surface
[  3.167s] [Workarounds] finished patch_chat_voice_button_surface in 128.53µs
[  3.167s] [Workarounds] starting patch_item_socketing_tooltips
[  3.167s] [Workarounds] finished patch_item_socketing_tooltips in 63.39µs
[  3.167s] [Workarounds] starting patch_character_select_selected_name
[  3.167s] [Workarounds] finished patch_character_select_selected_name in 37.17µs
[  3.167s] [Workarounds] starting patch_character_create_defaults
[  3.167s] [Workarounds] finished patch_character_create_defaults in 258.86µs
[  3.167s] [Workarounds] starting patch_character_frame_title_refresh
[  3.173s] [Workarounds] finished patch_character_frame_title_refresh in 5.68ms
[  3.173s] [Workarounds] starting patch_vignette_pin_template
[  3.173s] [Workarounds] finished patch_vignette_pin_template in 91.32µs
[  3.173s] [Workarounds] starting patch_fog_of_war_pin_mixin
[  3.173s] [Workarounds] finished patch_fog_of_war_pin_mixin in 286.48µs
[  3.173s] [Workarounds] starting patch_map_exploration_pin_mixin
[  3.180s] [Workarounds] finished patch_map_exploration_pin_mixin in 6.17ms
[  3.180s] [Workarounds] starting patch_map_canvas_data_provider_attachment
[  3.180s] [Workarounds] finished patch_map_canvas_data_provider_attachment in 65.66µs
[  3.180s] [Workarounds] starting ensure_adventure_map_frame_surface
[  3.180s] [Workarounds] finished ensure_adventure_map_frame_surface in 442.40µs
[  3.180s] [Workarounds] starting patch_action_bar_button_event_fanout
[  3.180s] [Workarounds] finished patch_action_bar_button_event_fanout in 103.13µs
[  3.180s] [Workarounds] starting patch_paging_controls_page_text
[  3.180s] [Workarounds] finished patch_paging_controls_page_text in 39.67µs
[  3.180s] [Workarounds] starting patch_talent_edge_frame_level_sync
[  3.180s] [Workarounds] finished patch_talent_edge_frame_level_sync in 31.54µs
[  3.180s] [Workarounds] starting patch_catalog_shop_product_card_defaults
[  3.180s] [Workarounds] finished patch_catalog_shop_product_card_defaults in 63.66µs
[  3.180s] [Workarounds] starting patch_game_time_defaults
[  3.180s] [Workarounds] finished patch_game_time_defaults in 7.22µs
[  3.180s] [Workarounds] starting patch_tooltip_nineslice_surface
[  3.180s] [Workarounds] finished patch_tooltip_nineslice_surface in 48.83µs
[  3.180s] [Workarounds] starting patch_container_frame_token_tracker
[  3.180s] [Workarounds] finished patch_container_frame_token_tracker in 42.15µs
[  3.180s] [Workarounds] starting patch_achievement_display_set_achievements
[  3.180s] [Workarounds] finished patch_achievement_display_set_achievements in 8.80µs
[  3.180s] [Workarounds] starting patch_housing_dashboard_preload
[  3.181s] [Workarounds] finished patch_housing_dashboard_preload in 165.95µs
[  3.181s] [Workarounds] starting patch_lfg_lock_list
[  3.181s] [Workarounds] finished patch_lfg_lock_list in 33.04µs
[  3.181s] [Workarounds] starting patch_auction_house_browse_results_event
[  3.181s] [Workarounds] finished patch_auction_house_browse_results_event in 65.44µs
[  3.181s] [Workarounds] starting patch_auction_house_search_context_aliases
[  3.181s] [Workarounds] finished patch_auction_house_search_context_aliases in 47.67µs
[  3.181s] [Workarounds] starting patch_auth_challenge_frame_parent
[  3.181s] [Workarounds] finished patch_auth_challenge_frame_parent in 71.96µs
[  3.181s] [Workarounds] starting patch_settings_surface_defaults
[  3.181s] [Workarounds] finished patch_settings_surface_defaults in 391.63µs
[  3.181s] [Workarounds] starting patch_settings_canvas_layout_visibility
[  3.181s] [Workarounds] finished patch_settings_canvas_layout_visibility in 132.01µs
[  3.181s] [Startup] apply_post_load_workarounds: workarounds complete
[  3.248s] [Startup] apply_post_load_workarounds: globals restored
[  3.248s] [Startup] apply_post_load_workarounds: patch 12.1 compatibility restored
[  3.248s] [Startup] apply_post_load_workarounds: seterrorhandler restored
[  3.390s] [Startup] begin login sequence
[  3.390s] [Startup] Firing ADDON_LOADED
[  3.391s] [Startup] Firing VARIABLES_LOADED
[  3.491s] [Startup] Firing DISPLAY_SIZE_CHANGED
[  3.535s] [Startup] Firing UI_SCALE_CHANGED
[  3.536s] [Startup] Firing PLAYER_LOGIN
[  3.536s] [Startup] end login sequence in 145.29ms
[  3.536s] [Startup] begin world enter sequence
[  3.536s] [Startup] Skipping EDIT_MODE_LAYOUTS_UPDATED
[  3.536s] [Startup] Firing TIME_PLAYED_MSG via RequestTimePlayed
[  3.536s] [Startup] Firing PLAYER_ENTERING_WORLD
[  3.775s] [EditMode] starting setup_layout_info
[  3.779s] [EditMode] finished setup_layout_info in 3.89ms
[  3.779s] [EditMode] starting apply_system_anchors
[  3.922s] [EditMode] finished apply_system_anchors in 142.28ms
[  3.922s] [EditMode] starting finalize_action_bar_positions
[  3.924s] [EditMode] finished finalize_action_bar_positions in 2.70ms
[  3.924s] [EditMode] starting invoke_anchor_changed_hooks
[  3.930s] [EditMode] finished invoke_anchor_changed_hooks in 5.60ms
[  3.930s] [EditMode] starting fix_action_bar_nan_size
[  3.930s] [EditMode] finished fix_action_bar_nan_size in 73.10µs
[  3.930s] [EditMode] starting fix_action_bar_scale
[  3.930s] [EditMode] finished fix_action_bar_scale in 4.87µs
[  3.930s] [EditMode] starting reapply_player_frame_anchor
[  3.932s] [EditMode] finished reapply_player_frame_anchor in 1.78ms
[  3.941s] [Startup] end world enter sequence in 404.89ms
[  3.941s] [Startup] begin post-login events
[  3.941s] [Startup] Firing UNIT_AURA
[  3.942s] [Startup] Firing PET_UI_UPDATE
[  3.944s] [Startup] Firing BAG_UPDATE_DELAYED
[  3.946s] [Startup] Firing QUEST_LOG_UPDATE
[  3.947s] [Startup] Firing GROUP_ROSTER_UPDATE
[  4.046s] [Startup] Firing ACTIONBAR_UPDATE_STATE
[  4.046s] [Startup] Firing ACTIONBAR_UPDATE_COOLDOWN
[  4.048s] [Startup] Firing UPDATE_BONUS_ACTIONBAR
[  4.060s] [Startup] Firing PLAYER_CAN_GLIDE_CHANGED
[  4.060s] [Startup] Firing PLAYER_IS_GLIDING_CHANGED
[  4.060s] [Startup] Firing UPDATE_BINDINGS
[  4.064s] [Startup] Firing UPDATE_CHAT_WINDOWS
[  4.067s] [Startup] Firing LFG_UPDATE_RANDOM_INFO
[  4.068s] [Startup] end post-login events in 127.19ms
[  4.068s] [Startup] begin close startup special windows
[  4.068s] [Startup] end close startup special windows in 282.88µs
[  4.068s] [Startup] begin FIRST_FRAME_RENDERED
[  4.068s] [Startup] Firing FIRST_FRAME_RENDERED
[  4.068s] [Startup] end FIRST_FRAME_RENDERED in 183.43µs
[  4.068s] [Startup] begin unblock hidden splash alerts
[  4.068s] [Startup] end unblock hidden splash alerts in 15.46µs
[  4.068s] [Startup] begin post-event workarounds
[  4.068s] [Startup] end post-event workarounds in 852.00ns
