
running 1 test
test patch_11_0_7_publication_sweep::patch_11_0_7_publication_sweep ... ok

test result: ok. 1 passed; 0 failed; 0 ignored; 0 measured; 10822 filtered out; finished in 4.28s

warning: iced-wgpu-patched/Cargo.toml: `lints.clippy.large-enum-variant` is deprecated in favor of `lints.clippy.large_enum_variant` and will not work in a future edition
warning: iced-wgpu-patched/Cargo.toml: `lints.clippy.map-entry` is deprecated in favor of `lints.clippy.map_entry` and will not work in a future edition
warning: iced-wgpu-patched/Cargo.toml: `lints.clippy.match-wildcard-for-single-variants` is deprecated in favor of `lints.clippy.match_wildcard_for_single_variants` and will not work in a future edition
warning: iced-wgpu-patched/Cargo.toml: `lints.clippy.redundant-closure-for-method-calls` is deprecated in favor of `lints.clippy.redundant_closure_for_method_calls` and will not work in a future edition
warning: iced-wgpu-patched/Cargo.toml: `lints.clippy.trivially-copy-pass-by-ref` is deprecated in favor of `lints.clippy.trivially_copy_pass_by_ref` and will not work in a future edition
warning: iced-wgpu-patched/Cargo.toml: `lints.clippy.type-complexity` is deprecated in favor of `lints.clippy.type_complexity` and will not work in a future edition
warning: `iced_wgpu` (manifest) generated 6 warnings
    Finished `test` profile [optimized + debuginfo] target(s) in 0.20s
     Running tests/integration.rs (target/debug/deps/integration-aef10a2b503e13d5)
[  0.000s] [Startup] WowLuaEnv::new begin
[  0.003s] [Startup] SimState::default complete in 2.50ms
[  0.003s] [Startup] rilua VM created in 147.22µs
[  0.003s] [Startup] builtin frames initialized in 82.30µs
[  0.003s] [Startup] template registry cleared in 8.02µs
[  0.003s] [Startup] intrinsic templates registered in 9.46µs
[  0.003s] [Startup] initial app_data lua handle installed in 441.00ns
[  0.148s] [Startup] init_lua_state complete in 144.75ms
[  0.148s] [Startup] final app_data lua handle installed in 320.00ns
[  0.148s] [Startup] initial screen globals installed in 102.98µs
[  0.148s] [Startup] WowLuaEnv::new complete
[  2.826s] [Startup] apply_post_load_workarounds: begin
[  2.826s] [Workarounds] starting patch_edit_mode_manager
[  2.826s] [Workarounds] finished patch_edit_mode_manager in 309.79µs
[  2.826s] [Workarounds] starting init_edit_mode_layout
[  2.826s] [EditMode] starting setup_layout_info
[  2.830s] [EditMode] finished setup_layout_info in 3.60ms
[  2.830s] [EditMode] starting apply_system_anchors
[  2.982s] [EditMode] finished apply_system_anchors in 152.25ms
[  2.982s] [EditMode] starting finalize_action_bar_positions
[  2.984s] [EditMode] finished finalize_action_bar_positions in 1.79ms
[  2.984s] [EditMode] starting invoke_anchor_changed_hooks
[  2.984s] [EditMode] finished invoke_anchor_changed_hooks in 409.44µs
[  2.984s] [EditMode] starting fix_action_bar_nan_size
[  2.984s] [EditMode] finished fix_action_bar_nan_size in 42.71µs
[  2.984s] [EditMode] starting fix_action_bar_scale
[  2.984s] [EditMode] finished fix_action_bar_scale in 4.84µs
[  2.984s] [Workarounds] finished init_edit_mode_layout in 158.13ms
[  2.984s] [Workarounds] starting patch_ui_parent_panel_toggles
[  2.985s] [Workarounds] finished patch_ui_parent_panel_toggles in 243.46µs
[  2.985s] [Workarounds] starting patch_uiparent_onupdate_worklists
[  2.985s] [Workarounds] finished patch_uiparent_onupdate_worklists in 100.90µs
[  2.985s] [Workarounds] starting init_chat_type_colors
[  2.985s] [Workarounds] finished init_chat_type_colors in 120.69µs
[  2.985s] [Workarounds] starting patch_chat_voice_button_surface
[  2.985s] [Workarounds] finished patch_chat_voice_button_surface in 120.27µs
[  2.985s] [Workarounds] starting patch_item_socketing_tooltips
[  2.985s] [Workarounds] finished patch_item_socketing_tooltips in 58.75µs
[  2.985s] [Workarounds] starting patch_character_select_selected_name
[  2.985s] [Workarounds] finished patch_character_select_selected_name in 30.93µs
[  2.985s] [Workarounds] starting patch_character_create_defaults
[  2.985s] [Workarounds] finished patch_character_create_defaults in 234.31µs
[  2.985s] [Workarounds] starting patch_character_frame_title_refresh
[  2.991s] [Workarounds] finished patch_character_frame_title_refresh in 5.80ms
[  2.991s] [Workarounds] starting patch_vignette_pin_template
[  2.991s] [Workarounds] finished patch_vignette_pin_template in 99.79µs
[  2.991s] [Workarounds] starting patch_fog_of_war_pin_mixin
[  2.991s] [Workarounds] finished patch_fog_of_war_pin_mixin in 294.38µs
[  2.991s] [Workarounds] starting patch_map_exploration_pin_mixin
[  2.997s] [Workarounds] finished patch_map_exploration_pin_mixin in 5.99ms
[  2.997s] [Workarounds] starting patch_map_canvas_data_provider_attachment
[  2.998s] [Workarounds] finished patch_map_canvas_data_provider_attachment in 69.78µs
[  2.998s] [Workarounds] starting ensure_adventure_map_frame_surface
[  2.998s] [Workarounds] finished ensure_adventure_map_frame_surface in 468.68µs
[  2.998s] [Workarounds] starting patch_action_bar_button_event_fanout
[  2.998s] [Workarounds] finished patch_action_bar_button_event_fanout in 109.58µs
[  2.998s] [Workarounds] starting patch_paging_controls_page_text
[  2.998s] [Workarounds] finished patch_paging_controls_page_text in 39.49µs
[  2.998s] [Workarounds] starting patch_talent_edge_frame_level_sync
[  2.998s] [Workarounds] finished patch_talent_edge_frame_level_sync in 31.34µs
[  2.998s] [Workarounds] starting patch_catalog_shop_product_card_defaults
[  2.998s] [Workarounds] finished patch_catalog_shop_product_card_defaults in 64.73µs
[  2.998s] [Workarounds] starting patch_game_time_defaults
[  2.998s] [Workarounds] finished patch_game_time_defaults in 7.23µs
[  2.998s] [Workarounds] starting patch_tooltip_nineslice_surface
[  2.998s] [Workarounds] finished patch_tooltip_nineslice_surface in 43.26µs
[  2.998s] [Workarounds] starting patch_container_frame_token_tracker
[  2.998s] [Workarounds] finished patch_container_frame_token_tracker in 42.63µs
[  2.998s] [Workarounds] starting patch_achievement_display_set_achievements
[  2.998s] [Workarounds] finished patch_achievement_display_set_achievements in 8.50µs
[  2.998s] [Workarounds] starting patch_housing_dashboard_preload
[  2.999s] [Workarounds] finished patch_housing_dashboard_preload in 169.19µs
[  2.999s] [Workarounds] starting patch_lfg_lock_list
[  2.999s] [Workarounds] finished patch_lfg_lock_list in 37.31µs
[  2.999s] [Workarounds] starting patch_auction_house_browse_results_event
[  2.999s] [Workarounds] finished patch_auction_house_browse_results_event in 66.21µs
[  2.999s] [Workarounds] starting patch_auction_house_search_context_aliases
[  2.999s] [Workarounds] finished patch_auction_house_search_context_aliases in 28.60µs
[  2.999s] [Workarounds] starting patch_auth_challenge_frame_parent
[  2.999s] [Workarounds] finished patch_auth_challenge_frame_parent in 69.25µs
[  2.999s] [Workarounds] starting patch_settings_surface_defaults
[  2.999s] [Workarounds] finished patch_settings_surface_defaults in 357.87µs
[  2.999s] [Workarounds] starting patch_settings_canvas_layout_visibility
[  2.999s] [Workarounds] finished patch_settings_canvas_layout_visibility in 114.79µs
[  2.999s] [Startup] apply_post_load_workarounds: workarounds complete
[  3.071s] [Startup] apply_post_load_workarounds: globals restored
[  3.071s] [Startup] apply_post_load_workarounds: patch 12.1 compatibility restored
[  3.071s] [Startup] apply_post_load_workarounds: seterrorhandler restored
[  3.224s] [Startup] begin login sequence
[  3.224s] [Startup] Firing ADDON_LOADED
[  3.224s] [Startup] Firing VARIABLES_LOADED
[  3.329s] [Startup] Firing DISPLAY_SIZE_CHANGED
[  3.376s] [Startup] Firing UI_SCALE_CHANGED
[  3.377s] [Startup] Firing PLAYER_LOGIN
[  3.377s] [Startup] end login sequence in 153.16ms
[  3.377s] [Startup] begin world enter sequence
[  3.377s] [Startup] Skipping EDIT_MODE_LAYOUTS_UPDATED
[  3.377s] [Startup] Firing TIME_PLAYED_MSG via RequestTimePlayed
[  3.377s] [Startup] Firing PLAYER_ENTERING_WORLD
[  3.643s] [EditMode] starting setup_layout_info
[  3.647s] [EditMode] finished setup_layout_info in 4.62ms
[  3.647s] [EditMode] starting apply_system_anchors
[  3.829s] [EditMode] finished apply_system_anchors in 181.91ms
[  3.829s] [EditMode] starting finalize_action_bar_positions
[  3.833s] [EditMode] finished finalize_action_bar_positions in 3.38ms
[  3.833s] [EditMode] starting invoke_anchor_changed_hooks
[  3.839s] [EditMode] finished invoke_anchor_changed_hooks in 6.72ms
[  3.839s] [EditMode] starting fix_action_bar_nan_size
[  3.839s] [EditMode] finished fix_action_bar_nan_size in 108.89µs
[  3.839s] [EditMode] starting fix_action_bar_scale
[  3.839s] [EditMode] finished fix_action_bar_scale in 6.58µs
[  3.839s] [EditMode] starting reapply_player_frame_anchor
[  3.841s] [EditMode] finished reapply_player_frame_anchor in 1.91ms
[  3.851s] [Startup] end world enter sequence in 474.13ms
[  3.851s] [Startup] begin post-login events
[  3.853s] [Startup] Firing UNIT_AURA
[  3.854s] [Startup] Firing PET_UI_UPDATE
[  3.856s] [Startup] Firing BAG_UPDATE_DELAYED
[  3.858s] [Startup] Firing QUEST_LOG_UPDATE
[  3.860s] [Startup] Firing GROUP_ROSTER_UPDATE
[  3.970s] [Startup] Firing ACTIONBAR_UPDATE_STATE
[  3.970s] [Startup] Firing ACTIONBAR_UPDATE_COOLDOWN
[  3.971s] [Startup] Firing UPDATE_BONUS_ACTIONBAR
[  3.983s] [Startup] Firing PLAYER_CAN_GLIDE_CHANGED
[  3.983s] [Startup] Firing PLAYER_IS_GLIDING_CHANGED
[  3.983s] [Startup] Firing UPDATE_BINDINGS
[  3.986s] [Startup] Firing UPDATE_CHAT_WINDOWS
[  3.989s] [Startup] Firing LFG_UPDATE_RANDOM_INFO
[  3.990s] [Startup] end post-login events in 138.45ms
[  3.990s] [Startup] begin close startup special windows
[  3.990s] [Startup] end close startup special windows in 311.17µs
[  3.990s] [Startup] begin FIRST_FRAME_RENDERED
[  3.990s] [Startup] Firing FIRST_FRAME_RENDERED
[  3.990s] [Startup] end FIRST_FRAME_RENDERED in 209.60µs
[  3.990s] [Startup] begin unblock hidden splash alerts
[  3.990s] [Startup] end unblock hidden splash alerts in 21.32µs
[  3.990s] [Startup] begin post-event workarounds
[  3.990s] [Startup] end post-event workarounds in 1.68µs
