
running 1 test
test patch_10_2_7_publication_sweep::patch_10_2_7_publication_sweep ... ok

test result: ok. 1 passed; 0 failed; 0 ignored; 0 measured; 10822 filtered out; finished in 6.19s

warning: iced-wgpu-patched/Cargo.toml: `lints.clippy.large-enum-variant` is deprecated in favor of `lints.clippy.large_enum_variant` and will not work in a future edition
warning: iced-wgpu-patched/Cargo.toml: `lints.clippy.map-entry` is deprecated in favor of `lints.clippy.map_entry` and will not work in a future edition
warning: iced-wgpu-patched/Cargo.toml: `lints.clippy.match-wildcard-for-single-variants` is deprecated in favor of `lints.clippy.match_wildcard_for_single_variants` and will not work in a future edition
warning: iced-wgpu-patched/Cargo.toml: `lints.clippy.redundant-closure-for-method-calls` is deprecated in favor of `lints.clippy.redundant_closure_for_method_calls` and will not work in a future edition
warning: iced-wgpu-patched/Cargo.toml: `lints.clippy.trivially-copy-pass-by-ref` is deprecated in favor of `lints.clippy.trivially_copy_pass_by_ref` and will not work in a future edition
warning: iced-wgpu-patched/Cargo.toml: `lints.clippy.type-complexity` is deprecated in favor of `lints.clippy.type_complexity` and will not work in a future edition
warning: `iced_wgpu` (manifest) generated 6 warnings
    Finished `test` profile [optimized + debuginfo] target(s) in 0.28s
     Running tests/integration.rs (target/debug/deps/integration-aef10a2b503e13d5)
[  0.000s] [Startup] WowLuaEnv::new begin
[  0.006s] [Startup] SimState::default complete in 5.91ms
[  0.006s] [Startup] rilua VM created in 132.94µs
[  0.006s] [Startup] builtin frames initialized in 83.74µs
[  0.006s] [Startup] template registry cleared in 9.54µs
[  0.006s] [Startup] intrinsic templates registered in 9.36µs
[  0.006s] [Startup] initial app_data lua handle installed in 551.00ns
[  0.153s] [Startup] init_lua_state complete in 147.12ms
[  0.153s] [Startup] final app_data lua handle installed in 210.00ns
[  0.153s] [Startup] initial screen globals installed in 107.15µs
[  0.153s] [Startup] WowLuaEnv::new complete
[  2.664s] [Startup] apply_post_load_workarounds: begin
[  2.664s] [Workarounds] starting patch_edit_mode_manager
[  2.664s] [Workarounds] finished patch_edit_mode_manager in 303.08µs
[  2.664s] [Workarounds] starting init_edit_mode_layout
[  2.664s] [EditMode] starting setup_layout_info
[  2.668s] [EditMode] finished setup_layout_info in 3.36ms
[  2.668s] [EditMode] starting apply_system_anchors
[  2.816s] [EditMode] finished apply_system_anchors in 148.01ms
[  2.816s] [EditMode] starting finalize_action_bar_positions
[  2.817s] [EditMode] finished finalize_action_bar_positions in 1.73ms
[  2.817s] [EditMode] starting invoke_anchor_changed_hooks
[  2.818s] [EditMode] finished invoke_anchor_changed_hooks in 392.30µs
[  2.818s] [EditMode] starting fix_action_bar_nan_size
[  2.818s] [EditMode] finished fix_action_bar_nan_size in 42.80µs
[  2.818s] [EditMode] starting fix_action_bar_scale
[  2.818s] [EditMode] finished fix_action_bar_scale in 4.64µs
[  2.818s] [Workarounds] finished init_edit_mode_layout in 153.58ms
[  2.818s] [Workarounds] starting patch_ui_parent_panel_toggles
[  2.818s] [Workarounds] finished patch_ui_parent_panel_toggles in 235.71µs
[  2.818s] [Workarounds] starting patch_uiparent_onupdate_worklists
[  2.818s] [Workarounds] finished patch_uiparent_onupdate_worklists in 95.23µs
[  2.818s] [Workarounds] starting init_chat_type_colors
[  2.818s] [Workarounds] finished init_chat_type_colors in 112.27µs
[  2.818s] [Workarounds] starting patch_chat_voice_button_surface
[  2.818s] [Workarounds] finished patch_chat_voice_button_surface in 124.14µs
[  2.818s] [Workarounds] starting patch_item_socketing_tooltips
[  2.818s] [Workarounds] finished patch_item_socketing_tooltips in 56.62µs
[  2.818s] [Workarounds] starting patch_character_select_selected_name
[  2.818s] [Workarounds] finished patch_character_select_selected_name in 29.18µs
[  2.818s] [Workarounds] starting patch_character_create_defaults
[  2.819s] [Workarounds] finished patch_character_create_defaults in 220.91µs
[  2.819s] [Workarounds] starting patch_character_frame_title_refresh
[  2.824s] [Workarounds] finished patch_character_frame_title_refresh in 5.48ms
[  2.824s] [Workarounds] starting patch_vignette_pin_template
[  2.824s] [Workarounds] finished patch_vignette_pin_template in 93.35µs
[  2.824s] [Workarounds] starting patch_fog_of_war_pin_mixin
[  2.825s] [Workarounds] finished patch_fog_of_war_pin_mixin in 340.55µs
[  2.825s] [Workarounds] starting patch_map_exploration_pin_mixin
[  2.831s] [Workarounds] finished patch_map_exploration_pin_mixin in 6.00ms
[  2.831s] [Workarounds] starting patch_map_canvas_data_provider_attachment
[  2.831s] [Workarounds] finished patch_map_canvas_data_provider_attachment in 82.34µs
[  2.831s] [Workarounds] starting ensure_adventure_map_frame_surface
[  2.831s] [Workarounds] finished ensure_adventure_map_frame_surface in 479.55µs
[  2.831s] [Workarounds] starting patch_action_bar_button_event_fanout
[  2.831s] [Workarounds] finished patch_action_bar_button_event_fanout in 107.87µs
[  2.831s] [Workarounds] starting patch_paging_controls_page_text
[  2.831s] [Workarounds] finished patch_paging_controls_page_text in 45.02µs
[  2.831s] [Workarounds] starting patch_talent_edge_frame_level_sync
[  2.831s] [Workarounds] finished patch_talent_edge_frame_level_sync in 30.65µs
[  2.831s] [Workarounds] starting patch_catalog_shop_product_card_defaults
[  2.831s] [Workarounds] finished patch_catalog_shop_product_card_defaults in 62.72µs
[  2.831s] [Workarounds] starting patch_game_time_defaults
[  2.831s] [Workarounds] finished patch_game_time_defaults in 7.05µs
[  2.831s] [Workarounds] starting patch_tooltip_nineslice_surface
[  2.831s] [Workarounds] finished patch_tooltip_nineslice_surface in 43.36µs
[  2.831s] [Workarounds] starting patch_container_frame_token_tracker
[  2.832s] [Workarounds] finished patch_container_frame_token_tracker in 41.65µs
[  2.832s] [Workarounds] starting patch_achievement_display_set_achievements
[  2.832s] [Workarounds] finished patch_achievement_display_set_achievements in 8.75µs
[  2.832s] [Workarounds] starting patch_housing_dashboard_preload
[  2.832s] [Workarounds] finished patch_housing_dashboard_preload in 165.92µs
[  2.832s] [Workarounds] starting patch_lfg_lock_list
[  2.832s] [Workarounds] finished patch_lfg_lock_list in 37.32µs
[  2.832s] [Workarounds] starting patch_auction_house_browse_results_event
[  2.832s] [Workarounds] finished patch_auction_house_browse_results_event in 65.27µs
[  2.832s] [Workarounds] starting patch_auction_house_search_context_aliases
[  2.832s] [Workarounds] finished patch_auction_house_search_context_aliases in 28.37µs
[  2.832s] [Workarounds] starting patch_auth_challenge_frame_parent
[  2.832s] [Workarounds] finished patch_auth_challenge_frame_parent in 68.81µs
[  2.832s] [Workarounds] starting patch_settings_surface_defaults
[  2.832s] [Workarounds] finished patch_settings_surface_defaults in 349.79µs
[  2.832s] [Workarounds] starting patch_settings_canvas_layout_visibility
[  2.832s] [Workarounds] finished patch_settings_canvas_layout_visibility in 116.93µs
[  2.832s] [Startup] apply_post_load_workarounds: workarounds complete
[  2.900s] [Startup] apply_post_load_workarounds: globals restored
[  2.900s] [Startup] apply_post_load_workarounds: patch 12.1 compatibility restored
[  2.900s] [Startup] apply_post_load_workarounds: seterrorhandler restored
[  3.043s] [Startup] begin login sequence
[  3.043s] [Startup] Firing ADDON_LOADED
[  3.043s] [Startup] Firing VARIABLES_LOADED
[  3.145s] [Startup] Firing DISPLAY_SIZE_CHANGED
[  3.189s] [Startup] Firing UI_SCALE_CHANGED
[  3.190s] [Startup] Firing PLAYER_LOGIN
[  3.190s] [Startup] end login sequence in 147.31ms
[  3.190s] [Startup] begin world enter sequence
[  3.190s] [Startup] Skipping EDIT_MODE_LAYOUTS_UPDATED
[  3.190s] [Startup] Firing TIME_PLAYED_MSG via RequestTimePlayed
[  3.190s] [Startup] Firing PLAYER_ENTERING_WORLD
[  3.445s] [EditMode] starting setup_layout_info
[  3.450s] [EditMode] finished setup_layout_info in 4.66ms
[  3.450s] [EditMode] starting apply_system_anchors
[  3.594s] [EditMode] finished apply_system_anchors in 144.45ms
[  3.594s] [EditMode] starting finalize_action_bar_positions
[  3.597s] [EditMode] finished finalize_action_bar_positions in 2.70ms
[  3.597s] [EditMode] starting invoke_anchor_changed_hooks
[  3.603s] [EditMode] finished invoke_anchor_changed_hooks in 5.73ms
[  3.603s] [EditMode] starting fix_action_bar_nan_size
[  3.603s] [EditMode] finished fix_action_bar_nan_size in 76.83µs
[  3.603s] [EditMode] starting fix_action_bar_scale
[  3.603s] [EditMode] finished fix_action_bar_scale in 5.04µs
[  3.603s] [EditMode] starting reapply_player_frame_anchor
[  3.604s] [EditMode] finished reapply_player_frame_anchor in 1.43ms
[  3.613s] [Startup] end world enter sequence in 422.68ms
[  3.613s] [Startup] begin post-login events
[  3.614s] [Startup] Firing UNIT_AURA
[  3.615s] [Startup] Firing PET_UI_UPDATE
[  3.616s] [Startup] Firing BAG_UPDATE_DELAYED
[  3.618s] [Startup] Firing QUEST_LOG_UPDATE
[  3.619s] [Startup] Firing GROUP_ROSTER_UPDATE
[  3.711s] [Startup] Firing ACTIONBAR_UPDATE_STATE
[  3.711s] [Startup] Firing ACTIONBAR_UPDATE_COOLDOWN
[  3.712s] [Startup] Firing UPDATE_BONUS_ACTIONBAR
[  3.724s] [Startup] Firing PLAYER_CAN_GLIDE_CHANGED
[  3.724s] [Startup] Firing PLAYER_IS_GLIDING_CHANGED
[  3.724s] [Startup] Firing UPDATE_BINDINGS
[  3.727s] [Startup] Firing UPDATE_CHAT_WINDOWS
[  3.731s] [Startup] Firing LFG_UPDATE_RANDOM_INFO
[  3.732s] [Startup] end post-login events in 119.02ms
[  3.732s] [Startup] begin close startup special windows
[  3.732s] [Startup] end close startup special windows in 287.32µs
[  3.732s] [Startup] begin FIRST_FRAME_RENDERED
[  3.732s] [Startup] Firing FIRST_FRAME_RENDERED
[  3.732s] [Startup] end FIRST_FRAME_RENDERED in 175.94µs
[  3.732s] [Startup] begin unblock hidden splash alerts
[  3.732s] [Startup] end unblock hidden splash alerts in 14.94µs
[  3.732s] [Startup] begin post-event workarounds
[  3.732s] [Startup] end post-event workarounds in 871.00ns
