warning: iced-wgpu-patched/Cargo.toml: `lints.clippy.large-enum-variant` is deprecated in favor of `lints.clippy.large_enum_variant` and will not work in a future edition
warning: iced-wgpu-patched/Cargo.toml: `lints.clippy.map-entry` is deprecated in favor of `lints.clippy.map_entry` and will not work in a future edition
warning: iced-wgpu-patched/Cargo.toml: `lints.clippy.match-wildcard-for-single-variants` is deprecated in favor of `lints.clippy.match_wildcard_for_single_variants` and will not work in a future edition
warning: iced-wgpu-patched/Cargo.toml: `lints.clippy.redundant-closure-for-method-calls` is deprecated in favor of `lints.clippy.redundant_closure_for_method_calls` and will not work in a future edition
warning: iced-wgpu-patched/Cargo.toml: `lints.clippy.trivially-copy-pass-by-ref` is deprecated in favor of `lints.clippy.trivially_copy_pass_by_ref` and will not work in a future edition
warning: iced-wgpu-patched/Cargo.toml: `lints.clippy.type-complexity` is deprecated in favor of `lints.clippy.type_complexity` and will not work in a future edition
warning: `iced_wgpu` (manifest) generated 6 warnings
   Compiling wow-ui-sim v0.1.0 (/home/osso/.worktrees/wow-ui-sim-p341-factory)
warning: constant `PROVENANCE_SCHEMA` is never used
  --> src/blizzard_ui_sync.rs:28:7
   |
28 | const PROVENANCE_SCHEMA: &str = "1";
   |       ^^^^^^^^^^^^^^^^^
   |
   = note: `#[warn(dead_code)]` (part of `#[warn(unused)]`) on by default

warning: associated function `new` is never used
   --> src/blizzard_ui_sync.rs:180:8
    |
179 | impl CacheProvenance {
    | -------------------- associated function in this implementation
180 |     fn new(
    |        ^^^

warning: function `remove_missing_marker` is never used
   --> src/blizzard_ui_sync.rs:663:4
    |
663 | fn remove_missing_marker(path: &Path) {
    |    ^^^^^^^^^^^^^^^^^^^^^

warning: function `ensure_known_asset_cached` is never used
  --> src/casc_asset_fallback.rs:93:15
   |
93 | pub(crate) fn ensure_known_asset_cached(_path: &str, _out_path: &Path) -> Option<PathBuf> {
   |               ^^^^^^^^^^^^^^^^^^^^^^^^^

warning: field `encoding_key_hex` is never read
  --> src/render/font.rs:44:5
   |
41 | struct WowFontFile {
   |        ----------- field in this struct
...
44 |     encoding_key_hex: Option<&'static str>,
   |     ^^^^^^^^^^^^^^^^

warning: methods `cooldown_elapsed_since_start` and `cooldown_remaining_seconds` are never used
   --> src/widget/frame.rs:601:19
    |
600 | impl Frame {
    | ---------- methods in this implementation
601 |     pub(crate) fn cooldown_elapsed_since_start(&self, elapsed_secs: f64) -> f64 {
    |                   ^^^^^^^^^^^^^^^^^^^^^^^^^^^^
...
610 |     pub(crate) fn cooldown_remaining_seconds(&self, elapsed_secs: f64) -> Option<f64> {
    |                   ^^^^^^^^^^^^^^^^^^^^^^^^^^

warning: `wow-ui-sim` (lib) generated 6 warnings
warning: unused import: `wow_ui_sim::saved_variables::SavedVariablesManager`
  --> src/bin/wow_sim/main.rs:20:5
   |
20 | use wow_ui_sim::saved_variables::SavedVariablesManager;
   |     ^^^^^^^^^^^^^^^^^^^^^^^^^^^^^^^^^^^^^^^^^^^^^^^^^^
   |
   = note: `#[warn(unused_imports)]` (part of `#[warn(unused)]`) on by default

warning: `wow-ui-sim` (bin "wow-sim") generated 1 warning (run `cargo fix --bin "wow-sim" -p wow-ui-sim` to apply 1 suggestion)
    Finished `test` profile [optimized + debuginfo] target(s) in 12.76s
     Running tests/patch_3_4_1_factory.rs (target/debug/deps/patch_3_4_1_factory-3ee1344498d0b823)
[  0.000s] [Startup] WowLuaEnv::new begin
[  0.002s] [Startup] SimState::default complete in 1.55ms
[  0.002s] [Startup] rilua VM created in 108.38µs
[  0.002s] [Startup] builtin frames initialized in 57.90µs
[  0.002s] [Startup] template registry cleared in 4.46µs
[  0.002s] [Startup] intrinsic templates registered in 5.86µs
[  0.002s] [Startup] initial app_data lua handle installed in 511.00ns
[  0.095s] [Startup] init_lua_state complete in 92.74ms
[  0.095s] [Startup] final app_data lua handle installed in 171.00ns
[  0.095s] [Startup] initial screen globals installed in 48.10µs
[  0.095s] [Startup] WowLuaEnv::new complete
console catalog control: (true, 0); LogFps probe: ("command", "Command record present=false", false, None, None)
[  0.103s] [Startup] WowLuaEnv::new begin
[  0.104s] [Startup] SimState::default complete in 1.15ms
[  0.104s] [Startup] rilua VM created in 61.83µs
[  0.104s] [Startup] builtin frames initialized in 20.22µs
[  0.104s] [Startup] template registry cleared in 2.67µs
[  0.104s] [Startup] intrinsic templates registered in 5.11µs
[  0.104s] [Startup] initial app_data lua handle installed in 431.00ns
[  0.156s] [Startup] init_lua_state complete in 51.91ms
[  0.156s] [Startup] final app_data lua handle installed in 171.00ns
[  0.156s] [Startup] initial screen globals installed in 45.64µs
[  0.156s] [Startup] WowLuaEnv::new complete
[  0.173s] [Startup] WowLuaEnv::new begin
[  0.174s] [Startup] SimState::default complete in 1.09ms
[  0.174s] [Startup] rilua VM created in 59.66µs
[  0.174s] [Startup] builtin frames initialized in 18.38µs
[  0.174s] [Startup] template registry cleared in 2.36µs
[  0.174s] [Startup] intrinsic templates registered in 3.70µs
[  0.174s] [Startup] initial app_data lua handle installed in 190.00ns
[  0.225s] [Startup] init_lua_state complete in 51.20ms
[  0.225s] [Startup] final app_data lua handle installed in 240.00ns
[  0.225s] [Startup] initial screen globals installed in 45.87µs
[  0.225s] [Startup] WowLuaEnv::new complete

thread 'factory_rejects_foreign_client_before_reading_cache' (2830613) panicked at tests/common/publication_sweep.rs:530:5:
register client line does not match active profile
note: run with `RUST_BACKTRACE=1` environment variable to display a backtrace
[  0.229s] [Startup] WowLuaEnv::new begin
[  0.230s] [Startup] SimState::default complete in 1.00ms
[  0.230s] [Startup] rilua VM created in 58.02µs
[  0.230s] [Startup] builtin frames initialized in 17.21µs
[  0.230s] [Startup] template registry cleared in 1.91µs
[  0.230s] [Startup] intrinsic templates registered in 4.14µs
[  0.230s] [Startup] initial app_data lua handle installed in 280.00ns
[  0.282s] [Startup] init_lua_state complete in 51.20ms
[  0.282s] [Startup] final app_data lua handle installed in 181.00ns
[  0.282s] [Startup] initial screen globals installed in 44.21µs
[  0.282s] [Startup] WowLuaEnv::new complete
CVar default mismatch wt-cvars-CMAA2HalfFloat-302: page=Some("0"), observed=Some("1")
CVar default mismatch wt-cvars-interactQuestItems-312: page=Some("0"), observed=Some("1")
CVar default mismatch wt-cvars-luaErrorExceptions-314: page=Some("1"), observed=None
CVar default mismatch wt-cvars-SoftTargetEnemyRange-320: page=Some("45"), observed=Some("45.000000")
CVar default mismatch wt-cvars-SoftTargetEnemy-321: page=Some("0"), observed=Some("1")
CVar default mismatch wt-cvars-SoftTargetFriendRange-324: page=Some("45"), observed=Some("45.000000")
CVar default mismatch wt-cvars-SoftTargetInteractRange-332: page=Some("10"), observed=Some("10.000000")
CVar default mismatch wt-cvars-SoftTargetInteract-333: page=Some("0"), observed=Some("1")
CVar default mismatch wt-cvars-SoftTargetWorldtextFarDist-346: page=Some("40"), observed=Some("40.000000")
CVar default mismatch wt-cvars-SoftTargetWorldtextNearDist-347: page=Some("4"), observed=Some("4.000000")
CVar default mismatch wt-cvars-SoftTargetWorldtextNearScale-348: page=Some("1"), observed=Some("1.000000")
CVar default mismatch wt-cvars-SoftTargetWorldtextSize-349: page=Some("32"), observed=Some("32.000000")
CVar default mismatch wt-cvars-TargetAutoEnemy-350: page=Some("0"), observed=Some("1")
CVar default mismatch wt-cvars-TargetAutoFriend-351: page=Some("0"), observed=Some("1")
CVar default mismatch wt-cvars-TTSUseCharacterSettings-353: page=Some("1"), observed=None
CVar default mismatch wt-cvars-uieditor_enabled-354: page=Some("0"), observed=None
CVar default mismatch wt-cvars-validateFrameXML-359: page=Some("0"), observed=Some("1")
CVar default mismatch wt-cvars-WorldTextMinAlpha-360: page=Some("0.5"), observed=None
CVar default mismatch wt-cvars-WorldTextMinSize-361: page=Some("0"), observed=Some("0.000000")
[  0.375s] [Startup] WowLuaEnv::new begin
[  0.376s] [Startup] SimState::default complete in 1.15ms
[  0.376s] [Startup] rilua VM created in 64.92µs
[  0.376s] [Startup] builtin frames initialized in 25.36µs
[  0.376s] [Startup] template registry cleared in 2.98µs
[  0.376s] [Startup] intrinsic templates registered in 5.22µs
[  0.376s] [Startup] initial app_data lua handle installed in 201.00ns
[  0.429s] [Startup] init_lua_state complete in 52.60ms
[  0.429s] [Startup] final app_data lua handle installed in 150.00ns
[  0.429s] [Startup] initial screen globals installed in 45.01µs
[  0.429s] [Startup] WowLuaEnv::new complete
event discrimination control: (true, true)
