warning: iced-wgpu-patched/Cargo.toml: `lints.clippy.large-enum-variant` is deprecated in favor of `lints.clippy.large_enum_variant` and will not work in a future edition
warning: iced-wgpu-patched/Cargo.toml: `lints.clippy.map-entry` is deprecated in favor of `lints.clippy.map_entry` and will not work in a future edition
warning: iced-wgpu-patched/Cargo.toml: `lints.clippy.match-wildcard-for-single-variants` is deprecated in favor of `lints.clippy.match_wildcard_for_single_variants` and will not work in a future edition
warning: iced-wgpu-patched/Cargo.toml: `lints.clippy.redundant-closure-for-method-calls` is deprecated in favor of `lints.clippy.redundant_closure_for_method_calls` and will not work in a future edition
warning: iced-wgpu-patched/Cargo.toml: `lints.clippy.trivially-copy-pass-by-ref` is deprecated in favor of `lints.clippy.trivially_copy_pass_by_ref` and will not work in a future edition
warning: iced-wgpu-patched/Cargo.toml: `lints.clippy.type-complexity` is deprecated in favor of `lints.clippy.type_complexity` and will not work in a future edition
warning: `iced_wgpu` (manifest) generated 6 warnings
    Finished `test` profile [optimized + debuginfo] target(s) in 0.29s
     Running tests/prefork_full_ui.rs (/home/osso/.cache/wow-ui-sim-targets/p730-page/debug/deps/prefork_full_ui-21dd5c807fe7a7b6)
[  0.000s] [Startup] WowLuaEnv::new begin
[  0.002s] [Startup] SimState::default complete in 2.16ms
[  0.002s] [Startup] rilua VM created in 119.45µs
[  0.002s] [Startup] builtin frames initialized in 76.98µs
[  0.002s] [Startup] template registry cleared in 9.09µs
[  0.002s] [Startup] intrinsic templates registered in 7.32µs
[  0.002s] [Startup] initial app_data lua handle installed in 762.00ns
[  0.192s] [Startup] init_lua_state complete in 190.00ms
[  0.192s] [Startup] final app_data lua handle installed in 401.00ns
[  0.193s] [Startup] initial screen globals installed in 111.10µs
[  0.193s] [Startup] WowLuaEnv::new complete
[  3.205s] [Startup] apply_post_load_workarounds: begin
[  3.205s] [Workarounds] starting patch_edit_mode_manager
[  3.205s] [Workarounds] finished patch_edit_mode_manager in 370.94µs
[  3.205s] [Workarounds] starting init_edit_mode_layout
[  3.205s] [EditMode] starting setup_layout_info
[  3.210s] [EditMode] finished setup_layout_info in 4.12ms
[  3.210s] [EditMode] starting apply_system_anchors
[  3.373s] [EditMode] finished apply_system_anchors in 163.68ms
[  3.373s] [EditMode] starting finalize_action_bar_positions
[  3.376s] [EditMode] finished finalize_action_bar_positions in 2.40ms
[  3.376s] [EditMode] starting invoke_anchor_changed_hooks
[  3.376s] [EditMode] finished invoke_anchor_changed_hooks in 502.12µs
[  3.376s] [EditMode] starting fix_action_bar_nan_size
[  3.376s] [EditMode] finished fix_action_bar_nan_size in 51.20µs
[  3.376s] [EditMode] starting fix_action_bar_scale
[  3.376s] [EditMode] finished fix_action_bar_scale in 5.10µs
[  3.376s] [Workarounds] finished init_edit_mode_layout in 170.84ms
[  3.376s] [Workarounds] starting patch_ui_parent_panel_toggles
[  3.377s] [Workarounds] finished patch_ui_parent_panel_toggles in 253.40µs
[  3.377s] [Workarounds] starting patch_uiparent_onupdate_worklists
[  3.377s] [Workarounds] finished patch_uiparent_onupdate_worklists in 101.64µs
[  3.377s] [Workarounds] starting init_chat_type_colors
[  3.377s] [Workarounds] finished init_chat_type_colors in 142.09µs
[  3.377s] [Workarounds] starting patch_chat_voice_button_surface
[  3.377s] [Workarounds] finished patch_chat_voice_button_surface in 149.29µs
[  3.377s] [Workarounds] starting patch_item_socketing_tooltips
[  3.377s] [Workarounds] finished patch_item_socketing_tooltips in 61.19µs
[  3.377s] [Workarounds] starting patch_character_select_selected_name
[  3.377s] [Workarounds] finished patch_character_select_selected_name in 30.02µs
[  3.377s] [Workarounds] starting patch_character_create_defaults
[  3.377s] [Workarounds] finished patch_character_create_defaults in 240.38µs
[  3.377s] [Workarounds] starting patch_character_frame_title_refresh
[  3.384s] [Workarounds] finished patch_character_frame_title_refresh in 6.23ms
[  3.384s] [Workarounds] starting patch_vignette_pin_template
[  3.384s] [Workarounds] finished patch_vignette_pin_template in 137.66µs
[  3.384s] [Workarounds] starting patch_fog_of_war_pin_mixin
[  3.384s] [Workarounds] finished patch_fog_of_war_pin_mixin in 309.60µs
[  3.384s] [Workarounds] starting patch_map_exploration_pin_mixin
[  3.390s] [Workarounds] finished patch_map_exploration_pin_mixin in 6.28ms
[  3.390s] [Workarounds] starting patch_map_canvas_data_provider_attachment
[  3.390s] [Workarounds] finished patch_map_canvas_data_provider_attachment in 81.90µs
[  3.390s] [Workarounds] starting ensure_adventure_map_frame_surface
[  3.391s] [Workarounds] finished ensure_adventure_map_frame_surface in 622.20µs
[  3.391s] [Workarounds] starting patch_action_bar_button_event_fanout
[  3.391s] [Workarounds] finished patch_action_bar_button_event_fanout in 128.54µs
[  3.391s] [Workarounds] starting patch_paging_controls_page_text
[  3.391s] [Workarounds] finished patch_paging_controls_page_text in 44.08µs
[  3.391s] [Workarounds] starting patch_talent_edge_frame_level_sync
[  3.391s] [Workarounds] finished patch_talent_edge_frame_level_sync in 31.22µs
[  3.391s] [Workarounds] starting patch_catalog_shop_product_card_defaults
[  3.391s] [Workarounds] finished patch_catalog_shop_product_card_defaults in 65.34µs
[  3.391s] [Workarounds] starting patch_game_time_defaults
[  3.391s] [Workarounds] finished patch_game_time_defaults in 7.79µs
[  3.391s] [Workarounds] starting patch_tooltip_nineslice_surface
[  3.391s] [Workarounds] finished patch_tooltip_nineslice_surface in 46.07µs
[  3.391s] [Workarounds] starting patch_container_frame_token_tracker
[  3.391s] [Workarounds] finished patch_container_frame_token_tracker in 45.66µs
[  3.391s] [Workarounds] starting patch_achievement_display_set_achievements
[  3.391s] [Workarounds] finished patch_achievement_display_set_achievements in 9.96µs
[  3.391s] [Workarounds] starting patch_housing_dashboard_preload
[  3.392s] [Workarounds] finished patch_housing_dashboard_preload in 195.06µs
[  3.392s] [Workarounds] starting patch_lfg_lock_list
[  3.392s] [Workarounds] finished patch_lfg_lock_list in 42.12µs
[  3.392s] [Workarounds] starting patch_auction_house_browse_results_event
[  3.392s] [Workarounds] finished patch_auction_house_browse_results_event in 65.63µs
[  3.392s] [Workarounds] starting patch_auction_house_search_context_aliases
[  3.392s] [Workarounds] finished patch_auction_house_search_context_aliases in 30.14µs
[  3.392s] [Workarounds] starting patch_auth_challenge_frame_parent
[  3.392s] [Workarounds] finished patch_auth_challenge_frame_parent in 80.79µs
[  3.392s] [Workarounds] starting patch_settings_surface_defaults
[  3.392s] [Workarounds] finished patch_settings_surface_defaults in 438.92µs
[  3.392s] [Workarounds] starting patch_settings_canvas_layout_visibility
[  3.392s] [Workarounds] finished patch_settings_canvas_layout_visibility in 124.17µs
[  3.392s] [Startup] apply_post_load_workarounds: workarounds complete
[  3.481s] [Startup] apply_post_load_workarounds: globals restored
[  3.482s] [Startup] apply_post_load_workarounds: patch 12.1 compatibility restored
[  3.482s] [Startup] apply_post_load_workarounds: seterrorhandler restored
[  3.702s] [Startup] begin login sequence
[  3.702s] [Startup] Firing ADDON_LOADED
[  3.702s] [Startup] Firing VARIABLES_LOADED
[  3.845s] [Startup] Firing DISPLAY_SIZE_CHANGED
[  3.935s] [Startup] Firing UI_SCALE_CHANGED
[  3.937s] [Startup] Firing PLAYER_LOGIN
[  3.937s] [Startup] end login sequence in 234.67ms
[  3.937s] [Startup] begin world enter sequence
[  3.937s] [Startup] Skipping EDIT_MODE_LAYOUTS_UPDATED
[  3.937s] [Startup] Firing TIME_PLAYED_MSG via RequestTimePlayed
[  3.937s] [Startup] Firing PLAYER_ENTERING_WORLD
[  4.304s] [EditMode] starting setup_layout_info
[  4.311s] [EditMode] finished setup_layout_info in 7.16ms
[  4.311s] [EditMode] starting apply_system_anchors
[  4.510s] [EditMode] finished apply_system_anchors in 198.97ms
[  4.510s] [EditMode] starting finalize_action_bar_positions
[  4.515s] [EditMode] finished finalize_action_bar_positions in 5.15ms
[  4.515s] [EditMode] starting invoke_anchor_changed_hooks
[  4.525s] [EditMode] finished invoke_anchor_changed_hooks in 9.70ms
[  4.525s] [EditMode] starting fix_action_bar_nan_size
[  4.525s] [EditMode] finished fix_action_bar_nan_size in 119.23µs
[  4.525s] [EditMode] starting fix_action_bar_scale
[  4.525s] [EditMode] finished fix_action_bar_scale in 9.19µs
[  4.525s] [EditMode] starting reapply_player_frame_anchor
[  4.527s] [EditMode] finished reapply_player_frame_anchor in 1.98ms
[  4.537s] [Startup] end world enter sequence in 600.52ms
[  4.537s] [Startup] begin post-login events
[  4.539s] [Startup] Firing UNIT_AURA
[  4.541s] [Startup] Firing PET_UI_UPDATE
[  4.544s] [Startup] Firing BAG_UPDATE_DELAYED
[  4.546s] [Startup] Firing QUEST_LOG_UPDATE
[  4.548s] [Startup] Firing GROUP_ROSTER_UPDATE
[  4.673s] [Startup] Firing ACTIONBAR_UPDATE_STATE
[  4.673s] [Startup] Firing ACTIONBAR_UPDATE_COOLDOWN
[  4.674s] [Startup] Firing UPDATE_BONUS_ACTIONBAR
[  4.689s] [Startup] Firing PLAYER_CAN_GLIDE_CHANGED
[  4.689s] [Startup] Firing PLAYER_IS_GLIDING_CHANGED
[  4.689s] [Startup] Firing UPDATE_BINDINGS
[  4.694s] [Startup] Firing UPDATE_CHAT_WINDOWS
[  4.697s] [Startup] Firing LFG_UPDATE_RANDOM_INFO
[  4.699s] [Startup] end post-login events in 161.10ms
[  4.699s] [Startup] begin close startup special windows
[  4.699s] [Startup] end close startup special windows in 380.43µs
[  4.699s] [Startup] begin FIRST_FRAME_RENDERED
[  4.699s] [Startup] Firing FIRST_FRAME_RENDERED
[  4.699s] [Startup] end FIRST_FRAME_RENDERED in 237.19µs
[  4.699s] [Startup] begin unblock hidden splash alerts
[  4.699s] [Startup] end unblock hidden splash alerts in 17.36µs
[  4.699s] [Startup] begin post-event workarounds
[  4.699s] [Startup] end post-event workarounds in 1.54µs
running 14 tests
test blizzard_game_menu_loads::blizzard_game_menu_is_addon_loaded_returns_true_after_full_game_ui_load ... ok
test blizzard_game_menu_loads::blizzard_game_menu_exit_button_requests_quit_after_full_game_load ... ok
test blizzard_game_menu_loads::blizzard_game_menu_loads_via_full_game_ui_without_errors ... ok
test blizzard_game_menu_loads::blizzard_game_menu_publishes_button_init_and_callback_methods ... ok
test blizzard_game_menu_loads::blizzard_game_menu_publishes_lifecycle_methods_via_mixin ... ok
test blizzard_game_menu_loads::blizzard_game_menu_publishes_named_subframes ... ok
test blizzard_game_menu_loads::blizzard_game_menu_publishes_ratings_and_logout_helpers ... ok
test blizzard_game_menu_loads::blizzard_game_menu_publishes_top_level_frame_and_mixin ... ok
test blizzard_game_menu_loads::blizzard_game_menu_starts_hidden_at_load_time ... ok
test blizzard_game_menu_loads::blizzard_game_menu_uses_dialog_strata_and_main_menu_template ... ok
test micro_menu::game_menu_buttons_display_text ... ok
test micro_menu::micro_menu_game_menu_button_opens_game_menu ... ok
test test_keybindings_world_map_events::keybind_escape_closes_game_menu ... ok
test test_keybindings_world_map_events::keybind_escape_opens_game_menu ... ok

test result: ok. 14 passed; 0 failed; 14 total
