warning: iced-wgpu-patched/Cargo.toml: `lints.clippy.large-enum-variant` is deprecated in favor of `lints.clippy.large_enum_variant` and will not work in a future edition
warning: iced-wgpu-patched/Cargo.toml: `lints.clippy.map-entry` is deprecated in favor of `lints.clippy.map_entry` and will not work in a future edition
warning: iced-wgpu-patched/Cargo.toml: `lints.clippy.match-wildcard-for-single-variants` is deprecated in favor of `lints.clippy.match_wildcard_for_single_variants` and will not work in a future edition
warning: iced-wgpu-patched/Cargo.toml: `lints.clippy.redundant-closure-for-method-calls` is deprecated in favor of `lints.clippy.redundant_closure_for_method_calls` and will not work in a future edition
warning: iced-wgpu-patched/Cargo.toml: `lints.clippy.trivially-copy-pass-by-ref` is deprecated in favor of `lints.clippy.trivially_copy_pass_by_ref` and will not work in a future edition
warning: iced-wgpu-patched/Cargo.toml: `lints.clippy.type-complexity` is deprecated in favor of `lints.clippy.type_complexity` and will not work in a future edition
warning: `iced_wgpu` (manifest) generated 6 warnings
    Finished `test` profile [optimized + debuginfo] target(s) in 0.48s
     Running tests/prefork_full_ui.rs (/home/osso/.cache/wow-ui-sim-targets/p730-page/debug/deps/prefork_full_ui-21dd5c807fe7a7b6)
[  0.000s] [Startup] WowLuaEnv::new begin
[  0.004s] [Startup] SimState::default complete in 4.33ms
[  0.005s] [Startup] rilua VM created in 190.12µs
[  0.005s] [Startup] builtin frames initialized in 153.35µs
[  0.005s] [Startup] template registry cleared in 20.82µs
[  0.005s] [Startup] intrinsic templates registered in 17.98µs
[  0.005s] [Startup] initial app_data lua handle installed in 1.81µs
[  0.361s] [Startup] init_lua_state complete in 356.22ms
[  0.361s] [Startup] final app_data lua handle installed in 491.00ns
[  0.361s] [Startup] initial screen globals installed in 173.51µs
[  0.361s] [Startup] WowLuaEnv::new complete
[  6.588s] [Startup] apply_post_load_workarounds: begin
[  6.588s] [Workarounds] starting patch_edit_mode_manager
[  6.589s] [Workarounds] finished patch_edit_mode_manager in 683.04µs
[  6.589s] [Workarounds] starting init_edit_mode_layout
[  6.589s] [EditMode] starting setup_layout_info
[  6.599s] [EditMode] finished setup_layout_info in 10.04ms
[  6.599s] [EditMode] starting apply_system_anchors
[  7.044s] [EditMode] finished apply_system_anchors in 445.57ms
[  7.045s] [EditMode] starting finalize_action_bar_positions
[  7.049s] [EditMode] finished finalize_action_bar_positions in 4.81ms
[  7.049s] [EditMode] starting invoke_anchor_changed_hooks
[  7.051s] [EditMode] finished invoke_anchor_changed_hooks in 1.10ms
[  7.051s] [EditMode] starting fix_action_bar_nan_size
[  7.051s] [EditMode] finished fix_action_bar_nan_size in 114.97µs
[  7.051s] [EditMode] starting fix_action_bar_scale
[  7.051s] [EditMode] finished fix_action_bar_scale in 7.24µs
[  7.051s] [Workarounds] finished init_edit_mode_layout in 461.87ms
[  7.051s] [Workarounds] starting patch_ui_parent_panel_toggles
[  7.051s] [Workarounds] finished patch_ui_parent_panel_toggles in 393.78µs
[  7.051s] [Workarounds] starting patch_uiparent_onupdate_worklists
[  7.051s] [Workarounds] finished patch_uiparent_onupdate_worklists in 166.09µs
[  7.051s] [Workarounds] starting init_chat_type_colors
[  7.052s] [Workarounds] finished init_chat_type_colors in 262.72µs
[  7.052s] [Workarounds] starting patch_chat_voice_button_surface
[  7.052s] [Workarounds] finished patch_chat_voice_button_surface in 262.36µs
[  7.052s] [Workarounds] starting patch_item_socketing_tooltips
[  7.052s] [Workarounds] finished patch_item_socketing_tooltips in 118.28µs
[  7.052s] [Workarounds] starting patch_character_select_selected_name
[  7.052s] [Workarounds] finished patch_character_select_selected_name in 50.74µs
[  7.052s] [Workarounds] starting patch_character_create_defaults
[  7.052s] [Workarounds] finished patch_character_create_defaults in 385.87µs
[  7.052s] [Workarounds] starting patch_character_frame_title_refresh
[  7.065s] [Workarounds] finished patch_character_frame_title_refresh in 12.20ms
[  7.065s] [Workarounds] starting patch_vignette_pin_template
[  7.065s] [Workarounds] finished patch_vignette_pin_template in 281.98µs
[  7.065s] [Workarounds] starting patch_fog_of_war_pin_mixin
[  7.065s] [Workarounds] finished patch_fog_of_war_pin_mixin in 524.62µs
[  7.065s] [Workarounds] starting patch_map_exploration_pin_mixin
[  7.078s] [Workarounds] finished patch_map_exploration_pin_mixin in 12.39ms
[  7.078s] [Workarounds] starting patch_map_canvas_data_provider_attachment
[  7.078s] [Workarounds] finished patch_map_canvas_data_provider_attachment in 229.95µs
[  7.078s] [Workarounds] starting ensure_adventure_map_frame_surface
[  7.079s] [Workarounds] finished ensure_adventure_map_frame_surface in 1.06ms
[  7.079s] [Workarounds] starting patch_action_bar_button_event_fanout
[  7.080s] [Workarounds] finished patch_action_bar_button_event_fanout in 268.22µs
[  7.080s] [Workarounds] starting patch_paging_controls_page_text
[  7.080s] [Workarounds] finished patch_paging_controls_page_text in 68.80µs
[  7.080s] [Workarounds] starting patch_talent_edge_frame_level_sync
[  7.080s] [Workarounds] finished patch_talent_edge_frame_level_sync in 45.91µs
[  7.080s] [Workarounds] starting patch_catalog_shop_product_card_defaults
[  7.080s] [Workarounds] finished patch_catalog_shop_product_card_defaults in 100.31µs
[  7.080s] [Workarounds] starting patch_game_time_defaults
[  7.080s] [Workarounds] finished patch_game_time_defaults in 13.68µs
[  7.080s] [Workarounds] starting patch_tooltip_nineslice_surface
[  7.080s] [Workarounds] finished patch_tooltip_nineslice_surface in 82.19µs
[  7.080s] [Workarounds] starting patch_container_frame_token_tracker
[  7.080s] [Workarounds] finished patch_container_frame_token_tracker in 69.63µs
[  7.080s] [Workarounds] starting patch_achievement_display_set_achievements
[  7.080s] [Workarounds] finished patch_achievement_display_set_achievements in 13.54µs
[  7.080s] [Workarounds] starting patch_housing_dashboard_preload
[  7.080s] [Workarounds] finished patch_housing_dashboard_preload in 303.32µs
[  7.080s] [Workarounds] starting patch_lfg_lock_list
[  7.080s] [Workarounds] finished patch_lfg_lock_list in 65.74µs
[  7.080s] [Workarounds] starting patch_auction_house_browse_results_event
[  7.080s] [Workarounds] finished patch_auction_house_browse_results_event in 92.82µs
[  7.080s] [Workarounds] starting patch_auction_house_search_context_aliases
[  7.081s] [Workarounds] finished patch_auction_house_search_context_aliases in 49.10µs
[  7.081s] [Workarounds] starting patch_auth_challenge_frame_parent
[  7.081s] [Workarounds] finished patch_auth_challenge_frame_parent in 142.78µs
[  7.081s] [Workarounds] starting patch_settings_surface_defaults
[  7.081s] [Workarounds] finished patch_settings_surface_defaults in 628.94µs
[  7.081s] [Workarounds] starting patch_settings_canvas_layout_visibility
[  7.081s] [Workarounds] finished patch_settings_canvas_layout_visibility in 176.78µs
[  7.081s] [Startup] apply_post_load_workarounds: workarounds complete
[  7.205s] [Startup] apply_post_load_workarounds: globals restored
[  7.206s] [Startup] apply_post_load_workarounds: patch 12.1 compatibility restored
[  7.206s] [Startup] apply_post_load_workarounds: seterrorhandler restored
[  7.594s] [Startup] begin login sequence
[  7.594s] [Startup] Firing ADDON_LOADED
[  7.594s] [Startup] Firing VARIABLES_LOADED
[  7.943s] [Startup] Firing DISPLAY_SIZE_CHANGED
[  8.072s] [Startup] Firing UI_SCALE_CHANGED
[  8.075s] [Startup] Firing PLAYER_LOGIN
[  8.075s] [Startup] end login sequence in 480.74ms
[  8.075s] [Startup] begin world enter sequence
[  8.075s] [Startup] Skipping EDIT_MODE_LAYOUTS_UPDATED
[  8.075s] [Startup] Firing TIME_PLAYED_MSG via RequestTimePlayed
[  8.075s] [Startup] Firing PLAYER_ENTERING_WORLD
[  8.838s] [EditMode] starting setup_layout_info
[  8.851s] [EditMode] finished setup_layout_info in 13.44ms
[  8.851s] [EditMode] starting apply_system_anchors
[  9.289s] [EditMode] finished apply_system_anchors in 437.58ms
[  9.289s] [EditMode] starting finalize_action_bar_positions
[  9.300s] [EditMode] finished finalize_action_bar_positions in 10.72ms
[  9.300s] [EditMode] starting invoke_anchor_changed_hooks
[  9.319s] [EditMode] finished invoke_anchor_changed_hooks in 18.97ms
[  9.319s] [EditMode] starting fix_action_bar_nan_size
[  9.319s] [EditMode] finished fix_action_bar_nan_size in 243.23µs
[  9.319s] [EditMode] starting fix_action_bar_scale
[  9.319s] [EditMode] finished fix_action_bar_scale in 13.72µs
[  9.319s] [EditMode] starting reapply_player_frame_anchor
[  9.322s] [EditMode] finished reapply_player_frame_anchor in 3.27ms
[  9.343s] [Startup] end world enter sequence in 1.27s
[  9.343s] [Startup] begin post-login events
[  9.346s] [Startup] Firing UNIT_AURA
[  9.349s] [Startup] Firing PET_UI_UPDATE
[  9.355s] [Startup] Firing BAG_UPDATE_DELAYED
[  9.359s] [Startup] Firing QUEST_LOG_UPDATE
[  9.362s] [Startup] Firing GROUP_ROSTER_UPDATE
[  9.689s] [Startup] Firing ACTIONBAR_UPDATE_STATE
[  9.689s] [Startup] Firing ACTIONBAR_UPDATE_COOLDOWN
[  9.693s] [Startup] Firing UPDATE_BONUS_ACTIONBAR
[  9.786s] [Startup] Firing PLAYER_CAN_GLIDE_CHANGED
[  9.786s] [Startup] Firing PLAYER_IS_GLIDING_CHANGED
[  9.786s] [Startup] Firing UPDATE_BINDINGS
[  9.795s] [Startup] Firing UPDATE_CHAT_WINDOWS
[  9.805s] [Startup] Firing LFG_UPDATE_RANDOM_INFO
[  9.808s] [Startup] end post-login events in 464.72ms
[  9.808s] [Startup] begin close startup special windows
[  9.809s] [Startup] end close startup special windows in 1.06ms
[  9.809s] [Startup] begin FIRST_FRAME_RENDERED
[  9.809s] [Startup] Firing FIRST_FRAME_RENDERED
[  9.810s] [Startup] end FIRST_FRAME_RENDERED in 515.87µs
[  9.810s] [Startup] begin unblock hidden splash alerts
[  9.810s] [Startup] end unblock hidden splash alerts in 44.48µs
[  9.810s] [Startup] begin post-event workarounds
[  9.810s] [Startup] end post-event workarounds in 2.62µs
running 5 tests
test blizzard_deprecated_sound_script_loads::blizzard_deprecated_sound_script_load_deprecation_fallbacks_cvar_is_default_on ... ok
test blizzard_deprecated_sound_script_loads::blizzard_deprecated_sound_script_loads_without_errors ... ok
test blizzard_deprecated_sound_script_loads::blizzard_deprecated_sound_script_play_vocal_error_sound_id_aliases_play_vocal_error_sound ... ok
test blizzard_deprecated_sound_script_loads::blizzard_deprecated_sound_script_play_vocal_error_sound_id_calls_without_error ... ok
test patch_7_3_0_cached_behavior::patch_7_3_0_cached_sound_ids_reject_names_and_preserve_request ... ok

test result: ok. 5 passed; 0 failed; 5 total
