
running 1 test
test patch_9_2_5_classic_surfaces::patch_9_2_5_mists_preserves_legacy_lookup ... ok

test result: ok. 1 passed; 0 failed; 0 ignored; 0 measured; 8155 filtered out; finished in 0.36s

warning: iced-wgpu-patched/Cargo.toml: `lints.clippy.large-enum-variant` is deprecated in favor of `lints.clippy.large_enum_variant` and will not work in a future edition
warning: iced-wgpu-patched/Cargo.toml: `lints.clippy.map-entry` is deprecated in favor of `lints.clippy.map_entry` and will not work in a future edition
warning: iced-wgpu-patched/Cargo.toml: `lints.clippy.match-wildcard-for-single-variants` is deprecated in favor of `lints.clippy.match_wildcard_for_single_variants` and will not work in a future edition
warning: iced-wgpu-patched/Cargo.toml: `lints.clippy.redundant-closure-for-method-calls` is deprecated in favor of `lints.clippy.redundant_closure_for_method_calls` and will not work in a future edition
warning: iced-wgpu-patched/Cargo.toml: `lints.clippy.trivially-copy-pass-by-ref` is deprecated in favor of `lints.clippy.trivially_copy_pass_by_ref` and will not work in a future edition
warning: iced-wgpu-patched/Cargo.toml: `lints.clippy.type-complexity` is deprecated in favor of `lints.clippy.type_complexity` and will not work in a future edition
warning: `iced_wgpu` (manifest) generated 6 warnings
   Compiling wow-ui-sim v0.1.0 (/home/osso/.worktrees/wow-ui-sim-p925-page)
    Finished `test` profile [optimized + debuginfo] target(s) in 9m 31s
     Running tests/integration.rs (target/debug/deps/integration-ffd649b41b2c85a7)
[  0.000s] [Startup] WowLuaEnv::new begin
[  0.004s] [Startup] SimState::default complete in 4.29ms
[  0.005s] [Startup] rilua VM created in 264.65µs
[  0.005s] [Startup] builtin frames initialized in 157.98µs
[  0.005s] [Startup] template registry cleared in 13.57µs
[  0.008s] [Startup] intrinsic templates registered in 2.92ms
[  0.008s] [Startup] initial app_data lua handle installed in 2.17µs
[  0.344s] [Startup] init_lua_state complete in 336.39ms
[  0.344s] [Startup] final app_data lua handle installed in 471.00ns
[  0.344s] [Startup] initial screen globals installed in 220.66µs
[  0.344s] [Startup] WowLuaEnv::new complete
