running 1 tests
test patch_9_2_5_cached_surfaces::patch_9_2_5_cached_retirements ... ok

test result: ok. 1 passed; 0 failed; 1 total
warning: iced-wgpu-patched/Cargo.toml: `lints.clippy.large-enum-variant` is deprecated in favor of `lints.clippy.large_enum_variant` and will not work in a future edition
warning: iced-wgpu-patched/Cargo.toml: `lints.clippy.map-entry` is deprecated in favor of `lints.clippy.map_entry` and will not work in a future edition
warning: iced-wgpu-patched/Cargo.toml: `lints.clippy.match-wildcard-for-single-variants` is deprecated in favor of `lints.clippy.match_wildcard_for_single_variants` and will not work in a future edition
warning: iced-wgpu-patched/Cargo.toml: `lints.clippy.redundant-closure-for-method-calls` is deprecated in favor of `lints.clippy.redundant_closure_for_method_calls` and will not work in a future edition
warning: iced-wgpu-patched/Cargo.toml: `lints.clippy.trivially-copy-pass-by-ref` is deprecated in favor of `lints.clippy.trivially_copy_pass_by_ref` and will not work in a future edition
warning: iced-wgpu-patched/Cargo.toml: `lints.clippy.type-complexity` is deprecated in favor of `lints.clippy.type_complexity` and will not work in a future edition
warning: `iced_wgpu` (manifest) generated 6 warnings
    Finished `test` profile [optimized + debuginfo] target(s) in 0.26s
     Running tests/prefork_full_ui.rs (target/debug/deps/prefork_full_ui-34a818a91c447c36)
[  0.000s] [Startup] WowLuaEnv::new begin
[  0.003s] [Startup] SimState::default complete in 3.02ms
[  0.003s] [Startup] rilua VM created in 142.73µs
[  0.003s] [Startup] builtin frames initialized in 88.20µs
[  0.003s] [Startup] template registry cleared in 5.76µs
[  0.003s] [Startup] intrinsic templates registered in 7.49µs
[  0.003s] [Startup] initial app_data lua handle installed in 551.00ns
[  0.201s] [Startup] init_lua_state complete in 198.10ms
[  0.201s] [Startup] final app_data lua handle installed in 491.00ns
[  0.202s] [Startup] initial screen globals installed in 153.26µs
[  0.202s] [Startup] WowLuaEnv::new complete
[  3.779s] [Startup] apply_post_load_workarounds: begin
[  3.779s] [Workarounds] starting patch_edit_mode_manager
[  3.779s] [Workarounds] finished patch_edit_mode_manager in 366.38µs
[  3.779s] [Workarounds] starting init_edit_mode_layout
[  3.779s] [EditMode] starting setup_layout_info
[  3.784s] [EditMode] finished setup_layout_info in 4.72ms
[  3.784s] [EditMode] starting apply_system_anchors
[  4.010s] [EditMode] finished apply_system_anchors in 226.41ms
[  4.010s] [EditMode] starting finalize_action_bar_positions
[  4.014s] [EditMode] finished finalize_action_bar_positions in 3.52ms
[  4.014s] [EditMode] starting invoke_anchor_changed_hooks
[  4.014s] [EditMode] finished invoke_anchor_changed_hooks in 580.50µs
[  4.014s] [EditMode] starting fix_action_bar_nan_size
[  4.014s] [EditMode] finished fix_action_bar_nan_size in 65.03µs
[  4.014s] [EditMode] starting fix_action_bar_scale
[  4.014s] [EditMode] finished fix_action_bar_scale in 7.62µs
[  4.014s] [Workarounds] finished init_edit_mode_layout in 235.36ms
[  4.014s] [Workarounds] starting patch_ui_parent_panel_toggles
[  4.015s] [Workarounds] finished patch_ui_parent_panel_toggles in 275.39µs
[  4.015s] [Workarounds] starting patch_uiparent_onupdate_worklists
[  4.015s] [Workarounds] finished patch_uiparent_onupdate_worklists in 113.74µs
[  4.015s] [Workarounds] starting init_chat_type_colors
[  4.015s] [Workarounds] finished init_chat_type_colors in 136.92µs
[  4.015s] [Workarounds] starting patch_chat_voice_button_surface
[  4.015s] [Workarounds] finished patch_chat_voice_button_surface in 177.12µs
[  4.015s] [Workarounds] starting patch_item_socketing_tooltips
[  4.015s] [Workarounds] finished patch_item_socketing_tooltips in 76.37µs
[  4.015s] [Workarounds] starting patch_character_select_selected_name
[  4.015s] [Workarounds] finished patch_character_select_selected_name in 33.41µs
[  4.015s] [Workarounds] starting patch_character_create_defaults
[  4.015s] [Workarounds] finished patch_character_create_defaults in 264.21µs
[  4.015s] [Workarounds] starting patch_character_frame_title_refresh
[  4.022s] [Workarounds] finished patch_character_frame_title_refresh in 6.72ms
[  4.022s] [Workarounds] starting patch_vignette_pin_template
[  4.022s] [Workarounds] finished patch_vignette_pin_template in 136.86µs
[  4.022s] [Workarounds] starting patch_fog_of_war_pin_mixin
[  4.023s] [Workarounds] finished patch_fog_of_war_pin_mixin in 333.88µs
[  4.023s] [Workarounds] starting patch_map_exploration_pin_mixin
[  4.029s] [Workarounds] finished patch_map_exploration_pin_mixin in 6.53ms
[  4.029s] [Workarounds] starting patch_map_canvas_data_provider_attachment
[  4.029s] [Workarounds] finished patch_map_canvas_data_provider_attachment in 117.07µs
[  4.029s] [Workarounds] starting ensure_adventure_map_frame_surface
[  4.030s] [Workarounds] finished ensure_adventure_map_frame_surface in 587.12µs
[  4.030s] [Workarounds] starting patch_action_bar_button_event_fanout
[  4.030s] [Workarounds] finished patch_action_bar_button_event_fanout in 177.86µs
[  4.030s] [Workarounds] starting patch_paging_controls_page_text
[  4.030s] [Workarounds] finished patch_paging_controls_page_text in 49.56µs
[  4.030s] [Workarounds] starting patch_talent_edge_frame_level_sync
[  4.030s] [Workarounds] finished patch_talent_edge_frame_level_sync in 34.14µs
[  4.030s] [Workarounds] starting patch_catalog_shop_product_card_defaults
[  4.030s] [Workarounds] finished patch_catalog_shop_product_card_defaults in 72.54µs
[  4.030s] [Workarounds] starting patch_game_time_defaults
[  4.030s] [Workarounds] finished patch_game_time_defaults in 9.15µs
[  4.030s] [Workarounds] starting patch_tooltip_nineslice_surface
[  4.030s] [Workarounds] finished patch_tooltip_nineslice_surface in 54.46µs
[  4.030s] [Workarounds] starting patch_container_frame_token_tracker
[  4.030s] [Workarounds] finished patch_container_frame_token_tracker in 46.47µs
[  4.030s] [Workarounds] starting patch_achievement_display_set_achievements
[  4.030s] [Workarounds] finished patch_achievement_display_set_achievements in 9.21µs
[  4.030s] [Workarounds] starting patch_housing_dashboard_preload
[  4.031s] [Workarounds] finished patch_housing_dashboard_preload in 202.18µs
[  4.031s] [Workarounds] starting patch_lfg_lock_list
[  4.031s] [Workarounds] finished patch_lfg_lock_list in 45.17µs
[  4.031s] [Workarounds] starting patch_auction_house_browse_results_event
[  4.031s] [Workarounds] finished patch_auction_house_browse_results_event in 72.77µs
[  4.031s] [Workarounds] starting patch_auction_house_search_context_aliases
[  4.031s] [Workarounds] finished patch_auction_house_search_context_aliases in 33.54µs
[  4.031s] [Workarounds] starting patch_auth_challenge_frame_parent
[  4.031s] [Workarounds] finished patch_auth_challenge_frame_parent in 84.00µs
[  4.031s] [Workarounds] starting patch_settings_surface_defaults
[  4.031s] [Workarounds] finished patch_settings_surface_defaults in 446.38µs
[  4.031s] [Workarounds] starting patch_settings_canvas_layout_visibility
[  4.031s] [Workarounds] finished patch_settings_canvas_layout_visibility in 133.39µs
[  4.031s] [Startup] apply_post_load_workarounds: workarounds complete
[  4.120s] [Startup] apply_post_load_workarounds: globals restored
[  4.121s] [Startup] apply_post_load_workarounds: patch 12.1 compatibility restored
[  4.121s] [Startup] apply_post_load_workarounds: seterrorhandler restored
[  4.303s] [Startup] begin login sequence
[  4.303s] [Startup] Firing ADDON_LOADED
[  4.304s] [Startup] Firing VARIABLES_LOADED
[  4.456s] [Startup] Firing DISPLAY_SIZE_CHANGED
[  4.515s] [Startup] Firing UI_SCALE_CHANGED
[  4.517s] [Startup] Firing PLAYER_LOGIN
[  4.517s] [Startup] end login sequence in 213.88ms
[  4.517s] [Startup] begin world enter sequence
[  4.517s] [Startup] Skipping EDIT_MODE_LAYOUTS_UPDATED
[  4.517s] [Startup] Firing TIME_PLAYED_MSG via RequestTimePlayed
[  4.517s] [Startup] Firing PLAYER_ENTERING_WORLD
[  4.913s] [EditMode] starting setup_layout_info
[  4.919s] [EditMode] finished setup_layout_info in 6.22ms
[  4.919s] [EditMode] starting apply_system_anchors
[  5.124s] [EditMode] finished apply_system_anchors in 205.05ms
[  5.124s] [EditMode] starting finalize_action_bar_positions
[  5.129s] [EditMode] finished finalize_action_bar_positions in 4.50ms
[  5.129s] [EditMode] starting invoke_anchor_changed_hooks
[  5.137s] [EditMode] finished invoke_anchor_changed_hooks in 8.37ms
[  5.137s] [EditMode] starting fix_action_bar_nan_size
[  5.137s] [EditMode] finished fix_action_bar_nan_size in 106.41µs
[  5.137s] [EditMode] starting fix_action_bar_scale
[  5.137s] [EditMode] finished fix_action_bar_scale in 8.15µs
[  5.137s] [EditMode] starting reapply_player_frame_anchor
[  5.139s] [EditMode] finished reapply_player_frame_anchor in 1.96ms
[  5.150s] [Startup] end world enter sequence in 632.50ms
[  5.150s] [Startup] begin post-login events
[  5.151s] [Startup] Firing UNIT_AURA
[  5.152s] [Startup] Firing PET_UI_UPDATE
[  5.155s] [Startup] Firing BAG_UPDATE_DELAYED
[  5.157s] [Startup] Firing QUEST_LOG_UPDATE
[  5.158s] [Startup] Firing GROUP_ROSTER_UPDATE
[  5.302s] [Startup] Firing ACTIONBAR_UPDATE_STATE
[  5.302s] [Startup] Firing ACTIONBAR_UPDATE_COOLDOWN
[  5.304s] [Startup] Firing UPDATE_BONUS_ACTIONBAR
[  5.330s] [Startup] Firing PLAYER_CAN_GLIDE_CHANGED
[  5.330s] [Startup] Firing PLAYER_IS_GLIDING_CHANGED
[  5.330s] [Startup] Firing UPDATE_BINDINGS
[  5.334s] [Startup] Firing UPDATE_CHAT_WINDOWS
[  5.338s] [Startup] Firing LFG_UPDATE_RANDOM_INFO
[  5.339s] [Startup] end post-login events in 189.50ms
[  5.339s] [Startup] begin close startup special windows
[  5.340s] [Startup] end close startup special windows in 365.29µs
[  5.340s] [Startup] begin FIRST_FRAME_RENDERED
[  5.340s] [Startup] Firing FIRST_FRAME_RENDERED
[  5.340s] [Startup] end FIRST_FRAME_RENDERED in 211.09µs
[  5.340s] [Startup] begin unblock hidden splash alerts
[  5.340s] [Startup] end unblock hidden splash alerts in 19.30µs
[  5.340s] [Startup] begin post-event workarounds
[  5.340s] [Startup] end post-event workarounds in 972.00ns
