[  0.000s] [startup] wow-sim process started pid=4048966
[  0.000s] Resource limits: 2 CPU core(s)
[  0.007s] [Startup] WowLuaEnv::new begin
[  0.025s] [Startup] SimState::default complete in 13.90ms
[  0.025s] [Startup] rilua VM created in 132.06µs
[  0.025s] [Startup] builtin frames initialized in 220.09µs
[  0.025s] [Startup] template registry cleared in 15.75µs
[  0.025s] [Startup] intrinsic templates registered in 6.65µs
[  0.025s] [Startup] initial app_data lua handle installed in 591.00ns
[  0.226s] [Startup] init_lua_state complete in 200.42ms
[  0.226s] [Startup] final app_data lua handle installed in 421.00ns
[  0.226s] [Startup] initial screen globals installed in 148.18µs
[  0.226s] [Startup] WowLuaEnv::new complete
[  0.226s] [Startup] screen size set to 1600x1200 in 78.84µs
[  0.226s] [Startup] WowFontSystem::new begin casc=false
[  1.561s] [Startup] font system fallback loaded in 1.34s
[  1.561s] [Startup] cosmic font system built in 41.79µs
[  1.561s] [Startup] swash cache created in 7.54µs
[  1.561s] [Startup] WowFontSystem::new complete in 1.34s
[  1.561s] [Startup] font system created in 1.34s
[  1.804s] Sound initialized
[  1.808s] [Startup] begin stop GC
[  1.808s] [Startup] end stop GC in 291.00ns
[  1.808s] [Startup] begin configure saved variables
[  1.808s] SavedVariables loading disabled
[  1.808s] [Startup] end configure saved variables in 2.88µs
[  1.808s] [Startup] begin load keybindings
[  1.808s] [Startup] end load keybindings in 181.00ns
[  1.808s] [Startup] begin configure edit mode cache
[  1.813s] EditMode cache source (read-only): 50868465#2 @ Burning Blade/Haky
[  1.813s] [Startup] end configure edit mode cache in 4.67ms
[  1.813s] [Startup] begin read ServerSnapshot edit mode layout
[  1.813s] [Startup] end read ServerSnapshot edit mode layout in 150.00ns
[  1.813s] [Startup] begin load edit mode cache
[  1.815s] Loaded EditMode layout cache from WTF
[  1.815s] [Startup] end load edit mode cache in 2.52ms
[  1.815s] [Startup] begin load ServerSnapshot character state
[  1.815s] [Startup] end load ServerSnapshot character state in 261.00ns
[  1.815s] [Startup] begin load Blizzard addons
[  1.866s] Loading 291 Blizzard addons...
[  7.024s] Blizzard addons loaded in 5.21s (io=460.16ms xml=470.43ms xmlproc=3.14s frames⊂xmlproc=3.11s lua=810.15ms [compile=672.38ms call=137.77ms] gc=deferred, bytecode cache: 234/1569 hits (15%, lookup_miss=1335 replay_fail=0 stored=1335 store_fail=0))
  frame breakdown: setup=1.61s finalize=3.77s (2482 frames)
  setup: code_build=18.25ms exec_lua=1.59s props=16.00ms
  finalize: layers=132.21ms (1151 tex, 689 fs) anim=28.10ms button=68.17ms lifecycle=1.20s (1761 fires)
[  7.024s] [Startup] end load Blizzard addons in 5.21s
[  7.024s] [Startup] begin prepare chat frame for third-party addons
[  7.025s] [Startup] end prepare chat frame for third-party addons in 896.30µs
[  7.025s] [Startup] begin apply post-Blizzard load workarounds
[  7.025s] [Startup] applying post-load workarounds
[  7.014s] [Startup] apply_post_load_workarounds: begin
[  7.014s] [Workarounds] starting patch_edit_mode_manager
[  7.015s] [Workarounds] finished patch_edit_mode_manager in 405.17µs
[  7.015s] [Workarounds] starting init_edit_mode_layout
[  7.015s] [EditMode] starting setup_layout_info
[  7.036s] [EditMode] finished setup_layout_info in 21.64ms
[  7.036s] [EditMode] starting apply_system_anchors
[  7.256s] [EditMode] finished apply_system_anchors in 219.95ms
[  7.256s] [EditMode] starting finalize_action_bar_positions
[  7.258s] [EditMode] finished finalize_action_bar_positions in 1.81ms
[  7.258s] [EditMode] starting invoke_anchor_changed_hooks
[  7.259s] [EditMode] finished invoke_anchor_changed_hooks in 528.51µs
[  7.259s] [EditMode] starting fix_action_bar_nan_size
[  7.259s] [EditMode] finished fix_action_bar_nan_size in 110.91µs
[  7.259s] [EditMode] starting fix_action_bar_scale
[  7.259s] [EditMode] finished fix_action_bar_scale in 6.75µs
[  7.259s] [Workarounds] finished init_edit_mode_layout in 244.10ms
[  7.259s] [Workarounds] starting patch_ui_parent_panel_toggles
[  7.259s] [Workarounds] finished patch_ui_parent_panel_toggles in 262.29µs
[  7.259s] [Workarounds] starting patch_uiparent_onupdate_worklists
[  7.259s] [Workarounds] finished patch_uiparent_onupdate_worklists in 107.86µs
[  7.259s] [Workarounds] starting init_chat_type_colors
[  7.259s] [Workarounds] finished init_chat_type_colors in 135.49µs
[  7.259s] [Workarounds] starting patch_chat_voice_button_surface
[  7.259s] [Workarounds] finished patch_chat_voice_button_surface in 157.25µs
[  7.259s] [Workarounds] starting patch_item_socketing_tooltips
[  7.259s] [Workarounds] finished patch_item_socketing_tooltips in 72.19µs
[  7.259s] [Workarounds] starting patch_character_select_selected_name
[  7.260s] [Workarounds] finished patch_character_select_selected_name in 30.86µs
[  7.260s] [Workarounds] starting patch_character_create_defaults
[  7.260s] [Workarounds] finished patch_character_create_defaults in 236.40µs
[  7.260s] [Workarounds] starting patch_character_frame_title_refresh
[  7.266s] [Workarounds] finished patch_character_frame_title_refresh in 6.52ms
[  7.266s] [Workarounds] starting patch_vignette_pin_template
[  7.266s] [Workarounds] finished patch_vignette_pin_template in 140.40µs
[  7.266s] [Workarounds] starting patch_fog_of_war_pin_mixin
[  7.267s] [Workarounds] finished patch_fog_of_war_pin_mixin in 333.42µs
[  7.267s] [Workarounds] starting patch_map_exploration_pin_mixin
[  7.273s] [Workarounds] finished patch_map_exploration_pin_mixin in 6.65ms
[  7.273s] [Workarounds] starting patch_map_canvas_data_provider_attachment
[  7.274s] [Workarounds] finished patch_map_canvas_data_provider_attachment in 114.54µs
[  7.274s] [Workarounds] starting ensure_adventure_map_frame_surface
[  7.274s] [Workarounds] finished ensure_adventure_map_frame_surface in 577.51µs
[  7.274s] [Workarounds] starting patch_action_bar_button_event_fanout
[  7.274s] [Workarounds] finished patch_action_bar_button_event_fanout in 215.45µs
[  7.274s] [Workarounds] starting patch_paging_controls_page_text
[  7.274s] [Workarounds] finished patch_paging_controls_page_text in 54.56µs
[  7.274s] [Workarounds] starting patch_talent_edge_frame_level_sync
[  7.275s] [Workarounds] finished patch_talent_edge_frame_level_sync in 36.26µs
[  7.275s] [Workarounds] starting patch_catalog_shop_product_card_defaults
[  7.275s] [Workarounds] finished patch_catalog_shop_product_card_defaults in 71.25µs
[  7.275s] [Workarounds] starting patch_game_time_defaults
[  7.275s] [Workarounds] finished patch_game_time_defaults in 8.51µs
[  7.275s] [Workarounds] starting patch_tooltip_nineslice_surface
[  7.275s] [Workarounds] finished patch_tooltip_nineslice_surface in 63.67µs
[  7.275s] [Workarounds] starting patch_container_frame_token_tracker
[  7.275s] [Workarounds] finished patch_container_frame_token_tracker in 49.99µs
[  7.275s] [Workarounds] starting patch_achievement_display_set_achievements
[  7.275s] [Workarounds] finished patch_achievement_display_set_achievements in 9.66µs
[  7.275s] [Workarounds] starting patch_housing_dashboard_preload
[  7.275s] [Workarounds] finished patch_housing_dashboard_preload in 289.62µs
[  7.275s] [Workarounds] starting patch_lfg_lock_list
[  7.275s] [Workarounds] finished patch_lfg_lock_list in 63.30µs
[  7.275s] [Workarounds] starting patch_auction_house_browse_results_event
[  7.275s] [Workarounds] finished patch_auction_house_browse_results_event in 106.84µs
[  7.275s] [Workarounds] starting patch_auction_house_search_context_aliases
[  7.275s] [Workarounds] finished patch_auction_house_search_context_aliases in 31.88µs
[  7.275s] [Workarounds] starting patch_auth_challenge_frame_parent
[  7.275s] [Workarounds] finished patch_auth_challenge_frame_parent in 92.39µs
[  7.275s] [Workarounds] starting patch_settings_surface_defaults
[  7.276s] [Workarounds] finished patch_settings_surface_defaults in 417.05µs
[  7.276s] [Workarounds] starting patch_settings_canvas_layout_visibility
[  7.276s] [Workarounds] finished patch_settings_canvas_layout_visibility in 125.11µs
[  7.276s] [Startup] apply_post_load_workarounds: workarounds complete
[  7.354s] [Startup] apply_post_load_workarounds: globals restored
[  7.355s] [Startup] apply_post_load_workarounds: patch 12.1 compatibility restored
[  7.355s] [Startup] apply_post_load_workarounds: seterrorhandler restored
[  7.365s] [Startup] post-load workarounds complete in 340.31ms
[  7.365s] [Startup] end apply post-Blizzard load workarounds in 340.32ms
[  7.365s] [Startup] begin load third-party addons
[  7.365s] Addon loading disabled
[  7.365s] [Startup] end load third-party addons in 1.21µs
[  7.365s] [Startup] begin sync addon names to Lua
[  7.366s] [Startup] end sync addon names to Lua in 365.79µs
[  7.366s] [Startup] applying post-load workarounds
[  7.355s] [Startup] apply_post_load_workarounds: begin
[  7.355s] [Workarounds] starting patch_edit_mode_manager
[  7.355s] [Workarounds] finished patch_edit_mode_manager in 347.10µs
[  7.355s] [Workarounds] starting init_edit_mode_layout
[  7.355s] [EditMode] starting setup_layout_info
[  7.375s] [EditMode] finished setup_layout_info in 19.74ms
[  7.375s] [EditMode] starting apply_system_anchors
[  7.527s] [EditMode] finished apply_system_anchors in 151.55ms
[  7.527s] [EditMode] starting finalize_action_bar_positions
[  7.529s] [EditMode] finished finalize_action_bar_positions in 2.75ms
[  7.529s] [EditMode] starting invoke_anchor_changed_hooks
[  7.534s] [EditMode] finished invoke_anchor_changed_hooks in 4.44ms
[  7.534s] [EditMode] starting fix_action_bar_nan_size
[  7.534s] [EditMode] finished fix_action_bar_nan_size in 117.79µs
[  7.534s] [EditMode] starting fix_action_bar_scale
[  7.534s] [EditMode] finished fix_action_bar_scale in 7.41µs
[  7.534s] [Workarounds] finished init_edit_mode_layout in 178.65ms
[  7.534s] [Workarounds] starting patch_ui_parent_panel_toggles
[  7.534s] [Workarounds] finished patch_ui_parent_panel_toggles in 252.02µs
[  7.534s] [Workarounds] starting patch_uiparent_onupdate_worklists
[  7.534s] [Workarounds] finished patch_uiparent_onupdate_worklists in 111.37µs
[  7.534s] [Workarounds] starting init_chat_type_colors
[  7.534s] [Workarounds] finished init_chat_type_colors in 120.99µs
[  7.534s] [Workarounds] starting patch_chat_voice_button_surface
[  7.535s] [Workarounds] finished patch_chat_voice_button_surface in 266.73µs
[  7.535s] [Workarounds] starting patch_item_socketing_tooltips
[  7.535s] [Workarounds] finished patch_item_socketing_tooltips in 75.13µs
[  7.535s] [Workarounds] starting patch_character_select_selected_name
[  7.535s] [Workarounds] finished patch_character_select_selected_name in 29.52µs
[  7.535s] [Workarounds] starting patch_character_create_defaults
[  7.535s] [Workarounds] finished patch_character_create_defaults in 204.70µs
[  7.535s] [Workarounds] starting patch_character_frame_title_refresh
[  7.542s] [Workarounds] finished patch_character_frame_title_refresh in 6.66ms
[  7.542s] [Workarounds] starting patch_vignette_pin_template
[  7.542s] [Workarounds] finished patch_vignette_pin_template in 128.91µs
[  7.542s] [Workarounds] starting patch_fog_of_war_pin_mixin
[  7.542s] [Workarounds] finished patch_fog_of_war_pin_mixin in 256.80µs
[  7.542s] [Workarounds] starting patch_map_exploration_pin_mixin
[  7.542s] [Workarounds] finished patch_map_exploration_pin_mixin in 359.78µs
[  7.542s] [Workarounds] starting patch_map_canvas_data_provider_attachment
[  7.542s] [Workarounds] finished patch_map_canvas_data_provider_attachment in 63.28µs
[  7.542s] [Workarounds] starting ensure_adventure_map_frame_surface
[  7.543s] [Workarounds] finished ensure_adventure_map_frame_surface in 155.44µs
[  7.543s] [Workarounds] starting patch_action_bar_button_event_fanout
[  7.543s] [Workarounds] finished patch_action_bar_button_event_fanout in 102.17µs
[  7.543s] [Workarounds] starting patch_paging_controls_page_text
[  7.543s] [Workarounds] finished patch_paging_controls_page_text in 37.39µs
[  7.543s] [Workarounds] starting patch_talent_edge_frame_level_sync
[  7.543s] [Workarounds] finished patch_talent_edge_frame_level_sync in 27.45µs
[  7.543s] [Workarounds] starting patch_catalog_shop_product_card_defaults
[  7.543s] [Workarounds] finished patch_catalog_shop_product_card_defaults in 61.15µs
[  7.543s] [Workarounds] starting patch_game_time_defaults
[  7.543s] [Workarounds] finished patch_game_time_defaults in 6.76µs
[  7.543s] [Workarounds] starting patch_tooltip_nineslice_surface
[  7.543s] [Workarounds] finished patch_tooltip_nineslice_surface in 47.50µs
[  7.543s] [Workarounds] starting patch_container_frame_token_tracker
[  7.543s] [Workarounds] finished patch_container_frame_token_tracker in 39.10µs
[  7.543s] [Workarounds] starting patch_achievement_display_set_achievements
[  7.543s] [Workarounds] finished patch_achievement_display_set_achievements in 8.26µs
[  7.543s] [Workarounds] starting patch_housing_dashboard_preload
[  7.543s] [Workarounds] finished patch_housing_dashboard_preload in 64.87µs
[  7.543s] [Workarounds] starting patch_lfg_lock_list
[  7.543s] [Workarounds] finished patch_lfg_lock_list in 6.83µs
[  7.543s] [Workarounds] starting patch_auction_house_browse_results_event
[  7.543s] [Workarounds] finished patch_auction_house_browse_results_event in 78.82µs
[  7.543s] [Workarounds] starting patch_auction_house_search_context_aliases
[  7.543s] [Workarounds] finished patch_auction_house_search_context_aliases in 29.42µs
[  7.543s] [Workarounds] starting patch_auth_challenge_frame_parent
[  7.543s] [Workarounds] finished patch_auth_challenge_frame_parent in 49.74µs
[  7.543s] [Workarounds] starting patch_settings_surface_defaults
[  7.544s] [Workarounds] finished patch_settings_surface_defaults in 364.01µs
[  7.544s] [Workarounds] starting patch_settings_canvas_layout_visibility
[  7.544s] [Workarounds] finished patch_settings_canvas_layout_visibility in 115.94µs
[  7.544s] [Startup] apply_post_load_workarounds: workarounds complete
[  7.621s] [Startup] apply_post_load_workarounds: globals restored
[  7.621s] [Startup] apply_post_load_workarounds: patch 12.1 compatibility restored
[  7.621s] [Startup] apply_post_load_workarounds: seterrorhandler restored
[  7.632s] [Startup] post-load workarounds complete in 266.50ms
[  7.632s] [Startup] restarting GC after bootstrap
[  7.791s] [Startup] GC restart complete in 158.22ms
=== Final observed Lua error summary ===
Status: CLEAN
Lua errors: 0 unique, 0 occurrence(s)
Attributed owners: 0
Unattributed Lua errors: 0 occurrence(s)
Dropping OutputStream, audio playing through this stream will stop
