running 1 tests
test patch_9_2_5_publication_sweep::patch_9_2_5_publication_sweep ... FAILED (panic: assertion `left == right` failed: new gaps: ["wt-events-GAME_PAD_POWER_CHANGED-224"]; resolved/stale gaps: []
  left: {"wt-events-GAME_PAD_POWER_CHANGED-224", "wt-global-api-C_AuctionHouse.GetBids-68", "wt-global-api-C_AuctionHouse.GetOwnedAuctions-69", "wt-global-api-C_Club.CreateTicket-139", "wt-global-api-C_Club.DoesCommunityHaveMembersOfTheOppositeFaction-72", "wt-global-api-C_Club.EditClub-141", "wt-global-api-C_ClubFinder.ReportPosting-117", "wt-global-api-C_FriendList.IsOnIgnoredList-74", "wt-global-api-C_GamePad.AddSDLMapping-75", "wt-global-api-C_GamePad.GetPowerLevel-76", "wt-global-api-C_Heirloom.IsHeirloomSourceValid-121", "wt-global-api-C_HeirloomInfo.AreAllCollectionFiltersChecked-77", "wt-global-api-C_HeirloomInfo.AreAllSourceFiltersChecked-78", "wt-global-api-C_HeirloomInfo.SetAllCollectionFilters-81", "wt-global-api-C_Item.GetLimitedCurrencyItemInfo-84", "wt-global-api-C_LFGList.DoesEntryTitleMatchPrebuiltTitle-145", "wt-global-api-C_LFGList.ReportApplicant-122", "wt-global-api-C_LFGList.SetEntryTitle-151", "wt-global-api-C_ModifiedInstance.GetModifiedInstanceInfoFromMapID-85", "wt-global-api-C_PartyInfo.CanFormCrossFactionParties-88", "wt-global-api-C_PlayerInfo.IsPlayerInGuildFromGUID-92", "wt-global-api-C_ReportSystem.GetMajorCategoriesForReportType-93", "wt-global-api-C_ReportSystem.GetMajorCategoryString-94", "wt-global-api-C_ReportSystem.GetMinorCategoriesForReportTypeAndMajorCategory-95", "wt-global-api-C_ReportSystem.GetMinorCategoryString-96", "wt-global-api-C_ReportSystem.InitiateReportPlayer-124", "wt-global-api-C_ReportSystem.SendReport-97", "wt-global-api-C_ReportSystem.SendReportPlayer-126", "wt-global-api-C_TransmogCollection.AreAllCollectionTypeFiltersChecked-101", "wt-global-api-C_TransmogCollection.AreAllSourceTypeFiltersChecked-102", "wt-global-api-C_TransmogCollection.GetCategoryForItem-103", "wt-global-api-C_TransmogCollection.SetAllCollectionTypeFilters-105", "wt-global-api-C_TransmogSets.IsUsingDefaultBaseSetsFilters-107", "wt-global-api-C_TransmogSets.SetDefaultBaseSetsFilters-108", "wt-global-api-C_WeeklyRewards.OnUIInteract-109"}
 right: {"wt-global-api-C_AuctionHouse.GetBids-68", "wt-global-api-C_AuctionHouse.GetOwnedAuctions-69", "wt-global-api-C_Club.CreateTicket-139", "wt-global-api-C_Club.DoesCommunityHaveMembersOfTheOppositeFaction-72", "wt-global-api-C_Club.EditClub-141", "wt-global-api-C_ClubFinder.ReportPosting-117", "wt-global-api-C_FriendList.IsOnIgnoredList-74", "wt-global-api-C_GamePad.AddSDLMapping-75", "wt-global-api-C_GamePad.GetPowerLevel-76", "wt-global-api-C_Heirloom.IsHeirloomSourceValid-121", "wt-global-api-C_HeirloomInfo.AreAllCollectionFiltersChecked-77", "wt-global-api-C_HeirloomInfo.AreAllSourceFiltersChecked-78", "wt-global-api-C_HeirloomInfo.SetAllCollectionFilters-81", "wt-global-api-C_Item.GetLimitedCurrencyItemInfo-84", "wt-global-api-C_LFGList.DoesEntryTitleMatchPrebuiltTitle-145", "wt-global-api-C_LFGList.ReportApplicant-122", "wt-global-api-C_LFGList.SetEntryTitle-151", "wt-global-api-C_ModifiedInstance.GetModifiedInstanceInfoFromMapID-85", "wt-global-api-C_PartyInfo.CanFormCrossFactionParties-88", "wt-global-api-C_PlayerInfo.IsPlayerInGuildFromGUID-92", "wt-global-api-C_ReportSystem.GetMajorCategoriesForReportType-93", "wt-global-api-C_ReportSystem.GetMajorCategoryString-94", "wt-global-api-C_ReportSystem.GetMinorCategoriesForReportTypeAndMajorCategory-95", "wt-global-api-C_ReportSystem.GetMinorCategoryString-96", "wt-global-api-C_ReportSystem.InitiateReportPlayer-124", "wt-global-api-C_ReportSystem.SendReport-97", "wt-global-api-C_ReportSystem.SendReportPlayer-126", "wt-global-api-C_TransmogCollection.AreAllCollectionTypeFiltersChecked-101", "wt-global-api-C_TransmogCollection.AreAllSourceTypeFiltersChecked-102", "wt-global-api-C_TransmogCollection.GetCategoryForItem-103", "wt-global-api-C_TransmogCollection.SetAllCollectionTypeFilters-105", "wt-global-api-C_TransmogSets.IsUsingDefaultBaseSetsFilters-107", "wt-global-api-C_TransmogSets.SetDefaultBaseSetsFilters-108", "wt-global-api-C_WeeklyRewards.OnUIInteract-109"})
---- patch_9_2_5_publication_sweep::patch_9_2_5_publication_sweep stderr ----
CVar default mismatch wt-cvars-cameraFov-242: page=Some("90"), observed=Some("90.000000")
CVar default mismatch wt-cvars-enableSourceLocationLookup-243: page=Some("0"), observed=Some("1")

thread 'main' (4041378) panicked at /home/osso/.worktrees/wow-ui-sim-p925-page/tests/common/publication_sweep.rs:503:5:
assertion `left == right` failed: new gaps: ["wt-events-GAME_PAD_POWER_CHANGED-224"]; resolved/stale gaps: []
  left: {"wt-events-GAME_PAD_POWER_CHANGED-224", "wt-global-api-C_AuctionHouse.GetBids-68", "wt-global-api-C_AuctionHouse.GetOwnedAuctions-69", "wt-global-api-C_Club.CreateTicket-139", "wt-global-api-C_Club.DoesCommunityHaveMembersOfTheOppositeFaction-72", "wt-global-api-C_Club.EditClub-141", "wt-global-api-C_ClubFinder.ReportPosting-117", "wt-global-api-C_FriendList.IsOnIgnoredList-74", "wt-global-api-C_GamePad.AddSDLMapping-75", "wt-global-api-C_GamePad.GetPowerLevel-76", "wt-global-api-C_Heirloom.IsHeirloomSourceValid-121", "wt-global-api-C_HeirloomInfo.AreAllCollectionFiltersChecked-77", "wt-global-api-C_HeirloomInfo.AreAllSourceFiltersChecked-78", "wt-global-api-C_HeirloomInfo.SetAllCollectionFilters-81", "wt-global-api-C_Item.GetLimitedCurrencyItemInfo-84", "wt-global-api-C_LFGList.DoesEntryTitleMatchPrebuiltTitle-145", "wt-global-api-C_LFGList.ReportApplicant-122", "wt-global-api-C_LFGList.SetEntryTitle-151", "wt-global-api-C_ModifiedInstance.GetModifiedInstanceInfoFromMapID-85", "wt-global-api-C_PartyInfo.CanFormCrossFactionParties-88", "wt-global-api-C_PlayerInfo.IsPlayerInGuildFromGUID-92", "wt-global-api-C_ReportSystem.GetMajorCategoriesForReportType-93", "wt-global-api-C_ReportSystem.GetMajorCategoryString-94", "wt-global-api-C_ReportSystem.GetMinorCategoriesForReportTypeAndMajorCategory-95", "wt-global-api-C_ReportSystem.GetMinorCategoryString-96", "wt-global-api-C_ReportSystem.InitiateReportPlayer-124", "wt-global-api-C_ReportSystem.SendReport-97", "wt-global-api-C_ReportSystem.SendReportPlayer-126", "wt-global-api-C_TransmogCollection.AreAllCollectionTypeFiltersChecked-101", "wt-global-api-C_TransmogCollection.AreAllSourceTypeFiltersChecked-102", "wt-global-api-C_TransmogCollection.GetCategoryForItem-103", "wt-global-api-C_TransmogCollection.SetAllCollectionTypeFilters-105", "wt-global-api-C_TransmogSets.IsUsingDefaultBaseSetsFilters-107", "wt-global-api-C_TransmogSets.SetDefaultBaseSetsFilters-108", "wt-global-api-C_WeeklyRewards.OnUIInteract-109"}
 right: {"wt-global-api-C_AuctionHouse.GetBids-68", "wt-global-api-C_AuctionHouse.GetOwnedAuctions-69", "wt-global-api-C_Club.CreateTicket-139", "wt-global-api-C_Club.DoesCommunityHaveMembersOfTheOppositeFaction-72", "wt-global-api-C_Club.EditClub-141", "wt-global-api-C_ClubFinder.ReportPosting-117", "wt-global-api-C_FriendList.IsOnIgnoredList-74", "wt-global-api-C_GamePad.AddSDLMapping-75", "wt-global-api-C_GamePad.GetPowerLevel-76", "wt-global-api-C_Heirloom.IsHeirloomSourceValid-121", "wt-global-api-C_HeirloomInfo.AreAllCollectionFiltersChecked-77", "wt-global-api-C_HeirloomInfo.AreAllSourceFiltersChecked-78", "wt-global-api-C_HeirloomInfo.SetAllCollectionFilters-81", "wt-global-api-C_Item.GetLimitedCurrencyItemInfo-84", "wt-global-api-C_LFGList.DoesEntryTitleMatchPrebuiltTitle-145", "wt-global-api-C_LFGList.ReportApplicant-122", "wt-global-api-C_LFGList.SetEntryTitle-151", "wt-global-api-C_ModifiedInstance.GetModifiedInstanceInfoFromMapID-85", "wt-global-api-C_PartyInfo.CanFormCrossFactionParties-88", "wt-global-api-C_PlayerInfo.IsPlayerInGuildFromGUID-92", "wt-global-api-C_ReportSystem.GetMajorCategoriesForReportType-93", "wt-global-api-C_ReportSystem.GetMajorCategoryString-94", "wt-global-api-C_ReportSystem.GetMinorCategoriesForReportTypeAndMajorCategory-95", "wt-global-api-C_ReportSystem.GetMinorCategoryString-96", "wt-global-api-C_ReportSystem.InitiateReportPlayer-124", "wt-global-api-C_ReportSystem.SendReport-97", "wt-global-api-C_ReportSystem.SendReportPlayer-126", "wt-global-api-C_TransmogCollection.AreAllCollectionTypeFiltersChecked-101", "wt-global-api-C_TransmogCollection.AreAllSourceTypeFiltersChecked-102", "wt-global-api-C_TransmogCollection.GetCategoryForItem-103", "wt-global-api-C_TransmogCollection.SetAllCollectionTypeFilters-105", "wt-global-api-C_TransmogSets.IsUsingDefaultBaseSetsFilters-107", "wt-global-api-C_TransmogSets.SetDefaultBaseSetsFilters-108", "wt-global-api-C_WeeklyRewards.OnUIInteract-109"}
note: run with `RUST_BACKTRACE=1` environment variable to display a backtrace

test result: FAILED. 0 passed; 1 failed; 1 total
warning: iced-wgpu-patched/Cargo.toml: `lints.clippy.large-enum-variant` is deprecated in favor of `lints.clippy.large_enum_variant` and will not work in a future edition
warning: iced-wgpu-patched/Cargo.toml: `lints.clippy.map-entry` is deprecated in favor of `lints.clippy.map_entry` and will not work in a future edition
warning: iced-wgpu-patched/Cargo.toml: `lints.clippy.match-wildcard-for-single-variants` is deprecated in favor of `lints.clippy.match_wildcard_for_single_variants` and will not work in a future edition
warning: iced-wgpu-patched/Cargo.toml: `lints.clippy.redundant-closure-for-method-calls` is deprecated in favor of `lints.clippy.redundant_closure_for_method_calls` and will not work in a future edition
warning: iced-wgpu-patched/Cargo.toml: `lints.clippy.trivially-copy-pass-by-ref` is deprecated in favor of `lints.clippy.trivially_copy_pass_by_ref` and will not work in a future edition
warning: iced-wgpu-patched/Cargo.toml: `lints.clippy.type-complexity` is deprecated in favor of `lints.clippy.type_complexity` and will not work in a future edition
warning: `iced_wgpu` (manifest) generated 6 warnings
    Finished `test` profile [optimized + debuginfo] target(s) in 0.27s
     Running tests/prefork_full_ui.rs (target/debug/deps/prefork_full_ui-34a818a91c447c36)
[  0.000s] [Startup] WowLuaEnv::new begin
[  0.003s] [Startup] SimState::default complete in 2.92ms
[  0.003s] [Startup] rilua VM created in 140.10µs
[  0.003s] [Startup] builtin frames initialized in 104.15µs
[  0.003s] [Startup] template registry cleared in 7.35µs
[  0.003s] [Startup] intrinsic templates registered in 7.38µs
[  0.003s] [Startup] initial app_data lua handle installed in 481.00ns
[  0.189s] [Startup] init_lua_state complete in 185.28ms
[  0.189s] [Startup] final app_data lua handle installed in 360.00ns
[  0.189s] [Startup] initial screen globals installed in 167.56µs
[  0.189s] [Startup] WowLuaEnv::new complete
[  3.746s] [Startup] apply_post_load_workarounds: begin
[  3.746s] [Workarounds] starting patch_edit_mode_manager
[  3.747s] [Workarounds] finished patch_edit_mode_manager in 342.50µs
[  3.747s] [Workarounds] starting init_edit_mode_layout
[  3.747s] [EditMode] starting setup_layout_info
[  3.751s] [EditMode] finished setup_layout_info in 4.50ms
[  3.751s] [EditMode] starting apply_system_anchors
[  3.961s] [EditMode] finished apply_system_anchors in 209.77ms
[  3.961s] [EditMode] starting finalize_action_bar_positions
[  3.964s] [EditMode] finished finalize_action_bar_positions in 3.01ms
[  3.964s] [EditMode] starting invoke_anchor_changed_hooks
[  3.965s] [EditMode] finished invoke_anchor_changed_hooks in 542.87µs
[  3.965s] [EditMode] starting fix_action_bar_nan_size
[  3.965s] [EditMode] finished fix_action_bar_nan_size in 59.87µs
[  3.965s] [EditMode] starting fix_action_bar_scale
[  3.965s] [EditMode] finished fix_action_bar_scale in 6.62µs
[  3.965s] [Workarounds] finished init_edit_mode_layout in 217.94ms
[  3.965s] [Workarounds] starting patch_ui_parent_panel_toggles
[  3.965s] [Workarounds] finished patch_ui_parent_panel_toggles in 263.69µs
[  3.965s] [Workarounds] starting patch_uiparent_onupdate_worklists
[  3.965s] [Workarounds] finished patch_uiparent_onupdate_worklists in 108.55µs
[  3.965s] [Workarounds] starting init_chat_type_colors
[  3.965s] [Workarounds] finished init_chat_type_colors in 121.25µs
[  3.965s] [Workarounds] starting patch_chat_voice_button_surface
[  3.965s] [Workarounds] finished patch_chat_voice_button_surface in 151.26µs
[  3.965s] [Workarounds] starting patch_item_socketing_tooltips
[  3.965s] [Workarounds] finished patch_item_socketing_tooltips in 68.43µs
[  3.965s] [Workarounds] starting patch_character_select_selected_name
[  3.965s] [Workarounds] finished patch_character_select_selected_name in 31.83µs
[  3.965s] [Workarounds] starting patch_character_create_defaults
[  3.966s] [Workarounds] finished patch_character_create_defaults in 237.77µs
[  3.966s] [Workarounds] starting patch_character_frame_title_refresh
[  3.972s] [Workarounds] finished patch_character_frame_title_refresh in 6.38ms
[  3.972s] [Workarounds] starting patch_vignette_pin_template
[  3.972s] [Workarounds] finished patch_vignette_pin_template in 130.73µs
[  3.972s] [Workarounds] starting patch_fog_of_war_pin_mixin
[  3.972s] [Workarounds] finished patch_fog_of_war_pin_mixin in 308.18µs
[  3.972s] [Workarounds] starting patch_map_exploration_pin_mixin
[  3.979s] [Workarounds] finished patch_map_exploration_pin_mixin in 6.76ms
[  3.979s] [Workarounds] starting patch_map_canvas_data_provider_attachment
[  3.979s] [Workarounds] finished patch_map_canvas_data_provider_attachment in 107.07µs
[  3.979s] [Workarounds] starting ensure_adventure_map_frame_surface
[  3.980s] [Workarounds] finished ensure_adventure_map_frame_surface in 585.62µs
[  3.980s] [Workarounds] starting patch_action_bar_button_event_fanout
[  3.980s] [Workarounds] finished patch_action_bar_button_event_fanout in 163.14µs
[  3.980s] [Workarounds] starting patch_paging_controls_page_text
[  3.980s] [Workarounds] finished patch_paging_controls_page_text in 48.17µs
[  3.980s] [Workarounds] starting patch_talent_edge_frame_level_sync
[  3.980s] [Workarounds] finished patch_talent_edge_frame_level_sync in 34.68µs
[  3.980s] [Workarounds] starting patch_catalog_shop_product_card_defaults
[  3.980s] [Workarounds] finished patch_catalog_shop_product_card_defaults in 69.27µs
[  3.980s] [Workarounds] starting patch_game_time_defaults
[  3.980s] [Workarounds] finished patch_game_time_defaults in 8.61µs
[  3.980s] [Workarounds] starting patch_tooltip_nineslice_surface
[  3.980s] [Workarounds] finished patch_tooltip_nineslice_surface in 52.02µs
[  3.980s] [Workarounds] starting patch_container_frame_token_tracker
[  3.980s] [Workarounds] finished patch_container_frame_token_tracker in 46.03µs
[  3.980s] [Workarounds] starting patch_achievement_display_set_achievements
[  3.980s] [Workarounds] finished patch_achievement_display_set_achievements in 9.15µs
[  3.980s] [Workarounds] starting patch_housing_dashboard_preload
[  3.981s] [Workarounds] finished patch_housing_dashboard_preload in 198.27µs
[  3.981s] [Workarounds] starting patch_lfg_lock_list
[  3.981s] [Workarounds] finished patch_lfg_lock_list in 43.74µs
[  3.981s] [Workarounds] starting patch_auction_house_browse_results_event
[  3.981s] [Workarounds] finished patch_auction_house_browse_results_event in 73.28µs
[  3.981s] [Workarounds] starting patch_auction_house_search_context_aliases
[  3.981s] [Workarounds] finished patch_auction_house_search_context_aliases in 30.71µs
[  3.981s] [Workarounds] starting patch_auth_challenge_frame_parent
[  3.981s] [Workarounds] finished patch_auth_challenge_frame_parent in 81.18µs
[  3.981s] [Workarounds] starting patch_settings_surface_defaults
[  3.981s] [Workarounds] finished patch_settings_surface_defaults in 430.83µs
[  3.981s] [Workarounds] starting patch_settings_canvas_layout_visibility
[  3.981s] [Workarounds] finished patch_settings_canvas_layout_visibility in 123.17µs
[  3.981s] [Startup] apply_post_load_workarounds: workarounds complete
[  4.058s] [Startup] apply_post_load_workarounds: globals restored
[  4.059s] [Startup] apply_post_load_workarounds: patch 12.1 compatibility restored
[  4.059s] [Startup] apply_post_load_workarounds: seterrorhandler restored
[  4.217s] [Startup] begin login sequence
[  4.217s] [Startup] Firing ADDON_LOADED
[  4.218s] [Startup] Firing VARIABLES_LOADED
[  4.366s] [Startup] Firing DISPLAY_SIZE_CHANGED
[  4.428s] [Startup] Firing UI_SCALE_CHANGED
[  4.430s] [Startup] Firing PLAYER_LOGIN
[  4.430s] [Startup] end login sequence in 212.76ms
[  4.430s] [Startup] begin world enter sequence
[  4.430s] [Startup] Skipping EDIT_MODE_LAYOUTS_UPDATED
[  4.430s] [Startup] Firing TIME_PLAYED_MSG via RequestTimePlayed
[  4.430s] [Startup] Firing PLAYER_ENTERING_WORLD
[  4.819s] [EditMode] starting setup_layout_info
[  4.825s] [EditMode] finished setup_layout_info in 6.27ms
[  4.825s] [EditMode] starting apply_system_anchors
[  5.103s] [EditMode] finished apply_system_anchors in 278.24ms
[  5.103s] [EditMode] starting finalize_action_bar_positions
[  5.108s] [EditMode] finished finalize_action_bar_positions in 4.74ms
[  5.108s] [EditMode] starting invoke_anchor_changed_hooks
[  5.117s] [EditMode] finished invoke_anchor_changed_hooks in 8.93ms
[  5.117s] [EditMode] starting fix_action_bar_nan_size
[  5.117s] [EditMode] finished fix_action_bar_nan_size in 113.63µs
[  5.117s] [EditMode] starting fix_action_bar_scale
[  5.117s] [EditMode] finished fix_action_bar_scale in 9.03µs
[  5.117s] [EditMode] starting reapply_player_frame_anchor
[  5.119s] [EditMode] finished reapply_player_frame_anchor in 2.09ms
[  5.130s] [Startup] end world enter sequence in 699.98ms
[  5.130s] [Startup] begin post-login events
[  5.132s] [Startup] Firing UNIT_AURA
[  5.133s] [Startup] Firing PET_UI_UPDATE
[  5.135s] [Startup] Firing BAG_UPDATE_DELAYED
[  5.137s] [Startup] Firing QUEST_LOG_UPDATE
[  5.139s] [Startup] Firing GROUP_ROSTER_UPDATE
[  5.290s] [Startup] Firing ACTIONBAR_UPDATE_STATE
[  5.290s] [Startup] Firing ACTIONBAR_UPDATE_COOLDOWN
[  5.291s] [Startup] Firing UPDATE_BONUS_ACTIONBAR
[  5.318s] [Startup] Firing PLAYER_CAN_GLIDE_CHANGED
[  5.319s] [Startup] Firing PLAYER_IS_GLIDING_CHANGED
[  5.319s] [Startup] Firing UPDATE_BINDINGS
[  5.322s] [Startup] Firing UPDATE_CHAT_WINDOWS
[  5.327s] [Startup] Firing LFG_UPDATE_RANDOM_INFO
[  5.328s] [Startup] end post-login events in 197.59ms
[  5.328s] [Startup] begin close startup special windows
[  5.328s] [Startup] end close startup special windows in 400.09µs
[  5.328s] [Startup] begin FIRST_FRAME_RENDERED
[  5.328s] [Startup] Firing FIRST_FRAME_RENDERED
[  5.328s] [Startup] end FIRST_FRAME_RENDERED in 236.75µs
[  5.328s] [Startup] begin unblock hidden splash alerts
[  5.328s] [Startup] end unblock hidden splash alerts in 19.63µs
[  5.328s] [Startup] begin post-event workarounds
[  5.328s] [Startup] end post-event workarounds in 1.01µs
error: test failed, to rerun pass `--test prefork_full_ui`

Caused by:
  process didn't exit successfully: `/home/osso/.worktrees/wow-ui-sim-p925-page/target/debug/deps/prefork_full_ui-34a818a91c447c36 patch_9_2_5_publication_sweep` (exit status: 1)
