running 29 tests
test patch_10_0_0_publication_sweep::patch_10_0_0_animation_probe_factories ... ok
test patch_10_0_2_publication_sweep::patch_10_0_2_publication_sweep ... ok
test patch_10_0_0_publication_sweep::patch_10_0_0_publication_sweep ... ok
test patch_10_0_5_publication_sweep::patch_10_0_5_publication_sweep ... ok
test patch_10_0_7_publication_sweep::patch_10_0_7_publication_sweep ... ok
test patch_10_1_0_publication_sweep::patch_10_1_0_publication_sweep ... ok
test patch_10_1_5_publication_sweep::patch_10_1_5_publication_sweep ... ok
test patch_10_1_7_publication_sweep::patch_10_1_7_publication_sweep ... ok
test patch_10_2_0_publication_sweep::patch_10_2_0_publication_sweep ... ok
test patch_10_2_5_publication_sweep::patch_10_2_5_publication_sweep ... ok
test patch_10_2_7_publication_sweep::patch_10_2_7_publication_sweep ... ok
test patch_10_2_6_publication_sweep::patch_10_2_6_publication_sweep ... ok
test patch_11_0_2_publication_sweep::patch_11_0_2_publication_sweep ... ok
test patch_11_0_5_publication_sweep::patch_11_0_5_publication_sweep ... ok
test patch_11_0_0_publication_sweep::patch_11_0_0_publication_sweep ... ok
test patch_11_0_7_publication_sweep::patch_11_0_7_publication_sweep ... ok
test patch_11_1_0_publication_sweep::patch_11_1_0_publication_sweep ... ok
test patch_11_1_5_publication_sweep::patch_11_1_5_publication_sweep ... ok
test patch_11_1_7_publication_sweep::patch_11_1_7_publication_sweep ... ok
test patch_11_2_0_publication_sweep::patch_11_2_0_publication_sweep ... ok
test patch_11_2_5_publication_sweep::patch_11_2_5_publication_sweep ... ok
test patch_11_2_7_publication_sweep::patch_11_2_7_publication_sweep ... ok
test patch_12_0_0_publication_sweep::patch_12_0_0_publication_sweep ... ok
test patch_12_0_1_publication_sweep::patch_12_0_1_publication_sweep ... ok
test patch_12_0_5_publication_sweep::patch_12_0_5_publication_sweep ... ok
test patch_12_0_7_publication_sweep::patch_12_0_7_publication_sweep ... ok
test patch_9_2_5_publication_sweep::patch_9_2_5_publication_sweep ... ok
test patch_9_2_7_publication_sweep::patch_9_2_7_publication_sweep ... ok
test patch_12_1_0_publication_sweep::patch_12_1_0_publication_sweep ... ok

test result: ok. 29 passed; 0 failed; 29 total
warning: iced-wgpu-patched/Cargo.toml: `lints.clippy.large-enum-variant` is deprecated in favor of `lints.clippy.large_enum_variant` and will not work in a future edition
warning: iced-wgpu-patched/Cargo.toml: `lints.clippy.map-entry` is deprecated in favor of `lints.clippy.map_entry` and will not work in a future edition
warning: iced-wgpu-patched/Cargo.toml: `lints.clippy.match-wildcard-for-single-variants` is deprecated in favor of `lints.clippy.match_wildcard_for_single_variants` and will not work in a future edition
warning: iced-wgpu-patched/Cargo.toml: `lints.clippy.redundant-closure-for-method-calls` is deprecated in favor of `lints.clippy.redundant_closure_for_method_calls` and will not work in a future edition
warning: iced-wgpu-patched/Cargo.toml: `lints.clippy.trivially-copy-pass-by-ref` is deprecated in favor of `lints.clippy.trivially_copy_pass_by_ref` and will not work in a future edition
warning: iced-wgpu-patched/Cargo.toml: `lints.clippy.type-complexity` is deprecated in favor of `lints.clippy.type_complexity` and will not work in a future edition
warning: `iced_wgpu` (manifest) generated 6 warnings
   Compiling wow-ui-sim v0.1.0 (/home/osso/.worktrees/wow-ui-sim-p925-page)
    Finished `test` profile [optimized + debuginfo] target(s) in 30.28s
     Running tests/prefork_full_ui.rs (target/debug/deps/prefork_full_ui-34a818a91c447c36)
[  0.000s] [Startup] WowLuaEnv::new begin
[  0.002s] [Startup] SimState::default complete in 2.40ms
[  0.003s] [Startup] rilua VM created in 132.94µs
[  0.003s] [Startup] builtin frames initialized in 81.33µs
[  0.003s] [Startup] template registry cleared in 5.52µs
[  0.003s] [Startup] intrinsic templates registered in 7.47µs
[  0.003s] [Startup] initial app_data lua handle installed in 541.00ns
[  0.198s] [Startup] init_lua_state complete in 195.66ms
[  0.198s] [Startup] final app_data lua handle installed in 330.00ns
[  0.199s] [Startup] initial screen globals installed in 150.00µs
[  0.199s] [Startup] WowLuaEnv::new complete
[  3.851s] [Startup] apply_post_load_workarounds: begin
[  3.851s] [Workarounds] starting patch_edit_mode_manager
[  3.852s] [Workarounds] finished patch_edit_mode_manager in 389.59µs
[  3.852s] [Workarounds] starting init_edit_mode_layout
[  3.852s] [EditMode] starting setup_layout_info
[  3.856s] [EditMode] finished setup_layout_info in 4.86ms
[  3.856s] [EditMode] starting apply_system_anchors
[  4.087s] [EditMode] finished apply_system_anchors in 230.75ms
[  4.087s] [EditMode] starting finalize_action_bar_positions
[  4.090s] [EditMode] finished finalize_action_bar_positions in 3.27ms
[  4.090s] [EditMode] starting invoke_anchor_changed_hooks
[  4.091s] [EditMode] finished invoke_anchor_changed_hooks in 575.98µs
[  4.091s] [EditMode] starting fix_action_bar_nan_size
[  4.091s] [EditMode] finished fix_action_bar_nan_size in 70.68µs
[  4.091s] [EditMode] starting fix_action_bar_scale
[  4.091s] [EditMode] finished fix_action_bar_scale in 7.55µs
[  4.091s] [Workarounds] finished init_edit_mode_layout in 239.58ms
[  4.091s] [Workarounds] starting patch_ui_parent_panel_toggles
[  4.091s] [Workarounds] finished patch_ui_parent_panel_toggles in 286.56µs
[  4.091s] [Workarounds] starting patch_uiparent_onupdate_worklists
[  4.092s] [Workarounds] finished patch_uiparent_onupdate_worklists in 134.94µs
[  4.092s] [Workarounds] starting init_chat_type_colors
[  4.092s] [Workarounds] finished init_chat_type_colors in 179.12µs
[  4.092s] [Workarounds] starting patch_chat_voice_button_surface
[  4.092s] [Workarounds] finished patch_chat_voice_button_surface in 201.33µs
[  4.092s] [Workarounds] starting patch_item_socketing_tooltips
[  4.092s] [Workarounds] finished patch_item_socketing_tooltips in 104.25µs
[  4.092s] [Workarounds] starting patch_character_select_selected_name
[  4.092s] [Workarounds] finished patch_character_select_selected_name in 55.24µs
[  4.092s] [Workarounds] starting patch_character_create_defaults
[  4.092s] [Workarounds] finished patch_character_create_defaults in 289.57µs
[  4.092s] [Workarounds] starting patch_character_frame_title_refresh
[  4.100s] [Workarounds] finished patch_character_frame_title_refresh in 7.88ms
[  4.100s] [Workarounds] starting patch_vignette_pin_template
[  4.100s] [Workarounds] finished patch_vignette_pin_template in 157.03µs
[  4.100s] [Workarounds] starting patch_fog_of_war_pin_mixin
[  4.101s] [Workarounds] finished patch_fog_of_war_pin_mixin in 353.09µs
[  4.101s] [Workarounds] starting patch_map_exploration_pin_mixin
[  4.108s] [Workarounds] finished patch_map_exploration_pin_mixin in 6.74ms
[  4.108s] [Workarounds] starting patch_map_canvas_data_provider_attachment
[  4.108s] [Workarounds] finished patch_map_canvas_data_provider_attachment in 116.45µs
[  4.108s] [Workarounds] starting ensure_adventure_map_frame_surface
[  4.108s] [Workarounds] finished ensure_adventure_map_frame_surface in 595.83µs
[  4.108s] [Workarounds] starting patch_action_bar_button_event_fanout
[  4.108s] [Workarounds] finished patch_action_bar_button_event_fanout in 161.95µs
[  4.108s] [Workarounds] starting patch_paging_controls_page_text
[  4.109s] [Workarounds] finished patch_paging_controls_page_text in 57.33µs
[  4.109s] [Workarounds] starting patch_talent_edge_frame_level_sync
[  4.109s] [Workarounds] finished patch_talent_edge_frame_level_sync in 35.22µs
[  4.109s] [Workarounds] starting patch_catalog_shop_product_card_defaults
[  4.109s] [Workarounds] finished patch_catalog_shop_product_card_defaults in 71.43µs
[  4.109s] [Workarounds] starting patch_game_time_defaults
[  4.109s] [Workarounds] finished patch_game_time_defaults in 8.38µs
[  4.109s] [Workarounds] starting patch_tooltip_nineslice_surface
[  4.109s] [Workarounds] finished patch_tooltip_nineslice_surface in 55.18µs
[  4.109s] [Workarounds] starting patch_container_frame_token_tracker
[  4.109s] [Workarounds] finished patch_container_frame_token_tracker in 47.64µs
[  4.109s] [Workarounds] starting patch_achievement_display_set_achievements
[  4.109s] [Workarounds] finished patch_achievement_display_set_achievements in 9.62µs
[  4.109s] [Workarounds] starting patch_housing_dashboard_preload
[  4.109s] [Workarounds] finished patch_housing_dashboard_preload in 204.05µs
[  4.109s] [Workarounds] starting patch_lfg_lock_list
[  4.109s] [Workarounds] finished patch_lfg_lock_list in 47.33µs
[  4.109s] [Workarounds] starting patch_auction_house_browse_results_event
[  4.109s] [Workarounds] finished patch_auction_house_browse_results_event in 74.35µs
[  4.109s] [Workarounds] starting patch_auction_house_search_context_aliases
[  4.109s] [Workarounds] finished patch_auction_house_search_context_aliases in 34.01µs
[  4.109s] [Workarounds] starting patch_auth_challenge_frame_parent
[  4.109s] [Workarounds] finished patch_auth_challenge_frame_parent in 84.18µs
[  4.109s] [Workarounds] starting patch_settings_surface_defaults
[  4.110s] [Workarounds] finished patch_settings_surface_defaults in 447.13µs
[  4.110s] [Workarounds] starting patch_settings_canvas_layout_visibility
[  4.110s] [Workarounds] finished patch_settings_canvas_layout_visibility in 131.86µs
[  4.110s] [Startup] apply_post_load_workarounds: workarounds complete
[  4.194s] [Startup] apply_post_load_workarounds: globals restored
[  4.194s] [Startup] apply_post_load_workarounds: patch 12.1 compatibility restored
[  4.194s] [Startup] apply_post_load_workarounds: seterrorhandler restored
[  4.362s] [Startup] begin login sequence
[  4.362s] [Startup] Firing ADDON_LOADED
[  4.363s] [Startup] Firing VARIABLES_LOADED
[  4.509s] [Startup] Firing DISPLAY_SIZE_CHANGED
[  4.570s] [Startup] Firing UI_SCALE_CHANGED
[  4.572s] [Startup] Firing PLAYER_LOGIN
[  4.572s] [Startup] end login sequence in 209.30ms
[  4.572s] [Startup] begin world enter sequence
[  4.572s] [Startup] Skipping EDIT_MODE_LAYOUTS_UPDATED
[  4.572s] [Startup] Firing TIME_PLAYED_MSG via RequestTimePlayed
[  4.572s] [Startup] Firing PLAYER_ENTERING_WORLD
[  4.967s] [EditMode] starting setup_layout_info
[  4.973s] [EditMode] finished setup_layout_info in 6.10ms
[  4.973s] [EditMode] starting apply_system_anchors
[  5.182s] [EditMode] finished apply_system_anchors in 208.72ms
[  5.182s] [EditMode] starting finalize_action_bar_positions
[  5.186s] [EditMode] finished finalize_action_bar_positions in 4.39ms
[  5.186s] [EditMode] starting invoke_anchor_changed_hooks
[  5.194s] [EditMode] finished invoke_anchor_changed_hooks in 8.02ms
[  5.194s] [EditMode] starting fix_action_bar_nan_size
[  5.194s] [EditMode] finished fix_action_bar_nan_size in 107.45µs
[  5.194s] [EditMode] starting fix_action_bar_scale
[  5.194s] [EditMode] finished fix_action_bar_scale in 7.81µs
[  5.194s] [EditMode] starting reapply_player_frame_anchor
[  5.196s] [EditMode] finished reapply_player_frame_anchor in 1.98ms
[  5.207s] [Startup] end world enter sequence in 635.72ms
[  5.207s] [Startup] begin post-login events
[  5.209s] [Startup] Firing UNIT_AURA
[  5.210s] [Startup] Firing PET_UI_UPDATE
[  5.213s] [Startup] Firing BAG_UPDATE_DELAYED
[  5.215s] [Startup] Firing QUEST_LOG_UPDATE
[  5.216s] [Startup] Firing GROUP_ROSTER_UPDATE
[  5.366s] [Startup] Firing ACTIONBAR_UPDATE_STATE
[  5.366s] [Startup] Firing ACTIONBAR_UPDATE_COOLDOWN
[  5.368s] [Startup] Firing UPDATE_BONUS_ACTIONBAR
[  5.395s] [Startup] Firing PLAYER_CAN_GLIDE_CHANGED
[  5.395s] [Startup] Firing PLAYER_IS_GLIDING_CHANGED
[  5.395s] [Startup] Firing UPDATE_BINDINGS
[  5.399s] [Startup] Firing UPDATE_CHAT_WINDOWS
[  5.403s] [Startup] Firing LFG_UPDATE_RANDOM_INFO
[  5.404s] [Startup] end post-login events in 196.91ms
[  5.404s] [Startup] begin close startup special windows
[  5.405s] [Startup] end close startup special windows in 387.71µs
[  5.405s] [Startup] begin FIRST_FRAME_RENDERED
[  5.405s] [Startup] Firing FIRST_FRAME_RENDERED
[  5.405s] [Startup] end FIRST_FRAME_RENDERED in 227.50µs
[  5.405s] [Startup] begin unblock hidden splash alerts
[  5.405s] [Startup] end unblock hidden splash alerts in 19.20µs
[  5.405s] [Startup] begin post-event workarounds
[  5.405s] [Startup] end post-event workarounds in 982.00ns
