running 1 tests
test patch_3_0_8_publication_sweep::patch_3_0_8_publication_sweep ... FAILED (panic: assertion `left == right` failed: new gaps: ["p308-negative-control"]; resolved/stale gaps: []
  left: {"p308-negative-control", "wt-cvars-gxStereoConvergence-39", "wt-cvars-gxStereoEnabled-39", "wt-cvars-gxStereoSeparation-39", "wt-global-api-AddIgnore-7", "wt-global-api-AddMute-7", "wt-global-api-CalendarContextDeselectEvent-31", "wt-global-api-CalendarContextGetEventIndex-32", "wt-global-api-CalendarContextSelectEvent-33", "wt-global-api-CalenderEventInvite-7", "wt-global-api-DelIgnore-7", "wt-global-api-DelMute-7", "wt-global-api-GetGlyphLink-45", "wt-global-api-GuildSetLeaderByName-7", "wt-global-api-IsStereoVideoAvailable-37", "wt-global-api-OpenCalendar-34", "wt-global-api-RemoveFriend-7", "wt-global-api-SetFriendNotes-7", "wt-global-api-TargetTotem-53", "wt-scriptobjects-Control:GetTIme-71", "wt-scriptobjects-Control:IsAnimating-73", "wt-scriptobjects-Control:SetAnimating-72", "wt-scriptobjects-Control:SetTimer-70", "wt-scriptobjects-FrameHandle:GetEffectiveScale-66", "wt-scriptobjects-FrameHandle:GetHeight-63", "wt-scriptobjects-FrameHandle:GetRect-64", "wt-scriptobjects-FrameHandle:GetScale-65", "wt-scriptobjects-FrameHandle:GetWidth-62", "wt-scriptobjects-FrameHandle:IsShown-60", "wt-scriptobjects-FrameHandle:IsVisible-61", "wt-scriptobjects-SecureHandlerMouseUpDownTemplate-57", "wt-scriptobjects-SecureHandlerMouseWheelTemplate-58", "wt-scriptobjects-SetUpAnimation-75", "wt-widgets-ScriptObject:HookScript-4", "wt-widgets-ScriptObject:SetScript-4"}
 right: {"wt-cvars-gxStereoConvergence-39", "wt-cvars-gxStereoEnabled-39", "wt-cvars-gxStereoSeparation-39", "wt-global-api-AddIgnore-7", "wt-global-api-AddMute-7", "wt-global-api-CalendarContextDeselectEvent-31", "wt-global-api-CalendarContextGetEventIndex-32", "wt-global-api-CalendarContextSelectEvent-33", "wt-global-api-CalenderEventInvite-7", "wt-global-api-DelIgnore-7", "wt-global-api-DelMute-7", "wt-global-api-GetGlyphLink-45", "wt-global-api-GuildSetLeaderByName-7", "wt-global-api-IsStereoVideoAvailable-37", "wt-global-api-OpenCalendar-34", "wt-global-api-RemoveFriend-7", "wt-global-api-SetFriendNotes-7", "wt-global-api-TargetTotem-53", "wt-scriptobjects-Control:GetTIme-71", "wt-scriptobjects-Control:IsAnimating-73", "wt-scriptobjects-Control:SetAnimating-72", "wt-scriptobjects-Control:SetTimer-70", "wt-scriptobjects-FrameHandle:GetEffectiveScale-66", "wt-scriptobjects-FrameHandle:GetHeight-63", "wt-scriptobjects-FrameHandle:GetRect-64", "wt-scriptobjects-FrameHandle:GetScale-65", "wt-scriptobjects-FrameHandle:GetWidth-62", "wt-scriptobjects-FrameHandle:IsShown-60", "wt-scriptobjects-FrameHandle:IsVisible-61", "wt-scriptobjects-SecureHandlerMouseUpDownTemplate-57", "wt-scriptobjects-SecureHandlerMouseWheelTemplate-58", "wt-scriptobjects-SetUpAnimation-75", "wt-widgets-ScriptObject:HookScript-4", "wt-widgets-ScriptObject:SetScript-4"})
---- patch_3_0_8_publication_sweep::patch_3_0_8_publication_sweep stderr ----

thread 'main' (2782447) panicked at /home/osso/.worktrees/wow-ui-sim-p308-source/tests/common/publication_sweep.rs:560:5:
assertion `left == right` failed: new gaps: ["p308-negative-control"]; resolved/stale gaps: []
  left: {"p308-negative-control", "wt-cvars-gxStereoConvergence-39", "wt-cvars-gxStereoEnabled-39", "wt-cvars-gxStereoSeparation-39", "wt-global-api-AddIgnore-7", "wt-global-api-AddMute-7", "wt-global-api-CalendarContextDeselectEvent-31", "wt-global-api-CalendarContextGetEventIndex-32", "wt-global-api-CalendarContextSelectEvent-33", "wt-global-api-CalenderEventInvite-7", "wt-global-api-DelIgnore-7", "wt-global-api-DelMute-7", "wt-global-api-GetGlyphLink-45", "wt-global-api-GuildSetLeaderByName-7", "wt-global-api-IsStereoVideoAvailable-37", "wt-global-api-OpenCalendar-34", "wt-global-api-RemoveFriend-7", "wt-global-api-SetFriendNotes-7", "wt-global-api-TargetTotem-53", "wt-scriptobjects-Control:GetTIme-71", "wt-scriptobjects-Control:IsAnimating-73", "wt-scriptobjects-Control:SetAnimating-72", "wt-scriptobjects-Control:SetTimer-70", "wt-scriptobjects-FrameHandle:GetEffectiveScale-66", "wt-scriptobjects-FrameHandle:GetHeight-63", "wt-scriptobjects-FrameHandle:GetRect-64", "wt-scriptobjects-FrameHandle:GetScale-65", "wt-scriptobjects-FrameHandle:GetWidth-62", "wt-scriptobjects-FrameHandle:IsShown-60", "wt-scriptobjects-FrameHandle:IsVisible-61", "wt-scriptobjects-SecureHandlerMouseUpDownTemplate-57", "wt-scriptobjects-SecureHandlerMouseWheelTemplate-58", "wt-scriptobjects-SetUpAnimation-75", "wt-widgets-ScriptObject:HookScript-4", "wt-widgets-ScriptObject:SetScript-4"}
 right: {"wt-cvars-gxStereoConvergence-39", "wt-cvars-gxStereoEnabled-39", "wt-cvars-gxStereoSeparation-39", "wt-global-api-AddIgnore-7", "wt-global-api-AddMute-7", "wt-global-api-CalendarContextDeselectEvent-31", "wt-global-api-CalendarContextGetEventIndex-32", "wt-global-api-CalendarContextSelectEvent-33", "wt-global-api-CalenderEventInvite-7", "wt-global-api-DelIgnore-7", "wt-global-api-DelMute-7", "wt-global-api-GetGlyphLink-45", "wt-global-api-GuildSetLeaderByName-7", "wt-global-api-IsStereoVideoAvailable-37", "wt-global-api-OpenCalendar-34", "wt-global-api-RemoveFriend-7", "wt-global-api-SetFriendNotes-7", "wt-global-api-TargetTotem-53", "wt-scriptobjects-Control:GetTIme-71", "wt-scriptobjects-Control:IsAnimating-73", "wt-scriptobjects-Control:SetAnimating-72", "wt-scriptobjects-Control:SetTimer-70", "wt-scriptobjects-FrameHandle:GetEffectiveScale-66", "wt-scriptobjects-FrameHandle:GetHeight-63", "wt-scriptobjects-FrameHandle:GetRect-64", "wt-scriptobjects-FrameHandle:GetScale-65", "wt-scriptobjects-FrameHandle:GetWidth-62", "wt-scriptobjects-FrameHandle:IsShown-60", "wt-scriptobjects-FrameHandle:IsVisible-61", "wt-scriptobjects-SecureHandlerMouseUpDownTemplate-57", "wt-scriptobjects-SecureHandlerMouseWheelTemplate-58", "wt-scriptobjects-SetUpAnimation-75", "wt-widgets-ScriptObject:HookScript-4", "wt-widgets-ScriptObject:SetScript-4"}
note: run with `RUST_BACKTRACE=1` environment variable to display a backtrace

test result: FAILED. 0 passed; 1 failed; 1 total
warning: iced-wgpu-patched/Cargo.toml: `lints.clippy.large-enum-variant` is deprecated in favor of `lints.clippy.large_enum_variant` and will not work in a future edition
warning: iced-wgpu-patched/Cargo.toml: `lints.clippy.map-entry` is deprecated in favor of `lints.clippy.map_entry` and will not work in a future edition
warning: iced-wgpu-patched/Cargo.toml: `lints.clippy.match-wildcard-for-single-variants` is deprecated in favor of `lints.clippy.match_wildcard_for_single_variants` and will not work in a future edition
warning: iced-wgpu-patched/Cargo.toml: `lints.clippy.redundant-closure-for-method-calls` is deprecated in favor of `lints.clippy.redundant_closure_for_method_calls` and will not work in a future edition
warning: iced-wgpu-patched/Cargo.toml: `lints.clippy.trivially-copy-pass-by-ref` is deprecated in favor of `lints.clippy.trivially_copy_pass_by_ref` and will not work in a future edition
warning: iced-wgpu-patched/Cargo.toml: `lints.clippy.type-complexity` is deprecated in favor of `lints.clippy.type_complexity` and will not work in a future edition
warning: `iced_wgpu` (manifest) generated 6 warnings
    Finished `test` profile [optimized + debuginfo] target(s) in 0.13s
     Running tests/prefork_full_ui.rs (target/debug/deps/prefork_full_ui-21dd5c807fe7a7b6)
[  0.000s] [Startup] WowLuaEnv::new begin
[  0.001s] [Startup] SimState::default complete in 1.46ms
[  0.002s] [Startup] rilua VM created in 85.64µs
[  0.002s] [Startup] builtin frames initialized in 59.05µs
[  0.002s] [Startup] template registry cleared in 5.36µs
[  0.002s] [Startup] intrinsic templates registered in 4.68µs
[  0.002s] [Startup] initial app_data lua handle installed in 501.00ns
[  0.091s] [Startup] init_lua_state complete in 89.25ms
[  0.091s] [Startup] final app_data lua handle installed in 160.00ns
[  0.091s] [Startup] initial screen globals installed in 48.50µs
[  0.091s] [Startup] WowLuaEnv::new complete
[  1.880s] [Startup] apply_post_load_workarounds: begin
[  1.880s] [Workarounds] starting patch_edit_mode_manager
[  1.880s] [Workarounds] finished patch_edit_mode_manager in 247.98µs
[  1.880s] [Workarounds] starting init_edit_mode_layout
[  1.880s] [EditMode] starting setup_layout_info
[  1.883s] [EditMode] finished setup_layout_info in 2.52ms
[  1.883s] [EditMode] starting apply_system_anchors
[  1.987s] [EditMode] finished apply_system_anchors in 104.19ms
[  1.987s] [EditMode] starting finalize_action_bar_positions
[  1.988s] [EditMode] finished finalize_action_bar_positions in 1.36ms
[  1.988s] [EditMode] starting invoke_anchor_changed_hooks
[  1.988s] [EditMode] finished invoke_anchor_changed_hooks in 325.16µs
[  1.988s] [EditMode] starting fix_action_bar_nan_size
[  1.988s] [EditMode] finished fix_action_bar_nan_size in 31.75µs
[  1.988s] [EditMode] starting fix_action_bar_scale
[  1.988s] [EditMode] finished fix_action_bar_scale in 3.48µs
[  1.988s] [Workarounds] finished init_edit_mode_layout in 108.46ms
[  1.988s] [Workarounds] starting patch_ui_parent_panel_toggles
[  1.989s] [Workarounds] finished patch_ui_parent_panel_toggles in 182.13µs
[  1.989s] [Workarounds] starting patch_uiparent_onupdate_worklists
[  1.989s] [Workarounds] finished patch_uiparent_onupdate_worklists in 74.59µs
[  1.989s] [Workarounds] starting init_chat_type_colors
[  1.989s] [Workarounds] finished init_chat_type_colors in 97.07µs
[  1.989s] [Workarounds] starting patch_chat_voice_button_surface
[  1.989s] [Workarounds] finished patch_chat_voice_button_surface in 87.55µs
[  1.989s] [Workarounds] starting patch_item_socketing_tooltips
[  1.989s] [Workarounds] finished patch_item_socketing_tooltips in 45.45µs
[  1.989s] [Workarounds] starting patch_character_select_selected_name
[  1.989s] [Workarounds] finished patch_character_select_selected_name in 23.76µs
[  1.989s] [Workarounds] starting patch_character_create_defaults
[  1.989s] [Workarounds] finished patch_character_create_defaults in 174.37µs
[  1.989s] [Workarounds] starting patch_character_frame_title_refresh
[  1.994s] [Workarounds] finished patch_character_frame_title_refresh in 4.51ms
[  1.994s] [Workarounds] starting patch_vignette_pin_template
[  1.994s] [Workarounds] finished patch_vignette_pin_template in 68.20µs
[  1.994s] [Workarounds] starting patch_fog_of_war_pin_mixin
[  1.994s] [Workarounds] finished patch_fog_of_war_pin_mixin in 211.56µs
[  1.994s] [Workarounds] starting patch_map_exploration_pin_mixin
[  1.998s] [Workarounds] finished patch_map_exploration_pin_mixin in 4.31ms
[  1.998s] [Workarounds] starting patch_map_canvas_data_provider_attachment
[  1.998s] [Workarounds] finished patch_map_canvas_data_provider_attachment in 49.45µs
[  1.998s] [Workarounds] starting ensure_adventure_map_frame_surface
[  1.999s] [Workarounds] finished ensure_adventure_map_frame_surface in 326.11µs
[  1.999s] [Workarounds] starting patch_action_bar_button_event_fanout
[  1.999s] [Workarounds] finished patch_action_bar_button_event_fanout in 75.35µs
[  1.999s] [Workarounds] starting patch_paging_controls_page_text
[  1.999s] [Workarounds] finished patch_paging_controls_page_text in 28.89µs
[  1.999s] [Workarounds] starting patch_talent_edge_frame_level_sync
[  1.999s] [Workarounds] finished patch_talent_edge_frame_level_sync in 23.22µs
[  1.999s] [Workarounds] starting patch_catalog_shop_product_card_defaults
[  1.999s] [Workarounds] finished patch_catalog_shop_product_card_defaults in 53.10µs
[  1.999s] [Workarounds] starting patch_game_time_defaults
[  1.999s] [Workarounds] finished patch_game_time_defaults in 5.70µs
[  1.999s] [Workarounds] starting patch_tooltip_nineslice_surface
[  1.999s] [Workarounds] finished patch_tooltip_nineslice_surface in 35.00µs
[  1.999s] [Workarounds] starting patch_container_frame_token_tracker
[  1.999s] [Workarounds] finished patch_container_frame_token_tracker in 30.58µs
[  1.999s] [Workarounds] starting patch_achievement_display_set_achievements
[  1.999s] [Workarounds] finished patch_achievement_display_set_achievements in 6.28µs
[  1.999s] [Workarounds] starting patch_housing_dashboard_preload
[  1.999s] [Workarounds] finished patch_housing_dashboard_preload in 122.69µs
[  1.999s] [Workarounds] starting patch_lfg_lock_list
[  1.999s] [Workarounds] finished patch_lfg_lock_list in 24.56µs
[  1.999s] [Workarounds] starting patch_auction_house_browse_results_event
[  1.999s] [Workarounds] finished patch_auction_house_browse_results_event in 50.41µs
[  1.999s] [Workarounds] starting patch_auction_house_search_context_aliases
[  1.999s] [Workarounds] finished patch_auction_house_search_context_aliases in 22.75µs
[  1.999s] [Workarounds] starting patch_auth_challenge_frame_parent
[  1.999s] [Workarounds] finished patch_auth_challenge_frame_parent in 49.43µs
[  1.999s] [Workarounds] starting patch_settings_surface_defaults
[  1.999s] [Workarounds] finished patch_settings_surface_defaults in 261.84µs
[  1.999s] [Workarounds] starting patch_settings_canvas_layout_visibility
[  2.000s] [Workarounds] finished patch_settings_canvas_layout_visibility in 86.61µs
[  2.000s] [Startup] apply_post_load_workarounds: workarounds complete
[  2.045s] [Startup] apply_post_load_workarounds: globals restored
[  2.045s] [Startup] apply_post_load_workarounds: patch 12.1 compatibility restored
[  2.045s] [Startup] apply_post_load_workarounds: seterrorhandler restored
[  2.164s] [Startup] begin login sequence
[  2.164s] [Startup] Firing ADDON_LOADED
[  2.164s] [Startup] Firing VARIABLES_LOADED
[  2.238s] [Startup] Firing DISPLAY_SIZE_CHANGED
[  2.274s] [Startup] Firing UI_SCALE_CHANGED
[  2.275s] [Startup] Firing PLAYER_LOGIN
[  2.275s] [Startup] end login sequence in 110.84ms
[  2.275s] [Startup] begin world enter sequence
[  2.275s] [Startup] Skipping EDIT_MODE_LAYOUTS_UPDATED
[  2.275s] [Startup] Firing TIME_PLAYED_MSG via RequestTimePlayed
[  2.275s] [Startup] Firing PLAYER_ENTERING_WORLD
[  2.451s] [EditMode] starting setup_layout_info
[  2.454s] [EditMode] finished setup_layout_info in 2.97ms
[  2.454s] [EditMode] starting apply_system_anchors
[  2.550s] [EditMode] finished apply_system_anchors in 95.66ms
[  2.550s] [EditMode] starting finalize_action_bar_positions
[  2.552s] [EditMode] finished finalize_action_bar_positions in 1.64ms
[  2.552s] [EditMode] starting invoke_anchor_changed_hooks
[  2.556s] [EditMode] finished invoke_anchor_changed_hooks in 4.42ms
[  2.556s] [EditMode] starting fix_action_bar_nan_size
[  2.556s] [EditMode] finished fix_action_bar_nan_size in 48.05µs
[  2.556s] [EditMode] starting fix_action_bar_scale
[  2.556s] [EditMode] finished fix_action_bar_scale in 3.38µs
[  2.556s] [EditMode] starting reapply_player_frame_anchor
[  2.557s] [EditMode] finished reapply_player_frame_anchor in 1.11ms
[  2.564s] [Startup] end world enter sequence in 289.44ms
[  2.564s] [Startup] begin post-login events
[  2.565s] [Startup] Firing UNIT_AURA
[  2.565s] [Startup] Firing PET_UI_UPDATE
[  2.566s] [Startup] Firing BAG_UPDATE_DELAYED
[  2.567s] [Startup] Firing QUEST_LOG_UPDATE
[  2.568s] [Startup] Firing GROUP_ROSTER_UPDATE
[  2.633s] [Startup] Firing ACTIONBAR_UPDATE_STATE
[  2.633s] [Startup] Firing ACTIONBAR_UPDATE_COOLDOWN
[  2.634s] [Startup] Firing UPDATE_BONUS_ACTIONBAR
[  2.643s] [Startup] Firing PLAYER_CAN_GLIDE_CHANGED
[  2.643s] [Startup] Firing PLAYER_IS_GLIDING_CHANGED
[  2.643s] [Startup] Firing UPDATE_BINDINGS
[  2.645s] [Startup] Firing UPDATE_CHAT_WINDOWS
[  2.647s] [Startup] Firing LFG_UPDATE_RANDOM_INFO
[  2.648s] [Startup] end post-login events in 84.00ms
[  2.648s] [Startup] begin close startup special windows
[  2.648s] [Startup] end close startup special windows in 206.12µs
[  2.648s] [Startup] begin FIRST_FRAME_RENDERED
[  2.648s] [Startup] Firing FIRST_FRAME_RENDERED
[  2.648s] [Startup] end FIRST_FRAME_RENDERED in 122.20µs
[  2.648s] [Startup] begin unblock hidden splash alerts
[  2.648s] [Startup] end unblock hidden splash alerts in 10.95µs
[  2.648s] [Startup] begin post-event workarounds
[  2.648s] [Startup] end post-event workarounds in 762.00ns
error: test failed, to rerun pass `--test prefork_full_ui`

Caused by:
  process didn't exit successfully: `/home/osso/.worktrees/wow-ui-sim-p308-source/target/debug/deps/prefork_full_ui-21dd5c807fe7a7b6 'patch_3_0_8_publication_sweep::patch_3_0_8_publication_sweep'` (exit status: 1)
