warning: iced-wgpu-patched/Cargo.toml: `lints.clippy.large-enum-variant` is deprecated in favor of `lints.clippy.large_enum_variant` and will not work in a future edition
warning: iced-wgpu-patched/Cargo.toml: `lints.clippy.map-entry` is deprecated in favor of `lints.clippy.map_entry` and will not work in a future edition
warning: iced-wgpu-patched/Cargo.toml: `lints.clippy.match-wildcard-for-single-variants` is deprecated in favor of `lints.clippy.match_wildcard_for_single_variants` and will not work in a future edition
warning: iced-wgpu-patched/Cargo.toml: `lints.clippy.redundant-closure-for-method-calls` is deprecated in favor of `lints.clippy.redundant_closure_for_method_calls` and will not work in a future edition
warning: iced-wgpu-patched/Cargo.toml: `lints.clippy.trivially-copy-pass-by-ref` is deprecated in favor of `lints.clippy.trivially_copy_pass_by_ref` and will not work in a future edition
warning: iced-wgpu-patched/Cargo.toml: `lints.clippy.type-complexity` is deprecated in favor of `lints.clippy.type_complexity` and will not work in a future edition
warning: `iced_wgpu` (manifest) generated 6 warnings
   Compiling wow-ui-sim v0.1.0 (/home/osso/.worktrees/wow-ui-sim-p730-page)
    Finished `test` profile [optimized + debuginfo] target(s) in 1m 05s
     Running tests/prefork_full_ui.rs (/home/osso/.cache/wow-ui-sim-targets/p730-page/debug/deps/prefork_full_ui-21dd5c807fe7a7b6)
[  0.000s] [Startup] WowLuaEnv::new begin
[  0.002s] [Startup] SimState::default complete in 1.83ms
[  0.002s] [Startup] rilua VM created in 80.73µs
[  0.002s] [Startup] builtin frames initialized in 56.34µs
[  0.002s] [Startup] template registry cleared in 6.90µs
[  0.002s] [Startup] intrinsic templates registered in 4.63µs
[  0.002s] [Startup] initial app_data lua handle installed in 691.00ns
[  0.105s] [Startup] init_lua_state complete in 102.90ms
[  0.105s] [Startup] final app_data lua handle installed in 310.00ns
[  0.105s] [Startup] initial screen globals installed in 78.12µs
[  0.105s] [Startup] WowLuaEnv::new complete
[  2.200s] [Startup] apply_post_load_workarounds: begin
[  2.200s] [Workarounds] starting patch_edit_mode_manager
[  2.200s] [Workarounds] finished patch_edit_mode_manager in 255.50µs
[  2.200s] [Workarounds] starting init_edit_mode_layout
[  2.200s] [EditMode] starting setup_layout_info
[  2.203s] [EditMode] finished setup_layout_info in 2.64ms
[  2.203s] [EditMode] starting apply_system_anchors
[  2.314s] [EditMode] finished apply_system_anchors in 111.35ms
[  2.314s] [EditMode] starting finalize_action_bar_positions
[  2.315s] [EditMode] finished finalize_action_bar_positions in 1.42ms
[  2.316s] [EditMode] starting invoke_anchor_changed_hooks
[  2.316s] [EditMode] finished invoke_anchor_changed_hooks in 335.44µs
[  2.316s] [EditMode] starting fix_action_bar_nan_size
[  2.316s] [EditMode] finished fix_action_bar_nan_size in 32.65µs
[  2.316s] [EditMode] starting fix_action_bar_scale
[  2.316s] [EditMode] finished fix_action_bar_scale in 3.71µs
[  2.316s] [Workarounds] finished init_edit_mode_layout in 115.83ms
[  2.316s] [Workarounds] starting patch_ui_parent_panel_toggles
[  2.316s] [Workarounds] finished patch_ui_parent_panel_toggles in 184.87µs
[  2.316s] [Workarounds] starting patch_uiparent_onupdate_worklists
[  2.316s] [Workarounds] finished patch_uiparent_onupdate_worklists in 76.88µs
[  2.316s] [Workarounds] starting init_chat_type_colors
[  2.316s] [Workarounds] finished init_chat_type_colors in 94.54µs
[  2.316s] [Workarounds] starting patch_chat_voice_button_surface
[  2.316s] [Workarounds] finished patch_chat_voice_button_surface in 91.38µs
[  2.316s] [Workarounds] starting patch_item_socketing_tooltips
[  2.316s] [Workarounds] finished patch_item_socketing_tooltips in 45.44µs
[  2.316s] [Workarounds] starting patch_character_select_selected_name
[  2.316s] [Workarounds] finished patch_character_select_selected_name in 24.46µs
[  2.316s] [Workarounds] starting patch_character_create_defaults
[  2.317s] [Workarounds] finished patch_character_create_defaults in 170.82µs
[  2.317s] [Workarounds] starting patch_character_frame_title_refresh
[  2.321s] [Workarounds] finished patch_character_frame_title_refresh in 4.53ms
[  2.321s] [Workarounds] starting patch_vignette_pin_template
[  2.321s] [Workarounds] finished patch_vignette_pin_template in 73.52µs
[  2.321s] [Workarounds] starting patch_fog_of_war_pin_mixin
[  2.321s] [Workarounds] finished patch_fog_of_war_pin_mixin in 216.31µs
[  2.321s] [Workarounds] starting patch_map_exploration_pin_mixin
[  2.326s] [Workarounds] finished patch_map_exploration_pin_mixin in 4.58ms
[  2.326s] [Workarounds] starting patch_map_canvas_data_provider_attachment
[  2.326s] [Workarounds] finished patch_map_canvas_data_provider_attachment in 49.07µs
[  2.326s] [Workarounds] starting ensure_adventure_map_frame_surface
[  2.326s] [Workarounds] finished ensure_adventure_map_frame_surface in 346.13µs
[  2.326s] [Workarounds] starting patch_action_bar_button_event_fanout
[  2.327s] [Workarounds] finished patch_action_bar_button_event_fanout in 80.17µs
[  2.327s] [Workarounds] starting patch_paging_controls_page_text
[  2.327s] [Workarounds] finished patch_paging_controls_page_text in 30.75µs
[  2.327s] [Workarounds] starting patch_talent_edge_frame_level_sync
[  2.327s] [Workarounds] finished patch_talent_edge_frame_level_sync in 23.66µs
[  2.327s] [Workarounds] starting patch_catalog_shop_product_card_defaults
[  2.327s] [Workarounds] finished patch_catalog_shop_product_card_defaults in 48.90µs
[  2.327s] [Workarounds] starting patch_game_time_defaults
[  2.327s] [Workarounds] finished patch_game_time_defaults in 5.61µs
[  2.327s] [Workarounds] starting patch_tooltip_nineslice_surface
[  2.327s] [Workarounds] finished patch_tooltip_nineslice_surface in 33.68µs
[  2.327s] [Workarounds] starting patch_container_frame_token_tracker
[  2.327s] [Workarounds] finished patch_container_frame_token_tracker in 32.50µs
[  2.327s] [Workarounds] starting patch_achievement_display_set_achievements
[  2.327s] [Workarounds] finished patch_achievement_display_set_achievements in 6.52µs
[  2.327s] [Workarounds] starting patch_housing_dashboard_preload
[  2.327s] [Workarounds] finished patch_housing_dashboard_preload in 129.01µs
[  2.327s] [Workarounds] starting patch_lfg_lock_list
[  2.327s] [Workarounds] finished patch_lfg_lock_list in 26.20µs
[  2.327s] [Workarounds] starting patch_auction_house_browse_results_event
[  2.327s] [Workarounds] finished patch_auction_house_browse_results_event in 50.35µs
[  2.327s] [Workarounds] starting patch_auction_house_search_context_aliases
[  2.327s] [Workarounds] finished patch_auction_house_search_context_aliases in 22.32µs
[  2.327s] [Workarounds] starting patch_auth_challenge_frame_parent
[  2.327s] [Workarounds] finished patch_auth_challenge_frame_parent in 57.00µs
[  2.327s] [Workarounds] starting patch_settings_surface_defaults
[  2.327s] [Workarounds] finished patch_settings_surface_defaults in 273.09µs
[  2.327s] [Workarounds] starting patch_settings_canvas_layout_visibility
[  2.327s] [Workarounds] finished patch_settings_canvas_layout_visibility in 87.27µs
[  2.327s] [Startup] apply_post_load_workarounds: workarounds complete
[  2.378s] [Startup] apply_post_load_workarounds: globals restored
[  2.378s] [Startup] apply_post_load_workarounds: patch 12.1 compatibility restored
[  2.378s] [Startup] apply_post_load_workarounds: seterrorhandler restored
[  2.507s] [Startup] begin login sequence
[  2.507s] [Startup] Firing ADDON_LOADED
[  2.507s] [Startup] Firing VARIABLES_LOADED
[  2.598s] [Startup] Firing DISPLAY_SIZE_CHANGED
[  2.646s] [Startup] Firing UI_SCALE_CHANGED
[  2.647s] [Startup] Firing PLAYER_LOGIN
[  2.647s] [Startup] end login sequence in 139.77ms
[  2.647s] [Startup] begin world enter sequence
[  2.647s] [Startup] Skipping EDIT_MODE_LAYOUTS_UPDATED
[  2.647s] [Startup] Firing TIME_PLAYED_MSG via RequestTimePlayed
[  2.647s] [Startup] Firing PLAYER_ENTERING_WORLD
[  2.850s] [EditMode] starting setup_layout_info
[  2.853s] [EditMode] finished setup_layout_info in 3.17ms
[  2.853s] [EditMode] starting apply_system_anchors
[  3.007s] [EditMode] finished apply_system_anchors in 154.25ms
[  3.007s] [EditMode] starting finalize_action_bar_positions
[  3.013s] [EditMode] finished finalize_action_bar_positions in 5.76ms
[  3.013s] [EditMode] starting invoke_anchor_changed_hooks
[  3.025s] [EditMode] finished invoke_anchor_changed_hooks in 11.74ms
[  3.025s] [EditMode] starting fix_action_bar_nan_size
[  3.025s] [EditMode] finished fix_action_bar_nan_size in 137.64µs
[  3.025s] [EditMode] starting fix_action_bar_scale
[  3.025s] [EditMode] finished fix_action_bar_scale in 9.70µs
[  3.025s] [EditMode] starting reapply_player_frame_anchor
[  3.027s] [EditMode] finished reapply_player_frame_anchor in 2.24ms
[  3.038s] [Startup] end world enter sequence in 391.39ms
[  3.038s] [Startup] begin post-login events
[  3.040s] [Startup] Firing UNIT_AURA
[  3.041s] [Startup] Firing PET_UI_UPDATE
[  3.045s] [Startup] Firing BAG_UPDATE_DELAYED
[  3.047s] [Startup] Firing QUEST_LOG_UPDATE
[  3.048s] [Startup] Firing GROUP_ROSTER_UPDATE
[  3.129s] [Startup] Firing ACTIONBAR_UPDATE_STATE
[  3.129s] [Startup] Firing ACTIONBAR_UPDATE_COOLDOWN
[  3.130s] [Startup] Firing UPDATE_BONUS_ACTIONBAR
[  3.139s] [Startup] Firing PLAYER_CAN_GLIDE_CHANGED
[  3.139s] [Startup] Firing PLAYER_IS_GLIDING_CHANGED
[  3.139s] [Startup] Firing UPDATE_BINDINGS
[  3.142s] [Startup] Firing UPDATE_CHAT_WINDOWS
[  3.145s] [Startup] Firing LFG_UPDATE_RANDOM_INFO
[  3.145s] [Startup] end post-login events in 107.18ms
[  3.145s] [Startup] begin close startup special windows
[  3.146s] [Startup] end close startup special windows in 228.88µs
[  3.146s] [Startup] begin FIRST_FRAME_RENDERED
[  3.146s] [Startup] Firing FIRST_FRAME_RENDERED
[  3.146s] [Startup] end FIRST_FRAME_RENDERED in 146.34µs
[  3.146s] [Startup] begin unblock hidden splash alerts
[  3.146s] [Startup] end unblock hidden splash alerts in 12.59µs
[  3.146s] [Startup] begin post-event workarounds
[  3.146s] [Startup] end post-event workarounds in 1.00µs
running 1 tests
test patch_7_3_0_publication_sweep::patch_7_3_0_publication_sweep ... ok

test result: ok. 1 passed; 0 failed; 1 total
