warning: iced-wgpu-patched/Cargo.toml: `lints.clippy.large-enum-variant` is deprecated in favor of `lints.clippy.large_enum_variant` and will not work in a future edition
warning: iced-wgpu-patched/Cargo.toml: `lints.clippy.map-entry` is deprecated in favor of `lints.clippy.map_entry` and will not work in a future edition
warning: iced-wgpu-patched/Cargo.toml: `lints.clippy.match-wildcard-for-single-variants` is deprecated in favor of `lints.clippy.match_wildcard_for_single_variants` and will not work in a future edition
warning: iced-wgpu-patched/Cargo.toml: `lints.clippy.redundant-closure-for-method-calls` is deprecated in favor of `lints.clippy.redundant_closure_for_method_calls` and will not work in a future edition
warning: iced-wgpu-patched/Cargo.toml: `lints.clippy.trivially-copy-pass-by-ref` is deprecated in favor of `lints.clippy.trivially_copy_pass_by_ref` and will not work in a future edition
warning: iced-wgpu-patched/Cargo.toml: `lints.clippy.type-complexity` is deprecated in favor of `lints.clippy.type_complexity` and will not work in a future edition
warning: `iced_wgpu` (manifest) generated 6 warnings
    Blocking waiting for file lock on package cache
    Blocking waiting for file lock on package cache
    Blocking waiting for file lock on package cache
   Compiling wow-ui-sim v0.1.0 (/home/osso/.worktrees/wow-ui-sim-p730-page)
    Finished `test` profile [optimized + debuginfo] target(s) in 1m 20s
     Running tests/prefork_full_ui.rs (/home/osso/.cache/wow-ui-sim-targets/p730-page/debug/deps/prefork_full_ui-21dd5c807fe7a7b6)
[  0.000s] [Startup] WowLuaEnv::new begin
[  0.002s] [Startup] SimState::default complete in 1.49ms
[  0.002s] [Startup] rilua VM created in 78.35µs
[  0.002s] [Startup] builtin frames initialized in 61.76µs
[  0.002s] [Startup] template registry cleared in 6.25µs
[  0.002s] [Startup] intrinsic templates registered in 4.86µs
[  0.002s] [Startup] initial app_data lua handle installed in 361.00ns
[  0.093s] [Startup] init_lua_state complete in 91.12ms
[  0.093s] [Startup] final app_data lua handle installed in 191.00ns
[  0.093s] [Startup] initial screen globals installed in 55.81µs
[  0.093s] [Startup] WowLuaEnv::new complete
[  2.025s] [Startup] apply_post_load_workarounds: begin
[  2.025s] [Workarounds] starting patch_edit_mode_manager
[  2.025s] [Workarounds] finished patch_edit_mode_manager in 250.06µs
[  2.025s] [Workarounds] starting init_edit_mode_layout
[  2.025s] [EditMode] starting setup_layout_info
[  2.028s] [EditMode] finished setup_layout_info in 2.70ms
[  2.028s] [EditMode] starting apply_system_anchors
[  2.145s] [EditMode] finished apply_system_anchors in 116.47ms
[  2.145s] [EditMode] starting finalize_action_bar_positions
[  2.146s] [EditMode] finished finalize_action_bar_positions in 1.45ms
[  2.146s] [EditMode] starting invoke_anchor_changed_hooks
[  2.146s] [EditMode] finished invoke_anchor_changed_hooks in 339.08µs
[  2.146s] [EditMode] starting fix_action_bar_nan_size
[  2.146s] [EditMode] finished fix_action_bar_nan_size in 32.29µs
[  2.146s] [EditMode] starting fix_action_bar_scale
[  2.146s] [EditMode] finished fix_action_bar_scale in 3.89µs
[  2.146s] [Workarounds] finished init_edit_mode_layout in 121.06ms
[  2.147s] [Workarounds] starting patch_ui_parent_panel_toggles
[  2.147s] [Workarounds] finished patch_ui_parent_panel_toggles in 189.21µs
[  2.147s] [Workarounds] starting patch_uiparent_onupdate_worklists
[  2.147s] [Workarounds] finished patch_uiparent_onupdate_worklists in 76.89µs
[  2.147s] [Workarounds] starting init_chat_type_colors
[  2.147s] [Workarounds] finished init_chat_type_colors in 98.79µs
[  2.147s] [Workarounds] starting patch_chat_voice_button_surface
[  2.147s] [Workarounds] finished patch_chat_voice_button_surface in 94.82µs
[  2.147s] [Workarounds] starting patch_item_socketing_tooltips
[  2.147s] [Workarounds] finished patch_item_socketing_tooltips in 48.90µs
[  2.147s] [Workarounds] starting patch_character_select_selected_name
[  2.147s] [Workarounds] finished patch_character_select_selected_name in 24.89µs
[  2.147s] [Workarounds] starting patch_character_create_defaults
[  2.147s] [Workarounds] finished patch_character_create_defaults in 177.10µs
[  2.147s] [Workarounds] starting patch_character_frame_title_refresh
[  2.152s] [Workarounds] finished patch_character_frame_title_refresh in 4.58ms
[  2.152s] [Workarounds] starting patch_vignette_pin_template
[  2.152s] [Workarounds] finished patch_vignette_pin_template in 71.19µs
[  2.152s] [Workarounds] starting patch_fog_of_war_pin_mixin
[  2.152s] [Workarounds] finished patch_fog_of_war_pin_mixin in 215.51µs
[  2.152s] [Workarounds] starting patch_map_exploration_pin_mixin
[  2.157s] [Workarounds] finished patch_map_exploration_pin_mixin in 4.44ms
[  2.157s] [Workarounds] starting patch_map_canvas_data_provider_attachment
[  2.157s] [Workarounds] finished patch_map_canvas_data_provider_attachment in 49.63µs
[  2.157s] [Workarounds] starting ensure_adventure_map_frame_surface
[  2.157s] [Workarounds] finished ensure_adventure_map_frame_surface in 353.80µs
[  2.157s] [Workarounds] starting patch_action_bar_button_event_fanout
[  2.157s] [Workarounds] finished patch_action_bar_button_event_fanout in 79.72µs
[  2.157s] [Workarounds] starting patch_paging_controls_page_text
[  2.157s] [Workarounds] finished patch_paging_controls_page_text in 30.72µs
[  2.157s] [Workarounds] starting patch_talent_edge_frame_level_sync
[  2.157s] [Workarounds] finished patch_talent_edge_frame_level_sync in 23.57µs
[  2.157s] [Workarounds] starting patch_catalog_shop_product_card_defaults
[  2.157s] [Workarounds] finished patch_catalog_shop_product_card_defaults in 50.46µs
[  2.157s] [Workarounds] starting patch_game_time_defaults
[  2.157s] [Workarounds] finished patch_game_time_defaults in 6.08µs
[  2.157s] [Workarounds] starting patch_tooltip_nineslice_surface
[  2.157s] [Workarounds] finished patch_tooltip_nineslice_surface in 33.77µs
[  2.157s] [Workarounds] starting patch_container_frame_token_tracker
[  2.157s] [Workarounds] finished patch_container_frame_token_tracker in 32.39µs
[  2.157s] [Workarounds] starting patch_achievement_display_set_achievements
[  2.157s] [Workarounds] finished patch_achievement_display_set_achievements in 6.84µs
[  2.157s] [Workarounds] starting patch_housing_dashboard_preload
[  2.157s] [Workarounds] finished patch_housing_dashboard_preload in 131.60µs
[  2.157s] [Workarounds] starting patch_lfg_lock_list
[  2.157s] [Workarounds] finished patch_lfg_lock_list in 27.60µs
[  2.157s] [Workarounds] starting patch_auction_house_browse_results_event
[  2.157s] [Workarounds] finished patch_auction_house_browse_results_event in 52.15µs
[  2.157s] [Workarounds] starting patch_auction_house_search_context_aliases
[  2.157s] [Workarounds] finished patch_auction_house_search_context_aliases in 23.87µs
[  2.157s] [Workarounds] starting patch_auth_challenge_frame_parent
[  2.158s] [Workarounds] finished patch_auth_challenge_frame_parent in 54.69µs
[  2.158s] [Workarounds] starting patch_settings_surface_defaults
[  2.158s] [Workarounds] finished patch_settings_surface_defaults in 279.20µs
[  2.158s] [Workarounds] starting patch_settings_canvas_layout_visibility
[  2.158s] [Workarounds] finished patch_settings_canvas_layout_visibility in 87.63µs
[  2.158s] [Startup] apply_post_load_workarounds: workarounds complete
[  2.211s] [Startup] apply_post_load_workarounds: globals restored
[  2.211s] [Startup] apply_post_load_workarounds: patch 12.1 compatibility restored
[  2.211s] [Startup] apply_post_load_workarounds: seterrorhandler restored
[  2.343s] [Startup] begin login sequence
[  2.343s] [Startup] Firing ADDON_LOADED
[  2.343s] [Startup] Firing VARIABLES_LOADED
[  2.434s] [Startup] Firing DISPLAY_SIZE_CHANGED
[  2.479s] [Startup] Firing UI_SCALE_CHANGED
[  2.480s] [Startup] Firing PLAYER_LOGIN
[  2.480s] [Startup] end login sequence in 137.21ms
[  2.480s] [Startup] begin world enter sequence
[  2.480s] [Startup] Skipping EDIT_MODE_LAYOUTS_UPDATED
[  2.480s] [Startup] Firing TIME_PLAYED_MSG via RequestTimePlayed
[  2.480s] [Startup] Firing PLAYER_ENTERING_WORLD
[  2.685s] [EditMode] starting setup_layout_info
[  2.688s] [EditMode] finished setup_layout_info in 3.19ms
[  2.688s] [EditMode] starting apply_system_anchors
[  2.805s] [EditMode] finished apply_system_anchors in 116.69ms
[  2.805s] [EditMode] starting finalize_action_bar_positions
[  2.807s] [EditMode] finished finalize_action_bar_positions in 1.96ms
[  2.807s] [EditMode] starting invoke_anchor_changed_hooks
[  2.812s] [EditMode] finished invoke_anchor_changed_hooks in 4.94ms
[  2.812s] [EditMode] starting fix_action_bar_nan_size
[  2.812s] [EditMode] finished fix_action_bar_nan_size in 62.26µs
[  2.812s] [EditMode] starting fix_action_bar_scale
[  2.812s] [EditMode] finished fix_action_bar_scale in 4.27µs
[  2.812s] [EditMode] starting reapply_player_frame_anchor
[  2.813s] [EditMode] finished reapply_player_frame_anchor in 1.23ms
[  2.820s] [Startup] end world enter sequence in 340.46ms
[  2.820s] [Startup] begin post-login events
[  2.821s] [Startup] Firing UNIT_AURA
[  2.822s] [Startup] Firing PET_UI_UPDATE
[  2.823s] [Startup] Firing BAG_UPDATE_DELAYED
[  2.824s] [Startup] Firing QUEST_LOG_UPDATE
[  2.825s] [Startup] Firing GROUP_ROSTER_UPDATE
[  2.898s] [Startup] Firing ACTIONBAR_UPDATE_STATE
[  2.898s] [Startup] Firing ACTIONBAR_UPDATE_COOLDOWN
[  2.900s] [Startup] Firing UPDATE_BONUS_ACTIONBAR
[  2.909s] [Startup] Firing PLAYER_CAN_GLIDE_CHANGED
[  2.909s] [Startup] Firing PLAYER_IS_GLIDING_CHANGED
[  2.909s] [Startup] Firing UPDATE_BINDINGS
[  2.912s] [Startup] Firing UPDATE_CHAT_WINDOWS
[  2.914s] [Startup] Firing LFG_UPDATE_RANDOM_INFO
[  2.915s] [Startup] end post-login events in 94.80ms
[  2.915s] [Startup] begin close startup special windows
[  2.915s] [Startup] end close startup special windows in 232.37µs
[  2.915s] [Startup] begin FIRST_FRAME_RENDERED
[  2.915s] [Startup] Firing FIRST_FRAME_RENDERED
[  2.915s] [Startup] end FIRST_FRAME_RENDERED in 149.97µs
[  2.915s] [Startup] begin unblock hidden splash alerts
[  2.915s] [Startup] end unblock hidden splash alerts in 13.42µs
[  2.915s] [Startup] begin post-event workarounds
[  2.915s] [Startup] end post-event workarounds in 1.15µs
running 3 tests
test patch_7_3_0_cached_behavior::patch_7_3_0_cached_sound_ids_reject_names_and_preserve_request ... ok
test patch_7_3_0_cached_behavior::patch_7_3_0_cached_table_inspector_focuses_concrete_tables ... ok
test patch_7_3_0_publication_sweep::patch_7_3_0_publication_sweep ... ok

test result: ok. 3 passed; 0 failed; 3 total
