warning: iced-wgpu-patched/Cargo.toml: `lints.clippy.large-enum-variant` is deprecated in favor of `lints.clippy.large_enum_variant` and will not work in a future edition
warning: iced-wgpu-patched/Cargo.toml: `lints.clippy.map-entry` is deprecated in favor of `lints.clippy.map_entry` and will not work in a future edition
warning: iced-wgpu-patched/Cargo.toml: `lints.clippy.match-wildcard-for-single-variants` is deprecated in favor of `lints.clippy.match_wildcard_for_single_variants` and will not work in a future edition
warning: iced-wgpu-patched/Cargo.toml: `lints.clippy.redundant-closure-for-method-calls` is deprecated in favor of `lints.clippy.redundant_closure_for_method_calls` and will not work in a future edition
warning: iced-wgpu-patched/Cargo.toml: `lints.clippy.trivially-copy-pass-by-ref` is deprecated in favor of `lints.clippy.trivially_copy_pass_by_ref` and will not work in a future edition
warning: iced-wgpu-patched/Cargo.toml: `lints.clippy.type-complexity` is deprecated in favor of `lints.clippy.type_complexity` and will not work in a future edition
warning: `iced_wgpu` (manifest) generated 6 warnings
    Blocking waiting for file lock on package cache
    Blocking waiting for file lock on package cache
    Blocking waiting for file lock on package cache
    Blocking waiting for file lock on build directory
    Finished `test` profile [optimized + debuginfo] target(s) in 15.36s
     Running tests/integration.rs (/home/osso/.cache/wow-ui-sim-targets/p730-page/debug/deps/integration-1db16289b0998b2a)

running 1 test
[  0.000s] [Startup] WowLuaEnv::new begin
[  0.002s] [Startup] SimState::default complete in 1.62ms
[  0.002s] [Startup] rilua VM created in 99.42µs
[  0.002s] [Startup] builtin frames initialized in 80.91µs
[  0.002s] [Startup] template registry cleared in 4.63µs
[  0.002s] [Startup] intrinsic templates registered in 6.16µs
[  0.002s] [Startup] initial app_data lua handle installed in 531.00ns
[  0.117s] [Startup] init_lua_state complete in 114.84ms
[  0.117s] [Startup] final app_data lua handle installed in 511.00ns
[  0.117s] [Startup] initial screen globals installed in 109.31µs
[  0.117s] [Startup] WowLuaEnv::new complete
test patch_12_1_0_struct_shapes::patch_12_1_0_play_sound_params_record_volume_override ... ok

test result: ok. 1 passed; 0 failed; 0 ignored; 0 measured; 10665 filtered out; finished in 0.12s

