warning: iced-wgpu-patched/Cargo.toml: `lints.clippy.large-enum-variant` is deprecated in favor of `lints.clippy.large_enum_variant` and will not work in a future edition
warning: iced-wgpu-patched/Cargo.toml: `lints.clippy.map-entry` is deprecated in favor of `lints.clippy.map_entry` and will not work in a future edition
warning: iced-wgpu-patched/Cargo.toml: `lints.clippy.match-wildcard-for-single-variants` is deprecated in favor of `lints.clippy.match_wildcard_for_single_variants` and will not work in a future edition
warning: iced-wgpu-patched/Cargo.toml: `lints.clippy.redundant-closure-for-method-calls` is deprecated in favor of `lints.clippy.redundant_closure_for_method_calls` and will not work in a future edition
warning: iced-wgpu-patched/Cargo.toml: `lints.clippy.trivially-copy-pass-by-ref` is deprecated in favor of `lints.clippy.trivially_copy_pass_by_ref` and will not work in a future edition
warning: iced-wgpu-patched/Cargo.toml: `lints.clippy.type-complexity` is deprecated in favor of `lints.clippy.type_complexity` and will not work in a future edition
warning: `iced_wgpu` (manifest) generated 6 warnings
   Compiling wow-ui-sim v0.1.0 (/home/osso/.worktrees/wow-ui-sim-p730-page)
    Finished `test` profile [optimized + debuginfo] target(s) in 1m 21s
     Running unittests src/lib.rs (/home/osso/.cache/wow-ui-sim-targets/p730-page/debug/deps/wow_ui_sim-bcad23723a7b3b0d)

running 2 tests
[  0.000s] [Startup] WowLuaEnv::new begin
[  0.000s] [Startup] WowLuaEnv::new begin
[  0.002s] [Startup] SimState::default complete in 2.04ms
[  0.002s] [Startup] SimState::default complete in 2.01ms
[  0.002s] [Startup] rilua VM created in 88.38µs
[  0.002s] [Startup] builtin frames initialized in 56.08µs
[  0.002s] [Startup] template registry cleared in 5.25µs
[  0.002s] [Startup] intrinsic templates registered in 5.75µs
[  0.002s] [Startup] initial app_data lua handle installed in 621.00ns
[  0.002s] [Startup] rilua VM created in 139.98µs
[  0.002s] [Startup] builtin frames initialized in 88.04µs
[  0.002s] [Startup] template registry cleared in 4.11µs
[  0.002s] [Startup] intrinsic templates registered in 7.25µs
[  0.002s] [Startup] initial app_data lua handle installed in 611.00ns
[  0.115s] [Startup] init_lua_state complete in 112.52ms
[  0.115s] [Startup] final app_data lua handle installed in 171.00ns
[  0.115s] [Startup] initial screen globals installed in 95.43µs
[  0.115s] [Startup] WowLuaEnv::new complete
[  0.115s] [Startup] init_lua_state complete in 112.77ms
[  0.115s] [Startup] final app_data lua handle installed in 461.00ns
[  0.115s] [Startup] initial screen globals installed in 73.84µs
[  0.115s] [Startup] WowLuaEnv::new complete
test lua_api::workarounds::temporary::sound_driver_defaults::tests::installs_silent_sound_driver_defaults ... ok
test lua_api::workarounds::temporary::sound_driver_defaults::tests::preserves_existing_sound_driver_members ... ok

test result: ok. 2 passed; 0 failed; 0 ignored; 0 measured; 1977 filtered out; finished in 0.12s

