warning: iced-wgpu-patched/Cargo.toml: `lints.clippy.large-enum-variant` is deprecated in favor of `lints.clippy.large_enum_variant` and will not work in a future edition
warning: iced-wgpu-patched/Cargo.toml: `lints.clippy.map-entry` is deprecated in favor of `lints.clippy.map_entry` and will not work in a future edition
warning: iced-wgpu-patched/Cargo.toml: `lints.clippy.match-wildcard-for-single-variants` is deprecated in favor of `lints.clippy.match_wildcard_for_single_variants` and will not work in a future edition
warning: iced-wgpu-patched/Cargo.toml: `lints.clippy.redundant-closure-for-method-calls` is deprecated in favor of `lints.clippy.redundant_closure_for_method_calls` and will not work in a future edition
warning: iced-wgpu-patched/Cargo.toml: `lints.clippy.trivially-copy-pass-by-ref` is deprecated in favor of `lints.clippy.trivially_copy_pass_by_ref` and will not work in a future edition
warning: iced-wgpu-patched/Cargo.toml: `lints.clippy.type-complexity` is deprecated in favor of `lints.clippy.type_complexity` and will not work in a future edition
warning: `iced_wgpu` (manifest) generated 6 warnings
    Finished `test` profile [optimized + debuginfo] target(s) in 0.13s
     Running tests/prefork_full_ui.rs (/home/osso/.cache/wow-ui-sim-targets/p730-page/debug/deps/prefork_full_ui-21dd5c807fe7a7b6)
[  0.000s] [Startup] WowLuaEnv::new begin
[  0.002s] [Startup] SimState::default complete in 1.75ms
[  0.002s] [Startup] rilua VM created in 82.06µs
[  0.002s] [Startup] builtin frames initialized in 58.53µs
[  0.002s] [Startup] template registry cleared in 4.53µs
[  0.002s] [Startup] intrinsic templates registered in 4.75µs
[  0.002s] [Startup] initial app_data lua handle installed in 270.00ns
[  0.089s] [Startup] init_lua_state complete in 87.28ms
[  0.089s] [Startup] final app_data lua handle installed in 160.00ns
[  0.089s] [Startup] initial screen globals installed in 51.49µs
[  0.089s] [Startup] WowLuaEnv::new complete
[  1.866s] [Startup] apply_post_load_workarounds: begin
[  1.866s] [Workarounds] starting patch_edit_mode_manager
[  1.866s] [Workarounds] finished patch_edit_mode_manager in 234.20µs
[  1.866s] [Workarounds] starting init_edit_mode_layout
[  1.866s] [EditMode] starting setup_layout_info
[  1.869s] [EditMode] finished setup_layout_info in 2.49ms
[  1.869s] [EditMode] starting apply_system_anchors
[  1.971s] [EditMode] finished apply_system_anchors in 102.12ms
[  1.971s] [EditMode] starting finalize_action_bar_positions
[  1.972s] [EditMode] finished finalize_action_bar_positions in 1.27ms
[  1.972s] [EditMode] starting invoke_anchor_changed_hooks
[  1.972s] [EditMode] finished invoke_anchor_changed_hooks in 314.74µs
[  1.972s] [EditMode] starting fix_action_bar_nan_size
[  1.972s] [EditMode] finished fix_action_bar_nan_size in 30.77µs
[  1.972s] [EditMode] starting fix_action_bar_scale
[  1.972s] [EditMode] finished fix_action_bar_scale in 3.43µs
[  1.972s] [Workarounds] finished init_edit_mode_layout in 106.27ms
[  1.972s] [Workarounds] starting patch_ui_parent_panel_toggles
[  1.973s] [Workarounds] finished patch_ui_parent_panel_toggles in 181.14µs
[  1.973s] [Workarounds] starting patch_uiparent_onupdate_worklists
[  1.973s] [Workarounds] finished patch_uiparent_onupdate_worklists in 74.40µs
[  1.973s] [Workarounds] starting init_chat_type_colors
[  1.973s] [Workarounds] finished init_chat_type_colors in 96.91µs
[  1.973s] [Workarounds] starting patch_chat_voice_button_surface
[  1.973s] [Workarounds] finished patch_chat_voice_button_surface in 85.20µs
[  1.973s] [Workarounds] starting patch_item_socketing_tooltips
[  1.973s] [Workarounds] finished patch_item_socketing_tooltips in 44.38µs
[  1.973s] [Workarounds] starting patch_character_select_selected_name
[  1.973s] [Workarounds] finished patch_character_select_selected_name in 23.89µs
[  1.973s] [Workarounds] starting patch_character_create_defaults
[  1.973s] [Workarounds] finished patch_character_create_defaults in 172.10µs
[  1.973s] [Workarounds] starting patch_character_frame_title_refresh
[  1.978s] [Workarounds] finished patch_character_frame_title_refresh in 4.40ms
[  1.978s] [Workarounds] starting patch_vignette_pin_template
[  1.978s] [Workarounds] finished patch_vignette_pin_template in 67.68µs
[  1.978s] [Workarounds] starting patch_fog_of_war_pin_mixin
[  1.978s] [Workarounds] finished patch_fog_of_war_pin_mixin in 204.46µs
[  1.978s] [Workarounds] starting patch_map_exploration_pin_mixin
[  1.982s] [Workarounds] finished patch_map_exploration_pin_mixin in 4.24ms
[  1.982s] [Workarounds] starting patch_map_canvas_data_provider_attachment
[  1.982s] [Workarounds] finished patch_map_canvas_data_provider_attachment in 47.26µs
[  1.982s] [Workarounds] starting ensure_adventure_map_frame_surface
[  1.983s] [Workarounds] finished ensure_adventure_map_frame_surface in 323.04µs
[  1.983s] [Workarounds] starting patch_action_bar_button_event_fanout
[  1.983s] [Workarounds] finished patch_action_bar_button_event_fanout in 76.83µs
[  1.983s] [Workarounds] starting patch_paging_controls_page_text
[  1.983s] [Workarounds] finished patch_paging_controls_page_text in 33.82µs
[  1.983s] [Workarounds] starting patch_talent_edge_frame_level_sync
[  1.983s] [Workarounds] finished patch_talent_edge_frame_level_sync in 23.82µs
[  1.983s] [Workarounds] starting patch_catalog_shop_product_card_defaults
[  1.983s] [Workarounds] finished patch_catalog_shop_product_card_defaults in 48.18µs
[  1.983s] [Workarounds] starting patch_game_time_defaults
[  1.983s] [Workarounds] finished patch_game_time_defaults in 5.89µs
[  1.983s] [Workarounds] starting patch_tooltip_nineslice_surface
[  1.983s] [Workarounds] finished patch_tooltip_nineslice_surface in 32.59µs
[  1.983s] [Workarounds] starting patch_container_frame_token_tracker
[  1.983s] [Workarounds] finished patch_container_frame_token_tracker in 30.27µs
[  1.983s] [Workarounds] starting patch_achievement_display_set_achievements
[  1.983s] [Workarounds] finished patch_achievement_display_set_achievements in 6.20µs
[  1.983s] [Workarounds] starting patch_housing_dashboard_preload
[  1.983s] [Workarounds] finished patch_housing_dashboard_preload in 121.41µs
[  1.983s] [Workarounds] starting patch_lfg_lock_list
[  1.983s] [Workarounds] finished patch_lfg_lock_list in 23.67µs
[  1.983s] [Workarounds] starting patch_auction_house_browse_results_event
[  1.983s] [Workarounds] finished patch_auction_house_browse_results_event in 49.76µs
[  1.983s] [Workarounds] starting patch_auction_house_search_context_aliases
[  1.983s] [Workarounds] finished patch_auction_house_search_context_aliases in 22.73µs
[  1.983s] [Workarounds] starting patch_auth_challenge_frame_parent
[  1.983s] [Workarounds] finished patch_auth_challenge_frame_parent in 49.54µs
[  1.983s] [Workarounds] starting patch_settings_surface_defaults
[  1.983s] [Workarounds] finished patch_settings_surface_defaults in 260.70µs
[  1.983s] [Workarounds] starting patch_settings_canvas_layout_visibility
[  1.983s] [Workarounds] finished patch_settings_canvas_layout_visibility in 85.35µs
[  1.983s] [Startup] apply_post_load_workarounds: workarounds complete
[  2.029s] [Startup] apply_post_load_workarounds: globals restored
[  2.029s] [Startup] apply_post_load_workarounds: patch 12.1 compatibility restored
[  2.030s] [Startup] apply_post_load_workarounds: seterrorhandler restored
[  2.148s] [Startup] begin login sequence
[  2.148s] [Startup] Firing ADDON_LOADED
[  2.149s] [Startup] Firing VARIABLES_LOADED
[  2.223s] [Startup] Firing DISPLAY_SIZE_CHANGED
[  2.258s] [Startup] Firing UI_SCALE_CHANGED
[  2.259s] [Startup] Firing PLAYER_LOGIN
[  2.259s] [Startup] end login sequence in 110.50ms
[  2.259s] [Startup] begin world enter sequence
[  2.259s] [Startup] Skipping EDIT_MODE_LAYOUTS_UPDATED
[  2.259s] [Startup] Firing TIME_PLAYED_MSG via RequestTimePlayed
[  2.259s] [Startup] Firing PLAYER_ENTERING_WORLD
[  2.434s] [EditMode] starting setup_layout_info
[  2.437s] [EditMode] finished setup_layout_info in 2.90ms
[  2.437s] [EditMode] starting apply_system_anchors
[  2.532s] [EditMode] finished apply_system_anchors in 94.13ms
[  2.532s] [EditMode] starting finalize_action_bar_positions
[  2.533s] [EditMode] finished finalize_action_bar_positions in 1.62ms
[  2.533s] [EditMode] starting invoke_anchor_changed_hooks
[  2.538s] [EditMode] finished invoke_anchor_changed_hooks in 4.33ms
[  2.538s] [EditMode] starting fix_action_bar_nan_size
[  2.538s] [EditMode] finished fix_action_bar_nan_size in 50.51µs
[  2.538s] [EditMode] starting fix_action_bar_scale
[  2.538s] [EditMode] finished fix_action_bar_scale in 3.57µs
[  2.538s] [EditMode] starting reapply_player_frame_anchor
[  2.539s] [EditMode] finished reapply_player_frame_anchor in 1.10ms
[  2.545s] [Startup] end world enter sequence in 286.43ms
[  2.545s] [Startup] begin post-login events
[  2.546s] [Startup] Firing UNIT_AURA
[  2.546s] [Startup] Firing PET_UI_UPDATE
[  2.547s] [Startup] Firing BAG_UPDATE_DELAYED
[  2.549s] [Startup] Firing QUEST_LOG_UPDATE
[  2.549s] [Startup] Firing GROUP_ROSTER_UPDATE
[  2.614s] [Startup] Firing ACTIONBAR_UPDATE_STATE
[  2.614s] [Startup] Firing ACTIONBAR_UPDATE_COOLDOWN
[  2.615s] [Startup] Firing UPDATE_BONUS_ACTIONBAR
[  2.623s] [Startup] Firing PLAYER_CAN_GLIDE_CHANGED
[  2.623s] [Startup] Firing PLAYER_IS_GLIDING_CHANGED
[  2.623s] [Startup] Firing UPDATE_BINDINGS
[  2.626s] [Startup] Firing UPDATE_CHAT_WINDOWS
[  2.628s] [Startup] Firing LFG_UPDATE_RANDOM_INFO
[  2.628s] [Startup] end post-login events in 83.14ms
[  2.628s] [Startup] begin close startup special windows
[  2.629s] [Startup] end close startup special windows in 204.71µs
[  2.629s] [Startup] begin FIRST_FRAME_RENDERED
[  2.629s] [Startup] Firing FIRST_FRAME_RENDERED
[  2.629s] [Startup] end FIRST_FRAME_RENDERED in 116.74µs
[  2.629s] [Startup] begin unblock hidden splash alerts
[  2.629s] [Startup] end unblock hidden splash alerts in 9.84µs
[  2.629s] [Startup] begin post-event workarounds
[  2.629s] [Startup] end post-event workarounds in 882.00ns
running 11 tests
test blizzard_debug_tools_loads::blizzard_debug_tools_anchor_highlight_mixin_is_published ... ok
test blizzard_debug_tools_loads::blizzard_debug_tools_frame_stack_helper_globals_are_defined ... ok
test blizzard_debug_tools_loads::blizzard_debug_tools_frame_stack_tooltip_is_created ... ok
test blizzard_debug_tools_loads::blizzard_debug_tools_loads_via_load_addon_without_errors ... ok
test blizzard_debug_tools_loads::blizzard_debug_tools_table_attribute_display_is_created_after_load ... ok
test blizzard_debug_tools_loads::blizzard_debug_tools_table_inspector_data_provider_mixins_are_published ... ok
test blizzard_debug_tools_loads::blizzard_debug_tools_table_inspector_mixin_is_published ... ok
test blizzard_debug_tools_loads::blizzard_debug_tools_texel_snapping_visualizer_is_gated_on_gm_client ... ok
test blizzard_debug_tools_loads::blizzard_debug_tools_texture_info_generator_mixin_is_published ... ok
test blizzard_debug_tools_loads::blizzard_debug_tools_xml_templates_are_registered ... ok
test blizzard_debug_tools_loads::devtools_dump_captures_frame_array_metadata ... ok

test result: ok. 11 passed; 0 failed; 11 total
