warning: iced-wgpu-patched/Cargo.toml: `lints.clippy.large-enum-variant` is deprecated in favor of `lints.clippy.large_enum_variant` and will not work in a future edition
warning: iced-wgpu-patched/Cargo.toml: `lints.clippy.map-entry` is deprecated in favor of `lints.clippy.map_entry` and will not work in a future edition
warning: iced-wgpu-patched/Cargo.toml: `lints.clippy.match-wildcard-for-single-variants` is deprecated in favor of `lints.clippy.match_wildcard_for_single_variants` and will not work in a future edition
warning: iced-wgpu-patched/Cargo.toml: `lints.clippy.redundant-closure-for-method-calls` is deprecated in favor of `lints.clippy.redundant_closure_for_method_calls` and will not work in a future edition
warning: iced-wgpu-patched/Cargo.toml: `lints.clippy.trivially-copy-pass-by-ref` is deprecated in favor of `lints.clippy.trivially_copy_pass_by_ref` and will not work in a future edition
warning: iced-wgpu-patched/Cargo.toml: `lints.clippy.type-complexity` is deprecated in favor of `lints.clippy.type_complexity` and will not work in a future edition
warning: `iced_wgpu` (manifest) generated 6 warnings
    Blocking waiting for file lock on package cache
    Blocking waiting for file lock on package cache
    Blocking waiting for file lock on package cache
    Finished `test` profile [optimized + debuginfo] target(s) in 0.33s
     Running tests/prefork_full_ui.rs (/home/osso/.cache/wow-ui-sim-targets/p501-page/debug/deps/prefork_full_ui-21dd5c807fe7a7b6)
[  0.000s] [Startup] WowLuaEnv::new begin
[  0.002s] [Startup] SimState::default complete in 1.86ms
[  0.002s] [Startup] rilua VM created in 100.61µs
[  0.002s] [Startup] builtin frames initialized in 69.29µs
[  0.002s] [Startup] template registry cleared in 5.77µs
[  0.002s] [Startup] intrinsic templates registered in 6.58µs
[  0.002s] [Startup] initial app_data lua handle installed in 5.34µs
[  0.157s] [Startup] init_lua_state complete in 154.91ms
[  0.157s] [Startup] final app_data lua handle installed in 321.00ns
[  0.157s] [Startup] initial screen globals installed in 112.93µs
[  0.157s] [Startup] WowLuaEnv::new complete
[  2.520s] [Startup] apply_post_load_workarounds: begin
[  2.520s] [Workarounds] starting patch_edit_mode_manager
[  2.521s] [Workarounds] finished patch_edit_mode_manager in 281.54µs
[  2.521s] [Workarounds] starting init_edit_mode_layout
[  2.521s] [EditMode] starting setup_layout_info
[  2.524s] [EditMode] finished setup_layout_info in 3.06ms
[  2.524s] [EditMode] starting apply_system_anchors
[  2.664s] [EditMode] finished apply_system_anchors in 140.68ms
[  2.664s] [EditMode] starting finalize_action_bar_positions
[  2.666s] [EditMode] finished finalize_action_bar_positions in 1.91ms
[  2.666s] [EditMode] starting invoke_anchor_changed_hooks
[  2.667s] [EditMode] finished invoke_anchor_changed_hooks in 394.02µs
[  2.667s] [EditMode] starting fix_action_bar_nan_size
[  2.667s] [EditMode] finished fix_action_bar_nan_size in 40.45µs
[  2.667s] [EditMode] starting fix_action_bar_scale
[  2.667s] [EditMode] finished fix_action_bar_scale in 4.49µs
[  2.667s] [Workarounds] finished init_edit_mode_layout in 146.14ms
[  2.667s] [Workarounds] starting patch_ui_parent_panel_toggles
[  2.667s] [Workarounds] finished patch_ui_parent_panel_toggles in 235.21µs
[  2.667s] [Workarounds] starting patch_uiparent_onupdate_worklists
[  2.667s] [Workarounds] finished patch_uiparent_onupdate_worklists in 92.36µs
[  2.667s] [Workarounds] starting init_chat_type_colors
[  2.667s] [Workarounds] finished init_chat_type_colors in 112.25µs
[  2.667s] [Workarounds] starting patch_chat_voice_button_surface
[  2.667s] [Workarounds] finished patch_chat_voice_button_surface in 113.49µs
[  2.667s] [Workarounds] starting patch_item_socketing_tooltips
[  2.667s] [Workarounds] finished patch_item_socketing_tooltips in 54.80µs
[  2.667s] [Workarounds] starting patch_character_select_selected_name
[  2.667s] [Workarounds] finished patch_character_select_selected_name in 28.54µs
[  2.667s] [Workarounds] starting patch_character_create_defaults
[  2.668s] [Workarounds] finished patch_character_create_defaults in 209.98µs
[  2.668s] [Workarounds] starting patch_character_frame_title_refresh
[  2.673s] [Workarounds] finished patch_character_frame_title_refresh in 5.42ms
[  2.673s] [Workarounds] starting patch_vignette_pin_template
[  2.673s] [Workarounds] finished patch_vignette_pin_template in 87.57µs
[  2.673s] [Workarounds] starting patch_fog_of_war_pin_mixin
[  2.673s] [Workarounds] finished patch_fog_of_war_pin_mixin in 252.29µs
[  2.673s] [Workarounds] starting patch_map_exploration_pin_mixin
[  2.679s] [Workarounds] finished patch_map_exploration_pin_mixin in 5.27ms
[  2.679s] [Workarounds] starting patch_map_canvas_data_provider_attachment
[  2.679s] [Workarounds] finished patch_map_canvas_data_provider_attachment in 62.39µs
[  2.679s] [Workarounds] starting ensure_adventure_map_frame_surface
[  2.679s] [Workarounds] finished ensure_adventure_map_frame_surface in 455.47µs
[  2.679s] [Workarounds] starting patch_action_bar_button_event_fanout
[  2.679s] [Workarounds] finished patch_action_bar_button_event_fanout in 102.15µs
[  2.679s] [Workarounds] starting patch_paging_controls_page_text
[  2.679s] [Workarounds] finished patch_paging_controls_page_text in 36.55µs
[  2.679s] [Workarounds] starting patch_talent_edge_frame_level_sync
[  2.679s] [Workarounds] finished patch_talent_edge_frame_level_sync in 28.02µs
[  2.679s] [Workarounds] starting patch_catalog_shop_product_card_defaults
[  2.680s] [Workarounds] finished patch_catalog_shop_product_card_defaults in 60.68µs
[  2.680s] [Workarounds] starting patch_game_time_defaults
[  2.680s] [Workarounds] finished patch_game_time_defaults in 7.02µs
[  2.680s] [Workarounds] starting patch_tooltip_nineslice_surface
[  2.680s] [Workarounds] finished patch_tooltip_nineslice_surface in 41.63µs
[  2.680s] [Workarounds] starting patch_container_frame_token_tracker
[  2.680s] [Workarounds] finished patch_container_frame_token_tracker in 37.77µs
[  2.680s] [Workarounds] starting patch_achievement_display_set_achievements
[  2.680s] [Workarounds] finished patch_achievement_display_set_achievements in 7.62µs
[  2.680s] [Workarounds] starting patch_housing_dashboard_preload
[  2.680s] [Workarounds] finished patch_housing_dashboard_preload in 156.02µs
[  2.680s] [Workarounds] starting patch_lfg_lock_list
[  2.680s] [Workarounds] finished patch_lfg_lock_list in 34.68µs
[  2.680s] [Workarounds] starting patch_auction_house_browse_results_event
[  2.680s] [Workarounds] finished patch_auction_house_browse_results_event in 59.78µs
[  2.680s] [Workarounds] starting patch_auction_house_search_context_aliases
[  2.680s] [Workarounds] finished patch_auction_house_search_context_aliases in 27.16µs
[  2.680s] [Workarounds] starting patch_auth_challenge_frame_parent
[  2.680s] [Workarounds] finished patch_auth_challenge_frame_parent in 64.76µs
[  2.680s] [Workarounds] starting patch_settings_surface_defaults
[  2.680s] [Workarounds] finished patch_settings_surface_defaults in 337.80µs
[  2.680s] [Workarounds] starting patch_settings_canvas_layout_visibility
[  2.680s] [Workarounds] finished patch_settings_canvas_layout_visibility in 102.74µs
[  2.680s] [Startup] apply_post_load_workarounds: workarounds complete
[  2.744s] [Startup] apply_post_load_workarounds: globals restored
[  2.744s] [Startup] apply_post_load_workarounds: patch 12.1 compatibility restored
[  2.744s] [Startup] apply_post_load_workarounds: seterrorhandler restored
[  2.898s] [Startup] begin login sequence
[  2.898s] [Startup] Firing ADDON_LOADED
[  2.898s] [Startup] Firing VARIABLES_LOADED
[  2.998s] [Startup] Firing DISPLAY_SIZE_CHANGED
[  3.042s] [Startup] Firing UI_SCALE_CHANGED
[  3.043s] [Startup] Firing PLAYER_LOGIN
[  3.043s] [Startup] end login sequence in 145.26ms
[  3.043s] [Startup] begin world enter sequence
[  3.043s] [Startup] Skipping EDIT_MODE_LAYOUTS_UPDATED
[  3.043s] [Startup] Firing TIME_PLAYED_MSG via RequestTimePlayed
[  3.043s] [Startup] Firing PLAYER_ENTERING_WORLD
[  3.285s] [EditMode] starting setup_layout_info
[  3.289s] [EditMode] finished setup_layout_info in 3.81ms
[  3.289s] [EditMode] starting apply_system_anchors
[  3.425s] [EditMode] finished apply_system_anchors in 135.94ms
[  3.425s] [EditMode] starting finalize_action_bar_positions
[  3.428s] [EditMode] finished finalize_action_bar_positions in 2.77ms
[  3.428s] [EditMode] starting invoke_anchor_changed_hooks
[  3.434s] [EditMode] finished invoke_anchor_changed_hooks in 6.22ms
[  3.434s] [EditMode] starting fix_action_bar_nan_size
[  3.434s] [EditMode] finished fix_action_bar_nan_size in 80.13µs
[  3.434s] [EditMode] starting fix_action_bar_scale
[  3.434s] [EditMode] finished fix_action_bar_scale in 4.82µs
[  3.434s] [EditMode] starting reapply_player_frame_anchor
[  3.435s] [EditMode] finished reapply_player_frame_anchor in 1.51ms
[  3.444s] [Startup] end world enter sequence in 400.88ms
[  3.444s] [Startup] begin post-login events
[  3.445s] [Startup] Firing UNIT_AURA
[  3.446s] [Startup] Firing PET_UI_UPDATE
[  3.448s] [Startup] Firing BAG_UPDATE_DELAYED
[  3.449s] [Startup] Firing QUEST_LOG_UPDATE
[  3.451s] [Startup] Firing GROUP_ROSTER_UPDATE
[  3.542s] [Startup] Firing ACTIONBAR_UPDATE_STATE
[  3.542s] [Startup] Firing ACTIONBAR_UPDATE_COOLDOWN
[  3.543s] [Startup] Firing UPDATE_BONUS_ACTIONBAR
[  3.555s] [Startup] Firing PLAYER_CAN_GLIDE_CHANGED
[  3.555s] [Startup] Firing PLAYER_IS_GLIDING_CHANGED
[  3.555s] [Startup] Firing UPDATE_BINDINGS
[  3.558s] [Startup] Firing UPDATE_CHAT_WINDOWS
[  3.561s] [Startup] Firing LFG_UPDATE_RANDOM_INFO
[  3.561s] [Startup] end post-login events in 117.43ms
[  3.562s] [Startup] begin close startup special windows
[  3.562s] [Startup] end close startup special windows in 264.89µs
[  3.562s] [Startup] begin FIRST_FRAME_RENDERED
[  3.562s] [Startup] Firing FIRST_FRAME_RENDERED
[  3.562s] [Startup] end FIRST_FRAME_RENDERED in 169.14µs
[  3.562s] [Startup] begin unblock hidden splash alerts
[  3.562s] [Startup] end unblock hidden splash alerts in 13.95µs
[  3.562s] [Startup] begin post-event workarounds
[  3.562s] [Startup] end post-event workarounds in 1.15µs
running 1 tests

thread 'main' (2177770) panicked at /home/osso/.worktrees/wow-ui-sim-p501-page/tests/common/publication_sweep.rs:356:9:
assertion `left == right` failed: register row count changed
  left: 1
 right: 0
note: run with `RUST_BACKTRACE=1` environment variable to display a backtrace
test patch_5_0_1_publication_sweep::patch_5_0_1_publication_sweep ... FAILED (panic: assertion `left == right` failed: register row count changed
  left: 1
 right: 0)

test result: FAILED. 0 passed; 1 failed; 1 total
error: test failed, to rerun pass `--test prefork_full_ui`

Caused by:
  process didn't exit successfully: `/home/osso/.cache/wow-ui-sim-targets/p501-page/debug/deps/prefork_full_ui-21dd5c807fe7a7b6 patch_5_0_1 --nocapture` (exit status: 1)
