running 7 tests
test blizzard_pet_battle_ui_loads::blizzard_pet_battle_ui_creates_named_frames ... ok
test blizzard_pet_battle_ui_loads::blizzard_pet_battle_ui_does_not_leak_virtual_templates_to_globals ... ok
test blizzard_pet_battle_ui_loads::blizzard_pet_battle_ui_is_addon_loaded_after_eager_sweep ... ok
test blizzard_pet_battle_ui_loads::blizzard_pet_battle_ui_loads_without_addon_specific_lua_errors ... ok
test blizzard_pet_battle_ui_loads::blizzard_pet_battle_ui_publishes_global_script_handlers ... ok
test blizzard_pet_battle_ui_loads::blizzard_pet_battle_ui_publishes_micro_button_frame_mixin ... ok
test blizzard_static_popup_game_loads::pet_battle_queue_ready_frame_materializes_from_mainline_special_xml ... ok

test result: ok. 7 passed; 0 failed; 7 total

[  0.000s] [Startup] WowLuaEnv::new begin
[  0.002s] [Startup] SimState::default complete in 1.78ms
[  0.002s] [Startup] rilua VM created in 162.40µs
[  0.002s] [Startup] builtin frames initialized in 109.86µs
[  0.002s] [Startup] template registry cleared in 8.08µs
[  0.002s] [Startup] intrinsic templates registered in 9.45µs
[  0.002s] [Startup] initial app_data lua handle installed in 712.00ns
[  0.137s] [Startup] init_lua_state complete in 135.32ms
[  0.137s] [Startup] final app_data lua handle installed in 220.00ns
[  0.138s] [Startup] initial screen globals installed in 93.49µs
[  0.138s] [Startup] WowLuaEnv::new complete
[  2.306s] [Startup] apply_post_load_workarounds: begin
[  2.306s] [Workarounds] starting patch_edit_mode_manager
[  2.306s] [Workarounds] finished patch_edit_mode_manager in 265.22µs
[  2.306s] [Workarounds] starting init_edit_mode_layout
[  2.306s] [EditMode] starting setup_layout_info
[  2.309s] [EditMode] finished setup_layout_info in 2.83ms
[  2.309s] [EditMode] starting apply_system_anchors
[  2.433s] [EditMode] finished apply_system_anchors in 124.21ms
[  2.433s] [EditMode] starting finalize_action_bar_positions
[  2.435s] [EditMode] finished finalize_action_bar_positions in 1.65ms
[  2.435s] [EditMode] starting invoke_anchor_changed_hooks
[  2.435s] [EditMode] finished invoke_anchor_changed_hooks in 386.16µs
[  2.435s] [EditMode] starting fix_action_bar_nan_size
[  2.435s] [EditMode] finished fix_action_bar_nan_size in 36.21µs
[  2.435s] [EditMode] starting fix_action_bar_scale
[  2.435s] [EditMode] finished fix_action_bar_scale in 3.66µs
[  2.435s] [Workarounds] finished init_edit_mode_layout in 129.14ms
[  2.435s] [Workarounds] starting patch_ui_parent_panel_toggles
[  2.435s] [Workarounds] finished patch_ui_parent_panel_toggles in 208.81µs
[  2.435s] [Workarounds] starting patch_uiparent_onupdate_worklists
[  2.435s] [Workarounds] finished patch_uiparent_onupdate_worklists in 83.79µs
[  2.435s] [Workarounds] starting init_chat_type_colors
[  2.436s] [Workarounds] finished init_chat_type_colors in 116.74µs
[  2.436s] [Workarounds] starting patch_chat_voice_button_surface
[  2.436s] [Workarounds] finished patch_chat_voice_button_surface in 103.37µs
[  2.436s] [Workarounds] starting patch_item_socketing_tooltips
[  2.436s] [Workarounds] finished patch_item_socketing_tooltips in 50.20µs
[  2.436s] [Workarounds] starting patch_character_select_selected_name
[  2.436s] [Workarounds] finished patch_character_select_selected_name in 25.53µs
[  2.436s] [Workarounds] starting patch_character_create_defaults
[  2.436s] [Workarounds] finished patch_character_create_defaults in 193.28µs
[  2.436s] [Workarounds] starting patch_character_frame_title_refresh
[  2.441s] [Workarounds] finished patch_character_frame_title_refresh in 4.93ms
[  2.441s] [Workarounds] starting patch_vignette_pin_template
[  2.441s] [Workarounds] finished patch_vignette_pin_template in 80.34µs
[  2.441s] [Workarounds] starting patch_fog_of_war_pin_mixin
[  2.441s] [Workarounds] finished patch_fog_of_war_pin_mixin in 239.46µs
[  2.441s] [Workarounds] starting patch_map_exploration_pin_mixin
[  2.446s] [Workarounds] finished patch_map_exploration_pin_mixin in 4.76ms
[  2.446s] [Workarounds] starting patch_map_canvas_data_provider_attachment
[  2.446s] [Workarounds] finished patch_map_canvas_data_provider_attachment in 58.34µs
[  2.446s] [Workarounds] starting ensure_adventure_map_frame_surface
[  2.446s] [Workarounds] finished ensure_adventure_map_frame_surface in 407.51µs
[  2.446s] [Workarounds] starting patch_action_bar_button_event_fanout
[  2.447s] [Workarounds] finished patch_action_bar_button_event_fanout in 89.81µs
[  2.447s] [Workarounds] starting patch_paging_controls_page_text
[  2.447s] [Workarounds] finished patch_paging_controls_page_text in 34.18µs
[  2.447s] [Workarounds] starting patch_talent_edge_frame_level_sync
[  2.447s] [Workarounds] finished patch_talent_edge_frame_level_sync in 26.28µs
[  2.447s] [Workarounds] starting patch_catalog_shop_product_card_defaults
[  2.447s] [Workarounds] finished patch_catalog_shop_product_card_defaults in 54.63µs
[  2.447s] [Workarounds] starting patch_game_time_defaults
[  2.447s] [Workarounds] finished patch_game_time_defaults in 6.52µs
[  2.447s] [Workarounds] starting patch_tooltip_nineslice_surface
[  2.447s] [Workarounds] finished patch_tooltip_nineslice_surface in 36.96µs
[  2.447s] [Workarounds] starting patch_container_frame_token_tracker
[  2.447s] [Workarounds] finished patch_container_frame_token_tracker in 35.60µs
[  2.447s] [Workarounds] starting patch_achievement_display_set_achievements
[  2.447s] [Workarounds] finished patch_achievement_display_set_achievements in 7.21µs
[  2.447s] [Workarounds] starting patch_housing_dashboard_preload
[  2.447s] [Workarounds] finished patch_housing_dashboard_preload in 143.12µs
[  2.447s] [Workarounds] starting patch_lfg_lock_list
[  2.447s] [Workarounds] finished patch_lfg_lock_list in 30.70µs
[  2.447s] [Workarounds] starting patch_auction_house_browse_results_event
[  2.447s] [Workarounds] finished patch_auction_house_browse_results_event in 54.70µs
[  2.447s] [Workarounds] starting patch_auction_house_search_context_aliases
[  2.447s] [Workarounds] finished patch_auction_house_search_context_aliases in 25.10µs
[  2.447s] [Workarounds] starting patch_auth_challenge_frame_parent
[  2.447s] [Workarounds] finished patch_auth_challenge_frame_parent in 61.76µs
[  2.447s] [Workarounds] starting patch_settings_surface_defaults
[  2.447s] [Workarounds] finished patch_settings_surface_defaults in 306.93µs
[  2.447s] [Workarounds] starting patch_settings_canvas_layout_visibility
[  2.448s] [Workarounds] finished patch_settings_canvas_layout_visibility in 95.53µs
[  2.448s] [Startup] apply_post_load_workarounds: workarounds complete
[  2.512s] [Startup] apply_post_load_workarounds: globals restored
[  2.512s] [Startup] apply_post_load_workarounds: patch 12.1 compatibility restored
[  2.512s] [Startup] apply_post_load_workarounds: seterrorhandler restored
[  2.661s] [Startup] begin login sequence
[  2.661s] [Startup] Firing ADDON_LOADED
[  2.661s] [Startup] Firing VARIABLES_LOADED
[  2.758s] [Startup] Firing DISPLAY_SIZE_CHANGED
[  2.802s] [Startup] Firing UI_SCALE_CHANGED
[  2.803s] [Startup] Firing PLAYER_LOGIN
[  2.803s] [Startup] end login sequence in 142.15ms
[  2.803s] [Startup] begin world enter sequence
[  2.803s] [Startup] Skipping EDIT_MODE_LAYOUTS_UPDATED
[  2.803s] [Startup] Firing TIME_PLAYED_MSG via RequestTimePlayed
[  2.803s] [Startup] Firing PLAYER_ENTERING_WORLD
[  3.039s] [EditMode] starting setup_layout_info
[  3.043s] [EditMode] finished setup_layout_info in 3.90ms
[  3.043s] [EditMode] starting apply_system_anchors
[  3.177s] [EditMode] finished apply_system_anchors in 133.92ms
[  3.177s] [EditMode] starting finalize_action_bar_positions
[  3.180s] [EditMode] finished finalize_action_bar_positions in 2.56ms
[  3.180s] [EditMode] starting invoke_anchor_changed_hooks
[  3.185s] [EditMode] finished invoke_anchor_changed_hooks in 5.81ms
[  3.185s] [EditMode] starting fix_action_bar_nan_size
[  3.186s] [EditMode] finished fix_action_bar_nan_size in 78.51µs
[  3.186s] [EditMode] starting fix_action_bar_scale
[  3.186s] [EditMode] finished fix_action_bar_scale in 4.98µs
[  3.186s] [EditMode] starting reapply_player_frame_anchor
[  3.187s] [EditMode] finished reapply_player_frame_anchor in 1.38ms
[  3.195s] [Startup] end world enter sequence in 391.99ms
[  3.195s] [Startup] begin post-login events
[  3.196s] [Startup] Firing UNIT_AURA
[  3.197s] [Startup] Firing PET_UI_UPDATE
[  3.198s] [Startup] Firing BAG_UPDATE_DELAYED
[  3.200s] [Startup] Firing QUEST_LOG_UPDATE
[  3.201s] [Startup] Firing GROUP_ROSTER_UPDATE
[  3.289s] [Startup] Firing ACTIONBAR_UPDATE_STATE
[  3.289s] [Startup] Firing ACTIONBAR_UPDATE_COOLDOWN
[  3.290s] [Startup] Firing UPDATE_BONUS_ACTIONBAR
[  3.301s] [Startup] Firing PLAYER_CAN_GLIDE_CHANGED
[  3.301s] [Startup] Firing PLAYER_IS_GLIDING_CHANGED
[  3.301s] [Startup] Firing UPDATE_BINDINGS
[  3.304s] [Startup] Firing UPDATE_CHAT_WINDOWS
[  3.306s] [Startup] Firing LFG_UPDATE_RANDOM_INFO
[  3.307s] [Startup] end post-login events in 112.17ms
[  3.307s] [Startup] begin close startup special windows
[  3.307s] [Startup] end close startup special windows in 261.65µs
[  3.307s] [Startup] begin FIRST_FRAME_RENDERED
[  3.307s] [Startup] Firing FIRST_FRAME_RENDERED
[  3.308s] [Startup] end FIRST_FRAME_RENDERED in 167.83µs
[  3.308s] [Startup] begin unblock hidden splash alerts
[  3.308s] [Startup] end unblock hidden splash alerts in 14.50µs
[  3.308s] [Startup] begin post-event workarounds
[  3.308s] [Startup] end post-event workarounds in 781.00ns
