warning: iced-wgpu-patched/Cargo.toml: `lints.clippy.large-enum-variant` is deprecated in favor of `lints.clippy.large_enum_variant` and will not work in a future edition
warning: iced-wgpu-patched/Cargo.toml: `lints.clippy.map-entry` is deprecated in favor of `lints.clippy.map_entry` and will not work in a future edition
warning: iced-wgpu-patched/Cargo.toml: `lints.clippy.match-wildcard-for-single-variants` is deprecated in favor of `lints.clippy.match_wildcard_for_single_variants` and will not work in a future edition
warning: iced-wgpu-patched/Cargo.toml: `lints.clippy.redundant-closure-for-method-calls` is deprecated in favor of `lints.clippy.redundant_closure_for_method_calls` and will not work in a future edition
warning: iced-wgpu-patched/Cargo.toml: `lints.clippy.trivially-copy-pass-by-ref` is deprecated in favor of `lints.clippy.trivially_copy_pass_by_ref` and will not work in a future edition
warning: iced-wgpu-patched/Cargo.toml: `lints.clippy.type-complexity` is deprecated in favor of `lints.clippy.type_complexity` and will not work in a future edition
warning: `iced_wgpu` (manifest) generated 6 warnings
   Compiling wow-ui-sim v0.1.0 (/home/osso/.worktrees/wow-ui-sim-p504-page)
    Finished `test` profile [optimized + debuginfo] target(s) in 25.25s
     Running tests/prefork_full_ui.rs (/home/osso/.cache/wow-ui-sim-targets/p504-page/debug/deps/prefork_full_ui-21dd5c807fe7a7b6)
[  0.000s] [Startup] WowLuaEnv::new begin
[  0.002s] [Startup] SimState::default complete in 1.99ms
[  0.002s] [Startup] rilua VM created in 116.76µs
[  0.002s] [Startup] builtin frames initialized in 152.69µs
[  0.002s] [Startup] template registry cleared in 4.92µs
[  0.002s] [Startup] intrinsic templates registered in 7.32µs
[  0.002s] [Startup] initial app_data lua handle installed in 391.00ns
[  0.104s] [Startup] init_lua_state complete in 101.45ms
[  0.104s] [Startup] final app_data lua handle installed in 241.00ns
[  0.104s] [Startup] initial screen globals installed in 66.96µs
[  0.104s] [Startup] WowLuaEnv::new complete
[  2.240s] [Startup] apply_post_load_workarounds: begin
[  2.240s] [Workarounds] starting patch_edit_mode_manager
[  2.240s] [Workarounds] finished patch_edit_mode_manager in 278.42µs
[  2.240s] [Workarounds] starting init_edit_mode_layout
[  2.240s] [EditMode] starting setup_layout_info
[  2.243s] [EditMode] finished setup_layout_info in 3.00ms
[  2.243s] [EditMode] starting apply_system_anchors
[  2.373s] [EditMode] finished apply_system_anchors in 129.24ms
[  2.373s] [EditMode] starting finalize_action_bar_positions
[  2.374s] [EditMode] finished finalize_action_bar_positions in 1.60ms
[  2.374s] [EditMode] starting invoke_anchor_changed_hooks
[  2.375s] [EditMode] finished invoke_anchor_changed_hooks in 355.28µs
[  2.375s] [EditMode] starting fix_action_bar_nan_size
[  2.375s] [EditMode] finished fix_action_bar_nan_size in 37.46µs
[  2.375s] [EditMode] starting fix_action_bar_scale
[  2.375s] [EditMode] finished fix_action_bar_scale in 4.34µs
[  2.375s] [Workarounds] finished init_edit_mode_layout in 134.26ms
[  2.375s] [Workarounds] starting patch_ui_parent_panel_toggles
[  2.375s] [Workarounds] finished patch_ui_parent_panel_toggles in 199.38µs
[  2.375s] [Workarounds] starting patch_uiparent_onupdate_worklists
[  2.375s] [Workarounds] finished patch_uiparent_onupdate_worklists in 83.20µs
[  2.375s] [Workarounds] starting init_chat_type_colors
[  2.375s] [Workarounds] finished init_chat_type_colors in 112.42µs
[  2.375s] [Workarounds] starting patch_chat_voice_button_surface
[  2.375s] [Workarounds] finished patch_chat_voice_button_surface in 102.92µs
[  2.375s] [Workarounds] starting patch_item_socketing_tooltips
[  2.375s] [Workarounds] finished patch_item_socketing_tooltips in 49.57µs
[  2.375s] [Workarounds] starting patch_character_select_selected_name
[  2.375s] [Workarounds] finished patch_character_select_selected_name in 25.43µs
[  2.375s] [Workarounds] starting patch_character_create_defaults
[  2.375s] [Workarounds] finished patch_character_create_defaults in 187.71µs
[  2.375s] [Workarounds] starting patch_character_frame_title_refresh
[  2.380s] [Workarounds] finished patch_character_frame_title_refresh in 4.81ms
[  2.380s] [Workarounds] starting patch_vignette_pin_template
[  2.380s] [Workarounds] finished patch_vignette_pin_template in 87.30µs
[  2.380s] [Workarounds] starting patch_fog_of_war_pin_mixin
[  2.381s] [Workarounds] finished patch_fog_of_war_pin_mixin in 230.98µs
[  2.381s] [Workarounds] starting patch_map_exploration_pin_mixin
[  2.385s] [Workarounds] finished patch_map_exploration_pin_mixin in 4.73ms
[  2.385s] [Workarounds] starting patch_map_canvas_data_provider_attachment
[  2.385s] [Workarounds] finished patch_map_canvas_data_provider_attachment in 64.74µs
[  2.385s] [Workarounds] starting ensure_adventure_map_frame_surface
[  2.386s] [Workarounds] finished ensure_adventure_map_frame_surface in 390.55µs
[  2.386s] [Workarounds] starting patch_action_bar_button_event_fanout
[  2.386s] [Workarounds] finished patch_action_bar_button_event_fanout in 85.81µs
[  2.386s] [Workarounds] starting patch_paging_controls_page_text
[  2.386s] [Workarounds] finished patch_paging_controls_page_text in 33.35µs
[  2.386s] [Workarounds] starting patch_talent_edge_frame_level_sync
[  2.386s] [Workarounds] finished patch_talent_edge_frame_level_sync in 24.68µs
[  2.386s] [Workarounds] starting patch_catalog_shop_product_card_defaults
[  2.386s] [Workarounds] finished patch_catalog_shop_product_card_defaults in 54.80µs
[  2.386s] [Workarounds] starting patch_game_time_defaults
[  2.386s] [Workarounds] finished patch_game_time_defaults in 5.84µs
[  2.386s] [Workarounds] starting patch_tooltip_nineslice_surface
[  2.386s] [Workarounds] finished patch_tooltip_nineslice_surface in 36.22µs
[  2.386s] [Workarounds] starting patch_container_frame_token_tracker
[  2.386s] [Workarounds] finished patch_container_frame_token_tracker in 33.98µs
[  2.386s] [Workarounds] starting patch_achievement_display_set_achievements
[  2.386s] [Workarounds] finished patch_achievement_display_set_achievements in 6.83µs
[  2.386s] [Workarounds] starting patch_housing_dashboard_preload
[  2.386s] [Workarounds] finished patch_housing_dashboard_preload in 139.14µs
[  2.386s] [Workarounds] starting patch_lfg_lock_list
[  2.386s] [Workarounds] finished patch_lfg_lock_list in 29.24µs
[  2.386s] [Workarounds] starting patch_auction_house_browse_results_event
[  2.386s] [Workarounds] finished patch_auction_house_browse_results_event in 55.28µs
[  2.386s] [Workarounds] starting patch_auction_house_search_context_aliases
[  2.386s] [Workarounds] finished patch_auction_house_search_context_aliases in 23.86µs
[  2.386s] [Workarounds] starting patch_auth_challenge_frame_parent
[  2.386s] [Workarounds] finished patch_auth_challenge_frame_parent in 58.91µs
[  2.386s] [Workarounds] starting patch_settings_surface_defaults
[  2.387s] [Workarounds] finished patch_settings_surface_defaults in 293.06µs
[  2.387s] [Workarounds] starting patch_settings_canvas_layout_visibility
[  2.387s] [Workarounds] finished patch_settings_canvas_layout_visibility in 91.77µs
[  2.387s] [Startup] apply_post_load_workarounds: workarounds complete
[  2.451s] [Startup] apply_post_load_workarounds: globals restored
[  2.451s] [Startup] apply_post_load_workarounds: patch 12.1 compatibility restored
[  2.451s] [Startup] apply_post_load_workarounds: seterrorhandler restored
[  2.587s] [Startup] begin login sequence
[  2.587s] [Startup] Firing ADDON_LOADED
[  2.587s] [Startup] Firing VARIABLES_LOADED
[  2.677s] [Startup] Firing DISPLAY_SIZE_CHANGED
[  2.718s] [Startup] Firing UI_SCALE_CHANGED
[  2.719s] [Startup] Firing PLAYER_LOGIN
[  2.719s] [Startup] end login sequence in 132.43ms
[  2.719s] [Startup] begin world enter sequence
[  2.719s] [Startup] Skipping EDIT_MODE_LAYOUTS_UPDATED
[  2.719s] [Startup] Firing TIME_PLAYED_MSG via RequestTimePlayed
[  2.719s] [Startup] Firing PLAYER_ENTERING_WORLD
[  2.935s] [EditMode] starting setup_layout_info
[  2.939s] [EditMode] finished setup_layout_info in 3.80ms
[  2.939s] [EditMode] starting apply_system_anchors
[  3.083s] [EditMode] finished apply_system_anchors in 144.11ms
[  3.083s] [EditMode] starting finalize_action_bar_positions
[  3.086s] [EditMode] finished finalize_action_bar_positions in 3.11ms
[  3.086s] [EditMode] starting invoke_anchor_changed_hooks
[  3.093s] [EditMode] finished invoke_anchor_changed_hooks in 6.63ms
[  3.093s] [EditMode] starting fix_action_bar_nan_size
[  3.093s] [EditMode] finished fix_action_bar_nan_size in 92.95µs
[  3.093s] [EditMode] starting fix_action_bar_scale
[  3.093s] [EditMode] finished fix_action_bar_scale in 6.49µs
[  3.093s] [EditMode] starting reapply_player_frame_anchor
[  3.095s] [EditMode] finished reapply_player_frame_anchor in 1.49ms
[  3.103s] [Startup] end world enter sequence in 383.64ms
[  3.103s] [Startup] begin post-login events
[  3.104s] [Startup] Firing UNIT_AURA
[  3.105s] [Startup] Firing PET_UI_UPDATE
[  3.107s] [Startup] Firing BAG_UPDATE_DELAYED
[  3.108s] [Startup] Firing QUEST_LOG_UPDATE
[  3.109s] [Startup] Firing GROUP_ROSTER_UPDATE
[  3.202s] [Startup] Firing ACTIONBAR_UPDATE_STATE
[  3.202s] [Startup] Firing ACTIONBAR_UPDATE_COOLDOWN
[  3.204s] [Startup] Firing UPDATE_BONUS_ACTIONBAR
[  3.217s] [Startup] Firing PLAYER_CAN_GLIDE_CHANGED
[  3.217s] [Startup] Firing PLAYER_IS_GLIDING_CHANGED
[  3.217s] [Startup] Firing UPDATE_BINDINGS
[  3.220s] [Startup] Firing UPDATE_CHAT_WINDOWS
[  3.222s] [Startup] Firing LFG_UPDATE_RANDOM_INFO
[  3.223s] [Startup] end post-login events in 120.26ms
[  3.223s] [Startup] begin close startup special windows
[  3.224s] [Startup] end close startup special windows in 276.97µs
[  3.224s] [Startup] begin FIRST_FRAME_RENDERED
[  3.224s] [Startup] Firing FIRST_FRAME_RENDERED
[  3.224s] [Startup] end FIRST_FRAME_RENDERED in 182.04µs
[  3.224s] [Startup] begin unblock hidden splash alerts
[  3.224s] [Startup] end unblock hidden splash alerts in 13.89µs
[  3.224s] [Startup] begin post-event workarounds
[  3.224s] [Startup] end post-event workarounds in 581.00ns
running 2 tests
test patch_5_0_4_behavior::patch_5_0_4_pet_type_reads_cached_state ... ok
test patch_5_0_4_publication_sweep::patch_5_0_4_publication_sweep ... ok

test result: ok. 2 passed; 0 failed; 2 total
