warning: iced-wgpu-patched/Cargo.toml: `lints.clippy.large-enum-variant` is deprecated in favor of `lints.clippy.large_enum_variant` and will not work in a future edition
warning: iced-wgpu-patched/Cargo.toml: `lints.clippy.map-entry` is deprecated in favor of `lints.clippy.map_entry` and will not work in a future edition
warning: iced-wgpu-patched/Cargo.toml: `lints.clippy.match-wildcard-for-single-variants` is deprecated in favor of `lints.clippy.match_wildcard_for_single_variants` and will not work in a future edition
warning: iced-wgpu-patched/Cargo.toml: `lints.clippy.redundant-closure-for-method-calls` is deprecated in favor of `lints.clippy.redundant_closure_for_method_calls` and will not work in a future edition
warning: iced-wgpu-patched/Cargo.toml: `lints.clippy.trivially-copy-pass-by-ref` is deprecated in favor of `lints.clippy.trivially_copy_pass_by_ref` and will not work in a future edition
warning: iced-wgpu-patched/Cargo.toml: `lints.clippy.type-complexity` is deprecated in favor of `lints.clippy.type_complexity` and will not work in a future edition
warning: `iced_wgpu` (manifest) generated 6 warnings
   Compiling wow-ui-sim v0.1.0 (/home/osso/.worktrees/wow-ui-sim-p504-page)
    Finished `test` profile [optimized + debuginfo] target(s) in 50.63s
     Running tests/prefork_full_ui.rs (/home/osso/.cache/wow-ui-sim-targets/p504-page/debug/deps/prefork_full_ui-21dd5c807fe7a7b6)
[  0.000s] [Startup] WowLuaEnv::new begin
[  0.002s] [Startup] SimState::default complete in 1.58ms
[  0.002s] [Startup] rilua VM created in 85.45µs
[  0.002s] [Startup] builtin frames initialized in 65.18µs
[  0.002s] [Startup] template registry cleared in 5.79µs
[  0.002s] [Startup] intrinsic templates registered in 5.66µs
[  0.002s] [Startup] initial app_data lua handle installed in 531.00ns
[  0.118s] [Startup] init_lua_state complete in 116.09ms
[  0.118s] [Startup] final app_data lua handle installed in 170.00ns
[  0.118s] [Startup] initial screen globals installed in 86.50µs
[  0.118s] [Startup] WowLuaEnv::new complete
[  2.170s] [Startup] apply_post_load_workarounds: begin
[  2.170s] [Workarounds] starting patch_edit_mode_manager
[  2.170s] [Workarounds] finished patch_edit_mode_manager in 254.31µs
[  2.170s] [Workarounds] starting init_edit_mode_layout
[  2.170s] [EditMode] starting setup_layout_info
[  2.173s] [EditMode] finished setup_layout_info in 2.76ms
[  2.173s] [EditMode] starting apply_system_anchors
[  2.291s] [EditMode] finished apply_system_anchors in 118.59ms
[  2.291s] [EditMode] starting finalize_action_bar_positions
[  2.293s] [EditMode] finished finalize_action_bar_positions in 1.52ms
[  2.293s] [EditMode] starting invoke_anchor_changed_hooks
[  2.293s] [EditMode] finished invoke_anchor_changed_hooks in 364.06µs
[  2.293s] [EditMode] starting fix_action_bar_nan_size
[  2.293s] [EditMode] finished fix_action_bar_nan_size in 34.93µs
[  2.293s] [EditMode] starting fix_action_bar_scale
[  2.293s] [EditMode] finished fix_action_bar_scale in 7.28µs
[  2.293s] [Workarounds] finished init_edit_mode_layout in 123.30ms
[  2.293s] [Workarounds] starting patch_ui_parent_panel_toggles
[  2.294s] [Workarounds] finished patch_ui_parent_panel_toggles in 203.68µs
[  2.294s] [Workarounds] starting patch_uiparent_onupdate_worklists
[  2.294s] [Workarounds] finished patch_uiparent_onupdate_worklists in 81.21µs
[  2.294s] [Workarounds] starting init_chat_type_colors
[  2.294s] [Workarounds] finished init_chat_type_colors in 101.19µs
[  2.294s] [Workarounds] starting patch_chat_voice_button_surface
[  2.294s] [Workarounds] finished patch_chat_voice_button_surface in 100.84µs
[  2.294s] [Workarounds] starting patch_item_socketing_tooltips
[  2.294s] [Workarounds] finished patch_item_socketing_tooltips in 48.95µs
[  2.294s] [Workarounds] starting patch_character_select_selected_name
[  2.294s] [Workarounds] finished patch_character_select_selected_name in 25.79µs
[  2.294s] [Workarounds] starting patch_character_create_defaults
[  2.294s] [Workarounds] finished patch_character_create_defaults in 186.09µs
[  2.294s] [Workarounds] starting patch_character_frame_title_refresh
[  2.299s] [Workarounds] finished patch_character_frame_title_refresh in 4.91ms
[  2.299s] [Workarounds] starting patch_vignette_pin_template
[  2.299s] [Workarounds] finished patch_vignette_pin_template in 80.10µs
[  2.299s] [Workarounds] starting patch_fog_of_war_pin_mixin
[  2.299s] [Workarounds] finished patch_fog_of_war_pin_mixin in 225.87µs
[  2.299s] [Workarounds] starting patch_map_exploration_pin_mixin
[  2.304s] [Workarounds] finished patch_map_exploration_pin_mixin in 4.72ms
[  2.304s] [Workarounds] starting patch_map_canvas_data_provider_attachment
[  2.304s] [Workarounds] finished patch_map_canvas_data_provider_attachment in 56.04µs
[  2.304s] [Workarounds] starting ensure_adventure_map_frame_surface
[  2.305s] [Workarounds] finished ensure_adventure_map_frame_surface in 387.26µs
[  2.305s] [Workarounds] starting patch_action_bar_button_event_fanout
[  2.305s] [Workarounds] finished patch_action_bar_button_event_fanout in 86.23µs
[  2.305s] [Workarounds] starting patch_paging_controls_page_text
[  2.305s] [Workarounds] finished patch_paging_controls_page_text in 31.88µs
[  2.305s] [Workarounds] starting patch_talent_edge_frame_level_sync
[  2.305s] [Workarounds] finished patch_talent_edge_frame_level_sync in 25.34µs
[  2.305s] [Workarounds] starting patch_catalog_shop_product_card_defaults
[  2.305s] [Workarounds] finished patch_catalog_shop_product_card_defaults in 50.89µs
[  2.305s] [Workarounds] starting patch_game_time_defaults
[  2.305s] [Workarounds] finished patch_game_time_defaults in 5.73µs
[  2.305s] [Workarounds] starting patch_tooltip_nineslice_surface
[  2.305s] [Workarounds] finished patch_tooltip_nineslice_surface in 35.50µs
[  2.305s] [Workarounds] starting patch_container_frame_token_tracker
[  2.305s] [Workarounds] finished patch_container_frame_token_tracker in 33.44µs
[  2.305s] [Workarounds] starting patch_achievement_display_set_achievements
[  2.305s] [Workarounds] finished patch_achievement_display_set_achievements in 6.29µs
[  2.305s] [Workarounds] starting patch_housing_dashboard_preload
[  2.305s] [Workarounds] finished patch_housing_dashboard_preload in 136.37µs
[  2.305s] [Workarounds] starting patch_lfg_lock_list
[  2.305s] [Workarounds] finished patch_lfg_lock_list in 30.03µs
[  2.305s] [Workarounds] starting patch_auction_house_browse_results_event
[  2.305s] [Workarounds] finished patch_auction_house_browse_results_event in 53.81µs
[  2.305s] [Workarounds] starting patch_auction_house_search_context_aliases
[  2.305s] [Workarounds] finished patch_auction_house_search_context_aliases in 24.04µs
[  2.305s] [Workarounds] starting patch_auth_challenge_frame_parent
[  2.305s] [Workarounds] finished patch_auth_challenge_frame_parent in 56.66µs
[  2.305s] [Workarounds] starting patch_settings_surface_defaults
[  2.305s] [Workarounds] finished patch_settings_surface_defaults in 288.23µs
[  2.305s] [Workarounds] starting patch_settings_canvas_layout_visibility
[  2.306s] [Workarounds] finished patch_settings_canvas_layout_visibility in 91.49µs
[  2.306s] [Startup] apply_post_load_workarounds: workarounds complete
[  2.363s] [Startup] apply_post_load_workarounds: globals restored
[  2.364s] [Startup] apply_post_load_workarounds: patch 12.1 compatibility restored
[  2.364s] [Startup] apply_post_load_workarounds: seterrorhandler restored
[  2.494s] [Startup] begin login sequence
[  2.494s] [Startup] Firing ADDON_LOADED
[  2.494s] [Startup] Firing VARIABLES_LOADED
[  2.582s] [Startup] Firing DISPLAY_SIZE_CHANGED
[  2.621s] [Startup] Firing UI_SCALE_CHANGED
[  2.622s] [Startup] Firing PLAYER_LOGIN
[  2.622s] [Startup] end login sequence in 128.57ms
[  2.622s] [Startup] begin world enter sequence
[  2.622s] [Startup] Skipping EDIT_MODE_LAYOUTS_UPDATED
[  2.622s] [Startup] Firing TIME_PLAYED_MSG via RequestTimePlayed
[  2.622s] [Startup] Firing PLAYER_ENTERING_WORLD
[  2.841s] [EditMode] starting setup_layout_info
[  2.845s] [EditMode] finished setup_layout_info in 3.67ms
[  2.845s] [EditMode] starting apply_system_anchors
[  2.982s] [EditMode] finished apply_system_anchors in 136.72ms
[  2.982s] [EditMode] starting finalize_action_bar_positions
[  2.985s] [EditMode] finished finalize_action_bar_positions in 2.80ms
[  2.985s] [EditMode] starting invoke_anchor_changed_hooks
[  2.991s] [EditMode] finished invoke_anchor_changed_hooks in 6.16ms
[  2.991s] [EditMode] starting fix_action_bar_nan_size
[  2.991s] [EditMode] finished fix_action_bar_nan_size in 85.94µs
[  2.991s] [EditMode] starting fix_action_bar_scale
[  2.991s] [EditMode] finished fix_action_bar_scale in 4.98µs
[  2.991s] [EditMode] starting reapply_player_frame_anchor
[  2.992s] [EditMode] finished reapply_player_frame_anchor in 1.46ms
[  3.001s] [Startup] end world enter sequence in 378.46ms
[  3.001s] [Startup] begin post-login events
[  3.002s] [Startup] Firing UNIT_AURA
[  3.002s] [Startup] Firing PET_UI_UPDATE
[  3.004s] [Startup] Firing BAG_UPDATE_DELAYED
[  3.006s] [Startup] Firing QUEST_LOG_UPDATE
[  3.007s] [Startup] Firing GROUP_ROSTER_UPDATE
[  3.098s] [Startup] Firing ACTIONBAR_UPDATE_STATE
[  3.098s] [Startup] Firing ACTIONBAR_UPDATE_COOLDOWN
[  3.099s] [Startup] Firing UPDATE_BONUS_ACTIONBAR
[  3.111s] [Startup] Firing PLAYER_CAN_GLIDE_CHANGED
[  3.111s] [Startup] Firing PLAYER_IS_GLIDING_CHANGED
[  3.111s] [Startup] Firing UPDATE_BINDINGS
[  3.114s] [Startup] Firing UPDATE_CHAT_WINDOWS
[  3.116s] [Startup] Firing LFG_UPDATE_RANDOM_INFO
[  3.117s] [Startup] end post-login events in 116.55ms
[  3.117s] [Startup] begin close startup special windows
[  3.117s] [Startup] end close startup special windows in 277.01µs
[  3.117s] [Startup] begin FIRST_FRAME_RENDERED
[  3.117s] [Startup] Firing FIRST_FRAME_RENDERED
[  3.118s] [Startup] end FIRST_FRAME_RENDERED in 173.80µs
[  3.118s] [Startup] begin unblock hidden splash alerts
[  3.118s] [Startup] end unblock hidden splash alerts in 14.93µs
[  3.118s] [Startup] begin post-event workarounds
[  3.118s] [Startup] end post-event workarounds in 571.00ns
running 1 tests
test patch_5_0_4_behavior::patch_5_0_4_pet_type_reads_cached_state ... FAILED (panic: assertion `left == right` failed
  left: (None, None)
 right: (Some(7), Some(9)))
---- patch_5_0_4_behavior::patch_5_0_4_pet_type_reads_cached_state stderr ----

thread 'main' (2503894) panicked at /home/osso/.worktrees/wow-ui-sim-p504-page/tests/patch_5_0_4_behavior.rs:13:5:
assertion `left == right` failed
  left: (None, None)
 right: (Some(7), Some(9))
note: run with `RUST_BACKTRACE=1` environment variable to display a backtrace

test result: FAILED. 0 passed; 1 failed; 1 total
error: test failed, to rerun pass `--test prefork_full_ui`

Caused by:
  process didn't exit successfully: `/home/osso/.cache/wow-ui-sim-targets/p504-page/debug/deps/prefork_full_ui-21dd5c807fe7a7b6 patch_5_0_4_pet_type_reads_cached_state` (exit status: 1)
