warning: iced-wgpu-patched/Cargo.toml: `lints.clippy.large-enum-variant` is deprecated in favor of `lints.clippy.large_enum_variant` and will not work in a future edition
warning: iced-wgpu-patched/Cargo.toml: `lints.clippy.map-entry` is deprecated in favor of `lints.clippy.map_entry` and will not work in a future edition
warning: iced-wgpu-patched/Cargo.toml: `lints.clippy.match-wildcard-for-single-variants` is deprecated in favor of `lints.clippy.match_wildcard_for_single_variants` and will not work in a future edition
warning: iced-wgpu-patched/Cargo.toml: `lints.clippy.redundant-closure-for-method-calls` is deprecated in favor of `lints.clippy.redundant_closure_for_method_calls` and will not work in a future edition
warning: iced-wgpu-patched/Cargo.toml: `lints.clippy.trivially-copy-pass-by-ref` is deprecated in favor of `lints.clippy.trivially_copy_pass_by_ref` and will not work in a future edition
warning: iced-wgpu-patched/Cargo.toml: `lints.clippy.type-complexity` is deprecated in favor of `lints.clippy.type_complexity` and will not work in a future edition
warning: `iced_wgpu` (manifest) generated 6 warnings
    Finished `test` profile [optimized + debuginfo] target(s) in 0.18s
     Running tests/prefork_full_ui.rs (/home/osso/.cache/wow-ui-sim-targets/p504-page/debug/deps/prefork_full_ui-21dd5c807fe7a7b6)
[  0.000s] [Startup] WowLuaEnv::new begin
[  0.002s] [Startup] SimState::default complete in 1.87ms
[  0.002s] [Startup] rilua VM created in 100.03µs
[  0.002s] [Startup] builtin frames initialized in 65.44µs
[  0.002s] [Startup] template registry cleared in 5.38µs
[  0.002s] [Startup] intrinsic templates registered in 6.13µs
[  0.002s] [Startup] initial app_data lua handle installed in 1.20µs
[  0.120s] [Startup] init_lua_state complete in 117.60ms
[  0.120s] [Startup] final app_data lua handle installed in 190.00ns
[  0.120s] [Startup] initial screen globals installed in 77.97µs
[  0.120s] [Startup] WowLuaEnv::new complete
[  2.344s] [Startup] apply_post_load_workarounds: begin
[  2.344s] [Workarounds] starting patch_edit_mode_manager
[  2.345s] [Workarounds] finished patch_edit_mode_manager in 290.56µs
[  2.345s] [Workarounds] starting init_edit_mode_layout
[  2.345s] [EditMode] starting setup_layout_info
[  2.348s] [EditMode] finished setup_layout_info in 3.05ms
[  2.348s] [EditMode] starting apply_system_anchors
[  2.482s] [EditMode] finished apply_system_anchors in 134.69ms
[  2.482s] [EditMode] starting finalize_action_bar_positions
[  2.484s] [EditMode] finished finalize_action_bar_positions in 1.94ms
[  2.484s] [EditMode] starting invoke_anchor_changed_hooks
[  2.485s] [EditMode] finished invoke_anchor_changed_hooks in 413.88µs
[  2.485s] [EditMode] starting fix_action_bar_nan_size
[  2.485s] [EditMode] finished fix_action_bar_nan_size in 41.25µs
[  2.485s] [EditMode] starting fix_action_bar_scale
[  2.485s] [EditMode] finished fix_action_bar_scale in 4.39µs
[  2.485s] [Workarounds] finished init_edit_mode_layout in 140.17ms
[  2.485s] [Workarounds] starting patch_ui_parent_panel_toggles
[  2.485s] [Workarounds] finished patch_ui_parent_panel_toggles in 219.43µs
[  2.485s] [Workarounds] starting patch_uiparent_onupdate_worklists
[  2.485s] [Workarounds] finished patch_uiparent_onupdate_worklists in 87.82µs
[  2.485s] [Workarounds] starting init_chat_type_colors
[  2.485s] [Workarounds] finished init_chat_type_colors in 125.26µs
[  2.485s] [Workarounds] starting patch_chat_voice_button_surface
[  2.485s] [Workarounds] finished patch_chat_voice_button_surface in 120.32µs
[  2.485s] [Workarounds] starting patch_item_socketing_tooltips
[  2.485s] [Workarounds] finished patch_item_socketing_tooltips in 53.22µs
[  2.485s] [Workarounds] starting patch_character_select_selected_name
[  2.485s] [Workarounds] finished patch_character_select_selected_name in 26.11µs
[  2.485s] [Workarounds] starting patch_character_create_defaults
[  2.486s] [Workarounds] finished patch_character_create_defaults in 192.99µs
[  2.486s] [Workarounds] starting patch_character_frame_title_refresh
[  2.491s] [Workarounds] finished patch_character_frame_title_refresh in 5.19ms
[  2.491s] [Workarounds] starting patch_vignette_pin_template
[  2.491s] [Workarounds] finished patch_vignette_pin_template in 101.44µs
[  2.491s] [Workarounds] starting patch_fog_of_war_pin_mixin
[  2.491s] [Workarounds] finished patch_fog_of_war_pin_mixin in 266.04µs
[  2.491s] [Workarounds] starting patch_map_exploration_pin_mixin
[  2.496s] [Workarounds] finished patch_map_exploration_pin_mixin in 5.16ms
[  2.496s] [Workarounds] starting patch_map_canvas_data_provider_attachment
[  2.496s] [Workarounds] finished patch_map_canvas_data_provider_attachment in 78.86µs
[  2.496s] [Workarounds] starting ensure_adventure_map_frame_surface
[  2.497s] [Workarounds] finished ensure_adventure_map_frame_surface in 468.09µs
[  2.497s] [Workarounds] starting patch_action_bar_button_event_fanout
[  2.497s] [Workarounds] finished patch_action_bar_button_event_fanout in 98.17µs
[  2.497s] [Workarounds] starting patch_paging_controls_page_text
[  2.497s] [Workarounds] finished patch_paging_controls_page_text in 36.18µs
[  2.497s] [Workarounds] starting patch_talent_edge_frame_level_sync
[  2.497s] [Workarounds] finished patch_talent_edge_frame_level_sync in 26.20µs
[  2.497s] [Workarounds] starting patch_catalog_shop_product_card_defaults
[  2.497s] [Workarounds] finished patch_catalog_shop_product_card_defaults in 55.60µs
[  2.497s] [Workarounds] starting patch_game_time_defaults
[  2.497s] [Workarounds] finished patch_game_time_defaults in 10.19µs
[  2.497s] [Workarounds] starting patch_tooltip_nineslice_surface
[  2.497s] [Workarounds] finished patch_tooltip_nineslice_surface in 38.81µs
[  2.497s] [Workarounds] starting patch_container_frame_token_tracker
[  2.497s] [Workarounds] finished patch_container_frame_token_tracker in 36.97µs
[  2.497s] [Workarounds] starting patch_achievement_display_set_achievements
[  2.497s] [Workarounds] finished patch_achievement_display_set_achievements in 7.18µs
[  2.497s] [Workarounds] starting patch_housing_dashboard_preload
[  2.497s] [Workarounds] finished patch_housing_dashboard_preload in 155.56µs
[  2.497s] [Workarounds] starting patch_lfg_lock_list
[  2.497s] [Workarounds] finished patch_lfg_lock_list in 35.24µs
[  2.497s] [Workarounds] starting patch_auction_house_browse_results_event
[  2.497s] [Workarounds] finished patch_auction_house_browse_results_event in 55.50µs
[  2.497s] [Workarounds] starting patch_auction_house_search_context_aliases
[  2.498s] [Workarounds] finished patch_auction_house_search_context_aliases in 25.30µs
[  2.498s] [Workarounds] starting patch_auth_challenge_frame_parent
[  2.498s] [Workarounds] finished patch_auth_challenge_frame_parent in 67.74µs
[  2.498s] [Workarounds] starting patch_settings_surface_defaults
[  2.498s] [Workarounds] finished patch_settings_surface_defaults in 312.98µs
[  2.498s] [Workarounds] starting patch_settings_canvas_layout_visibility
[  2.498s] [Workarounds] finished patch_settings_canvas_layout_visibility in 96.86µs
[  2.498s] [Startup] apply_post_load_workarounds: workarounds complete
[  2.569s] [Startup] apply_post_load_workarounds: globals restored
[  2.569s] [Startup] apply_post_load_workarounds: patch 12.1 compatibility restored
[  2.569s] [Startup] apply_post_load_workarounds: seterrorhandler restored
[  2.738s] [Startup] begin login sequence
[  2.738s] [Startup] Firing ADDON_LOADED
[  2.738s] [Startup] Firing VARIABLES_LOADED
[  2.833s] [Startup] Firing DISPLAY_SIZE_CHANGED
[  2.875s] [Startup] Firing UI_SCALE_CHANGED
[  2.876s] [Startup] Firing PLAYER_LOGIN
[  2.877s] [Startup] end login sequence in 138.91ms
[  2.877s] [Startup] begin world enter sequence
[  2.877s] [Startup] Skipping EDIT_MODE_LAYOUTS_UPDATED
[  2.877s] [Startup] Firing TIME_PLAYED_MSG via RequestTimePlayed
[  2.877s] [Startup] Firing PLAYER_ENTERING_WORLD
[  3.119s] [EditMode] starting setup_layout_info
[  3.123s] [EditMode] finished setup_layout_info in 3.78ms
[  3.123s] [EditMode] starting apply_system_anchors
[  3.256s] [EditMode] finished apply_system_anchors in 133.65ms
[  3.256s] [EditMode] starting finalize_action_bar_positions
[  3.259s] [EditMode] finished finalize_action_bar_positions in 2.50ms
[  3.259s] [EditMode] starting invoke_anchor_changed_hooks
[  3.265s] [EditMode] finished invoke_anchor_changed_hooks in 5.71ms
[  3.265s] [EditMode] starting fix_action_bar_nan_size
[  3.265s] [EditMode] finished fix_action_bar_nan_size in 70.94µs
[  3.265s] [EditMode] starting fix_action_bar_scale
[  3.265s] [EditMode] finished fix_action_bar_scale in 4.78µs
[  3.265s] [EditMode] starting reapply_player_frame_anchor
[  3.266s] [EditMode] finished reapply_player_frame_anchor in 1.42ms
[  3.274s] [Startup] end world enter sequence in 397.72ms
[  3.274s] [Startup] begin post-login events
[  3.275s] [Startup] Firing UNIT_AURA
[  3.276s] [Startup] Firing PET_UI_UPDATE
[  3.278s] [Startup] Firing BAG_UPDATE_DELAYED
[  3.279s] [Startup] Firing QUEST_LOG_UPDATE
[  3.280s] [Startup] Firing GROUP_ROSTER_UPDATE
[  3.367s] [Startup] Firing ACTIONBAR_UPDATE_STATE
[  3.367s] [Startup] Firing ACTIONBAR_UPDATE_COOLDOWN
[  3.368s] [Startup] Firing UPDATE_BONUS_ACTIONBAR
[  3.379s] [Startup] Firing PLAYER_CAN_GLIDE_CHANGED
[  3.379s] [Startup] Firing PLAYER_IS_GLIDING_CHANGED
[  3.379s] [Startup] Firing UPDATE_BINDINGS
[  3.382s] [Startup] Firing UPDATE_CHAT_WINDOWS
[  3.385s] [Startup] Firing LFG_UPDATE_RANDOM_INFO
[  3.385s] [Startup] end post-login events in 111.25ms
[  3.385s] [Startup] begin close startup special windows
[  3.386s] [Startup] end close startup special windows in 253.40µs
[  3.386s] [Startup] begin FIRST_FRAME_RENDERED
[  3.386s] [Startup] Firing FIRST_FRAME_RENDERED
[  3.386s] [Startup] end FIRST_FRAME_RENDERED in 160.84µs
[  3.386s] [Startup] begin unblock hidden splash alerts
[  3.386s] [Startup] end unblock hidden splash alerts in 12.89µs
[  3.386s] [Startup] begin post-event workarounds
[  3.386s] [Startup] end post-event workarounds in 781.00ns
running 63 tests
test patch_10_0_0_publication_sweep::patch_10_0_0_animation_probe_factories ... ok
test patch_10_0_2_publication_sweep::patch_10_0_2_publication_sweep ... ok
test patch_10_0_0_publication_sweep::patch_10_0_0_publication_sweep ... ok
test patch_10_0_5_publication_sweep::patch_10_0_5_publication_sweep ... ok
test patch_10_0_7_publication_sweep::patch_10_0_7_publication_sweep ... ok
test patch_10_1_0_publication_sweep::patch_10_1_0_publication_sweep ... ok
test patch_10_1_5_publication_sweep::patch_10_1_5_publication_sweep ... ok
test patch_10_1_7_publication_sweep::patch_10_1_7_publication_sweep ... ok
test patch_10_2_0_publication_sweep::patch_10_2_0_publication_sweep ... ok
test patch_10_2_5_publication_sweep::patch_10_2_5_publication_sweep ... ok
test patch_10_2_7_publication_sweep::patch_10_2_7_publication_sweep ... ok
test patch_10_2_6_publication_sweep::patch_10_2_6_publication_sweep ... ok
test patch_11_0_2_publication_sweep::patch_11_0_2_publication_sweep ... ok
test patch_11_0_5_publication_sweep::patch_11_0_5_publication_sweep ... ok
test patch_11_0_0_publication_sweep::patch_11_0_0_publication_sweep ... ok
test patch_11_0_7_publication_sweep::patch_11_0_7_publication_sweep ... ok
test patch_11_1_0_publication_sweep::patch_11_1_0_publication_sweep ... ok
test patch_11_1_5_publication_sweep::patch_11_1_5_publication_sweep ... ok
test patch_11_1_7_publication_sweep::patch_11_1_7_publication_sweep ... ok
test patch_11_2_0_publication_sweep::patch_11_2_0_publication_sweep ... ok
test patch_11_2_5_publication_sweep::patch_11_2_5_publication_sweep ... ok
test patch_11_2_7_publication_sweep::patch_11_2_7_publication_sweep ... ok
test patch_12_0_0_publication_sweep::patch_12_0_0_publication_sweep ... ok
test patch_12_0_1_publication_sweep::patch_12_0_1_publication_sweep ... ok
test patch_12_0_7_publication_sweep::patch_12_0_7_publication_sweep ... ok
test patch_12_0_5_publication_sweep::patch_12_0_5_publication_sweep ... ok
test patch_12_1_0_publication_sweep::patch_12_1_0_publication_sweep ... ok
test patch_5_0_4_publication_sweep::patch_5_0_4_publication_sweep ... ok
test patch_5_3_0_publication_sweep::patch_5_3_0_publication_sweep ... ok
test patch_5_2_0_publication_sweep::patch_5_2_0_publication_sweep ... ok
test patch_5_4_0_publication_sweep::patch_5_4_0_publication_sweep ... ok
test patch_5_4_1_publication_sweep::patch_5_4_1_publication_sweep ... ok
test patch_5_4_7_publication_sweep::patch_5_4_7_publication_sweep ... ok
test patch_5_4_2_publication_sweep::patch_5_4_2_publication_sweep ... ok
test patch_5_4_8_publication_sweep::patch_5_4_8_publication_sweep ... ok
test patch_6_0_1_publication_sweep::patch_6_0_1_publication_sweep ... ok
test patch_6_1_0_publication_sweep::patch_6_1_0_publication_sweep ... ok
test patch_6_2_0_publication_sweep::patch_6_2_0_publication_sweep ... ok
test patch_6_2_2_publication_sweep::patch_6_2_2_publication_sweep ... ok
test patch_6_0_2_publication_sweep::patch_6_0_2_publication_sweep ... ok
test patch_6_2_4_publication_sweep::patch_6_2_4_publication_sweep ... ok
test patch_7_0_1_publication_sweep::patch_7_0_1_publication_sweep ... ok
test patch_7_1_0_publication_sweep::patch_7_1_0_publication_sweep ... ok
test patch_7_0_3_publication_sweep::patch_7_0_3_publication_sweep ... ok
test patch_7_2_0_publication_sweep::patch_7_2_0_publication_sweep ... ok
test patch_7_2_5_publication_sweep::patch_7_2_5_publication_sweep ... ok
test patch_7_3_0_publication_sweep::patch_7_3_0_publication_sweep ... ok
test patch_7_3_2_publication_sweep::patch_7_3_2_publication_sweep ... ok
test patch_8_1_0_publication_sweep::patch_8_1_0_publication_sweep ... ok
test patch_8_0_1_publication_sweep::patch_8_0_1_publication_sweep ... ok
test patch_8_1_5_publication_sweep::patch_8_1_5_publication_sweep ... ok
test patch_8_2_0_publication_sweep::patch_8_2_0_publication_sweep ... ok
test patch_8_2_5_publication_sweep::patch_8_2_5_publication_sweep ... ok
test patch_8_3_7_publication_sweep::patch_8_3_7_publication_sweep ... ok
test patch_8_3_0_publication_sweep::patch_8_3_0_publication_sweep ... ok
test patch_9_0_2_publication_sweep::patch_9_0_2_publication_sweep ... ok
test patch_9_0_5_publication_sweep::patch_9_0_5_publication_sweep ... ok
test patch_9_0_1_publication_sweep::patch_9_0_1_publication_sweep ... ok
test patch_9_1_0_publication_sweep::patch_9_1_0_publication_sweep ... ok
test patch_9_1_5_publication_sweep::patch_9_1_5_publication_sweep ... ok
test patch_9_2_0_publication_sweep::patch_9_2_0_publication_sweep ... ok
test patch_9_2_7_publication_sweep::patch_9_2_7_publication_sweep ... ok
test patch_9_2_5_publication_sweep::patch_9_2_5_publication_sweep ... ok

test result: ok. 63 passed; 0 failed; 63 total
