[  0.000s] [startup] wow-sim process started pid=1204861
[  0.000s] Resource limits: 2 CPU core(s)
[  0.000s] [Startup] WowLuaEnv::new begin
[  0.002s] [Startup] SimState::default complete in 1.68ms
[  0.002s] [Startup] rilua VM created in 85.62µs
[  0.002s] [Startup] builtin frames initialized in 60.72µs
[  0.002s] [Startup] template registry cleared in 4.91µs
[  0.002s] [Startup] intrinsic templates registered in 5.61µs
[  0.002s] [Startup] initial app_data lua handle installed in 431.00ns
[  0.098s] [Startup] init_lua_state complete in 96.03ms
[  0.098s] [Startup] final app_data lua handle installed in 170.00ns
[  0.098s] [Startup] initial screen globals installed in 68.59µs
[  0.098s] [Startup] WowLuaEnv::new complete
[  0.098s] [Startup] screen size set to 1600x1200 in 32.83µs
[  0.098s] [Startup] WowFontSystem::new begin casc=false
[  0.104s] [Startup] font system fallback loaded in 5.55ms
[  0.104s] [Startup] cosmic font system built in 6.62µs
[  0.104s] [Startup] swash cache created in 2.20µs
[  0.104s] [Startup] WowFontSystem::new complete in 5.57ms
[  0.104s] [Startup] font system created in 5.58ms
ALSA lib confmisc.c:855:(parse_card) [error.core] cannot find card '0'
ALSA lib conf.c:5211:(_snd_config_evaluate) [error.core] function snd_func_card_inum returned error: No such file or directory
ALSA lib confmisc.c:422:(snd_func_concat) [error.core] error evaluating strings
ALSA lib conf.c:5211:(_snd_config_evaluate) [error.core] function snd_func_concat returned error: No such file or directory
ALSA lib confmisc.c:1342:(snd_func_refer) [error.core] error evaluating name
ALSA lib conf.c:5211:(_snd_config_evaluate) [error.core] function snd_func_refer returned error: No such file or directory
ALSA lib conf.c:5734:(snd_config_expand) [error.core] Evaluate error: No such file or directory
ALSA lib pcm.c:2722:(snd_pcm_open_noupdate) [error.pcm] Unknown PCM default
[  0.104s] Sound: no audio device available
[  0.104s] [Startup] begin stop GC
[  0.104s] [Startup] end stop GC in 121.00ns
[  0.104s] [Startup] begin configure saved variables
[  0.104s] SavedVariables loading disabled
[  0.104s] [Startup] end configure saved variables in 822.00ns
[  0.104s] [Startup] begin load keybindings
[  0.104s] [Startup] end load keybindings in 130.00ns
[  0.104s] [Startup] begin configure edit mode cache
[  0.104s] EditMode cache: no WoW WTF directory found
[  0.104s] [Startup] end configure edit mode cache in 18.82µs
[  0.104s] [Startup] begin read ServerSnapshot edit mode layout
[  0.104s] [Startup] end read ServerSnapshot edit mode layout in 20.00ns
[  0.104s] [Startup] begin load edit mode cache
[  0.104s] [Startup] end load edit mode cache in 140.00ns
[  0.104s] [Startup] begin load ServerSnapshot character state
[  0.104s] [Startup] end load ServerSnapshot character state in 30.00ns
[  0.104s] [Startup] begin load Blizzard addons
[  0.110s] Loading 291 Blizzard addons...
[  2.031s] Blizzard addons loaded in 1.93s (io=4.15ms xml=112.16ms xmlproc=1.29s frames⊂xmlproc=1.28s lua=391.04ms [compile=323.39ms call=67.65ms] gc=deferred, bytecode cache: 291/1569 hits (19%, lookup_miss=1278 replay_fail=0 stored=1278 store_fail=0))
  frame breakdown: setup=643.24ms finalize=1.56s (2482 frames)
  setup: code_build=6.03ms exec_lua=637.60ms props=5.45ms
  finalize: layers=57.86ms (1151 tex, 689 fs) anim=12.74ms button=28.30ms lifecycle=516.84ms (1761 fires)
[  2.031s] [Startup] end load Blizzard addons in 1.93s
[  2.031s] [Startup] begin prepare chat frame for third-party addons
[  2.032s] [Startup] end prepare chat frame for third-party addons in 533.02µs
[  2.032s] [Startup] begin apply post-Blizzard load workarounds
[  2.032s] [Startup] applying post-load workarounds
[  2.031s] [Startup] apply_post_load_workarounds: begin
[  2.031s] [Workarounds] starting patch_edit_mode_manager
[  2.032s] [Workarounds] finished patch_edit_mode_manager in 242.66µs
[  2.032s] [Workarounds] starting init_edit_mode_layout
[  2.032s] [EditMode] starting setup_layout_info
[  2.035s] [EditMode] finished setup_layout_info in 3.27ms
[  2.035s] [EditMode] starting apply_system_anchors
[  2.145s] [EditMode] finished apply_system_anchors in 110.05ms
[  2.145s] [EditMode] starting finalize_action_bar_positions
[  2.146s] [EditMode] finished finalize_action_bar_positions in 1.41ms
[  2.146s] [EditMode] starting invoke_anchor_changed_hooks
[  2.147s] [EditMode] finished invoke_anchor_changed_hooks in 333.37µs
[  2.147s] [EditMode] starting fix_action_bar_nan_size
[  2.147s] [EditMode] finished fix_action_bar_nan_size in 32.12µs
[  2.147s] [EditMode] starting fix_action_bar_scale
[  2.147s] [EditMode] finished fix_action_bar_scale in 3.84µs
[  2.147s] [Workarounds] finished init_edit_mode_layout in 115.12ms
[  2.147s] [Workarounds] starting patch_ui_parent_panel_toggles
[  2.147s] [Workarounds] finished patch_ui_parent_panel_toggles in 185.67µs
[  2.147s] [Workarounds] starting patch_uiparent_onupdate_worklists
[  2.147s] [Workarounds] finished patch_uiparent_onupdate_worklists in 75.32µs
[  2.147s] [Workarounds] starting init_chat_type_colors
[  2.147s] [Workarounds] finished init_chat_type_colors in 94.73µs
[  2.147s] [Workarounds] starting patch_chat_voice_button_surface
[  2.147s] [Workarounds] finished patch_chat_voice_button_surface in 89.49µs
[  2.147s] [Workarounds] starting patch_item_socketing_tooltips
[  2.147s] [Workarounds] finished patch_item_socketing_tooltips in 44.36µs
[  2.147s] [Workarounds] starting patch_character_select_selected_name
[  2.147s] [Workarounds] finished patch_character_select_selected_name in 23.58µs
[  2.147s] [Workarounds] starting patch_character_create_defaults
[  2.148s] [Workarounds] finished patch_character_create_defaults in 173.19µs
[  2.148s] [Workarounds] starting patch_character_frame_title_refresh
[  2.152s] [Workarounds] finished patch_character_frame_title_refresh in 4.45ms
[  2.152s] [Workarounds] starting patch_vignette_pin_template
[  2.152s] [Workarounds] finished patch_vignette_pin_template in 73.37µs
[  2.152s] [Workarounds] starting patch_fog_of_war_pin_mixin
[  2.152s] [Workarounds] finished patch_fog_of_war_pin_mixin in 211.32µs
[  2.152s] [Workarounds] starting patch_map_exploration_pin_mixin
[  2.157s] [Workarounds] finished patch_map_exploration_pin_mixin in 4.39ms
[  2.157s] [Workarounds] starting patch_map_canvas_data_provider_attachment
[  2.157s] [Workarounds] finished patch_map_canvas_data_provider_attachment in 50.31µs
[  2.157s] [Workarounds] starting ensure_adventure_map_frame_surface
[  2.157s] [Workarounds] finished ensure_adventure_map_frame_surface in 331.82µs
[  2.157s] [Workarounds] starting patch_action_bar_button_event_fanout
[  2.157s] [Workarounds] finished patch_action_bar_button_event_fanout in 77.30µs
[  2.157s] [Workarounds] starting patch_paging_controls_page_text
[  2.157s] [Workarounds] finished patch_paging_controls_page_text in 29.26µs
[  2.157s] [Workarounds] starting patch_talent_edge_frame_level_sync
[  2.157s] [Workarounds] finished patch_talent_edge_frame_level_sync in 23.60µs
[  2.157s] [Workarounds] starting patch_catalog_shop_product_card_defaults
[  2.157s] [Workarounds] finished patch_catalog_shop_product_card_defaults in 47.86µs
[  2.157s] [Workarounds] starting patch_game_time_defaults
[  2.157s] [Workarounds] finished patch_game_time_defaults in 5.38µs
[  2.157s] [Workarounds] starting patch_tooltip_nineslice_surface
[  2.157s] [Workarounds] finished patch_tooltip_nineslice_surface in 33.81µs
[  2.157s] [Workarounds] starting patch_container_frame_token_tracker
[  2.157s] [Workarounds] finished patch_container_frame_token_tracker in 31.34µs
[  2.157s] [Workarounds] starting patch_achievement_display_set_achievements
[  2.157s] [Workarounds] finished patch_achievement_display_set_achievements in 6.60µs
[  2.157s] [Workarounds] starting patch_housing_dashboard_preload
[  2.157s] [Workarounds] finished patch_housing_dashboard_preload in 145.63µs
[  2.157s] [Workarounds] starting patch_lfg_lock_list
[  2.157s] [Workarounds] finished patch_lfg_lock_list in 25.23µs
[  2.157s] [Workarounds] starting patch_auction_house_browse_results_event
[  2.158s] [Workarounds] finished patch_auction_house_browse_results_event in 50.35µs
[  2.158s] [Workarounds] starting patch_auction_house_search_context_aliases
[  2.158s] [Workarounds] finished patch_auction_house_search_context_aliases in 25.31µs
[  2.158s] [Workarounds] starting patch_auth_challenge_frame_parent
[  2.158s] [Workarounds] finished patch_auth_challenge_frame_parent in 51.93µs
[  2.158s] [Workarounds] starting patch_settings_surface_defaults
[  2.158s] [Workarounds] finished patch_settings_surface_defaults in 269.99µs
[  2.158s] [Workarounds] starting patch_settings_canvas_layout_visibility
[  2.158s] [Workarounds] finished patch_settings_canvas_layout_visibility in 86.37µs
[  2.158s] [Startup] apply_post_load_workarounds: workarounds complete
[  2.207s] [Startup] apply_post_load_workarounds: globals restored
[  2.207s] [Startup] apply_post_load_workarounds: patch 12.1 compatibility restored
[  2.207s] [Startup] apply_post_load_workarounds: seterrorhandler restored
[  2.207s] [Startup] post-load workarounds complete in 175.35ms
[  2.207s] [Startup] end apply post-Blizzard load workarounds in 175.35ms
[  2.207s] [Startup] begin load third-party addons
[  2.208s] [Startup] end load third-party addons in 589.92µs
[  2.208s] [Startup] begin sync addon names to Lua
[  2.208s] [Startup] end sync addon names to Lua in 238.00µs
[  2.208s] [Startup] applying post-load workarounds
[  2.208s] [Startup] apply_post_load_workarounds: begin
[  2.208s] [Workarounds] starting patch_edit_mode_manager
[  2.208s] [Workarounds] finished patch_edit_mode_manager in 247.72µs
[  2.208s] [Workarounds] starting init_edit_mode_layout
[  2.208s] [EditMode] starting setup_layout_info
[  2.211s] [EditMode] finished setup_layout_info in 3.05ms
[  2.211s] [EditMode] starting apply_system_anchors
[  2.295s] [EditMode] finished apply_system_anchors in 83.94ms
[  2.295s] [EditMode] starting finalize_action_bar_positions
[  2.296s] [EditMode] finished finalize_action_bar_positions in 1.52ms
[  2.296s] [EditMode] starting invoke_anchor_changed_hooks
[  2.300s] [EditMode] finished invoke_anchor_changed_hooks in 3.27ms
[  2.300s] [EditMode] starting fix_action_bar_nan_size
[  2.300s] [EditMode] finished fix_action_bar_nan_size in 34.19µs
[  2.300s] [EditMode] starting fix_action_bar_scale
[  2.300s] [EditMode] finished fix_action_bar_scale in 3.77µs
[  2.300s] [Workarounds] finished init_edit_mode_layout in 91.86ms
[  2.300s] [Workarounds] starting patch_ui_parent_panel_toggles
[  2.300s] [Workarounds] finished patch_ui_parent_panel_toggles in 173.46µs
[  2.300s] [Workarounds] starting patch_uiparent_onupdate_worklists
[  2.300s] [Workarounds] finished patch_uiparent_onupdate_worklists in 79.10µs
[  2.300s] [Workarounds] starting init_chat_type_colors
[  2.300s] [Workarounds] finished init_chat_type_colors in 93.88µs
[  2.300s] [Workarounds] starting patch_chat_voice_button_surface
[  2.300s] [Workarounds] finished patch_chat_voice_button_surface in 195.19µs
[  2.300s] [Workarounds] starting patch_item_socketing_tooltips
[  2.300s] [Workarounds] finished patch_item_socketing_tooltips in 43.22µs
[  2.300s] [Workarounds] starting patch_character_select_selected_name
[  2.300s] [Workarounds] finished patch_character_select_selected_name in 24.36µs
[  2.300s] [Workarounds] starting patch_character_create_defaults
[  2.301s] [Workarounds] finished patch_character_create_defaults in 164.41µs
[  2.301s] [Workarounds] starting patch_character_frame_title_refresh
[  2.306s] [Workarounds] finished patch_character_frame_title_refresh in 5.15ms
[  2.306s] [Workarounds] starting patch_vignette_pin_template
[  2.306s] [Workarounds] finished patch_vignette_pin_template in 73.38µs
[  2.306s] [Workarounds] starting patch_fog_of_war_pin_mixin
[  2.306s] [Workarounds] finished patch_fog_of_war_pin_mixin in 184.30µs
[  2.306s] [Workarounds] starting patch_map_exploration_pin_mixin
[  2.306s] [Workarounds] finished patch_map_exploration_pin_mixin in 240.91µs
[  2.306s] [Workarounds] starting patch_map_canvas_data_provider_attachment
[  2.306s] [Workarounds] finished patch_map_canvas_data_provider_attachment in 42.74µs
[  2.306s] [Workarounds] starting ensure_adventure_map_frame_surface
[  2.306s] [Workarounds] finished ensure_adventure_map_frame_surface in 114.55µs
[  2.306s] [Workarounds] starting patch_action_bar_button_event_fanout
[  2.306s] [Workarounds] finished patch_action_bar_button_event_fanout in 74.05µs
[  2.306s] [Workarounds] starting patch_paging_controls_page_text
[  2.306s] [Workarounds] finished patch_paging_controls_page_text in 28.67µs
[  2.306s] [Workarounds] starting patch_talent_edge_frame_level_sync
[  2.306s] [Workarounds] finished patch_talent_edge_frame_level_sync in 21.31µs
[  2.307s] [Workarounds] starting patch_catalog_shop_product_card_defaults
[  2.307s] [Workarounds] finished patch_catalog_shop_product_card_defaults in 45.44µs
[  2.307s] [Workarounds] starting patch_game_time_defaults
[  2.307s] [Workarounds] finished patch_game_time_defaults in 5.23µs
[  2.307s] [Workarounds] starting patch_tooltip_nineslice_surface
[  2.307s] [Workarounds] finished patch_tooltip_nineslice_surface in 35.86µs
[  2.307s] [Workarounds] starting patch_container_frame_token_tracker
[  2.307s] [Workarounds] finished patch_container_frame_token_tracker in 29.80µs
[  2.307s] [Workarounds] starting patch_achievement_display_set_achievements
[  2.307s] [Workarounds] finished patch_achievement_display_set_achievements in 6.33µs
[  2.307s] [Workarounds] starting patch_housing_dashboard_preload
[  2.307s] [Workarounds] finished patch_housing_dashboard_preload in 47.42µs
[  2.307s] [Workarounds] starting patch_lfg_lock_list
[  2.307s] [Workarounds] finished patch_lfg_lock_list in 4.92µs
[  2.307s] [Workarounds] starting patch_auction_house_browse_results_event
[  2.307s] [Workarounds] finished patch_auction_house_browse_results_event in 50.01µs
[  2.307s] [Workarounds] starting patch_auction_house_search_context_aliases
[  2.307s] [Workarounds] finished patch_auction_house_search_context_aliases in 21.97µs
[  2.307s] [Workarounds] starting patch_auth_challenge_frame_parent
[  2.307s] [Workarounds] finished patch_auth_challenge_frame_parent in 32.47µs
[  2.307s] [Workarounds] starting patch_settings_surface_defaults
[  2.307s] [Workarounds] finished patch_settings_surface_defaults in 280.65µs
[  2.307s] [Workarounds] starting patch_settings_canvas_layout_visibility
[  2.307s] [Workarounds] finished patch_settings_canvas_layout_visibility in 85.27µs
[  2.307s] [Startup] apply_post_load_workarounds: workarounds complete
[  2.353s] [Startup] apply_post_load_workarounds: globals restored
[  2.353s] [Startup] apply_post_load_workarounds: patch 12.1 compatibility restored
[  2.353s] [Startup] apply_post_load_workarounds: seterrorhandler restored
[  2.353s] [Startup] post-load workarounds complete in 145.14ms
[  2.353s] [Startup] restarting GC after bootstrap
[  2.473s] [Startup] GC restart complete in 120.14ms
=== Final observed Lua error summary ===
Status: CLEAN
Lua errors: 0 unique, 0 occurrence(s)
Attributed owners: 0
Unattributed Lua errors: 0 occurrence(s)
[]
