warning: iced-wgpu-patched/Cargo.toml: `lints.clippy.large-enum-variant` is deprecated in favor of `lints.clippy.large_enum_variant` and will not work in a future edition
warning: iced-wgpu-patched/Cargo.toml: `lints.clippy.map-entry` is deprecated in favor of `lints.clippy.map_entry` and will not work in a future edition
warning: iced-wgpu-patched/Cargo.toml: `lints.clippy.match-wildcard-for-single-variants` is deprecated in favor of `lints.clippy.match_wildcard_for_single_variants` and will not work in a future edition
warning: iced-wgpu-patched/Cargo.toml: `lints.clippy.redundant-closure-for-method-calls` is deprecated in favor of `lints.clippy.redundant_closure_for_method_calls` and will not work in a future edition
warning: iced-wgpu-patched/Cargo.toml: `lints.clippy.trivially-copy-pass-by-ref` is deprecated in favor of `lints.clippy.trivially_copy_pass_by_ref` and will not work in a future edition
warning: iced-wgpu-patched/Cargo.toml: `lints.clippy.type-complexity` is deprecated in favor of `lints.clippy.type_complexity` and will not work in a future edition
warning: `iced_wgpu` (manifest) generated 6 warnings
    Blocking waiting for file lock on package cache
    Blocking waiting for file lock on package cache
    Blocking waiting for file lock on package cache
    Blocking waiting for file lock on build directory
   Compiling wow-ui-sim v0.1.0 (/home/osso/.worktrees/wow-ui-sim-p703-page)
    Finished `test` profile [optimized + debuginfo] target(s) in 1m 53s
     Running tests/integration.rs (/home/osso/.cache/wow-ui-sim-targets/p703-page/debug/deps/integration-1db16289b0998b2a)

running 3 tests
[  0.000s] [Startup] WowLuaEnv::new begin
[  0.000s] [Startup] WowLuaEnv::new begin
[  0.000s] [Startup] WowLuaEnv::new begin
[  0.002s] [Startup] SimState::default complete in 1.84ms
[  0.002s] [Startup] SimState::default complete in 1.82ms
[  0.002s] [Startup] SimState::default complete in 1.90ms
[  0.002s] [Startup] rilua VM created in 115.29µs
[  0.002s] [Startup] rilua VM created in 112.01µs
[  0.002s] [Startup] builtin frames initialized in 67.38µs
[  0.002s] [Startup] builtin frames initialized in 66.75µs
[  0.002s] [Startup] template registry cleared in 7.40µs
[  0.002s] [Startup] template registry cleared in 5.89µs
[  0.002s] [Startup] intrinsic templates registered in 3.74µs
[  0.002s] [Startup] intrinsic templates registered in 5.18µs
[  0.002s] [Startup] initial app_data lua handle installed in 601.00ns
[  0.002s] [Startup] initial app_data lua handle installed in 160.00ns
[  0.002s] [Startup] rilua VM created in 126.70µs
[  0.002s] [Startup] builtin frames initialized in 77.84µs
[  0.002s] [Startup] template registry cleared in 2.94µs
[  0.002s] [Startup] intrinsic templates registered in 6.25µs
[  0.002s] [Startup] initial app_data lua handle installed in 230.00ns
[  0.099s] [Startup] init_lua_state complete in 97.38ms
[  0.100s] [Startup] final app_data lua handle installed in 361.00ns
[  0.100s] [Startup] initial screen globals installed in 82.60µs
[  0.100s] [Startup] WowLuaEnv::new complete
[  0.100s] [Startup] init_lua_state complete in 97.68ms
[  0.100s] [Startup] final app_data lua handle installed in 100.00ns
[  0.100s] [Startup] initial screen globals installed in 63.49µs
[  0.100s] [Startup] WowLuaEnv::new complete
[  0.100s] [Startup] init_lua_state complete in 97.67ms
[  0.100s] [Startup] final app_data lua handle installed in 90.00ns
[  0.100s] [Startup] initial screen globals installed in 59.80µs
[  0.100s] [Startup] WowLuaEnv::new complete
test patch_7_0_3_behavior::patch_7_0_3_unused_mount_members_stay_absent ... ok
test patch_7_0_3_behavior::patch_7_0_3_recipe_name_filter_changes_catalog_results ... ok
test patch_7_0_3_behavior::patch_7_0_3_publication_probe_constructs_line_and_alpha ... ok

test result: ok. 3 passed; 0 failed; 0 ignored; 0 measured; 10670 filtered out; finished in 0.11s

