running 1 tests
test patch_4_3_0_publication_sweep::patch_4_3_0_publication_sweep ... FAILED (panic: assertion `left == right` failed: new gaps: ["wt-global-api-CanReplaceGuildMaster-12"]; resolved/stale gaps: []
  left: {"wt-global-api-ApplyTransmogrifications-10", "wt-global-api-CanReplaceGuildMaster-12", "wt-global-api-CanTransmogrifyItemWithItem-14", "wt-global-api-ClearTransmogrifySlot-18", "wt-global-api-ClickTransmogrifySlot-20", "wt-global-api-CloseTransmogrifyFrame-24", "wt-global-api-GetCurrentMapLevelRange-32", "wt-global-api-GetDetailColumnString-33", "wt-global-api-GetItemTransmogrifyInfo-36", "wt-global-api-GetMissingLootItemInfo-43", "wt-global-api-GetMissingLootItemLink-44", "wt-global-api-GetNumMissingLootItems-45", "wt-global-api-GetSheathState-52", "wt-global-api-GetSpellBaseCooldown-53", "wt-global-api-GetTransmogrifyCost-54", "wt-global-api-GetTransmogrifySlotInfo-55", "wt-global-api-GuildMasterAbsent-61", "wt-global-api-HasLoadedCUFProfiles-64", "wt-global-api-Is64BitClient-65", "wt-global-api-ReplaceGuildMaster-69", "wt-global-api-SetSelectedScreenResolutionIndex-74", "wt-global-api-SubmitRequiredGuildRename-77", "wt-global-api-UnitNumPowerBarTimers-80", "wt-global-api-UnlearnSpecialization-82", "wt-global-api-UseItemForTransmogrify-84", "wt-global-api-ValidateTransmogrifications-85"}
 right: {"wt-global-api-ApplyTransmogrifications-10", "wt-global-api-CanTransmogrifyItemWithItem-14", "wt-global-api-ClearTransmogrifySlot-18", "wt-global-api-ClickTransmogrifySlot-20", "wt-global-api-CloseTransmogrifyFrame-24", "wt-global-api-GetCurrentMapLevelRange-32", "wt-global-api-GetDetailColumnString-33", "wt-global-api-GetItemTransmogrifyInfo-36", "wt-global-api-GetMissingLootItemInfo-43", "wt-global-api-GetMissingLootItemLink-44", "wt-global-api-GetNumMissingLootItems-45", "wt-global-api-GetSheathState-52", "wt-global-api-GetSpellBaseCooldown-53", "wt-global-api-GetTransmogrifyCost-54", "wt-global-api-GetTransmogrifySlotInfo-55", "wt-global-api-GuildMasterAbsent-61", "wt-global-api-HasLoadedCUFProfiles-64", "wt-global-api-Is64BitClient-65", "wt-global-api-ReplaceGuildMaster-69", "wt-global-api-SetSelectedScreenResolutionIndex-74", "wt-global-api-SubmitRequiredGuildRename-77", "wt-global-api-UnitNumPowerBarTimers-80", "wt-global-api-UnlearnSpecialization-82", "wt-global-api-UseItemForTransmogrify-84", "wt-global-api-ValidateTransmogrifications-85"})

test result: FAILED. 0 passed; 1 failed; 1 total

warning: iced-wgpu-patched/Cargo.toml: `lints.clippy.large-enum-variant` is deprecated in favor of `lints.clippy.large_enum_variant` and will not work in a future edition
warning: iced-wgpu-patched/Cargo.toml: `lints.clippy.map-entry` is deprecated in favor of `lints.clippy.map_entry` and will not work in a future edition
warning: iced-wgpu-patched/Cargo.toml: `lints.clippy.match-wildcard-for-single-variants` is deprecated in favor of `lints.clippy.match_wildcard_for_single_variants` and will not work in a future edition
warning: iced-wgpu-patched/Cargo.toml: `lints.clippy.redundant-closure-for-method-calls` is deprecated in favor of `lints.clippy.redundant_closure_for_method_calls` and will not work in a future edition
warning: iced-wgpu-patched/Cargo.toml: `lints.clippy.trivially-copy-pass-by-ref` is deprecated in favor of `lints.clippy.trivially_copy_pass_by_ref` and will not work in a future edition
warning: iced-wgpu-patched/Cargo.toml: `lints.clippy.type-complexity` is deprecated in favor of `lints.clippy.type_complexity` and will not work in a future edition
warning: `iced_wgpu` (manifest) generated 6 warnings
    Finished `test` profile [optimized + debuginfo] target(s) in 0.16s
     Running tests/prefork_full_ui.rs (target/debug/deps/prefork_full_ui-21dd5c807fe7a7b6)
[  0.000s] [Startup] WowLuaEnv::new begin
[  0.002s] [Startup] SimState::default complete in 1.62ms
[  0.002s] [Startup] rilua VM created in 78.14µs
[  0.002s] [Startup] builtin frames initialized in 66.81µs
[  0.002s] [Startup] template registry cleared in 5.92µs
[  0.002s] [Startup] intrinsic templates registered in 6.46µs
[  0.002s] [Startup] initial app_data lua handle installed in 421.00ns
[  0.087s] [Startup] init_lua_state complete in 85.50ms
[  0.087s] [Startup] final app_data lua handle installed in 190.00ns
[  0.087s] [Startup] initial screen globals installed in 59.74µs
[  0.087s] [Startup] WowLuaEnv::new complete
[  1.875s] [Startup] apply_post_load_workarounds: begin
[  1.875s] [Workarounds] starting patch_edit_mode_manager
[  1.876s] [Workarounds] finished patch_edit_mode_manager in 242.49µs
[  1.876s] [Workarounds] starting init_edit_mode_layout
[  1.876s] [EditMode] starting setup_layout_info
[  1.878s] [EditMode] finished setup_layout_info in 2.62ms
[  1.878s] [EditMode] starting apply_system_anchors
[  1.982s] [EditMode] finished apply_system_anchors in 103.31ms
[  1.982s] [EditMode] starting finalize_action_bar_positions
[  1.983s] [EditMode] finished finalize_action_bar_positions in 1.32ms
[  1.983s] [EditMode] starting invoke_anchor_changed_hooks
[  1.983s] [EditMode] finished invoke_anchor_changed_hooks in 318.16µs
[  1.983s] [EditMode] starting fix_action_bar_nan_size
[  1.983s] [EditMode] finished fix_action_bar_nan_size in 30.79µs
[  1.983s] [EditMode] starting fix_action_bar_scale
[  1.983s] [EditMode] finished fix_action_bar_scale in 3.59µs
[  1.983s] [Workarounds] finished init_edit_mode_layout in 107.62ms
[  1.983s] [Workarounds] starting patch_ui_parent_panel_toggles
[  1.984s] [Workarounds] finished patch_ui_parent_panel_toggles in 180.65µs
[  1.984s] [Workarounds] starting patch_uiparent_onupdate_worklists
[  1.984s] [Workarounds] finished patch_uiparent_onupdate_worklists in 75.53µs
[  1.984s] [Workarounds] starting init_chat_type_colors
[  1.984s] [Workarounds] finished init_chat_type_colors in 95.49µs
[  1.984s] [Workarounds] starting patch_chat_voice_button_surface
[  1.984s] [Workarounds] finished patch_chat_voice_button_surface in 86.84µs
[  1.984s] [Workarounds] starting patch_item_socketing_tooltips
[  1.984s] [Workarounds] finished patch_item_socketing_tooltips in 44.33µs
[  1.984s] [Workarounds] starting patch_character_select_selected_name
[  1.984s] [Workarounds] finished patch_character_select_selected_name in 23.73µs
[  1.984s] [Workarounds] starting patch_character_create_defaults
[  1.984s] [Workarounds] finished patch_character_create_defaults in 173.36µs
[  1.984s] [Workarounds] starting patch_character_frame_title_refresh
[  1.988s] [Workarounds] finished patch_character_frame_title_refresh in 4.42ms
[  1.988s] [Workarounds] starting patch_vignette_pin_template
[  1.989s] [Workarounds] finished patch_vignette_pin_template in 67.44µs
[  1.989s] [Workarounds] starting patch_fog_of_war_pin_mixin
[  1.989s] [Workarounds] finished patch_fog_of_war_pin_mixin in 205.58µs
[  1.989s] [Workarounds] starting patch_map_exploration_pin_mixin
[  1.993s] [Workarounds] finished patch_map_exploration_pin_mixin in 4.20ms
[  1.993s] [Workarounds] starting patch_map_canvas_data_provider_attachment
[  1.993s] [Workarounds] finished patch_map_canvas_data_provider_attachment in 46.31µs
[  1.993s] [Workarounds] starting ensure_adventure_map_frame_surface
[  1.993s] [Workarounds] finished ensure_adventure_map_frame_surface in 324.87µs
[  1.993s] [Workarounds] starting patch_action_bar_button_event_fanout
[  1.993s] [Workarounds] finished patch_action_bar_button_event_fanout in 75.09µs
[  1.993s] [Workarounds] starting patch_paging_controls_page_text
[  1.993s] [Workarounds] finished patch_paging_controls_page_text in 29.30µs
[  1.993s] [Workarounds] starting patch_talent_edge_frame_level_sync
[  1.993s] [Workarounds] finished patch_talent_edge_frame_level_sync in 23.34µs
[  1.993s] [Workarounds] starting patch_catalog_shop_product_card_defaults
[  1.993s] [Workarounds] finished patch_catalog_shop_product_card_defaults in 48.06µs
[  1.993s] [Workarounds] starting patch_game_time_defaults
[  1.993s] [Workarounds] finished patch_game_time_defaults in 5.84µs
[  1.993s] [Workarounds] starting patch_tooltip_nineslice_surface
[  1.994s] [Workarounds] finished patch_tooltip_nineslice_surface in 33.28µs
[  1.994s] [Workarounds] starting patch_container_frame_token_tracker
[  1.994s] [Workarounds] finished patch_container_frame_token_tracker in 30.97µs
[  1.994s] [Workarounds] starting patch_achievement_display_set_achievements
[  1.994s] [Workarounds] finished patch_achievement_display_set_achievements in 6.15µs
[  1.994s] [Workarounds] starting patch_housing_dashboard_preload
[  1.994s] [Workarounds] finished patch_housing_dashboard_preload in 122.26µs
[  1.994s] [Workarounds] starting patch_lfg_lock_list
[  1.994s] [Workarounds] finished patch_lfg_lock_list in 23.69µs
[  1.994s] [Workarounds] starting patch_auction_house_browse_results_event
[  1.994s] [Workarounds] finished patch_auction_house_browse_results_event in 49.94µs
[  1.994s] [Workarounds] starting patch_auction_house_search_context_aliases
[  1.994s] [Workarounds] finished patch_auction_house_search_context_aliases in 22.24µs
[  1.994s] [Workarounds] starting patch_auth_challenge_frame_parent
[  1.994s] [Workarounds] finished patch_auth_challenge_frame_parent in 50.82µs
[  1.994s] [Workarounds] starting patch_settings_surface_defaults
[  1.994s] [Workarounds] finished patch_settings_surface_defaults in 265.24µs
[  1.994s] [Workarounds] starting patch_settings_canvas_layout_visibility
[  1.994s] [Workarounds] finished patch_settings_canvas_layout_visibility in 84.91µs
[  1.994s] [Startup] apply_post_load_workarounds: workarounds complete
[  2.040s] [Startup] apply_post_load_workarounds: globals restored
[  2.040s] [Startup] apply_post_load_workarounds: patch 12.1 compatibility restored
[  2.040s] [Startup] apply_post_load_workarounds: seterrorhandler restored
[  2.159s] [Startup] begin login sequence
[  2.159s] [Startup] Firing ADDON_LOADED
[  2.159s] [Startup] Firing VARIABLES_LOADED
[  2.233s] [Startup] Firing DISPLAY_SIZE_CHANGED
[  2.269s] [Startup] Firing UI_SCALE_CHANGED
[  2.269s] [Startup] Firing PLAYER_LOGIN
[  2.269s] [Startup] end login sequence in 110.76ms
[  2.269s] [Startup] begin world enter sequence
[  2.269s] [Startup] Skipping EDIT_MODE_LAYOUTS_UPDATED
[  2.269s] [Startup] Firing TIME_PLAYED_MSG via RequestTimePlayed
[  2.269s] [Startup] Firing PLAYER_ENTERING_WORLD
[  2.445s] [EditMode] starting setup_layout_info
[  2.448s] [EditMode] finished setup_layout_info in 2.95ms
[  2.448s] [EditMode] starting apply_system_anchors
[  2.544s] [EditMode] finished apply_system_anchors in 95.24ms
[  2.544s] [EditMode] starting finalize_action_bar_positions
[  2.545s] [EditMode] finished finalize_action_bar_positions in 1.61ms
[  2.545s] [EditMode] starting invoke_anchor_changed_hooks
[  2.549s] [EditMode] finished invoke_anchor_changed_hooks in 4.32ms
[  2.549s] [EditMode] starting fix_action_bar_nan_size
[  2.550s] [EditMode] finished fix_action_bar_nan_size in 48.47µs
[  2.550s] [EditMode] starting fix_action_bar_scale
[  2.550s] [EditMode] finished fix_action_bar_scale in 3.41µs
[  2.550s] [EditMode] starting reapply_player_frame_anchor
[  2.551s] [EditMode] finished reapply_player_frame_anchor in 1.09ms
[  2.557s] [Startup] end world enter sequence in 287.86ms
[  2.557s] [Startup] begin post-login events
[  2.558s] [Startup] Firing UNIT_AURA
[  2.558s] [Startup] Firing PET_UI_UPDATE
[  2.559s] [Startup] Firing BAG_UPDATE_DELAYED
[  2.560s] [Startup] Firing QUEST_LOG_UPDATE
[  2.561s] [Startup] Firing GROUP_ROSTER_UPDATE
[  2.626s] [Startup] Firing ACTIONBAR_UPDATE_STATE
[  2.626s] [Startup] Firing ACTIONBAR_UPDATE_COOLDOWN
[  2.627s] [Startup] Firing UPDATE_BONUS_ACTIONBAR
[  2.636s] [Startup] Firing PLAYER_CAN_GLIDE_CHANGED
[  2.636s] [Startup] Firing PLAYER_IS_GLIDING_CHANGED
[  2.636s] [Startup] Firing UPDATE_BINDINGS
[  2.638s] [Startup] Firing UPDATE_CHAT_WINDOWS
[  2.640s] [Startup] Firing LFG_UPDATE_RANDOM_INFO
[  2.641s] [Startup] end post-login events in 83.87ms
[  2.641s] [Startup] begin close startup special windows
[  2.641s] [Startup] end close startup special windows in 199.12µs
[  2.641s] [Startup] begin FIRST_FRAME_RENDERED
[  2.641s] [Startup] Firing FIRST_FRAME_RENDERED
[  2.641s] [Startup] end FIRST_FRAME_RENDERED in 122.48µs
[  2.641s] [Startup] begin unblock hidden splash alerts
[  2.641s] [Startup] end unblock hidden splash alerts in 10.67µs
[  2.641s] [Startup] begin post-event workarounds
[  2.641s] [Startup] end post-event workarounds in 611.00ns

thread 'main' (964192) panicked at /home/osso/.worktrees/wow-ui-sim-p430-source/tests/common/publication_sweep.rs:544:5:
assertion `left == right` failed: new gaps: ["wt-global-api-CanReplaceGuildMaster-12"]; resolved/stale gaps: []
  left: {"wt-global-api-ApplyTransmogrifications-10", "wt-global-api-CanReplaceGuildMaster-12", "wt-global-api-CanTransmogrifyItemWithItem-14", "wt-global-api-ClearTransmogrifySlot-18", "wt-global-api-ClickTransmogrifySlot-20", "wt-global-api-CloseTransmogrifyFrame-24", "wt-global-api-GetCurrentMapLevelRange-32", "wt-global-api-GetDetailColumnString-33", "wt-global-api-GetItemTransmogrifyInfo-36", "wt-global-api-GetMissingLootItemInfo-43", "wt-global-api-GetMissingLootItemLink-44", "wt-global-api-GetNumMissingLootItems-45", "wt-global-api-GetSheathState-52", "wt-global-api-GetSpellBaseCooldown-53", "wt-global-api-GetTransmogrifyCost-54", "wt-global-api-GetTransmogrifySlotInfo-55", "wt-global-api-GuildMasterAbsent-61", "wt-global-api-HasLoadedCUFProfiles-64", "wt-global-api-Is64BitClient-65", "wt-global-api-ReplaceGuildMaster-69", "wt-global-api-SetSelectedScreenResolutionIndex-74", "wt-global-api-SubmitRequiredGuildRename-77", "wt-global-api-UnitNumPowerBarTimers-80", "wt-global-api-UnlearnSpecialization-82", "wt-global-api-UseItemForTransmogrify-84", "wt-global-api-ValidateTransmogrifications-85"}
 right: {"wt-global-api-ApplyTransmogrifications-10", "wt-global-api-CanTransmogrifyItemWithItem-14", "wt-global-api-ClearTransmogrifySlot-18", "wt-global-api-ClickTransmogrifySlot-20", "wt-global-api-CloseTransmogrifyFrame-24", "wt-global-api-GetCurrentMapLevelRange-32", "wt-global-api-GetDetailColumnString-33", "wt-global-api-GetItemTransmogrifyInfo-36", "wt-global-api-GetMissingLootItemInfo-43", "wt-global-api-GetMissingLootItemLink-44", "wt-global-api-GetNumMissingLootItems-45", "wt-global-api-GetSheathState-52", "wt-global-api-GetSpellBaseCooldown-53", "wt-global-api-GetTransmogrifyCost-54", "wt-global-api-GetTransmogrifySlotInfo-55", "wt-global-api-GuildMasterAbsent-61", "wt-global-api-HasLoadedCUFProfiles-64", "wt-global-api-Is64BitClient-65", "wt-global-api-ReplaceGuildMaster-69", "wt-global-api-SetSelectedScreenResolutionIndex-74", "wt-global-api-SubmitRequiredGuildRename-77", "wt-global-api-UnitNumPowerBarTimers-80", "wt-global-api-UnlearnSpecialization-82", "wt-global-api-UseItemForTransmogrify-84", "wt-global-api-ValidateTransmogrifications-85"}
note: run with `RUST_BACKTRACE=1` environment variable to display a backtrace
error: test failed, to rerun pass `--test prefork_full_ui`

Caused by:
  process didn't exit successfully: `/home/osso/.worktrees/wow-ui-sim-p430-source/target/debug/deps/prefork_full_ui-21dd5c807fe7a7b6 patch_4_3_0 --nocapture` (exit status: 1)
