
running 1 test
test exact_current_era_publication_gaps ... ok

test result: ok. 1 passed; 0 failed; 0 ignored; 0 measured; 1 filtered out; finished in 0.10s

warning: iced-wgpu-patched/Cargo.toml: `lints.clippy.large-enum-variant` is deprecated in favor of `lints.clippy.large_enum_variant` and will not work in a future edition
warning: iced-wgpu-patched/Cargo.toml: `lints.clippy.map-entry` is deprecated in favor of `lints.clippy.map_entry` and will not work in a future edition
warning: iced-wgpu-patched/Cargo.toml: `lints.clippy.match-wildcard-for-single-variants` is deprecated in favor of `lints.clippy.match_wildcard_for_single_variants` and will not work in a future edition
warning: iced-wgpu-patched/Cargo.toml: `lints.clippy.redundant-closure-for-method-calls` is deprecated in favor of `lints.clippy.redundant_closure_for_method_calls` and will not work in a future edition
warning: iced-wgpu-patched/Cargo.toml: `lints.clippy.trivially-copy-pass-by-ref` is deprecated in favor of `lints.clippy.trivially_copy_pass_by_ref` and will not work in a future edition
warning: iced-wgpu-patched/Cargo.toml: `lints.clippy.type-complexity` is deprecated in favor of `lints.clippy.type_complexity` and will not work in a future edition
warning: `iced_wgpu` (manifest) generated 6 warnings
warning: constant `PROVENANCE_SCHEMA` is never used
  --> src/blizzard_ui_sync.rs:28:7
   |
28 | const PROVENANCE_SCHEMA: &str = "1";
   |       ^^^^^^^^^^^^^^^^^
   |
   = note: `#[warn(dead_code)]` (part of `#[warn(unused)]`) on by default

warning: associated function `new` is never used
   --> src/blizzard_ui_sync.rs:180:8
    |
179 | impl CacheProvenance {
    | -------------------- associated function in this implementation
180 |     fn new(
    |        ^^^

warning: function `remove_missing_marker` is never used
   --> src/blizzard_ui_sync.rs:663:4
    |
663 | fn remove_missing_marker(path: &Path) {
    |    ^^^^^^^^^^^^^^^^^^^^^

warning: function `ensure_known_asset_cached` is never used
  --> src/casc_asset_fallback.rs:93:15
   |
93 | pub(crate) fn ensure_known_asset_cached(_path: &str, _out_path: &Path) -> Option<PathBuf> {
   |               ^^^^^^^^^^^^^^^^^^^^^^^^^

warning: field `encoding_key_hex` is never read
  --> src/render/font.rs:44:5
   |
41 | struct WowFontFile {
   |        ----------- field in this struct
...
44 |     encoding_key_hex: Option<&'static str>,
   |     ^^^^^^^^^^^^^^^^

warning: methods `cooldown_elapsed_since_start` and `cooldown_remaining_seconds` are never used
   --> src/widget/frame.rs:601:19
    |
600 | impl Frame {
    | ---------- methods in this implementation
601 |     pub(crate) fn cooldown_elapsed_since_start(&self, elapsed_secs: f64) -> f64 {
    |                   ^^^^^^^^^^^^^^^^^^^^^^^^^^^^
...
610 |     pub(crate) fn cooldown_remaining_seconds(&self, elapsed_secs: f64) -> Option<f64> {
    |                   ^^^^^^^^^^^^^^^^^^^^^^^^^^

warning: `wow-ui-sim` (lib) generated 6 warnings
warning: unused import: `wow_ui_sim::saved_variables::SavedVariablesManager`
  --> src/bin/wow_sim/main.rs:20:5
   |
20 | use wow_ui_sim::saved_variables::SavedVariablesManager;
   |     ^^^^^^^^^^^^^^^^^^^^^^^^^^^^^^^^^^^^^^^^^^^^^^^^^^
   |
   = note: `#[warn(unused_imports)]` (part of `#[warn(unused)]`) on by default

warning: `wow-ui-sim` (bin "wow-sim") generated 1 warning (run `cargo fix --bin "wow-sim" -p wow-ui-sim` to apply 1 suggestion)
   Compiling wow-ui-sim v0.1.0 (/home/osso/.worktrees/wow-ui-sim-p1136-page)
    Finished `test` profile [optimized + debuginfo] target(s) in 0.62s
     Running patch-tests/patch_1_13_6_factory.rs (target/debug/deps/patch_1_13_6_factory-7eb4fdc0cb6eb171)
[  0.000s] [Startup] WowLuaEnv::new begin
[  0.002s] [Startup] SimState::default complete in 2.00ms
[  0.002s] [Startup] rilua VM created in 88.35µs
[  0.002s] [Startup] builtin frames initialized in 58.85µs
[  0.002s] [Startup] template registry cleared in 5.66µs
[  0.002s] [Startup] intrinsic templates registered in 6.67µs
[  0.002s] [Startup] initial app_data lua handle installed in 360.00ns
[  0.100s] [Startup] init_lua_state complete in 97.65ms
[  0.100s] [Startup] final app_data lua handle installed in 170.00ns
[  0.100s] [Startup] initial screen globals installed in 48.74µs
[  0.100s] [Startup] WowLuaEnv::new complete
P1136_FACTORY {"configured_interface":11507,"later_registers":[],"observed_compatibility_identity":["12.0.7","68256","120007"],"raw_getter_types":["function","function"],"rows":[{"default":null,"detail":"value/default queried","direction":"added","id":"wt-cvars-nameplateCommentatorMaxDistance-14","kind":"cvar","model_credit":false,"native_credit":false,"page_default":null,"published":false,"section":"cvars","symbol":"nameplateCommentatorMaxDistance","value":null},{"default":"1","detail":"value/default queried","direction":"added","id":"wt-cvars-specular-15","kind":"cvar","model_credit":false,"native_credit":false,"page_default":null,"published":true,"section":"cvars","symbol":"specular","value":"1"},{"default":"1","detail":"value/default queried","direction":"added","id":"wt-cvars-textureErrorColors-16","kind":"cvar","model_credit":false,"native_credit":false,"page_default":null,"published":true,"section":"cvars","symbol":"textureErrorColors","value":"1"}],"scope":"current bare Era getters only; no SOURCE ledger mutation","source_interface":11306}
