running 1 tests
test patch_4_2_0_publication_sweep::patch_4_2_0_publication_sweep ... FAILED (panic: assertion `left == right` failed: register row count changed
  left: 66
 right: 65)

test result: FAILED. 0 passed; 1 failed; 1 total

[  0.000s] [Startup] WowLuaEnv::new begin
[  0.002s] [Startup] SimState::default complete in 1.86ms
[  0.002s] [Startup] rilua VM created in 136.28µs
[  0.002s] [Startup] builtin frames initialized in 90.20µs
[  0.002s] [Startup] template registry cleared in 5.88µs
[  0.002s] [Startup] intrinsic templates registered in 7.74µs
[  0.002s] [Startup] initial app_data lua handle installed in 280.00ns
[  0.090s] [Startup] init_lua_state complete in 87.89ms
[  0.090s] [Startup] final app_data lua handle installed in 181.00ns
[  0.090s] [Startup] initial screen globals installed in 63.52µs
[  0.090s] [Startup] WowLuaEnv::new complete
[  1.865s] [Startup] apply_post_load_workarounds: begin
[  1.865s] [Workarounds] starting patch_edit_mode_manager
[  1.866s] [Workarounds] finished patch_edit_mode_manager in 242.22µs
[  1.866s] [Workarounds] starting init_edit_mode_layout
[  1.866s] [EditMode] starting setup_layout_info
[  1.868s] [EditMode] finished setup_layout_info in 2.49ms
[  1.868s] [EditMode] starting apply_system_anchors
[  1.972s] [EditMode] finished apply_system_anchors in 103.44ms
[  1.972s] [EditMode] starting finalize_action_bar_positions
[  1.973s] [EditMode] finished finalize_action_bar_positions in 1.37ms
[  1.973s] [EditMode] starting invoke_anchor_changed_hooks
[  1.973s] [EditMode] finished invoke_anchor_changed_hooks in 320.42µs
[  1.973s] [EditMode] starting fix_action_bar_nan_size
[  1.973s] [EditMode] finished fix_action_bar_nan_size in 31.12µs
[  1.973s] [EditMode] starting fix_action_bar_scale
[  1.973s] [EditMode] finished fix_action_bar_scale in 3.79µs
[  1.973s] [Workarounds] finished init_edit_mode_layout in 107.68ms
[  1.973s] [Workarounds] starting patch_ui_parent_panel_toggles
[  1.973s] [Workarounds] finished patch_ui_parent_panel_toggles in 175.66µs
[  1.973s] [Workarounds] starting patch_uiparent_onupdate_worklists
[  1.974s] [Workarounds] finished patch_uiparent_onupdate_worklists in 74.22µs
[  1.974s] [Workarounds] starting init_chat_type_colors
[  1.974s] [Workarounds] finished init_chat_type_colors in 93.80µs
[  1.974s] [Workarounds] starting patch_chat_voice_button_surface
[  1.974s] [Workarounds] finished patch_chat_voice_button_surface in 92.06µs
[  1.974s] [Workarounds] starting patch_item_socketing_tooltips
[  1.974s] [Workarounds] finished patch_item_socketing_tooltips in 44.68µs
[  1.974s] [Workarounds] starting patch_character_select_selected_name
[  1.974s] [Workarounds] finished patch_character_select_selected_name in 24.13µs
[  1.974s] [Workarounds] starting patch_character_create_defaults
[  1.974s] [Workarounds] finished patch_character_create_defaults in 171.29µs
[  1.974s] [Workarounds] starting patch_character_frame_title_refresh
[  1.978s] [Workarounds] finished patch_character_frame_title_refresh in 4.49ms
[  1.978s] [Workarounds] starting patch_vignette_pin_template
[  1.979s] [Workarounds] finished patch_vignette_pin_template in 67.14µs
[  1.979s] [Workarounds] starting patch_fog_of_war_pin_mixin
[  1.979s] [Workarounds] finished patch_fog_of_war_pin_mixin in 210.16µs
[  1.979s] [Workarounds] starting patch_map_exploration_pin_mixin
[  1.983s] [Workarounds] finished patch_map_exploration_pin_mixin in 4.37ms
[  1.983s] [Workarounds] starting patch_map_canvas_data_provider_attachment
[  1.983s] [Workarounds] finished patch_map_canvas_data_provider_attachment in 47.08µs
[  1.983s] [Workarounds] starting ensure_adventure_map_frame_surface
[  1.984s] [Workarounds] finished ensure_adventure_map_frame_surface in 326.94µs
[  1.984s] [Workarounds] starting patch_action_bar_button_event_fanout
[  1.984s] [Workarounds] finished patch_action_bar_button_event_fanout in 74.78µs
[  1.984s] [Workarounds] starting patch_paging_controls_page_text
[  1.984s] [Workarounds] finished patch_paging_controls_page_text in 29.26µs
[  1.984s] [Workarounds] starting patch_talent_edge_frame_level_sync
[  1.984s] [Workarounds] finished patch_talent_edge_frame_level_sync in 22.40µs
[  1.984s] [Workarounds] starting patch_catalog_shop_product_card_defaults
[  1.984s] [Workarounds] finished patch_catalog_shop_product_card_defaults in 48.84µs
[  1.984s] [Workarounds] starting patch_game_time_defaults
[  1.984s] [Workarounds] finished patch_game_time_defaults in 5.78µs
[  1.984s] [Workarounds] starting patch_tooltip_nineslice_surface
[  1.984s] [Workarounds] finished patch_tooltip_nineslice_surface in 36.14µs
[  1.984s] [Workarounds] starting patch_container_frame_token_tracker
[  1.984s] [Workarounds] finished patch_container_frame_token_tracker in 30.79µs
[  1.984s] [Workarounds] starting patch_achievement_display_set_achievements
[  1.984s] [Workarounds] finished patch_achievement_display_set_achievements in 5.97µs
[  1.984s] [Workarounds] starting patch_housing_dashboard_preload
[  1.984s] [Workarounds] finished patch_housing_dashboard_preload in 119.15µs
[  1.984s] [Workarounds] starting patch_lfg_lock_list
[  1.984s] [Workarounds] finished patch_lfg_lock_list in 23.93µs
[  1.984s] [Workarounds] starting patch_auction_house_browse_results_event
[  1.984s] [Workarounds] finished patch_auction_house_browse_results_event in 48.42µs
[  1.984s] [Workarounds] starting patch_auction_house_search_context_aliases
[  1.984s] [Workarounds] finished patch_auction_house_search_context_aliases in 21.87µs
[  1.984s] [Workarounds] starting patch_auth_challenge_frame_parent
[  1.984s] [Workarounds] finished patch_auth_challenge_frame_parent in 49.50µs
[  1.984s] [Workarounds] starting patch_settings_surface_defaults
[  1.984s] [Workarounds] finished patch_settings_surface_defaults in 260.12µs
[  1.984s] [Workarounds] starting patch_settings_canvas_layout_visibility
[  1.984s] [Workarounds] finished patch_settings_canvas_layout_visibility in 84.24µs
[  1.984s] [Startup] apply_post_load_workarounds: workarounds complete
[  2.031s] [Startup] apply_post_load_workarounds: globals restored
[  2.031s] [Startup] apply_post_load_workarounds: patch 12.1 compatibility restored
[  2.031s] [Startup] apply_post_load_workarounds: seterrorhandler restored
[  2.151s] [Startup] begin login sequence
[  2.151s] [Startup] Firing ADDON_LOADED
[  2.151s] [Startup] Firing VARIABLES_LOADED
[  2.225s] [Startup] Firing DISPLAY_SIZE_CHANGED
[  2.262s] [Startup] Firing UI_SCALE_CHANGED
[  2.263s] [Startup] Firing PLAYER_LOGIN
[  2.263s] [Startup] end login sequence in 112.70ms
[  2.263s] [Startup] begin world enter sequence
[  2.263s] [Startup] Skipping EDIT_MODE_LAYOUTS_UPDATED
[  2.263s] [Startup] Firing TIME_PLAYED_MSG via RequestTimePlayed
[  2.263s] [Startup] Firing PLAYER_ENTERING_WORLD
[  2.439s] [EditMode] starting setup_layout_info
[  2.442s] [EditMode] finished setup_layout_info in 2.92ms
[  2.442s] [EditMode] starting apply_system_anchors
[  2.538s] [EditMode] finished apply_system_anchors in 95.73ms
[  2.538s] [EditMode] starting finalize_action_bar_positions
[  2.539s] [EditMode] finished finalize_action_bar_positions in 1.68ms
[  2.539s] [EditMode] starting invoke_anchor_changed_hooks
[  2.544s] [EditMode] finished invoke_anchor_changed_hooks in 4.40ms
[  2.544s] [EditMode] starting fix_action_bar_nan_size
[  2.544s] [EditMode] finished fix_action_bar_nan_size in 48.46µs
[  2.544s] [EditMode] starting fix_action_bar_scale
[  2.544s] [EditMode] finished fix_action_bar_scale in 3.21µs
[  2.544s] [EditMode] starting reapply_player_frame_anchor
[  2.545s] [EditMode] finished reapply_player_frame_anchor in 1.16ms
[  2.552s] [Startup] end world enter sequence in 288.50ms
[  2.552s] [Startup] begin post-login events
[  2.552s] [Startup] Firing UNIT_AURA
[  2.553s] [Startup] Firing PET_UI_UPDATE
[  2.554s] [Startup] Firing BAG_UPDATE_DELAYED
[  2.555s] [Startup] Firing QUEST_LOG_UPDATE
[  2.556s] [Startup] Firing GROUP_ROSTER_UPDATE
[  2.621s] [Startup] Firing ACTIONBAR_UPDATE_STATE
[  2.621s] [Startup] Firing ACTIONBAR_UPDATE_COOLDOWN
[  2.621s] [Startup] Firing UPDATE_BONUS_ACTIONBAR
[  2.630s] [Startup] Firing PLAYER_CAN_GLIDE_CHANGED
[  2.630s] [Startup] Firing PLAYER_IS_GLIDING_CHANGED
[  2.630s] [Startup] Firing UPDATE_BINDINGS
[  2.633s] [Startup] Firing UPDATE_CHAT_WINDOWS
[  2.635s] [Startup] Firing LFG_UPDATE_RANDOM_INFO
[  2.636s] [Startup] end post-login events in 83.82ms
[  2.636s] [Startup] begin close startup special windows
[  2.636s] [Startup] end close startup special windows in 205.41µs
[  2.636s] [Startup] begin FIRST_FRAME_RENDERED
[  2.636s] [Startup] Firing FIRST_FRAME_RENDERED
[  2.636s] [Startup] end FIRST_FRAME_RENDERED in 123.88µs
[  2.636s] [Startup] begin unblock hidden splash alerts
[  2.636s] [Startup] end unblock hidden splash alerts in 10.51µs
[  2.636s] [Startup] begin post-event workarounds
[  2.636s] [Startup] end post-event workarounds in 531.00ns

thread 'main' (972074) panicked at /home/osso/.worktrees/wow-ui-sim-p420-source/tests/common/publication_sweep.rs:356:9:
assertion `left == right` failed: register row count changed
  left: 66
 right: 65
note: run with `RUST_BACKTRACE=1` environment variable to display a backtrace
