running 1 tests
test patch_4_2_0_publication_sweep::patch_4_2_0_publication_sweep ... FAILED (panic: assertion `left == right` failed: new gaps: ["negative-p420-missing-global"]; resolved/stale gaps: []
  left: {"negative-p420-missing-global", "wt-global-api-CollapseWarGameHeader-12", "wt-global-api-CreateNewRaidProfile-14", "wt-global-api-DeleteRaidProfile-15", "wt-global-api-EJ_GetLootInfoByIndex-24", "wt-global-api-EJ_GetMapEncounter-26", "wt-global-api-EJ_GetSectionInfo-30", "wt-global-api-EJ_SetDifficultyByMask-39", "wt-global-api-ExpandWarGameHeader-42", "wt-global-api-GetCurrentRefresh-45", "wt-global-api-GetMaxNumCUFProfiles-46", "wt-global-api-GetNumRaidProfiles-48", "wt-global-api-GetNumWarGameTypes-49", "wt-global-api-GetOSLocale-50", "wt-global-api-GetPVPRewards-51", "wt-global-api-GetRaidProfileFlattenedOptions-52", "wt-global-api-GetRaidProfileName-53", "wt-global-api-GetRaidProfileOption-54", "wt-global-api-GetRaidProfileSavedPosition-55", "wt-global-api-GetSelectedWarGameType-57", "wt-global-api-GetWarGameTypeInfo-58", "wt-global-api-HasTravelPass-59", "wt-global-api-LoadURLIndex-60", "wt-global-api-RaidProfileExists-62", "wt-global-api-RaidProfileHasUnsavedChanges-63", "wt-global-api-RestoreRaidProfileFromCopy-65", "wt-global-api-SaveRaidProfileCopy-66", "wt-global-api-SetRaidProfileOption-67", "wt-global-api-SetRaidProfileSavedPosition-68", "wt-global-api-SetRefresh-69", "wt-global-api-SetSelectedWarGameType-70", "wt-global-api-UpdateWarGamesList-72"}
 right: {"wt-global-api-CollapseWarGameHeader-12", "wt-global-api-CreateNewRaidProfile-14", "wt-global-api-DeleteRaidProfile-15", "wt-global-api-EJ_GetLootInfoByIndex-24", "wt-global-api-EJ_GetMapEncounter-26", "wt-global-api-EJ_GetSectionInfo-30", "wt-global-api-EJ_SetDifficultyByMask-39", "wt-global-api-ExpandWarGameHeader-42", "wt-global-api-GetCurrentRefresh-45", "wt-global-api-GetMaxNumCUFProfiles-46", "wt-global-api-GetNumRaidProfiles-48", "wt-global-api-GetNumWarGameTypes-49", "wt-global-api-GetOSLocale-50", "wt-global-api-GetPVPRewards-51", "wt-global-api-GetRaidProfileFlattenedOptions-52", "wt-global-api-GetRaidProfileName-53", "wt-global-api-GetRaidProfileOption-54", "wt-global-api-GetRaidProfileSavedPosition-55", "wt-global-api-GetSelectedWarGameType-57", "wt-global-api-GetWarGameTypeInfo-58", "wt-global-api-HasTravelPass-59", "wt-global-api-LoadURLIndex-60", "wt-global-api-RaidProfileExists-62", "wt-global-api-RaidProfileHasUnsavedChanges-63", "wt-global-api-RestoreRaidProfileFromCopy-65", "wt-global-api-SaveRaidProfileCopy-66", "wt-global-api-SetRaidProfileOption-67", "wt-global-api-SetRaidProfileSavedPosition-68", "wt-global-api-SetRefresh-69", "wt-global-api-SetSelectedWarGameType-70", "wt-global-api-UpdateWarGamesList-72"})

test result: FAILED. 0 passed; 1 failed; 1 total

[  0.000s] [Startup] WowLuaEnv::new begin
[  0.002s] [Startup] SimState::default complete in 1.92ms
[  0.002s] [Startup] rilua VM created in 75.29µs
[  0.002s] [Startup] builtin frames initialized in 48.87µs
[  0.002s] [Startup] template registry cleared in 4.80µs
[  0.002s] [Startup] intrinsic templates registered in 4.28µs
[  0.002s] [Startup] initial app_data lua handle installed in 271.00ns
[  0.086s] [Startup] init_lua_state complete in 84.16ms
[  0.086s] [Startup] final app_data lua handle installed in 161.00ns
[  0.086s] [Startup] initial screen globals installed in 52.58µs
[  0.086s] [Startup] WowLuaEnv::new complete
[  1.872s] [Startup] apply_post_load_workarounds: begin
[  1.872s] [Workarounds] starting patch_edit_mode_manager
[  1.873s] [Workarounds] finished patch_edit_mode_manager in 244.11µs
[  1.873s] [Workarounds] starting init_edit_mode_layout
[  1.873s] [EditMode] starting setup_layout_info
[  1.875s] [EditMode] finished setup_layout_info in 2.58ms
[  1.875s] [EditMode] starting apply_system_anchors
[  1.978s] [EditMode] finished apply_system_anchors in 103.22ms
[  1.978s] [EditMode] starting finalize_action_bar_positions
[  1.980s] [EditMode] finished finalize_action_bar_positions in 1.31ms
[  1.980s] [EditMode] starting invoke_anchor_changed_hooks
[  1.980s] [EditMode] finished invoke_anchor_changed_hooks in 316.61µs
[  1.980s] [EditMode] starting fix_action_bar_nan_size
[  1.980s] [EditMode] finished fix_action_bar_nan_size in 30.64µs
[  1.980s] [EditMode] starting fix_action_bar_scale
[  1.980s] [EditMode] finished fix_action_bar_scale in 3.38µs
[  1.980s] [Workarounds] finished init_edit_mode_layout in 107.48ms
[  1.980s] [Workarounds] starting patch_ui_parent_panel_toggles
[  1.980s] [Workarounds] finished patch_ui_parent_panel_toggles in 179.41µs
[  1.980s] [Workarounds] starting patch_uiparent_onupdate_worklists
[  1.980s] [Workarounds] finished patch_uiparent_onupdate_worklists in 75.83µs
[  1.980s] [Workarounds] starting init_chat_type_colors
[  1.980s] [Workarounds] finished init_chat_type_colors in 94.96µs
[  1.980s] [Workarounds] starting patch_chat_voice_button_surface
[  1.981s] [Workarounds] finished patch_chat_voice_button_surface in 85.51µs
[  1.981s] [Workarounds] starting patch_item_socketing_tooltips
[  1.981s] [Workarounds] finished patch_item_socketing_tooltips in 44.74µs
[  1.981s] [Workarounds] starting patch_character_select_selected_name
[  1.981s] [Workarounds] finished patch_character_select_selected_name in 23.68µs
[  1.981s] [Workarounds] starting patch_character_create_defaults
[  1.981s] [Workarounds] finished patch_character_create_defaults in 172.27µs
[  1.981s] [Workarounds] starting patch_character_frame_title_refresh
[  1.985s] [Workarounds] finished patch_character_frame_title_refresh in 4.52ms
[  1.985s] [Workarounds] starting patch_vignette_pin_template
[  1.985s] [Workarounds] finished patch_vignette_pin_template in 69.42µs
[  1.985s] [Workarounds] starting patch_fog_of_war_pin_mixin
[  1.986s] [Workarounds] finished patch_fog_of_war_pin_mixin in 209.52µs
[  1.986s] [Workarounds] starting patch_map_exploration_pin_mixin
[  1.990s] [Workarounds] finished patch_map_exploration_pin_mixin in 4.37ms
[  1.990s] [Workarounds] starting patch_map_canvas_data_provider_attachment
[  1.990s] [Workarounds] finished patch_map_canvas_data_provider_attachment in 47.04µs
[  1.990s] [Workarounds] starting ensure_adventure_map_frame_surface
[  1.990s] [Workarounds] finished ensure_adventure_map_frame_surface in 328.76µs
[  1.990s] [Workarounds] starting patch_action_bar_button_event_fanout
[  1.990s] [Workarounds] finished patch_action_bar_button_event_fanout in 74.92µs
[  1.990s] [Workarounds] starting patch_paging_controls_page_text
[  1.991s] [Workarounds] finished patch_paging_controls_page_text in 29.36µs
[  1.991s] [Workarounds] starting patch_talent_edge_frame_level_sync
[  1.991s] [Workarounds] finished patch_talent_edge_frame_level_sync in 23.23µs
[  1.991s] [Workarounds] starting patch_catalog_shop_product_card_defaults
[  1.991s] [Workarounds] finished patch_catalog_shop_product_card_defaults in 47.81µs
[  1.991s] [Workarounds] starting patch_game_time_defaults
[  1.991s] [Workarounds] finished patch_game_time_defaults in 5.23µs
[  1.991s] [Workarounds] starting patch_tooltip_nineslice_surface
[  1.991s] [Workarounds] finished patch_tooltip_nineslice_surface in 32.78µs
[  1.991s] [Workarounds] starting patch_container_frame_token_tracker
[  1.991s] [Workarounds] finished patch_container_frame_token_tracker in 30.30µs
[  1.991s] [Workarounds] starting patch_achievement_display_set_achievements
[  1.991s] [Workarounds] finished patch_achievement_display_set_achievements in 6.22µs
[  1.991s] [Workarounds] starting patch_housing_dashboard_preload
[  1.991s] [Workarounds] finished patch_housing_dashboard_preload in 121.91µs
[  1.991s] [Workarounds] starting patch_lfg_lock_list
[  1.991s] [Workarounds] finished patch_lfg_lock_list in 24.28µs
[  1.991s] [Workarounds] starting patch_auction_house_browse_results_event
[  1.991s] [Workarounds] finished patch_auction_house_browse_results_event in 48.64µs
[  1.991s] [Workarounds] starting patch_auction_house_search_context_aliases
[  1.991s] [Workarounds] finished patch_auction_house_search_context_aliases in 22.40µs
[  1.991s] [Workarounds] starting patch_auth_challenge_frame_parent
[  1.991s] [Workarounds] finished patch_auth_challenge_frame_parent in 49.23µs
[  1.991s] [Workarounds] starting patch_settings_surface_defaults
[  1.991s] [Workarounds] finished patch_settings_surface_defaults in 260.65µs
[  1.991s] [Workarounds] starting patch_settings_canvas_layout_visibility
[  1.991s] [Workarounds] finished patch_settings_canvas_layout_visibility in 87.43µs
[  1.991s] [Startup] apply_post_load_workarounds: workarounds complete
[  2.040s] [Startup] apply_post_load_workarounds: globals restored
[  2.041s] [Startup] apply_post_load_workarounds: patch 12.1 compatibility restored
[  2.041s] [Startup] apply_post_load_workarounds: seterrorhandler restored
[  2.160s] [Startup] begin login sequence
[  2.160s] [Startup] Firing ADDON_LOADED
[  2.160s] [Startup] Firing VARIABLES_LOADED
[  2.234s] [Startup] Firing DISPLAY_SIZE_CHANGED
[  2.272s] [Startup] Firing UI_SCALE_CHANGED
[  2.273s] [Startup] Firing PLAYER_LOGIN
[  2.273s] [Startup] end login sequence in 113.49ms
[  2.273s] [Startup] begin world enter sequence
[  2.273s] [Startup] Skipping EDIT_MODE_LAYOUTS_UPDATED
[  2.273s] [Startup] Firing TIME_PLAYED_MSG via RequestTimePlayed
[  2.273s] [Startup] Firing PLAYER_ENTERING_WORLD
[  2.453s] [EditMode] starting setup_layout_info
[  2.456s] [EditMode] finished setup_layout_info in 2.92ms
[  2.456s] [EditMode] starting apply_system_anchors
[  2.553s] [EditMode] finished apply_system_anchors in 96.95ms
[  2.553s] [EditMode] starting finalize_action_bar_positions
[  2.555s] [EditMode] finished finalize_action_bar_positions in 1.68ms
[  2.555s] [EditMode] starting invoke_anchor_changed_hooks
[  2.559s] [EditMode] finished invoke_anchor_changed_hooks in 4.40ms
[  2.559s] [EditMode] starting fix_action_bar_nan_size
[  2.559s] [EditMode] finished fix_action_bar_nan_size in 47.80µs
[  2.559s] [EditMode] starting fix_action_bar_scale
[  2.559s] [EditMode] finished fix_action_bar_scale in 3.67µs
[  2.559s] [EditMode] starting reapply_player_frame_anchor
[  2.560s] [EditMode] finished reapply_player_frame_anchor in 1.23ms
[  2.567s] [Startup] end world enter sequence in 293.85ms
[  2.567s] [Startup] begin post-login events
[  2.568s] [Startup] Firing UNIT_AURA
[  2.568s] [Startup] Firing PET_UI_UPDATE
[  2.569s] [Startup] Firing BAG_UPDATE_DELAYED
[  2.570s] [Startup] Firing QUEST_LOG_UPDATE
[  2.571s] [Startup] Firing GROUP_ROSTER_UPDATE
[  2.636s] [Startup] Firing ACTIONBAR_UPDATE_STATE
[  2.636s] [Startup] Firing ACTIONBAR_UPDATE_COOLDOWN
[  2.637s] [Startup] Firing UPDATE_BONUS_ACTIONBAR
[  2.646s] [Startup] Firing PLAYER_CAN_GLIDE_CHANGED
[  2.646s] [Startup] Firing PLAYER_IS_GLIDING_CHANGED
[  2.646s] [Startup] Firing UPDATE_BINDINGS
[  2.649s] [Startup] Firing UPDATE_CHAT_WINDOWS
[  2.651s] [Startup] Firing LFG_UPDATE_RANDOM_INFO
[  2.652s] [Startup] end post-login events in 84.47ms
[  2.652s] [Startup] begin close startup special windows
[  2.652s] [Startup] end close startup special windows in 211.54µs
[  2.652s] [Startup] begin FIRST_FRAME_RENDERED
[  2.652s] [Startup] Firing FIRST_FRAME_RENDERED
[  2.652s] [Startup] end FIRST_FRAME_RENDERED in 127.09µs
[  2.652s] [Startup] begin unblock hidden splash alerts
[  2.652s] [Startup] end unblock hidden splash alerts in 11.13µs
[  2.652s] [Startup] begin post-event workarounds
[  2.652s] [Startup] end post-event workarounds in 1.31µs

thread 'main' (972351) panicked at /home/osso/.worktrees/wow-ui-sim-p420-source/tests/common/publication_sweep.rs:544:5:
assertion `left == right` failed: new gaps: ["negative-p420-missing-global"]; resolved/stale gaps: []
  left: {"negative-p420-missing-global", "wt-global-api-CollapseWarGameHeader-12", "wt-global-api-CreateNewRaidProfile-14", "wt-global-api-DeleteRaidProfile-15", "wt-global-api-EJ_GetLootInfoByIndex-24", "wt-global-api-EJ_GetMapEncounter-26", "wt-global-api-EJ_GetSectionInfo-30", "wt-global-api-EJ_SetDifficultyByMask-39", "wt-global-api-ExpandWarGameHeader-42", "wt-global-api-GetCurrentRefresh-45", "wt-global-api-GetMaxNumCUFProfiles-46", "wt-global-api-GetNumRaidProfiles-48", "wt-global-api-GetNumWarGameTypes-49", "wt-global-api-GetOSLocale-50", "wt-global-api-GetPVPRewards-51", "wt-global-api-GetRaidProfileFlattenedOptions-52", "wt-global-api-GetRaidProfileName-53", "wt-global-api-GetRaidProfileOption-54", "wt-global-api-GetRaidProfileSavedPosition-55", "wt-global-api-GetSelectedWarGameType-57", "wt-global-api-GetWarGameTypeInfo-58", "wt-global-api-HasTravelPass-59", "wt-global-api-LoadURLIndex-60", "wt-global-api-RaidProfileExists-62", "wt-global-api-RaidProfileHasUnsavedChanges-63", "wt-global-api-RestoreRaidProfileFromCopy-65", "wt-global-api-SaveRaidProfileCopy-66", "wt-global-api-SetRaidProfileOption-67", "wt-global-api-SetRaidProfileSavedPosition-68", "wt-global-api-SetRefresh-69", "wt-global-api-SetSelectedWarGameType-70", "wt-global-api-UpdateWarGamesList-72"}
 right: {"wt-global-api-CollapseWarGameHeader-12", "wt-global-api-CreateNewRaidProfile-14", "wt-global-api-DeleteRaidProfile-15", "wt-global-api-EJ_GetLootInfoByIndex-24", "wt-global-api-EJ_GetMapEncounter-26", "wt-global-api-EJ_GetSectionInfo-30", "wt-global-api-EJ_SetDifficultyByMask-39", "wt-global-api-ExpandWarGameHeader-42", "wt-global-api-GetCurrentRefresh-45", "wt-global-api-GetMaxNumCUFProfiles-46", "wt-global-api-GetNumRaidProfiles-48", "wt-global-api-GetNumWarGameTypes-49", "wt-global-api-GetOSLocale-50", "wt-global-api-GetPVPRewards-51", "wt-global-api-GetRaidProfileFlattenedOptions-52", "wt-global-api-GetRaidProfileName-53", "wt-global-api-GetRaidProfileOption-54", "wt-global-api-GetRaidProfileSavedPosition-55", "wt-global-api-GetSelectedWarGameType-57", "wt-global-api-GetWarGameTypeInfo-58", "wt-global-api-HasTravelPass-59", "wt-global-api-LoadURLIndex-60", "wt-global-api-RaidProfileExists-62", "wt-global-api-RaidProfileHasUnsavedChanges-63", "wt-global-api-RestoreRaidProfileFromCopy-65", "wt-global-api-SaveRaidProfileCopy-66", "wt-global-api-SetRaidProfileOption-67", "wt-global-api-SetRaidProfileSavedPosition-68", "wt-global-api-SetRefresh-69", "wt-global-api-SetSelectedWarGameType-70", "wt-global-api-UpdateWarGamesList-72"}
note: run with `RUST_BACKTRACE=1` environment variable to display a backtrace
