running 1 tests
test patch_4_2_0_publication_sweep::patch_4_2_0_publication_sweep ... FAILED (panic: assertion `left == right` failed: new gaps: ["wt-global-api-BNGetFriendIndex-10", "wt-global-api-CollapseWarGameHeader-12", "wt-global-api-CreateNewRaidProfile-14", "wt-global-api-DeleteRaidProfile-15", "wt-global-api-EJ_GetLootInfoByIndex-24", "wt-global-api-EJ_GetMapEncounter-26", "wt-global-api-EJ_GetSectionInfo-30", "wt-global-api-EJ_SetDifficultyByMask-39", "wt-global-api-ExpandWarGameHeader-42", "wt-global-api-GetCurrentRefresh-45", "wt-global-api-GetMaxNumCUFProfiles-46", "wt-global-api-GetNumRaidProfiles-48", "wt-global-api-GetNumWarGameTypes-49", "wt-global-api-GetOSLocale-50", "wt-global-api-GetPVPRewards-51", "wt-global-api-GetRaidProfileFlattenedOptions-52", "wt-global-api-GetRaidProfileName-53", "wt-global-api-GetRaidProfileOption-54", "wt-global-api-GetRaidProfileSavedPosition-55", "wt-global-api-GetSelectedWarGameType-57", "wt-global-api-GetWarGameTypeInfo-58", "wt-global-api-HasTravelPass-59", "wt-global-api-LoadURLIndex-60", "wt-global-api-RaidProfileExists-62", "wt-global-api-RaidProfileHasUnsavedChanges-63", "wt-global-api-RestoreRaidProfileFromCopy-65", "wt-global-api-SaveRaidProfileCopy-66", "wt-global-api-SetRaidProfileOption-67", "wt-global-api-SetRaidProfileSavedPosition-68", "wt-global-api-SetRefresh-69", "wt-global-api-SetSelectedWarGameType-70", "wt-global-api-UpdateWarGamesList-72"]; resolved/stale gaps: []
  left: {"wt-global-api-BNGetFriendIndex-10", "wt-global-api-CollapseWarGameHeader-12", "wt-global-api-CreateNewRaidProfile-14", "wt-global-api-DeleteRaidProfile-15", "wt-global-api-EJ_GetLootInfoByIndex-24", "wt-global-api-EJ_GetMapEncounter-26", "wt-global-api-EJ_GetSectionInfo-30", "wt-global-api-EJ_SetDifficultyByMask-39", "wt-global-api-ExpandWarGameHeader-42", "wt-global-api-GetCurrentRefresh-45", "wt-global-api-GetMaxNumCUFProfiles-46", "wt-global-api-GetNumRaidProfiles-48", "wt-global-api-GetNumWarGameTypes-49", "wt-global-api-GetOSLocale-50", "wt-global-api-GetPVPRewards-51", "wt-global-api-GetRaidProfileFlattenedOptions-52", "wt-global-api-GetRaidProfileName-53", "wt-global-api-GetRaidProfileOption-54", "wt-global-api-GetRaidProfileSavedPosition-55", "wt-global-api-GetSelectedWarGameType-57", "wt-global-api-GetWarGameTypeInfo-58", "wt-global-api-HasTravelPass-59", "wt-global-api-LoadURLIndex-60", "wt-global-api-RaidProfileExists-62", "wt-global-api-RaidProfileHasUnsavedChanges-63", "wt-global-api-RestoreRaidProfileFromCopy-65", "wt-global-api-SaveRaidProfileCopy-66", "wt-global-api-SetRaidProfileOption-67", "wt-global-api-SetRaidProfileSavedPosition-68", "wt-global-api-SetRefresh-69", "wt-global-api-SetSelectedWarGameType-70", "wt-global-api-UpdateWarGamesList-72"}
 right: {})

test result: FAILED. 0 passed; 1 failed; 1 total

warning: iced-wgpu-patched/Cargo.toml: `lints.clippy.large-enum-variant` is deprecated in favor of `lints.clippy.large_enum_variant` and will not work in a future edition
warning: iced-wgpu-patched/Cargo.toml: `lints.clippy.map-entry` is deprecated in favor of `lints.clippy.map_entry` and will not work in a future edition
warning: iced-wgpu-patched/Cargo.toml: `lints.clippy.match-wildcard-for-single-variants` is deprecated in favor of `lints.clippy.match_wildcard_for_single_variants` and will not work in a future edition
warning: iced-wgpu-patched/Cargo.toml: `lints.clippy.redundant-closure-for-method-calls` is deprecated in favor of `lints.clippy.redundant_closure_for_method_calls` and will not work in a future edition
warning: iced-wgpu-patched/Cargo.toml: `lints.clippy.trivially-copy-pass-by-ref` is deprecated in favor of `lints.clippy.trivially_copy_pass_by_ref` and will not work in a future edition
warning: iced-wgpu-patched/Cargo.toml: `lints.clippy.type-complexity` is deprecated in favor of `lints.clippy.type_complexity` and will not work in a future edition
warning: `iced_wgpu` (manifest) generated 6 warnings
   Compiling wow-ui-sim v0.1.0 (/home/osso/.worktrees/wow-ui-sim-p420-source)
    Finished `test` profile [optimized + debuginfo] target(s) in 30.82s
     Running tests/prefork_full_ui.rs (target/debug/deps/prefork_full_ui-21dd5c807fe7a7b6)
[  0.000s] [Startup] WowLuaEnv::new begin
[  0.002s] [Startup] SimState::default complete in 2.11ms
[  0.002s] [Startup] rilua VM created in 96.06µs
[  0.002s] [Startup] builtin frames initialized in 80.45µs
[  0.002s] [Startup] template registry cleared in 5.90µs
[  0.002s] [Startup] intrinsic templates registered in 6.04µs
[  0.002s] [Startup] initial app_data lua handle installed in 370.00ns
[  0.117s] [Startup] init_lua_state complete in 115.05ms
[  0.117s] [Startup] final app_data lua handle installed in 171.00ns
[  0.118s] [Startup] initial screen globals installed in 91.50µs
[  0.118s] [Startup] WowLuaEnv::new complete
[  2.099s] [Startup] apply_post_load_workarounds: begin
[  2.099s] [Workarounds] starting patch_edit_mode_manager
[  2.099s] [Workarounds] finished patch_edit_mode_manager in 250.00µs
[  2.099s] [Workarounds] starting init_edit_mode_layout
[  2.099s] [EditMode] starting setup_layout_info
[  2.102s] [EditMode] finished setup_layout_info in 2.68ms
[  2.102s] [EditMode] starting apply_system_anchors
[  2.229s] [EditMode] finished apply_system_anchors in 127.06ms
[  2.229s] [EditMode] starting finalize_action_bar_positions
[  2.231s] [EditMode] finished finalize_action_bar_positions in 1.57ms
[  2.231s] [EditMode] starting invoke_anchor_changed_hooks
[  2.231s] [EditMode] finished invoke_anchor_changed_hooks in 388.20µs
[  2.231s] [EditMode] starting fix_action_bar_nan_size
[  2.231s] [EditMode] finished fix_action_bar_nan_size in 35.43µs
[  2.231s] [EditMode] starting fix_action_bar_scale
[  2.231s] [EditMode] finished fix_action_bar_scale in 3.67µs
[  2.231s] [Workarounds] finished init_edit_mode_layout in 131.77ms
[  2.231s] [Workarounds] starting patch_ui_parent_panel_toggles
[  2.231s] [Workarounds] finished patch_ui_parent_panel_toggles in 190.79µs
[  2.231s] [Workarounds] starting patch_uiparent_onupdate_worklists
[  2.231s] [Workarounds] finished patch_uiparent_onupdate_worklists in 79.85µs
[  2.231s] [Workarounds] starting init_chat_type_colors
[  2.232s] [Workarounds] finished init_chat_type_colors in 109.36µs
[  2.232s] [Workarounds] starting patch_chat_voice_button_surface
[  2.232s] [Workarounds] finished patch_chat_voice_button_surface in 98.00µs
[  2.232s] [Workarounds] starting patch_item_socketing_tooltips
[  2.232s] [Workarounds] finished patch_item_socketing_tooltips in 46.95µs
[  2.232s] [Workarounds] starting patch_character_select_selected_name
[  2.232s] [Workarounds] finished patch_character_select_selected_name in 24.48µs
[  2.232s] [Workarounds] starting patch_character_create_defaults
[  2.232s] [Workarounds] finished patch_character_create_defaults in 180.28µs
[  2.232s] [Workarounds] starting patch_character_frame_title_refresh
[  2.237s] [Workarounds] finished patch_character_frame_title_refresh in 4.72ms
[  2.237s] [Workarounds] starting patch_vignette_pin_template
[  2.237s] [Workarounds] finished patch_vignette_pin_template in 77.53µs
[  2.237s] [Workarounds] starting patch_fog_of_war_pin_mixin
[  2.237s] [Workarounds] finished patch_fog_of_war_pin_mixin in 223.33µs
[  2.237s] [Workarounds] starting patch_map_exploration_pin_mixin
[  2.241s] [Workarounds] finished patch_map_exploration_pin_mixin in 4.43ms
[  2.241s] [Workarounds] starting patch_map_canvas_data_provider_attachment
[  2.241s] [Workarounds] finished patch_map_canvas_data_provider_attachment in 52.78µs
[  2.241s] [Workarounds] starting ensure_adventure_map_frame_surface
[  2.242s] [Workarounds] finished ensure_adventure_map_frame_surface in 372.30µs
[  2.242s] [Workarounds] starting patch_action_bar_button_event_fanout
[  2.242s] [Workarounds] finished patch_action_bar_button_event_fanout in 79.71µs
[  2.242s] [Workarounds] starting patch_paging_controls_page_text
[  2.242s] [Workarounds] finished patch_paging_controls_page_text in 30.66µs
[  2.242s] [Workarounds] starting patch_talent_edge_frame_level_sync
[  2.242s] [Workarounds] finished patch_talent_edge_frame_level_sync in 23.82µs
[  2.242s] [Workarounds] starting patch_catalog_shop_product_card_defaults
[  2.242s] [Workarounds] finished patch_catalog_shop_product_card_defaults in 49.12µs
[  2.242s] [Workarounds] starting patch_game_time_defaults
[  2.242s] [Workarounds] finished patch_game_time_defaults in 6.02µs
[  2.242s] [Workarounds] starting patch_tooltip_nineslice_surface
[  2.242s] [Workarounds] finished patch_tooltip_nineslice_surface in 34.89µs
[  2.242s] [Workarounds] starting patch_container_frame_token_tracker
[  2.242s] [Workarounds] finished patch_container_frame_token_tracker in 31.63µs
[  2.242s] [Workarounds] starting patch_achievement_display_set_achievements
[  2.242s] [Workarounds] finished patch_achievement_display_set_achievements in 6.51µs
[  2.242s] [Workarounds] starting patch_housing_dashboard_preload
[  2.242s] [Workarounds] finished patch_housing_dashboard_preload in 127.42µs
[  2.242s] [Workarounds] starting patch_lfg_lock_list
[  2.242s] [Workarounds] finished patch_lfg_lock_list in 25.98µs
[  2.242s] [Workarounds] starting patch_auction_house_browse_results_event
[  2.242s] [Workarounds] finished patch_auction_house_browse_results_event in 51.17µs
[  2.242s] [Workarounds] starting patch_auction_house_search_context_aliases
[  2.242s] [Workarounds] finished patch_auction_house_search_context_aliases in 23.42µs
[  2.242s] [Workarounds] starting patch_auth_challenge_frame_parent
[  2.242s] [Workarounds] finished patch_auth_challenge_frame_parent in 53.71µs
[  2.242s] [Workarounds] starting patch_settings_surface_defaults
[  2.243s] [Workarounds] finished patch_settings_surface_defaults in 279.81µs
[  2.243s] [Workarounds] starting patch_settings_canvas_layout_visibility
[  2.243s] [Workarounds] finished patch_settings_canvas_layout_visibility in 87.32µs
[  2.243s] [Startup] apply_post_load_workarounds: workarounds complete
[  2.310s] [Startup] apply_post_load_workarounds: globals restored
[  2.310s] [Startup] apply_post_load_workarounds: patch 12.1 compatibility restored
[  2.311s] [Startup] apply_post_load_workarounds: seterrorhandler restored
[  2.442s] [Startup] begin login sequence
[  2.442s] [Startup] Firing ADDON_LOADED
[  2.442s] [Startup] Firing VARIABLES_LOADED
[  2.520s] [Startup] Firing DISPLAY_SIZE_CHANGED
[  2.557s] [Startup] Firing UI_SCALE_CHANGED
[  2.558s] [Startup] Firing PLAYER_LOGIN
[  2.558s] [Startup] end login sequence in 115.66ms
[  2.558s] [Startup] begin world enter sequence
[  2.558s] [Startup] Skipping EDIT_MODE_LAYOUTS_UPDATED
[  2.558s] [Startup] Firing TIME_PLAYED_MSG via RequestTimePlayed
[  2.558s] [Startup] Firing PLAYER_ENTERING_WORLD
[  2.752s] [EditMode] starting setup_layout_info
[  2.755s] [EditMode] finished setup_layout_info in 3.09ms
[  2.755s] [EditMode] starting apply_system_anchors
[  2.858s] [EditMode] finished apply_system_anchors in 102.61ms
[  2.858s] [EditMode] starting finalize_action_bar_positions
[  2.860s] [EditMode] finished finalize_action_bar_positions in 1.72ms
[  2.860s] [EditMode] starting invoke_anchor_changed_hooks
[  2.865s] [EditMode] finished invoke_anchor_changed_hooks in 5.17ms
[  2.865s] [EditMode] starting fix_action_bar_nan_size
[  2.865s] [EditMode] finished fix_action_bar_nan_size in 61.34µs
[  2.865s] [EditMode] starting fix_action_bar_scale
[  2.865s] [EditMode] finished fix_action_bar_scale in 3.59µs
[  2.865s] [EditMode] starting reapply_player_frame_anchor
[  2.866s] [EditMode] finished reapply_player_frame_anchor in 1.21ms
[  2.873s] [Startup] end world enter sequence in 315.82ms
[  2.874s] [Startup] begin post-login events
[  2.874s] [Startup] Firing UNIT_AURA
[  2.875s] [Startup] Firing PET_UI_UPDATE
[  2.876s] [Startup] Firing BAG_UPDATE_DELAYED
[  2.877s] [Startup] Firing QUEST_LOG_UPDATE
[  2.878s] [Startup] Firing GROUP_ROSTER_UPDATE
[  2.948s] [Startup] Firing ACTIONBAR_UPDATE_STATE
[  2.948s] [Startup] Firing ACTIONBAR_UPDATE_COOLDOWN
[  2.949s] [Startup] Firing UPDATE_BONUS_ACTIONBAR
[  2.958s] [Startup] Firing PLAYER_CAN_GLIDE_CHANGED
[  2.958s] [Startup] Firing PLAYER_IS_GLIDING_CHANGED
[  2.958s] [Startup] Firing UPDATE_BINDINGS
[  2.961s] [Startup] Firing UPDATE_CHAT_WINDOWS
[  2.963s] [Startup] Firing LFG_UPDATE_RANDOM_INFO
[  2.964s] [Startup] end post-login events in 90.29ms
[  2.964s] [Startup] begin close startup special windows
[  2.964s] [Startup] end close startup special windows in 215.02µs
[  2.964s] [Startup] begin FIRST_FRAME_RENDERED
[  2.964s] [Startup] Firing FIRST_FRAME_RENDERED
[  2.964s] [Startup] end FIRST_FRAME_RENDERED in 135.62µs
[  2.964s] [Startup] begin unblock hidden splash alerts
[  2.964s] [Startup] end unblock hidden splash alerts in 11.54µs
[  2.964s] [Startup] begin post-event workarounds
[  2.964s] [Startup] end post-event workarounds in 701.00ns

thread 'main' (952589) panicked at /home/osso/.worktrees/wow-ui-sim-p420-source/tests/common/publication_sweep.rs:544:5:
assertion `left == right` failed: new gaps: ["wt-global-api-BNGetFriendIndex-10", "wt-global-api-CollapseWarGameHeader-12", "wt-global-api-CreateNewRaidProfile-14", "wt-global-api-DeleteRaidProfile-15", "wt-global-api-EJ_GetLootInfoByIndex-24", "wt-global-api-EJ_GetMapEncounter-26", "wt-global-api-EJ_GetSectionInfo-30", "wt-global-api-EJ_SetDifficultyByMask-39", "wt-global-api-ExpandWarGameHeader-42", "wt-global-api-GetCurrentRefresh-45", "wt-global-api-GetMaxNumCUFProfiles-46", "wt-global-api-GetNumRaidProfiles-48", "wt-global-api-GetNumWarGameTypes-49", "wt-global-api-GetOSLocale-50", "wt-global-api-GetPVPRewards-51", "wt-global-api-GetRaidProfileFlattenedOptions-52", "wt-global-api-GetRaidProfileName-53", "wt-global-api-GetRaidProfileOption-54", "wt-global-api-GetRaidProfileSavedPosition-55", "wt-global-api-GetSelectedWarGameType-57", "wt-global-api-GetWarGameTypeInfo-58", "wt-global-api-HasTravelPass-59", "wt-global-api-LoadURLIndex-60", "wt-global-api-RaidProfileExists-62", "wt-global-api-RaidProfileHasUnsavedChanges-63", "wt-global-api-RestoreRaidProfileFromCopy-65", "wt-global-api-SaveRaidProfileCopy-66", "wt-global-api-SetRaidProfileOption-67", "wt-global-api-SetRaidProfileSavedPosition-68", "wt-global-api-SetRefresh-69", "wt-global-api-SetSelectedWarGameType-70", "wt-global-api-UpdateWarGamesList-72"]; resolved/stale gaps: []
  left: {"wt-global-api-BNGetFriendIndex-10", "wt-global-api-CollapseWarGameHeader-12", "wt-global-api-CreateNewRaidProfile-14", "wt-global-api-DeleteRaidProfile-15", "wt-global-api-EJ_GetLootInfoByIndex-24", "wt-global-api-EJ_GetMapEncounter-26", "wt-global-api-EJ_GetSectionInfo-30", "wt-global-api-EJ_SetDifficultyByMask-39", "wt-global-api-ExpandWarGameHeader-42", "wt-global-api-GetCurrentRefresh-45", "wt-global-api-GetMaxNumCUFProfiles-46", "wt-global-api-GetNumRaidProfiles-48", "wt-global-api-GetNumWarGameTypes-49", "wt-global-api-GetOSLocale-50", "wt-global-api-GetPVPRewards-51", "wt-global-api-GetRaidProfileFlattenedOptions-52", "wt-global-api-GetRaidProfileName-53", "wt-global-api-GetRaidProfileOption-54", "wt-global-api-GetRaidProfileSavedPosition-55", "wt-global-api-GetSelectedWarGameType-57", "wt-global-api-GetWarGameTypeInfo-58", "wt-global-api-HasTravelPass-59", "wt-global-api-LoadURLIndex-60", "wt-global-api-RaidProfileExists-62", "wt-global-api-RaidProfileHasUnsavedChanges-63", "wt-global-api-RestoreRaidProfileFromCopy-65", "wt-global-api-SaveRaidProfileCopy-66", "wt-global-api-SetRaidProfileOption-67", "wt-global-api-SetRaidProfileSavedPosition-68", "wt-global-api-SetRefresh-69", "wt-global-api-SetSelectedWarGameType-70", "wt-global-api-UpdateWarGamesList-72"}
 right: {}
note: run with `RUST_BACKTRACE=1` environment variable to display a backtrace
error: test failed, to rerun pass `--test prefork_full_ui`

Caused by:
  process didn't exit successfully: `/home/osso/.worktrees/wow-ui-sim-p420-source/target/debug/deps/prefork_full_ui-21dd5c807fe7a7b6 patch_4_2_0_publication_sweep --nocapture` (exit status: 1)
