warning: iced-wgpu-patched/Cargo.toml: `lints.clippy.large-enum-variant` is deprecated in favor of `lints.clippy.large_enum_variant` and will not work in a future edition
warning: iced-wgpu-patched/Cargo.toml: `lints.clippy.map-entry` is deprecated in favor of `lints.clippy.map_entry` and will not work in a future edition
warning: iced-wgpu-patched/Cargo.toml: `lints.clippy.match-wildcard-for-single-variants` is deprecated in favor of `lints.clippy.match_wildcard_for_single_variants` and will not work in a future edition
warning: iced-wgpu-patched/Cargo.toml: `lints.clippy.redundant-closure-for-method-calls` is deprecated in favor of `lints.clippy.redundant_closure_for_method_calls` and will not work in a future edition
warning: iced-wgpu-patched/Cargo.toml: `lints.clippy.trivially-copy-pass-by-ref` is deprecated in favor of `lints.clippy.trivially_copy_pass_by_ref` and will not work in a future edition
warning: iced-wgpu-patched/Cargo.toml: `lints.clippy.type-complexity` is deprecated in favor of `lints.clippy.type_complexity` and will not work in a future edition
warning: `iced_wgpu` (manifest) generated 6 warnings
    Blocking waiting for file lock on build directory
   Compiling wow-ui-sim v0.1.0 (/home/osso/Projects/wow/wow-ui-sim)
warning: constant `PROVENANCE_SCHEMA` is never used
  --> src/blizzard_ui_sync.rs:28:7
   |
28 | const PROVENANCE_SCHEMA: &str = "1";
   |       ^^^^^^^^^^^^^^^^^
   |
   = note: `#[warn(dead_code)]` (part of `#[warn(unused)]`) on by default

warning: associated function `new` is never used
   --> src/blizzard_ui_sync.rs:180:8
    |
179 | impl CacheProvenance {
    | -------------------- associated function in this implementation
180 |     fn new(
    |        ^^^

warning: function `remove_missing_marker` is never used
   --> src/blizzard_ui_sync.rs:663:4
    |
663 | fn remove_missing_marker(path: &Path) {
    |    ^^^^^^^^^^^^^^^^^^^^^

warning: function `ensure_known_asset_cached` is never used
  --> src/casc_asset_fallback.rs:93:15
   |
93 | pub(crate) fn ensure_known_asset_cached(_path: &str, _out_path: &Path) -> Option<PathBuf> {
   |               ^^^^^^^^^^^^^^^^^^^^^^^^^

warning: field `encoding_key_hex` is never read
  --> src/render/font.rs:44:5
   |
41 | struct WowFontFile {
   |        ----------- field in this struct
...
44 |     encoding_key_hex: Option<&'static str>,
   |     ^^^^^^^^^^^^^^^^

warning: methods `cooldown_elapsed_since_start` and `cooldown_remaining_seconds` are never used
   --> src/widget/frame.rs:601:19
    |
600 | impl Frame {
    | ---------- methods in this implementation
601 |     pub(crate) fn cooldown_elapsed_since_start(&self, elapsed_secs: f64) -> f64 {
    |                   ^^^^^^^^^^^^^^^^^^^^^^^^^^^^
...
610 |     pub(crate) fn cooldown_remaining_seconds(&self, elapsed_secs: f64) -> Option<f64> {
    |                   ^^^^^^^^^^^^^^^^^^^^^^^^^^

warning: `wow-ui-sim` (lib) generated 6 warnings
warning: unused import: `wow_ui_sim::saved_variables::SavedVariablesManager`
  --> src/bin/wow_sim/main.rs:20:5
   |
20 | use wow_ui_sim::saved_variables::SavedVariablesManager;
   |     ^^^^^^^^^^^^^^^^^^^^^^^^^^^^^^^^^^^^^^^^^^^^^^^^^^
   |
   = note: `#[warn(unused_imports)]` (part of `#[warn(unused)]`) on by default

warning: `wow-ui-sim` (bin "wow-sim") generated 1 warning (run `cargo fix --bin "wow-sim" -p wow-ui-sim` to apply 1 suggestion)
    Finished `test` profile [optimized + debuginfo] target(s) in 1m 16s
     Running patch-tests/patch_1_13_3_npc_health.rs (target/debug/deps/patch_1_13_3_npc_health-76b78918e1a37849)
[  0.000s] [Startup] WowLuaEnv::new begin
[  0.002s] [Startup] SimState::default complete in 2.43ms
[  0.003s] [Startup] rilua VM created in 119.66µs
[  0.003s] [Startup] builtin frames initialized in 71.23µs
[  0.003s] [Startup] template registry cleared in 6.41µs
[  0.003s] [Startup] intrinsic templates registered in 7.73µs
[  0.003s] [Startup] initial app_data lua handle installed in 391.00ns
[  0.141s] [Startup] init_lua_state complete in 137.91ms
[  0.141s] [Startup] final app_data lua handle installed in 300.00ns
[  0.141s] [Startup] initial screen globals installed in 117.12µs
[  0.141s] [Startup] WowLuaEnv::new complete
P1133_NPC_HEALTH {"configured_interface":11507,"historical_signature_credit":false,"native_credit":false,"observations":[{"observed":[7501,16003],"percentage_control":46.87246141348497,"seed":{"health":7501,"health_max":16003,"is_player":false}},{"observed":[93,24005],"percentage_control":0.3874192876484066,"seed":{"health":93,"health_max":24005,"is_player":false}},{"observed":[18007,24005],"percentage_control":75.01353884607373,"seed":{"health":18007,"health_max":24005,"is_player":false}}],"raw_types":["function","function"],"runtime_changes":0,"scope":"current bare Era NPC numeric values across three snapshot mutations","source_interface":11303,"source_ledger_mutated":false}
     Running patch-tests/patch_1_13_4_totems.rs (target/debug/deps/patch_1_13_4_totems-96c59d6788a3c97c)
[  0.000s] [Startup] WowLuaEnv::new begin
[  0.002s] [Startup] SimState::default complete in 2.02ms
[  0.002s] [Startup] rilua VM created in 112.59µs
[  0.002s] [Startup] builtin frames initialized in 66.73µs
[  0.002s] [Startup] template registry cleared in 11.08µs
[  0.002s] [Startup] intrinsic templates registered in 9.93µs
[  0.002s] [Startup] initial app_data lua handle installed in 631.00ns
[  0.142s] [Startup] init_lua_state complete in 140.22ms
[  0.142s] [Startup] final app_data lua handle installed in 320.00ns
[  0.143s] [Startup] initial screen globals installed in 94.14µs
[  0.143s] [Startup] WowLuaEnv::new complete
