test_configuration_and_successors (__main__.SourceAccounting.test_configuration_and_successors) ... FAIL
test_distinct_inclusion_claims (__main__.SourceAccounting.test_distinct_inclusion_claims) ... FAIL
test_each_omission_rejected (__main__.SourceAccounting.test_each_omission_rejected) ... FAIL
test_exact_rows (__main__.SourceAccounting.test_exact_rows) ... FAIL
test_fabricated_credit_and_history_collapse_rejected (__main__.SourceAccounting.test_fabricated_credit_and_history_collapse_rejected) ... FAIL
test_full_counts (__main__.SourceAccounting.test_full_counts) ... FAIL
test_identity_and_content_tamper (__main__.SourceAccounting.test_identity_and_content_tamper) ... FAIL
test_inventory_headers_and_navigation (__main__.SourceAccounting.test_inventory_headers_and_navigation) ... FAIL
test_links_exact_unexpanded (__main__.SourceAccounting.test_links_exact_unexpanded) ... FAIL
test_namespace_not_callable_or_modeled (__main__.SourceAccounting.test_namespace_not_callable_or_modeled) ... FAIL

======================================================================
FAIL: test_configuration_and_successors (__main__.SourceAccounting.test_configuration_and_successors)
----------------------------------------------------------------------
Traceback (most recent call last):
  File "/home/osso/.worktrees/wow-ui-sim-p1150-page/data/patch-api/evidence/1.15.0-session-2026-10-09/test_source_accounting.py", line 54, in test_configuration_and_successors
    self.assertEqual([(p['feature'], p['configured_interface']) for p in ledger.get('configured_profiles', [])], [('client-era', 11507), ('client-anniversary', 11507)])
    ~~~~~~~~~~~~~~~~^^^^^^^^^^^^^^^^^^^^^^^^^^^^^^^^^^^^^^^^^^^^^^^^^^^^^^^^^^^^^^^^^^^^^^^^^^^^^^^^^^^^^^^^^^^^^^^^^^^^^^^^^^^^^^^^^^^^^^^^^^^^^^^^^^^^^^^^^^^^^^^^^^^^
AssertionError: Lists differ: [] != [('client-era', 11507), ('client-anniversary', 11507)]

Second list contains 2 additional elements.
First extra element 0:
('client-era', 11507)

- []
+ [('client-era', 11507), ('client-anniversary', 11507)]

======================================================================
FAIL: test_distinct_inclusion_claims (__main__.SourceAccounting.test_distinct_inclusion_claims)
----------------------------------------------------------------------
Traceback (most recent call last):
  File "/home/osso/.worktrees/wow-ui-sim-p1150-page/data/patch-api/evidence/1.15.0-session-2026-10-09/test_source_accounting.py", line 26, in test_distinct_inclusion_claims
    self.assertEqual([(p['line'], p['scope']) for p in prose], [(4, 'all-Wrath-3.4.3-claim'), (5, 'unspecified-Dragonflight-10.1.7-through-10.2.0-subset'), (6, 'linked-guidance'), (7, 'seasonal-rune-namespace-addition')])
    ~~~~~~~~~~~~~~~~^^^^^^^^^^^^^^^^^^^^^^^^^^^^^^^^^^^^^^^^^^^^^^^^^^^^^^^^^^^^^^^^^^^^^^^^^^^^^^^^^^^^^^^^^^^^^^^^^^^^^^^^^^^^^^^^^^^^^^^^^^^^^^^^^^^^^^^^^^^^^^^^^^^^^^^^^^^^^^^^^^^^^^^^^^^^^^^^^^^^^^^^^^^^^^^^^^^^^^^^^
AssertionError: Lists differ: [] != [(4, 'all-Wrath-3.4.3-claim'), (5, 'unspec[110 chars]on')]

Second list contains 4 additional elements.
First extra element 0:
(4, 'all-Wrath-3.4.3-claim')

- []
+ [(4, 'all-Wrath-3.4.3-claim'),
+  (5, 'unspecified-Dragonflight-10.1.7-through-10.2.0-subset'),
+  (6, 'linked-guidance'),
+  (7, 'seasonal-rune-namespace-addition')]

======================================================================
FAIL: test_each_omission_rejected (__main__.SourceAccounting.test_each_omission_rejected)
----------------------------------------------------------------------
Traceback (most recent call last):
  File "/home/osso/.worktrees/wow-ui-sim-p1150-page/data/patch-api/evidence/1.15.0-session-2026-10-09/test_source_accounting.py", line 61, in test_each_omission_rejected
    self.assertIn('contracts', original)
    ~~~~~~~~~~~~~^^^^^^^^^^^^^^^^^^^^^^^
AssertionError: 'contracts' not found in {}

======================================================================
FAIL: test_exact_rows (__main__.SourceAccounting.test_exact_rows)
----------------------------------------------------------------------
Traceback (most recent call last):
  File "/home/osso/.worktrees/wow-ui-sim-p1150-page/data/patch-api/evidence/1.15.0-session-2026-10-09/test_source_accounting.py", line 14, in test_exact_rows
    self.assertEqual([(r['line'], r['literal']) for r in audit.build().get('source_rows', [])], expected)
    ~~~~~~~~~~~~~~~~^^^^^^^^^^^^^^^^^^^^^^^^^^^^^^^^^^^^^^^^^^^^^^^^^^^^^^^^^^^^^^^^^^^^^^^^^^^^^^^^^^^^^
AssertionError: Lists differ: [] != [(1, '{{apichanges|1.15.0|prev=1.14.4|next[950 chars]d]')]

Second list contains 10 additional elements.
First extra element 0:
(1, '{{apichanges|1.15.0|prev=1.14.4|next=1.15.1}}')

Diff is 1122 characters long. Set self.maxDiff to None to see it.

======================================================================
FAIL: test_fabricated_credit_and_history_collapse_rejected (__main__.SourceAccounting.test_fabricated_credit_and_history_collapse_rejected)
----------------------------------------------------------------------
Traceback (most recent call last):
  File "/home/osso/.worktrees/wow-ui-sim-p1150-page/data/patch-api/evidence/1.15.0-session-2026-10-09/test_source_accounting.py", line 71, in test_fabricated_credit_and_history_collapse_rejected
    self.assertIn('contracts', original)
    ~~~~~~~~~~~~~^^^^^^^^^^^^^^^^^^^^^^^
AssertionError: 'contracts' not found in {}

======================================================================
FAIL: test_full_counts (__main__.SourceAccounting.test_full_counts)
----------------------------------------------------------------------
Traceback (most recent call last):
  File "/home/osso/.worktrees/wow-ui-sim-p1150-page/data/patch-api/evidence/1.15.0-session-2026-10-09/test_source_accounting.py", line 50, in test_full_counts
    self.assertEqual(audit.build().get('totals'), {'physical_lines': 12, 'nonblank_rows': 10, 'metadata_rows': 4, 'unproven_rows': 6, 'contracts': 11, 'headers': 2, 'numerical_inventory_headers': 0, 'api_occurrences': 1, 'namespace_occurrences': 1, 'callable_occurrences': 0, 'event_occurrences': 0, 'cvar_occurrences': 0, 'widget_method_occurrences': 0, 'command_occurrences': 0, 'signature_declarations': 0, 'unspecified_signature_records': 1, 'prose_contracts': 4, 'unexpanded_linked_contracts': 7, 'unexpanded_transclusions': 1})
    ~~~~~~~~~~~~~~~~^^^^^^^^^^^^^^^^^^^^^^^^^^^^^^^^^^^^^^^^^^^^^^^^^^^^^^^^^^^^^^^^^^^^^^^^^^^^^^^^^^^^^^^^^^^^^^^^^^^^^^^^^^^^^^^^^^^^^^^^^^^^^^^^^^^^^^^^^^^^^^^^^^^^^^^^^^^^^^^^^^^^^^^^^^^^^^^^^^^^^^^^^^^^^^^^^^^^^^^^^^^^^^^^^^^^^^^^^^^^^^^^^^^^^^^^^^^^^^^^^^^^^^^^^^^^^^^^^^^^^^^^^^^^^^^^^^^^^^^^^^^^^^^^^^^^^^^^^^^^^^^^^^^^^^^^^^^^^^^^^^^^^^^^^^^^^^^^^^^^^^^^^^^^^^^^^^^^^^^^^^^^^^^^^^^^^^^^^^^^^^^^^^^^^^^^^^^^^^^^^^^^^^^^^^^^^^^^^^^^^^^^^^^^^^^^^^^^^^^^^^^^^^^^^^^^^^^^^^^^^^^^^^^^^^^^^^^^^^^^^^^^^^^^^^^^^^^^^^^^^^^^^^^^^^^^^
AssertionError: None != {'physical_lines': 12, 'nonblank_rows': 1[436 chars]': 1}

======================================================================
FAIL: test_identity_and_content_tamper (__main__.SourceAccounting.test_identity_and_content_tamper)
----------------------------------------------------------------------
Traceback (most recent call last):
  File "/home/osso/.worktrees/wow-ui-sim-p1150-page/data/patch-api/evidence/1.15.0-session-2026-10-09/test_source_accounting.py", line 88, in test_identity_and_content_tamper
    self.assertIn('source', audit.build())
    ~~~~~~~~~~~~~^^^^^^^^^^^^^^^^^^^^^^^^^
AssertionError: 'source' not found in {}

======================================================================
FAIL: test_inventory_headers_and_navigation (__main__.SourceAccounting.test_inventory_headers_and_navigation)
----------------------------------------------------------------------
Traceback (most recent call last):
  File "/home/osso/.worktrees/wow-ui-sim-p1150-page/data/patch-api/evidence/1.15.0-session-2026-10-09/test_source_accounting.py", line 19, in test_inventory_headers_and_navigation
    self.assertEqual(ledger.get('source_toc'), 11500)
    ~~~~~~~~~~~~~~~~^^^^^^^^^^^^^^^^^^^^^^^^^^^^^^^^^
AssertionError: None != 11500

======================================================================
FAIL: test_links_exact_unexpanded (__main__.SourceAccounting.test_links_exact_unexpanded)
----------------------------------------------------------------------
Traceback (most recent call last):
  File "/home/osso/.worktrees/wow-ui-sim-p1150-page/data/patch-api/evidence/1.15.0-session-2026-10-09/test_source_accounting.py", line 32, in test_links_exact_unexpanded
    self.assertEqual([(c['line'], c['label'], c['target']) for c in links], [
    ~~~~~~~~~~~~~~~~^^^^^^^^^^^^^^^^^^^^^^^^^^^^^^^^^^^^^^^^^^^^^^^^^^^^^^^^^
        (4, 'Wrath Classic', 'World of Warcraft: Wrath of the Lich King Classic'),
        ^^^^^^^^^^^^^^^^^^^^^^^^^^^^^^^^^^^^^^^^^^^^^^^^^^^^^^^^^^^^^^^^^^^^^^^^^^
    ...<4 lines>...
        (11, 'BlizzardInterfaceResources', 'https://github.com/Ketho/BlizzardInterfaceResources/compare/1.14.4..1.15.0'),
        ^^^^^^^^^^^^^^^^^^^^^^^^^^^^^^^^^^^^^^^^^^^^^^^^^^^^^^^^^^^^^^^^^^^^^^^^^^^^^^^^^^^^^^^^^^^^^^^^^^^^^^^^^^^^^^^^^
        (12, 'Blizzard_Deprecated', 'https://github.com/Gethe/wow-ui-source/tree/classic_era_ptr/Interface/AddOns/Blizzard_Deprecated/Deprecated_1_15_0.lua')])
        ^^^^^^^^^^^^^^^^^^^^^^^^^^^^^^^^^^^^^^^^^^^^^^^^^^^^^^^^^^^^^^^^^^^^^^^^^^^^^^^^^^^^^^^^^^^^^^^^^^^^^^^^^^^^^^^^^^^^^^^^^^^^^^^^^^^^^^^^^^^^^^^^^^^^^^^
AssertionError: Lists differ: [] != [(4, 'Wrath Classic', 'World of Warcraft: [526 chars]ua')]

Second list contains 7 additional elements.
First extra element 0:
(4, 'Wrath Classic', 'World of Warcraft: Wrath of the Lich King Classic')

- []
+ [(4, 'Wrath Classic', 'World of Warcraft: Wrath of the Lich King Classic'),
+  (4, 'Patch 3.4.3', 'Patch 3.4.3/API changes'),
+  (5, 'Patch 10.1.7', 'Patch 10.1.7/API changes'),
+  (5, 'Patch 10.2.0', 'Patch 10.2.0/API changes'),
+  (11,
+   'wow-ui-source',
+   'https://github.com/Gethe/wow-ui-source/compare/1.14.4..1.15.0'),
+  (11,
+   'BlizzardInterfaceResources',
+   'https://github.com/Ketho/BlizzardInterfaceResources/compare/1.14.4..1.15.0'),
+  (12,
+   'Blizzard_Deprecated',
+   'https://github.com/Gethe/wow-ui-source/tree/classic_era_ptr/Interface/AddOns/Blizzard_Deprecated/Deprecated_1_15_0.lua')]

======================================================================
FAIL: test_namespace_not_callable_or_modeled (__main__.SourceAccounting.test_namespace_not_callable_or_modeled)
----------------------------------------------------------------------
Traceback (most recent call last):
  File "/home/osso/.worktrees/wow-ui-sim-p1150-page/data/patch-api/evidence/1.15.0-session-2026-10-09/test_source_accounting.py", line 44, in test_namespace_not_callable_or_modeled
    self.assertEqual([(a['line'], a['symbol'], a['kind'], a['direction']) for a in ledger.get('api_occurrences', [])], [(7, 'C_Engraving', 'namespace', 'added')])
    ~~~~~~~~~~~~~~~~^^^^^^^^^^^^^^^^^^^^^^^^^^^^^^^^^^^^^^^^^^^^^^^^^^^^^^^^^^^^^^^^^^^^^^^^^^^^^^^^^^^^^^^^^^^^^^^^^^^^^^^^^^^^^^^^^^^^^^^^^^^^^^^^^^^^^^^^^^^^^^
AssertionError: Lists differ: [] != [(7, 'C_Engraving', 'namespace', 'added')]

Second list contains 1 additional elements.
First extra element 0:
(7, 'C_Engraving', 'namespace', 'added')

- []
+ [(7, 'C_Engraving', 'namespace', 'added')]

----------------------------------------------------------------------
Ran 10 tests in 0.002s

FAILED (failures=10)
