running 1 tests
test patch_9_0_5_publication_sweep::patch_9_0_5_publication_sweep ... FAILED (panic: assertion `left == right` failed: new gaps: ["wt-events-COVENANT_RENOWN_CATCH_UP_STATE_UPDATE-53"]; resolved/stale gaps: []
  left: {"wt-cvars-GamePadSmoothFacing-68", "wt-events-COVENANT_RENOWN_CATCH_UP_STATE_UPDATE-53", "wt-global-api-C_ChallengeMode.CanUseKeystoneInCurrentMap-14", "wt-global-api-C_CovenantSanctumUI.HasMaximumRenown-15", "wt-global-api-C_CovenantSanctumUI.IsPlayerInRenownCatchUpMode-16", "wt-global-api-C_CovenantSanctumUI.IsWeeklyRenownCapped-17", "wt-global-api-C_CovenantSanctumUI.RequestCatchUpState-18", "wt-global-api-C_Garrison.IsFollowerOnCompletedMission-19", "wt-global-api-C_GossipInfo.GetCustomGossipDescriptionString-20", "wt-global-api-C_GuildInfo.QueryGuildMembersForRecipe-21", "wt-global-api-C_QuestLog.ShouldDisplayTimeRemaining-24", "wt-global-api-C_WeeklyRewards.AreRewardsForCurrentRewardPeriod-25", "wt-global-api-C_WeeklyRewards.GetActivityEncounterInfo-26", "wt-global-api-C_WeeklyRewards.GetNextMythicPlusIncrease-27", "wt-global-api-C_WeeklyRewards.HasInteraction-28"}
 right: {"wt-cvars-GamePadSmoothFacing-68", "wt-global-api-C_ChallengeMode.CanUseKeystoneInCurrentMap-14", "wt-global-api-C_CovenantSanctumUI.HasMaximumRenown-15", "wt-global-api-C_CovenantSanctumUI.IsPlayerInRenownCatchUpMode-16", "wt-global-api-C_CovenantSanctumUI.IsWeeklyRenownCapped-17", "wt-global-api-C_CovenantSanctumUI.RequestCatchUpState-18", "wt-global-api-C_Garrison.IsFollowerOnCompletedMission-19", "wt-global-api-C_GossipInfo.GetCustomGossipDescriptionString-20", "wt-global-api-C_GuildInfo.QueryGuildMembersForRecipe-21", "wt-global-api-C_QuestLog.ShouldDisplayTimeRemaining-24", "wt-global-api-C_WeeklyRewards.AreRewardsForCurrentRewardPeriod-25", "wt-global-api-C_WeeklyRewards.GetActivityEncounterInfo-26", "wt-global-api-C_WeeklyRewards.GetNextMythicPlusIncrease-27", "wt-global-api-C_WeeklyRewards.HasInteraction-28"})
---- patch_9_0_5_publication_sweep::patch_9_0_5_publication_sweep stderr ----

thread 'main' (561299) panicked at /home/osso/.worktrees/wow-ui-sim-p905-page/tests/common/publication_sweep.rs:503:5:
assertion `left == right` failed: new gaps: ["wt-events-COVENANT_RENOWN_CATCH_UP_STATE_UPDATE-53"]; resolved/stale gaps: []
  left: {"wt-cvars-GamePadSmoothFacing-68", "wt-events-COVENANT_RENOWN_CATCH_UP_STATE_UPDATE-53", "wt-global-api-C_ChallengeMode.CanUseKeystoneInCurrentMap-14", "wt-global-api-C_CovenantSanctumUI.HasMaximumRenown-15", "wt-global-api-C_CovenantSanctumUI.IsPlayerInRenownCatchUpMode-16", "wt-global-api-C_CovenantSanctumUI.IsWeeklyRenownCapped-17", "wt-global-api-C_CovenantSanctumUI.RequestCatchUpState-18", "wt-global-api-C_Garrison.IsFollowerOnCompletedMission-19", "wt-global-api-C_GossipInfo.GetCustomGossipDescriptionString-20", "wt-global-api-C_GuildInfo.QueryGuildMembersForRecipe-21", "wt-global-api-C_QuestLog.ShouldDisplayTimeRemaining-24", "wt-global-api-C_WeeklyRewards.AreRewardsForCurrentRewardPeriod-25", "wt-global-api-C_WeeklyRewards.GetActivityEncounterInfo-26", "wt-global-api-C_WeeklyRewards.GetNextMythicPlusIncrease-27", "wt-global-api-C_WeeklyRewards.HasInteraction-28"}
 right: {"wt-cvars-GamePadSmoothFacing-68", "wt-global-api-C_ChallengeMode.CanUseKeystoneInCurrentMap-14", "wt-global-api-C_CovenantSanctumUI.HasMaximumRenown-15", "wt-global-api-C_CovenantSanctumUI.IsPlayerInRenownCatchUpMode-16", "wt-global-api-C_CovenantSanctumUI.IsWeeklyRenownCapped-17", "wt-global-api-C_CovenantSanctumUI.RequestCatchUpState-18", "wt-global-api-C_Garrison.IsFollowerOnCompletedMission-19", "wt-global-api-C_GossipInfo.GetCustomGossipDescriptionString-20", "wt-global-api-C_GuildInfo.QueryGuildMembersForRecipe-21", "wt-global-api-C_QuestLog.ShouldDisplayTimeRemaining-24", "wt-global-api-C_WeeklyRewards.AreRewardsForCurrentRewardPeriod-25", "wt-global-api-C_WeeklyRewards.GetActivityEncounterInfo-26", "wt-global-api-C_WeeklyRewards.GetNextMythicPlusIncrease-27", "wt-global-api-C_WeeklyRewards.HasInteraction-28"}
note: run with `RUST_BACKTRACE=1` environment variable to display a backtrace

test result: FAILED. 0 passed; 1 failed; 1 total
warning: iced-wgpu-patched/Cargo.toml: `lints.clippy.large-enum-variant` is deprecated in favor of `lints.clippy.large_enum_variant` and will not work in a future edition
warning: iced-wgpu-patched/Cargo.toml: `lints.clippy.map-entry` is deprecated in favor of `lints.clippy.map_entry` and will not work in a future edition
warning: iced-wgpu-patched/Cargo.toml: `lints.clippy.match-wildcard-for-single-variants` is deprecated in favor of `lints.clippy.match_wildcard_for_single_variants` and will not work in a future edition
warning: iced-wgpu-patched/Cargo.toml: `lints.clippy.redundant-closure-for-method-calls` is deprecated in favor of `lints.clippy.redundant_closure_for_method_calls` and will not work in a future edition
warning: iced-wgpu-patched/Cargo.toml: `lints.clippy.trivially-copy-pass-by-ref` is deprecated in favor of `lints.clippy.trivially_copy_pass_by_ref` and will not work in a future edition
warning: iced-wgpu-patched/Cargo.toml: `lints.clippy.type-complexity` is deprecated in favor of `lints.clippy.type_complexity` and will not work in a future edition
warning: `iced_wgpu` (manifest) generated 6 warnings
    Finished `test` profile [optimized + debuginfo] target(s) in 1.30s
     Running tests/prefork_full_ui.rs (target/debug/deps/prefork_full_ui-34a818a91c447c36)
[  0.000s] [Startup] WowLuaEnv::new begin
[  0.012s] [Startup] SimState::default complete in 12.26ms
[  0.013s] [Startup] rilua VM created in 952.24µs
[  0.014s] [Startup] builtin frames initialized in 509.86µs
[  0.014s] [Startup] template registry cleared in 54.96µs
[  0.014s] [Startup] intrinsic templates registered in 39.68µs
[  0.014s] [Startup] initial app_data lua handle installed in 1.97µs
[  0.846s] [Startup] init_lua_state complete in 832.21ms
[  0.846s] [Startup] final app_data lua handle installed in 1.01µs
[  0.847s] [Startup] initial screen globals installed in 840.70µs
[  0.847s] [Startup] WowLuaEnv::new complete
[ 18.606s] [Startup] apply_post_load_workarounds: begin
[ 18.606s] [Workarounds] starting patch_edit_mode_manager
[ 18.608s] [Workarounds] finished patch_edit_mode_manager in 1.79ms
[ 18.608s] [Workarounds] starting init_edit_mode_layout
[ 18.608s] [EditMode] starting setup_layout_info
[ 18.634s] [EditMode] finished setup_layout_info in 26.37ms
[ 18.634s] [EditMode] starting apply_system_anchors
[ 19.660s] [EditMode] finished apply_system_anchors in 1.03s
[ 19.660s] [EditMode] starting finalize_action_bar_positions
[ 19.671s] [EditMode] finished finalize_action_bar_positions in 10.73ms
[ 19.671s] [EditMode] starting invoke_anchor_changed_hooks
[ 19.673s] [EditMode] finished invoke_anchor_changed_hooks in 2.14ms
[ 19.673s] [EditMode] starting fix_action_bar_nan_size
[ 19.673s] [EditMode] finished fix_action_bar_nan_size in 322.39µs
[ 19.673s] [EditMode] starting fix_action_bar_scale
[ 19.673s] [EditMode] finished fix_action_bar_scale in 32.51µs
[ 19.673s] [Workarounds] finished init_edit_mode_layout in 1.07s
[ 19.673s] [Workarounds] starting patch_ui_parent_panel_toggles
[ 19.675s] [Workarounds] finished patch_ui_parent_panel_toggles in 1.49ms
[ 19.675s] [Workarounds] starting patch_uiparent_onupdate_worklists
[ 19.675s] [Workarounds] finished patch_uiparent_onupdate_worklists in 655.49µs
[ 19.675s] [Workarounds] starting init_chat_type_colors
[ 19.676s] [Workarounds] finished init_chat_type_colors in 711.83µs
[ 19.676s] [Workarounds] starting patch_chat_voice_button_surface
[ 19.677s] [Workarounds] finished patch_chat_voice_button_surface in 852.34µs
[ 19.677s] [Workarounds] starting patch_item_socketing_tooltips
[ 19.677s] [Workarounds] finished patch_item_socketing_tooltips in 414.00µs
[ 19.677s] [Workarounds] starting patch_character_select_selected_name
[ 19.678s] [Workarounds] finished patch_character_select_selected_name in 213.25µs
[ 19.678s] [Workarounds] starting patch_character_create_defaults
[ 19.679s] [Workarounds] finished patch_character_create_defaults in 1.53ms
[ 19.679s] [Workarounds] starting patch_character_frame_title_refresh
[ 19.723s] [Workarounds] finished patch_character_frame_title_refresh in 43.53ms
[ 19.723s] [Workarounds] starting patch_vignette_pin_template
[ 19.723s] [Workarounds] finished patch_vignette_pin_template in 681.25µs
[ 19.724s] [Workarounds] starting patch_fog_of_war_pin_mixin
[ 19.725s] [Workarounds] finished patch_fog_of_war_pin_mixin in 1.73ms
[ 19.725s] [Workarounds] starting patch_map_exploration_pin_mixin
[ 19.766s] [Workarounds] finished patch_map_exploration_pin_mixin in 40.92ms
[ 19.766s] [Workarounds] starting patch_map_canvas_data_provider_attachment
[ 19.767s] [Workarounds] finished patch_map_canvas_data_provider_attachment in 584.10µs
[ 19.767s] [Workarounds] starting ensure_adventure_map_frame_surface
[ 19.770s] [Workarounds] finished ensure_adventure_map_frame_surface in 2.89ms
[ 19.770s] [Workarounds] starting patch_action_bar_button_event_fanout
[ 19.770s] [Workarounds] finished patch_action_bar_button_event_fanout in 709.73µs
[ 19.770s] [Workarounds] starting patch_paging_controls_page_text
[ 19.771s] [Workarounds] finished patch_paging_controls_page_text in 247.61µs
[ 19.771s] [Workarounds] starting patch_talent_edge_frame_level_sync
[ 19.771s] [Workarounds] finished patch_talent_edge_frame_level_sync in 230.14µs
[ 19.771s] [Workarounds] starting patch_catalog_shop_product_card_defaults
[ 19.771s] [Workarounds] finished patch_catalog_shop_product_card_defaults in 411.77µs
[ 19.771s] [Workarounds] starting patch_game_time_defaults
[ 19.771s] [Workarounds] finished patch_game_time_defaults in 43.06µs
[ 19.771s] [Workarounds] starting patch_tooltip_nineslice_surface
[ 19.772s] [Workarounds] finished patch_tooltip_nineslice_surface in 297.07µs
[ 19.772s] [Workarounds] starting patch_container_frame_token_tracker
[ 19.772s] [Workarounds] finished patch_container_frame_token_tracker in 262.88µs
[ 19.772s] [Workarounds] starting patch_achievement_display_set_achievements
[ 19.772s] [Workarounds] finished patch_achievement_display_set_achievements in 51.84µs
[ 19.772s] [Workarounds] starting patch_housing_dashboard_preload
[ 19.773s] [Workarounds] finished patch_housing_dashboard_preload in 1.02ms
[ 19.773s] [Workarounds] starting patch_lfg_lock_list
[ 19.773s] [Workarounds] finished patch_lfg_lock_list in 209.80µs
[ 19.773s] [Workarounds] starting patch_auction_house_browse_results_event
[ 19.774s] [Workarounds] finished patch_auction_house_browse_results_event in 441.29µs
[ 19.774s] [Workarounds] starting patch_auction_house_search_context_aliases
[ 19.774s] [Workarounds] finished patch_auction_house_search_context_aliases in 206.31µs
[ 19.774s] [Workarounds] starting patch_auth_challenge_frame_parent
[ 19.774s] [Workarounds] finished patch_auth_challenge_frame_parent in 360.32µs
[ 19.774s] [Workarounds] starting patch_settings_surface_defaults
[ 19.777s] [Workarounds] finished patch_settings_surface_defaults in 2.33ms
[ 19.777s] [Workarounds] starting patch_settings_canvas_layout_visibility
[ 19.778s] [Workarounds] finished patch_settings_canvas_layout_visibility in 763.43µs
[ 19.778s] [Startup] apply_post_load_workarounds: workarounds complete
[ 20.138s] [Startup] apply_post_load_workarounds: globals restored
[ 20.141s] [Startup] apply_post_load_workarounds: patch 12.1 compatibility restored
[ 20.141s] [Startup] apply_post_load_workarounds: seterrorhandler restored
[ 20.614s] [Startup] begin login sequence
[ 20.614s] [Startup] Firing ADDON_LOADED
[ 20.614s] [Startup] Firing VARIABLES_LOADED
[ 21.173s] [Startup] Firing DISPLAY_SIZE_CHANGED
[ 21.339s] [Startup] Firing UI_SCALE_CHANGED
[ 21.346s] [Startup] Firing PLAYER_LOGIN
[ 21.346s] [Startup] end login sequence in 732.19ms
[ 21.346s] [Startup] begin world enter sequence
[ 21.346s] [Startup] Skipping EDIT_MODE_LAYOUTS_UPDATED
[ 21.346s] [Startup] Firing TIME_PLAYED_MSG via RequestTimePlayed
[ 21.346s] [Startup] Firing PLAYER_ENTERING_WORLD
[ 22.877s] [EditMode] starting setup_layout_info
[ 22.897s] [EditMode] finished setup_layout_info in 20.80ms
[ 22.898s] [EditMode] starting apply_system_anchors
[ 23.704s] [EditMode] finished apply_system_anchors in 806.85ms
[ 23.704s] [EditMode] starting finalize_action_bar_positions
[ 23.719s] [EditMode] finished finalize_action_bar_positions in 14.38ms
[ 23.719s] [EditMode] starting invoke_anchor_changed_hooks
[ 23.743s] [EditMode] finished invoke_anchor_changed_hooks in 24.51ms
[ 23.743s] [EditMode] starting fix_action_bar_nan_size
[ 23.744s] [EditMode] finished fix_action_bar_nan_size in 378.68µs
[ 23.744s] [EditMode] starting fix_action_bar_scale
[ 23.744s] [EditMode] finished fix_action_bar_scale in 45.58µs
[ 23.744s] [EditMode] starting reapply_player_frame_anchor
[ 23.751s] [EditMode] finished reapply_player_frame_anchor in 7.33ms
[ 23.811s] [Startup] end world enter sequence in 2.46s
[ 23.811s] [Startup] begin post-login events
[ 23.815s] [Startup] Firing UNIT_AURA
[ 23.819s] [Startup] Firing PET_UI_UPDATE
[ 23.827s] [Startup] Firing BAG_UPDATE_DELAYED
[ 23.838s] [Startup] Firing QUEST_LOG_UPDATE
[ 23.845s] [Startup] Firing GROUP_ROSTER_UPDATE
[ 24.425s] [Startup] Firing ACTIONBAR_UPDATE_STATE
[ 24.425s] [Startup] Firing ACTIONBAR_UPDATE_COOLDOWN
[ 24.430s] [Startup] Firing UPDATE_BONUS_ACTIONBAR
[ 24.515s] [Startup] Firing PLAYER_CAN_GLIDE_CHANGED
[ 24.515s] [Startup] Firing PLAYER_IS_GLIDING_CHANGED
[ 24.515s] [Startup] Firing UPDATE_BINDINGS
[ 24.539s] [Startup] Firing UPDATE_CHAT_WINDOWS
[ 24.552s] [Startup] Firing LFG_UPDATE_RANDOM_INFO
[ 24.557s] [Startup] end post-login events in 746.03ms
[ 24.557s] [Startup] begin close startup special windows
[ 24.558s] [Startup] end close startup special windows in 1.51ms
[ 24.558s] [Startup] begin FIRST_FRAME_RENDERED
[ 24.558s] [Startup] Firing FIRST_FRAME_RENDERED
[ 24.559s] [Startup] end FIRST_FRAME_RENDERED in 1.01ms
[ 24.559s] [Startup] begin unblock hidden splash alerts
[ 24.560s] [Startup] end unblock hidden splash alerts in 192.76µs
[ 24.560s] [Startup] begin post-event workarounds
[ 24.560s] [Startup] end post-event workarounds in 9.31µs
error: test failed, to rerun pass `--test prefork_full_ui`

Caused by:
  process didn't exit successfully: `/home/osso/.worktrees/wow-ui-sim-p905-page/target/debug/deps/prefork_full_ui-34a818a91c447c36 patch_9_0_5_publication_sweep` (exit status: 1)
