running 1 tests
test patch_9_0_5_cached_surfaces::patch_9_0_5_cached_retirement ... FAILED (panic: called `Result::unwrap()` on an `Err` value: Lua(Runtime(RuntimeError { message: "assertion failed!", level: 0, traceback: [] })))
---- patch_9_0_5_cached_surfaces::patch_9_0_5_cached_retirement stderr ----

thread 'main' (502294) panicked at /home/osso/.worktrees/wow-ui-sim-p905-page/tests/patch_9_0_5_cached_surfaces.rs:9:75:
called `Result::unwrap()` on an `Err` value: Lua(Runtime(RuntimeError { message: "assertion failed!", level: 0, traceback: [] }))
note: run with `RUST_BACKTRACE=1` environment variable to display a backtrace

test result: FAILED. 0 passed; 1 failed; 1 total
warning: iced-wgpu-patched/Cargo.toml: `lints.clippy.large-enum-variant` is deprecated in favor of `lints.clippy.large_enum_variant` and will not work in a future edition
warning: iced-wgpu-patched/Cargo.toml: `lints.clippy.map-entry` is deprecated in favor of `lints.clippy.map_entry` and will not work in a future edition
warning: iced-wgpu-patched/Cargo.toml: `lints.clippy.match-wildcard-for-single-variants` is deprecated in favor of `lints.clippy.match_wildcard_for_single_variants` and will not work in a future edition
warning: iced-wgpu-patched/Cargo.toml: `lints.clippy.redundant-closure-for-method-calls` is deprecated in favor of `lints.clippy.redundant_closure_for_method_calls` and will not work in a future edition
warning: iced-wgpu-patched/Cargo.toml: `lints.clippy.trivially-copy-pass-by-ref` is deprecated in favor of `lints.clippy.trivially_copy_pass_by_ref` and will not work in a future edition
warning: iced-wgpu-patched/Cargo.toml: `lints.clippy.type-complexity` is deprecated in favor of `lints.clippy.type_complexity` and will not work in a future edition
warning: `iced_wgpu` (manifest) generated 6 warnings
   Compiling wow-ui-sim v0.1.0 (/home/osso/.worktrees/wow-ui-sim-p905-page)
    Finished `test` profile [optimized + debuginfo] target(s) in 3m 30s
     Running tests/prefork_full_ui.rs (target/debug/deps/prefork_full_ui-34a818a91c447c36)
[  0.000s] [Startup] WowLuaEnv::new begin
[  0.011s] [Startup] SimState::default complete in 10.87ms
[  0.012s] [Startup] rilua VM created in 608.97µs
[  0.012s] [Startup] builtin frames initialized in 353.94µs
[  0.012s] [Startup] template registry cleared in 15.41µs
[  0.012s] [Startup] intrinsic templates registered in 36.23µs
[  0.012s] [Startup] initial app_data lua handle installed in 1.56µs
[  0.775s] [Startup] init_lua_state complete in 762.44ms
[  0.775s] [Startup] final app_data lua handle installed in 1.07µs
[  0.775s] [Startup] initial screen globals installed in 644.74µs
[  0.775s] [Startup] WowLuaEnv::new complete
[ 18.761s] [Startup] apply_post_load_workarounds: begin
[ 18.761s] [Workarounds] starting patch_edit_mode_manager
[ 18.763s] [Workarounds] finished patch_edit_mode_manager in 1.92ms
[ 18.763s] [Workarounds] starting init_edit_mode_layout
[ 18.763s] [EditMode] starting setup_layout_info
[ 18.783s] [EditMode] finished setup_layout_info in 20.28ms
[ 18.783s] [EditMode] starting apply_system_anchors
[ 19.744s] [EditMode] finished apply_system_anchors in 960.56ms
[ 19.744s] [EditMode] starting finalize_action_bar_positions
[ 19.753s] [EditMode] finished finalize_action_bar_positions in 9.77ms
[ 19.754s] [EditMode] starting invoke_anchor_changed_hooks
[ 19.756s] [EditMode] finished invoke_anchor_changed_hooks in 1.99ms
[ 19.756s] [EditMode] starting fix_action_bar_nan_size
[ 19.756s] [EditMode] finished fix_action_bar_nan_size in 277.51µs
[ 19.756s] [EditMode] starting fix_action_bar_scale
[ 19.756s] [EditMode] finished fix_action_bar_scale in 31.20µs
[ 19.756s] [Workarounds] finished init_edit_mode_layout in 993.10ms
[ 19.756s] [Workarounds] starting patch_ui_parent_panel_toggles
[ 19.757s] [Workarounds] finished patch_ui_parent_panel_toggles in 1.48ms
[ 19.757s] [Workarounds] starting patch_uiparent_onupdate_worklists
[ 19.758s] [Workarounds] finished patch_uiparent_onupdate_worklists in 653.24µs
[ 19.758s] [Workarounds] starting init_chat_type_colors
[ 19.759s] [Workarounds] finished init_chat_type_colors in 574.08µs
[ 19.759s] [Workarounds] starting patch_chat_voice_button_surface
[ 19.759s] [Workarounds] finished patch_chat_voice_button_surface in 702.48µs
[ 19.759s] [Workarounds] starting patch_item_socketing_tooltips
[ 19.760s] [Workarounds] finished patch_item_socketing_tooltips in 373.86µs
[ 19.760s] [Workarounds] starting patch_character_select_selected_name
[ 19.760s] [Workarounds] finished patch_character_select_selected_name in 215.59µs
[ 19.760s] [Workarounds] starting patch_character_create_defaults
[ 19.761s] [Workarounds] finished patch_character_create_defaults in 1.54ms
[ 19.762s] [Workarounds] starting patch_character_frame_title_refresh
[ 19.798s] [Workarounds] finished patch_character_frame_title_refresh in 36.77ms
[ 19.798s] [Workarounds] starting patch_vignette_pin_template
[ 19.799s] [Workarounds] finished patch_vignette_pin_template in 518.78µs
[ 19.799s] [Workarounds] starting patch_fog_of_war_pin_mixin
[ 19.800s] [Workarounds] finished patch_fog_of_war_pin_mixin in 1.57ms
[ 19.800s] [Workarounds] starting patch_map_exploration_pin_mixin
[ 19.839s] [Workarounds] finished patch_map_exploration_pin_mixin in 38.31ms
[ 19.839s] [Workarounds] starting patch_map_canvas_data_provider_attachment
[ 19.839s] [Workarounds] finished patch_map_canvas_data_provider_attachment in 474.12µs
[ 19.839s] [Workarounds] starting ensure_adventure_map_frame_surface
[ 19.842s] [Workarounds] finished ensure_adventure_map_frame_surface in 2.66ms
[ 19.842s] [Workarounds] starting patch_action_bar_button_event_fanout
[ 19.843s] [Workarounds] finished patch_action_bar_button_event_fanout in 631.71µs
[ 19.843s] [Workarounds] starting patch_paging_controls_page_text
[ 19.843s] [Workarounds] finished patch_paging_controls_page_text in 240.28µs
[ 19.843s] [Workarounds] starting patch_talent_edge_frame_level_sync
[ 19.843s] [Workarounds] finished patch_talent_edge_frame_level_sync in 216.34µs
[ 19.843s] [Workarounds] starting patch_catalog_shop_product_card_defaults
[ 19.843s] [Workarounds] finished patch_catalog_shop_product_card_defaults in 398.64µs
[ 19.843s] [Workarounds] starting patch_game_time_defaults
[ 19.844s] [Workarounds] finished patch_game_time_defaults in 40.22µs
[ 19.844s] [Workarounds] starting patch_tooltip_nineslice_surface
[ 19.844s] [Workarounds] finished patch_tooltip_nineslice_surface in 276.35µs
[ 19.844s] [Workarounds] starting patch_container_frame_token_tracker
[ 19.844s] [Workarounds] finished patch_container_frame_token_tracker in 256.33µs
[ 19.844s] [Workarounds] starting patch_achievement_display_set_achievements
[ 19.844s] [Workarounds] finished patch_achievement_display_set_achievements in 47.24µs
[ 19.844s] [Workarounds] starting patch_housing_dashboard_preload
[ 19.845s] [Workarounds] finished patch_housing_dashboard_preload in 988.61µs
[ 19.845s] [Workarounds] starting patch_lfg_lock_list
[ 19.845s] [Workarounds] finished patch_lfg_lock_list in 202.23µs
[ 19.845s] [Workarounds] starting patch_auction_house_browse_results_event
[ 19.846s] [Workarounds] finished patch_auction_house_browse_results_event in 426.98µs
[ 19.846s] [Workarounds] starting patch_auction_house_search_context_aliases
[ 19.846s] [Workarounds] finished patch_auction_house_search_context_aliases in 196.56µs
[ 19.846s] [Workarounds] starting patch_auth_challenge_frame_parent
[ 19.846s] [Workarounds] finished patch_auth_challenge_frame_parent in 352.35µs
[ 19.846s] [Workarounds] starting patch_settings_surface_defaults
[ 19.849s] [Workarounds] finished patch_settings_surface_defaults in 2.26ms
[ 19.849s] [Workarounds] starting patch_settings_canvas_layout_visibility
[ 19.849s] [Workarounds] finished patch_settings_canvas_layout_visibility in 746.26µs
[ 19.849s] [Startup] apply_post_load_workarounds: workarounds complete
[ 20.167s] [Startup] apply_post_load_workarounds: globals restored
[ 20.169s] [Startup] apply_post_load_workarounds: patch 12.1 compatibility restored
[ 20.169s] [Startup] apply_post_load_workarounds: seterrorhandler restored
[ 20.613s] [Startup] begin login sequence
[ 20.613s] [Startup] Firing ADDON_LOADED
[ 20.614s] [Startup] Firing VARIABLES_LOADED
[ 21.167s] [Startup] Firing DISPLAY_SIZE_CHANGED
[ 21.333s] [Startup] Firing UI_SCALE_CHANGED
[ 21.340s] [Startup] Firing PLAYER_LOGIN
[ 21.340s] [Startup] end login sequence in 726.59ms
[ 21.340s] [Startup] begin world enter sequence
[ 21.340s] [Startup] Skipping EDIT_MODE_LAYOUTS_UPDATED
[ 21.340s] [Startup] Firing TIME_PLAYED_MSG via RequestTimePlayed
[ 21.340s] [Startup] Firing PLAYER_ENTERING_WORLD
[ 22.735s] [EditMode] starting setup_layout_info
[ 22.755s] [EditMode] finished setup_layout_info in 19.65ms
[ 22.755s] [EditMode] starting apply_system_anchors
[ 23.521s] [EditMode] finished apply_system_anchors in 766.02ms
[ 23.521s] [EditMode] starting finalize_action_bar_positions
[ 23.533s] [EditMode] finished finalize_action_bar_positions in 12.27ms
[ 23.533s] [EditMode] starting invoke_anchor_changed_hooks
[ 23.557s] [EditMode] finished invoke_anchor_changed_hooks in 24.04ms
[ 23.557s] [EditMode] starting fix_action_bar_nan_size
[ 23.558s] [EditMode] finished fix_action_bar_nan_size in 454.17µs
[ 23.558s] [EditMode] starting fix_action_bar_scale
[ 23.558s] [EditMode] finished fix_action_bar_scale in 43.27µs
[ 23.558s] [EditMode] starting reapply_player_frame_anchor
[ 23.565s] [EditMode] finished reapply_player_frame_anchor in 7.71ms
[ 23.621s] [Startup] end world enter sequence in 2.28s
[ 23.621s] [Startup] begin post-login events
[ 23.625s] [Startup] Firing UNIT_AURA
[ 23.630s] [Startup] Firing PET_UI_UPDATE
[ 23.637s] [Startup] Firing BAG_UPDATE_DELAYED
[ 23.649s] [Startup] Firing QUEST_LOG_UPDATE
[ 23.657s] [Startup] Firing GROUP_ROSTER_UPDATE
[ 24.220s] [Startup] Firing ACTIONBAR_UPDATE_STATE
[ 24.220s] [Startup] Firing ACTIONBAR_UPDATE_COOLDOWN
[ 24.225s] [Startup] Firing UPDATE_BONUS_ACTIONBAR
[ 24.302s] [Startup] Firing PLAYER_CAN_GLIDE_CHANGED
[ 24.302s] [Startup] Firing PLAYER_IS_GLIDING_CHANGED
[ 24.302s] [Startup] Firing UPDATE_BINDINGS
[ 24.321s] [Startup] Firing UPDATE_CHAT_WINDOWS
[ 24.335s] [Startup] Firing LFG_UPDATE_RANDOM_INFO
[ 24.339s] [Startup] end post-login events in 718.53ms
[ 24.339s] [Startup] begin close startup special windows
[ 24.341s] [Startup] end close startup special windows in 1.39ms
[ 24.341s] [Startup] begin FIRST_FRAME_RENDERED
[ 24.341s] [Startup] Firing FIRST_FRAME_RENDERED
[ 24.341s] [Startup] end FIRST_FRAME_RENDERED in 761.62µs
[ 24.342s] [Startup] begin unblock hidden splash alerts
[ 24.342s] [Startup] end unblock hidden splash alerts in 69.96µs
[ 24.342s] [Startup] begin post-event workarounds
[ 24.342s] [Startup] end post-event workarounds in 5.64µs
error: test failed, to rerun pass `--test prefork_full_ui`

Caused by:
  process didn't exit successfully: `/home/osso/.worktrees/wow-ui-sim-p905-page/target/debug/deps/prefork_full_ui-34a818a91c447c36 patch_9_0_5_cached_retirement` (exit status: 1)
