running 1 tests
test patch_9_0_5_cached_surfaces::patch_9_0_5_cached_retirement ... ok

test result: ok. 1 passed; 0 failed; 1 total
warning: iced-wgpu-patched/Cargo.toml: `lints.clippy.large-enum-variant` is deprecated in favor of `lints.clippy.large_enum_variant` and will not work in a future edition
warning: iced-wgpu-patched/Cargo.toml: `lints.clippy.map-entry` is deprecated in favor of `lints.clippy.map_entry` and will not work in a future edition
warning: iced-wgpu-patched/Cargo.toml: `lints.clippy.match-wildcard-for-single-variants` is deprecated in favor of `lints.clippy.match_wildcard_for_single_variants` and will not work in a future edition
warning: iced-wgpu-patched/Cargo.toml: `lints.clippy.redundant-closure-for-method-calls` is deprecated in favor of `lints.clippy.redundant_closure_for_method_calls` and will not work in a future edition
warning: iced-wgpu-patched/Cargo.toml: `lints.clippy.trivially-copy-pass-by-ref` is deprecated in favor of `lints.clippy.trivially_copy_pass_by_ref` and will not work in a future edition
warning: iced-wgpu-patched/Cargo.toml: `lints.clippy.type-complexity` is deprecated in favor of `lints.clippy.type_complexity` and will not work in a future edition
warning: `iced_wgpu` (manifest) generated 6 warnings
   Compiling wow-ui-sim v0.1.0 (/home/osso/.worktrees/wow-ui-sim-p905-page)
    Finished `test` profile [optimized + debuginfo] target(s) in 7m 57s
     Running tests/prefork_full_ui.rs (target/debug/deps/prefork_full_ui-34a818a91c447c36)
[  0.000s] [Startup] WowLuaEnv::new begin
[  0.010s] [Startup] SimState::default complete in 10.20ms
[  0.011s] [Startup] rilua VM created in 574.26µs
[  0.011s] [Startup] builtin frames initialized in 327.21µs
[  0.011s] [Startup] template registry cleared in 23.18µs
[  0.011s] [Startup] intrinsic templates registered in 27.67µs
[  0.011s] [Startup] initial app_data lua handle installed in 1.18µs
[  0.759s] [Startup] init_lua_state complete in 747.42ms
[  0.759s] [Startup] final app_data lua handle installed in 1.20µs
[  0.759s] [Startup] initial screen globals installed in 477.56µs
[  0.759s] [Startup] WowLuaEnv::new complete
[ 18.983s] [Startup] apply_post_load_workarounds: begin
[ 18.983s] [Workarounds] starting patch_edit_mode_manager
[ 18.986s] [Workarounds] finished patch_edit_mode_manager in 2.76ms
[ 18.986s] [Workarounds] starting init_edit_mode_layout
[ 18.986s] [EditMode] starting setup_layout_info
[ 19.007s] [EditMode] finished setup_layout_info in 20.55ms
[ 19.007s] [EditMode] starting apply_system_anchors
[ 19.966s] [EditMode] finished apply_system_anchors in 958.92ms
[ 19.966s] [EditMode] starting finalize_action_bar_positions
[ 19.976s] [EditMode] finished finalize_action_bar_positions in 9.91ms
[ 19.976s] [EditMode] starting invoke_anchor_changed_hooks
[ 19.978s] [EditMode] finished invoke_anchor_changed_hooks in 1.97ms
[ 19.978s] [EditMode] starting fix_action_bar_nan_size
[ 19.978s] [EditMode] finished fix_action_bar_nan_size in 281.09µs
[ 19.978s] [EditMode] starting fix_action_bar_scale
[ 19.978s] [EditMode] finished fix_action_bar_scale in 31.40µs
[ 19.978s] [Workarounds] finished init_edit_mode_layout in 991.83ms
[ 19.978s] [Workarounds] starting patch_ui_parent_panel_toggles
[ 19.980s] [Workarounds] finished patch_ui_parent_panel_toggles in 1.50ms
[ 19.980s] [Workarounds] starting patch_uiparent_onupdate_worklists
[ 19.980s] [Workarounds] finished patch_uiparent_onupdate_worklists in 656.21µs
[ 19.980s] [Workarounds] starting init_chat_type_colors
[ 19.981s] [Workarounds] finished init_chat_type_colors in 578.23µs
[ 19.981s] [Workarounds] starting patch_chat_voice_button_surface
[ 19.982s] [Workarounds] finished patch_chat_voice_button_surface in 1.04ms
[ 19.982s] [Workarounds] starting patch_item_socketing_tooltips
[ 19.983s] [Workarounds] finished patch_item_socketing_tooltips in 587.15µs
[ 19.983s] [Workarounds] starting patch_character_select_selected_name
[ 19.983s] [Workarounds] finished patch_character_select_selected_name in 276.48µs
[ 19.983s] [Workarounds] starting patch_character_create_defaults
[ 19.985s] [Workarounds] finished patch_character_create_defaults in 1.67ms
[ 19.985s] [Workarounds] starting patch_character_frame_title_refresh
[ 20.025s] [Workarounds] finished patch_character_frame_title_refresh in 40.77ms
[ 20.025s] [Workarounds] starting patch_vignette_pin_template
[ 20.026s] [Workarounds] finished patch_vignette_pin_template in 676.40µs
[ 20.026s] [Workarounds] starting patch_fog_of_war_pin_mixin
[ 20.029s] [Workarounds] finished patch_fog_of_war_pin_mixin in 2.86ms
[ 20.029s] [Workarounds] starting patch_map_exploration_pin_mixin
[ 20.078s] [Workarounds] finished patch_map_exploration_pin_mixin in 49.32ms
[ 20.078s] [Workarounds] starting patch_map_canvas_data_provider_attachment
[ 20.079s] [Workarounds] finished patch_map_canvas_data_provider_attachment in 591.05µs
[ 20.079s] [Workarounds] starting ensure_adventure_map_frame_surface
[ 20.083s] [Workarounds] finished ensure_adventure_map_frame_surface in 4.09ms
[ 20.083s] [Workarounds] starting patch_action_bar_button_event_fanout
[ 20.084s] [Workarounds] finished patch_action_bar_button_event_fanout in 956.22µs
[ 20.084s] [Workarounds] starting patch_paging_controls_page_text
[ 20.084s] [Workarounds] finished patch_paging_controls_page_text in 348.34µs
[ 20.084s] [Workarounds] starting patch_talent_edge_frame_level_sync
[ 20.085s] [Workarounds] finished patch_talent_edge_frame_level_sync in 248.91µs
[ 20.085s] [Workarounds] starting patch_catalog_shop_product_card_defaults
[ 20.085s] [Workarounds] finished patch_catalog_shop_product_card_defaults in 471.46µs
[ 20.085s] [Workarounds] starting patch_game_time_defaults
[ 20.085s] [Workarounds] finished patch_game_time_defaults in 56.69µs
[ 20.085s] [Workarounds] starting patch_tooltip_nineslice_surface
[ 20.086s] [Workarounds] finished patch_tooltip_nineslice_surface in 376.10µs
[ 20.086s] [Workarounds] starting patch_container_frame_token_tracker
[ 20.086s] [Workarounds] finished patch_container_frame_token_tracker in 304.67µs
[ 20.086s] [Workarounds] starting patch_achievement_display_set_achievements
[ 20.086s] [Workarounds] finished patch_achievement_display_set_achievements in 73.85µs
[ 20.086s] [Workarounds] starting patch_housing_dashboard_preload
[ 20.087s] [Workarounds] finished patch_housing_dashboard_preload in 1.13ms
[ 20.087s] [Workarounds] starting patch_lfg_lock_list
[ 20.088s] [Workarounds] finished patch_lfg_lock_list in 267.39µs
[ 20.088s] [Workarounds] starting patch_auction_house_browse_results_event
[ 20.088s] [Workarounds] finished patch_auction_house_browse_results_event in 491.76µs
[ 20.088s] [Workarounds] starting patch_auction_house_search_context_aliases
[ 20.088s] [Workarounds] finished patch_auction_house_search_context_aliases in 240.96µs
[ 20.088s] [Workarounds] starting patch_auth_challenge_frame_parent
[ 20.089s] [Workarounds] finished patch_auth_challenge_frame_parent in 435.54µs
[ 20.089s] [Workarounds] starting patch_settings_surface_defaults
[ 20.091s] [Workarounds] finished patch_settings_surface_defaults in 2.56ms
[ 20.091s] [Workarounds] starting patch_settings_canvas_layout_visibility
[ 20.092s] [Workarounds] finished patch_settings_canvas_layout_visibility in 868.15µs
[ 20.092s] [Startup] apply_post_load_workarounds: workarounds complete
[ 20.425s] [Startup] apply_post_load_workarounds: globals restored
[ 20.427s] [Startup] apply_post_load_workarounds: patch 12.1 compatibility restored
[ 20.427s] [Startup] apply_post_load_workarounds: seterrorhandler restored
[ 20.871s] [Startup] begin login sequence
[ 20.871s] [Startup] Firing ADDON_LOADED
[ 20.872s] [Startup] Firing VARIABLES_LOADED
[ 21.370s] [Startup] Firing DISPLAY_SIZE_CHANGED
[ 21.530s] [Startup] Firing UI_SCALE_CHANGED
[ 21.536s] [Startup] Firing PLAYER_LOGIN
[ 21.536s] [Startup] end login sequence in 664.85ms
[ 21.536s] [Startup] begin world enter sequence
[ 21.536s] [Startup] Skipping EDIT_MODE_LAYOUTS_UPDATED
[ 21.536s] [Startup] Firing TIME_PLAYED_MSG via RequestTimePlayed
[ 21.536s] [Startup] Firing PLAYER_ENTERING_WORLD
[ 22.817s] [EditMode] starting setup_layout_info
[ 22.837s] [EditMode] finished setup_layout_info in 19.47ms
[ 22.837s] [EditMode] starting apply_system_anchors
[ 23.550s] [EditMode] finished apply_system_anchors in 713.68ms
[ 23.550s] [EditMode] starting finalize_action_bar_positions
[ 23.562s] [EditMode] finished finalize_action_bar_positions in 11.79ms
[ 23.562s] [EditMode] starting invoke_anchor_changed_hooks
[ 23.586s] [EditMode] finished invoke_anchor_changed_hooks in 23.28ms
[ 23.586s] [EditMode] starting fix_action_bar_nan_size
[ 23.586s] [EditMode] finished fix_action_bar_nan_size in 330.49µs
[ 23.586s] [EditMode] starting fix_action_bar_scale
[ 23.586s] [EditMode] finished fix_action_bar_scale in 29.93µs
[ 23.586s] [EditMode] starting reapply_player_frame_anchor
[ 23.593s] [EditMode] finished reapply_player_frame_anchor in 7.09ms
[ 23.651s] [Startup] end world enter sequence in 2.11s
[ 23.651s] [Startup] begin post-login events
[ 23.656s] [Startup] Firing UNIT_AURA
[ 23.661s] [Startup] Firing PET_UI_UPDATE
[ 23.669s] [Startup] Firing BAG_UPDATE_DELAYED
[ 23.680s] [Startup] Firing QUEST_LOG_UPDATE
[ 23.686s] [Startup] Firing GROUP_ROSTER_UPDATE
[ 24.228s] [Startup] Firing ACTIONBAR_UPDATE_STATE
[ 24.228s] [Startup] Firing ACTIONBAR_UPDATE_COOLDOWN
[ 24.233s] [Startup] Firing UPDATE_BONUS_ACTIONBAR
[ 24.309s] [Startup] Firing PLAYER_CAN_GLIDE_CHANGED
[ 24.309s] [Startup] Firing PLAYER_IS_GLIDING_CHANGED
[ 24.309s] [Startup] Firing UPDATE_BINDINGS
[ 24.329s] [Startup] Firing UPDATE_CHAT_WINDOWS
[ 24.341s] [Startup] Firing LFG_UPDATE_RANDOM_INFO
[ 24.345s] [Startup] end post-login events in 694.82ms
[ 24.346s] [Startup] begin close startup special windows
[ 24.347s] [Startup] end close startup special windows in 1.38ms
[ 24.347s] [Startup] begin FIRST_FRAME_RENDERED
[ 24.347s] [Startup] Firing FIRST_FRAME_RENDERED
[ 24.348s] [Startup] end FIRST_FRAME_RENDERED in 761.45µs
[ 24.348s] [Startup] begin unblock hidden splash alerts
[ 24.348s] [Startup] end unblock hidden splash alerts in 67.38µs
[ 24.348s] [Startup] begin post-event workarounds
[ 24.348s] [Startup] end post-event workarounds in 5.01µs
