test_every_omission_reordering_and_foreign_credit_rejected (__main__.SuccessorAccounting.test_every_omission_reordering_and_foreign_credit_rejected) ... FAIL
test_exact_order_and_literal_overlaps (__main__.SuccessorAccounting.test_exact_order_and_literal_overlaps) ... FAIL
test_frozen_queue_ledger_and_original_seals_unchanged (__main__.SuccessorAccounting.test_frozen_queue_ledger_and_original_seals_unchanged) ... FAIL

======================================================================
FAIL: test_every_omission_reordering_and_foreign_credit_rejected (__main__.SuccessorAccounting.test_every_omission_reordering_and_foreign_credit_rejected)
----------------------------------------------------------------------
Traceback (most recent call last):
  File "/home/osso/.worktrees/wow-ui-sim-p1132-page/data/patch-api/evidence/1.13.2-session-2026-10-09/test_successors.py", line 29, in test_every_omission_reordering_and_foreign_credit_rejected
    module, original = self.application()
                       ~~~~~~~~~~~~~~~~^^
  File "/home/osso/.worktrees/wow-ui-sim-p1132-page/data/patch-api/evidence/1.13.2-session-2026-10-09/test_successors.py", line 11, in application
    self.assertTrue((E / 'successor-application.json').is_file(), 'separate actual successor receipt absent')
    ~~~~~~~~~~~~~~~^^^^^^^^^^^^^^^^^^^^^^^^^^^^^^^^^^^^^^^^^^^^^^^^^^^^^^^^^^^^^^^^^^^^^^^^^^^^^^^^^^^^^^^^^^
AssertionError: False is not true : separate actual successor receipt absent

======================================================================
FAIL: test_exact_order_and_literal_overlaps (__main__.SuccessorAccounting.test_exact_order_and_literal_overlaps)
----------------------------------------------------------------------
Traceback (most recent call last):
  File "/home/osso/.worktrees/wow-ui-sim-p1132-page/data/patch-api/evidence/1.13.2-session-2026-10-09/test_successors.py", line 18, in test_exact_order_and_literal_overlaps
    module, d = self.application()
                ~~~~~~~~~~~~~~~~^^
  File "/home/osso/.worktrees/wow-ui-sim-p1132-page/data/patch-api/evidence/1.13.2-session-2026-10-09/test_successors.py", line 11, in application
    self.assertTrue((E / 'successor-application.json').is_file(), 'separate actual successor receipt absent')
    ~~~~~~~~~~~~~~~^^^^^^^^^^^^^^^^^^^^^^^^^^^^^^^^^^^^^^^^^^^^^^^^^^^^^^^^^^^^^^^^^^^^^^^^^^^^^^^^^^^^^^^^^^
AssertionError: False is not true : separate actual successor receipt absent

======================================================================
FAIL: test_frozen_queue_ledger_and_original_seals_unchanged (__main__.SuccessorAccounting.test_frozen_queue_ledger_and_original_seals_unchanged)
----------------------------------------------------------------------
Traceback (most recent call last):
  File "/home/osso/.worktrees/wow-ui-sim-p1132-page/data/patch-api/evidence/1.13.2-session-2026-10-09/test_successors.py", line 47, in test_frozen_queue_ledger_and_original_seals_unchanged
    self.application()
    ~~~~~~~~~~~~~~~~^^
  File "/home/osso/.worktrees/wow-ui-sim-p1132-page/data/patch-api/evidence/1.13.2-session-2026-10-09/test_successors.py", line 11, in application
    self.assertTrue((E / 'successor-application.json').is_file(), 'separate actual successor receipt absent')
    ~~~~~~~~~~~~~~~^^^^^^^^^^^^^^^^^^^^^^^^^^^^^^^^^^^^^^^^^^^^^^^^^^^^^^^^^^^^^^^^^^^^^^^^^^^^^^^^^^^^^^^^^^
AssertionError: False is not true : separate actual successor receipt absent

----------------------------------------------------------------------
Ran 3 tests in 0.001s

FAILED (failures=3)
