
running 1 test
test patch_9_0_1_classic_surfaces::patch_9_0_1_mists_preserves_legacy_lookup ... ok

test result: ok. 1 passed; 0 failed; 0 ignored; 0 measured; 8160 filtered out; finished in 0.30s

warning: iced-wgpu-patched/Cargo.toml: `lints.clippy.large-enum-variant` is deprecated in favor of `lints.clippy.large_enum_variant` and will not work in a future edition
warning: iced-wgpu-patched/Cargo.toml: `lints.clippy.map-entry` is deprecated in favor of `lints.clippy.map_entry` and will not work in a future edition
warning: iced-wgpu-patched/Cargo.toml: `lints.clippy.match-wildcard-for-single-variants` is deprecated in favor of `lints.clippy.match_wildcard_for_single_variants` and will not work in a future edition
warning: iced-wgpu-patched/Cargo.toml: `lints.clippy.redundant-closure-for-method-calls` is deprecated in favor of `lints.clippy.redundant_closure_for_method_calls` and will not work in a future edition
warning: iced-wgpu-patched/Cargo.toml: `lints.clippy.trivially-copy-pass-by-ref` is deprecated in favor of `lints.clippy.trivially_copy_pass_by_ref` and will not work in a future edition
warning: iced-wgpu-patched/Cargo.toml: `lints.clippy.type-complexity` is deprecated in favor of `lints.clippy.type_complexity` and will not work in a future edition
warning: `iced_wgpu` (manifest) generated 6 warnings
   Compiling wow-ui-sim v0.1.0 (/home/osso/.worktrees/wow-ui-sim-p901-page)
    Finished `test` profile [optimized + debuginfo] target(s) in 5m 52s
     Running tests/integration.rs (target/debug/deps/integration-ffd649b41b2c85a7)
[  0.000s] [Startup] WowLuaEnv::new begin
[  0.004s] [Startup] SimState::default complete in 3.59ms
[  0.004s] [Startup] rilua VM created in 208.42µs
[  0.004s] [Startup] builtin frames initialized in 142.44µs
[  0.004s] [Startup] template registry cleared in 10.36µs
[  0.006s] [Startup] intrinsic templates registered in 2.24ms
[  0.006s] [Startup] initial app_data lua handle installed in 792.00ns
[  0.286s] [Startup] init_lua_state complete in 279.30ms
[  0.286s] [Startup] final app_data lua handle installed in 401.00ns
[  0.286s] [Startup] initial screen globals installed in 198.29µs
[  0.286s] [Startup] WowLuaEnv::new complete
