running 1 tests
test patch_9_0_1_publication_sweep::patch_9_0_1_publication_sweep ... FAILED (panic: assertion `left == right` failed: new gaps: ["wt-events-CURSOR_CHANGED-777"]; resolved/stale gaps: []
  left: {"wt-cvars-GamePadListDevices-939", "wt-cvars-GxIsPrism-940", "wt-cvars-GxLogFlush-941", "wt-cvars-MemUsageDetailed-945", "wt-cvars-SetGraphicsQuality-942", "wt-cvars-SetGraphicsQualityRAID-943", "wt-cvars-TakeScreenshot-944", "wt-cvars-enable-938", "wt-cvars-vrsParticles-934", "wt-cvars-vrsWorldGeo-935", "wt-events-CURSOR_CHANGED-777", "wt-events-SOULBIND_CONDUITS_RESET-806", "wt-global-api-AddQuestWatch-571", "wt-global-api-C_BarberShop.GetCurrentCost-176", "wt-global-api-C_CampaignInfo.GetAvailableCampaigns-192", "wt-global-api-C_CampaignInfo.GetChapterIDs-194", "wt-global-api-C_CampaignInfo.GetCurrentChapterID-195", "wt-global-api-C_CampaignInfo.GetFailureReason-196", "wt-global-api-C_ChatInfo.GetMentorChannelID-205", "wt-global-api-C_Commentator.AssignPlayerToTeam-213", "wt-global-api-C_Commentator.AssignPlayersToTeam-214", "wt-global-api-C_Commentator.AssignPlayersToTeamInCurrentInstance-215", "wt-global-api-C_Commentator.FindSpectatedUnit-216", "wt-global-api-C_Commentator.FindTeamNameInCurrentInstance-217", "wt-global-api-C_Commentator.FindTeamNameInDirectory-218", "wt-global-api-C_Commentator.FlushCommentatorHistory-219", "wt-global-api-C_Commentator.GetCommentatorHistory-220", "wt-global-api-C_Commentator.GetOrCreateSeries-221", "wt-global-api-C_Commentator.GetPlayerAuraInfoByUnit-222", "wt-global-api-C_Commentator.GetPlayerCooldownInfoByUnit-223", "wt-global-api-C_Commentator.GetPlayerData-224", "wt-global-api-C_Commentator.GetPlayerFlagInfoByUnit-225", "wt-global-api-C_Commentator.GetPlayerInfo-576", "wt-global-api-C_Commentator.GetPlayerSpellChargesByUnit-226", "wt-global-api-C_Commentator.GetTeamColor-227", "wt-global-api-C_Commentator.GetTeamColorByUnit-228", "wt-global-api-C_Commentator.GetTrackedSpellsByUnit-229", "wt-global-api-C_Commentator.GetUnitData-230", "wt-global-api-C_Commentator.IsTrackedSpellByUnit-231", "wt-global-api-C_Commentator.ResetSeriesScores-232", "wt-global-api-C_Commentator.ResetSettings-233", "wt-global-api-C_Commentator.SetCommentatorHistory-234", "wt-global-api-C_Commentator.SetSeriesScore-235", "wt-global-api-C_Commentator.SetSeriesScores-236", "wt-global-api-C_CovenantCallings.AreCallingsUnlocked-237", "wt-global-api-C_CovenantPreview.CloseFromUI-239", "wt-global-api-C_CovenantPreview.GetCovenantInfoForPlayerChoiceResponseID-240", "wt-global-api-C_CovenantSanctumUI.GetRenownLevel-245", "wt-global-api-C_CovenantSanctumUI.GetRenownMilestones-246", "wt-global-api-C_CovenantSanctumUI.GetSanctumType-248", "wt-global-api-C_CurrencyInfo.ExpandCurrencyList-253", "wt-global-api-C_CurrencyInfo.GetCurrencyLink-257", "wt-global-api-C_CurrencyInfo.GetCurrencyListLink-259", "wt-global-api-C_CurrencyInfo.PickupCurrency-261", "wt-global-api-C_CurrencyInfo.SetCurrencyBackpack-262", "wt-global-api-C_CurrencyInfo.SetCurrencyUnused-263", "wt-global-api-C_GamePad.ApplyConfigs-270", "wt-global-api-C_GamePad.AxisIndexToConfigName-271", "wt-global-api-C_GamePad.ButtonBindingToIndex-272", "wt-global-api-C_GamePad.ButtonIndexToBinding-273", "wt-global-api-C_GamePad.ButtonIndexToConfigName-274", "wt-global-api-C_GamePad.DeleteConfig-275", "wt-global-api-C_GamePad.GetActiveDeviceID-276", "wt-global-api-C_GamePad.GetAllConfigIDs-277", "wt-global-api-C_GamePad.GetAllDeviceIDs-278", "wt-global-api-C_GamePad.GetCombinedDeviceID-279", "wt-global-api-C_GamePad.GetConfig-280", "wt-global-api-C_GamePad.GetDeviceMappedState-281", "wt-global-api-C_GamePad.GetDeviceRawState-282", "wt-global-api-C_GamePad.IsEnabled-283", "wt-global-api-C_GamePad.SetConfig-284", "wt-global-api-C_GamePad.StickIndexToConfigName-285", "wt-global-api-C_Garrison.GetAutoCombatDamageClassValues-286", "wt-global-api-C_Garrison.GetAutoMissionBoardState-287", "wt-global-api-C_Garrison.GetAutoMissionTargetingInfo-288", "wt-global-api-C_Garrison.GetAutoTroops-289", "wt-global-api-C_Garrison.GetCombatLogSpellInfo-290", "wt-global-api-C_Garrison.GetFollowerAutoCombatSpells-291", "wt-global-api-C_Garrison.GetFollowerAutoCombatStats-292", "wt)

test result: FAILED. 0 passed; 1 failed; 1 total
warning: iced-wgpu-patched/Cargo.toml: `lints.clippy.large-enum-variant` is deprecated in favor of `lints.clippy.large_enum_variant` and will not work in a future edition
warning: iced-wgpu-patched/Cargo.toml: `lints.clippy.map-entry` is deprecated in favor of `lints.clippy.map_entry` and will not work in a future edition
warning: iced-wgpu-patched/Cargo.toml: `lints.clippy.match-wildcard-for-single-variants` is deprecated in favor of `lints.clippy.match_wildcard_for_single_variants` and will not work in a future edition
warning: iced-wgpu-patched/Cargo.toml: `lints.clippy.redundant-closure-for-method-calls` is deprecated in favor of `lints.clippy.redundant_closure_for_method_calls` and will not work in a future edition
warning: iced-wgpu-patched/Cargo.toml: `lints.clippy.trivially-copy-pass-by-ref` is deprecated in favor of `lints.clippy.trivially_copy_pass_by_ref` and will not work in a future edition
warning: iced-wgpu-patched/Cargo.toml: `lints.clippy.type-complexity` is deprecated in favor of `lints.clippy.type_complexity` and will not work in a future edition
warning: `iced_wgpu` (manifest) generated 6 warnings
    Finished `test` profile [optimized + debuginfo] target(s) in 0.44s
     Running tests/prefork_full_ui.rs (target/debug/deps/prefork_full_ui-34a818a91c447c36)
[  0.000s] [Startup] WowLuaEnv::new begin
[  0.003s] [Startup] SimState::default complete in 2.86ms
[  0.003s] [Startup] rilua VM created in 152.32µs
[  0.003s] [Startup] builtin frames initialized in 107.61µs
[  0.003s] [Startup] template registry cleared in 8.62µs
[  0.003s] [Startup] intrinsic templates registered in 9.69µs
[  0.003s] [Startup] initial app_data lua handle installed in 321.00ns
[  0.158s] [Startup] init_lua_state complete in 154.41ms
[  0.158s] [Startup] final app_data lua handle installed in 271.00ns
[  0.158s] [Startup] initial screen globals installed in 102.88µs
[  0.158s] [Startup] WowLuaEnv::new complete
[  3.737s] [Startup] apply_post_load_workarounds: begin
[  3.737s] [Workarounds] starting patch_edit_mode_manager
[  3.738s] [Workarounds] finished patch_edit_mode_manager in 524.59µs
[  3.738s] [Workarounds] starting init_edit_mode_layout
[  3.738s] [EditMode] starting setup_layout_info
[  3.743s] [EditMode] finished setup_layout_info in 5.53ms
[  3.743s] [EditMode] starting apply_system_anchors
[  3.982s] [EditMode] finished apply_system_anchors in 238.72ms
[  3.982s] [EditMode] starting finalize_action_bar_positions
[  3.985s] [EditMode] finished finalize_action_bar_positions in 2.86ms
[  3.985s] [EditMode] starting invoke_anchor_changed_hooks
[  3.986s] [EditMode] finished invoke_anchor_changed_hooks in 561.62µs
[  3.986s] [EditMode] starting fix_action_bar_nan_size
[  3.986s] [EditMode] finished fix_action_bar_nan_size in 68.33µs
[  3.986s] [EditMode] starting fix_action_bar_scale
[  3.986s] [EditMode] finished fix_action_bar_scale in 7.08µs
[  3.986s] [Workarounds] finished init_edit_mode_layout in 247.80ms
[  3.986s] [Workarounds] starting patch_ui_parent_panel_toggles
[  3.986s] [Workarounds] finished patch_ui_parent_panel_toggles in 357.00µs
[  3.986s] [Workarounds] starting patch_uiparent_onupdate_worklists
[  3.986s] [Workarounds] finished patch_uiparent_onupdate_worklists in 146.62µs
[  3.986s] [Workarounds] starting init_chat_type_colors
[  3.986s] [Workarounds] finished init_chat_type_colors in 162.10µs
[  3.986s] [Workarounds] starting patch_chat_voice_button_surface
[  3.987s] [Workarounds] finished patch_chat_voice_button_surface in 184.00µs
[  3.987s] [Workarounds] starting patch_item_socketing_tooltips
[  3.987s] [Workarounds] finished patch_item_socketing_tooltips in 154.84µs
[  3.987s] [Workarounds] starting patch_character_select_selected_name
[  3.987s] [Workarounds] finished patch_character_select_selected_name in 59.25µs
[  3.987s] [Workarounds] starting patch_character_create_defaults
[  3.987s] [Workarounds] finished patch_character_create_defaults in 341.48µs
[  3.987s] [Workarounds] starting patch_character_frame_title_refresh
[  3.996s] [Workarounds] finished patch_character_frame_title_refresh in 8.72ms
[  3.996s] [Workarounds] starting patch_vignette_pin_template
[  3.996s] [Workarounds] finished patch_vignette_pin_template in 163.63µs
[  3.996s] [Workarounds] starting patch_fog_of_war_pin_mixin
[  3.996s] [Workarounds] finished patch_fog_of_war_pin_mixin in 459.42µs
[  3.996s] [Workarounds] starting patch_map_exploration_pin_mixin
[  4.005s] [Workarounds] finished patch_map_exploration_pin_mixin in 8.80ms
[  4.005s] [Workarounds] starting patch_map_canvas_data_provider_attachment
[  4.005s] [Workarounds] finished patch_map_canvas_data_provider_attachment in 125.93µs
[  4.005s] [Workarounds] starting ensure_adventure_map_frame_surface
[  4.006s] [Workarounds] finished ensure_adventure_map_frame_surface in 809.18µs
[  4.006s] [Workarounds] starting patch_action_bar_button_event_fanout
[  4.006s] [Workarounds] finished patch_action_bar_button_event_fanout in 169.80µs
[  4.006s] [Workarounds] starting patch_paging_controls_page_text
[  4.006s] [Workarounds] finished patch_paging_controls_page_text in 64.72µs
[  4.006s] [Workarounds] starting patch_talent_edge_frame_level_sync
[  4.007s] [Workarounds] finished patch_talent_edge_frame_level_sync in 48.96µs
[  4.007s] [Workarounds] starting patch_catalog_shop_product_card_defaults
[  4.007s] [Workarounds] finished patch_catalog_shop_product_card_defaults in 103.48µs
[  4.007s] [Workarounds] starting patch_game_time_defaults
[  4.007s] [Workarounds] finished patch_game_time_defaults in 12.21µs
[  4.007s] [Workarounds] starting patch_tooltip_nineslice_surface
[  4.007s] [Workarounds] finished patch_tooltip_nineslice_surface in 69.30µs
[  4.007s] [Workarounds] starting patch_container_frame_token_tracker
[  4.007s] [Workarounds] finished patch_container_frame_token_tracker in 72.35µs
[  4.007s] [Workarounds] starting patch_achievement_display_set_achievements
[  4.007s] [Workarounds] finished patch_achievement_display_set_achievements in 13.18µs
[  4.007s] [Workarounds] starting patch_housing_dashboard_preload
[  4.007s] [Workarounds] finished patch_housing_dashboard_preload in 272.46µs
[  4.007s] [Workarounds] starting patch_lfg_lock_list
[  4.007s] [Workarounds] finished patch_lfg_lock_list in 58.86µs
[  4.007s] [Workarounds] starting patch_auction_house_browse_results_event
[  4.007s] [Workarounds] finished patch_auction_house_browse_results_event in 99.98µs
[  4.007s] [Workarounds] starting patch_auction_house_search_context_aliases
[  4.007s] [Workarounds] finished patch_auction_house_search_context_aliases in 45.78µs
[  4.007s] [Workarounds] starting patch_auth_challenge_frame_parent
[  4.007s] [Workarounds] finished patch_auth_challenge_frame_parent in 118.66µs
[  4.007s] [Workarounds] starting patch_settings_surface_defaults
[  4.008s] [Workarounds] finished patch_settings_surface_defaults in 562.62µs
[  4.008s] [Workarounds] starting patch_settings_canvas_layout_visibility
[  4.008s] [Workarounds] finished patch_settings_canvas_layout_visibility in 172.62µs
[  4.008s] [Startup] apply_post_load_workarounds: workarounds complete
[  4.109s] [Startup] apply_post_load_workarounds: globals restored
[  4.110s] [Startup] apply_post_load_workarounds: patch 12.1 compatibility restored
[  4.110s] [Startup] apply_post_load_workarounds: seterrorhandler restored
[  4.276s] [Startup] begin login sequence
[  4.276s] [Startup] Firing ADDON_LOADED
[  4.276s] [Startup] Firing VARIABLES_LOADED
[  4.426s] [Startup] Firing DISPLAY_SIZE_CHANGED
[  4.483s] [Startup] Firing UI_SCALE_CHANGED
[  4.485s] [Startup] Firing PLAYER_LOGIN
[  4.485s] [Startup] end login sequence in 209.25ms
[  4.485s] [Startup] begin world enter sequence
[  4.485s] [Startup] Skipping EDIT_MODE_LAYOUTS_UPDATED
[  4.485s] [Startup] Firing TIME_PLAYED_MSG via RequestTimePlayed
[  4.485s] [Startup] Firing PLAYER_ENTERING_WORLD
[  4.839s] [EditMode] starting setup_layout_info
[  4.845s] [EditMode] finished setup_layout_info in 5.60ms
[  4.845s] [EditMode] starting apply_system_anchors
[  5.124s] [EditMode] finished apply_system_anchors in 279.19ms
[  5.124s] [EditMode] starting finalize_action_bar_positions
[  5.130s] [EditMode] finished finalize_action_bar_positions in 5.65ms
[  5.130s] [EditMode] starting invoke_anchor_changed_hooks
[  5.143s] [EditMode] finished invoke_anchor_changed_hooks in 13.56ms
[  5.143s] [EditMode] starting fix_action_bar_nan_size
[  5.143s] [EditMode] finished fix_action_bar_nan_size in 179.48µs
[  5.143s] [EditMode] starting fix_action_bar_scale
[  5.143s] [EditMode] finished fix_action_bar_scale in 10.71µs
[  5.143s] [EditMode] starting reapply_player_frame_anchor
[  5.147s] [EditMode] finished reapply_player_frame_anchor in 3.32ms
[  5.167s] [Startup] end world enter sequence in 682.00ms
[  5.167s] [Startup] begin post-login events
[  5.169s] [Startup] Firing UNIT_AURA
[  5.171s] [Startup] Firing PET_UI_UPDATE
[  5.175s] [Startup] Firing BAG_UPDATE_DELAYED
[  5.178s] [Startup] Firing QUEST_LOG_UPDATE
[  5.181s] [Startup] Firing GROUP_ROSTER_UPDATE
[  5.395s] [Startup] Firing ACTIONBAR_UPDATE_STATE
[  5.395s] [Startup] Firing ACTIONBAR_UPDATE_COOLDOWN
[  5.397s] [Startup] Firing UPDATE_BONUS_ACTIONBAR
[  5.420s] [Startup] Firing PLAYER_CAN_GLIDE_CHANGED
[  5.420s] [Startup] Firing PLAYER_IS_GLIDING_CHANGED
[  5.420s] [Startup] Firing UPDATE_BINDINGS
[  5.427s] [Startup] Firing UPDATE_CHAT_WINDOWS
[  5.433s] [Startup] Firing LFG_UPDATE_RANDOM_INFO
[  5.434s] [Startup] end post-login events in 267.26ms
[  5.434s] [Startup] begin close startup special windows
[  5.435s] [Startup] end close startup special windows in 526.43µs
[  5.435s] [Startup] begin FIRST_FRAME_RENDERED
[  5.435s] [Startup] Firing FIRST_FRAME_RENDERED
[  5.435s] [Startup] end FIRST_FRAME_RENDERED in 319.01µs
[  5.435s] [Startup] begin unblock hidden splash alerts
[  5.435s] [Startup] end unblock hidden splash alerts in 27.32µs
[  5.435s] [Startup] begin post-event workarounds
[  5.435s] [Startup] end post-event workarounds in 1.28µs

thread 'main' (1030425) panicked at /home/osso/.worktrees/wow-ui-sim-p901-page/tests/common/publication_sweep.rs:503:5:
assertion `left == right` failed: new gaps: ["wt-events-CURSOR_CHANGED-777"]; resolved/stale gaps: []
  left: {"wt-cvars-GamePadListDevices-939", "wt-cvars-GxIsPrism-940", "wt-cvars-GxLogFlush-941", "wt-cvars-MemUsageDetailed-945", "wt-cvars-SetGraphicsQuality-942", "wt-cvars-SetGraphicsQualityRAID-943", "wt-cvars-TakeScreenshot-944", "wt-cvars-enable-938", "wt-cvars-vrsParticles-934", "wt-cvars-vrsWorldGeo-935", "wt-events-CURSOR_CHANGED-777", "wt-events-SOULBIND_CONDUITS_RESET-806", "wt-global-api-AddQuestWatch-571", "wt-global-api-C_BarberShop.GetCurrentCost-176", "wt-global-api-C_CampaignInfo.GetAvailableCampaigns-192", "wt-global-api-C_CampaignInfo.GetChapterIDs-194", "wt-global-api-C_CampaignInfo.GetCurrentChapterID-195", "wt-global-api-C_CampaignInfo.GetFailureReason-196", "wt-global-api-C_ChatInfo.GetMentorChannelID-205", "wt-global-api-C_Commentator.AssignPlayerToTeam-213", "wt-global-api-C_Commentator.AssignPlayersToTeam-214", "wt-global-api-C_Commentator.AssignPlayersToTeamInCurrentInstance-215", "wt-global-api-C_Commentator.FindSpectatedUnit-216", "wt-global-api-C_Commentator.FindTeamNameInCurrentInstance-217", "wt-global-api-C_Commentator.FindTeamNameInDirectory-218", "wt-global-api-C_Commentator.FlushCommentatorHistory-219", "wt-global-api-C_Commentator.GetCommentatorHistory-220", "wt-global-api-C_Commentator.GetOrCreateSeries-221", "wt-global-api-C_Commentator.GetPlayerAuraInfoByUnit-222", "wt-global-api-C_Commentator.GetPlayerCooldownInfoByUnit-223", "wt-global-api-C_Commentator.GetPlayerData-224", "wt-global-api-C_Commentator.GetPlayerFlagInfoByUnit-225", "wt-global-api-C_Commentator.GetPlayerInfo-576", "wt-global-api-C_Commentator.GetPlayerSpellChargesByUnit-226", "wt-global-api-C_Commentator.GetTeamColor-227", "wt-global-api-C_Commentator.GetTeamColorByUnit-228", "wt-global-api-C_Commentator.GetTrackedSpellsByUnit-229", "wt-global-api-C_Commentator.GetUnitData-230", "wt-global-api-C_Commentator.IsTrackedSpellByUnit-231", "wt-global-api-C_Commentator.ResetSeriesScores-232", "wt-global-api-C_Commentator.ResetSettings-233", "wt-global-api-C_Commentator.SetCommentatorHistory-234", "wt-global-api-C_Commentator.SetSeriesScore-235", "wt-global-api-C_Commentator.SetSeriesScores-236", "wt-global-api-C_CovenantCallings.AreCallingsUnlocked-237", "wt-global-api-C_CovenantPreview.CloseFromUI-239", "wt-global-api-C_CovenantPreview.GetCovenantInfoForPlayerChoiceResponseID-240", "wt-global-api-C_CovenantSanctumUI.GetRenownLevel-245", "wt-global-api-C_CovenantSanctumUI.GetRenownMilestones-246", "wt-global-api-C_CovenantSanctumUI.GetSanctumType-248", "wt-global-api-C_CurrencyInfo.ExpandCurrencyList-253", "wt-global-api-C_CurrencyInfo.GetCurrencyLink-257", "wt-global-api-C_CurrencyInfo.GetCurrencyListLink-259", "wt-global-api-C_CurrencyInfo.PickupCurrency-261", "wt-global-api-C_CurrencyInfo.SetCurrencyBackpack-262", "wt-global-api-C_CurrencyInfo.SetCurrencyUnused-263", "wt-global-api-C_GamePad.ApplyConfigs-270", "wt-global-api-C_GamePad.AxisIndexToConfigName-271", "wt-global-api-C_GamePad.ButtonBindingToIndex-272", "wt-global-api-C_GamePad.ButtonIndexToBinding-273", "wt-global-api-C_GamePad.ButtonIndexToConfigName-274", "wt-global-api-C_GamePad.DeleteConfig-275", "wt-global-api-C_GamePad.GetActiveDeviceID-276", "wt-global-api-C_GamePad.GetAllConfigIDs-277", "wt-global-api-C_GamePad.GetAllDeviceIDs-278", "wt-global-api-C_GamePad.GetCombinedDeviceID-279", "wt-global-api-C_GamePad.GetConfig-280", "wt-global-api-C_GamePad.GetDeviceMappedState-281", "wt-global-api-C_GamePad.GetDeviceRawState-282", "wt-global-api-C_GamePad.IsEnabled-283", "wt-global-api-C_GamePad.SetConfig-284", "wt-global-api-C_GamePad.StickIndexToConfigName-285", "wt-global-api-C_Garrison.GetAutoCombatDamageClassValues-286", "wt-global-api-C_Garrison.GetAutoMissionBoardState-287", "wt-global-api-C_Garrison.GetAutoMissionTargetingInfo-288", "wt-global-api-C_Garrison.GetAutoTroops-289", "wt-global-api-C_Garrison.GetCombatLogSpellInfo-290", "wt-global-api-C_Garrison.GetFollowerAutoCombatSpells-291", "wt-global-api-C_Garrison.GetFollowerAutoCombatStats-292", "wt-global-api-C_Garrison.GetMissionDeploymentInfo-293", "wt-global-api-C_Garrison.GetMissionEncounterIconInfo-294", "wt-global-api-C_Garrison.GetTalent-579", "wt-global-api-C_Garrison.GetTalentTreeInfo-296", "wt-global-api-C_Garrison.GetTalentTreeResetInfo-297", "wt-global-api-C_Garrison.IsTalentConditionMet-298", "wt-global-api-C_Garrison.RegenerateCombatLog-299", "wt-global-api-C_Garrison.RushHealFollower-300", "wt-global-api-C_Garrison.SetAutoCombatSpellFastForward-301", "wt-global-api-C_GossipInfo.ForceGossip-303", "wt-global-api-C_GossipInfo.GetNumActiveQuests-306", "wt-global-api-C_GossipInfo.GetNumAvailableQuests-307", "wt-global-api-C_GossipInfo.GetNumOptions-308", "wt-global-api-C_GossipInfo.GetPoiInfo-311", "wt-global-api-C_GossipInfo.SelectOption-315", "wt-global-api-C_Item.DoesItemMatchBonusTreeReplacement-316", "wt-global-api-C_Item.IsItemKeystoneByID-317", "wt-global-api-C_LFGInfo.CanPlayerUsePVP-321", "wt-global-api-C_LegendaryCrafting.CloseRuneforgeInteraction-325", "wt-global-api-C_LegendaryCrafting.CraftRuneforgeLegendary-326", "wt-global-api-C_LegendaryCrafting.GetRuneforgeItemPreviewInfo-327", "wt-global-api-C_LegendaryCrafting.GetRuneforgeLegendaryComponentInfo-328", "wt-global-api-C_LegendaryCrafting.GetRuneforgeLegendaryCost-329", "wt-global-api-C_LegendaryCrafting.GetRuneforgeLegendaryCraftSpellID-330", "wt-global-api-C_LegendaryCrafting.GetRuneforgeLegendaryCurrencies-331", "wt-global-api-C_LegendaryCrafting.GetRuneforgeLegendaryUpgradeCost-332", "wt-global-api-C_LegendaryCrafting.GetRuneforgeModifierInfo-333", "wt-global-api-C_LegendaryCrafting.GetRuneforgeModifiers-334", "wt-global-api-C_LegendaryCrafting.GetRuneforgePowerInfo-335", "wt-global-api-C_LegendaryCrafting.GetRuneforgePowerSlots-336", "wt-global-api-C_LegendaryCrafting.GetRuneforgePowers-337", "wt-global-api-C_LegendaryCrafting.IsRuneforgeLegendary-339", "wt-global-api-C_LegendaryCrafting.IsRuneforgeLegendaryMaxLevel-340", "wt-global-api-C_LegendaryCrafting.IsUpgradeItemValidForRuneforgeLegendary-341", "wt-global-api-C_LegendaryCrafting.IsValidRuneforgeBaseItem-342", "wt-global-api-C_LegendaryCrafting.MakeRuneforgeCraftDescription-343", "wt-global-api-C_LegendaryCrafting.UpgradeRuneforgeLegendary-344", "wt-global-api-C_LevelSquish.ConvertFollowerLevel-345", "wt-global-api-C_LevelSquish.ConvertPlayerLevel-346", "wt-global-api-C_LootJournal.GetClassAndSpecFilters-584", "wt-global-api-C_LootJournal.SetClassAndSpecFilters-587", "wt-global-api-C_LoreText.RequestLoreTextForCampaignID-347", "wt-global-api-C_LossOfControl.GetEventInfo-588", "wt-global-api-C_LossOfControl.GetNumEvents-589", "wt-global-api-C_Map.CanSetUserWaypointOnMap-352", "wt-global-api-C_Map.ClearUserWaypoint-353", "wt-global-api-C_Map.GetUserWaypoint-355", "wt-global-api-C_Map.GetUserWaypointFromHyperlink-356", "wt-global-api-C_Map.GetUserWaypointHyperlink-357", "wt-global-api-C_Map.GetUserWaypointPositionForMap-358", "wt-global-api-C_Map.HasUserWaypoint-359", "wt-global-api-C_Map.SetUserWaypoint-361", "wt-global-api-C_Minimap.GetDrawGroundTextures-362", "wt-global-api-C_Minimap.GetUiMapID-363", "wt-global-api-C_Minimap.IsRotateMinimapIgnored-365", "wt-global-api-C_Minimap.SetDrawGroundTextures-366", "wt-global-api-C_Minimap.SetIgnoreRotateMinimap-367", "wt-global-api-C_PlayerInfo.CanPlayerEnterChromieTime-380", "wt-global-api-C_PlayerInfo.CanPlayerUseAreaLoot-381", "wt-global-api-C_PlayerInfo.GetContentDifficultyQuestForPlayer-384", "wt-global-api-C_PlayerInfo.IsPlayerEligibleForNPEv2-386", "wt-global-api-C_PlayerInfo.IsPlayerInChromieTime-387", "wt-global-api-C_PlayerMentorship.GetMentorLevelRequirement-389", "wt-global-api-C_PlayerMentorship.IsActivePlayerConsideredNewcomer-392", "wt-global-api-C_PlayerMentorship.IsMentorRestricted-393", "wt-global-api-C_PvP.CanPlayerUseRatedPVPUI-394", "wt-global-api-C_PvP.GetBattlefieldVehicleInfo-395", "wt-global-api-C_PvP.GetBattlefieldVehicles-396", "wt-global-api-C_PvP.GetLevelUpBattlegrounds-397", "wt-global-api-C_PvP.GetPvpTierID-398", "wt-global-api-C_QuestChoice.GetQuestChoiceInfo-591", "wt-global-api-C_QuestChoice.GetQuestChoiceOptionInfo-592", "wt-global-api-C_QuestLine.IsComplete-399", "wt-global-api-C_QuestLog.AbandonQuest-400", "wt-global-api-C_QuestLog.AddWorldQuestWatch-402", "wt-global-api-C_QuestLog.CanAbandonQuest-403", "wt-global-api-C_QuestLog.GetAbandonQuest-404", "wt-global-api-C_QuestLog.GetAbandonQuestItems-405", "wt-global-api-C_QuestLog.GetBountiesForMapID-407", "wt-global-api-C_QuestLog.GetDistanceSqToQuest-409", "wt-global-api-C_QuestLog.GetQuestInfo-593", "wt-global-api-C_QuestLog.GetQuestWatchType-421", "wt-global-api-C_QuestLog.GetTitleForLogIndex-426", "wt-global-api-C_QuestLog.IsAccountQuest-428", "wt-global-api-C_QuestLog.IsQuestCriteriaForBounty-435", "wt-global-api-C_QuestLog.IsQuestInvasion-436", "wt-global-api-C_QuestLog.IsUnitOnQuest-439", "wt-global-api-C_QuestLog.RemoveWorldQuestWatch-443", "wt-global-api-C_QuestLog.SetAbandonQuest-444", "wt-global-api-C_QuestSession.GetProposedMaxLevelForSession-447", "wt-global-api-C_ReportSystem.CanReportPlayerForLanguage-448", "wt-global-api-C_ReportSystem.ReportStuckInCombat-449", "wt-global-api-C_Soulbinds.ActivateSoulbind-451", "wt-global-api-C_Soulbinds.AddPendingConduit-452", "wt-global-api-C_Soulbinds.CanActivateSoulbind-453", "wt-global-api-C_Soulbinds.CanModifySoulbind-454", "wt-global-api-C_Soulbinds.CanResetConduitsInSoulbind-455", "wt-global-api-C_Soulbinds.CloseUI-456", "wt-global-api-C_Soulbinds.CommitPendingConduitsInSoulbind-457", "wt-global-api-C_Soulbinds.GetConduitCollectionDataAtCursor-461", "wt-global-api-C_Soulbinds.GetConduitHyperlink-462", "wt-global-api-C_Soulbinds.GetConduitQuality-464", "wt-global-api-C_Soulbinds.GetConduitSpellID-465", "wt-global-api-C_Soulbinds.GetNode-466", "wt-global-api-C_Soulbinds.GetPendingConduitID-467", "wt-global-api-C_Soulbinds.GetPendingNodeIDInSoulbind-468", "wt-global-api-C_Soulbinds.GetTree-470", "wt-global-api-C_Soulbinds.HasAnyInstalledConduitInSoulbind-471", "wt-global-api-C_Soulbinds.HasAnyPendingConduits-472", "wt-global-api-C_Soulbinds.HasPendingConduitInSoulbind-473", "wt-global-api-C_Soulbinds.HasPendingConduitsInSoulbind-474", "wt-global-api-C_Soulbinds.IsConduitInstalledInSoulbind-476", "wt-global-api-C_Soulbinds.IsItemConduitByItemInfo-477", "wt-global-api-C_Soulbinds.IsUnselectedConduitPendingInSoulbind-478", "wt-global-api-C_Soulbinds.MatchesCurrentSpecSet-479", "wt-global-api-C_Soulbinds.RemovePendingConduit-480", "wt-global-api-C_Soulbinds.ResetSoulbindConduits-481", "wt-global-api-C_Soulbinds.SelectNode-482", "wt-global-api-C_SpecializationInfo.CanPlayerUsePVPTalentUI-483", "wt-global-api-C_Spell.GetMawPowerRarityStringAndBorderAtlasBySpellID-486", "wt-global-api-C_SpellBook.GetSkillLineIndexByID-487", "wt-global-api-C_SplashScreen.AcknowledgeSplash-488", "wt-global-api-C_SplashScreen.CanViewSplashScreen-489", "wt-global-api-C_SplashScreen.RequestLatestSplashScreen-490", "wt-global-api-C_StableInfo.GetNumActivePets-491", "wt-global-api-C_StableInfo.GetNumStablePets-492", "wt-global-api-C_SuperTrack.IsSuperTrackingCorpse-496", "wt-global-api-C_SuperTrack.IsSuperTrackingQuest-497", "wt-global-api-C_SuperTrack.IsSuperTrackingUserWaypoint-498", "wt-global-api-C_SuperTrack.SetSuperTrackedUserWaypoint-500", "wt-global-api-C_TaskQuest.GetDistanceSqToQuest-594", "wt-global-api-C_TradeSkillUI.GetOptionalReagentBonusText-502", "wt-global-api-C_TradeSkillUI.GetOptionalReagentInfo-503", "wt-global-api-C_Transmog.GetItemIDForSource-506", "wt-global-api-C_UIWidgetManager.GetDiscreteProgressStepsVisualizationInfo-509", "wt-global-api-C_UIWidgetManager.GetScenarioHeaderTimerWidgetVisualizationInfo-510", "wt-global-api-C_UIWidgetManager.GetTextureWithAnimationVisualizationInfo-511", "wt-global-api-C_UIWidgetManager.GetWidgetLayoutDirectionFromWidgetSetID-512", "wt-global-api-C_UIWidgetManager.RegisterUnitForWidgetUpdates-513", "wt-global-api-C_UIWidgetManager.SetProcessingUnit-514", "wt-global-api-C_UIWidgetManager.UnregisterUnitForWidgetUpdates-515", "wt-global-api-C_UserFeedback.SubmitBug-516", "wt-global-api-C_UserFeedback.SubmitSuggestion-517", "wt-global-api-C_VoiceChat.GetJoinClubVoiceChannelError-518", "wt-global-api-C_WeeklyRewards.ClaimReward-520", "wt-global-api-C_WeeklyRewards.CloseInteraction-521", "wt-global-api-C_WeeklyRewards.GetExampleRewardItemHyperlinks-524", "wt-global-api-C_WeeklyRewards.GetItemHyperlink-525", "wt-global-api-C_WeeklyRewards.HasGeneratedRewards-527", "wt-global-api-CanAbandonQuest-596", "wt-global-api-CanGamePadControlCursor-530", "wt-global-api-CenterCamera-531", "wt-global-api-EJ_GetLootInfoByIndex-601", "wt-global-api-GetAbandonQuestItems-609", "wt-global-api-GetAbandonQuestName-610", "wt-global-api-GetJailersTowerLevel-535", "wt-global-api-GetNumQuestLogEntries-628", "wt-global-api-GetNumQuestWatches-629", "wt-global-api-GetPlayerAuraBySpellID-539", "wt-global-api-GetQuestIndexForWatch-638", "wt-global-api-GetQuestLogChoiceInfoLootType-541", "wt-global-api-GetQuestLogIndexByID-640", "wt-global-api-GetQuestLogPushable-642", "wt-global-api-GetQuestLogRequiredMoney-643", "wt-global-api-GetQuestLogSelection-644", "wt-global-api-GetQuestLogTitle-646", "wt-global-api-GetQuestWatchIndex-649", "wt-global-api-GetUnitChargedPowerPoints-544", "wt-global-api-IsGamePadCursorControlEnabled-546", "wt-global-api-IsGamePadFreelookEnabled-547", "wt-global-api-IsLeftMetaKeyDown-549", "wt-global-api-IsQuestComplete-660", "wt-global-api-IsQuestWatched-665", "wt-global-api-IsRightMetaKeyDown-552", "wt-global-api-IsUnitOnQuest-666", "wt-global-api-ProcessExceptionClient-553", "wt-global-api-QuestPOIGetQuestIDByVisibleIndex-673", "wt-global-api-RemoveQuestWatch-674", "wt-global-api-RequestBottomLeftActionBar-554", "wt-global-api-SelectGossipOption-679", "wt-global-api-SelectQuestLogEntry-680", "wt-global-api-SendSubscriptionInterstitialResponse-556", "wt-global-api-SetAbandonQuest-682", "wt-global-api-SetCursorVirtualItem-557", "wt-global-api-SetGamePadFreeLook-559", "wt-global-api-SortQuestWatches-687", "wt-global-api-UnitChromieTimeID-562", "wt-global-api-UnitInPartyShard-563", "wt-global-api-UnitNameplateShowsWidgetsOnly-564", "wt-global-api-UnitQuestTrivialLevelRange-566", "wt-global-api-UnitQuestTrivialLevelRangeScaling-567", "wt-widgets-Frame OnGamePadButtonDown-729", "wt-widgets-Frame OnGamePadButtonUp-730", "wt-widgets-ModelSceneActor:GetParticleOverrideScale-724", "wt-widgets-ModelSceneActor:SetParticleOverrideScale-725"}
 right: {"wt-cvars-GamePadListDevices-939", "wt-cvars-GxIsPrism-940", "wt-cvars-GxLogFlush-941", "wt-cvars-MemUsageDetailed-945", "wt-cvars-SetGraphicsQuality-942", "wt-cvars-SetGraphicsQualityRAID-943", "wt-cvars-TakeScreenshot-944", "wt-cvars-enable-938", "wt-cvars-vrsParticles-934", "wt-cvars-vrsWorldGeo-935", "wt-events-SOULBIND_CONDUITS_RESET-806", "wt-global-api-AddQuestWatch-571", "wt-global-api-C_BarberShop.GetCurrentCost-176", "wt-global-api-C_CampaignInfo.GetAvailableCampaigns-192", "wt-global-api-C_CampaignInfo.GetChapterIDs-194", "wt-global-api-C_CampaignInfo.GetCurrentChapterID-195", "wt-global-api-C_CampaignInfo.GetFailureReason-196", "wt-global-api-C_ChatInfo.GetMentorChannelID-205", "wt-global-api-C_Commentator.AssignPlayerToTeam-213", "wt-global-api-C_Commentator.AssignPlayersToTeam-214", "wt-global-api-C_Commentator.AssignPlayersToTeamInCurrentInstance-215", "wt-global-api-C_Commentator.FindSpectatedUnit-216", "wt-global-api-C_Commentator.FindTeamNameInCurrentInstance-217", "wt-global-api-C_Commentator.FindTeamNameInDirectory-218", "wt-global-api-C_Commentator.FlushCommentatorHistory-219", "wt-global-api-C_Commentator.GetCommentatorHistory-220", "wt-global-api-C_Commentator.GetOrCreateSeries-221", "wt-global-api-C_Commentator.GetPlayerAuraInfoByUnit-222", "wt-global-api-C_Commentator.GetPlayerCooldownInfoByUnit-223", "wt-global-api-C_Commentator.GetPlayerData-224", "wt-global-api-C_Commentator.GetPlayerFlagInfoByUnit-225", "wt-global-api-C_Commentator.GetPlayerInfo-576", "wt-global-api-C_Commentator.GetPlayerSpellChargesByUnit-226", "wt-global-api-C_Commentator.GetTeamColor-227", "wt-global-api-C_Commentator.GetTeamColorByUnit-228", "wt-global-api-C_Commentator.GetTrackedSpellsByUnit-229", "wt-global-api-C_Commentator.GetUnitData-230", "wt-global-api-C_Commentator.IsTrackedSpellByUnit-231", "wt-global-api-C_Commentator.ResetSeriesScores-232", "wt-global-api-C_Commentator.ResetSettings-233", "wt-global-api-C_Commentator.SetCommentatorHistory-234", "wt-global-api-C_Commentator.SetSeriesScore-235", "wt-global-api-C_Commentator.SetSeriesScores-236", "wt-global-api-C_CovenantCallings.AreCallingsUnlocked-237", "wt-global-api-C_CovenantPreview.CloseFromUI-239", "wt-global-api-C_CovenantPreview.GetCovenantInfoForPlayerChoiceResponseID-240", "wt-global-api-C_CovenantSanctumUI.GetRenownLevel-245", "wt-global-api-C_CovenantSanctumUI.GetRenownMilestones-246", "wt-global-api-C_CovenantSanctumUI.GetSanctumType-248", "wt-global-api-C_CurrencyInfo.ExpandCurrencyList-253", "wt-global-api-C_CurrencyInfo.GetCurrencyLink-257", "wt-global-api-C_CurrencyInfo.GetCurrencyListLink-259", "wt-global-api-C_CurrencyInfo.PickupCurrency-261", "wt-global-api-C_CurrencyInfo.SetCurrencyBackpack-262", "wt-global-api-C_CurrencyInfo.SetCurrencyUnused-263", "wt-global-api-C_GamePad.ApplyConfigs-270", "wt-global-api-C_GamePad.AxisIndexToConfigName-271", "wt-global-api-C_GamePad.ButtonBindingToIndex-272", "wt-global-api-C_GamePad.ButtonIndexToBinding-273", "wt-global-api-C_GamePad.ButtonIndexToConfigName-274", "wt-global-api-C_GamePad.DeleteConfig-275", "wt-global-api-C_GamePad.GetActiveDeviceID-276", "wt-global-api-C_GamePad.GetAllConfigIDs-277", "wt-global-api-C_GamePad.GetAllDeviceIDs-278", "wt-global-api-C_GamePad.GetCombinedDeviceID-279", "wt-global-api-C_GamePad.GetConfig-280", "wt-global-api-C_GamePad.GetDeviceMappedState-281", "wt-global-api-C_GamePad.GetDeviceRawState-282", "wt-global-api-C_GamePad.IsEnabled-283", "wt-global-api-C_GamePad.SetConfig-284", "wt-global-api-C_GamePad.StickIndexToConfigName-285", "wt-global-api-C_Garrison.GetAutoCombatDamageClassValues-286", "wt-global-api-C_Garrison.GetAutoMissionBoardState-287", "wt-global-api-C_Garrison.GetAutoMissionTargetingInfo-288", "wt-global-api-C_Garrison.GetAutoTroops-289", "wt-global-api-C_Garrison.GetCombatLogSpellInfo-290", "wt-global-api-C_Garrison.GetFollowerAutoCombatSpells-291", "wt-global-api-C_Garrison.GetFollowerAutoCombatStats-292", "wt-global-api-C_Garrison.GetMissionDeploymentInfo-293", "wt-global-api-C_Garrison.GetMissionEncounterIconInfo-294", "wt-global-api-C_Garrison.GetTalent-579", "wt-global-api-C_Garrison.GetTalentTreeInfo-296", "wt-global-api-C_Garrison.GetTalentTreeResetInfo-297", "wt-global-api-C_Garrison.IsTalentConditionMet-298", "wt-global-api-C_Garrison.RegenerateCombatLog-299", "wt-global-api-C_Garrison.RushHealFollower-300", "wt-global-api-C_Garrison.SetAutoCombatSpellFastForward-301", "wt-global-api-C_GossipInfo.ForceGossip-303", "wt-global-api-C_GossipInfo.GetNumActiveQuests-306", "wt-global-api-C_GossipInfo.GetNumAvailableQuests-307", "wt-global-api-C_GossipInfo.GetNumOptions-308", "wt-global-api-C_GossipInfo.GetPoiInfo-311", "wt-global-api-C_GossipInfo.SelectOption-315", "wt-global-api-C_Item.DoesItemMatchBonusTreeReplacement-316", "wt-global-api-C_Item.IsItemKeystoneByID-317", "wt-global-api-C_LFGInfo.CanPlayerUsePVP-321", "wt-global-api-C_LegendaryCrafting.CloseRuneforgeInteraction-325", "wt-global-api-C_LegendaryCrafting.CraftRuneforgeLegendary-326", "wt-global-api-C_LegendaryCrafting.GetRuneforgeItemPreviewInfo-327", "wt-global-api-C_LegendaryCrafting.GetRuneforgeLegendaryComponentInfo-328", "wt-global-api-C_LegendaryCrafting.GetRuneforgeLegendaryCost-329", "wt-global-api-C_LegendaryCrafting.GetRuneforgeLegendaryCraftSpellID-330", "wt-global-api-C_LegendaryCrafting.GetRuneforgeLegendaryCurrencies-331", "wt-global-api-C_LegendaryCrafting.GetRuneforgeLegendaryUpgradeCost-332", "wt-global-api-C_LegendaryCrafting.GetRuneforgeModifierInfo-333", "wt-global-api-C_LegendaryCrafting.GetRuneforgeModifiers-334", "wt-global-api-C_LegendaryCrafting.GetRuneforgePowerInfo-335", "wt-global-api-C_LegendaryCrafting.GetRuneforgePowerSlots-336", "wt-global-api-C_LegendaryCrafting.GetRuneforgePowers-337", "wt-global-api-C_LegendaryCrafting.IsRuneforgeLegendary-339", "wt-global-api-C_LegendaryCrafting.IsRuneforgeLegendaryMaxLevel-340", "wt-global-api-C_LegendaryCrafting.IsUpgradeItemValidForRuneforgeLegendary-341", "wt-global-api-C_LegendaryCrafting.IsValidRuneforgeBaseItem-342", "wt-global-api-C_LegendaryCrafting.MakeRuneforgeCraftDescription-343", "wt-global-api-C_LegendaryCrafting.UpgradeRuneforgeLegendary-344", "wt-global-api-C_LevelSquish.ConvertFollowerLevel-345", "wt-global-api-C_LevelSquish.ConvertPlayerLevel-346", "wt-global-api-C_LootJournal.GetClassAndSpecFilters-584", "wt-global-api-C_LootJournal.SetClassAndSpecFilters-587", "wt-global-api-C_LoreText.RequestLoreTextForCampaignID-347", "wt-global-api-C_LossOfControl.GetEventInfo-588", "wt-global-api-C_LossOfControl.GetNumEvents-589", "wt-global-api-C_Map.CanSetUserWaypointOnMap-352", "wt-global-api-C_Map.ClearUserWaypoint-353", "wt-global-api-C_Map.GetUserWaypoint-355", "wt-global-api-C_Map.GetUserWaypointFromHyperlink-356", "wt-global-api-C_Map.GetUserWaypointHyperlink-357", "wt-global-api-C_Map.GetUserWaypointPositionForMap-358", "wt-global-api-C_Map.HasUserWaypoint-359", "wt-global-api-C_Map.SetUserWaypoint-361", "wt-global-api-C_Minimap.GetDrawGroundTextures-362", "wt-global-api-C_Minimap.GetUiMapID-363", "wt-global-api-C_Minimap.IsRotateMinimapIgnored-365", "wt-global-api-C_Minimap.SetDrawGroundTextures-366", "wt-global-api-C_Minimap.SetIgnoreRotateMinimap-367", "wt-global-api-C_PlayerInfo.CanPlayerEnterChromieTime-380", "wt-global-api-C_PlayerInfo.CanPlayerUseAreaLoot-381", "wt-global-api-C_PlayerInfo.GetContentDifficultyQuestForPlayer-384", "wt-global-api-C_PlayerInfo.IsPlayerEligibleForNPEv2-386", "wt-global-api-C_PlayerInfo.IsPlayerInChromieTime-387", "wt-global-api-C_PlayerMentorship.GetMentorLevelRequirement-389", "wt-global-api-C_PlayerMentorship.IsActivePlayerConsideredNewcomer-392", "wt-global-api-C_PlayerMentorship.IsMentorRestricted-393", "wt-global-api-C_PvP.CanPlayerUseRatedPVPUI-394", "wt-global-api-C_PvP.GetBattlefieldVehicleInfo-395", "wt-global-api-C_PvP.GetBattlefieldVehicles-396", "wt-global-api-C_PvP.GetLevelUpBattlegrounds-397", "wt-global-api-C_PvP.GetPvpTierID-398", "wt-global-api-C_QuestChoice.GetQuestChoiceInfo-591", "wt-global-api-C_QuestChoice.GetQuestChoiceOptionInfo-592", "wt-global-api-C_QuestLine.IsComplete-399", "wt-global-api-C_QuestLog.AbandonQuest-400", "wt-global-api-C_QuestLog.AddWorldQuestWatch-402", "wt-global-api-C_QuestLog.CanAbandonQuest-403", "wt-global-api-C_QuestLog.GetAbandonQuest-404", "wt-global-api-C_QuestLog.GetAbandonQuestItems-405", "wt-global-api-C_QuestLog.GetBountiesForMapID-407", "wt-global-api-C_QuestLog.GetDistanceSqToQuest-409", "wt-global-api-C_QuestLog.GetQuestInfo-593", "wt-global-api-C_QuestLog.GetQuestWatchType-421", "wt-global-api-C_QuestLog.GetTitleForLogIndex-426", "wt-global-api-C_QuestLog.IsAccountQuest-428", "wt-global-api-C_QuestLog.IsQuestCriteriaForBounty-435", "wt-global-api-C_QuestLog.IsQuestInvasion-436", "wt-global-api-C_QuestLog.IsUnitOnQuest-439", "wt-global-api-C_QuestLog.RemoveWorldQuestWatch-443", "wt-global-api-C_QuestLog.SetAbandonQuest-444", "wt-global-api-C_QuestSession.GetProposedMaxLevelForSession-447", "wt-global-api-C_ReportSystem.CanReportPlayerForLanguage-448", "wt-global-api-C_ReportSystem.ReportStuckInCombat-449", "wt-global-api-C_Soulbinds.ActivateSoulbind-451", "wt-global-api-C_Soulbinds.AddPendingConduit-452", "wt-global-api-C_Soulbinds.CanActivateSoulbind-453", "wt-global-api-C_Soulbinds.CanModifySoulbind-454", "wt-global-api-C_Soulbinds.CanResetConduitsInSoulbind-455", "wt-global-api-C_Soulbinds.CloseUI-456", "wt-global-api-C_Soulbinds.CommitPendingConduitsInSoulbind-457", "wt-global-api-C_Soulbinds.GetConduitCollectionDataAtCursor-461", "wt-global-api-C_Soulbinds.GetConduitHyperlink-462", "wt-global-api-C_Soulbinds.GetConduitQuality-464", "wt-global-api-C_Soulbinds.GetConduitSpellID-465", "wt-global-api-C_Soulbinds.GetNode-466", "wt-global-api-C_Soulbinds.GetPendingConduitID-467", "wt-global-api-C_Soulbinds.GetPendingNodeIDInSoulbind-468", "wt-global-api-C_Soulbinds.GetTree-470", "wt-global-api-C_Soulbinds.HasAnyInstalledConduitInSoulbind-471", "wt-global-api-C_Soulbinds.HasAnyPendingConduits-472", "wt-global-api-C_Soulbinds.HasPendingConduitInSoulbind-473", "wt-global-api-C_Soulbinds.HasPendingConduitsInSoulbind-474", "wt-global-api-C_Soulbinds.IsConduitInstalledInSoulbind-476", "wt-global-api-C_Soulbinds.IsItemConduitByItemInfo-477", "wt-global-api-C_Soulbinds.IsUnselectedConduitPendingInSoulbind-478", "wt-global-api-C_Soulbinds.MatchesCurrentSpecSet-479", "wt-global-api-C_Soulbinds.RemovePendingConduit-480", "wt-global-api-C_Soulbinds.ResetSoulbindConduits-481", "wt-global-api-C_Soulbinds.SelectNode-482", "wt-global-api-C_SpecializationInfo.CanPlayerUsePVPTalentUI-483", "wt-global-api-C_Spell.GetMawPowerRarityStringAndBorderAtlasBySpellID-486", "wt-global-api-C_SpellBook.GetSkillLineIndexByID-487", "wt-global-api-C_SplashScreen.AcknowledgeSplash-488", "wt-global-api-C_SplashScreen.CanViewSplashScreen-489", "wt-global-api-C_SplashScreen.RequestLatestSplashScreen-490", "wt-global-api-C_StableInfo.GetNumActivePets-491", "wt-global-api-C_StableInfo.GetNumStablePets-492", "wt-global-api-C_SuperTrack.IsSuperTrackingCorpse-496", "wt-global-api-C_SuperTrack.IsSuperTrackingQuest-497", "wt-global-api-C_SuperTrack.IsSuperTrackingUserWaypoint-498", "wt-global-api-C_SuperTrack.SetSuperTrackedUserWaypoint-500", "wt-global-api-C_TaskQuest.GetDistanceSqToQuest-594", "wt-global-api-C_TradeSkillUI.GetOptionalReagentBonusText-502", "wt-global-api-C_TradeSkillUI.GetOptionalReagentInfo-503", "wt-global-api-C_Transmog.GetItemIDForSource-506", "wt-global-api-C_UIWidgetManager.GetDiscreteProgressStepsVisualizationInfo-509", "wt-global-api-C_UIWidgetManager.GetScenarioHeaderTimerWidgetVisualizationInfo-510", "wt-global-api-C_UIWidgetManager.GetTextureWithAnimationVisualizationInfo-511", "wt-global-api-C_UIWidgetManager.GetWidgetLayoutDirectionFromWidgetSetID-512", "wt-global-api-C_UIWidgetManager.RegisterUnitForWidgetUpdates-513", "wt-global-api-C_UIWidgetManager.SetProcessingUnit-514", "wt-global-api-C_UIWidgetManager.UnregisterUnitForWidgetUpdates-515", "wt-global-api-C_UserFeedback.SubmitBug-516", "wt-global-api-C_UserFeedback.SubmitSuggestion-517", "wt-global-api-C_VoiceChat.GetJoinClubVoiceChannelError-518", "wt-global-api-C_WeeklyRewards.ClaimReward-520", "wt-global-api-C_WeeklyRewards.CloseInteraction-521", "wt-global-api-C_WeeklyRewards.GetExampleRewardItemHyperlinks-524", "wt-global-api-C_WeeklyRewards.GetItemHyperlink-525", "wt-global-api-C_WeeklyRewards.HasGeneratedRewards-527", "wt-global-api-CanAbandonQuest-596", "wt-global-api-CanGamePadControlCursor-530", "wt-global-api-CenterCamera-531", "wt-global-api-EJ_GetLootInfoByIndex-601", "wt-global-api-GetAbandonQuestItems-609", "wt-global-api-GetAbandonQuestName-610", "wt-global-api-GetJailersTowerLevel-535", "wt-global-api-GetNumQuestLogEntries-628", "wt-global-api-GetNumQuestWatches-629", "wt-global-api-GetPlayerAuraBySpellID-539", "wt-global-api-GetQuestIndexForWatch-638", "wt-global-api-GetQuestLogChoiceInfoLootType-541", "wt-global-api-GetQuestLogIndexByID-640", "wt-global-api-GetQuestLogPushable-642", "wt-global-api-GetQuestLogRequiredMoney-643", "wt-global-api-GetQuestLogSelection-644", "wt-global-api-GetQuestLogTitle-646", "wt-global-api-GetQuestWatchIndex-649", "wt-global-api-GetUnitChargedPowerPoints-544", "wt-global-api-IsGamePadCursorControlEnabled-546", "wt-global-api-IsGamePadFreelookEnabled-547", "wt-global-api-IsLeftMetaKeyDown-549", "wt-global-api-IsQuestComplete-660", "wt-global-api-IsQuestWatched-665", "wt-global-api-IsRightMetaKeyDown-552", "wt-global-api-IsUnitOnQuest-666", "wt-global-api-ProcessExceptionClient-553", "wt-global-api-QuestPOIGetQuestIDByVisibleIndex-673", "wt-global-api-RemoveQuestWatch-674", "wt-global-api-RequestBottomLeftActionBar-554", "wt-global-api-SelectGossipOption-679", "wt-global-api-SelectQuestLogEntry-680", "wt-global-api-SendSubscriptionInterstitialResponse-556", "wt-global-api-SetAbandonQuest-682", "wt-global-api-SetCursorVirtualItem-557", "wt-global-api-SetGamePadFreeLook-559", "wt-global-api-SortQuestWatches-687", "wt-global-api-UnitChromieTimeID-562", "wt-global-api-UnitInPartyShard-563", "wt-global-api-UnitNameplateShowsWidgetsOnly-564", "wt-global-api-UnitQuestTrivialLevelRange-566", "wt-global-api-UnitQuestTrivialLevelRangeScaling-567", "wt-widgets-Frame OnGamePadButtonDown-729", "wt-widgets-Frame OnGamePadButtonUp-730", "wt-widgets-ModelSceneActor:GetParticleOverrideScale-724", "wt-widgets-ModelSceneActor:SetParticleOverrideScale-725"}
note: run with `RUST_BACKTRACE=1` environment variable to display a backtrace
error: test failed, to rerun pass `--test prefork_full_ui`

Caused by:
  process didn't exit successfully: `/home/osso/.worktrees/wow-ui-sim-p901-page/target/debug/deps/prefork_full_ui-34a818a91c447c36 patch_9_0_1_publication_sweep --nocapture` (exit status: 1)
