{
  "historical_seals": 18,
  "totals": {
    "nonblank_rows": 37,
    "contracts": 14,
    "explicit_api_reference_occurrences": 4,
    "distinct_api_names": 2,
    "cvar_argument_occurrences": 3,
    "chat_command_occurrences": 3,
    "event_occurrences": 0,
    "widget_method_occurrences": 0,
    "enumerated_inventory_entries": 0,
    "numerical_inventory_headers": 0,
    "explicit_signature_declarations": 0,
    "partial_call_examples": 3,
    "partial_return_removal_notes": 1,
    "prose_contracts": 8,
    "unexpanded_linked_contracts": 2,
    "runtime_observations": 0,
    "model_observations": 0,
    "native_observations": 0
  }
}
