running 1 tests
test patch_8_3_7_publication_sweep::patch_8_3_7_publication_sweep ... FAILED (panic: assertion `left == right` failed: new gaps: []; resolved/stale gaps: ["wt-global-api-GetAreaText-9"]
  left: {}
 right: {"wt-global-api-GetAreaText-9"})
---- patch_8_3_7_publication_sweep::patch_8_3_7_publication_sweep stderr ----

thread 'main' (1166486) panicked at /home/osso/.worktrees/wow-ui-sim-p83x-page/tests/common/publication_sweep.rs:503:5:
assertion `left == right` failed: new gaps: []; resolved/stale gaps: ["wt-global-api-GetAreaText-9"]
  left: {}
 right: {"wt-global-api-GetAreaText-9"}
note: run with `RUST_BACKTRACE=1` environment variable to display a backtrace

test result: FAILED. 0 passed; 1 failed; 1 total
warning: iced-wgpu-patched/Cargo.toml: `lints.clippy.large-enum-variant` is deprecated in favor of `lints.clippy.large_enum_variant` and will not work in a future edition
warning: iced-wgpu-patched/Cargo.toml: `lints.clippy.map-entry` is deprecated in favor of `lints.clippy.map_entry` and will not work in a future edition
warning: iced-wgpu-patched/Cargo.toml: `lints.clippy.match-wildcard-for-single-variants` is deprecated in favor of `lints.clippy.match_wildcard_for_single_variants` and will not work in a future edition
warning: iced-wgpu-patched/Cargo.toml: `lints.clippy.redundant-closure-for-method-calls` is deprecated in favor of `lints.clippy.redundant_closure_for_method_calls` and will not work in a future edition
warning: iced-wgpu-patched/Cargo.toml: `lints.clippy.trivially-copy-pass-by-ref` is deprecated in favor of `lints.clippy.trivially_copy_pass_by_ref` and will not work in a future edition
warning: iced-wgpu-patched/Cargo.toml: `lints.clippy.type-complexity` is deprecated in favor of `lints.clippy.type_complexity` and will not work in a future edition
warning: `iced_wgpu` (manifest) generated 6 warnings
    Finished `test` profile [optimized + debuginfo] target(s) in 0.35s
     Running tests/prefork_full_ui.rs (target/debug/deps/prefork_full_ui-34a818a91c447c36)
[  0.000s] [Startup] WowLuaEnv::new begin
[  0.003s] [Startup] SimState::default complete in 3.32ms
[  0.004s] [Startup] rilua VM created in 160.01µs
[  0.004s] [Startup] builtin frames initialized in 107.84µs
[  0.004s] [Startup] template registry cleared in 11.05µs
[  0.004s] [Startup] intrinsic templates registered in 10.94µs
[  0.004s] [Startup] initial app_data lua handle installed in 1.07µs
[  0.201s] [Startup] init_lua_state complete in 197.81ms
[  0.201s] [Startup] final app_data lua handle installed in 250.00ns
[  0.202s] [Startup] initial screen globals installed in 125.14µs
[  0.202s] [Startup] WowLuaEnv::new complete
[  4.291s] [Startup] apply_post_load_workarounds: begin
[  4.291s] [Workarounds] starting patch_edit_mode_manager
[  4.291s] [Workarounds] finished patch_edit_mode_manager in 685.46µs
[  4.291s] [Workarounds] starting init_edit_mode_layout
[  4.291s] [EditMode] starting setup_layout_info
[  4.299s] [EditMode] finished setup_layout_info in 7.31ms
[  4.299s] [EditMode] starting apply_system_anchors
[  4.587s] [EditMode] finished apply_system_anchors in 288.56ms
[  4.587s] [EditMode] starting finalize_action_bar_positions
[  4.590s] [EditMode] finished finalize_action_bar_positions in 3.00ms
[  4.590s] [EditMode] starting invoke_anchor_changed_hooks
[  4.591s] [EditMode] finished invoke_anchor_changed_hooks in 556.23µs
[  4.591s] [EditMode] starting fix_action_bar_nan_size
[  4.591s] [EditMode] finished fix_action_bar_nan_size in 62.38µs
[  4.591s] [EditMode] starting fix_action_bar_scale
[  4.591s] [EditMode] finished fix_action_bar_scale in 6.74µs
[  4.591s] [Workarounds] finished init_edit_mode_layout in 299.54ms
[  4.591s] [Workarounds] starting patch_ui_parent_panel_toggles
[  4.591s] [Workarounds] finished patch_ui_parent_panel_toggles in 335.24µs
[  4.591s] [Workarounds] starting patch_uiparent_onupdate_worklists
[  4.592s] [Workarounds] finished patch_uiparent_onupdate_worklists in 146.66µs
[  4.592s] [Workarounds] starting init_chat_type_colors
[  4.592s] [Workarounds] finished init_chat_type_colors in 170.17µs
[  4.592s] [Workarounds] starting patch_chat_voice_button_surface
[  4.592s] [Workarounds] finished patch_chat_voice_button_surface in 168.23µs
[  4.592s] [Workarounds] starting patch_item_socketing_tooltips
[  4.592s] [Workarounds] finished patch_item_socketing_tooltips in 86.16µs
[  4.592s] [Workarounds] starting patch_character_select_selected_name
[  4.592s] [Workarounds] finished patch_character_select_selected_name in 48.58µs
[  4.592s] [Workarounds] starting patch_character_create_defaults
[  4.592s] [Workarounds] finished patch_character_create_defaults in 333.50µs
[  4.592s] [Workarounds] starting patch_character_frame_title_refresh
[  4.601s] [Workarounds] finished patch_character_frame_title_refresh in 9.13ms
[  4.601s] [Workarounds] starting patch_vignette_pin_template
[  4.602s] [Workarounds] finished patch_vignette_pin_template in 139.67µs
[  4.602s] [Workarounds] starting patch_fog_of_war_pin_mixin
[  4.602s] [Workarounds] finished patch_fog_of_war_pin_mixin in 383.31µs
[  4.602s] [Workarounds] starting patch_map_exploration_pin_mixin
[  4.610s] [Workarounds] finished patch_map_exploration_pin_mixin in 8.20ms
[  4.610s] [Workarounds] starting patch_map_canvas_data_provider_attachment
[  4.610s] [Workarounds] finished patch_map_canvas_data_provider_attachment in 106.08µs
[  4.610s] [Workarounds] starting ensure_adventure_map_frame_surface
[  4.611s] [Workarounds] finished ensure_adventure_map_frame_surface in 679.70µs
[  4.611s] [Workarounds] starting patch_action_bar_button_event_fanout
[  4.611s] [Workarounds] finished patch_action_bar_button_event_fanout in 148.42µs
[  4.611s] [Workarounds] starting patch_paging_controls_page_text
[  4.611s] [Workarounds] finished patch_paging_controls_page_text in 55.43µs
[  4.611s] [Workarounds] starting patch_talent_edge_frame_level_sync
[  4.611s] [Workarounds] finished patch_talent_edge_frame_level_sync in 42.16µs
[  4.611s] [Workarounds] starting patch_catalog_shop_product_card_defaults
[  4.611s] [Workarounds] finished patch_catalog_shop_product_card_defaults in 87.62µs
[  4.611s] [Workarounds] starting patch_game_time_defaults
[  4.611s] [Workarounds] finished patch_game_time_defaults in 9.86µs
[  4.611s] [Workarounds] starting patch_tooltip_nineslice_surface
[  4.611s] [Workarounds] finished patch_tooltip_nineslice_surface in 63.02µs
[  4.611s] [Workarounds] starting patch_container_frame_token_tracker
[  4.611s] [Workarounds] finished patch_container_frame_token_tracker in 57.42µs
[  4.611s] [Workarounds] starting patch_achievement_display_set_achievements
[  4.612s] [Workarounds] finished patch_achievement_display_set_achievements in 11.23µs
[  4.612s] [Workarounds] starting patch_housing_dashboard_preload
[  4.612s] [Workarounds] finished patch_housing_dashboard_preload in 360.06µs
[  4.612s] [Workarounds] starting patch_lfg_lock_list
[  4.612s] [Workarounds] finished patch_lfg_lock_list in 52.77µs
[  4.612s] [Workarounds] starting patch_auction_house_browse_results_event
[  4.612s] [Workarounds] finished patch_auction_house_browse_results_event in 101.64µs
[  4.612s] [Workarounds] starting patch_auction_house_search_context_aliases
[  4.612s] [Workarounds] finished patch_auction_house_search_context_aliases in 63.36µs
[  4.612s] [Workarounds] starting patch_auth_challenge_frame_parent
[  4.612s] [Workarounds] finished patch_auth_challenge_frame_parent in 108.79µs
[  4.612s] [Workarounds] starting patch_settings_surface_defaults
[  4.613s] [Workarounds] finished patch_settings_surface_defaults in 515.39µs
[  4.613s] [Workarounds] starting patch_settings_canvas_layout_visibility
[  4.613s] [Workarounds] finished patch_settings_canvas_layout_visibility in 193.41µs
[  4.613s] [Startup] apply_post_load_workarounds: workarounds complete
[  4.705s] [Startup] apply_post_load_workarounds: globals restored
[  4.706s] [Startup] apply_post_load_workarounds: patch 12.1 compatibility restored
[  4.706s] [Startup] apply_post_load_workarounds: seterrorhandler restored
[  4.864s] [Startup] begin login sequence
[  4.864s] [Startup] Firing ADDON_LOADED
[  4.864s] [Startup] Firing VARIABLES_LOADED
[  4.997s] [Startup] Firing DISPLAY_SIZE_CHANGED
[  5.049s] [Startup] Firing UI_SCALE_CHANGED
[  5.051s] [Startup] Firing PLAYER_LOGIN
[  5.051s] [Startup] end login sequence in 186.55ms
[  5.051s] [Startup] begin world enter sequence
[  5.051s] [Startup] Skipping EDIT_MODE_LAYOUTS_UPDATED
[  5.051s] [Startup] Firing TIME_PLAYED_MSG via RequestTimePlayed
[  5.051s] [Startup] Firing PLAYER_ENTERING_WORLD
[  5.380s] [EditMode] starting setup_layout_info
[  5.385s] [EditMode] finished setup_layout_info in 5.14ms
[  5.385s] [EditMode] starting apply_system_anchors
[  5.581s] [EditMode] finished apply_system_anchors in 195.74ms
[  5.581s] [EditMode] starting finalize_action_bar_positions
[  5.585s] [EditMode] finished finalize_action_bar_positions in 3.67ms
[  5.585s] [EditMode] starting invoke_anchor_changed_hooks
[  5.592s] [EditMode] finished invoke_anchor_changed_hooks in 7.17ms
[  5.592s] [EditMode] starting fix_action_bar_nan_size
[  5.592s] [EditMode] finished fix_action_bar_nan_size in 89.83µs
[  5.592s] [EditMode] starting fix_action_bar_scale
[  5.592s] [EditMode] finished fix_action_bar_scale in 6.65µs
[  5.592s] [EditMode] starting reapply_player_frame_anchor
[  5.594s] [EditMode] finished reapply_player_frame_anchor in 2.01ms
[  5.606s] [Startup] end world enter sequence in 555.39ms
[  5.606s] [Startup] begin post-login events
[  5.607s] [Startup] Firing UNIT_AURA
[  5.608s] [Startup] Firing PET_UI_UPDATE
[  5.611s] [Startup] Firing BAG_UPDATE_DELAYED
[  5.613s] [Startup] Firing QUEST_LOG_UPDATE
[  5.615s] [Startup] Firing GROUP_ROSTER_UPDATE
[  5.739s] [Startup] Firing ACTIONBAR_UPDATE_STATE
[  5.739s] [Startup] Firing ACTIONBAR_UPDATE_COOLDOWN
[  5.741s] [Startup] Firing UPDATE_BONUS_ACTIONBAR
[  5.760s] [Startup] Firing PLAYER_CAN_GLIDE_CHANGED
[  5.760s] [Startup] Firing PLAYER_IS_GLIDING_CHANGED
[  5.760s] [Startup] Firing UPDATE_BINDINGS
[  5.765s] [Startup] Firing UPDATE_CHAT_WINDOWS
[  5.768s] [Startup] Firing LFG_UPDATE_RANDOM_INFO
[  5.769s] [Startup] end post-login events in 163.33ms
[  5.769s] [Startup] begin close startup special windows
[  5.770s] [Startup] end close startup special windows in 375.40µs
[  5.770s] [Startup] begin FIRST_FRAME_RENDERED
[  5.770s] [Startup] Firing FIRST_FRAME_RENDERED
[  5.770s] [Startup] end FIRST_FRAME_RENDERED in 228.33µs
[  5.770s] [Startup] begin unblock hidden splash alerts
[  5.770s] [Startup] end unblock hidden splash alerts in 18.92µs
[  5.770s] [Startup] begin post-event workarounds
[  5.770s] [Startup] end post-event workarounds in 1.21µs
error: test failed, to rerun pass `--test prefork_full_ui`

Caused by:
  process didn't exit successfully: `/home/osso/.worktrees/wow-ui-sim-p83x-page/target/debug/deps/prefork_full_ui-34a818a91c447c36 patch_8_3_7_publication_sweep` (exit status: 1)
