running 35 tests
test patch_10_0_0_publication_sweep::patch_10_0_0_animation_probe_factories ... ok
test patch_10_0_2_publication_sweep::patch_10_0_2_publication_sweep ... ok
test patch_10_0_0_publication_sweep::patch_10_0_0_publication_sweep ... ok
test patch_10_0_5_publication_sweep::patch_10_0_5_publication_sweep ... ok
test patch_10_0_7_publication_sweep::patch_10_0_7_publication_sweep ... ok
test patch_10_1_0_publication_sweep::patch_10_1_0_publication_sweep ... ok
test patch_10_1_5_publication_sweep::patch_10_1_5_publication_sweep ... ok
test patch_10_1_7_publication_sweep::patch_10_1_7_publication_sweep ... ok
test patch_10_2_0_publication_sweep::patch_10_2_0_publication_sweep ... ok
test patch_10_2_5_publication_sweep::patch_10_2_5_publication_sweep ... ok
test patch_10_2_7_publication_sweep::patch_10_2_7_publication_sweep ... ok
test patch_10_2_6_publication_sweep::patch_10_2_6_publication_sweep ... ok
test patch_11_0_2_publication_sweep::patch_11_0_2_publication_sweep ... ok
test patch_11_0_5_publication_sweep::patch_11_0_5_publication_sweep ... ok
test patch_11_0_0_publication_sweep::patch_11_0_0_publication_sweep ... ok
test patch_11_0_7_publication_sweep::patch_11_0_7_publication_sweep ... ok
test patch_11_1_0_publication_sweep::patch_11_1_0_publication_sweep ... ok
test patch_11_1_5_publication_sweep::patch_11_1_5_publication_sweep ... ok
test patch_11_1_7_publication_sweep::patch_11_1_7_publication_sweep ... ok
test patch_11_2_0_publication_sweep::patch_11_2_0_publication_sweep ... ok
test patch_11_2_5_publication_sweep::patch_11_2_5_publication_sweep ... ok
test patch_11_2_7_publication_sweep::patch_11_2_7_publication_sweep ... ok
test patch_12_0_0_publication_sweep::patch_12_0_0_publication_sweep ... ok
test patch_12_0_1_publication_sweep::patch_12_0_1_publication_sweep ... ok
test patch_12_0_7_publication_sweep::patch_12_0_7_publication_sweep ... ok
test patch_12_0_5_publication_sweep::patch_12_0_5_publication_sweep ... ok
test patch_8_3_7_publication_sweep::patch_8_3_7_publication_sweep ... ok
test patch_9_0_2_publication_sweep::patch_9_0_2_publication_sweep ... ok
test patch_9_0_5_publication_sweep::patch_9_0_5_publication_sweep ... ok
test patch_12_1_0_publication_sweep::patch_12_1_0_publication_sweep ... ok
test patch_9_1_0_publication_sweep::patch_9_1_0_publication_sweep ... ok
test patch_9_1_5_publication_sweep::patch_9_1_5_publication_sweep ... ok
test patch_9_2_0_publication_sweep::patch_9_2_0_publication_sweep ... ok
test patch_9_2_5_publication_sweep::patch_9_2_5_publication_sweep ... ok
test patch_9_2_7_publication_sweep::patch_9_2_7_publication_sweep ... ok

test result: ok. 35 passed; 0 failed; 35 total
warning: iced-wgpu-patched/Cargo.toml: `lints.clippy.large-enum-variant` is deprecated in favor of `lints.clippy.large_enum_variant` and will not work in a future edition
warning: iced-wgpu-patched/Cargo.toml: `lints.clippy.map-entry` is deprecated in favor of `lints.clippy.map_entry` and will not work in a future edition
warning: iced-wgpu-patched/Cargo.toml: `lints.clippy.match-wildcard-for-single-variants` is deprecated in favor of `lints.clippy.match_wildcard_for_single_variants` and will not work in a future edition
warning: iced-wgpu-patched/Cargo.toml: `lints.clippy.redundant-closure-for-method-calls` is deprecated in favor of `lints.clippy.redundant_closure_for_method_calls` and will not work in a future edition
warning: iced-wgpu-patched/Cargo.toml: `lints.clippy.trivially-copy-pass-by-ref` is deprecated in favor of `lints.clippy.trivially_copy_pass_by_ref` and will not work in a future edition
warning: iced-wgpu-patched/Cargo.toml: `lints.clippy.type-complexity` is deprecated in favor of `lints.clippy.type_complexity` and will not work in a future edition
warning: `iced_wgpu` (manifest) generated 6 warnings
   Compiling wow-ui-sim v0.1.0 (/home/osso/.worktrees/wow-ui-sim-p83x-page)
    Finished `test` profile [optimized + debuginfo] target(s) in 38.48s
     Running tests/prefork_full_ui.rs (target/debug/deps/prefork_full_ui-34a818a91c447c36)
[  0.000s] [Startup] WowLuaEnv::new begin
[  0.004s] [Startup] SimState::default complete in 3.70ms
[  0.004s] [Startup] rilua VM created in 198.00µs
[  0.004s] [Startup] builtin frames initialized in 139.14µs
[  0.004s] [Startup] template registry cleared in 10.40µs
[  0.004s] [Startup] intrinsic templates registered in 12.65µs
[  0.004s] [Startup] initial app_data lua handle installed in 1.06µs
[  0.258s] [Startup] init_lua_state complete in 253.48ms
[  0.258s] [Startup] final app_data lua handle installed in 591.00ns
[  0.258s] [Startup] initial screen globals installed in 196.40µs
[  0.258s] [Startup] WowLuaEnv::new complete
[  4.432s] [Startup] apply_post_load_workarounds: begin
[  4.432s] [Workarounds] starting patch_edit_mode_manager
[  4.433s] [Workarounds] finished patch_edit_mode_manager in 501.12µs
[  4.433s] [Workarounds] starting init_edit_mode_layout
[  4.433s] [EditMode] starting setup_layout_info
[  4.438s] [EditMode] finished setup_layout_info in 5.81ms
[  4.438s] [EditMode] starting apply_system_anchors
[  4.669s] [EditMode] finished apply_system_anchors in 230.97ms
[  4.669s] [EditMode] starting finalize_action_bar_positions
[  4.673s] [EditMode] finished finalize_action_bar_positions in 3.83ms
[  4.673s] [EditMode] starting invoke_anchor_changed_hooks
[  4.674s] [EditMode] finished invoke_anchor_changed_hooks in 736.17µs
[  4.674s] [EditMode] starting fix_action_bar_nan_size
[  4.674s] [EditMode] finished fix_action_bar_nan_size in 69.68µs
[  4.674s] [EditMode] starting fix_action_bar_scale
[  4.674s] [EditMode] finished fix_action_bar_scale in 7.70µs
[  4.674s] [Workarounds] finished init_edit_mode_layout in 241.47ms
[  4.674s] [Workarounds] starting patch_ui_parent_panel_toggles
[  4.674s] [Workarounds] finished patch_ui_parent_panel_toggles in 376.22µs
[  4.674s] [Workarounds] starting patch_uiparent_onupdate_worklists
[  4.675s] [Workarounds] finished patch_uiparent_onupdate_worklists in 152.83µs
[  4.675s] [Workarounds] starting init_chat_type_colors
[  4.675s] [Workarounds] finished init_chat_type_colors in 203.77µs
[  4.675s] [Workarounds] starting patch_chat_voice_button_surface
[  4.675s] [Workarounds] finished patch_chat_voice_button_surface in 197.34µs
[  4.675s] [Workarounds] starting patch_item_socketing_tooltips
[  4.675s] [Workarounds] finished patch_item_socketing_tooltips in 90.27µs
[  4.675s] [Workarounds] starting patch_character_select_selected_name
[  4.675s] [Workarounds] finished patch_character_select_selected_name in 47.71µs
[  4.675s] [Workarounds] starting patch_character_create_defaults
[  4.675s] [Workarounds] finished patch_character_create_defaults in 356.04µs
[  4.675s] [Workarounds] starting patch_character_frame_title_refresh
[  4.684s] [Workarounds] finished patch_character_frame_title_refresh in 8.68ms
[  4.684s] [Workarounds] starting patch_vignette_pin_template
[  4.684s] [Workarounds] finished patch_vignette_pin_template in 158.41µs
[  4.684s] [Workarounds] starting patch_fog_of_war_pin_mixin
[  4.685s] [Workarounds] finished patch_fog_of_war_pin_mixin in 443.90µs
[  4.685s] [Workarounds] starting patch_map_exploration_pin_mixin
[  4.693s] [Workarounds] finished patch_map_exploration_pin_mixin in 8.42ms
[  4.693s] [Workarounds] starting patch_map_canvas_data_provider_attachment
[  4.693s] [Workarounds] finished patch_map_canvas_data_provider_attachment in 106.20µs
[  4.693s] [Workarounds] starting ensure_adventure_map_frame_surface
[  4.694s] [Workarounds] finished ensure_adventure_map_frame_surface in 748.46µs
[  4.694s] [Workarounds] starting patch_action_bar_button_event_fanout
[  4.694s] [Workarounds] finished patch_action_bar_button_event_fanout in 159.59µs
[  4.694s] [Workarounds] starting patch_paging_controls_page_text
[  4.694s] [Workarounds] finished patch_paging_controls_page_text in 64.58µs
[  4.694s] [Workarounds] starting patch_talent_edge_frame_level_sync
[  4.694s] [Workarounds] finished patch_talent_edge_frame_level_sync in 47.61µs
[  4.694s] [Workarounds] starting patch_catalog_shop_product_card_defaults
[  4.694s] [Workarounds] finished patch_catalog_shop_product_card_defaults in 107.16µs
[  4.694s] [Workarounds] starting patch_game_time_defaults
[  4.694s] [Workarounds] finished patch_game_time_defaults in 12.07µs
[  4.694s] [Workarounds] starting patch_tooltip_nineslice_surface
[  4.694s] [Workarounds] finished patch_tooltip_nineslice_surface in 68.12µs
[  4.694s] [Workarounds] starting patch_container_frame_token_tracker
[  4.695s] [Workarounds] finished patch_container_frame_token_tracker in 64.38µs
[  4.695s] [Workarounds] starting patch_achievement_display_set_achievements
[  4.695s] [Workarounds] finished patch_achievement_display_set_achievements in 13.08µs
[  4.695s] [Workarounds] starting patch_housing_dashboard_preload
[  4.695s] [Workarounds] finished patch_housing_dashboard_preload in 263.65µs
[  4.695s] [Workarounds] starting patch_lfg_lock_list
[  4.695s] [Workarounds] finished patch_lfg_lock_list in 56.76µs
[  4.695s] [Workarounds] starting patch_auction_house_browse_results_event
[  4.695s] [Workarounds] finished patch_auction_house_browse_results_event in 99.34µs
[  4.695s] [Workarounds] starting patch_auction_house_search_context_aliases
[  4.695s] [Workarounds] finished patch_auction_house_search_context_aliases in 46.19µs
[  4.695s] [Workarounds] starting patch_auth_challenge_frame_parent
[  4.695s] [Workarounds] finished patch_auth_challenge_frame_parent in 113.68µs
[  4.695s] [Workarounds] starting patch_settings_surface_defaults
[  4.696s] [Workarounds] finished patch_settings_surface_defaults in 542.02µs
[  4.696s] [Workarounds] starting patch_settings_canvas_layout_visibility
[  4.696s] [Workarounds] finished patch_settings_canvas_layout_visibility in 169.67µs
[  4.696s] [Startup] apply_post_load_workarounds: workarounds complete
[  4.792s] [Startup] apply_post_load_workarounds: globals restored
[  4.793s] [Startup] apply_post_load_workarounds: patch 12.1 compatibility restored
[  4.793s] [Startup] apply_post_load_workarounds: seterrorhandler restored
[  4.962s] [Startup] begin login sequence
[  4.962s] [Startup] Firing ADDON_LOADED
[  4.962s] [Startup] Firing VARIABLES_LOADED
[  5.110s] [Startup] Firing DISPLAY_SIZE_CHANGED
[  5.164s] [Startup] Firing UI_SCALE_CHANGED
[  5.166s] [Startup] Firing PLAYER_LOGIN
[  5.166s] [Startup] end login sequence in 204.21ms
[  5.166s] [Startup] begin world enter sequence
[  5.166s] [Startup] Skipping EDIT_MODE_LAYOUTS_UPDATED
[  5.166s] [Startup] Firing TIME_PLAYED_MSG via RequestTimePlayed
[  5.166s] [Startup] Firing PLAYER_ENTERING_WORLD
[  5.521s] [EditMode] starting setup_layout_info
[  5.526s] [EditMode] finished setup_layout_info in 5.73ms
[  5.526s] [EditMode] starting apply_system_anchors
[  5.735s] [EditMode] finished apply_system_anchors in 208.94ms
[  5.735s] [EditMode] starting finalize_action_bar_positions
[  5.739s] [EditMode] finished finalize_action_bar_positions in 3.38ms
[  5.739s] [EditMode] starting invoke_anchor_changed_hooks
[  5.746s] [EditMode] finished invoke_anchor_changed_hooks in 7.48ms
[  5.746s] [EditMode] starting fix_action_bar_nan_size
[  5.746s] [EditMode] finished fix_action_bar_nan_size in 97.93µs
[  5.746s] [EditMode] starting fix_action_bar_scale
[  5.746s] [EditMode] finished fix_action_bar_scale in 7.39µs
[  5.746s] [EditMode] starting reapply_player_frame_anchor
[  5.748s] [EditMode] finished reapply_player_frame_anchor in 2.03ms
[  5.762s] [Startup] end world enter sequence in 596.54ms
[  5.762s] [Startup] begin post-login events
[  5.764s] [Startup] Firing UNIT_AURA
[  5.766s] [Startup] Firing PET_UI_UPDATE
[  5.769s] [Startup] Firing BAG_UPDATE_DELAYED
[  5.771s] [Startup] Firing QUEST_LOG_UPDATE
[  5.773s] [Startup] Firing GROUP_ROSTER_UPDATE
[  5.977s] [Startup] Firing ACTIONBAR_UPDATE_STATE
[  5.977s] [Startup] Firing ACTIONBAR_UPDATE_COOLDOWN
[  5.980s] [Startup] Firing UPDATE_BONUS_ACTIONBAR
[  6.005s] [Startup] Firing PLAYER_CAN_GLIDE_CHANGED
[  6.005s] [Startup] Firing PLAYER_IS_GLIDING_CHANGED
[  6.005s] [Startup] Firing UPDATE_BINDINGS
[  6.013s] [Startup] Firing UPDATE_CHAT_WINDOWS
[  6.019s] [Startup] Firing LFG_UPDATE_RANDOM_INFO
[  6.021s] [Startup] end post-login events in 258.32ms
[  6.021s] [Startup] begin close startup special windows
[  6.021s] [Startup] end close startup special windows in 590.12µs
[  6.021s] [Startup] begin FIRST_FRAME_RENDERED
[  6.021s] [Startup] Firing FIRST_FRAME_RENDERED
[  6.022s] [Startup] end FIRST_FRAME_RENDERED in 373.06µs
[  6.022s] [Startup] begin unblock hidden splash alerts
[  6.022s] [Startup] end unblock hidden splash alerts in 31.09µs
[  6.022s] [Startup] begin post-event workarounds
[  6.022s] [Startup] end post-event workarounds in 1.64µs
