running 67 tests
test patch_10_0_0_publication_sweep::patch_10_0_0_animation_probe_factories ... ok
test patch_10_0_2_publication_sweep::patch_10_0_2_publication_sweep ... ok
test patch_10_0_0_publication_sweep::patch_10_0_0_publication_sweep ... ok
test patch_10_0_5_publication_sweep::patch_10_0_5_publication_sweep ... ok
test patch_10_0_7_publication_sweep::patch_10_0_7_publication_sweep ... ok
test patch_10_1_0_publication_sweep::patch_10_1_0_publication_sweep ... ok
test patch_10_1_5_publication_sweep::patch_10_1_5_publication_sweep ... ok
test patch_10_1_7_publication_sweep::patch_10_1_7_publication_sweep ... ok
test patch_10_2_5_publication_sweep::patch_10_2_5_publication_sweep ... ok
test patch_10_2_0_publication_sweep::patch_10_2_0_publication_sweep ... ok
test patch_10_2_7_publication_sweep::patch_10_2_7_publication_sweep ... ok
test patch_10_2_6_publication_sweep::patch_10_2_6_publication_sweep ... ok
test patch_11_0_2_publication_sweep::patch_11_0_2_publication_sweep ... ok
test patch_11_0_5_publication_sweep::patch_11_0_5_publication_sweep ... ok
test patch_11_0_0_publication_sweep::patch_11_0_0_publication_sweep ... ok
test patch_11_0_7_publication_sweep::patch_11_0_7_publication_sweep ... ok
test patch_11_1_0_publication_sweep::patch_11_1_0_publication_sweep ... ok
test patch_11_1_5_publication_sweep::patch_11_1_5_publication_sweep ... ok
test patch_11_1_7_publication_sweep::patch_11_1_7_publication_sweep ... ok
test patch_11_2_5_publication_sweep::patch_11_2_5_publication_sweep ... ok
test patch_11_2_0_publication_sweep::patch_11_2_0_publication_sweep ... ok
test patch_11_2_7_publication_sweep::patch_11_2_7_publication_sweep ... ok
test patch_12_0_0_publication_sweep::patch_12_0_0_publication_sweep ... ok
test patch_12_0_1_publication_sweep::patch_12_0_1_publication_sweep ... ok
test patch_12_0_7_publication_sweep::patch_12_0_7_publication_sweep ... ok
test patch_12_0_5_publication_sweep::patch_12_0_5_publication_sweep ... ok
test patch_4_3_0_publication_sweep::patch_4_3_0_publication_sweep ... ok
test patch_4_3_4_publication_sweep::patch_4_3_4_publication_sweep ... ok
test patch_5_0_1_publication_sweep::patch_5_0_1_publication_sweep ... ok
test patch_12_1_0_publication_sweep::patch_12_1_0_publication_sweep ... ok
test patch_5_1_0_publication_sweep::patch_5_1_0_publication_sweep ... ok
test patch_5_0_4_publication_sweep::patch_5_0_4_publication_sweep ... ok
test patch_5_2_0_publication_sweep::patch_5_2_0_publication_sweep ... ok
test patch_5_3_0_publication_sweep::patch_5_3_0_publication_sweep ... ok
test patch_5_4_0_publication_sweep::patch_5_4_0_publication_sweep ... ok
test patch_5_4_1_publication_sweep::patch_5_4_1_publication_sweep ... ok
test patch_5_4_7_publication_sweep::patch_5_4_7_publication_sweep ... ok
test patch_5_4_2_publication_sweep::patch_5_4_2_publication_sweep ... ok
test patch_6_0_1_publication_sweep::patch_6_0_1_publication_sweep ... ok
test patch_5_4_8_publication_sweep::patch_5_4_8_publication_sweep ... ok
test patch_6_1_0_publication_sweep::patch_6_1_0_publication_sweep ... ok
test patch_6_2_0_publication_sweep::patch_6_2_0_publication_sweep ... ok
test patch_6_2_2_publication_sweep::patch_6_2_2_publication_sweep ... ok
test patch_6_0_2_publication_sweep::patch_6_0_2_publication_sweep ... ok
test patch_6_2_4_publication_sweep::patch_6_2_4_publication_sweep ... ok
test patch_7_0_1_publication_sweep::patch_7_0_1_publication_sweep ... ok
test patch_7_1_0_publication_sweep::patch_7_1_0_publication_sweep ... ok
test patch_7_0_3_publication_sweep::patch_7_0_3_publication_sweep ... ok
test patch_7_2_0_publication_sweep::patch_7_2_0_publication_sweep ... ok
test patch_7_2_5_publication_sweep::patch_7_2_5_publication_sweep ... ok
test patch_7_3_0_publication_sweep::patch_7_3_0_publication_sweep ... ok
test patch_7_3_2_publication_sweep::patch_7_3_2_publication_sweep ... ok
test patch_8_1_0_publication_sweep::patch_8_1_0_publication_sweep ... ok
test patch_8_0_1_publication_sweep::patch_8_0_1_publication_sweep ... ok
test patch_8_1_5_publication_sweep::patch_8_1_5_publication_sweep ... ok
test patch_8_2_0_publication_sweep::patch_8_2_0_publication_sweep ... ok
test patch_8_2_5_publication_sweep::patch_8_2_5_publication_sweep ... ok
test patch_8_3_7_publication_sweep::patch_8_3_7_publication_sweep ... ok
test patch_8_3_0_publication_sweep::patch_8_3_0_publication_sweep ... ok
test patch_9_0_2_publication_sweep::patch_9_0_2_publication_sweep ... ok
test patch_9_0_5_publication_sweep::patch_9_0_5_publication_sweep ... ok
test patch_9_0_1_publication_sweep::patch_9_0_1_publication_sweep ... ok
test patch_9_1_0_publication_sweep::patch_9_1_0_publication_sweep ... ok
test patch_9_1_5_publication_sweep::patch_9_1_5_publication_sweep ... ok
test patch_9_2_0_publication_sweep::patch_9_2_0_publication_sweep ... ok
test patch_9_2_7_publication_sweep::patch_9_2_7_publication_sweep ... ok
test patch_9_2_5_publication_sweep::patch_9_2_5_publication_sweep ... ok

test result: ok. 67 passed; 0 failed; 67 total
warning: iced-wgpu-patched/Cargo.toml: `lints.clippy.large-enum-variant` is deprecated in favor of `lints.clippy.large_enum_variant` and will not work in a future edition
warning: iced-wgpu-patched/Cargo.toml: `lints.clippy.map-entry` is deprecated in favor of `lints.clippy.map_entry` and will not work in a future edition
warning: iced-wgpu-patched/Cargo.toml: `lints.clippy.match-wildcard-for-single-variants` is deprecated in favor of `lints.clippy.match_wildcard_for_single_variants` and will not work in a future edition
warning: iced-wgpu-patched/Cargo.toml: `lints.clippy.redundant-closure-for-method-calls` is deprecated in favor of `lints.clippy.redundant_closure_for_method_calls` and will not work in a future edition
warning: iced-wgpu-patched/Cargo.toml: `lints.clippy.trivially-copy-pass-by-ref` is deprecated in favor of `lints.clippy.trivially_copy_pass_by_ref` and will not work in a future edition
warning: iced-wgpu-patched/Cargo.toml: `lints.clippy.type-complexity` is deprecated in favor of `lints.clippy.type_complexity` and will not work in a future edition
warning: `iced_wgpu` (manifest) generated 6 warnings
   Compiling wow-ui-sim v0.1.0 (/home/osso/.worktrees/wow-ui-sim-p430-source)
    Finished `test` profile [optimized + debuginfo] target(s) in 1m 30s
     Running tests/prefork_full_ui.rs (target/debug/deps/prefork_full_ui-21dd5c807fe7a7b6)
[  0.000s] [Startup] WowLuaEnv::new begin
[  0.002s] [Startup] SimState::default complete in 2.03ms
[  0.002s] [Startup] rilua VM created in 113.94µs
[  0.002s] [Startup] builtin frames initialized in 79.55µs
[  0.002s] [Startup] template registry cleared in 5.87µs
[  0.002s] [Startup] intrinsic templates registered in 7.61µs
[  0.002s] [Startup] initial app_data lua handle installed in 451.00ns
[  0.137s] [Startup] init_lua_state complete in 134.36ms
[  0.137s] [Startup] final app_data lua handle installed in 420.00ns
[  0.137s] [Startup] initial screen globals installed in 107.27µs
[  0.137s] [Startup] WowLuaEnv::new complete
[  2.947s] [Startup] apply_post_load_workarounds: begin
[  2.947s] [Workarounds] starting patch_edit_mode_manager
[  2.948s] [Workarounds] finished patch_edit_mode_manager in 299.77µs
[  2.948s] [Workarounds] starting init_edit_mode_layout
[  2.948s] [EditMode] starting setup_layout_info
[  2.951s] [EditMode] finished setup_layout_info in 3.17ms
[  2.951s] [EditMode] starting apply_system_anchors
[  3.090s] [EditMode] finished apply_system_anchors in 139.09ms
[  3.090s] [EditMode] starting finalize_action_bar_positions
[  3.092s] [EditMode] finished finalize_action_bar_positions in 1.76ms
[  3.092s] [EditMode] starting invoke_anchor_changed_hooks
[  3.092s] [EditMode] finished invoke_anchor_changed_hooks in 392.14µs
[  3.092s] [EditMode] starting fix_action_bar_nan_size
[  3.092s] [EditMode] finished fix_action_bar_nan_size in 39.70µs
[  3.092s] [EditMode] starting fix_action_bar_scale
[  3.092s] [EditMode] finished fix_action_bar_scale in 4.54µs
[  3.092s] [Workarounds] finished init_edit_mode_layout in 144.48ms
[  3.092s] [Workarounds] starting patch_ui_parent_panel_toggles
[  3.092s] [Workarounds] finished patch_ui_parent_panel_toggles in 220.51µs
[  3.092s] [Workarounds] starting patch_uiparent_onupdate_worklists
[  3.093s] [Workarounds] finished patch_uiparent_onupdate_worklists in 91.26µs
[  3.093s] [Workarounds] starting init_chat_type_colors
[  3.093s] [Workarounds] finished init_chat_type_colors in 111.73µs
[  3.093s] [Workarounds] starting patch_chat_voice_button_surface
[  3.093s] [Workarounds] finished patch_chat_voice_button_surface in 114.42µs
[  3.093s] [Workarounds] starting patch_item_socketing_tooltips
[  3.093s] [Workarounds] finished patch_item_socketing_tooltips in 55.97µs
[  3.093s] [Workarounds] starting patch_character_select_selected_name
[  3.093s] [Workarounds] finished patch_character_select_selected_name in 29.24µs
[  3.093s] [Workarounds] starting patch_character_create_defaults
[  3.093s] [Workarounds] finished patch_character_create_defaults in 218.91µs
[  3.093s] [Workarounds] starting patch_character_frame_title_refresh
[  3.099s] [Workarounds] finished patch_character_frame_title_refresh in 5.46ms
[  3.099s] [Workarounds] starting patch_vignette_pin_template
[  3.099s] [Workarounds] finished patch_vignette_pin_template in 86.93µs
[  3.099s] [Workarounds] starting patch_fog_of_war_pin_mixin
[  3.099s] [Workarounds] finished patch_fog_of_war_pin_mixin in 250.92µs
[  3.099s] [Workarounds] starting patch_map_exploration_pin_mixin
[  3.104s] [Workarounds] finished patch_map_exploration_pin_mixin in 5.17ms
[  3.104s] [Workarounds] starting patch_map_canvas_data_provider_attachment
[  3.104s] [Workarounds] finished patch_map_canvas_data_provider_attachment in 60.33µs
[  3.104s] [Workarounds] starting ensure_adventure_map_frame_surface
[  3.105s] [Workarounds] finished ensure_adventure_map_frame_surface in 423.80µs
[  3.105s] [Workarounds] starting patch_action_bar_button_event_fanout
[  3.105s] [Workarounds] finished patch_action_bar_button_event_fanout in 89.82µs
[  3.105s] [Workarounds] starting patch_paging_controls_page_text
[  3.105s] [Workarounds] finished patch_paging_controls_page_text in 35.17µs
[  3.105s] [Workarounds] starting patch_talent_edge_frame_level_sync
[  3.105s] [Workarounds] finished patch_talent_edge_frame_level_sync in 27.33µs
[  3.105s] [Workarounds] starting patch_catalog_shop_product_card_defaults
[  3.105s] [Workarounds] finished patch_catalog_shop_product_card_defaults in 55.38µs
[  3.105s] [Workarounds] starting patch_game_time_defaults
[  3.105s] [Workarounds] finished patch_game_time_defaults in 6.05µs
[  3.105s] [Workarounds] starting patch_tooltip_nineslice_surface
[  3.105s] [Workarounds] finished patch_tooltip_nineslice_surface in 39.25µs
[  3.105s] [Workarounds] starting patch_container_frame_token_tracker
[  3.105s] [Workarounds] finished patch_container_frame_token_tracker in 36.72µs
[  3.105s] [Workarounds] starting patch_achievement_display_set_achievements
[  3.105s] [Workarounds] finished patch_achievement_display_set_achievements in 7.70µs
[  3.105s] [Workarounds] starting patch_housing_dashboard_preload
[  3.105s] [Workarounds] finished patch_housing_dashboard_preload in 148.28µs
[  3.105s] [Workarounds] starting patch_lfg_lock_list
[  3.105s] [Workarounds] finished patch_lfg_lock_list in 32.12µs
[  3.105s] [Workarounds] starting patch_auction_house_browse_results_event
[  3.105s] [Workarounds] finished patch_auction_house_browse_results_event in 62.67µs
[  3.105s] [Workarounds] starting patch_auction_house_search_context_aliases
[  3.105s] [Workarounds] finished patch_auction_house_search_context_aliases in 27.43µs
[  3.105s] [Workarounds] starting patch_auth_challenge_frame_parent
[  3.105s] [Workarounds] finished patch_auth_challenge_frame_parent in 64.47µs
[  3.105s] [Workarounds] starting patch_settings_surface_defaults
[  3.106s] [Workarounds] finished patch_settings_surface_defaults in 318.49µs
[  3.106s] [Workarounds] starting patch_settings_canvas_layout_visibility
[  3.106s] [Workarounds] finished patch_settings_canvas_layout_visibility in 103.30µs
[  3.106s] [Startup] apply_post_load_workarounds: workarounds complete
[  3.169s] [Startup] apply_post_load_workarounds: globals restored
[  3.169s] [Startup] apply_post_load_workarounds: patch 12.1 compatibility restored
[  3.169s] [Startup] apply_post_load_workarounds: seterrorhandler restored
[  3.314s] [Startup] begin login sequence
[  3.314s] [Startup] Firing ADDON_LOADED
[  3.314s] [Startup] Firing VARIABLES_LOADED
[  3.412s] [Startup] Firing DISPLAY_SIZE_CHANGED
[  3.457s] [Startup] Firing UI_SCALE_CHANGED
[  3.458s] [Startup] Firing PLAYER_LOGIN
[  3.459s] [Startup] end login sequence in 144.58ms
[  3.459s] [Startup] begin world enter sequence
[  3.459s] [Startup] Skipping EDIT_MODE_LAYOUTS_UPDATED
[  3.459s] [Startup] Firing TIME_PLAYED_MSG via RequestTimePlayed
[  3.459s] [Startup] Firing PLAYER_ENTERING_WORLD
[  3.695s] [EditMode] starting setup_layout_info
[  3.699s] [EditMode] finished setup_layout_info in 3.81ms
[  3.699s] [EditMode] starting apply_system_anchors
[  3.839s] [EditMode] finished apply_system_anchors in 139.29ms
[  3.839s] [EditMode] starting finalize_action_bar_positions
[  3.841s] [EditMode] finished finalize_action_bar_positions in 2.28ms
[  3.841s] [EditMode] starting invoke_anchor_changed_hooks
[  3.846s] [EditMode] finished invoke_anchor_changed_hooks in 5.40ms
[  3.846s] [EditMode] starting fix_action_bar_nan_size
[  3.846s] [EditMode] finished fix_action_bar_nan_size in 70.51µs
[  3.846s] [EditMode] starting fix_action_bar_scale
[  3.846s] [EditMode] finished fix_action_bar_scale in 4.63µs
[  3.846s] [EditMode] starting reapply_player_frame_anchor
[  3.848s] [EditMode] finished reapply_player_frame_anchor in 1.49ms
[  3.856s] [Startup] end world enter sequence in 397.69ms
[  3.856s] [Startup] begin post-login events
[  3.857s] [Startup] Firing UNIT_AURA
[  3.858s] [Startup] Firing PET_UI_UPDATE
[  3.860s] [Startup] Firing BAG_UPDATE_DELAYED
[  3.861s] [Startup] Firing QUEST_LOG_UPDATE
[  3.862s] [Startup] Firing GROUP_ROSTER_UPDATE
[  3.968s] [Startup] Firing ACTIONBAR_UPDATE_STATE
[  3.968s] [Startup] Firing ACTIONBAR_UPDATE_COOLDOWN
[  3.969s] [Startup] Firing UPDATE_BONUS_ACTIONBAR
[  3.982s] [Startup] Firing PLAYER_CAN_GLIDE_CHANGED
[  3.982s] [Startup] Firing PLAYER_IS_GLIDING_CHANGED
[  3.982s] [Startup] Firing UPDATE_BINDINGS
[  3.986s] [Startup] Firing UPDATE_CHAT_WINDOWS
[  3.989s] [Startup] Firing LFG_UPDATE_RANDOM_INFO
[  3.991s] [Startup] end post-login events in 134.55ms
[  3.991s] [Startup] begin close startup special windows
[  3.991s] [Startup] end close startup special windows in 387.65µs
[  3.991s] [Startup] begin FIRST_FRAME_RENDERED
[  3.991s] [Startup] Firing FIRST_FRAME_RENDERED
[  3.992s] [Startup] end FIRST_FRAME_RENDERED in 659.09µs
[  3.992s] [Startup] begin unblock hidden splash alerts
[  3.992s] [Startup] end unblock hidden splash alerts in 20.00µs
[  3.992s] [Startup] begin post-event workarounds
[  3.992s] [Startup] end post-event workarounds in 1.05µs
CVar default mismatch wt-cvars-CMAA2HalfFloat-814: page=Some("0"), observed=Some("1")
CVar default mismatch wt-cvars-luaErrorExceptions-835: page=Some("1"), observed=None
CVar default mismatch wt-cvars-minimapTrackedInfov3-837: page=Some("1006319"), observed=None
CVar default mismatch wt-cvars-SoftTargetEnemyRange-857: page=Some("45"), observed=Some("45.000000")
CVar default mismatch wt-cvars-SoftTargetFriendRange-861: page=Some("45"), observed=Some("45.000000")
CVar default mismatch wt-cvars-SoftTargetInteractRange-869: page=Some("10"), observed=Some("10.000000")
CVar default mismatch wt-cvars-SoftTargetWorldtextFarDist-884: page=Some("40"), observed=Some("40.000000")
CVar default mismatch wt-cvars-SoftTargetWorldtextNearDist-885: page=Some("4"), observed=Some("4.000000")
CVar default mismatch wt-cvars-SoftTargetWorldtextNearScale-886: page=Some("1"), observed=Some("1.000000")
CVar default mismatch wt-cvars-SoftTargetWorldtextSize-887: page=Some("32"), observed=Some("32.000000")
CVar default mismatch wt-cvars-WorldTextMinSize-901: page=Some("0"), observed=Some("0.000000")
CVar default mismatch wt-cvars-vrsValarEnvLuma-109: page=Some("0.05"), observed=None
CVar default mismatch wt-cvars-vrsValarK-110: page=Some("2.13"), observed=None
CVar default mismatch wt-cvars-vrsValarSensitivityThreshold-111: page=Some("0.31"), observed=None
CVar default mismatch wt-cvars-vrsValarUseAsyncCompute-112: page=Some("0"), observed=None
CVar default mismatch wt-cvars-vrsValarUseMotionVectors-113: page=Some("0"), observed=None
CVar default mismatch wt-cvars-vrsValarUseWeberFechner-114: page=Some("0"), observed=None
CVar default mismatch wt-cvars-vrsValarWeberFechnerConstant-115: page=Some("1.0"), observed=None
CVar default mismatch wt-cvars-nameplateGameObjectMaxDistance-400: page=Some("30"), observed=Some("30.000000")
CVar default mismatch wt-cvars-wmoPortalInteriorFade-168: page=Some("0"), observed=Some("1")
CVar default mismatch wt-cvars-advFlyKeyboardMaxPitchFactor-245: page=Some("5.0"), observed=Some("5.000000")
CVar default mismatch wt-cvars-advFlyKeyboardMaxTurnFactor-246: page=Some("8.0"), observed=Some("8.000000")
CVar default mismatch wt-cvars-advFlyKeyboardMinPitchFactor-247: page=Some("2.5"), observed=Some("2.500000")
CVar default mismatch wt-cvars-advFlyKeyboardMinTurnFactor-248: page=Some("5.0"), observed=Some("5.000000")
CVar default mismatch wt-cvars-advFlyPitchControlCameraChase-249: page=Some("20.0"), observed=Some("20.000000")
CVar default mismatch wt-cvars-gxMTDecals-249: page=Some("1"), observed=Some("0")
CVar default mismatch wt-cvars-AllowSoftwareRendererDX12-653: page=Some("0"), observed=None
CVar default mismatch wt-cvars-AllowWinRT-655: page=Some("0"), observed=None
CVar default mismatch wt-cvars-cameraIndirectOffset-658: page=Some("1.500000"), observed=Some("6.000000")
CVar default mismatch wt-cvars-questPOILocalStory-692: page=Some("0"), observed=Some("1")
CVar default mismatch wt-cvars-showPhotosensitivityWarning-700: page=Some("0"), observed=Some("-1")
CVar default mismatch wt-cvars-showTempMaxHealthLoss-703: page=Some("0"), observed=Some("1")
CVar default mismatch wt-cvars-vrsValarAlwaysOn-714: page=Some("0"), observed=None
CVar default mismatch wt-cvars-vrsValarLPUseCornerSampling-716: page=Some("1"), observed=None
CVar default mismatch wt-cvars-graphicsComputeEffects-219: page=Some("4"), observed=Some("1")
CVar default mismatch wt-cvars-RAIDVolumeFog-224: page=Some("1"), observed=Some("0")
CVar default mismatch wt-cvars-CameraFollowGamepadAdjustDelay-208: page=Some("1.0"), observed=Some("1.000000")
CVar default mismatch wt-cvars-CameraFollowGamepadAdjustEaseIn-209: page=Some("1.0"), observed=Some("1.000000")
CVar default mismatch wt-cvars-TTSUseCharacterSettings-227: page=Some("1"), observed=None
CVar default mismatch wt-cvars-CMAA2Quality-137: page=Some("2"), observed=Some("3")
CVar default mismatch wt-cvars-cameraFov-242: page=Some("90"), observed=Some("90.000000")
CVar default mismatch wt-cvars-enableSourceLocationLookup-243: page=Some("0"), observed=Some("1")
