warning: iced-wgpu-patched/Cargo.toml: `lints.clippy.large-enum-variant` is deprecated in favor of `lints.clippy.large_enum_variant` and will not work in a future edition
warning: iced-wgpu-patched/Cargo.toml: `lints.clippy.map-entry` is deprecated in favor of `lints.clippy.map_entry` and will not work in a future edition
warning: iced-wgpu-patched/Cargo.toml: `lints.clippy.match-wildcard-for-single-variants` is deprecated in favor of `lints.clippy.match_wildcard_for_single_variants` and will not work in a future edition
warning: iced-wgpu-patched/Cargo.toml: `lints.clippy.redundant-closure-for-method-calls` is deprecated in favor of `lints.clippy.redundant_closure_for_method_calls` and will not work in a future edition
warning: iced-wgpu-patched/Cargo.toml: `lints.clippy.trivially-copy-pass-by-ref` is deprecated in favor of `lints.clippy.trivially_copy_pass_by_ref` and will not work in a future edition
warning: iced-wgpu-patched/Cargo.toml: `lints.clippy.type-complexity` is deprecated in favor of `lints.clippy.type_complexity` and will not work in a future edition
warning: `iced_wgpu` (manifest) generated 6 warnings
   Compiling wow-ui-sim v0.1.0 (/home/osso/.worktrees/wow-ui-sim-p820-page)
    Finished `test` profile [optimized + debuginfo] target(s) in 8.67s
     Running tests/integration.rs (/home/osso/.cache/wow-ui-sim-targets/p820-page/debug/deps/integration-1db16289b0998b2a)

running 3 tests
[  0.000s] [Startup] WowLuaEnv::new begin
[  0.000s] [Startup] WowLuaEnv::new begin
[  0.000s] [Startup] WowLuaEnv::new begin
[  0.002s] [Startup] SimState::default complete in 1.83ms
[  0.002s] [Startup] SimState::default complete in 1.84ms
[  0.002s] [Startup] SimState::default complete in 1.84ms
[  0.002s] [Startup] rilua VM created in 104.24µs
[  0.002s] [Startup] rilua VM created in 103.69µs
[  0.002s] [Startup] rilua VM created in 102.70µs
[  0.002s] [Startup] builtin frames initialized in 81.46µs
[  0.002s] [Startup] builtin frames initialized in 86.62µs
[  0.002s] [Startup] template registry cleared in 11.21µs
[  0.002s] [Startup] builtin frames initialized in 94.58µs
[  0.002s] [Startup] template registry cleared in 9.01µs
[  0.002s] [Startup] template registry cleared in 1.54µs
[  0.002s] [Startup] intrinsic templates registered in 4.69µs
[  0.002s] [Startup] intrinsic templates registered in 7.50µs
[  0.002s] [Startup] intrinsic templates registered in 6.44µs
[  0.002s] [Startup] initial app_data lua handle installed in 333.00ns
[  0.002s] [Startup] initial app_data lua handle installed in 2.85µs
[  0.002s] [Startup] initial app_data lua handle installed in 2.73µs
[  0.106s] [Startup] init_lua_state complete in 103.95ms
[  0.106s] [Startup] final app_data lua handle installed in 312.00ns
[  0.106s] [Startup] initial screen globals installed in 87.20µs
[  0.106s] [Startup] WowLuaEnv::new complete
[  0.106s] [Startup] init_lua_state complete in 104.23ms
[  0.106s] [Startup] final app_data lua handle installed in 242.00ns
[  0.106s] [Startup] initial screen globals installed in 68.83µs
[  0.106s] [Startup] WowLuaEnv::new complete
[  0.107s] [Startup] init_lua_state complete in 105.34ms
[  0.107s] [Startup] final app_data lua handle installed in 121.00ns
[  0.107s] [Startup] initial screen globals installed in 63.23µs
[  0.107s] [Startup] WowLuaEnv::new complete
test patch_8_2_0_publication_fixes::patch_8_2_0_unused_widget_member_stays_absent ... ok
test patch_8_2_0_publication_fixes::patch_8_2_0_colon_handler_probe_uses_declared_owner ... ok
test patch_8_2_0_publication_fixes::patch_8_2_0_master_volume_round_trip ... ok

test result: ok. 3 passed; 0 failed; 0 ignored; 0 measured; 10681 filtered out; finished in 0.11s

