[  0.000s] [startup] wow-sim process started pid=268276
[  0.000s] Resource limits: 2 CPU core(s)
[  0.000s] [Startup] WowLuaEnv::new begin
[  0.004s] [Startup] SimState::default complete in 3.19ms
[  0.004s] [Startup] rilua VM created in 193.58µs
[  0.004s] [Startup] builtin frames initialized in 135.98µs
[  0.004s] [Startup] template registry cleared in 14.11µs
[  0.004s] [Startup] intrinsic templates registered in 13.18µs
[  0.004s] [Startup] initial app_data lua handle installed in 1.30µs
[  0.310s] [Startup] init_lua_state complete in 305.96ms
[  0.310s] [Startup] final app_data lua handle installed in 500.00ns
[  0.310s] [Startup] initial screen globals installed in 194.90µs
[  0.310s] [Startup] WowLuaEnv::new complete
[  0.310s] [Startup] screen size set to 1600x1200 in 74.49µs
[  0.310s] [Startup] WowFontSystem::new begin casc=false
[  0.320s] [Startup] font system fallback loaded in 9.37ms
[  0.320s] [Startup] cosmic font system built in 16.85µs
[  0.320s] [Startup] swash cache created in 3.82µs
[  0.320s] [Startup] WowFontSystem::new complete in 9.42ms
[  0.320s] [Startup] font system created in 9.43ms
ALSA lib confmisc.c:855:(parse_card) [error.core] cannot find card '0'
ALSA lib conf.c:5211:(_snd_config_evaluate) [error.core] function snd_func_card_inum returned error: No such file or directory
ALSA lib confmisc.c:422:(snd_func_concat) [error.core] error evaluating strings
ALSA lib conf.c:5211:(_snd_config_evaluate) [error.core] function snd_func_concat returned error: No such file or directory
ALSA lib confmisc.c:1342:(snd_func_refer) [error.core] error evaluating name
ALSA lib conf.c:5211:(_snd_config_evaluate) [error.core] function snd_func_refer returned error: No such file or directory
ALSA lib conf.c:5734:(snd_config_expand) [error.core] Evaluate error: No such file or directory
ALSA lib pcm.c:2722:(snd_pcm_open_noupdate) [error.pcm] Unknown PCM default
[  0.321s] Sound: no audio device available
[  0.321s] [Startup] begin stop GC
[  0.321s] [Startup] end stop GC in 291.00ns
[  0.321s] [Startup] begin configure saved variables
[  0.321s] SavedVariables loading disabled
[  0.321s] [Startup] end configure saved variables in 2.14µs
[  0.321s] [Startup] begin load keybindings
[  0.321s] [Startup] end load keybindings in 210.00ns
[  0.321s] [Startup] begin configure edit mode cache
[  0.321s] EditMode cache: no WoW WTF directory found
[  0.321s] [Startup] end configure edit mode cache in 37.97µs
[  0.321s] [Startup] begin read ServerSnapshot edit mode layout
[  0.321s] [Startup] end read ServerSnapshot edit mode layout in 30.00ns
[  0.321s] [Startup] begin load edit mode cache
[  0.321s] [Startup] end load edit mode cache in 160.00ns
[  0.321s] [Startup] begin load ServerSnapshot character state
[  0.321s] [Startup] end load ServerSnapshot character state in 40.00ns
[  0.321s] [Startup] begin load Blizzard addons
[  0.333s] Loading 291 Blizzard addons...
[  4.079s] Blizzard addons loaded in 3.76s (io=9.10ms xml=208.36ms xmlproc=2.49s frames⊂xmlproc=2.47s lua=741.22ms [compile=610.55ms call=130.67ms] gc=deferred, bytecode cache: 234/1569 hits (15%, lookup_miss=1335 replay_fail=0 stored=1335 store_fail=0))
  frame breakdown: setup=1.17s finalize=2.93s (2482 frames)
  setup: code_build=13.57ms exec_lua=1.16s props=10.84ms
  finalize: layers=104.96ms (1151 tex, 689 fs) anim=24.11ms button=49.71ms lifecycle=1.06s (1761 fires)
[  4.079s] [Startup] end load Blizzard addons in 3.76s
[  4.079s] [Startup] begin prepare chat frame for third-party addons
[  4.080s] [Startup] end prepare chat frame for third-party addons in 980.29µs
[  4.080s] [Startup] begin apply post-Blizzard load workarounds
[  4.080s] [Startup] applying post-load workarounds
[  4.080s] [Startup] apply_post_load_workarounds: begin
[  4.080s] [Workarounds] starting patch_edit_mode_manager
[  4.080s] [Workarounds] finished patch_edit_mode_manager in 376.01µs
[  4.080s] [Workarounds] starting init_edit_mode_layout
[  4.080s] [EditMode] starting setup_layout_info
[  4.085s] [EditMode] finished setup_layout_info in 5.20ms
[  4.085s] [EditMode] starting apply_system_anchors
[  4.280s] [EditMode] finished apply_system_anchors in 195.19ms
[  4.281s] [EditMode] starting finalize_action_bar_positions
[  4.283s] [EditMode] finished finalize_action_bar_positions in 2.44ms
[  4.283s] [EditMode] starting invoke_anchor_changed_hooks
[  4.284s] [EditMode] finished invoke_anchor_changed_hooks in 585.18µs
[  4.284s] [EditMode] starting fix_action_bar_nan_size
[  4.284s] [EditMode] finished fix_action_bar_nan_size in 67.81µs
[  4.284s] [EditMode] starting fix_action_bar_scale
[  4.284s] [EditMode] finished fix_action_bar_scale in 5.86µs
[  4.284s] [Workarounds] finished init_edit_mode_layout in 203.54ms
[  4.284s] [Workarounds] starting patch_ui_parent_panel_toggles
[  4.284s] [Workarounds] finished patch_ui_parent_panel_toggles in 260.12µs
[  4.284s] [Workarounds] starting patch_uiparent_onupdate_worklists
[  4.284s] [Workarounds] finished patch_uiparent_onupdate_worklists in 91.92µs
[  4.284s] [Workarounds] starting init_chat_type_colors
[  4.284s] [Workarounds] finished init_chat_type_colors in 140.04µs
[  4.284s] [Workarounds] starting patch_chat_voice_button_surface
[  4.284s] [Workarounds] finished patch_chat_voice_button_surface in 142.00µs
[  4.284s] [Workarounds] starting patch_item_socketing_tooltips
[  4.284s] [Workarounds] finished patch_item_socketing_tooltips in 62.73µs
[  4.284s] [Workarounds] starting patch_character_select_selected_name
[  4.284s] [Workarounds] finished patch_character_select_selected_name in 30.69µs
[  4.284s] [Workarounds] starting patch_character_create_defaults
[  4.285s] [Workarounds] finished patch_character_create_defaults in 218.13µs
[  4.285s] [Workarounds] starting patch_character_frame_title_refresh
[  4.291s] [Workarounds] finished patch_character_frame_title_refresh in 6.14ms
[  4.291s] [Workarounds] starting patch_vignette_pin_template
[  4.291s] [Workarounds] finished patch_vignette_pin_template in 141.55µs
[  4.291s] [Workarounds] starting patch_fog_of_war_pin_mixin
[  4.291s] [Workarounds] finished patch_fog_of_war_pin_mixin in 355.12µs
[  4.291s] [Workarounds] starting patch_map_exploration_pin_mixin
[  4.297s] [Workarounds] finished patch_map_exploration_pin_mixin in 5.77ms
[  4.297s] [Workarounds] starting patch_map_canvas_data_provider_attachment
[  4.297s] [Workarounds] finished patch_map_canvas_data_provider_attachment in 107.40µs
[  4.297s] [Workarounds] starting ensure_adventure_map_frame_surface
[  4.298s] [Workarounds] finished ensure_adventure_map_frame_surface in 627.96µs
[  4.298s] [Workarounds] starting patch_action_bar_button_event_fanout
[  4.298s] [Workarounds] finished patch_action_bar_button_event_fanout in 127.53µs
[  4.298s] [Workarounds] starting patch_paging_controls_page_text
[  4.298s] [Workarounds] finished patch_paging_controls_page_text in 40.84µs
[  4.298s] [Workarounds] starting patch_talent_edge_frame_level_sync
[  4.298s] [Workarounds] finished patch_talent_edge_frame_level_sync in 31.55µs
[  4.298s] [Workarounds] starting patch_catalog_shop_product_card_defaults
[  4.298s] [Workarounds] finished patch_catalog_shop_product_card_defaults in 66.60µs
[  4.298s] [Workarounds] starting patch_game_time_defaults
[  4.298s] [Workarounds] finished patch_game_time_defaults in 8.38µs
[  4.298s] [Workarounds] starting patch_tooltip_nineslice_surface
[  4.298s] [Workarounds] finished patch_tooltip_nineslice_surface in 44.74µs
[  4.298s] [Workarounds] starting patch_container_frame_token_tracker
[  4.298s] [Workarounds] finished patch_container_frame_token_tracker in 45.97µs
[  4.298s] [Workarounds] starting patch_achievement_display_set_achievements
[  4.298s] [Workarounds] finished patch_achievement_display_set_achievements in 10.65µs
[  4.298s] [Workarounds] starting patch_housing_dashboard_preload
[  4.299s] [Workarounds] finished patch_housing_dashboard_preload in 350.09µs
[  4.299s] [Workarounds] starting patch_lfg_lock_list
[  4.299s] [Workarounds] finished patch_lfg_lock_list in 55.71µs
[  4.299s] [Workarounds] starting patch_auction_house_browse_results_event
[  4.299s] [Workarounds] finished patch_auction_house_browse_results_event in 65.82µs
[  4.299s] [Workarounds] starting patch_auction_house_search_context_aliases
[  4.299s] [Workarounds] finished patch_auction_house_search_context_aliases in 30.70µs
[  4.299s] [Workarounds] starting patch_auth_challenge_frame_parent
[  4.299s] [Workarounds] finished patch_auth_challenge_frame_parent in 87.16µs
[  4.299s] [Workarounds] starting patch_settings_surface_defaults
[  4.299s] [Workarounds] finished patch_settings_surface_defaults in 377.43µs
[  4.299s] [Workarounds] starting patch_settings_canvas_layout_visibility
[  4.299s] [Workarounds] finished patch_settings_canvas_layout_visibility in 109.67µs
[  4.299s] [Startup] apply_post_load_workarounds: workarounds complete
[  4.395s] [Startup] apply_post_load_workarounds: globals restored
[  4.396s] [Startup] apply_post_load_workarounds: patch 12.1 compatibility restored
[  4.396s] [Startup] apply_post_load_workarounds: seterrorhandler restored
[  4.396s] [Startup] post-load workarounds complete in 316.18ms
[  4.396s] [Startup] end apply post-Blizzard load workarounds in 316.19ms
[  4.396s] [Startup] begin load third-party addons
[  4.396s] Addon loading disabled
[  4.396s] [Startup] end load third-party addons in 2.02µs
[  4.396s] [Startup] begin sync addon names to Lua
[  4.397s] [Startup] end sync addon names to Lua in 730.96µs
[  4.397s] [Startup] applying post-load workarounds
[  4.397s] [Startup] apply_post_load_workarounds: begin
[  4.397s] [Workarounds] starting patch_edit_mode_manager
[  4.397s] [Workarounds] finished patch_edit_mode_manager in 371.85µs
[  4.397s] [Workarounds] starting init_edit_mode_layout
[  4.397s] [EditMode] starting setup_layout_info
[  4.402s] [EditMode] finished setup_layout_info in 5.15ms
[  4.402s] [EditMode] starting apply_system_anchors
[  4.544s] [EditMode] finished apply_system_anchors in 142.07ms
[  4.544s] [EditMode] starting finalize_action_bar_positions
[  4.548s] [EditMode] finished finalize_action_bar_positions in 3.44ms
[  4.548s] [EditMode] starting invoke_anchor_changed_hooks
[  4.554s] [EditMode] finished invoke_anchor_changed_hooks in 6.54ms
[  4.554s] [EditMode] starting fix_action_bar_nan_size
[  4.554s] [EditMode] finished fix_action_bar_nan_size in 94.69µs
[  4.554s] [EditMode] starting fix_action_bar_scale
[  4.554s] [EditMode] finished fix_action_bar_scale in 8.42µs
[  4.554s] [Workarounds] finished init_edit_mode_layout in 157.36ms
[  4.554s] [Workarounds] starting patch_ui_parent_panel_toggles
[  4.555s] [Workarounds] finished patch_ui_parent_panel_toggles in 274.04µs
[  4.555s] [Workarounds] starting patch_uiparent_onupdate_worklists
[  4.555s] [Workarounds] finished patch_uiparent_onupdate_worklists in 112.60µs
[  4.555s] [Workarounds] starting init_chat_type_colors
[  4.555s] [Workarounds] finished init_chat_type_colors in 198.75µs
[  4.555s] [Workarounds] starting patch_chat_voice_button_surface
[  4.555s] [Workarounds] finished patch_chat_voice_button_surface in 408.63µs
[  4.555s] [Workarounds] starting patch_item_socketing_tooltips
[  4.555s] [Workarounds] finished patch_item_socketing_tooltips in 68.70µs
[  4.555s] [Workarounds] starting patch_character_select_selected_name
[  4.555s] [Workarounds] finished patch_character_select_selected_name in 31.43µs
[  4.555s] [Workarounds] starting patch_character_create_defaults
[  4.556s] [Workarounds] finished patch_character_create_defaults in 239.38µs
[  4.556s] [Workarounds] starting patch_character_frame_title_refresh
[  4.563s] [Workarounds] finished patch_character_frame_title_refresh in 7.22ms
[  4.563s] [Workarounds] starting patch_vignette_pin_template
[  4.563s] [Workarounds] finished patch_vignette_pin_template in 193.05µs
[  4.563s] [Workarounds] starting patch_fog_of_war_pin_mixin
[  4.564s] [Workarounds] finished patch_fog_of_war_pin_mixin in 374.32µs
[  4.564s] [Workarounds] starting patch_map_exploration_pin_mixin
[  4.564s] [Workarounds] finished patch_map_exploration_pin_mixin in 451.04µs
[  4.564s] [Workarounds] starting patch_map_canvas_data_provider_attachment
[  4.564s] [Workarounds] finished patch_map_canvas_data_provider_attachment in 58.23µs
[  4.564s] [Workarounds] starting ensure_adventure_map_frame_surface
[  4.564s] [Workarounds] finished ensure_adventure_map_frame_surface in 165.88µs
[  4.564s] [Workarounds] starting patch_action_bar_button_event_fanout
[  4.564s] [Workarounds] finished patch_action_bar_button_event_fanout in 130.60µs
[  4.564s] [Workarounds] starting patch_paging_controls_page_text
[  4.564s] [Workarounds] finished patch_paging_controls_page_text in 40.08µs
[  4.564s] [Workarounds] starting patch_talent_edge_frame_level_sync
[  4.564s] [Workarounds] finished patch_talent_edge_frame_level_sync in 27.45µs
[  4.564s] [Workarounds] starting patch_catalog_shop_product_card_defaults
[  4.564s] [Workarounds] finished patch_catalog_shop_product_card_defaults in 63.45µs
[  4.564s] [Workarounds] starting patch_game_time_defaults
[  4.564s] [Workarounds] finished patch_game_time_defaults in 6.97µs
[  4.564s] [Workarounds] starting patch_tooltip_nineslice_surface
[  4.565s] [Workarounds] finished patch_tooltip_nineslice_surface in 44.25µs
[  4.565s] [Workarounds] starting patch_container_frame_token_tracker
[  4.565s] [Workarounds] finished patch_container_frame_token_tracker in 43.83µs
[  4.565s] [Workarounds] starting patch_achievement_display_set_achievements
[  4.565s] [Workarounds] finished patch_achievement_display_set_achievements in 10.42µs
[  4.565s] [Workarounds] starting patch_housing_dashboard_preload
[  4.565s] [Workarounds] finished patch_housing_dashboard_preload in 102.70µs
[  4.565s] [Workarounds] starting patch_lfg_lock_list
[  4.565s] [Workarounds] finished patch_lfg_lock_list in 8.16µs
[  4.565s] [Workarounds] starting patch_auction_house_browse_results_event
[  4.565s] [Workarounds] finished patch_auction_house_browse_results_event in 64.28µs
[  4.565s] [Workarounds] starting patch_auction_house_search_context_aliases
[  4.565s] [Workarounds] finished patch_auction_house_search_context_aliases in 29.83µs
[  4.565s] [Workarounds] starting patch_auth_challenge_frame_parent
[  4.565s] [Workarounds] finished patch_auth_challenge_frame_parent in 56.09µs
[  4.565s] [Workarounds] starting patch_settings_surface_defaults
[  4.565s] [Workarounds] finished patch_settings_surface_defaults in 446.70µs
[  4.565s] [Workarounds] starting patch_settings_canvas_layout_visibility
[  4.565s] [Workarounds] finished patch_settings_canvas_layout_visibility in 110.76µs
[  4.565s] [Startup] apply_post_load_workarounds: workarounds complete
[  4.658s] [Startup] apply_post_load_workarounds: globals restored
[  4.659s] [Startup] apply_post_load_workarounds: patch 12.1 compatibility restored
[  4.659s] [Startup] apply_post_load_workarounds: seterrorhandler restored
[  4.659s] [Startup] post-load workarounds complete in 262.33ms
[  4.659s] [Startup] restarting GC after bootstrap
[  5.099s] [Startup] GC restart complete in 439.26ms
=== Final observed Lua error summary ===
Status: CLEAN
Lua errors: 0 unique, 0 occurrence(s)
Attributed owners: 0
Unattributed Lua errors: 0 occurrence(s)
[]
