warning: iced-wgpu-patched/Cargo.toml: `lints.clippy.large-enum-variant` is deprecated in favor of `lints.clippy.large_enum_variant` and will not work in a future edition
warning: iced-wgpu-patched/Cargo.toml: `lints.clippy.map-entry` is deprecated in favor of `lints.clippy.map_entry` and will not work in a future edition
warning: iced-wgpu-patched/Cargo.toml: `lints.clippy.match-wildcard-for-single-variants` is deprecated in favor of `lints.clippy.match_wildcard_for_single_variants` and will not work in a future edition
warning: iced-wgpu-patched/Cargo.toml: `lints.clippy.redundant-closure-for-method-calls` is deprecated in favor of `lints.clippy.redundant_closure_for_method_calls` and will not work in a future edition
warning: iced-wgpu-patched/Cargo.toml: `lints.clippy.trivially-copy-pass-by-ref` is deprecated in favor of `lints.clippy.trivially_copy_pass_by_ref` and will not work in a future edition
warning: iced-wgpu-patched/Cargo.toml: `lints.clippy.type-complexity` is deprecated in favor of `lints.clippy.type_complexity` and will not work in a future edition
warning: `iced_wgpu` (manifest) generated 6 warnings
   Compiling wow-ui-sim v0.1.0 (/home/osso/.worktrees/wow-ui-sim-p820-page)
    Finished `test` profile [optimized + debuginfo] target(s) in 1m 13s
     Running tests/prefork_full_ui.rs (/home/osso/.cache/wow-ui-sim-targets/p820-page/debug/deps/prefork_full_ui-21dd5c807fe7a7b6)
[  0.000s] [Startup] WowLuaEnv::new begin
[  0.002s] [Startup] SimState::default complete in 2.14ms
[  0.002s] [Startup] rilua VM created in 123.27µs
[  0.002s] [Startup] builtin frames initialized in 101.56µs
[  0.002s] [Startup] template registry cleared in 27.45µs
[  0.002s] [Startup] intrinsic templates registered in 17.57µs
[  0.002s] [Startup] initial app_data lua handle installed in 2.09µs
[  0.228s] [Startup] init_lua_state complete in 225.49ms
[  0.228s] [Startup] final app_data lua handle installed in 261.00ns
[  0.228s] [Startup] initial screen globals installed in 132.04µs
[  0.228s] [Startup] WowLuaEnv::new complete
[  3.444s] [Startup] apply_post_load_workarounds: begin
[  3.444s] [Workarounds] starting patch_edit_mode_manager
[  3.444s] [Workarounds] finished patch_edit_mode_manager in 336.62µs
[  3.444s] [Workarounds] starting init_edit_mode_layout
[  3.444s] [EditMode] starting setup_layout_info
[  3.448s] [EditMode] finished setup_layout_info in 3.82ms
[  3.448s] [EditMode] starting apply_system_anchors
[  3.647s] [EditMode] finished apply_system_anchors in 199.26ms
[  3.647s] [EditMode] starting finalize_action_bar_positions
[  3.651s] [EditMode] finished finalize_action_bar_positions in 3.54ms
[  3.651s] [EditMode] starting invoke_anchor_changed_hooks
[  3.652s] [EditMode] finished invoke_anchor_changed_hooks in 697.06µs
[  3.652s] [EditMode] starting fix_action_bar_nan_size
[  3.652s] [EditMode] finished fix_action_bar_nan_size in 66.30µs
[  3.652s] [EditMode] starting fix_action_bar_scale
[  3.652s] [EditMode] finished fix_action_bar_scale in 4.33µs
[  3.652s] [Workarounds] finished init_edit_mode_layout in 207.47ms
[  3.652s] [Workarounds] starting patch_ui_parent_panel_toggles
[  3.652s] [Workarounds] finished patch_ui_parent_panel_toggles in 276.70µs
[  3.652s] [Workarounds] starting patch_uiparent_onupdate_worklists
[  3.652s] [Workarounds] finished patch_uiparent_onupdate_worklists in 111.60µs
[  3.652s] [Workarounds] starting init_chat_type_colors
[  3.652s] [Workarounds] finished init_chat_type_colors in 205.32µs
[  3.652s] [Workarounds] starting patch_chat_voice_button_surface
[  3.653s] [Workarounds] finished patch_chat_voice_button_surface in 191.14µs
[  3.653s] [Workarounds] starting patch_item_socketing_tooltips
[  3.653s] [Workarounds] finished patch_item_socketing_tooltips in 67.17µs
[  3.653s] [Workarounds] starting patch_character_select_selected_name
[  3.653s] [Workarounds] finished patch_character_select_selected_name in 28.72µs
[  3.653s] [Workarounds] starting patch_character_create_defaults
[  3.653s] [Workarounds] finished patch_character_create_defaults in 265.32µs
[  3.653s] [Workarounds] starting patch_character_frame_title_refresh
[  3.659s] [Workarounds] finished patch_character_frame_title_refresh in 6.54ms
[  3.659s] [Workarounds] starting patch_vignette_pin_template
[  3.660s] [Workarounds] finished patch_vignette_pin_template in 160.13µs
[  3.660s] [Workarounds] starting patch_fog_of_war_pin_mixin
[  3.660s] [Workarounds] finished patch_fog_of_war_pin_mixin in 397.81µs
[  3.660s] [Workarounds] starting patch_map_exploration_pin_mixin
[  3.667s] [Workarounds] finished patch_map_exploration_pin_mixin in 6.75ms
[  3.667s] [Workarounds] starting patch_map_canvas_data_provider_attachment
[  3.667s] [Workarounds] finished patch_map_canvas_data_provider_attachment in 141.31µs
[  3.667s] [Workarounds] starting ensure_adventure_map_frame_surface
[  3.668s] [Workarounds] finished ensure_adventure_map_frame_surface in 696.07µs
[  3.668s] [Workarounds] starting patch_action_bar_button_event_fanout
[  3.668s] [Workarounds] finished patch_action_bar_button_event_fanout in 163.78µs
[  3.668s] [Workarounds] starting patch_paging_controls_page_text
[  3.668s] [Workarounds] finished patch_paging_controls_page_text in 54.11µs
[  3.668s] [Workarounds] starting patch_talent_edge_frame_level_sync
[  3.668s] [Workarounds] finished patch_talent_edge_frame_level_sync in 33.73µs
[  3.668s] [Workarounds] starting patch_catalog_shop_product_card_defaults
[  3.668s] [Workarounds] finished patch_catalog_shop_product_card_defaults in 78.96µs
[  3.668s] [Workarounds] starting patch_game_time_defaults
[  3.668s] [Workarounds] finished patch_game_time_defaults in 7.66µs
[  3.668s] [Workarounds] starting patch_tooltip_nineslice_surface
[  3.668s] [Workarounds] finished patch_tooltip_nineslice_surface in 57.67µs
[  3.668s] [Workarounds] starting patch_container_frame_token_tracker
[  3.668s] [Workarounds] finished patch_container_frame_token_tracker in 64.16µs
[  3.668s] [Workarounds] starting patch_achievement_display_set_achievements
[  3.668s] [Workarounds] finished patch_achievement_display_set_achievements in 16.76µs
[  3.668s] [Workarounds] starting patch_housing_dashboard_preload
[  3.668s] [Workarounds] finished patch_housing_dashboard_preload in 238.90µs
[  3.668s] [Workarounds] starting patch_lfg_lock_list
[  3.668s] [Workarounds] finished patch_lfg_lock_list in 57.14µs
[  3.668s] [Workarounds] starting patch_auction_house_browse_results_event
[  3.669s] [Workarounds] finished patch_auction_house_browse_results_event in 65.50µs
[  3.669s] [Workarounds] starting patch_auction_house_search_context_aliases
[  3.669s] [Workarounds] finished patch_auction_house_search_context_aliases in 34.00µs
[  3.669s] [Workarounds] starting patch_auth_challenge_frame_parent
[  3.669s] [Workarounds] finished patch_auth_challenge_frame_parent in 103.34µs
[  3.669s] [Workarounds] starting patch_settings_surface_defaults
[  3.669s] [Workarounds] finished patch_settings_surface_defaults in 427.05µs
[  3.669s] [Workarounds] starting patch_settings_canvas_layout_visibility
[  3.669s] [Workarounds] finished patch_settings_canvas_layout_visibility in 114.94µs
[  3.669s] [Startup] apply_post_load_workarounds: workarounds complete
[  3.769s] [Startup] apply_post_load_workarounds: globals restored
[  3.769s] [Startup] apply_post_load_workarounds: patch 12.1 compatibility restored
[  3.769s] [Startup] apply_post_load_workarounds: seterrorhandler restored
[  4.124s] [Startup] begin login sequence
[  4.124s] [Startup] Firing ADDON_LOADED
[  4.124s] [Startup] Firing VARIABLES_LOADED
[  4.310s] [Startup] Firing DISPLAY_SIZE_CHANGED
[  4.411s] [Startup] Firing UI_SCALE_CHANGED
[  4.414s] [Startup] Firing PLAYER_LOGIN
[  4.414s] [Startup] end login sequence in 289.45ms
[  4.414s] [Startup] begin world enter sequence
[  4.414s] [Startup] Skipping EDIT_MODE_LAYOUTS_UPDATED
[  4.414s] [Startup] Firing TIME_PLAYED_MSG via RequestTimePlayed
[  4.414s] [Startup] Firing PLAYER_ENTERING_WORLD
[  4.799s] [EditMode] starting setup_layout_info
[  4.806s] [EditMode] finished setup_layout_info in 6.15ms
[  4.806s] [EditMode] starting apply_system_anchors
[  5.015s] [EditMode] finished apply_system_anchors in 209.79ms
[  5.015s] [EditMode] starting finalize_action_bar_positions
[  5.019s] [EditMode] finished finalize_action_bar_positions in 3.61ms
[  5.019s] [EditMode] starting invoke_anchor_changed_hooks
[  5.030s] [EditMode] finished invoke_anchor_changed_hooks in 10.63ms
[  5.030s] [EditMode] starting fix_action_bar_nan_size
[  5.030s] [EditMode] finished fix_action_bar_nan_size in 174.30µs
[  5.030s] [EditMode] starting fix_action_bar_scale
[  5.030s] [EditMode] finished fix_action_bar_scale in 8.46µs
[  5.030s] [EditMode] starting reapply_player_frame_anchor
[  5.032s] [EditMode] finished reapply_player_frame_anchor in 2.20ms
[  5.043s] [Startup] end world enter sequence in 629.34ms
[  5.043s] [Startup] begin post-login events
[  5.044s] [Startup] Firing UNIT_AURA
[  5.045s] [Startup] Firing PET_UI_UPDATE
[  5.048s] [Startup] Firing BAG_UPDATE_DELAYED
[  5.050s] [Startup] Firing QUEST_LOG_UPDATE
[  5.052s] [Startup] Firing GROUP_ROSTER_UPDATE
[  5.184s] [Startup] Firing ACTIONBAR_UPDATE_STATE
[  5.184s] [Startup] Firing ACTIONBAR_UPDATE_COOLDOWN
[  5.186s] [Startup] Firing UPDATE_BONUS_ACTIONBAR
[  5.202s] [Startup] Firing PLAYER_CAN_GLIDE_CHANGED
[  5.202s] [Startup] Firing PLAYER_IS_GLIDING_CHANGED
[  5.202s] [Startup] Firing UPDATE_BINDINGS
[  5.206s] [Startup] Firing UPDATE_CHAT_WINDOWS
[  5.209s] [Startup] Firing LFG_UPDATE_RANDOM_INFO
[  5.211s] [Startup] end post-login events in 167.56ms
[  5.211s] [Startup] begin close startup special windows
[  5.211s] [Startup] end close startup special windows in 535.64µs
[  5.211s] [Startup] begin FIRST_FRAME_RENDERED
[  5.211s] [Startup] Firing FIRST_FRAME_RENDERED
[  5.211s] [Startup] end FIRST_FRAME_RENDERED in 342.63µs
[  5.211s] [Startup] begin unblock hidden splash alerts
[  5.211s] [Startup] end unblock hidden splash alerts in 20.55µs
[  5.211s] [Startup] begin post-event workarounds
[  5.211s] [Startup] end post-event workarounds in 1.17µs
running 2 tests
test patch_8_2_0_cached_surfaces::patch_8_2_0_cached_volume_and_retirement ... ok
test patch_8_2_0_publication_sweep::patch_8_2_0_publication_sweep ... FAILED (panic: assertion `left == right` failed: new gaps: ["wt-cvars-GxuSwapChainSize-281", "wt-cvars-GxuWindowSize-282", "wt-cvars-ToggleWindowMode-283", "wt-cvars-UpdateWindow-284", "wt-cvars-azeriteEssenceSwapTutorial-252", "wt-global-api-BNSetFriendFavoriteFlag-36", "wt-global-api-C_AzeriteEssence.CanDeactivateEssence-39", "wt-global-api-C_ChatInfo.GetClubStreamIDs-57", "wt-global-api-C_ClubFinder.CheckAllPlayerApplicantSettings-61", "wt-global-api-C_ClubFinder.ClearAllFinderCache-62", "wt-global-api-C_ClubFinder.ClearClubApplicantsCache-63", "wt-global-api-C_ClubFinder.ClearClubFinderPostingsCache-64", "wt-global-api-C_ClubFinder.ReturnCommunityApplicantList-76", "wt-global-api-C_ClubFinder.ReturnGuildApplicantList-77", "wt-global-api-C_ClubFinder.ReturnPendingCommunityApplicantList-80", "wt-global-api-C_ClubFinder.ReturnPendingGuildApplicantList-81", "wt-global-api-C_ClubFinder.ShouldShowClubFinder-84", "wt-global-api-C_Commentator.GetElapsedMs-85", "wt-global-api-C_EncounterJournal.SetPreviewMythicPlusLevel-86", "wt-global-api-C_EncounterJournal.SetPreviewPvpTier-87", "wt-global-api-C_ItemUpgrade.GetItemHyperlink-92", "wt-global-api-C_MountJournal.ApplyMountEquipment-93", "wt-global-api-C_PaperDollInfo.GetInspectItemLevel-100", "wt-global-api-C_PvP.CanDisplayDeaths-104", "wt-global-api-C_PvP.CanDisplayHonorableKills-105", "wt-global-api-C_PvP.DoesMatchOutcomeAffectRating-106", "wt-global-api-C_PvP.GetActiveMatchBracket-107", "wt-global-api-C_PvP.GetActiveMatchDuration-108", "wt-global-api-C_PvP.GetActiveMatchWinner-110", "wt-global-api-C_PvP.GetMatchPVPStatColumn-111", "wt-global-api-C_PvP.GetMatchPVPStatIDs-112", "wt-global-api-C_PvP.GetPVPActiveMatchPersonalRatedInfo-115", "wt-global-api-C_PvP.GetPostMatchCurrencyRewards-113", "wt-global-api-C_PvP.GetPostMatchItemRewards-114", "wt-global-api-C_PvP.GetScoreInfo-116", "wt-global-api-C_PvP.GetScoreInfoByPlayerGuid-117", "wt-global-api-C_PvP.GetTeamInfo-118", "wt-global-api-C_PvP.IsActiveMatchRegistered-119", "wt-global-api-C_PvP.IsArena-120", "wt-global-api-C_PvP.IsBattleground-121", "wt-global-api-C_PvP.IsMatchFactional-123", "wt-global-api-C_SpellBook.ContainsAnyDisenchantSpell-132", "wt-global-api-C_UIWidgetManager.GetTextureAndTextRowVisualizationInfo-134", "wt-global-api-C_UIWidgetManager.GetTextureAndTextVisualizationInfo-135", "wt-global-api-C_UIWidgetManager.GetZoneControlVisualizationInfo-136", "wt-global-api-C_VoiceChat.IsChannelJoinPending-138", "wt-global-api-SetMoveEnabled-142", "wt-global-api-SetTurnEnabled-143", "wt-global-api-ShouldShowIslandsWeeklyPOI-144", "wt-global-api-ShouldShowSpecialSplashScreen-145", "wt-global-api-UpdateWindow-147", "wt-widgets-Checkout:CopyExternalLink-173", "wt-widgets-Checkout:OnButtonUpdate-197", "wt-widgets-Checkout:OnEditFocusGained-198", "wt-widgets-Checkout:OnEditFocusLost-199", "wt-widgets-Checkout:OnError-200", "wt-widgets-Checkout:OnExternalLink-202", "wt-widgets-TabardModel:GetLowerEmblemFile-178", "wt-widgets-TabardModel:GetUpperEmblemFile-179"]; resolved/stale gaps: []
  left: {"wt-cvars-GxuSwapChainSize-281", "wt-cvars-GxuWindowSize-282", "wt-cvars-ToggleWindowMode-283", "wt-cvars-UpdateWindow-284", "wt-cvars-azeriteEssenceSwapTutorial-252", "wt-global-api-BNSetFriendFavoriteFlag-36", "wt-global-api-C_AzeriteEssence.CanDeactivateEssence-39", "wt-global-api-C_ChatInfo.GetClubStreamIDs-57", "wt-global-api-C_ClubFinder.CheckAllPlayerApplicantSettings-61", "wt-global-api-C_ClubFinder.ClearAllFinderCache-62", "wt-global-api-C_ClubFinder.ClearClubApplicantsCache-63", "wt-global-api-C_ClubFinder.ClearClubFinderPostingsCache-64", "wt-global-api-C_ClubFinder.ReturnCommunityApplicantList-76", "wt-global-api-C_ClubFinder.ReturnGuildApplicantList-77", "wt-global-api-C_ClubFinder.ReturnPendingCommunityApplicantList-80", "wt-global-api-C_ClubFinder.ReturnPendingGuildApplicantList-81", "wt-global-api-C_ClubFinder.ShouldShowClubFinder-84", "wt-global-api-C_Commentator.GetElapsedMs-85", "wt-global-api-C_EncounterJournal.SetPreviewMythicPlusLevel-86", "wt-global-api-C_EncounterJournal.SetPreviewPvpTier-87", "wt-global-api-C_ItemUpgrade.GetI)
---- patch_8_2_0_publication_sweep::patch_8_2_0_publication_sweep stderr ----

thread 'main' (214872) panicked at /home/osso/.worktrees/wow-ui-sim-p820-page/tests/common/publication_sweep.rs:504:5:
assertion `left == right` failed: new gaps: ["wt-cvars-GxuSwapChainSize-281", "wt-cvars-GxuWindowSize-282", "wt-cvars-ToggleWindowMode-283", "wt-cvars-UpdateWindow-284", "wt-cvars-azeriteEssenceSwapTutorial-252", "wt-global-api-BNSetFriendFavoriteFlag-36", "wt-global-api-C_AzeriteEssence.CanDeactivateEssence-39", "wt-global-api-C_ChatInfo.GetClubStreamIDs-57", "wt-global-api-C_ClubFinder.CheckAllPlayerApplicantSettings-61", "wt-global-api-C_ClubFinder.ClearAllFinderCache-62", "wt-global-api-C_ClubFinder.ClearClubApplicantsCache-63", "wt-global-api-C_ClubFinder.ClearClubFinderPostingsCache-64", "wt-global-api-C_ClubFinder.ReturnCommunityApplicantList-76", "wt-global-api-C_ClubFinder.ReturnGuildApplicantList-77", "wt-global-api-C_ClubFinder.ReturnPendingCommunityApplicantList-80", "wt-global-api-C_ClubFinder.ReturnPendingGuildApplicantList-81", "wt-global-api-C_ClubFinder.ShouldShowClubFinder-84", "wt-global-api-C_Commentator.GetElapsedMs-85", "wt-global-api-C_EncounterJournal.SetPreviewMythicPlusLevel-86", "wt-global-api-C_EncounterJournal.SetPreviewPvpTier-87", "wt-global-api-C_ItemUpgrade.GetItemHyperlink-92", "wt-global-api-C_MountJournal.ApplyMountEquipment-93", "wt-global-api-C_PaperDollInfo.GetInspectItemLevel-100", "wt-global-api-C_PvP.CanDisplayDeaths-104", "wt-global-api-C_PvP.CanDisplayHonorableKills-105", "wt-global-api-C_PvP.DoesMatchOutcomeAffectRating-106", "wt-global-api-C_PvP.GetActiveMatchBracket-107", "wt-global-api-C_PvP.GetActiveMatchDuration-108", "wt-global-api-C_PvP.GetActiveMatchWinner-110", "wt-global-api-C_PvP.GetMatchPVPStatColumn-111", "wt-global-api-C_PvP.GetMatchPVPStatIDs-112", "wt-global-api-C_PvP.GetPVPActiveMatchPersonalRatedInfo-115", "wt-global-api-C_PvP.GetPostMatchCurrencyRewards-113", "wt-global-api-C_PvP.GetPostMatchItemRewards-114", "wt-global-api-C_PvP.GetScoreInfo-116", "wt-global-api-C_PvP.GetScoreInfoByPlayerGuid-117", "wt-global-api-C_PvP.GetTeamInfo-118", "wt-global-api-C_PvP.IsActiveMatchRegistered-119", "wt-global-api-C_PvP.IsArena-120", "wt-global-api-C_PvP.IsBattleground-121", "wt-global-api-C_PvP.IsMatchFactional-123", "wt-global-api-C_SpellBook.ContainsAnyDisenchantSpell-132", "wt-global-api-C_UIWidgetManager.GetTextureAndTextRowVisualizationInfo-134", "wt-global-api-C_UIWidgetManager.GetTextureAndTextVisualizationInfo-135", "wt-global-api-C_UIWidgetManager.GetZoneControlVisualizationInfo-136", "wt-global-api-C_VoiceChat.IsChannelJoinPending-138", "wt-global-api-SetMoveEnabled-142", "wt-global-api-SetTurnEnabled-143", "wt-global-api-ShouldShowIslandsWeeklyPOI-144", "wt-global-api-ShouldShowSpecialSplashScreen-145", "wt-global-api-UpdateWindow-147", "wt-widgets-Checkout:CopyExternalLink-173", "wt-widgets-Checkout:OnButtonUpdate-197", "wt-widgets-Checkout:OnEditFocusGained-198", "wt-widgets-Checkout:OnEditFocusLost-199", "wt-widgets-Checkout:OnError-200", "wt-widgets-Checkout:OnExternalLink-202", "wt-widgets-TabardModel:GetLowerEmblemFile-178", "wt-widgets-TabardModel:GetUpperEmblemFile-179"]; resolved/stale gaps: []
  left: {"wt-cvars-GxuSwapChainSize-281", "wt-cvars-GxuWindowSize-282", "wt-cvars-ToggleWindowMode-283", "wt-cvars-UpdateWindow-284", "wt-cvars-azeriteEssenceSwapTutorial-252", "wt-global-api-BNSetFriendFavoriteFlag-36", "wt-global-api-C_AzeriteEssence.CanDeactivateEssence-39", "wt-global-api-C_ChatInfo.GetClubStreamIDs-57", "wt-global-api-C_ClubFinder.CheckAllPlayerApplicantSettings-61", "wt-global-api-C_ClubFinder.ClearAllFinderCache-62", "wt-global-api-C_ClubFinder.ClearClubApplicantsCache-63", "wt-global-api-C_ClubFinder.ClearClubFinderPostingsCache-64", "wt-global-api-C_ClubFinder.ReturnCommunityApplicantList-76", "wt-global-api-C_ClubFinder.ReturnGuildApplicantList-77", "wt-global-api-C_ClubFinder.ReturnPendingCommunityApplicantList-80", "wt-global-api-C_ClubFinder.ReturnPendingGuildApplicantList-81", "wt-global-api-C_ClubFinder.ShouldShowClubFinder-84", "wt-global-api-C_Commentator.GetElapsedMs-85", "wt-global-api-C_EncounterJournal.SetPreviewMythicPlusLevel-86", "wt-global-api-C_EncounterJournal.SetPreviewPvpTier-87", "wt-global-api-C_ItemUpgrade.GetItemHyperlink-92", "wt-global-api-C_MountJournal.ApplyMountEquipment-93", "wt-global-api-C_PaperDollInfo.GetInspectItemLevel-100", "wt-global-api-C_PvP.CanDisplayDeaths-104", "wt-global-api-C_PvP.CanDisplayHonorableKills-105", "wt-global-api-C_PvP.DoesMatchOutcomeAffectRating-106", "wt-global-api-C_PvP.GetActiveMatchBracket-107", "wt-global-api-C_PvP.GetActiveMatchDuration-108", "wt-global-api-C_PvP.GetActiveMatchWinner-110", "wt-global-api-C_PvP.GetMatchPVPStatColumn-111", "wt-global-api-C_PvP.GetMatchPVPStatIDs-112", "wt-global-api-C_PvP.GetPVPActiveMatchPersonalRatedInfo-115", "wt-global-api-C_PvP.GetPostMatchCurrencyRewards-113", "wt-global-api-C_PvP.GetPostMatchItemRewards-114", "wt-global-api-C_PvP.GetScoreInfo-116", "wt-global-api-C_PvP.GetScoreInfoByPlayerGuid-117", "wt-global-api-C_PvP.GetTeamInfo-118", "wt-global-api-C_PvP.IsActiveMatchRegistered-119", "wt-global-api-C_PvP.IsArena-120", "wt-global-api-C_PvP.IsBattleground-121", "wt-global-api-C_PvP.IsMatchFactional-123", "wt-global-api-C_SpellBook.ContainsAnyDisenchantSpell-132", "wt-global-api-C_UIWidgetManager.GetTextureAndTextRowVisualizationInfo-134", "wt-global-api-C_UIWidgetManager.GetTextureAndTextVisualizationInfo-135", "wt-global-api-C_UIWidgetManager.GetZoneControlVisualizationInfo-136", "wt-global-api-C_VoiceChat.IsChannelJoinPending-138", "wt-global-api-SetMoveEnabled-142", "wt-global-api-SetTurnEnabled-143", "wt-global-api-ShouldShowIslandsWeeklyPOI-144", "wt-global-api-ShouldShowSpecialSplashScreen-145", "wt-global-api-UpdateWindow-147", "wt-widgets-Checkout:CopyExternalLink-173", "wt-widgets-Checkout:OnButtonUpdate-197", "wt-widgets-Checkout:OnEditFocusGained-198", "wt-widgets-Checkout:OnEditFocusLost-199", "wt-widgets-Checkout:OnError-200", "wt-widgets-Checkout:OnExternalLink-202", "wt-widgets-TabardModel:GetLowerEmblemFile-178", "wt-widgets-TabardModel:GetUpperEmblemFile-179"}
 right: {}
note: run with `RUST_BACKTRACE=1` environment variable to display a backtrace

test result: FAILED. 1 passed; 1 failed; 2 total
error: test failed, to rerun pass `--test prefork_full_ui`

Caused by:
  process didn't exit successfully: `/home/osso/.cache/wow-ui-sim-targets/p820-page/debug/deps/prefork_full_ui-21dd5c807fe7a7b6 patch_8_2_0` (exit status: 1)
