warning: iced-wgpu-patched/Cargo.toml: `lints.clippy.large-enum-variant` is deprecated in favor of `lints.clippy.large_enum_variant` and will not work in a future edition
warning: iced-wgpu-patched/Cargo.toml: `lints.clippy.map-entry` is deprecated in favor of `lints.clippy.map_entry` and will not work in a future edition
warning: iced-wgpu-patched/Cargo.toml: `lints.clippy.match-wildcard-for-single-variants` is deprecated in favor of `lints.clippy.match_wildcard_for_single_variants` and will not work in a future edition
warning: iced-wgpu-patched/Cargo.toml: `lints.clippy.redundant-closure-for-method-calls` is deprecated in favor of `lints.clippy.redundant_closure_for_method_calls` and will not work in a future edition
warning: iced-wgpu-patched/Cargo.toml: `lints.clippy.trivially-copy-pass-by-ref` is deprecated in favor of `lints.clippy.trivially_copy_pass_by_ref` and will not work in a future edition
warning: iced-wgpu-patched/Cargo.toml: `lints.clippy.type-complexity` is deprecated in favor of `lints.clippy.type_complexity` and will not work in a future edition
warning: `iced_wgpu` (manifest) generated 6 warnings
   Compiling wow-ui-sim v0.1.0 (/home/osso/.worktrees/wow-ui-sim-p820-page)
    Finished `test` profile [optimized + debuginfo] target(s) in 2m 31s
     Running tests/integration.rs (/home/osso/.cache/wow-ui-sim-targets/p820-page/debug/deps/integration-f15e4c1da9a8b8f4)

running 1 test
[  0.000s] [Startup] WowLuaEnv::new begin
[  0.002s] [Startup] SimState::default complete in 1.79ms
[  0.002s] [Startup] rilua VM created in 109.25µs
[  0.002s] [Startup] builtin frames initialized in 75.33µs
[  0.002s] [Startup] template registry cleared in 6.09µs
[  0.003s] [Startup] intrinsic templates registered in 1.09ms
[  0.003s] [Startup] initial app_data lua handle installed in 1.06µs
[  0.149s] [Startup] init_lua_state complete in 145.39ms
[  0.149s] [Startup] final app_data lua handle installed in 351.00ns
[  0.149s] [Startup] initial screen globals installed in 99.74µs
[  0.149s] [Startup] WowLuaEnv::new complete
test patch_8_2_0_classic_surfaces::patch_8_2_0_mists_widget_and_volume_preserved ... ok

test result: ok. 1 passed; 0 failed; 0 ignored; 0 measured; 8163 filtered out; finished in 0.15s

