warning: iced-wgpu-patched/Cargo.toml: `lints.clippy.large-enum-variant` is deprecated in favor of `lints.clippy.large_enum_variant` and will not work in a future edition
warning: iced-wgpu-patched/Cargo.toml: `lints.clippy.map-entry` is deprecated in favor of `lints.clippy.map_entry` and will not work in a future edition
warning: iced-wgpu-patched/Cargo.toml: `lints.clippy.match-wildcard-for-single-variants` is deprecated in favor of `lints.clippy.match_wildcard_for_single_variants` and will not work in a future edition
warning: iced-wgpu-patched/Cargo.toml: `lints.clippy.redundant-closure-for-method-calls` is deprecated in favor of `lints.clippy.redundant_closure_for_method_calls` and will not work in a future edition
warning: iced-wgpu-patched/Cargo.toml: `lints.clippy.trivially-copy-pass-by-ref` is deprecated in favor of `lints.clippy.trivially_copy_pass_by_ref` and will not work in a future edition
warning: iced-wgpu-patched/Cargo.toml: `lints.clippy.type-complexity` is deprecated in favor of `lints.clippy.type_complexity` and will not work in a future edition
warning: `iced_wgpu` (manifest) generated 6 warnings
    Finished `test` profile [optimized + debuginfo] target(s) in 0.59s
     Running tests/prefork_full_ui.rs (/home/osso/.cache/wow-ui-sim-targets/p820-page/debug/deps/prefork_full_ui-21dd5c807fe7a7b6)
[  0.000s] [Startup] WowLuaEnv::new begin
[  0.008s] [Startup] SimState::default complete in 7.83ms
[  0.008s] [Startup] rilua VM created in 325.40µs
[  0.009s] [Startup] builtin frames initialized in 252.07µs
[  0.009s] [Startup] template registry cleared in 29.84µs
[  0.009s] [Startup] intrinsic templates registered in 38.96µs
[  0.009s] [Startup] initial app_data lua handle installed in 1.54µs
[  0.605s] [Startup] init_lua_state complete in 596.17ms
[  0.605s] [Startup] final app_data lua handle installed in 1.25µs
[  0.605s] [Startup] initial screen globals installed in 414.92µs
[  0.605s] [Startup] WowLuaEnv::new complete
[  4.580s] [Startup] apply_post_load_workarounds: begin
[  4.580s] [Workarounds] starting patch_edit_mode_manager
[  4.580s] [Workarounds] finished patch_edit_mode_manager in 338.74µs
[  4.580s] [Workarounds] starting init_edit_mode_layout
[  4.580s] [EditMode] starting setup_layout_info
[  4.584s] [EditMode] finished setup_layout_info in 3.97ms
[  4.584s] [EditMode] starting apply_system_anchors
[  4.791s] [EditMode] finished apply_system_anchors in 206.43ms
[  4.791s] [EditMode] starting finalize_action_bar_positions
[  4.794s] [EditMode] finished finalize_action_bar_positions in 3.32ms
[  4.794s] [EditMode] starting invoke_anchor_changed_hooks
[  4.795s] [EditMode] finished invoke_anchor_changed_hooks in 775.90µs
[  4.795s] [EditMode] starting fix_action_bar_nan_size
[  4.795s] [EditMode] finished fix_action_bar_nan_size in 80.80µs
[  4.795s] [EditMode] starting fix_action_bar_scale
[  4.795s] [EditMode] finished fix_action_bar_scale in 6.81µs
[  4.795s] [Workarounds] finished init_edit_mode_layout in 214.65ms
[  4.795s] [Workarounds] starting patch_ui_parent_panel_toggles
[  4.795s] [Workarounds] finished patch_ui_parent_panel_toggles in 364.61µs
[  4.796s] [Workarounds] starting patch_uiparent_onupdate_worklists
[  4.796s] [Workarounds] finished patch_uiparent_onupdate_worklists in 140.89µs
[  4.796s] [Workarounds] starting init_chat_type_colors
[  4.796s] [Workarounds] finished init_chat_type_colors in 258.00µs
[  4.796s] [Workarounds] starting patch_chat_voice_button_surface
[  4.796s] [Workarounds] finished patch_chat_voice_button_surface in 273.04µs
[  4.796s] [Workarounds] starting patch_item_socketing_tooltips
[  4.796s] [Workarounds] finished patch_item_socketing_tooltips in 88.97µs
[  4.796s] [Workarounds] starting patch_character_select_selected_name
[  4.796s] [Workarounds] finished patch_character_select_selected_name in 39.54µs
[  4.796s] [Workarounds] starting patch_character_create_defaults
[  4.797s] [Workarounds] finished patch_character_create_defaults in 296.53µs
[  4.797s] [Workarounds] starting patch_character_frame_title_refresh
[  4.806s] [Workarounds] finished patch_character_frame_title_refresh in 9.00ms
[  4.806s] [Workarounds] starting patch_vignette_pin_template
[  4.806s] [Workarounds] finished patch_vignette_pin_template in 222.56µs
[  4.806s] [Workarounds] starting patch_fog_of_war_pin_mixin
[  4.806s] [Workarounds] finished patch_fog_of_war_pin_mixin in 403.55µs
[  4.806s] [Workarounds] starting patch_map_exploration_pin_mixin
[  4.812s] [Workarounds] finished patch_map_exploration_pin_mixin in 5.71ms
[  4.812s] [Workarounds] starting patch_map_canvas_data_provider_attachment
[  4.812s] [Workarounds] finished patch_map_canvas_data_provider_attachment in 129.84µs
[  4.812s] [Workarounds] starting ensure_adventure_map_frame_surface
[  4.813s] [Workarounds] finished ensure_adventure_map_frame_surface in 669.00µs
[  4.813s] [Workarounds] starting patch_action_bar_button_event_fanout
[  4.813s] [Workarounds] finished patch_action_bar_button_event_fanout in 143.04µs
[  4.813s] [Workarounds] starting patch_paging_controls_page_text
[  4.813s] [Workarounds] finished patch_paging_controls_page_text in 45.86µs
[  4.813s] [Workarounds] starting patch_talent_edge_frame_level_sync
[  4.813s] [Workarounds] finished patch_talent_edge_frame_level_sync in 35.88µs
[  4.813s] [Workarounds] starting patch_catalog_shop_product_card_defaults
[  4.813s] [Workarounds] finished patch_catalog_shop_product_card_defaults in 68.00µs
[  4.813s] [Workarounds] starting patch_game_time_defaults
[  4.813s] [Workarounds] finished patch_game_time_defaults in 9.23µs
[  4.813s] [Workarounds] starting patch_tooltip_nineslice_surface
[  4.813s] [Workarounds] finished patch_tooltip_nineslice_surface in 61.40µs
[  4.813s] [Workarounds] starting patch_container_frame_token_tracker
[  4.813s] [Workarounds] finished patch_container_frame_token_tracker in 45.30µs
[  4.813s] [Workarounds] starting patch_achievement_display_set_achievements
[  4.813s] [Workarounds] finished patch_achievement_display_set_achievements in 10.65µs
[  4.813s] [Workarounds] starting patch_housing_dashboard_preload
[  4.813s] [Workarounds] finished patch_housing_dashboard_preload in 181.70µs
[  4.813s] [Workarounds] starting patch_lfg_lock_list
[  4.813s] [Workarounds] finished patch_lfg_lock_list in 51.04µs
[  4.813s] [Workarounds] starting patch_auction_house_browse_results_event
[  4.814s] [Workarounds] finished patch_auction_house_browse_results_event in 66.73µs
[  4.814s] [Workarounds] starting patch_auction_house_search_context_aliases
[  4.814s] [Workarounds] finished patch_auction_house_search_context_aliases in 35.74µs
[  4.814s] [Workarounds] starting patch_auth_challenge_frame_parent
[  4.814s] [Workarounds] finished patch_auth_challenge_frame_parent in 96.23µs
[  4.814s] [Workarounds] starting patch_settings_surface_defaults
[  4.814s] [Workarounds] finished patch_settings_surface_defaults in 397.34µs
[  4.814s] [Workarounds] starting patch_settings_canvas_layout_visibility
[  4.814s] [Workarounds] finished patch_settings_canvas_layout_visibility in 119.15µs
[  4.814s] [Startup] apply_post_load_workarounds: workarounds complete
[  4.902s] [Startup] apply_post_load_workarounds: globals restored
[  4.903s] [Startup] apply_post_load_workarounds: patch 12.1 compatibility restored
[  4.903s] [Startup] apply_post_load_workarounds: seterrorhandler restored
[  5.190s] [Startup] begin login sequence
[  5.190s] [Startup] Firing ADDON_LOADED
[  5.190s] [Startup] Firing VARIABLES_LOADED
[  5.347s] [Startup] Firing DISPLAY_SIZE_CHANGED
[  5.441s] [Startup] Firing UI_SCALE_CHANGED
[  5.442s] [Startup] Firing PLAYER_LOGIN
[  5.442s] [Startup] end login sequence in 252.96ms
[  5.443s] [Startup] begin world enter sequence
[  5.443s] [Startup] Skipping EDIT_MODE_LAYOUTS_UPDATED
[  5.443s] [Startup] Firing TIME_PLAYED_MSG via RequestTimePlayed
[  5.443s] [Startup] Firing PLAYER_ENTERING_WORLD
[  5.885s] [EditMode] starting setup_layout_info
[  5.892s] [EditMode] finished setup_layout_info in 7.25ms
[  5.892s] [EditMode] starting apply_system_anchors
[  6.180s] [EditMode] finished apply_system_anchors in 288.09ms
[  6.180s] [EditMode] starting finalize_action_bar_positions
[  6.187s] [EditMode] finished finalize_action_bar_positions in 7.12ms
[  6.187s] [EditMode] starting invoke_anchor_changed_hooks
[  6.202s] [EditMode] finished invoke_anchor_changed_hooks in 15.23ms
[  6.202s] [EditMode] starting fix_action_bar_nan_size
[  6.203s] [EditMode] finished fix_action_bar_nan_size in 204.17µs
[  6.203s] [EditMode] starting fix_action_bar_scale
[  6.203s] [EditMode] finished fix_action_bar_scale in 9.64µs
[  6.203s] [EditMode] starting reapply_player_frame_anchor
[  6.206s] [EditMode] finished reapply_player_frame_anchor in 3.11ms
[  6.219s] [Startup] end world enter sequence in 776.68ms
[  6.219s] [Startup] begin post-login events
[  6.222s] [Startup] Firing UNIT_AURA
[  6.223s] [Startup] Firing PET_UI_UPDATE
[  6.228s] [Startup] Firing BAG_UPDATE_DELAYED
[  6.230s] [Startup] Firing QUEST_LOG_UPDATE
[  6.232s] [Startup] Firing GROUP_ROSTER_UPDATE
[  6.442s] [Startup] Firing ACTIONBAR_UPDATE_STATE
[  6.442s] [Startup] Firing ACTIONBAR_UPDATE_COOLDOWN
[  6.446s] [Startup] Firing UPDATE_BONUS_ACTIONBAR
[  6.487s] [Startup] Firing PLAYER_CAN_GLIDE_CHANGED
[  6.487s] [Startup] Firing PLAYER_IS_GLIDING_CHANGED
[  6.487s] [Startup] Firing UPDATE_BINDINGS
[  6.492s] [Startup] Firing UPDATE_CHAT_WINDOWS
[  6.497s] [Startup] Firing LFG_UPDATE_RANDOM_INFO
[  6.499s] [Startup] end post-login events in 279.79ms
[  6.499s] [Startup] begin close startup special windows
[  6.500s] [Startup] end close startup special windows in 555.81µs
[  6.500s] [Startup] begin FIRST_FRAME_RENDERED
[  6.500s] [Startup] Firing FIRST_FRAME_RENDERED
[  6.500s] [Startup] end FIRST_FRAME_RENDERED in 357.24µs
[  6.500s] [Startup] begin unblock hidden splash alerts
[  6.500s] [Startup] end unblock hidden splash alerts in 29.52µs
[  6.500s] [Startup] begin post-event workarounds
[  6.500s] [Startup] end post-event workarounds in 1.32µs
running 1 tests
test patch_8_2_0_publication_sweep::patch_8_2_0_publication_sweep ... FAILED (panic: assertion `left == right` failed: new gaps: ["wt-events-AZERITE_ESSENCE_ACTIVATED-213"]; resolved/stale gaps: []
  left: {"wt-cvars-GxuSwapChainSize-281", "wt-cvars-GxuWindowSize-282", "wt-cvars-ToggleWindowMode-283", "wt-cvars-UpdateWindow-284", "wt-cvars-azeriteEssenceSwapTutorial-252", "wt-events-AZERITE_ESSENCE_ACTIVATED-213", "wt-global-api-BNSetFriendFavoriteFlag-36", "wt-global-api-C_AzeriteEssence.CanDeactivateEssence-39", "wt-global-api-C_ChatInfo.GetClubStreamIDs-57", "wt-global-api-C_ClubFinder.CheckAllPlayerApplicantSettings-61", "wt-global-api-C_ClubFinder.ClearAllFinderCache-62", "wt-global-api-C_ClubFinder.ClearClubApplicantsCache-63", "wt-global-api-C_ClubFinder.ClearClubFinderPostingsCache-64", "wt-global-api-C_ClubFinder.ReturnCommunityApplicantList-76", "wt-global-api-C_ClubFinder.ReturnGuildApplicantList-77", "wt-global-api-C_ClubFinder.ReturnPendingCommunityApplicantList-80", "wt-global-api-C_ClubFinder.ReturnPendingGuildApplicantList-81", "wt-global-api-C_ClubFinder.ShouldShowClubFinder-84", "wt-global-api-C_Commentator.GetElapsedMs-85", "wt-global-api-C_EncounterJournal.SetPreviewMythicPlusLevel-86", "wt-global-api-C_EncounterJournal.SetPreviewPvpTier-87", "wt-global-api-C_ItemUpgrade.GetItemHyperlink-92", "wt-global-api-C_MountJournal.ApplyMountEquipment-93", "wt-global-api-C_PaperDollInfo.GetInspectItemLevel-100", "wt-global-api-C_PvP.CanDisplayDeaths-104", "wt-global-api-C_PvP.CanDisplayHonorableKills-105", "wt-global-api-C_PvP.DoesMatchOutcomeAffectRating-106", "wt-global-api-C_PvP.GetActiveMatchBracket-107", "wt-global-api-C_PvP.GetActiveMatchDuration-108", "wt-global-api-C_PvP.GetActiveMatchWinner-110", "wt-global-api-C_PvP.GetMatchPVPStatColumn-111", "wt-global-api-C_PvP.GetMatchPVPStatIDs-112", "wt-global-api-C_PvP.GetPVPActiveMatchPersonalRatedInfo-115", "wt-global-api-C_PvP.GetPostMatchCurrencyRewards-113", "wt-global-api-C_PvP.GetPostMatchItemRewards-114", "wt-global-api-C_PvP.GetScoreInfo-116", "wt-global-api-C_PvP.GetScoreInfoByPlayerGuid-117", "wt-global-api-C_PvP.GetTeamInfo-118", "wt-global-api-C_PvP.IsActiveMatchRegistered-119", "wt-global-api-C_PvP.IsArena-120", "wt-global-api-C_PvP.IsBattleground-121", "wt-global-api-C_PvP.IsMatchFactional-123", "wt-global-api-C_SpellBook.ContainsAnyDisenchantSpell-132", "wt-global-api-C_UIWidgetManager.GetTextureAndTextRowVisualizationInfo-134", "wt-global-api-C_UIWidgetManager.GetTextureAndTextVisualizationInfo-135", "wt-global-api-C_UIWidgetManager.GetZoneControlVisualizationInfo-136", "wt-global-api-C_VoiceChat.IsChannelJoinPending-138", "wt-global-api-SetMoveEnabled-142", "wt-global-api-SetTurnEnabled-143", "wt-global-api-ShouldShowIslandsWeeklyPOI-144", "wt-global-api-ShouldShowSpecialSplashScreen-145", "wt-global-api-UpdateWindow-147", "wt-widgets-Checkout:CopyExternalLink-173", "wt-widgets-Checkout:OnButtonUpdate-197", "wt-widgets-Checkout:OnEditFocusGained-198", "wt-widgets-Checkout:OnEditFocusLost-199", "wt-widgets-Checkout:OnError-200", "wt-widgets-Checkout:OnExternalLink-202", "wt-widgets-TabardModel:GetLowerEmblemFile-178", "wt-widgets-TabardModel:GetUpperEmblemFile-179"}
 right: {"wt-cvars-GxuSwapChainSize-281", "wt-cvars-GxuWindowSize-282", "wt-cvars-ToggleWindowMode-283", "wt-cvars-UpdateWindow-284", "wt-cvars-azeriteEssenceSwapTutorial-252", "wt-global-api-BNSetFriendFavoriteFlag-36", "wt-global-api-C_AzeriteEssence.CanDeactivateEssence-39", "wt-global-api-C_ChatInfo.GetClubStreamIDs-57", "wt-global-api-C_ClubFinder.CheckAllPlayerApplicantSettings-61", "wt-global-api-C_ClubFinder.ClearAllFinderCache-62", "wt-global-api-C_ClubFinder.ClearClubApplicantsCache-63", "wt-global-api-C_ClubFinder.ClearClubFinderPostingsCache-64", "wt-global-api-C_ClubFinder.ReturnCommunityApplicantList-76", "wt-global-api-C_ClubFinder.ReturnGuildApplicantList-77", "wt-global-api-C_ClubFinder.ReturnPendingCommunityApplicantList-80", "wt-global-api-C_ClubFinder.ReturnPendingGuildApplicantList-81", "wt-global-api-C_ClubFinder.ShouldShowClubFinder-84", "wt-global-api-C_Commentator.GetElapsedMs-85", "wt-global-api-C_EncounterJournal.SetPreviewMythicPlusLevel-)
---- patch_8_2_0_publication_sweep::patch_8_2_0_publication_sweep stderr ----

thread 'main' (266885) panicked at /home/osso/.worktrees/wow-ui-sim-p820-page/tests/common/publication_sweep.rs:504:5:
assertion `left == right` failed: new gaps: ["wt-events-AZERITE_ESSENCE_ACTIVATED-213"]; resolved/stale gaps: []
  left: {"wt-cvars-GxuSwapChainSize-281", "wt-cvars-GxuWindowSize-282", "wt-cvars-ToggleWindowMode-283", "wt-cvars-UpdateWindow-284", "wt-cvars-azeriteEssenceSwapTutorial-252", "wt-events-AZERITE_ESSENCE_ACTIVATED-213", "wt-global-api-BNSetFriendFavoriteFlag-36", "wt-global-api-C_AzeriteEssence.CanDeactivateEssence-39", "wt-global-api-C_ChatInfo.GetClubStreamIDs-57", "wt-global-api-C_ClubFinder.CheckAllPlayerApplicantSettings-61", "wt-global-api-C_ClubFinder.ClearAllFinderCache-62", "wt-global-api-C_ClubFinder.ClearClubApplicantsCache-63", "wt-global-api-C_ClubFinder.ClearClubFinderPostingsCache-64", "wt-global-api-C_ClubFinder.ReturnCommunityApplicantList-76", "wt-global-api-C_ClubFinder.ReturnGuildApplicantList-77", "wt-global-api-C_ClubFinder.ReturnPendingCommunityApplicantList-80", "wt-global-api-C_ClubFinder.ReturnPendingGuildApplicantList-81", "wt-global-api-C_ClubFinder.ShouldShowClubFinder-84", "wt-global-api-C_Commentator.GetElapsedMs-85", "wt-global-api-C_EncounterJournal.SetPreviewMythicPlusLevel-86", "wt-global-api-C_EncounterJournal.SetPreviewPvpTier-87", "wt-global-api-C_ItemUpgrade.GetItemHyperlink-92", "wt-global-api-C_MountJournal.ApplyMountEquipment-93", "wt-global-api-C_PaperDollInfo.GetInspectItemLevel-100", "wt-global-api-C_PvP.CanDisplayDeaths-104", "wt-global-api-C_PvP.CanDisplayHonorableKills-105", "wt-global-api-C_PvP.DoesMatchOutcomeAffectRating-106", "wt-global-api-C_PvP.GetActiveMatchBracket-107", "wt-global-api-C_PvP.GetActiveMatchDuration-108", "wt-global-api-C_PvP.GetActiveMatchWinner-110", "wt-global-api-C_PvP.GetMatchPVPStatColumn-111", "wt-global-api-C_PvP.GetMatchPVPStatIDs-112", "wt-global-api-C_PvP.GetPVPActiveMatchPersonalRatedInfo-115", "wt-global-api-C_PvP.GetPostMatchCurrencyRewards-113", "wt-global-api-C_PvP.GetPostMatchItemRewards-114", "wt-global-api-C_PvP.GetScoreInfo-116", "wt-global-api-C_PvP.GetScoreInfoByPlayerGuid-117", "wt-global-api-C_PvP.GetTeamInfo-118", "wt-global-api-C_PvP.IsActiveMatchRegistered-119", "wt-global-api-C_PvP.IsArena-120", "wt-global-api-C_PvP.IsBattleground-121", "wt-global-api-C_PvP.IsMatchFactional-123", "wt-global-api-C_SpellBook.ContainsAnyDisenchantSpell-132", "wt-global-api-C_UIWidgetManager.GetTextureAndTextRowVisualizationInfo-134", "wt-global-api-C_UIWidgetManager.GetTextureAndTextVisualizationInfo-135", "wt-global-api-C_UIWidgetManager.GetZoneControlVisualizationInfo-136", "wt-global-api-C_VoiceChat.IsChannelJoinPending-138", "wt-global-api-SetMoveEnabled-142", "wt-global-api-SetTurnEnabled-143", "wt-global-api-ShouldShowIslandsWeeklyPOI-144", "wt-global-api-ShouldShowSpecialSplashScreen-145", "wt-global-api-UpdateWindow-147", "wt-widgets-Checkout:CopyExternalLink-173", "wt-widgets-Checkout:OnButtonUpdate-197", "wt-widgets-Checkout:OnEditFocusGained-198", "wt-widgets-Checkout:OnEditFocusLost-199", "wt-widgets-Checkout:OnError-200", "wt-widgets-Checkout:OnExternalLink-202", "wt-widgets-TabardModel:GetLowerEmblemFile-178", "wt-widgets-TabardModel:GetUpperEmblemFile-179"}
 right: {"wt-cvars-GxuSwapChainSize-281", "wt-cvars-GxuWindowSize-282", "wt-cvars-ToggleWindowMode-283", "wt-cvars-UpdateWindow-284", "wt-cvars-azeriteEssenceSwapTutorial-252", "wt-global-api-BNSetFriendFavoriteFlag-36", "wt-global-api-C_AzeriteEssence.CanDeactivateEssence-39", "wt-global-api-C_ChatInfo.GetClubStreamIDs-57", "wt-global-api-C_ClubFinder.CheckAllPlayerApplicantSettings-61", "wt-global-api-C_ClubFinder.ClearAllFinderCache-62", "wt-global-api-C_ClubFinder.ClearClubApplicantsCache-63", "wt-global-api-C_ClubFinder.ClearClubFinderPostingsCache-64", "wt-global-api-C_ClubFinder.ReturnCommunityApplicantList-76", "wt-global-api-C_ClubFinder.ReturnGuildApplicantList-77", "wt-global-api-C_ClubFinder.ReturnPendingCommunityApplicantList-80", "wt-global-api-C_ClubFinder.ReturnPendingGuildApplicantList-81", "wt-global-api-C_ClubFinder.ShouldShowClubFinder-84", "wt-global-api-C_Commentator.GetElapsedMs-85", "wt-global-api-C_EncounterJournal.SetPreviewMythicPlusLevel-86", "wt-global-api-C_EncounterJournal.SetPreviewPvpTier-87", "wt-global-api-C_ItemUpgrade.GetItemHyperlink-92", "wt-global-api-C_MountJournal.ApplyMountEquipment-93", "wt-global-api-C_PaperDollInfo.GetInspectItemLevel-100", "wt-global-api-C_PvP.CanDisplayDeaths-104", "wt-global-api-C_PvP.CanDisplayHonorableKills-105", "wt-global-api-C_PvP.DoesMatchOutcomeAffectRating-106", "wt-global-api-C_PvP.GetActiveMatchBracket-107", "wt-global-api-C_PvP.GetActiveMatchDuration-108", "wt-global-api-C_PvP.GetActiveMatchWinner-110", "wt-global-api-C_PvP.GetMatchPVPStatColumn-111", "wt-global-api-C_PvP.GetMatchPVPStatIDs-112", "wt-global-api-C_PvP.GetPVPActiveMatchPersonalRatedInfo-115", "wt-global-api-C_PvP.GetPostMatchCurrencyRewards-113", "wt-global-api-C_PvP.GetPostMatchItemRewards-114", "wt-global-api-C_PvP.GetScoreInfo-116", "wt-global-api-C_PvP.GetScoreInfoByPlayerGuid-117", "wt-global-api-C_PvP.GetTeamInfo-118", "wt-global-api-C_PvP.IsActiveMatchRegistered-119", "wt-global-api-C_PvP.IsArena-120", "wt-global-api-C_PvP.IsBattleground-121", "wt-global-api-C_PvP.IsMatchFactional-123", "wt-global-api-C_SpellBook.ContainsAnyDisenchantSpell-132", "wt-global-api-C_UIWidgetManager.GetTextureAndTextRowVisualizationInfo-134", "wt-global-api-C_UIWidgetManager.GetTextureAndTextVisualizationInfo-135", "wt-global-api-C_UIWidgetManager.GetZoneControlVisualizationInfo-136", "wt-global-api-C_VoiceChat.IsChannelJoinPending-138", "wt-global-api-SetMoveEnabled-142", "wt-global-api-SetTurnEnabled-143", "wt-global-api-ShouldShowIslandsWeeklyPOI-144", "wt-global-api-ShouldShowSpecialSplashScreen-145", "wt-global-api-UpdateWindow-147", "wt-widgets-Checkout:CopyExternalLink-173", "wt-widgets-Checkout:OnButtonUpdate-197", "wt-widgets-Checkout:OnEditFocusGained-198", "wt-widgets-Checkout:OnEditFocusLost-199", "wt-widgets-Checkout:OnError-200", "wt-widgets-Checkout:OnExternalLink-202", "wt-widgets-TabardModel:GetLowerEmblemFile-178", "wt-widgets-TabardModel:GetUpperEmblemFile-179"}
note: run with `RUST_BACKTRACE=1` environment variable to display a backtrace

test result: FAILED. 0 passed; 1 failed; 1 total
error: test failed, to rerun pass `--test prefork_full_ui`

Caused by:
  process didn't exit successfully: `/home/osso/.cache/wow-ui-sim-targets/p820-page/debug/deps/prefork_full_ui-21dd5c807fe7a7b6 patch_8_2_0_publication_sweep` (exit status: 1)
