warning: iced-wgpu-patched/Cargo.toml: `lints.clippy.large-enum-variant` is deprecated in favor of `lints.clippy.large_enum_variant` and will not work in a future edition
warning: iced-wgpu-patched/Cargo.toml: `lints.clippy.map-entry` is deprecated in favor of `lints.clippy.map_entry` and will not work in a future edition
warning: iced-wgpu-patched/Cargo.toml: `lints.clippy.match-wildcard-for-single-variants` is deprecated in favor of `lints.clippy.match_wildcard_for_single_variants` and will not work in a future edition
warning: iced-wgpu-patched/Cargo.toml: `lints.clippy.redundant-closure-for-method-calls` is deprecated in favor of `lints.clippy.redundant_closure_for_method_calls` and will not work in a future edition
warning: iced-wgpu-patched/Cargo.toml: `lints.clippy.trivially-copy-pass-by-ref` is deprecated in favor of `lints.clippy.trivially_copy_pass_by_ref` and will not work in a future edition
warning: iced-wgpu-patched/Cargo.toml: `lints.clippy.type-complexity` is deprecated in favor of `lints.clippy.type_complexity` and will not work in a future edition
warning: `iced_wgpu` (manifest) generated 6 warnings
   Compiling wow-ui-sim v0.1.0 (/home/osso/.worktrees/wow-ui-sim-p820-page)
error[E0603]: function import `runtime_error` is private
  --> src/c_api/c_voice_chat_volume.rs:6:49
   |
 6 | use crate::lua_api::methods::{borrow_state_mut, runtime_error, stack_val};
   |                                                 ^^^^^^^^^^^^^ private function import
   |
note: the function import `runtime_error` is defined here...
  --> src/lua_api/methods.rs:19:29
   |
19 | use rilua::{LuaResult, Val, runtime_error};
   |                             ^^^^^^^^^^^^^
note: ...and refers to the function `runtime_error` which is defined here
  --> /home/osso/.cargo/git/checkouts/rilua-fd5a0715e46b5888/842e4d3/src/lib.rs:41:52
   |
41 | pub use error::{LuaError, LuaResult, RuntimeError, runtime_error};
   |                                                    ^^^^^^^^^^^^^ you could import this directly

error[E0603]: function import `stack_val` is private
  --> src/c_api/c_voice_chat_volume.rs:6:64
   |
 6 | use crate::lua_api::methods::{borrow_state_mut, runtime_error, stack_val};
   |                                                                ^^^^^^^^^ private function import
   |
note: the function import `stack_val` is defined here...
  --> src/lua_api/methods.rs:11:5
   |
11 | use crate::lua_bridge::stack_val;
   |     ^^^^^^^^^^^^^^^^^^^^^^^^^^^^
note: ...and refers to the function import `stack_val` which is defined here...
  --> src/lua_bridge/mod.rs:25:16
   |
25 | pub(crate) use from_stack::stack_val;
   |                ^^^^^^^^^^^^^^^^^^^^^
note: ...and refers to the function `stack_val` which is defined here
  --> src/lua_bridge/from_stack.rs:42:1
   |
42 | pub(crate) fn stack_val(state: &LuaState, index: i32) -> Val {
   | ^^^^^^^^^^^^^^^^^^^^^^^^^^^^^^^^^^^^^^^^^^^^^^^^^^^^^^^^^^^^

For more information about this error, try `rustc --explain E0603`.
error: could not compile `wow-ui-sim` (lib) due to 2 previous errors
