EE
======================================================================
ERROR: test_every_nonblank_line_and_separate_contract_is_retained (__main__.AccountingTests.test_every_nonblank_line_and_separate_contract_is_retained)
----------------------------------------------------------------------
Traceback (most recent call last):
  File "/home/osso/.worktrees/wow-ui-sim-p242-source/tools/test_patch_2_4_2_accounting.py", line 19, in test_every_nonblank_line_and_separate_contract_is_retained
    account, raw, register, observations = self.fixture()
                                           ~~~~~~~~~~~~^^
  File "/home/osso/.worktrees/wow-ui-sim-p242-source/tools/test_patch_2_4_2_accounting.py", line 11, in fixture
    from patch_2_4_2_accounting import account_source
ModuleNotFoundError: No module named 'patch_2_4_2_accounting'

======================================================================
ERROR: test_missing_inventory_observation_or_raw_line_rejects (__main__.AccountingTests.test_missing_inventory_observation_or_raw_line_rejects)
----------------------------------------------------------------------
Traceback (most recent call last):
  File "/home/osso/.worktrees/wow-ui-sim-p242-source/tools/test_patch_2_4_2_accounting.py", line 35, in test_missing_inventory_observation_or_raw_line_rejects
    account, raw, register, observations = self.fixture()
                                           ~~~~~~~~~~~~^^
  File "/home/osso/.worktrees/wow-ui-sim-p242-source/tools/test_patch_2_4_2_accounting.py", line 11, in fixture
    from patch_2_4_2_accounting import account_source
ModuleNotFoundError: No module named 'patch_2_4_2_accounting'

----------------------------------------------------------------------
Ran 2 tests in 0.000s

FAILED (errors=2)
