
running 2 tests
test patch_2_4_2_current_currency_separator_model ... ok
test patch_2_4_2_factory_publication ... ok

test result: ok. 2 passed; 0 failed; 0 ignored; 0 measured; 0 filtered out; finished in 0.10s

warning: iced-wgpu-patched/Cargo.toml: `lints.clippy.large-enum-variant` is deprecated in favor of `lints.clippy.large_enum_variant` and will not work in a future edition
warning: iced-wgpu-patched/Cargo.toml: `lints.clippy.map-entry` is deprecated in favor of `lints.clippy.map_entry` and will not work in a future edition
warning: iced-wgpu-patched/Cargo.toml: `lints.clippy.match-wildcard-for-single-variants` is deprecated in favor of `lints.clippy.match_wildcard_for_single_variants` and will not work in a future edition
warning: iced-wgpu-patched/Cargo.toml: `lints.clippy.redundant-closure-for-method-calls` is deprecated in favor of `lints.clippy.redundant_closure_for_method_calls` and will not work in a future edition
warning: iced-wgpu-patched/Cargo.toml: `lints.clippy.trivially-copy-pass-by-ref` is deprecated in favor of `lints.clippy.trivially_copy_pass_by_ref` and will not work in a future edition
warning: iced-wgpu-patched/Cargo.toml: `lints.clippy.type-complexity` is deprecated in favor of `lints.clippy.type_complexity` and will not work in a future edition
warning: `iced_wgpu` (manifest) generated 6 warnings
   Compiling wow-ui-sim v0.1.0 (/home/osso/.worktrees/wow-ui-sim-p242-source)
warning: constant `PROVENANCE_SCHEMA` is never used
  --> src/blizzard_ui_sync.rs:28:7
   |
28 | const PROVENANCE_SCHEMA: &str = "1";
   |       ^^^^^^^^^^^^^^^^^
   |
   = note: `#[warn(dead_code)]` (part of `#[warn(unused)]`) on by default

warning: associated function `new` is never used
   --> src/blizzard_ui_sync.rs:180:8
    |
179 | impl CacheProvenance {
    | -------------------- associated function in this implementation
180 |     fn new(
    |        ^^^

warning: function `remove_missing_marker` is never used
   --> src/blizzard_ui_sync.rs:663:4
    |
663 | fn remove_missing_marker(path: &Path) {
    |    ^^^^^^^^^^^^^^^^^^^^^

warning: function `ensure_known_asset_cached` is never used
  --> src/casc_asset_fallback.rs:93:15
   |
93 | pub(crate) fn ensure_known_asset_cached(_path: &str, _out_path: &Path) -> Option<PathBuf> {
   |               ^^^^^^^^^^^^^^^^^^^^^^^^^

warning: field `encoding_key_hex` is never read
  --> src/render/font.rs:44:5
   |
41 | struct WowFontFile {
   |        ----------- field in this struct
...
44 |     encoding_key_hex: Option<&'static str>,
   |     ^^^^^^^^^^^^^^^^

warning: `wow-ui-sim` (lib) generated 5 warnings
warning: unused import: `wow_ui_sim::saved_variables::SavedVariablesManager`
  --> src/bin/wow_sim/main.rs:20:5
   |
20 | use wow_ui_sim::saved_variables::SavedVariablesManager;
   |     ^^^^^^^^^^^^^^^^^^^^^^^^^^^^^^^^^^^^^^^^^^^^^^^^^^
   |
   = note: `#[warn(unused_imports)]` (part of `#[warn(unused)]`) on by default

warning: `wow-ui-sim` (bin "wow-sim") generated 1 warning (run `cargo fix --bin "wow-sim" -p wow-ui-sim` to apply 1 suggestion)
    Finished `test` profile [optimized + debuginfo] target(s) in 15.28s
     Running tests/patch_2_4_2_factory.rs (target/debug/deps/patch_2_4_2_factory-176285af6b77d32a)
[  0.000s] [Startup] WowLuaEnv::new begin
[  0.000s] [Startup] WowLuaEnv::new begin
[  0.002s] [Startup] SimState::default complete in 1.71ms
[  0.002s] [Startup] SimState::default complete in 1.72ms
[  0.002s] [Startup] rilua VM created in 92.41µs
[  0.002s] [Startup] rilua VM created in 97.62µs
[  0.002s] [Startup] builtin frames initialized in 69.71µs
[  0.002s] [Startup] builtin frames initialized in 67.40µs
[  0.002s] [Startup] template registry cleared in 5.25µs
[  0.002s] [Startup] template registry cleared in 4.52µs
[  0.002s] [Startup] intrinsic templates registered in 4.47µs
[  0.002s] [Startup] intrinsic templates registered in 3.79µs
[  0.002s] [Startup] initial app_data lua handle installed in 401.00ns
[  0.002s] [Startup] initial app_data lua handle installed in 240.00ns
[  0.089s] [Startup] init_lua_state complete in 86.64ms
[  0.089s] [Startup] final app_data lua handle installed in 170.00ns
[  0.089s] [Startup] initial screen globals installed in 50.08µs
[  0.089s] [Startup] WowLuaEnv::new complete
[  0.093s] [Startup] init_lua_state complete in 91.09ms
[  0.093s] [Startup] final app_data lua handle installed in 171.00ns
[  0.093s] [Startup] initial screen globals installed in 50.31µs
[  0.093s] [Startup] WowLuaEnv::new complete
