running 1 tests
test patch_9_1_5_publication_sweep::patch_9_1_5_publication_sweep ... FAILED (panic: assertion `left == right` failed: new gaps: ["wt-events-GAME_PAD_ACTIVE_CHANGED-183"]; resolved/stale gaps: []
  left: {"wt-cvars-FrameBufferCacheGpuFootprint-231", "wt-cvars-GxFrameStats-232", "wt-cvars-TTSUseCharacterSettings-227", "wt-cvars-clearSeenCustomizationChoices-230", "wt-events-GAME_PAD_ACTIVE_CHANGED-183", "wt-global-api-C_ChallengeMode.GetMapScoreInfo-35", "wt-global-api-C_Club.FocusCommunityStreams-36", "wt-global-api-C_Club.UnfocusAllStreams-37", "wt-global-api-C_Commentator.SetBlocklistedAuras-38", "wt-global-api-C_Commentator.SetBlocklistedCooldowns-39", "wt-global-api-C_GamePad.SetVibration-40", "wt-global-api-C_GamePad.StopVibration-41", "wt-global-api-C_Item.GetCurrentItemTransmogInfo-42", "wt-global-api-C_ItemUpgrade.CloseItemUpgrade-44", "wt-global-api-C_ItemUpgrade.GetItemUpgradeCurrentLevel-45", "wt-global-api-C_ItemUpgrade.GetItemUpgradeItemInfo-46", "wt-global-api-C_ItemUpgrade.GetItemUpgradePvpItemLevelDeltaValues-47", "wt-global-api-C_ItemUpgrade.SetItemUpgradeFromCursorItem-48", "wt-global-api-C_ItemUpgrade.UpgradeItem-50", "wt-global-api-C_LFGList.GetApplicantPvpRatingInfoForListing-53", "wt-global-api-C_LFGList.GetKeystoneForActivity-54", "wt-global-api-C_LFGList.GetOwnedKeystoneActivityAndGroupAndLevel-56", "wt-global-api-C_LFGList.IsPlayerAuthenticatedForLFG-58", "wt-global-api-C_LFGList.SetEntryTitle-59", "wt-global-api-C_LFGList.ValidateRequiredDungeonScore-60", "wt-global-api-C_LFGList.ValidateRequiredPvpRatingForActivity-61", "wt-global-api-C_MountJournal.SetAllTypeFilters-64", "wt-global-api-C_MythicPlus.GetCurrentSeasonValues-66", "wt-global-api-C_MythicPlus.GetOwnedKeystoneMapID-67", "wt-global-api-C_PlayerMentorship.GetMentorRequirements-68", "wt-global-api-C_SocialRestrictions.AcknowledgeRegionalChatDisabled-69", "wt-global-api-C_SocialRestrictions.SetChatDisabled-71", "wt-global-api-C_TTSSettings.GetCharacterSettingsSaved-80", "wt-global-api-C_TTSSettings.GetVoiceOptionName-86", "wt-global-api-C_TTSSettings.SetChannelKeyEnabled-89", "wt-global-api-C_TTSSettings.SetChatTypeEnabled-90", "wt-global-api-C_TTSSettings.SetDefaultSettings-91", "wt-global-api-C_TTSSettings.SetSetting-92", "wt-global-api-C_TTSSettings.SetVoiceOptionName-95", "wt-global-api-C_Transmog.ExtractTransmogIDList-72", "wt-global-api-C_TransmogCollection.AccountCanCollectSource-73", "wt-global-api-C_TransmogCollection.GetSourceItemID-76", "wt-global-api-C_TransmogSets.IsSetVisible-78", "wt-global-api-C_UIWidgetManager.SetProcessingUnitGuid-97", "wt-widgets-DressUpModel:GetObeyHideInTransmogFlag-159", "wt-widgets-DressUpModel:GetUseTransmogChoices-160", "wt-widgets-ModelSceneActor:GetObeyHideInTransmogFlag-163", "wt-widgets-ModelSceneActor:GetUseTransmogChoices-164"}
 right: {"wt-cvars-FrameBufferCacheGpuFootprint-231", "wt-cvars-GxFrameStats-232", "wt-cvars-TTSUseCharacterSettings-227", "wt-cvars-clearSeenCustomizationChoices-230", "wt-global-api-C_ChallengeMode.GetMapScoreInfo-35", "wt-global-api-C_Club.FocusCommunityStreams-36", "wt-global-api-C_Club.UnfocusAllStreams-37", "wt-global-api-C_Commentator.SetBlocklistedAuras-38", "wt-global-api-C_Commentator.SetBlocklistedCooldowns-39", "wt-global-api-C_GamePad.SetVibration-40", "wt-global-api-C_GamePad.StopVibration-41", "wt-global-api-C_Item.GetCurrentItemTransmogInfo-42", "wt-global-api-C_ItemUpgrade.CloseItemUpgrade-44", "wt-global-api-C_ItemUpgrade.GetItemUpgradeCurrentLevel-45", "wt-global-api-C_ItemUpgrade.GetItemUpgradeItemInfo-46", "wt-global-api-C_ItemUpgrade.GetItemUpgradePvpItemLevelDeltaValues-47", "wt-global-api-C_ItemUpgrade.SetItemUpgradeFromCursorItem-48", "wt-global-api-C_ItemUpgrade.UpgradeItem-50", "wt-global-api-C_LFGList.GetApplicantPvpRatingInfoForListing-53", "wt-global-api-C_LFGList.GetKeystoneForActivity-54", "wt-global-api-C_LFGList.GetOwnedKeystoneActivityAndGroupAndLevel-56", "wt-global-api-C_LFGList.IsPlayerAuthenticatedForLFG-58", "wt-global-api-C_LFGList.SetEntryTitle-59", "wt-global-api-C_LFGList.ValidateRequiredDungeonScore-60", "wt-global-api-C_LFGList.ValidateRequiredPvpRatingForActivity-61", "wt-global-api-C_MountJournal.SetAll)
---- patch_9_1_5_publication_sweep::patch_9_1_5_publication_sweep stderr ----
CVar default mismatch wt-cvars-CameraFollowGamepadAdjustDelay-208: page=Some("1.0"), observed=Some("1.000000")
CVar default mismatch wt-cvars-CameraFollowGamepadAdjustEaseIn-209: page=Some("1.0"), observed=Some("1.000000")
CVar default mismatch wt-cvars-TTSUseCharacterSettings-227: page=Some("1"), observed=None

thread 'main' (42238) panicked at /home/osso/.worktrees/wow-ui-sim-p915-page/tests/common/publication_sweep.rs:503:5:
assertion `left == right` failed: new gaps: ["wt-events-GAME_PAD_ACTIVE_CHANGED-183"]; resolved/stale gaps: []
  left: {"wt-cvars-FrameBufferCacheGpuFootprint-231", "wt-cvars-GxFrameStats-232", "wt-cvars-TTSUseCharacterSettings-227", "wt-cvars-clearSeenCustomizationChoices-230", "wt-events-GAME_PAD_ACTIVE_CHANGED-183", "wt-global-api-C_ChallengeMode.GetMapScoreInfo-35", "wt-global-api-C_Club.FocusCommunityStreams-36", "wt-global-api-C_Club.UnfocusAllStreams-37", "wt-global-api-C_Commentator.SetBlocklistedAuras-38", "wt-global-api-C_Commentator.SetBlocklistedCooldowns-39", "wt-global-api-C_GamePad.SetVibration-40", "wt-global-api-C_GamePad.StopVibration-41", "wt-global-api-C_Item.GetCurrentItemTransmogInfo-42", "wt-global-api-C_ItemUpgrade.CloseItemUpgrade-44", "wt-global-api-C_ItemUpgrade.GetItemUpgradeCurrentLevel-45", "wt-global-api-C_ItemUpgrade.GetItemUpgradeItemInfo-46", "wt-global-api-C_ItemUpgrade.GetItemUpgradePvpItemLevelDeltaValues-47", "wt-global-api-C_ItemUpgrade.SetItemUpgradeFromCursorItem-48", "wt-global-api-C_ItemUpgrade.UpgradeItem-50", "wt-global-api-C_LFGList.GetApplicantPvpRatingInfoForListing-53", "wt-global-api-C_LFGList.GetKeystoneForActivity-54", "wt-global-api-C_LFGList.GetOwnedKeystoneActivityAndGroupAndLevel-56", "wt-global-api-C_LFGList.IsPlayerAuthenticatedForLFG-58", "wt-global-api-C_LFGList.SetEntryTitle-59", "wt-global-api-C_LFGList.ValidateRequiredDungeonScore-60", "wt-global-api-C_LFGList.ValidateRequiredPvpRatingForActivity-61", "wt-global-api-C_MountJournal.SetAllTypeFilters-64", "wt-global-api-C_MythicPlus.GetCurrentSeasonValues-66", "wt-global-api-C_MythicPlus.GetOwnedKeystoneMapID-67", "wt-global-api-C_PlayerMentorship.GetMentorRequirements-68", "wt-global-api-C_SocialRestrictions.AcknowledgeRegionalChatDisabled-69", "wt-global-api-C_SocialRestrictions.SetChatDisabled-71", "wt-global-api-C_TTSSettings.GetCharacterSettingsSaved-80", "wt-global-api-C_TTSSettings.GetVoiceOptionName-86", "wt-global-api-C_TTSSettings.SetChannelKeyEnabled-89", "wt-global-api-C_TTSSettings.SetChatTypeEnabled-90", "wt-global-api-C_TTSSettings.SetDefaultSettings-91", "wt-global-api-C_TTSSettings.SetSetting-92", "wt-global-api-C_TTSSettings.SetVoiceOptionName-95", "wt-global-api-C_Transmog.ExtractTransmogIDList-72", "wt-global-api-C_TransmogCollection.AccountCanCollectSource-73", "wt-global-api-C_TransmogCollection.GetSourceItemID-76", "wt-global-api-C_TransmogSets.IsSetVisible-78", "wt-global-api-C_UIWidgetManager.SetProcessingUnitGuid-97", "wt-widgets-DressUpModel:GetObeyHideInTransmogFlag-159", "wt-widgets-DressUpModel:GetUseTransmogChoices-160", "wt-widgets-ModelSceneActor:GetObeyHideInTransmogFlag-163", "wt-widgets-ModelSceneActor:GetUseTransmogChoices-164"}
 right: {"wt-cvars-FrameBufferCacheGpuFootprint-231", "wt-cvars-GxFrameStats-232", "wt-cvars-TTSUseCharacterSettings-227", "wt-cvars-clearSeenCustomizationChoices-230", "wt-global-api-C_ChallengeMode.GetMapScoreInfo-35", "wt-global-api-C_Club.FocusCommunityStreams-36", "wt-global-api-C_Club.UnfocusAllStreams-37", "wt-global-api-C_Commentator.SetBlocklistedAuras-38", "wt-global-api-C_Commentator.SetBlocklistedCooldowns-39", "wt-global-api-C_GamePad.SetVibration-40", "wt-global-api-C_GamePad.StopVibration-41", "wt-global-api-C_Item.GetCurrentItemTransmogInfo-42", "wt-global-api-C_ItemUpgrade.CloseItemUpgrade-44", "wt-global-api-C_ItemUpgrade.GetItemUpgradeCurrentLevel-45", "wt-global-api-C_ItemUpgrade.GetItemUpgradeItemInfo-46", "wt-global-api-C_ItemUpgrade.GetItemUpgradePvpItemLevelDeltaValues-47", "wt-global-api-C_ItemUpgrade.SetItemUpgradeFromCursorItem-48", "wt-global-api-C_ItemUpgrade.UpgradeItem-50", "wt-global-api-C_LFGList.GetApplicantPvpRatingInfoForListing-53", "wt-global-api-C_LFGList.GetKeystoneForActivity-54", "wt-global-api-C_LFGList.GetOwnedKeystoneActivityAndGroupAndLevel-56", "wt-global-api-C_LFGList.IsPlayerAuthenticatedForLFG-58", "wt-global-api-C_LFGList.SetEntryTitle-59", "wt-global-api-C_LFGList.ValidateRequiredDungeonScore-60", "wt-global-api-C_LFGList.ValidateRequiredPvpRatingForActivity-61", "wt-global-api-C_MountJournal.SetAllTypeFilters-64", "wt-global-api-C_MythicPlus.GetCurrentSeasonValues-66", "wt-global-api-C_MythicPlus.GetOwnedKeystoneMapID-67", "wt-global-api-C_PlayerMentorship.GetMentorRequirements-68", "wt-global-api-C_SocialRestrictions.AcknowledgeRegionalChatDisabled-69", "wt-global-api-C_SocialRestrictions.SetChatDisabled-71", "wt-global-api-C_TTSSettings.GetCharacterSettingsSaved-80", "wt-global-api-C_TTSSettings.GetVoiceOptionName-86", "wt-global-api-C_TTSSettings.SetChannelKeyEnabled-89", "wt-global-api-C_TTSSettings.SetChatTypeEnabled-90", "wt-global-api-C_TTSSettings.SetDefaultSettings-91", "wt-global-api-C_TTSSettings.SetSetting-92", "wt-global-api-C_TTSSettings.SetVoiceOptionName-95", "wt-global-api-C_Transmog.ExtractTransmogIDList-72", "wt-global-api-C_TransmogCollection.AccountCanCollectSource-73", "wt-global-api-C_TransmogCollection.GetSourceItemID-76", "wt-global-api-C_TransmogSets.IsSetVisible-78", "wt-global-api-C_UIWidgetManager.SetProcessingUnitGuid-97", "wt-widgets-DressUpModel:GetObeyHideInTransmogFlag-159", "wt-widgets-DressUpModel:GetUseTransmogChoices-160", "wt-widgets-ModelSceneActor:GetObeyHideInTransmogFlag-163", "wt-widgets-ModelSceneActor:GetUseTransmogChoices-164"}
note: run with `RUST_BACKTRACE=1` environment variable to display a backtrace

test result: FAILED. 0 passed; 1 failed; 1 total
warning: iced-wgpu-patched/Cargo.toml: `lints.clippy.large-enum-variant` is deprecated in favor of `lints.clippy.large_enum_variant` and will not work in a future edition
warning: iced-wgpu-patched/Cargo.toml: `lints.clippy.map-entry` is deprecated in favor of `lints.clippy.map_entry` and will not work in a future edition
warning: iced-wgpu-patched/Cargo.toml: `lints.clippy.match-wildcard-for-single-variants` is deprecated in favor of `lints.clippy.match_wildcard_for_single_variants` and will not work in a future edition
warning: iced-wgpu-patched/Cargo.toml: `lints.clippy.redundant-closure-for-method-calls` is deprecated in favor of `lints.clippy.redundant_closure_for_method_calls` and will not work in a future edition
warning: iced-wgpu-patched/Cargo.toml: `lints.clippy.trivially-copy-pass-by-ref` is deprecated in favor of `lints.clippy.trivially_copy_pass_by_ref` and will not work in a future edition
warning: iced-wgpu-patched/Cargo.toml: `lints.clippy.type-complexity` is deprecated in favor of `lints.clippy.type_complexity` and will not work in a future edition
warning: `iced_wgpu` (manifest) generated 6 warnings
    Finished `test` profile [optimized + debuginfo] target(s) in 1.17s
     Running tests/prefork_full_ui.rs (target/debug/deps/prefork_full_ui-34a818a91c447c36)
[  0.000s] [Startup] WowLuaEnv::new begin
[  0.012s] [Startup] SimState::default complete in 12.29ms
[  0.013s] [Startup] rilua VM created in 567.66µs
[  0.013s] [Startup] builtin frames initialized in 362.14µs
[  0.013s] [Startup] template registry cleared in 24.33µs
[  0.013s] [Startup] intrinsic templates registered in 30.42µs
[  0.013s] [Startup] initial app_data lua handle installed in 1.38µs
[  0.769s] [Startup] init_lua_state complete in 755.35ms
[  0.769s] [Startup] final app_data lua handle installed in 901.00ns
[  0.769s] [Startup] initial screen globals installed in 516.39µs
[  0.769s] [Startup] WowLuaEnv::new complete
[ 16.766s] [Startup] apply_post_load_workarounds: begin
[ 16.766s] [Workarounds] starting patch_edit_mode_manager
[ 16.768s] [Workarounds] finished patch_edit_mode_manager in 1.85ms
[ 16.768s] [Workarounds] starting init_edit_mode_layout
[ 16.768s] [EditMode] starting setup_layout_info
[ 16.788s] [EditMode] finished setup_layout_info in 20.04ms
[ 16.788s] [EditMode] starting apply_system_anchors
[ 17.766s] [EditMode] finished apply_system_anchors in 977.33ms
[ 17.766s] [EditMode] starting finalize_action_bar_positions
[ 17.776s] [EditMode] finished finalize_action_bar_positions in 10.18ms
[ 17.776s] [EditMode] starting invoke_anchor_changed_hooks
[ 17.778s] [EditMode] finished invoke_anchor_changed_hooks in 2.05ms
[ 17.778s] [EditMode] starting fix_action_bar_nan_size
[ 17.778s] [EditMode] finished fix_action_bar_nan_size in 294.05µs
[ 17.778s] [EditMode] starting fix_action_bar_scale
[ 17.778s] [EditMode] finished fix_action_bar_scale in 43.14µs
[ 17.778s] [Workarounds] finished init_edit_mode_layout in 1.01s
[ 17.778s] [Workarounds] starting patch_ui_parent_panel_toggles
[ 17.780s] [Workarounds] finished patch_ui_parent_panel_toggles in 1.46ms
[ 17.780s] [Workarounds] starting patch_uiparent_onupdate_worklists
[ 17.780s] [Workarounds] finished patch_uiparent_onupdate_worklists in 649.42µs
[ 17.780s] [Workarounds] starting init_chat_type_colors
[ 17.781s] [Workarounds] finished init_chat_type_colors in 571.89µs
[ 17.781s] [Workarounds] starting patch_chat_voice_button_surface
[ 17.782s] [Workarounds] finished patch_chat_voice_button_surface in 714.26µs
[ 17.782s] [Workarounds] starting patch_item_socketing_tooltips
[ 17.782s] [Workarounds] finished patch_item_socketing_tooltips in 375.28µs
[ 17.782s] [Workarounds] starting patch_character_select_selected_name
[ 17.782s] [Workarounds] finished patch_character_select_selected_name in 219.27µs
[ 17.782s] [Workarounds] starting patch_character_create_defaults
[ 17.784s] [Workarounds] finished patch_character_create_defaults in 1.60ms
[ 17.784s] [Workarounds] starting patch_character_frame_title_refresh
[ 17.826s] [Workarounds] finished patch_character_frame_title_refresh in 42.48ms
[ 17.827s] [Workarounds] starting patch_vignette_pin_template
[ 17.827s] [Workarounds] finished patch_vignette_pin_template in 671.48µs
[ 17.827s] [Workarounds] starting patch_fog_of_war_pin_mixin
[ 17.829s] [Workarounds] finished patch_fog_of_war_pin_mixin in 1.71ms
[ 17.829s] [Workarounds] starting patch_map_exploration_pin_mixin
[ 17.871s] [Workarounds] finished patch_map_exploration_pin_mixin in 42.16ms
[ 17.871s] [Workarounds] starting patch_map_canvas_data_provider_attachment
[ 17.872s] [Workarounds] finished patch_map_canvas_data_provider_attachment in 620.10µs
[ 17.872s] [Workarounds] starting ensure_adventure_map_frame_surface
[ 17.875s] [Workarounds] finished ensure_adventure_map_frame_surface in 3.48ms
[ 17.875s] [Workarounds] starting patch_action_bar_button_event_fanout
[ 17.876s] [Workarounds] finished patch_action_bar_button_event_fanout in 1.03ms
[ 17.876s] [Workarounds] starting patch_paging_controls_page_text
[ 17.877s] [Workarounds] finished patch_paging_controls_page_text in 373.06µs
[ 17.877s] [Workarounds] starting patch_talent_edge_frame_level_sync
[ 17.877s] [Workarounds] finished patch_talent_edge_frame_level_sync in 289.50µs
[ 17.877s] [Workarounds] starting patch_catalog_shop_product_card_defaults
[ 17.878s] [Workarounds] finished patch_catalog_shop_product_card_defaults in 536.60µs
[ 17.878s] [Workarounds] starting patch_game_time_defaults
[ 17.878s] [Workarounds] finished patch_game_time_defaults in 62.55µs
[ 17.878s] [Workarounds] starting patch_tooltip_nineslice_surface
[ 17.878s] [Workarounds] finished patch_tooltip_nineslice_surface in 333.82µs
[ 17.878s] [Workarounds] starting patch_container_frame_token_tracker
[ 17.878s] [Workarounds] finished patch_container_frame_token_tracker in 299.80µs
[ 17.878s] [Workarounds] starting patch_achievement_display_set_achievements
[ 17.878s] [Workarounds] finished patch_achievement_display_set_achievements in 50.68µs
[ 17.878s] [Workarounds] starting patch_housing_dashboard_preload
[ 17.880s] [Workarounds] finished patch_housing_dashboard_preload in 1.06ms
[ 17.880s] [Workarounds] starting patch_lfg_lock_list
[ 17.880s] [Workarounds] finished patch_lfg_lock_list in 213.61µs
[ 17.880s] [Workarounds] starting patch_auction_house_browse_results_event
[ 17.880s] [Workarounds] finished patch_auction_house_browse_results_event in 441.77µs
[ 17.880s] [Workarounds] starting patch_auction_house_search_context_aliases
[ 17.880s] [Workarounds] finished patch_auction_house_search_context_aliases in 207.58µs
[ 17.880s] [Workarounds] starting patch_auth_challenge_frame_parent
[ 17.881s] [Workarounds] finished patch_auth_challenge_frame_parent in 440.51µs
[ 17.881s] [Workarounds] starting patch_settings_surface_defaults
[ 17.884s] [Workarounds] finished patch_settings_surface_defaults in 2.69ms
[ 17.884s] [Workarounds] starting patch_settings_canvas_layout_visibility
[ 17.884s] [Workarounds] finished patch_settings_canvas_layout_visibility in 850.23µs
[ 17.885s] [Startup] apply_post_load_workarounds: workarounds complete
[ 18.224s] [Startup] apply_post_load_workarounds: globals restored
[ 18.226s] [Startup] apply_post_load_workarounds: patch 12.1 compatibility restored
[ 18.226s] [Startup] apply_post_load_workarounds: seterrorhandler restored
[ 18.663s] [Startup] begin login sequence
[ 18.663s] [Startup] Firing ADDON_LOADED
[ 18.664s] [Startup] Firing VARIABLES_LOADED
[ 19.165s] [Startup] Firing DISPLAY_SIZE_CHANGED
[ 19.322s] [Startup] Firing UI_SCALE_CHANGED
[ 19.328s] [Startup] Firing PLAYER_LOGIN
[ 19.328s] [Startup] end login sequence in 664.80ms
[ 19.328s] [Startup] begin world enter sequence
[ 19.328s] [Startup] Skipping EDIT_MODE_LAYOUTS_UPDATED
[ 19.328s] [Startup] Firing TIME_PLAYED_MSG via RequestTimePlayed
[ 19.328s] [Startup] Firing PLAYER_ENTERING_WORLD
[ 20.589s] [EditMode] starting setup_layout_info
[ 20.611s] [EditMode] finished setup_layout_info in 21.66ms
[ 20.611s] [EditMode] starting apply_system_anchors
[ 21.343s] [EditMode] finished apply_system_anchors in 732.11ms
[ 21.343s] [EditMode] starting finalize_action_bar_positions
[ 21.355s] [EditMode] finished finalize_action_bar_positions in 12.41ms
[ 21.355s] [EditMode] starting invoke_anchor_changed_hooks
[ 21.379s] [EditMode] finished invoke_anchor_changed_hooks in 23.79ms
[ 21.379s] [EditMode] starting fix_action_bar_nan_size
[ 21.380s] [EditMode] finished fix_action_bar_nan_size in 363.96µs
[ 21.380s] [EditMode] starting fix_action_bar_scale
[ 21.380s] [EditMode] finished fix_action_bar_scale in 28.33µs
[ 21.380s] [EditMode] starting reapply_player_frame_anchor
[ 21.387s] [EditMode] finished reapply_player_frame_anchor in 7.16ms
[ 21.442s] [Startup] end world enter sequence in 2.11s
[ 21.442s] [Startup] begin post-login events
[ 21.447s] [Startup] Firing UNIT_AURA
[ 21.450s] [Startup] Firing PET_UI_UPDATE
[ 21.458s] [Startup] Firing BAG_UPDATE_DELAYED
[ 21.468s] [Startup] Firing QUEST_LOG_UPDATE
[ 21.474s] [Startup] Firing GROUP_ROSTER_UPDATE
[ 21.999s] [Startup] Firing ACTIONBAR_UPDATE_STATE
[ 21.999s] [Startup] Firing ACTIONBAR_UPDATE_COOLDOWN
[ 22.004s] [Startup] Firing UPDATE_BONUS_ACTIONBAR
[ 22.077s] [Startup] Firing PLAYER_CAN_GLIDE_CHANGED
[ 22.077s] [Startup] Firing PLAYER_IS_GLIDING_CHANGED
[ 22.077s] [Startup] Firing UPDATE_BINDINGS
[ 22.096s] [Startup] Firing UPDATE_CHAT_WINDOWS
[ 22.109s] [Startup] Firing LFG_UPDATE_RANDOM_INFO
[ 22.113s] [Startup] end post-login events in 671.07ms
[ 22.113s] [Startup] begin close startup special windows
[ 22.115s] [Startup] end close startup special windows in 1.42ms
[ 22.115s] [Startup] begin FIRST_FRAME_RENDERED
[ 22.115s] [Startup] Firing FIRST_FRAME_RENDERED
[ 22.116s] [Startup] end FIRST_FRAME_RENDERED in 776.68µs
[ 22.116s] [Startup] begin unblock hidden splash alerts
[ 22.116s] [Startup] end unblock hidden splash alerts in 67.83µs
[ 22.116s] [Startup] begin post-event workarounds
[ 22.116s] [Startup] end post-event workarounds in 4.66µs
error: test failed, to rerun pass `--test prefork_full_ui`

Caused by:
  process didn't exit successfully: `/home/osso/.worktrees/wow-ui-sim-p915-page/target/debug/deps/prefork_full_ui-34a818a91c447c36 patch_9_1_5_publication_sweep` (exit status: 1)
