FF
======================================================================
FAIL: test_labeled_and_supplemental_contracts_preserve_literal_lines (__main__.LegacyFunctionLabelsTests.test_labeled_and_supplemental_contracts_preserve_literal_lines)
----------------------------------------------------------------------
Traceback (most recent call last):
  File "/home/osso/.worktrees/wow-ui-sim-p310-source/tools/test_patch_3_1_0_source.py", line 28, in test_labeled_and_supplemental_contracts_preserve_literal_lines
    register = self.generate(SOURCE, output, ['--legacy-function-labels', '--client-line', 'retail'])
  File "/home/osso/.worktrees/wow-ui-sim-p310-source/tools/test_patch_3_1_0_source.py", line 19, in generate
    self.assertEqual(result.returncode, 0, result.stderr)
    ~~~~~~~~~~~~~~~~^^^^^^^^^^^^^^^^^^^^^^^^^^^^^^^^^^^^^
AssertionError: 2 != 0 : usage: gen_patch_wikitext_register.py [-h] [--inventory-only]
                                      [--expand-shared-changes]
                                      [--separate-inline-structures]
                                      [--capture-span-defaults]
                                      [--skip-plain-scripts-label]
                                      [--simple-api-list]
                                      [--legacy-column-headers]
                                      [--diff-api-additions]
                                      [--legacy-inventory-labels]
                                      [--legacy-api-tables]
                                      [--cataclysm-change-bullets]
                                      [--legacy-api-bullets]
                                      [--legacy-api-renames] [--bfa-prepatch]
                                      [--prose-api-links]
                                      [--legacy-summary-tables]
                                      [--top-level-api-bullets]
                                      [--legacy-widget-summaries]
                                      [--prose-namespace-migrations]
                                      [--legacy-widget-cvar-bullets]
                                      [--legion-prepatch]
                                      [--indented-api-lists]
                                      [--cataclysm-labeled-inventory]
                                      [--colon-api-bullets]
                                      [--warlords-prepatch]
                                      [--warlords-diff WARLORDS_DIFF]
                                      [--combat-restriction-bullets]
                                      [--client-line {retail,mists-classic,classic-era}]
                                      [--mists-automated-diff]
                                      [--mists-prepatch] [--mists-summary]
                                      [--mists-diff MISTS_DIFF]
                                      [--mists-widget-handlers]
                                      [--mists-bare-widget-handlers]
                                      [--mists-code-removals]
                                      patch path revid out
gen_patch_wikitext_register.py: error: unrecognized arguments: --legacy-function-labels


======================================================================
FAIL: test_questions_and_unlabeled_calls_are_not_publication_inventory (__main__.LegacyFunctionLabelsTests.test_questions_and_unlabeled_calls_are_not_publication_inventory)
----------------------------------------------------------------------
Traceback (most recent call last):
  File "/home/osso/.worktrees/wow-ui-sim-p310-source/tools/test_patch_3_1_0_source.py", line 57, in test_questions_and_unlabeled_calls_are_not_publication_inventory
    rows = self.generate(source, output, ['--legacy-function-labels'])['entries']
           ~~~~~~~~~~~~~^^^^^^^^^^^^^^^^^^^^^^^^^^^^^^^^^^^^^^^^^^^^^^
  File "/home/osso/.worktrees/wow-ui-sim-p310-source/tools/test_patch_3_1_0_source.py", line 19, in generate
    self.assertEqual(result.returncode, 0, result.stderr)
    ~~~~~~~~~~~~~~~~^^^^^^^^^^^^^^^^^^^^^^^^^^^^^^^^^^^^^
AssertionError: 2 != 0 : usage: gen_patch_wikitext_register.py [-h] [--inventory-only]
                                      [--expand-shared-changes]
                                      [--separate-inline-structures]
                                      [--capture-span-defaults]
                                      [--skip-plain-scripts-label]
                                      [--simple-api-list]
                                      [--legacy-column-headers]
                                      [--diff-api-additions]
                                      [--legacy-inventory-labels]
                                      [--legacy-api-tables]
                                      [--cataclysm-change-bullets]
                                      [--legacy-api-bullets]
                                      [--legacy-api-renames] [--bfa-prepatch]
                                      [--prose-api-links]
                                      [--legacy-summary-tables]
                                      [--top-level-api-bullets]
                                      [--legacy-widget-summaries]
                                      [--prose-namespace-migrations]
                                      [--legacy-widget-cvar-bullets]
                                      [--legion-prepatch]
                                      [--indented-api-lists]
                                      [--cataclysm-labeled-inventory]
                                      [--colon-api-bullets]
                                      [--warlords-prepatch]
                                      [--warlords-diff WARLORDS_DIFF]
                                      [--combat-restriction-bullets]
                                      [--client-line {retail,mists-classic,classic-era}]
                                      [--mists-automated-diff]
                                      [--mists-prepatch] [--mists-summary]
                                      [--mists-diff MISTS_DIFF]
                                      [--mists-widget-handlers]
                                      [--mists-bare-widget-handlers]
                                      [--mists-code-removals]
                                      patch path revid out
gen_patch_wikitext_register.py: error: unrecognized arguments: --legacy-function-labels


----------------------------------------------------------------------
Ran 2 tests in 0.757s

FAILED (failures=2)
