
running 1 test
test patch_3_3_0_motion_xml::patch_3_3_0_motion_xml_preserves_true_false_and_template_inheritance_before_onload ... ok

test result: ok. 1 passed; 0 failed; 0 ignored; 0 measured; 10690 filtered out; finished in 0.22s

warning: iced-wgpu-patched/Cargo.toml: `lints.clippy.large-enum-variant` is deprecated in favor of `lints.clippy.large_enum_variant` and will not work in a future edition
warning: iced-wgpu-patched/Cargo.toml: `lints.clippy.map-entry` is deprecated in favor of `lints.clippy.map_entry` and will not work in a future edition
warning: iced-wgpu-patched/Cargo.toml: `lints.clippy.match-wildcard-for-single-variants` is deprecated in favor of `lints.clippy.match_wildcard_for_single_variants` and will not work in a future edition
warning: iced-wgpu-patched/Cargo.toml: `lints.clippy.redundant-closure-for-method-calls` is deprecated in favor of `lints.clippy.redundant_closure_for_method_calls` and will not work in a future edition
warning: iced-wgpu-patched/Cargo.toml: `lints.clippy.trivially-copy-pass-by-ref` is deprecated in favor of `lints.clippy.trivially_copy_pass_by_ref` and will not work in a future edition
warning: iced-wgpu-patched/Cargo.toml: `lints.clippy.type-complexity` is deprecated in favor of `lints.clippy.type_complexity` and will not work in a future edition
warning: `iced_wgpu` (manifest) generated 6 warnings
   Compiling wow-ui-sim v0.1.0 (/home/osso/.worktrees/wow-ui-sim-p330-source)
    Finished `test` profile [optimized + debuginfo] target(s) in 1m 58s
     Running tests/integration.rs (target/debug/deps/integration-1db16289b0998b2a)
[  0.000s] [Startup] WowLuaEnv::new begin
[  0.003s] [Startup] SimState::default complete in 2.73ms
[  0.003s] [Startup] rilua VM created in 129.91µs
[  0.003s] [Startup] builtin frames initialized in 99.64µs
[  0.003s] [Startup] template registry cleared in 5.20µs
[  0.003s] [Startup] intrinsic templates registered in 7.12µs
[  0.003s] [Startup] initial app_data lua handle installed in 411.00ns
[  0.202s] [Startup] init_lua_state complete in 198.47ms
[  0.202s] [Startup] final app_data lua handle installed in 301.00ns
[  0.202s] [Startup] initial screen globals installed in 203.28µs
[  0.202s] [Startup] WowLuaEnv::new complete
