warning: iced-wgpu-patched/Cargo.toml: `lints.clippy.large-enum-variant` is deprecated in favor of `lints.clippy.large_enum_variant` and will not work in a future edition
warning: iced-wgpu-patched/Cargo.toml: `lints.clippy.map-entry` is deprecated in favor of `lints.clippy.map_entry` and will not work in a future edition
warning: iced-wgpu-patched/Cargo.toml: `lints.clippy.match-wildcard-for-single-variants` is deprecated in favor of `lints.clippy.match_wildcard_for_single_variants` and will not work in a future edition
warning: iced-wgpu-patched/Cargo.toml: `lints.clippy.redundant-closure-for-method-calls` is deprecated in favor of `lints.clippy.redundant_closure_for_method_calls` and will not work in a future edition
warning: iced-wgpu-patched/Cargo.toml: `lints.clippy.trivially-copy-pass-by-ref` is deprecated in favor of `lints.clippy.trivially_copy_pass_by_ref` and will not work in a future edition
warning: iced-wgpu-patched/Cargo.toml: `lints.clippy.type-complexity` is deprecated in favor of `lints.clippy.type_complexity` and will not work in a future edition
warning: `iced_wgpu` (manifest) generated 6 warnings
   Compiling read-fonts v0.35.0
   Compiling nom v8.0.0
   Compiling aho-corasick v1.1.4
   Compiling rand_core v0.6.4
   Compiling getrandom v0.3.4
   Compiling lebe v0.5.3
   Compiling quick-error v2.0.1
   Compiling regex-syntax v0.8.8
   Compiling subtle v2.6.1
   Compiling siphasher v1.0.2
   Compiling utf8parse v0.2.2
   Compiling ryu v1.0.23
   Compiling y4m v0.8.0
   Compiling atomic-waker v1.1.2
   Compiling pastey v0.1.1
   Compiling bit_field v0.10.3
   Compiling hyper v1.9.0
   Compiling phf_shared v0.11.3
   Compiling exr v1.74.0
   Compiling rand v0.8.5
   Compiling rustls v0.23.40
   Compiling anstyle-parse v0.2.7
   Compiling bitstream-io v4.9.0
   Compiling av-scenechange v0.14.1
   Compiling serde v1.0.228
   Compiling toml v0.9.11+spec-1.1.0
   Compiling slotmap v1.1.1
   Compiling profiling v1.0.17
   Compiling idna v1.1.0
   Compiling icu_locale v2.1.1
   Compiling paste v1.0.15
   Compiling rav1e v0.8.1
   Compiling maybe-rayon v0.1.1
   Compiling regex-automata v0.4.13
   Compiling jpeg-decoder v0.3.2
   Compiling qoi v0.4.1
   Compiling num-derive v0.4.2
   Compiling av1-grain v0.2.5
   Compiling sync_wrapper v1.0.2
   Compiling fax_derive v0.2.0
   Compiling simd_helpers v0.1.0
   Compiling itertools v0.14.0
   Compiling icu_plurals_data v2.1.1
   Compiling zune-core v0.4.12
   Compiling scopeguard v1.2.0
   Compiling ipnet v2.12.0
   Compiling roxmltree v0.20.0
   Compiling tower-layer v0.3.3
   Compiling anstyle-query v1.1.5
   Compiling base64 v0.22.1
   Compiling icu_casemap_data v2.1.1
   Compiling tinyvec_macros v0.1.1
   Compiling icu_collator_data v2.1.1
   Compiling imgref v1.12.0
   Compiling is_terminal_polyfill v1.70.2
   Compiling bitflags v1.3.2
   Compiling zmij v1.0.14
   Compiling icu_segmenter_data v2.1.1
   Compiling thiserror v1.0.69
   Compiling new_debug_unreachable v1.0.6
   Compiling colorchoice v1.0.4
   Compiling noop_proc_macro v0.3.0
   Compiling anstyle v1.0.13
   Compiling skrifa v0.37.0
   Compiling anstream v0.6.21
   Compiling png v0.17.16
   Compiling loop9 v0.1.5
   Compiling tinyvec v1.10.0
   Compiling hyper-util v0.1.20
   Compiling fontconfig-parser v0.5.8
   Compiling tower v0.5.3
   Compiling tokio-rustls v0.26.4
   Compiling lock_api v0.4.14
   Compiling zune-jpeg v0.4.21
   Compiling fax v0.2.6
   Compiling tiff v0.9.1
   Compiling url v2.5.8
   Compiling winresource v0.1.30
   Compiling phf_generator v0.11.3
   Compiling crypto-common v0.1.7
   Compiling block-buffer v0.10.4
   Compiling gif v0.13.3
   Compiling avif-serialize v0.8.6
   Compiling webpki-roots v1.0.7
   Compiling ttf-parser v0.25.1
   Compiling thiserror-impl v1.0.69
   Compiling pxfm v0.1.27
   Compiling memmap2 v0.9.9
   Compiling byteorder-lite v0.1.0
   Compiling clap_lex v0.7.7
   Compiling zeno v0.3.3
   Compiling serde_json v1.0.149
   Compiling lazy_static v1.5.0
   Compiling heck v0.5.0
   Compiling yazi v0.2.1
   Compiling rgb v0.8.52
   Compiling minimal-lexical v0.2.1
   Compiling byteorder v1.5.0
   Compiling strsim v0.11.1
   Compiling option-ext v0.2.0
   Compiling fastrand v2.3.0
   Compiling zune-core v0.5.0
   Compiling moxcms v0.7.11
   Compiling tempfile v3.24.0
   Compiling zune-jpeg v0.5.8
   Compiling dirs-sys v0.4.1
   Compiling clap_builder v4.5.56
   Compiling image v0.24.9
   Compiling nom v7.1.3
   Compiling fontdb v0.23.0
   Compiling ravif v0.12.0
   Compiling swash v0.2.6
   Compiling clap_derive v4.5.55
   Compiling sharded-slab v0.1.7
   Compiling image-webp v0.2.4
   Compiling hyper-rustls v0.27.9
   Compiling tower-http v0.6.10
   Compiling digest v0.10.7
   Compiling phf_macros v0.11.3
   Compiling wow-ui-sim v0.1.0 (/home/osso/Projects/wow/wow-ui-sim)
   Compiling tiff v0.10.3
   Compiling spin v0.9.8
   Compiling harfrust v0.3.2
   Compiling matchers v0.2.0
   Compiling serde_urlencoded v0.7.1
   Compiling fixed_decimal v0.7.0
   Compiling xattr v1.6.1
   Compiling gif v0.14.1
   Compiling png v0.18.0
   Compiling tracing-log v0.2.0
   Compiling http-body-util v0.1.3
   Compiling texpresso v2.0.2
   Compiling filetime v0.2.28
   Compiling console v0.15.11
   Compiling thread_local v1.1.9
   Compiling similar v2.7.0
   Compiling unicode-script v0.5.8
   Compiling sys-locale v0.3.2
   Compiling cpufeatures v0.2.17
   Compiling rustc-hash v1.1.0
   Compiling unicode-bidi v0.3.18
   Compiling linebender_resource_handle v0.1.1
   Compiling nu-ansi-term v0.50.3
   Compiling smol_str v0.2.2
   Compiling same-file v1.0.6
   Compiling unicode-segmentation v1.12.0
   Compiling self_cell v1.2.2
   Compiling unicode-linebreak v0.1.5
   Compiling rangemap v1.7.1
   Compiling walkdir v2.5.0
   Compiling cosmic-text v0.15.0
   Compiling tracing-subscriber v0.3.22
   Compiling sha2 v0.10.9
   Compiling insta v1.46.0
   Compiling image-blp v1.2.0
   Compiling tar v0.4.45
   Compiling reqwest v0.12.28
   Compiling image v0.25.9
   Compiling icu_plurals v2.1.1
   Compiling icu_segmenter v2.1.1
   Compiling icu_collator v2.1.1
   Compiling icu_casemap v2.1.1
   Compiling phf_codegen v0.11.3
   Compiling phf v0.11.3
   Compiling clap v4.5.56
   Compiling dirs v5.0.1
   Compiling regex v1.12.2
   Compiling quick-xml v0.37.5
   Compiling rilua v0.1.21 (https://github.com/Osso/rilua.git?rev=842e4d3ff8592af45a5a93058eddf93419d29012#842e4d3f)
   Compiling glob v0.3.3
   Compiling rustc-hash v2.1.2
   Compiling pollster v0.4.0
   Compiling httpdate v1.0.3
   Compiling unicode-blocks v0.1.10
error: could not compile `wow-ui-sim` (lib test) due to 3 previous errors; 4 warnings emitted
