diff --git a/Cargo.toml b/Cargo.toml
index fff42ec5b..40119bae3 100644
--- a/Cargo.toml
+++ b/Cargo.toml
@@ -184,6 +184,10 @@ required-features = ["client-retail"]
 [[test]]
 name = "patch_1_13_3_npc_health"
 path = "patch-tests/patch_1_13_3_npc_health.rs"
+
+[[test]]
+name = "patch_1_13_2_cvar_state"
+path = "patch-tests/patch_1_13_2_cvar_state.rs"
 required-features = ["client-era"]
 
 [[test]]
diff --git a/src/loader/tests/wow_api_globals/transmog_situation.rs b/src/loader/tests/wow_api_globals/transmog_situation.rs
index f872027c6..da7745076 100644
--- a/src/loader/tests/wow_api_globals/transmog_situation.rs
+++ b/src/loader/tests/wow_api_globals/transmog_situation.rs
@@ -1,6 +1,7 @@
 //! Startup publication and values for the 12.0.0 TransmogSituation enum.
 
-#![cfg(feature = "retail-12-0-0")]
+// Later cumulative epochs publish additional members and different metadata.
+#![cfg(all(feature = "retail-12-0-0", not(feature = "retail-12-0-5")))]
 
 use super::super::*;
 
