........................E.......E............
======================================================================
ERROR: test_reference_note_preserves_publication_prose_and_citation (test_extract_patch_non_inventory.ExtractTests.test_reference_note_preserves_publication_prose_and_citation)
----------------------------------------------------------------------
Traceback (most recent call last):
  File "/home/osso/.worktrees/wow-ui-sim-p830-page/tools/test_extract_patch_non_inventory.py", line 17, in test_reference_note_preserves_publication_prose_and_citation
    self.assertEqual(extract_text(raw, retain_reference_notes=True),
                     ~~~~~~~~~~~~^^^^^^^^^^^^^^^^^^^^^^^^^^^^^^^^^^
TypeError: extract_text() got an unexpected keyword argument 'retain_reference_notes'

======================================================================
ERROR: test_legacy_headers_retain_counts_and_removed_command_kind (test_gen_patch_wikitext_register.InventoryTests.test_legacy_headers_retain_counts_and_removed_command_kind)
----------------------------------------------------------------------
Traceback (most recent call last):
  File "/home/osso/.worktrees/wow-ui-sim-p830-page/tools/test_gen_patch_wikitext_register.py", line 16, in test_legacy_headers_retain_counts_and_removed_command_kind
    entries, counts = parse_section('cvars', lines, legacy_column_headers=True)
                      ~~~~~~~~~~~~~^^^^^^^^^^^^^^^^^^^^^^^^^^^^^^^^^^^^^^^^^^^^
TypeError: parse_section() got an unexpected keyword argument 'legacy_column_headers'

----------------------------------------------------------------------
Ran 45 tests in 0.005s

FAILED (errors=2)
