running 1 tests
test patch_10_2_5_cached_surfaces::patch_10_2_5_cached_color_picker_hex_consumer ... FAILED (panic: called `Result::unwrap()` on an `Err` value: Lua(Runtime(RuntimeError { message: "assertion failed!", level: 0, traceback: [] })))
---- patch_10_2_5_cached_surfaces::patch_10_2_5_cached_color_picker_hex_consumer stderr ----

thread 'main' (2641943) panicked at /home/osso/.worktrees/wow-ui-sim-p1025-page/tests/patch_10_2_5_cached_surfaces.rs:24:13:
called `Result::unwrap()` on an `Err` value: Lua(Runtime(RuntimeError { message: "assertion failed!", level: 0, traceback: [] }))
note: run with `RUST_BACKTRACE=1` environment variable to display a backtrace

test result: FAILED. 0 passed; 1 failed; 1 total
warning: iced-wgpu-patched/Cargo.toml: `lints.clippy.large-enum-variant` is deprecated in favor of `lints.clippy.large_enum_variant` and will not work in a future edition
warning: iced-wgpu-patched/Cargo.toml: `lints.clippy.map-entry` is deprecated in favor of `lints.clippy.map_entry` and will not work in a future edition
warning: iced-wgpu-patched/Cargo.toml: `lints.clippy.match-wildcard-for-single-variants` is deprecated in favor of `lints.clippy.match_wildcard_for_single_variants` and will not work in a future edition
warning: iced-wgpu-patched/Cargo.toml: `lints.clippy.redundant-closure-for-method-calls` is deprecated in favor of `lints.clippy.redundant_closure_for_method_calls` and will not work in a future edition
warning: iced-wgpu-patched/Cargo.toml: `lints.clippy.trivially-copy-pass-by-ref` is deprecated in favor of `lints.clippy.trivially_copy_pass_by_ref` and will not work in a future edition
warning: iced-wgpu-patched/Cargo.toml: `lints.clippy.type-complexity` is deprecated in favor of `lints.clippy.type_complexity` and will not work in a future edition
warning: `iced_wgpu` (manifest) generated 6 warnings
   Compiling wow-ui-sim v0.1.0 (/home/osso/.worktrees/wow-ui-sim-p1025-page)
    Finished `test` profile [optimized + debuginfo] target(s) in 27.31s
     Running tests/prefork_full_ui.rs (target/debug/deps/prefork_full_ui-34a818a91c447c36)
[  0.000s] [Startup] WowLuaEnv::new begin
[  0.002s] [Startup] SimState::default complete in 1.81ms
[  0.002s] [Startup] rilua VM created in 86.83µs
[  0.002s] [Startup] builtin frames initialized in 66.37µs
[  0.002s] [Startup] template registry cleared in 4.60µs
[  0.002s] [Startup] intrinsic templates registered in 5.62µs
[  0.002s] [Startup] initial app_data lua handle installed in 301.00ns
[  0.138s] [Startup] init_lua_state complete in 135.54ms
[  0.138s] [Startup] final app_data lua handle installed in 190.00ns
[  0.138s] [Startup] initial screen globals installed in 90.80µs
[  0.138s] [Startup] WowLuaEnv::new complete
[  2.553s] [Startup] apply_post_load_workarounds: begin
[  2.553s] [Workarounds] starting patch_edit_mode_manager
[  2.554s] [Workarounds] finished patch_edit_mode_manager in 319.29µs
[  2.554s] [Workarounds] starting init_edit_mode_layout
[  2.554s] [EditMode] starting setup_layout_info
[  2.557s] [EditMode] finished setup_layout_info in 3.23ms
[  2.557s] [EditMode] starting apply_system_anchors
[  2.694s] [EditMode] finished apply_system_anchors in 137.40ms
[  2.694s] [EditMode] starting finalize_action_bar_positions
[  2.696s] [EditMode] finished finalize_action_bar_positions in 1.71ms
[  2.696s] [EditMode] starting invoke_anchor_changed_hooks
[  2.696s] [EditMode] finished invoke_anchor_changed_hooks in 379.01µs
[  2.697s] [EditMode] starting fix_action_bar_nan_size
[  2.697s] [EditMode] finished fix_action_bar_nan_size in 39.86µs
[  2.697s] [EditMode] starting fix_action_bar_scale
[  2.697s] [EditMode] finished fix_action_bar_scale in 4.38µs
[  2.697s] [Workarounds] finished init_edit_mode_layout in 142.80ms
[  2.697s] [Workarounds] starting patch_ui_parent_panel_toggles
[  2.697s] [Workarounds] finished patch_ui_parent_panel_toggles in 221.12µs
[  2.697s] [Workarounds] starting patch_uiparent_onupdate_worklists
[  2.697s] [Workarounds] finished patch_uiparent_onupdate_worklists in 92.59µs
[  2.697s] [Workarounds] starting init_chat_type_colors
[  2.697s] [Workarounds] finished init_chat_type_colors in 119.21µs
[  2.697s] [Workarounds] starting patch_chat_voice_button_surface
[  2.697s] [Workarounds] finished patch_chat_voice_button_surface in 108.80µs
[  2.697s] [Workarounds] starting patch_item_socketing_tooltips
[  2.697s] [Workarounds] finished patch_item_socketing_tooltips in 55.64µs
[  2.697s] [Workarounds] starting patch_character_select_selected_name
[  2.697s] [Workarounds] finished patch_character_select_selected_name in 28.64µs
[  2.697s] [Workarounds] starting patch_character_create_defaults
[  2.697s] [Workarounds] finished patch_character_create_defaults in 210.70µs
[  2.697s] [Workarounds] starting patch_character_frame_title_refresh
[  2.703s] [Workarounds] finished patch_character_frame_title_refresh in 5.40ms
[  2.703s] [Workarounds] starting patch_vignette_pin_template
[  2.703s] [Workarounds] finished patch_vignette_pin_template in 88.06µs
[  2.703s] [Workarounds] starting patch_fog_of_war_pin_mixin
[  2.703s] [Workarounds] finished patch_fog_of_war_pin_mixin in 262.18µs
[  2.703s] [Workarounds] starting patch_map_exploration_pin_mixin
[  2.709s] [Workarounds] finished patch_map_exploration_pin_mixin in 5.49ms
[  2.709s] [Workarounds] starting patch_map_canvas_data_provider_attachment
[  2.709s] [Workarounds] finished patch_map_canvas_data_provider_attachment in 63.40µs
[  2.709s] [Workarounds] starting ensure_adventure_map_frame_surface
[  2.709s] [Workarounds] finished ensure_adventure_map_frame_surface in 419.32µs
[  2.709s] [Workarounds] starting patch_action_bar_button_event_fanout
[  2.709s] [Workarounds] finished patch_action_bar_button_event_fanout in 96.31µs
[  2.709s] [Workarounds] starting patch_paging_controls_page_text
[  2.709s] [Workarounds] finished patch_paging_controls_page_text in 38.90µs
[  2.709s] [Workarounds] starting patch_talent_edge_frame_level_sync
[  2.709s] [Workarounds] finished patch_talent_edge_frame_level_sync in 29.84µs
[  2.709s] [Workarounds] starting patch_catalog_shop_product_card_defaults
[  2.709s] [Workarounds] finished patch_catalog_shop_product_card_defaults in 60.68µs
[  2.709s] [Workarounds] starting patch_game_time_defaults
[  2.709s] [Workarounds] finished patch_game_time_defaults in 7.37µs
[  2.709s] [Workarounds] starting patch_tooltip_nineslice_surface
[  2.709s] [Workarounds] finished patch_tooltip_nineslice_surface in 42.63µs
[  2.709s] [Workarounds] starting patch_container_frame_token_tracker
[  2.709s] [Workarounds] finished patch_container_frame_token_tracker in 40.26µs
[  2.709s] [Workarounds] starting patch_achievement_display_set_achievements
[  2.709s] [Workarounds] finished patch_achievement_display_set_achievements in 7.94µs
[  2.709s] [Workarounds] starting patch_housing_dashboard_preload
[  2.710s] [Workarounds] finished patch_housing_dashboard_preload in 162.84µs
[  2.710s] [Workarounds] starting patch_lfg_lock_list
[  2.710s] [Workarounds] finished patch_lfg_lock_list in 32.69µs
[  2.710s] [Workarounds] starting patch_auction_house_browse_results_event
[  2.710s] [Workarounds] finished patch_auction_house_browse_results_event in 63.01µs
[  2.710s] [Workarounds] starting patch_auction_house_search_context_aliases
[  2.710s] [Workarounds] finished patch_auction_house_search_context_aliases in 27.46µs
[  2.710s] [Workarounds] starting patch_auth_challenge_frame_parent
[  2.710s] [Workarounds] finished patch_auth_challenge_frame_parent in 65.12µs
[  2.710s] [Workarounds] starting patch_settings_surface_defaults
[  2.710s] [Workarounds] finished patch_settings_surface_defaults in 338.29µs
[  2.710s] [Workarounds] starting patch_settings_canvas_layout_visibility
[  2.710s] [Workarounds] finished patch_settings_canvas_layout_visibility in 108.56µs
[  2.710s] [Startup] apply_post_load_workarounds: workarounds complete
[  2.781s] [Startup] apply_post_load_workarounds: globals restored
[  2.781s] [Startup] apply_post_load_workarounds: patch 12.1 compatibility restored
[  2.781s] [Startup] apply_post_load_workarounds: seterrorhandler restored
[  2.917s] [Startup] begin login sequence
[  2.917s] [Startup] Firing ADDON_LOADED
[  2.918s] [Startup] Firing VARIABLES_LOADED
[  3.013s] [Startup] Firing DISPLAY_SIZE_CHANGED
[  3.056s] [Startup] Firing UI_SCALE_CHANGED
[  3.057s] [Startup] Firing PLAYER_LOGIN
[  3.057s] [Startup] end login sequence in 139.57ms
[  3.057s] [Startup] begin world enter sequence
[  3.057s] [Startup] Skipping EDIT_MODE_LAYOUTS_UPDATED
[  3.057s] [Startup] Firing TIME_PLAYED_MSG via RequestTimePlayed
[  3.057s] [Startup] Firing PLAYER_ENTERING_WORLD
[  3.293s] [EditMode] starting setup_layout_info
[  3.297s] [EditMode] finished setup_layout_info in 3.70ms
[  3.297s] [EditMode] starting apply_system_anchors
[  3.437s] [EditMode] finished apply_system_anchors in 139.71ms
[  3.437s] [EditMode] starting finalize_action_bar_positions
[  3.439s] [EditMode] finished finalize_action_bar_positions in 2.63ms
[  3.439s] [EditMode] starting invoke_anchor_changed_hooks
[  3.445s] [EditMode] finished invoke_anchor_changed_hooks in 5.59ms
[  3.445s] [EditMode] starting fix_action_bar_nan_size
[  3.445s] [EditMode] finished fix_action_bar_nan_size in 69.94µs
[  3.445s] [EditMode] starting fix_action_bar_scale
[  3.445s] [EditMode] finished fix_action_bar_scale in 5.18µs
[  3.445s] [EditMode] starting reapply_player_frame_anchor
[  3.446s] [EditMode] finished reapply_player_frame_anchor in 1.47ms
[  3.455s] [Startup] end world enter sequence in 398.19ms
[  3.455s] [Startup] begin post-login events
[  3.456s] [Startup] Firing UNIT_AURA
[  3.457s] [Startup] Firing PET_UI_UPDATE
[  3.459s] [Startup] Firing BAG_UPDATE_DELAYED
[  3.461s] [Startup] Firing QUEST_LOG_UPDATE
[  3.462s] [Startup] Firing GROUP_ROSTER_UPDATE
[  3.553s] [Startup] Firing ACTIONBAR_UPDATE_STATE
[  3.553s] [Startup] Firing ACTIONBAR_UPDATE_COOLDOWN
[  3.555s] [Startup] Firing UPDATE_BONUS_ACTIONBAR
[  3.567s] [Startup] Firing PLAYER_CAN_GLIDE_CHANGED
[  3.567s] [Startup] Firing PLAYER_IS_GLIDING_CHANGED
[  3.567s] [Startup] Firing UPDATE_BINDINGS
[  3.570s] [Startup] Firing UPDATE_CHAT_WINDOWS
[  3.573s] [Startup] Firing LFG_UPDATE_RANDOM_INFO
[  3.574s] [Startup] end post-login events in 118.87ms
[  3.574s] [Startup] begin close startup special windows
[  3.574s] [Startup] end close startup special windows in 290.19µs
[  3.574s] [Startup] begin FIRST_FRAME_RENDERED
[  3.574s] [Startup] Firing FIRST_FRAME_RENDERED
[  3.575s] [Startup] end FIRST_FRAME_RENDERED in 182.59µs
[  3.575s] [Startup] begin unblock hidden splash alerts
[  3.575s] [Startup] end unblock hidden splash alerts in 15.00µs
[  3.575s] [Startup] begin post-event workarounds
[  3.575s] [Startup] end post-event workarounds in 961.00ns
error: test failed, to rerun pass `--test prefork_full_ui`

Caused by:
  process didn't exit successfully: `/home/osso/.worktrees/wow-ui-sim-p1025-page/target/debug/deps/prefork_full_ui-34a818a91c447c36 patch_10_2_5_cached_color_picker_hex_consumer` (exit status: 1)
