running 1 tests
test patch_10_2_5_cached_surfaces::patch_10_2_5_cached_color_picker_hex_consumer ... ok

test result: ok. 1 passed; 0 failed; 1 total
warning: iced-wgpu-patched/Cargo.toml: `lints.clippy.large-enum-variant` is deprecated in favor of `lints.clippy.large_enum_variant` and will not work in a future edition
warning: iced-wgpu-patched/Cargo.toml: `lints.clippy.map-entry` is deprecated in favor of `lints.clippy.map_entry` and will not work in a future edition
warning: iced-wgpu-patched/Cargo.toml: `lints.clippy.match-wildcard-for-single-variants` is deprecated in favor of `lints.clippy.match_wildcard_for_single_variants` and will not work in a future edition
warning: iced-wgpu-patched/Cargo.toml: `lints.clippy.redundant-closure-for-method-calls` is deprecated in favor of `lints.clippy.redundant_closure_for_method_calls` and will not work in a future edition
warning: iced-wgpu-patched/Cargo.toml: `lints.clippy.trivially-copy-pass-by-ref` is deprecated in favor of `lints.clippy.trivially_copy_pass_by_ref` and will not work in a future edition
warning: iced-wgpu-patched/Cargo.toml: `lints.clippy.type-complexity` is deprecated in favor of `lints.clippy.type_complexity` and will not work in a future edition
warning: `iced_wgpu` (manifest) generated 6 warnings
   Compiling wow-ui-sim v0.1.0 (/home/osso/.worktrees/wow-ui-sim-p1025-page)
    Finished `test` profile [optimized + debuginfo] target(s) in 32.97s
     Running tests/prefork_full_ui.rs (target/debug/deps/prefork_full_ui-34a818a91c447c36)
[  0.000s] [Startup] WowLuaEnv::new begin
[  0.003s] [Startup] SimState::default complete in 2.71ms
[  0.003s] [Startup] rilua VM created in 147.69µs
[  0.003s] [Startup] builtin frames initialized in 100.47µs
[  0.003s] [Startup] template registry cleared in 6.74µs
[  0.003s] [Startup] intrinsic templates registered in 8.80µs
[  0.003s] [Startup] initial app_data lua handle installed in 672.00ns
[  0.198s] [Startup] init_lua_state complete in 194.67ms
[  0.198s] [Startup] final app_data lua handle installed in 371.00ns
[  0.198s] [Startup] initial screen globals installed in 200.26µs
[  0.198s] [Startup] WowLuaEnv::new complete
[  4.069s] [Startup] apply_post_load_workarounds: begin
[  4.069s] [Workarounds] starting patch_edit_mode_manager
[  4.070s] [Workarounds] finished patch_edit_mode_manager in 781.84µs
[  4.070s] [Workarounds] starting init_edit_mode_layout
[  4.070s] [EditMode] starting setup_layout_info
[  4.082s] [EditMode] finished setup_layout_info in 11.54ms
[  4.082s] [EditMode] starting apply_system_anchors
[  4.363s] [EditMode] finished apply_system_anchors in 281.72ms
[  4.363s] [EditMode] starting finalize_action_bar_positions
[  4.366s] [EditMode] finished finalize_action_bar_positions in 2.67ms
[  4.366s] [EditMode] starting invoke_anchor_changed_hooks
[  4.367s] [EditMode] finished invoke_anchor_changed_hooks in 756.78µs
[  4.367s] [EditMode] starting fix_action_bar_nan_size
[  4.367s] [EditMode] finished fix_action_bar_nan_size in 68.12µs
[  4.367s] [EditMode] starting fix_action_bar_scale
[  4.367s] [EditMode] finished fix_action_bar_scale in 7.56µs
[  4.367s] [Workarounds] finished init_edit_mode_layout in 296.84ms
[  4.367s] [Workarounds] starting patch_ui_parent_panel_toggles
[  4.367s] [Workarounds] finished patch_ui_parent_panel_toggles in 300.57µs
[  4.367s] [Workarounds] starting patch_uiparent_onupdate_worklists
[  4.367s] [Workarounds] finished patch_uiparent_onupdate_worklists in 116.90µs
[  4.367s] [Workarounds] starting init_chat_type_colors
[  4.368s] [Workarounds] finished init_chat_type_colors in 150.33µs
[  4.368s] [Workarounds] starting patch_chat_voice_button_surface
[  4.368s] [Workarounds] finished patch_chat_voice_button_surface in 163.14µs
[  4.368s] [Workarounds] starting patch_item_socketing_tooltips
[  4.368s] [Workarounds] finished patch_item_socketing_tooltips in 78.98µs
[  4.368s] [Workarounds] starting patch_character_select_selected_name
[  4.368s] [Workarounds] finished patch_character_select_selected_name in 36.26µs
[  4.368s] [Workarounds] starting patch_character_create_defaults
[  4.368s] [Workarounds] finished patch_character_create_defaults in 276.42µs
[  4.368s] [Workarounds] starting patch_character_frame_title_refresh
[  4.377s] [Workarounds] finished patch_character_frame_title_refresh in 9.06ms
[  4.377s] [Workarounds] starting patch_vignette_pin_template
[  4.377s] [Workarounds] finished patch_vignette_pin_template in 174.65µs
[  4.377s] [Workarounds] starting patch_fog_of_war_pin_mixin
[  4.378s] [Workarounds] finished patch_fog_of_war_pin_mixin in 364.95µs
[  4.378s] [Workarounds] starting patch_map_exploration_pin_mixin
[  4.384s] [Workarounds] finished patch_map_exploration_pin_mixin in 6.73ms
[  4.384s] [Workarounds] starting patch_map_canvas_data_provider_attachment
[  4.385s] [Workarounds] finished patch_map_canvas_data_provider_attachment in 115.82µs
[  4.385s] [Workarounds] starting ensure_adventure_map_frame_surface
[  4.385s] [Workarounds] finished ensure_adventure_map_frame_surface in 604.22µs
[  4.385s] [Workarounds] starting patch_action_bar_button_event_fanout
[  4.385s] [Workarounds] finished patch_action_bar_button_event_fanout in 127.66µs
[  4.385s] [Workarounds] starting patch_paging_controls_page_text
[  4.385s] [Workarounds] finished patch_paging_controls_page_text in 47.61µs
[  4.385s] [Workarounds] starting patch_talent_edge_frame_level_sync
[  4.385s] [Workarounds] finished patch_talent_edge_frame_level_sync in 35.77µs
[  4.385s] [Workarounds] starting patch_catalog_shop_product_card_defaults
[  4.385s] [Workarounds] finished patch_catalog_shop_product_card_defaults in 75.49µs
[  4.385s] [Workarounds] starting patch_game_time_defaults
[  4.385s] [Workarounds] finished patch_game_time_defaults in 9.01µs
[  4.386s] [Workarounds] starting patch_tooltip_nineslice_surface
[  4.386s] [Workarounds] finished patch_tooltip_nineslice_surface in 51.53µs
[  4.386s] [Workarounds] starting patch_container_frame_token_tracker
[  4.386s] [Workarounds] finished patch_container_frame_token_tracker in 48.33µs
[  4.386s] [Workarounds] starting patch_achievement_display_set_achievements
[  4.386s] [Workarounds] finished patch_achievement_display_set_achievements in 9.70µs
[  4.386s] [Workarounds] starting patch_housing_dashboard_preload
[  4.386s] [Workarounds] finished patch_housing_dashboard_preload in 204.30µs
[  4.386s] [Workarounds] starting patch_lfg_lock_list
[  4.386s] [Workarounds] finished patch_lfg_lock_list in 43.38µs
[  4.386s] [Workarounds] starting patch_auction_house_browse_results_event
[  4.386s] [Workarounds] finished patch_auction_house_browse_results_event in 76.24µs
[  4.386s] [Workarounds] starting patch_auction_house_search_context_aliases
[  4.386s] [Workarounds] finished patch_auction_house_search_context_aliases in 34.88µs
[  4.386s] [Workarounds] starting patch_auth_challenge_frame_parent
[  4.386s] [Workarounds] finished patch_auth_challenge_frame_parent in 84.52µs
[  4.386s] [Workarounds] starting patch_settings_surface_defaults
[  4.386s] [Workarounds] finished patch_settings_surface_defaults in 410.51µs
[  4.386s] [Workarounds] starting patch_settings_canvas_layout_visibility
[  4.387s] [Workarounds] finished patch_settings_canvas_layout_visibility in 131.64µs
[  4.387s] [Startup] apply_post_load_workarounds: workarounds complete
[  4.491s] [Startup] apply_post_load_workarounds: globals restored
[  4.492s] [Startup] apply_post_load_workarounds: patch 12.1 compatibility restored
[  4.492s] [Startup] apply_post_load_workarounds: seterrorhandler restored
[  4.682s] [Startup] begin login sequence
[  4.682s] [Startup] Firing ADDON_LOADED
[  4.682s] [Startup] Firing VARIABLES_LOADED
[  4.833s] [Startup] Firing DISPLAY_SIZE_CHANGED
[  4.891s] [Startup] Firing UI_SCALE_CHANGED
[  4.893s] [Startup] Firing PLAYER_LOGIN
[  4.893s] [Startup] end login sequence in 211.47ms
[  4.893s] [Startup] begin world enter sequence
[  4.893s] [Startup] Skipping EDIT_MODE_LAYOUTS_UPDATED
[  4.893s] [Startup] Firing TIME_PLAYED_MSG via RequestTimePlayed
[  4.893s] [Startup] Firing PLAYER_ENTERING_WORLD
[  5.277s] [EditMode] starting setup_layout_info
[  5.282s] [EditMode] finished setup_layout_info in 5.32ms
[  5.282s] [EditMode] starting apply_system_anchors
[  5.491s] [EditMode] finished apply_system_anchors in 208.60ms
[  5.491s] [EditMode] starting finalize_action_bar_positions
[  5.496s] [EditMode] finished finalize_action_bar_positions in 4.54ms
[  5.496s] [EditMode] starting invoke_anchor_changed_hooks
[  5.504s] [EditMode] finished invoke_anchor_changed_hooks in 8.90ms
[  5.504s] [EditMode] starting fix_action_bar_nan_size
[  5.505s] [EditMode] finished fix_action_bar_nan_size in 105.05µs
[  5.505s] [EditMode] starting fix_action_bar_scale
[  5.505s] [EditMode] finished fix_action_bar_scale in 6.47µs
[  5.505s] [EditMode] starting reapply_player_frame_anchor
[  5.506s] [EditMode] finished reapply_player_frame_anchor in 1.85ms
[  5.518s] [Startup] end world enter sequence in 624.74ms
[  5.518s] [Startup] begin post-login events
[  5.519s] [Startup] Firing UNIT_AURA
[  5.521s] [Startup] Firing PET_UI_UPDATE
[  5.523s] [Startup] Firing BAG_UPDATE_DELAYED
[  5.525s] [Startup] Firing QUEST_LOG_UPDATE
[  5.527s] [Startup] Firing GROUP_ROSTER_UPDATE
[  5.710s] [Startup] Firing ACTIONBAR_UPDATE_STATE
[  5.710s] [Startup] Firing ACTIONBAR_UPDATE_COOLDOWN
[  5.712s] [Startup] Firing UPDATE_BONUS_ACTIONBAR
[  5.728s] [Startup] Firing PLAYER_CAN_GLIDE_CHANGED
[  5.728s] [Startup] Firing PLAYER_IS_GLIDING_CHANGED
[  5.728s] [Startup] Firing UPDATE_BINDINGS
[  5.732s] [Startup] Firing UPDATE_CHAT_WINDOWS
[  5.737s] [Startup] Firing LFG_UPDATE_RANDOM_INFO
[  5.739s] [Startup] end post-login events in 220.51ms
[  5.739s] [Startup] begin close startup special windows
[  5.739s] [Startup] end close startup special windows in 540.24µs
[  5.739s] [Startup] begin FIRST_FRAME_RENDERED
[  5.739s] [Startup] Firing FIRST_FRAME_RENDERED
[  5.739s] [Startup] end FIRST_FRAME_RENDERED in 325.15µs
[  5.739s] [Startup] begin unblock hidden splash alerts
[  5.739s] [Startup] end unblock hidden splash alerts in 26.10µs
[  5.739s] [Startup] begin post-event workarounds
[  5.739s] [Startup] end post-event workarounds in 1.66µs
