
running 1 test
test patch_10_2_5_publication_sweep::patch_10_2_5_publication_sweep ... ok

test result: ok. 1 passed; 0 failed; 0 ignored; 0 measured; 10818 filtered out; finished in 5.65s

warning: iced-wgpu-patched/Cargo.toml: `lints.clippy.large-enum-variant` is deprecated in favor of `lints.clippy.large_enum_variant` and will not work in a future edition
warning: iced-wgpu-patched/Cargo.toml: `lints.clippy.map-entry` is deprecated in favor of `lints.clippy.map_entry` and will not work in a future edition
warning: iced-wgpu-patched/Cargo.toml: `lints.clippy.match-wildcard-for-single-variants` is deprecated in favor of `lints.clippy.match_wildcard_for_single_variants` and will not work in a future edition
warning: iced-wgpu-patched/Cargo.toml: `lints.clippy.redundant-closure-for-method-calls` is deprecated in favor of `lints.clippy.redundant_closure_for_method_calls` and will not work in a future edition
warning: iced-wgpu-patched/Cargo.toml: `lints.clippy.trivially-copy-pass-by-ref` is deprecated in favor of `lints.clippy.trivially_copy_pass_by_ref` and will not work in a future edition
warning: iced-wgpu-patched/Cargo.toml: `lints.clippy.type-complexity` is deprecated in favor of `lints.clippy.type_complexity` and will not work in a future edition
warning: `iced_wgpu` (manifest) generated 6 warnings
   Compiling wow-ui-sim v0.1.0 (/home/osso/.worktrees/wow-ui-sim-p1025-page)
    Finished `test` profile [optimized + debuginfo] target(s) in 15.95s
     Running tests/integration.rs (target/debug/deps/integration-aef10a2b503e13d5)
[  0.000s] [Startup] WowLuaEnv::new begin
[  0.004s] [Startup] SimState::default complete in 3.75ms
[  0.004s] [Startup] rilua VM created in 170.71µs
[  0.004s] [Startup] builtin frames initialized in 119.88µs
[  0.004s] [Startup] template registry cleared in 7.80µs
[  0.004s] [Startup] intrinsic templates registered in 9.64µs
[  0.004s] [Startup] initial app_data lua handle installed in 661.00ns
[  0.219s] [Startup] init_lua_state complete in 215.33ms
[  0.219s] [Startup] final app_data lua handle installed in 410.00ns
[  0.220s] [Startup] initial screen globals installed in 290.90µs
[  0.220s] [Startup] WowLuaEnv::new complete
[  3.822s] [Startup] apply_post_load_workarounds: begin
[  3.822s] [Workarounds] starting patch_edit_mode_manager
[  3.823s] [Workarounds] finished patch_edit_mode_manager in 529.40µs
[  3.823s] [Workarounds] starting init_edit_mode_layout
[  3.823s] [EditMode] starting setup_layout_info
[  3.828s] [EditMode] finished setup_layout_info in 4.69ms
[  3.828s] [EditMode] starting apply_system_anchors
[  4.024s] [EditMode] finished apply_system_anchors in 196.52ms
[  4.024s] [EditMode] starting finalize_action_bar_positions
[  4.027s] [EditMode] finished finalize_action_bar_positions in 2.52ms
[  4.027s] [EditMode] starting invoke_anchor_changed_hooks
[  4.027s] [EditMode] finished invoke_anchor_changed_hooks in 512.20µs
[  4.027s] [EditMode] starting fix_action_bar_nan_size
[  4.027s] [EditMode] finished fix_action_bar_nan_size in 55.81µs
[  4.027s] [EditMode] starting fix_action_bar_scale
[  4.027s] [EditMode] finished fix_action_bar_scale in 5.62µs
[  4.027s] [Workarounds] finished init_edit_mode_layout in 204.34ms
[  4.027s] [Workarounds] starting patch_ui_parent_panel_toggles
[  4.027s] [Workarounds] finished patch_ui_parent_panel_toggles in 288.26µs
[  4.027s] [Workarounds] starting patch_uiparent_onupdate_worklists
[  4.028s] [Workarounds] finished patch_uiparent_onupdate_worklists in 119.02µs
[  4.028s] [Workarounds] starting init_chat_type_colors
[  4.028s] [Workarounds] finished init_chat_type_colors in 142.71µs
[  4.028s] [Workarounds] starting patch_chat_voice_button_surface
[  4.028s] [Workarounds] finished patch_chat_voice_button_surface in 159.72µs
[  4.028s] [Workarounds] starting patch_item_socketing_tooltips
[  4.028s] [Workarounds] finished patch_item_socketing_tooltips in 70.34µs
[  4.028s] [Workarounds] starting patch_character_select_selected_name
[  4.028s] [Workarounds] finished patch_character_select_selected_name in 40.14µs
[  4.028s] [Workarounds] starting patch_character_create_defaults
[  4.028s] [Workarounds] finished patch_character_create_defaults in 276.58µs
[  4.028s] [Workarounds] starting patch_character_frame_title_refresh
[  4.035s] [Workarounds] finished patch_character_frame_title_refresh in 7.19ms
[  4.036s] [Workarounds] starting patch_vignette_pin_template
[  4.036s] [Workarounds] finished patch_vignette_pin_template in 150.57µs
[  4.036s] [Workarounds] starting patch_fog_of_war_pin_mixin
[  4.036s] [Workarounds] finished patch_fog_of_war_pin_mixin in 359.43µs
[  4.036s] [Workarounds] starting patch_map_exploration_pin_mixin
[  4.044s] [Workarounds] finished patch_map_exploration_pin_mixin in 7.49ms
[  4.044s] [Workarounds] starting patch_map_canvas_data_provider_attachment
[  4.044s] [Workarounds] finished patch_map_canvas_data_provider_attachment in 107.96µs
[  4.044s] [Workarounds] starting ensure_adventure_map_frame_surface
[  4.044s] [Workarounds] finished ensure_adventure_map_frame_surface in 606.84µs
[  4.044s] [Workarounds] starting patch_action_bar_button_event_fanout
[  4.044s] [Workarounds] finished patch_action_bar_button_event_fanout in 129.83µs
[  4.044s] [Workarounds] starting patch_paging_controls_page_text
[  4.044s] [Workarounds] finished patch_paging_controls_page_text in 48.02µs
[  4.044s] [Workarounds] starting patch_talent_edge_frame_level_sync
[  4.044s] [Workarounds] finished patch_talent_edge_frame_level_sync in 35.99µs
[  4.044s] [Workarounds] starting patch_catalog_shop_product_card_defaults
[  4.045s] [Workarounds] finished patch_catalog_shop_product_card_defaults in 75.69µs
[  4.045s] [Workarounds] starting patch_game_time_defaults
[  4.045s] [Workarounds] finished patch_game_time_defaults in 9.72µs
[  4.045s] [Workarounds] starting patch_tooltip_nineslice_surface
[  4.045s] [Workarounds] finished patch_tooltip_nineslice_surface in 51.86µs
[  4.045s] [Workarounds] starting patch_container_frame_token_tracker
[  4.045s] [Workarounds] finished patch_container_frame_token_tracker in 48.84µs
[  4.045s] [Workarounds] starting patch_achievement_display_set_achievements
[  4.045s] [Workarounds] finished patch_achievement_display_set_achievements in 9.72µs
[  4.045s] [Workarounds] starting patch_housing_dashboard_preload
[  4.045s] [Workarounds] finished patch_housing_dashboard_preload in 203.55µs
[  4.045s] [Workarounds] starting patch_lfg_lock_list
[  4.045s] [Workarounds] finished patch_lfg_lock_list in 43.54µs
[  4.045s] [Workarounds] starting patch_auction_house_browse_results_event
[  4.045s] [Workarounds] finished patch_auction_house_browse_results_event in 82.72µs
[  4.045s] [Workarounds] starting patch_auction_house_search_context_aliases
[  4.045s] [Workarounds] finished patch_auction_house_search_context_aliases in 33.94µs
[  4.045s] [Workarounds] starting patch_auth_challenge_frame_parent
[  4.045s] [Workarounds] finished patch_auth_challenge_frame_parent in 81.51µs
[  4.045s] [Workarounds] starting patch_settings_surface_defaults
[  4.046s] [Workarounds] finished patch_settings_surface_defaults in 426.13µs
[  4.046s] [Workarounds] starting patch_settings_canvas_layout_visibility
[  4.046s] [Workarounds] finished patch_settings_canvas_layout_visibility in 136.48µs
[  4.046s] [Startup] apply_post_load_workarounds: workarounds complete
[  4.133s] [Startup] apply_post_load_workarounds: globals restored
[  4.133s] [Startup] apply_post_load_workarounds: patch 12.1 compatibility restored
[  4.133s] [Startup] apply_post_load_workarounds: seterrorhandler restored
[  4.314s] [Startup] begin login sequence
[  4.314s] [Startup] Firing ADDON_LOADED
[  4.315s] [Startup] Firing VARIABLES_LOADED
[  4.452s] [Startup] Firing DISPLAY_SIZE_CHANGED
[  4.512s] [Startup] Firing UI_SCALE_CHANGED
[  4.514s] [Startup] Firing PLAYER_LOGIN
[  4.514s] [Startup] end login sequence in 199.27ms
[  4.514s] [Startup] begin world enter sequence
[  4.514s] [Startup] Skipping EDIT_MODE_LAYOUTS_UPDATED
[  4.514s] [Startup] Firing TIME_PLAYED_MSG via RequestTimePlayed
[  4.514s] [Startup] Firing PLAYER_ENTERING_WORLD
[  4.872s] [EditMode] starting setup_layout_info
[  4.878s] [EditMode] finished setup_layout_info in 6.05ms
[  4.878s] [EditMode] starting apply_system_anchors
[  5.067s] [EditMode] finished apply_system_anchors in 188.90ms
[  5.067s] [EditMode] starting finalize_action_bar_positions
[  5.071s] [EditMode] finished finalize_action_bar_positions in 3.60ms
[  5.071s] [EditMode] starting invoke_anchor_changed_hooks
[  5.079s] [EditMode] finished invoke_anchor_changed_hooks in 8.41ms
[  5.079s] [EditMode] starting fix_action_bar_nan_size
[  5.079s] [EditMode] finished fix_action_bar_nan_size in 112.21µs
[  5.079s] [EditMode] starting fix_action_bar_scale
[  5.079s] [EditMode] finished fix_action_bar_scale in 7.16µs
[  5.079s] [EditMode] starting reapply_player_frame_anchor
[  5.081s] [EditMode] finished reapply_player_frame_anchor in 1.90ms
[  5.092s] [Startup] end world enter sequence in 578.66ms
[  5.092s] [Startup] begin post-login events
[  5.094s] [Startup] Firing UNIT_AURA
[  5.095s] [Startup] Firing PET_UI_UPDATE
[  5.097s] [Startup] Firing BAG_UPDATE_DELAYED
[  5.099s] [Startup] Firing QUEST_LOG_UPDATE
[  5.101s] [Startup] Firing GROUP_ROSTER_UPDATE
[  5.235s] [Startup] Firing ACTIONBAR_UPDATE_STATE
[  5.235s] [Startup] Firing ACTIONBAR_UPDATE_COOLDOWN
[  5.236s] [Startup] Firing UPDATE_BONUS_ACTIONBAR
[  5.254s] [Startup] Firing PLAYER_CAN_GLIDE_CHANGED
[  5.254s] [Startup] Firing PLAYER_IS_GLIDING_CHANGED
[  5.254s] [Startup] Firing UPDATE_BINDINGS
[  5.258s] [Startup] Firing UPDATE_CHAT_WINDOWS
[  5.262s] [Startup] Firing LFG_UPDATE_RANDOM_INFO
[  5.263s] [Startup] end post-login events in 170.64ms
[  5.263s] [Startup] begin close startup special windows
[  5.264s] [Startup] end close startup special windows in 436.15µs
[  5.264s] [Startup] begin FIRST_FRAME_RENDERED
[  5.264s] [Startup] Firing FIRST_FRAME_RENDERED
[  5.264s] [Startup] end FIRST_FRAME_RENDERED in 223.53µs
[  5.264s] [Startup] begin unblock hidden splash alerts
[  5.264s] [Startup] end unblock hidden splash alerts in 18.20µs
[  5.264s] [Startup] begin post-event workarounds
[  5.264s] [Startup] end post-event workarounds in 1.02µs
