
running 1 test
test patch_11_2_7_publication_sweep::patch_11_2_7_publication_sweep ... ok

test result: ok. 1 passed; 0 failed; 0 ignored; 0 measured; 10818 filtered out; finished in 4.55s

warning: iced-wgpu-patched/Cargo.toml: `lints.clippy.large-enum-variant` is deprecated in favor of `lints.clippy.large_enum_variant` and will not work in a future edition
warning: iced-wgpu-patched/Cargo.toml: `lints.clippy.map-entry` is deprecated in favor of `lints.clippy.map_entry` and will not work in a future edition
warning: iced-wgpu-patched/Cargo.toml: `lints.clippy.match-wildcard-for-single-variants` is deprecated in favor of `lints.clippy.match_wildcard_for_single_variants` and will not work in a future edition
warning: iced-wgpu-patched/Cargo.toml: `lints.clippy.redundant-closure-for-method-calls` is deprecated in favor of `lints.clippy.redundant_closure_for_method_calls` and will not work in a future edition
warning: iced-wgpu-patched/Cargo.toml: `lints.clippy.trivially-copy-pass-by-ref` is deprecated in favor of `lints.clippy.trivially_copy_pass_by_ref` and will not work in a future edition
warning: iced-wgpu-patched/Cargo.toml: `lints.clippy.type-complexity` is deprecated in favor of `lints.clippy.type_complexity` and will not work in a future edition
warning: `iced_wgpu` (manifest) generated 6 warnings
    Finished `test` profile [optimized + debuginfo] target(s) in 0.19s
     Running tests/integration.rs (target/debug/deps/integration-aef10a2b503e13d5)
[  0.000s] [Startup] WowLuaEnv::new begin
[  0.003s] [Startup] SimState::default complete in 2.43ms
[  0.003s] [Startup] rilua VM created in 136.04µs
[  0.003s] [Startup] builtin frames initialized in 85.36µs
[  0.003s] [Startup] template registry cleared in 4.51µs
[  0.003s] [Startup] intrinsic templates registered in 6.94µs
[  0.003s] [Startup] initial app_data lua handle installed in 511.00ns
[  0.170s] [Startup] init_lua_state complete in 167.32ms
[  0.170s] [Startup] final app_data lua handle installed in 321.00ns
[  0.170s] [Startup] initial screen globals installed in 95.11µs
[  0.170s] [Startup] WowLuaEnv::new complete
[  3.030s] [Startup] apply_post_load_workarounds: begin
[  3.030s] [Workarounds] starting patch_edit_mode_manager
[  3.030s] [Workarounds] finished patch_edit_mode_manager in 329.08µs
[  3.030s] [Workarounds] starting init_edit_mode_layout
[  3.030s] [EditMode] starting setup_layout_info
[  3.034s] [EditMode] finished setup_layout_info in 3.49ms
[  3.034s] [EditMode] starting apply_system_anchors
[  3.183s] [EditMode] finished apply_system_anchors in 149.09ms
[  3.183s] [EditMode] starting finalize_action_bar_positions
[  3.185s] [EditMode] finished finalize_action_bar_positions in 1.81ms
[  3.185s] [EditMode] starting invoke_anchor_changed_hooks
[  3.185s] [EditMode] finished invoke_anchor_changed_hooks in 408.52µs
[  3.185s] [EditMode] starting fix_action_bar_nan_size
[  3.185s] [EditMode] finished fix_action_bar_nan_size in 43.86µs
[  3.185s] [EditMode] starting fix_action_bar_scale
[  3.185s] [EditMode] finished fix_action_bar_scale in 4.83µs
[  3.185s] [Workarounds] finished init_edit_mode_layout in 154.88ms
[  3.185s] [Workarounds] starting patch_ui_parent_panel_toggles
[  3.185s] [Workarounds] finished patch_ui_parent_panel_toggles in 244.17µs
[  3.185s] [Workarounds] starting patch_uiparent_onupdate_worklists
[  3.185s] [Workarounds] finished patch_uiparent_onupdate_worklists in 100.30µs
[  3.185s] [Workarounds] starting init_chat_type_colors
[  3.186s] [Workarounds] finished init_chat_type_colors in 118.67µs
[  3.186s] [Workarounds] starting patch_chat_voice_button_surface
[  3.186s] [Workarounds] finished patch_chat_voice_button_surface in 119.43µs
[  3.186s] [Workarounds] starting patch_item_socketing_tooltips
[  3.186s] [Workarounds] finished patch_item_socketing_tooltips in 59.82µs
[  3.186s] [Workarounds] starting patch_character_select_selected_name
[  3.186s] [Workarounds] finished patch_character_select_selected_name in 31.92µs
[  3.186s] [Workarounds] starting patch_character_create_defaults
[  3.186s] [Workarounds] finished patch_character_create_defaults in 241.64µs
[  3.186s] [Workarounds] starting patch_character_frame_title_refresh
[  3.192s] [Workarounds] finished patch_character_frame_title_refresh in 5.82ms
[  3.192s] [Workarounds] starting patch_vignette_pin_template
[  3.192s] [Workarounds] finished patch_vignette_pin_template in 95.58µs
[  3.192s] [Workarounds] starting patch_fog_of_war_pin_mixin
[  3.192s] [Workarounds] finished patch_fog_of_war_pin_mixin in 284.26µs
[  3.192s] [Workarounds] starting patch_map_exploration_pin_mixin
[  3.198s] [Workarounds] finished patch_map_exploration_pin_mixin in 6.22ms
[  3.198s] [Workarounds] starting patch_map_canvas_data_provider_attachment
[  3.199s] [Workarounds] finished patch_map_canvas_data_provider_attachment in 67.83µs
[  3.199s] [Workarounds] starting ensure_adventure_map_frame_surface
[  3.199s] [Workarounds] finished ensure_adventure_map_frame_surface in 455.65µs
[  3.199s] [Workarounds] starting patch_action_bar_button_event_fanout
[  3.199s] [Workarounds] finished patch_action_bar_button_event_fanout in 108.10µs
[  3.199s] [Workarounds] starting patch_paging_controls_page_text
[  3.199s] [Workarounds] finished patch_paging_controls_page_text in 40.88µs
[  3.199s] [Workarounds] starting patch_talent_edge_frame_level_sync
[  3.199s] [Workarounds] finished patch_talent_edge_frame_level_sync in 31.74µs
[  3.199s] [Workarounds] starting patch_catalog_shop_product_card_defaults
[  3.199s] [Workarounds] finished patch_catalog_shop_product_card_defaults in 64.70µs
[  3.199s] [Workarounds] starting patch_game_time_defaults
[  3.199s] [Workarounds] finished patch_game_time_defaults in 7.56µs
[  3.199s] [Workarounds] starting patch_tooltip_nineslice_surface
[  3.199s] [Workarounds] finished patch_tooltip_nineslice_surface in 43.77µs
[  3.199s] [Workarounds] starting patch_container_frame_token_tracker
[  3.199s] [Workarounds] finished patch_container_frame_token_tracker in 41.84µs
[  3.199s] [Workarounds] starting patch_achievement_display_set_achievements
[  3.199s] [Workarounds] finished patch_achievement_display_set_achievements in 8.49µs
[  3.199s] [Workarounds] starting patch_housing_dashboard_preload
[  3.200s] [Workarounds] finished patch_housing_dashboard_preload in 168.68µs
[  3.200s] [Workarounds] starting patch_lfg_lock_list
[  3.200s] [Workarounds] finished patch_lfg_lock_list in 34.20µs
[  3.200s] [Workarounds] starting patch_auction_house_browse_results_event
[  3.200s] [Workarounds] finished patch_auction_house_browse_results_event in 68.95µs
[  3.200s] [Workarounds] starting patch_auction_house_search_context_aliases
[  3.200s] [Workarounds] finished patch_auction_house_search_context_aliases in 29.99µs
[  3.200s] [Workarounds] starting patch_auth_challenge_frame_parent
[  3.200s] [Workarounds] finished patch_auth_challenge_frame_parent in 66.23µs
[  3.200s] [Workarounds] starting patch_settings_surface_defaults
[  3.200s] [Workarounds] finished patch_settings_surface_defaults in 369.51µs
[  3.200s] [Workarounds] starting patch_settings_canvas_layout_visibility
[  3.200s] [Workarounds] finished patch_settings_canvas_layout_visibility in 118.05µs
[  3.200s] [Startup] apply_post_load_workarounds: workarounds complete
[  3.269s] [Startup] apply_post_load_workarounds: globals restored
[  3.269s] [Startup] apply_post_load_workarounds: patch 12.1 compatibility restored
[  3.269s] [Startup] apply_post_load_workarounds: seterrorhandler restored
[  3.411s] [Startup] begin login sequence
[  3.411s] [Startup] Firing ADDON_LOADED
[  3.412s] [Startup] Firing VARIABLES_LOADED
[  3.512s] [Startup] Firing DISPLAY_SIZE_CHANGED
[  3.556s] [Startup] Firing UI_SCALE_CHANGED
[  3.557s] [Startup] Firing PLAYER_LOGIN
[  3.557s] [Startup] end login sequence in 145.45ms
[  3.557s] [Startup] begin world enter sequence
[  3.557s] [Startup] Skipping EDIT_MODE_LAYOUTS_UPDATED
[  3.557s] [Startup] Firing TIME_PLAYED_MSG via RequestTimePlayed
[  3.557s] [Startup] Firing PLAYER_ENTERING_WORLD
[  3.798s] [EditMode] starting setup_layout_info
[  3.802s] [EditMode] finished setup_layout_info in 4.09ms
[  3.802s] [EditMode] starting apply_system_anchors
[  3.943s] [EditMode] finished apply_system_anchors in 140.64ms
[  3.943s] [EditMode] starting finalize_action_bar_positions
[  3.947s] [EditMode] finished finalize_action_bar_positions in 3.52ms
[  3.947s] [EditMode] starting invoke_anchor_changed_hooks
[  3.953s] [EditMode] finished invoke_anchor_changed_hooks in 6.07ms
[  3.953s] [EditMode] starting fix_action_bar_nan_size
[  3.953s] [EditMode] finished fix_action_bar_nan_size in 78.11µs
[  3.953s] [EditMode] starting fix_action_bar_scale
[  3.953s] [EditMode] finished fix_action_bar_scale in 4.75µs
[  3.953s] [EditMode] starting reapply_player_frame_anchor
[  3.954s] [EditMode] finished reapply_player_frame_anchor in 1.47ms
[  3.963s] [Startup] end world enter sequence in 406.18ms
[  3.963s] [Startup] begin post-login events
[  3.964s] [Startup] Firing UNIT_AURA
[  3.965s] [Startup] Firing PET_UI_UPDATE
[  3.967s] [Startup] Firing BAG_UPDATE_DELAYED
[  3.969s] [Startup] Firing QUEST_LOG_UPDATE
[  3.970s] [Startup] Firing GROUP_ROSTER_UPDATE
[  4.065s] [Startup] Firing ACTIONBAR_UPDATE_STATE
[  4.065s] [Startup] Firing ACTIONBAR_UPDATE_COOLDOWN
[  4.066s] [Startup] Firing UPDATE_BONUS_ACTIONBAR
[  4.078s] [Startup] Firing PLAYER_CAN_GLIDE_CHANGED
[  4.078s] [Startup] Firing PLAYER_IS_GLIDING_CHANGED
[  4.078s] [Startup] Firing UPDATE_BINDINGS
[  4.081s] [Startup] Firing UPDATE_CHAT_WINDOWS
[  4.084s] [Startup] Firing LFG_UPDATE_RANDOM_INFO
[  4.085s] [Startup] end post-login events in 121.94ms
[  4.085s] [Startup] begin close startup special windows
[  4.085s] [Startup] end close startup special windows in 284.64µs
[  4.085s] [Startup] begin FIRST_FRAME_RENDERED
[  4.085s] [Startup] Firing FIRST_FRAME_RENDERED
[  4.085s] [Startup] end FIRST_FRAME_RENDERED in 185.00µs
[  4.085s] [Startup] begin unblock hidden splash alerts
[  4.085s] [Startup] end unblock hidden splash alerts in 14.72µs
[  4.085s] [Startup] begin post-event workarounds
[  4.085s] [Startup] end post-event workarounds in 1.02µs
