
running 1 test
test patch_11_1_0_publication_sweep::patch_11_1_0_publication_sweep ... ok

test result: ok. 1 passed; 0 failed; 0 ignored; 0 measured; 10818 filtered out; finished in 4.25s

warning: iced-wgpu-patched/Cargo.toml: `lints.clippy.large-enum-variant` is deprecated in favor of `lints.clippy.large_enum_variant` and will not work in a future edition
warning: iced-wgpu-patched/Cargo.toml: `lints.clippy.map-entry` is deprecated in favor of `lints.clippy.map_entry` and will not work in a future edition
warning: iced-wgpu-patched/Cargo.toml: `lints.clippy.match-wildcard-for-single-variants` is deprecated in favor of `lints.clippy.match_wildcard_for_single_variants` and will not work in a future edition
warning: iced-wgpu-patched/Cargo.toml: `lints.clippy.redundant-closure-for-method-calls` is deprecated in favor of `lints.clippy.redundant_closure_for_method_calls` and will not work in a future edition
warning: iced-wgpu-patched/Cargo.toml: `lints.clippy.trivially-copy-pass-by-ref` is deprecated in favor of `lints.clippy.trivially_copy_pass_by_ref` and will not work in a future edition
warning: iced-wgpu-patched/Cargo.toml: `lints.clippy.type-complexity` is deprecated in favor of `lints.clippy.type_complexity` and will not work in a future edition
warning: `iced_wgpu` (manifest) generated 6 warnings
    Finished `test` profile [optimized + debuginfo] target(s) in 0.21s
     Running tests/integration.rs (target/debug/deps/integration-aef10a2b503e13d5)
[  0.000s] [Startup] WowLuaEnv::new begin
[  0.002s] [Startup] SimState::default complete in 2.37ms
[  0.003s] [Startup] rilua VM created in 112.33µs
[  0.003s] [Startup] builtin frames initialized in 74.12µs
[  0.003s] [Startup] template registry cleared in 6.12µs
[  0.003s] [Startup] intrinsic templates registered in 6.81µs
[  0.003s] [Startup] initial app_data lua handle installed in 551.00ns
[  0.158s] [Startup] init_lua_state complete in 155.81ms
[  0.158s] [Startup] final app_data lua handle installed in 330.00ns
[  0.159s] [Startup] initial screen globals installed in 118.09µs
[  0.159s] [Startup] WowLuaEnv::new complete
[  2.908s] [Startup] apply_post_load_workarounds: begin
[  2.908s] [Workarounds] starting patch_edit_mode_manager
[  2.909s] [Workarounds] finished patch_edit_mode_manager in 314.08µs
[  2.909s] [Workarounds] starting init_edit_mode_layout
[  2.909s] [EditMode] starting setup_layout_info
[  2.912s] [EditMode] finished setup_layout_info in 3.41ms
[  2.912s] [EditMode] starting apply_system_anchors
[  3.062s] [EditMode] finished apply_system_anchors in 149.89ms
[  3.062s] [EditMode] starting finalize_action_bar_positions
[  3.064s] [EditMode] finished finalize_action_bar_positions in 1.88ms
[  3.064s] [EditMode] starting invoke_anchor_changed_hooks
[  3.064s] [EditMode] finished invoke_anchor_changed_hooks in 422.12µs
[  3.064s] [EditMode] starting fix_action_bar_nan_size
[  3.064s] [EditMode] finished fix_action_bar_nan_size in 45.12µs
[  3.064s] [EditMode] starting fix_action_bar_scale
[  3.064s] [EditMode] finished fix_action_bar_scale in 4.75µs
[  3.064s] [Workarounds] finished init_edit_mode_layout in 155.69ms
[  3.064s] [Workarounds] starting patch_ui_parent_panel_toggles
[  3.065s] [Workarounds] finished patch_ui_parent_panel_toggles in 241.81µs
[  3.065s] [Workarounds] starting patch_uiparent_onupdate_worklists
[  3.065s] [Workarounds] finished patch_uiparent_onupdate_worklists in 101.41µs
[  3.065s] [Workarounds] starting init_chat_type_colors
[  3.065s] [Workarounds] finished init_chat_type_colors in 119.56µs
[  3.065s] [Workarounds] starting patch_chat_voice_button_surface
[  3.065s] [Workarounds] finished patch_chat_voice_button_surface in 124.15µs
[  3.065s] [Workarounds] starting patch_item_socketing_tooltips
[  3.065s] [Workarounds] finished patch_item_socketing_tooltips in 167.16µs
[  3.065s] [Workarounds] starting patch_character_select_selected_name
[  3.065s] [Workarounds] finished patch_character_select_selected_name in 31.24µs
[  3.065s] [Workarounds] starting patch_character_create_defaults
[  3.065s] [Workarounds] finished patch_character_create_defaults in 243.30µs
[  3.065s] [Workarounds] starting patch_character_frame_title_refresh
[  3.071s] [Workarounds] finished patch_character_frame_title_refresh in 5.83ms
[  3.071s] [Workarounds] starting patch_vignette_pin_template
[  3.071s] [Workarounds] finished patch_vignette_pin_template in 101.34µs
[  3.071s] [Workarounds] starting patch_fog_of_war_pin_mixin
[  3.072s] [Workarounds] finished patch_fog_of_war_pin_mixin in 295.31µs
[  3.072s] [Workarounds] starting patch_map_exploration_pin_mixin
[  3.078s] [Workarounds] finished patch_map_exploration_pin_mixin in 6.38ms
[  3.078s] [Workarounds] starting patch_map_canvas_data_provider_attachment
[  3.078s] [Workarounds] finished patch_map_canvas_data_provider_attachment in 69.63µs
[  3.078s] [Workarounds] starting ensure_adventure_map_frame_surface
[  3.079s] [Workarounds] finished ensure_adventure_map_frame_surface in 482.08µs
[  3.079s] [Workarounds] starting patch_action_bar_button_event_fanout
[  3.079s] [Workarounds] finished patch_action_bar_button_event_fanout in 107.93µs
[  3.079s] [Workarounds] starting patch_paging_controls_page_text
[  3.079s] [Workarounds] finished patch_paging_controls_page_text in 41.91µs
[  3.079s] [Workarounds] starting patch_talent_edge_frame_level_sync
[  3.079s] [Workarounds] finished patch_talent_edge_frame_level_sync in 31.37µs
[  3.079s] [Workarounds] starting patch_catalog_shop_product_card_defaults
[  3.079s] [Workarounds] finished patch_catalog_shop_product_card_defaults in 65.56µs
[  3.079s] [Workarounds] starting patch_game_time_defaults
[  3.079s] [Workarounds] finished patch_game_time_defaults in 7.23µs
[  3.079s] [Workarounds] starting patch_tooltip_nineslice_surface
[  3.079s] [Workarounds] finished patch_tooltip_nineslice_surface in 44.46µs
[  3.079s] [Workarounds] starting patch_container_frame_token_tracker
[  3.079s] [Workarounds] finished patch_container_frame_token_tracker in 42.19µs
[  3.079s] [Workarounds] starting patch_achievement_display_set_achievements
[  3.079s] [Workarounds] finished patch_achievement_display_set_achievements in 8.57µs
[  3.079s] [Workarounds] starting patch_housing_dashboard_preload
[  3.079s] [Workarounds] finished patch_housing_dashboard_preload in 172.67µs
[  3.079s] [Workarounds] starting patch_lfg_lock_list
[  3.079s] [Workarounds] finished patch_lfg_lock_list in 35.68µs
[  3.079s] [Workarounds] starting patch_auction_house_browse_results_event
[  3.079s] [Workarounds] finished patch_auction_house_browse_results_event in 68.49µs
[  3.079s] [Workarounds] starting patch_auction_house_search_context_aliases
[  3.079s] [Workarounds] finished patch_auction_house_search_context_aliases in 35.17µs
[  3.079s] [Workarounds] starting patch_auth_challenge_frame_parent
[  3.079s] [Workarounds] finished patch_auth_challenge_frame_parent in 68.06µs
[  3.079s] [Workarounds] starting patch_settings_surface_defaults
[  3.080s] [Workarounds] finished patch_settings_surface_defaults in 371.30µs
[  3.080s] [Workarounds] starting patch_settings_canvas_layout_visibility
[  3.080s] [Workarounds] finished patch_settings_canvas_layout_visibility in 117.56µs
[  3.080s] [Startup] apply_post_load_workarounds: workarounds complete
[  3.150s] [Startup] apply_post_load_workarounds: globals restored
[  3.150s] [Startup] apply_post_load_workarounds: patch 12.1 compatibility restored
[  3.150s] [Startup] apply_post_load_workarounds: seterrorhandler restored
[  3.292s] [Startup] begin login sequence
[  3.292s] [Startup] Firing ADDON_LOADED
[  3.292s] [Startup] Firing VARIABLES_LOADED
[  3.393s] [Startup] Firing DISPLAY_SIZE_CHANGED
[  3.437s] [Startup] Firing UI_SCALE_CHANGED
[  3.438s] [Startup] Firing PLAYER_LOGIN
[  3.438s] [Startup] end login sequence in 145.81ms
[  3.438s] [Startup] begin world enter sequence
[  3.438s] [Startup] Skipping EDIT_MODE_LAYOUTS_UPDATED
[  3.438s] [Startup] Firing TIME_PLAYED_MSG via RequestTimePlayed
[  3.438s] [Startup] Firing PLAYER_ENTERING_WORLD
[  3.683s] [EditMode] starting setup_layout_info
[  3.687s] [EditMode] finished setup_layout_info in 4.32ms
[  3.687s] [EditMode] starting apply_system_anchors
[  3.824s] [EditMode] finished apply_system_anchors in 136.17ms
[  3.824s] [EditMode] starting finalize_action_bar_positions
[  3.826s] [EditMode] finished finalize_action_bar_positions in 2.50ms
[  3.826s] [EditMode] starting invoke_anchor_changed_hooks
[  3.831s] [EditMode] finished invoke_anchor_changed_hooks in 5.33ms
[  3.831s] [EditMode] starting fix_action_bar_nan_size
[  3.831s] [EditMode] finished fix_action_bar_nan_size in 67.34µs
[  3.831s] [EditMode] starting fix_action_bar_scale
[  3.831s] [EditMode] finished fix_action_bar_scale in 4.61µs
[  3.831s] [EditMode] starting reapply_player_frame_anchor
[  3.833s] [EditMode] finished reapply_player_frame_anchor in 1.38ms
[  3.841s] [Startup] end world enter sequence in 403.31ms
[  3.841s] [Startup] begin post-login events
[  3.842s] [Startup] Firing UNIT_AURA
[  3.843s] [Startup] Firing PET_UI_UPDATE
[  3.844s] [Startup] Firing BAG_UPDATE_DELAYED
[  3.846s] [Startup] Firing QUEST_LOG_UPDATE
[  3.847s] [Startup] Firing GROUP_ROSTER_UPDATE
[  3.936s] [Startup] Firing ACTIONBAR_UPDATE_STATE
[  3.937s] [Startup] Firing ACTIONBAR_UPDATE_COOLDOWN
[  3.938s] [Startup] Firing UPDATE_BONUS_ACTIONBAR
[  3.949s] [Startup] Firing PLAYER_CAN_GLIDE_CHANGED
[  3.949s] [Startup] Firing PLAYER_IS_GLIDING_CHANGED
[  3.949s] [Startup] Firing UPDATE_BINDINGS
[  3.953s] [Startup] Firing UPDATE_CHAT_WINDOWS
[  3.955s] [Startup] Firing LFG_UPDATE_RANDOM_INFO
[  3.956s] [Startup] end post-login events in 115.20ms
[  3.956s] [Startup] begin close startup special windows
[  3.957s] [Startup] end close startup special windows in 295.20µs
[  3.957s] [Startup] begin FIRST_FRAME_RENDERED
[  3.957s] [Startup] Firing FIRST_FRAME_RENDERED
[  3.957s] [Startup] end FIRST_FRAME_RENDERED in 165.87µs
[  3.957s] [Startup] begin unblock hidden splash alerts
[  3.957s] [Startup] end unblock hidden splash alerts in 14.93µs
[  3.957s] [Startup] begin post-event workarounds
[  3.957s] [Startup] end post-event workarounds in 831.00ns
