
running 1 test
test patch_11_0_5_publication_sweep::patch_11_0_5_publication_sweep ... ok

test result: ok. 1 passed; 0 failed; 0 ignored; 0 measured; 10818 filtered out; finished in 4.01s

warning: iced-wgpu-patched/Cargo.toml: `lints.clippy.large-enum-variant` is deprecated in favor of `lints.clippy.large_enum_variant` and will not work in a future edition
warning: iced-wgpu-patched/Cargo.toml: `lints.clippy.map-entry` is deprecated in favor of `lints.clippy.map_entry` and will not work in a future edition
warning: iced-wgpu-patched/Cargo.toml: `lints.clippy.match-wildcard-for-single-variants` is deprecated in favor of `lints.clippy.match_wildcard_for_single_variants` and will not work in a future edition
warning: iced-wgpu-patched/Cargo.toml: `lints.clippy.redundant-closure-for-method-calls` is deprecated in favor of `lints.clippy.redundant_closure_for_method_calls` and will not work in a future edition
warning: iced-wgpu-patched/Cargo.toml: `lints.clippy.trivially-copy-pass-by-ref` is deprecated in favor of `lints.clippy.trivially_copy_pass_by_ref` and will not work in a future edition
warning: iced-wgpu-patched/Cargo.toml: `lints.clippy.type-complexity` is deprecated in favor of `lints.clippy.type_complexity` and will not work in a future edition
warning: `iced_wgpu` (manifest) generated 6 warnings
    Finished `test` profile [optimized + debuginfo] target(s) in 0.21s
     Running tests/integration.rs (target/debug/deps/integration-aef10a2b503e13d5)
[  0.000s] [Startup] WowLuaEnv::new begin
[  0.002s] [Startup] SimState::default complete in 2.07ms
[  0.002s] [Startup] rilua VM created in 110.26µs
[  0.002s] [Startup] builtin frames initialized in 73.39µs
[  0.002s] [Startup] template registry cleared in 5.50µs
[  0.002s] [Startup] intrinsic templates registered in 6.38µs
[  0.002s] [Startup] initial app_data lua handle installed in 641.00ns
[  0.161s] [Startup] init_lua_state complete in 158.53ms
[  0.161s] [Startup] final app_data lua handle installed in 311.00ns
[  0.161s] [Startup] initial screen globals installed in 117.14µs
[  0.161s] [Startup] WowLuaEnv::new complete
[  2.722s] [Startup] apply_post_load_workarounds: begin
[  2.722s] [Workarounds] starting patch_edit_mode_manager
[  2.722s] [Workarounds] finished patch_edit_mode_manager in 310.50µs
[  2.722s] [Workarounds] starting init_edit_mode_layout
[  2.722s] [EditMode] starting setup_layout_info
[  2.726s] [EditMode] finished setup_layout_info in 3.32ms
[  2.726s] [EditMode] starting apply_system_anchors
[  2.870s] [EditMode] finished apply_system_anchors in 143.94ms
[  2.870s] [EditMode] starting finalize_action_bar_positions
[  2.871s] [EditMode] finished finalize_action_bar_positions in 1.84ms
[  2.871s] [EditMode] starting invoke_anchor_changed_hooks
[  2.872s] [EditMode] finished invoke_anchor_changed_hooks in 396.87µs
[  2.872s] [EditMode] starting fix_action_bar_nan_size
[  2.872s] [EditMode] finished fix_action_bar_nan_size in 43.79µs
[  2.872s] [EditMode] starting fix_action_bar_scale
[  2.872s] [EditMode] finished fix_action_bar_scale in 10.96µs
[  2.872s] [Workarounds] finished init_edit_mode_layout in 149.58ms
[  2.872s] [Workarounds] starting patch_ui_parent_panel_toggles
[  2.872s] [Workarounds] finished patch_ui_parent_panel_toggles in 238.59µs
[  2.872s] [Workarounds] starting patch_uiparent_onupdate_worklists
[  2.872s] [Workarounds] finished patch_uiparent_onupdate_worklists in 97.35µs
[  2.872s] [Workarounds] starting init_chat_type_colors
[  2.872s] [Workarounds] finished init_chat_type_colors in 117.54µs
[  2.872s] [Workarounds] starting patch_chat_voice_button_surface
[  2.872s] [Workarounds] finished patch_chat_voice_button_surface in 120.64µs
[  2.872s] [Workarounds] starting patch_item_socketing_tooltips
[  2.872s] [Workarounds] finished patch_item_socketing_tooltips in 59.17µs
[  2.872s] [Workarounds] starting patch_character_select_selected_name
[  2.873s] [Workarounds] finished patch_character_select_selected_name in 29.84µs
[  2.873s] [Workarounds] starting patch_character_create_defaults
[  2.873s] [Workarounds] finished patch_character_create_defaults in 226.19µs
[  2.873s] [Workarounds] starting patch_character_frame_title_refresh
[  2.878s] [Workarounds] finished patch_character_frame_title_refresh in 5.62ms
[  2.878s] [Workarounds] starting patch_vignette_pin_template
[  2.878s] [Workarounds] finished patch_vignette_pin_template in 90.64µs
[  2.878s] [Workarounds] starting patch_fog_of_war_pin_mixin
[  2.879s] [Workarounds] finished patch_fog_of_war_pin_mixin in 281.43µs
[  2.879s] [Workarounds] starting patch_map_exploration_pin_mixin
[  2.885s] [Workarounds] finished patch_map_exploration_pin_mixin in 6.17ms
[  2.885s] [Workarounds] starting patch_map_canvas_data_provider_attachment
[  2.885s] [Workarounds] finished patch_map_canvas_data_provider_attachment in 66.05µs
[  2.885s] [Workarounds] starting ensure_adventure_map_frame_surface
[  2.885s] [Workarounds] finished ensure_adventure_map_frame_surface in 461.99µs
[  2.885s] [Workarounds] starting patch_action_bar_button_event_fanout
[  2.886s] [Workarounds] finished patch_action_bar_button_event_fanout in 106.39µs
[  2.886s] [Workarounds] starting patch_paging_controls_page_text
[  2.886s] [Workarounds] finished patch_paging_controls_page_text in 39.92µs
[  2.886s] [Workarounds] starting patch_talent_edge_frame_level_sync
[  2.886s] [Workarounds] finished patch_talent_edge_frame_level_sync in 30.65µs
[  2.886s] [Workarounds] starting patch_catalog_shop_product_card_defaults
[  2.886s] [Workarounds] finished patch_catalog_shop_product_card_defaults in 63.70µs
[  2.886s] [Workarounds] starting patch_game_time_defaults
[  2.886s] [Workarounds] finished patch_game_time_defaults in 7.09µs
[  2.886s] [Workarounds] starting patch_tooltip_nineslice_surface
[  2.886s] [Workarounds] finished patch_tooltip_nineslice_surface in 43.89µs
[  2.886s] [Workarounds] starting patch_container_frame_token_tracker
[  2.886s] [Workarounds] finished patch_container_frame_token_tracker in 40.61µs
[  2.886s] [Workarounds] starting patch_achievement_display_set_achievements
[  2.886s] [Workarounds] finished patch_achievement_display_set_achievements in 8.50µs
[  2.886s] [Workarounds] starting patch_housing_dashboard_preload
[  2.886s] [Workarounds] finished patch_housing_dashboard_preload in 174.01µs
[  2.886s] [Workarounds] starting patch_lfg_lock_list
[  2.886s] [Workarounds] finished patch_lfg_lock_list in 36.53µs
[  2.886s] [Workarounds] starting patch_auction_house_browse_results_event
[  2.886s] [Workarounds] finished patch_auction_house_browse_results_event in 66.60µs
[  2.886s] [Workarounds] starting patch_auction_house_search_context_aliases
[  2.886s] [Workarounds] finished patch_auction_house_search_context_aliases in 28.96µs
[  2.886s] [Workarounds] starting patch_auth_challenge_frame_parent
[  2.886s] [Workarounds] finished patch_auth_challenge_frame_parent in 66.34µs
[  2.886s] [Workarounds] starting patch_settings_surface_defaults
[  2.887s] [Workarounds] finished patch_settings_surface_defaults in 357.19µs
[  2.887s] [Workarounds] starting patch_settings_canvas_layout_visibility
[  2.887s] [Workarounds] finished patch_settings_canvas_layout_visibility in 114.72µs
[  2.887s] [Startup] apply_post_load_workarounds: workarounds complete
[  2.955s] [Startup] apply_post_load_workarounds: globals restored
[  2.956s] [Startup] apply_post_load_workarounds: patch 12.1 compatibility restored
[  2.956s] [Startup] apply_post_load_workarounds: seterrorhandler restored
[  3.099s] [Startup] begin login sequence
[  3.099s] [Startup] Firing ADDON_LOADED
[  3.099s] [Startup] Firing VARIABLES_LOADED
[  3.196s] [Startup] Firing DISPLAY_SIZE_CHANGED
[  3.240s] [Startup] Firing UI_SCALE_CHANGED
[  3.241s] [Startup] Firing PLAYER_LOGIN
[  3.241s] [Startup] end login sequence in 141.82ms
[  3.241s] [Startup] begin world enter sequence
[  3.241s] [Startup] Skipping EDIT_MODE_LAYOUTS_UPDATED
[  3.241s] [Startup] Firing TIME_PLAYED_MSG via RequestTimePlayed
[  3.241s] [Startup] Firing PLAYER_ENTERING_WORLD
[  3.480s] [EditMode] starting setup_layout_info
[  3.484s] [EditMode] finished setup_layout_info in 3.88ms
[  3.484s] [EditMode] starting apply_system_anchors
[  3.624s] [EditMode] finished apply_system_anchors in 139.72ms
[  3.624s] [EditMode] starting finalize_action_bar_positions
[  3.626s] [EditMode] finished finalize_action_bar_positions in 2.54ms
[  3.626s] [EditMode] starting invoke_anchor_changed_hooks
[  3.632s] [EditMode] finished invoke_anchor_changed_hooks in 5.53ms
[  3.632s] [EditMode] starting fix_action_bar_nan_size
[  3.632s] [EditMode] finished fix_action_bar_nan_size in 70.35µs
[  3.632s] [EditMode] starting fix_action_bar_scale
[  3.632s] [EditMode] finished fix_action_bar_scale in 4.86µs
[  3.632s] [EditMode] starting reapply_player_frame_anchor
[  3.633s] [EditMode] finished reapply_player_frame_anchor in 1.46ms
[  3.641s] [Startup] end world enter sequence in 400.84ms
[  3.641s] [Startup] begin post-login events
[  3.642s] [Startup] Firing UNIT_AURA
[  3.643s] [Startup] Firing PET_UI_UPDATE
[  3.644s] [Startup] Firing BAG_UPDATE_DELAYED
[  3.646s] [Startup] Firing QUEST_LOG_UPDATE
[  3.647s] [Startup] Firing GROUP_ROSTER_UPDATE
[  3.740s] [Startup] Firing ACTIONBAR_UPDATE_STATE
[  3.741s] [Startup] Firing ACTIONBAR_UPDATE_COOLDOWN
[  3.742s] [Startup] Firing UPDATE_BONUS_ACTIONBAR
[  3.754s] [Startup] Firing PLAYER_CAN_GLIDE_CHANGED
[  3.754s] [Startup] Firing PLAYER_IS_GLIDING_CHANGED
[  3.754s] [Startup] Firing UPDATE_BINDINGS
[  3.757s] [Startup] Firing UPDATE_CHAT_WINDOWS
[  3.760s] [Startup] Firing LFG_UPDATE_RANDOM_INFO
[  3.761s] [Startup] end post-login events in 119.61ms
[  3.761s] [Startup] begin close startup special windows
[  3.761s] [Startup] end close startup special windows in 279.70µs
[  3.761s] [Startup] begin FIRST_FRAME_RENDERED
[  3.761s] [Startup] Firing FIRST_FRAME_RENDERED
[  3.762s] [Startup] end FIRST_FRAME_RENDERED in 173.03µs
[  3.762s] [Startup] begin unblock hidden splash alerts
[  3.762s] [Startup] end unblock hidden splash alerts in 15.16µs
[  3.762s] [Startup] begin post-event workarounds
[  3.762s] [Startup] end post-event workarounds in 901.00ns
