
running 1 test
test patch_12_0_7_publication_sweep::patch_12_0_7_publication_sweep ... ok

test result: ok. 1 passed; 0 failed; 0 ignored; 0 measured; 10818 filtered out; finished in 4.18s

warning: iced-wgpu-patched/Cargo.toml: `lints.clippy.large-enum-variant` is deprecated in favor of `lints.clippy.large_enum_variant` and will not work in a future edition
warning: iced-wgpu-patched/Cargo.toml: `lints.clippy.map-entry` is deprecated in favor of `lints.clippy.map_entry` and will not work in a future edition
warning: iced-wgpu-patched/Cargo.toml: `lints.clippy.match-wildcard-for-single-variants` is deprecated in favor of `lints.clippy.match_wildcard_for_single_variants` and will not work in a future edition
warning: iced-wgpu-patched/Cargo.toml: `lints.clippy.redundant-closure-for-method-calls` is deprecated in favor of `lints.clippy.redundant_closure_for_method_calls` and will not work in a future edition
warning: iced-wgpu-patched/Cargo.toml: `lints.clippy.trivially-copy-pass-by-ref` is deprecated in favor of `lints.clippy.trivially_copy_pass_by_ref` and will not work in a future edition
warning: iced-wgpu-patched/Cargo.toml: `lints.clippy.type-complexity` is deprecated in favor of `lints.clippy.type_complexity` and will not work in a future edition
warning: `iced_wgpu` (manifest) generated 6 warnings
    Finished `test` profile [optimized + debuginfo] target(s) in 0.19s
     Running tests/integration.rs (target/debug/deps/integration-aef10a2b503e13d5)
[  0.000s] [Startup] WowLuaEnv::new begin
[  0.002s] [Startup] SimState::default complete in 2.23ms
[  0.002s] [Startup] rilua VM created in 132.12µs
[  0.002s] [Startup] builtin frames initialized in 80.55µs
[  0.002s] [Startup] template registry cleared in 4.63µs
[  0.002s] [Startup] intrinsic templates registered in 8.84µs
[  0.002s] [Startup] initial app_data lua handle installed in 611.00ns
[  0.139s] [Startup] init_lua_state complete in 136.15ms
[  0.139s] [Startup] final app_data lua handle installed in 220.00ns
[  0.139s] [Startup] initial screen globals installed in 81.94µs
[  0.139s] [Startup] WowLuaEnv::new complete
[  2.681s] [Startup] apply_post_load_workarounds: begin
[  2.681s] [Workarounds] starting patch_edit_mode_manager
[  2.682s] [Workarounds] finished patch_edit_mode_manager in 489.86µs
[  2.682s] [Workarounds] starting init_edit_mode_layout
[  2.682s] [EditMode] starting setup_layout_info
[  2.686s] [EditMode] finished setup_layout_info in 3.90ms
[  2.686s] [EditMode] starting apply_system_anchors
[  2.886s] [EditMode] finished apply_system_anchors in 200.65ms
[  2.886s] [EditMode] starting finalize_action_bar_positions
[  2.888s] [EditMode] finished finalize_action_bar_positions in 1.78ms
[  2.888s] [EditMode] starting invoke_anchor_changed_hooks
[  2.889s] [EditMode] finished invoke_anchor_changed_hooks in 453.99µs
[  2.889s] [EditMode] starting fix_action_bar_nan_size
[  2.889s] [EditMode] finished fix_action_bar_nan_size in 42.20µs
[  2.889s] [EditMode] starting fix_action_bar_scale
[  2.889s] [EditMode] finished fix_action_bar_scale in 4.77µs
[  2.889s] [Workarounds] finished init_edit_mode_layout in 206.86ms
[  2.889s] [Workarounds] starting patch_ui_parent_panel_toggles
[  2.889s] [Workarounds] finished patch_ui_parent_panel_toggles in 267.51µs
[  2.889s] [Workarounds] starting patch_uiparent_onupdate_worklists
[  2.889s] [Workarounds] finished patch_uiparent_onupdate_worklists in 151.34µs
[  2.889s] [Workarounds] starting init_chat_type_colors
[  2.889s] [Workarounds] finished init_chat_type_colors in 148.07µs
[  2.889s] [Workarounds] starting patch_chat_voice_button_surface
[  2.889s] [Workarounds] finished patch_chat_voice_button_surface in 140.02µs
[  2.889s] [Workarounds] starting patch_item_socketing_tooltips
[  2.889s] [Workarounds] finished patch_item_socketing_tooltips in 63.15µs
[  2.889s] [Workarounds] starting patch_character_select_selected_name
[  2.889s] [Workarounds] finished patch_character_select_selected_name in 31.59µs
[  2.889s] [Workarounds] starting patch_character_create_defaults
[  2.890s] [Workarounds] finished patch_character_create_defaults in 238.77µs
[  2.890s] [Workarounds] starting patch_character_frame_title_refresh
[  2.896s] [Workarounds] finished patch_character_frame_title_refresh in 5.86ms
[  2.896s] [Workarounds] starting patch_vignette_pin_template
[  2.896s] [Workarounds] finished patch_vignette_pin_template in 100.57µs
[  2.896s] [Workarounds] starting patch_fog_of_war_pin_mixin
[  2.896s] [Workarounds] finished patch_fog_of_war_pin_mixin in 303.17µs
[  2.896s] [Workarounds] starting patch_map_exploration_pin_mixin
[  2.902s] [Workarounds] finished patch_map_exploration_pin_mixin in 6.04ms
[  2.902s] [Workarounds] starting patch_map_canvas_data_provider_attachment
[  2.902s] [Workarounds] finished patch_map_canvas_data_provider_attachment in 62.88µs
[  2.902s] [Workarounds] starting ensure_adventure_map_frame_surface
[  2.903s] [Workarounds] finished ensure_adventure_map_frame_surface in 467.87µs
[  2.903s] [Workarounds] starting patch_action_bar_button_event_fanout
[  2.903s] [Workarounds] finished patch_action_bar_button_event_fanout in 105.91µs
[  2.903s] [Workarounds] starting patch_paging_controls_page_text
[  2.903s] [Workarounds] finished patch_paging_controls_page_text in 39.02µs
[  2.903s] [Workarounds] starting patch_talent_edge_frame_level_sync
[  2.903s] [Workarounds] finished patch_talent_edge_frame_level_sync in 31.02µs
[  2.903s] [Workarounds] starting patch_catalog_shop_product_card_defaults
[  2.903s] [Workarounds] finished patch_catalog_shop_product_card_defaults in 64.36µs
[  2.903s] [Workarounds] starting patch_game_time_defaults
[  2.903s] [Workarounds] finished patch_game_time_defaults in 7.14µs
[  2.903s] [Workarounds] starting patch_tooltip_nineslice_surface
[  2.903s] [Workarounds] finished patch_tooltip_nineslice_surface in 47.96µs
[  2.903s] [Workarounds] starting patch_container_frame_token_tracker
[  2.903s] [Workarounds] finished patch_container_frame_token_tracker in 42.08µs
[  2.903s] [Workarounds] starting patch_achievement_display_set_achievements
[  2.903s] [Workarounds] finished patch_achievement_display_set_achievements in 8.64µs
[  2.903s] [Workarounds] starting patch_housing_dashboard_preload
[  2.903s] [Workarounds] finished patch_housing_dashboard_preload in 168.32µs
[  2.903s] [Workarounds] starting patch_lfg_lock_list
[  2.903s] [Workarounds] finished patch_lfg_lock_list in 38.01µs
[  2.903s] [Workarounds] starting patch_auction_house_browse_results_event
[  2.903s] [Workarounds] finished patch_auction_house_browse_results_event in 65.50µs
[  2.903s] [Workarounds] starting patch_auction_house_search_context_aliases
[  2.903s] [Workarounds] finished patch_auction_house_search_context_aliases in 29.38µs
[  2.903s] [Workarounds] starting patch_auth_challenge_frame_parent
[  2.903s] [Workarounds] finished patch_auth_challenge_frame_parent in 69.14µs
[  2.903s] [Workarounds] starting patch_settings_surface_defaults
[  2.904s] [Workarounds] finished patch_settings_surface_defaults in 354.49µs
[  2.904s] [Workarounds] starting patch_settings_canvas_layout_visibility
[  2.904s] [Workarounds] finished patch_settings_canvas_layout_visibility in 114.13µs
[  2.904s] [Startup] apply_post_load_workarounds: workarounds complete
[  2.982s] [Startup] apply_post_load_workarounds: globals restored
[  2.983s] [Startup] apply_post_load_workarounds: patch 12.1 compatibility restored
[  2.983s] [Startup] apply_post_load_workarounds: seterrorhandler restored
[  3.140s] [Startup] begin login sequence
[  3.140s] [Startup] Firing ADDON_LOADED
[  3.140s] [Startup] Firing VARIABLES_LOADED
[  3.243s] [Startup] Firing DISPLAY_SIZE_CHANGED
[  3.291s] [Startup] Firing UI_SCALE_CHANGED
[  3.292s] [Startup] Firing PLAYER_LOGIN
[  3.292s] [Startup] end login sequence in 152.22ms
[  3.292s] [Startup] begin world enter sequence
[  3.292s] [Startup] Skipping EDIT_MODE_LAYOUTS_UPDATED
[  3.292s] [Startup] Firing TIME_PLAYED_MSG via RequestTimePlayed
[  3.292s] [Startup] Firing PLAYER_ENTERING_WORLD
[  3.560s] [EditMode] starting setup_layout_info
[  3.564s] [EditMode] finished setup_layout_info in 4.59ms
[  3.564s] [EditMode] starting apply_system_anchors
[  3.715s] [EditMode] finished apply_system_anchors in 150.60ms
[  3.715s] [EditMode] starting finalize_action_bar_positions
[  3.717s] [EditMode] finished finalize_action_bar_positions in 2.55ms
[  3.717s] [EditMode] starting invoke_anchor_changed_hooks
[  3.723s] [EditMode] finished invoke_anchor_changed_hooks in 5.78ms
[  3.723s] [EditMode] starting fix_action_bar_nan_size
[  3.723s] [EditMode] finished fix_action_bar_nan_size in 80.46µs
[  3.723s] [EditMode] starting fix_action_bar_scale
[  3.723s] [EditMode] finished fix_action_bar_scale in 5.05µs
[  3.723s] [EditMode] starting reapply_player_frame_anchor
[  3.725s] [EditMode] finished reapply_player_frame_anchor in 1.54ms
[  3.734s] [Startup] end world enter sequence in 441.12ms
[  3.734s] [Startup] begin post-login events
[  3.734s] [Startup] Firing UNIT_AURA
[  3.735s] [Startup] Firing PET_UI_UPDATE
[  3.737s] [Startup] Firing BAG_UPDATE_DELAYED
[  3.739s] [Startup] Firing QUEST_LOG_UPDATE
[  3.740s] [Startup] Firing GROUP_ROSTER_UPDATE
[  3.842s] [Startup] Firing ACTIONBAR_UPDATE_STATE
[  3.842s] [Startup] Firing ACTIONBAR_UPDATE_COOLDOWN
[  3.843s] [Startup] Firing UPDATE_BONUS_ACTIONBAR
[  3.855s] [Startup] Firing PLAYER_CAN_GLIDE_CHANGED
[  3.855s] [Startup] Firing PLAYER_IS_GLIDING_CHANGED
[  3.855s] [Startup] Firing UPDATE_BINDINGS
[  3.858s] [Startup] Firing UPDATE_CHAT_WINDOWS
[  3.861s] [Startup] Firing LFG_UPDATE_RANDOM_INFO
[  3.862s] [Startup] end post-login events in 128.94ms
[  3.862s] [Startup] begin close startup special windows
[  3.863s] [Startup] end close startup special windows in 298.18µs
[  3.863s] [Startup] begin FIRST_FRAME_RENDERED
[  3.863s] [Startup] Firing FIRST_FRAME_RENDERED
[  3.863s] [Startup] end FIRST_FRAME_RENDERED in 203.14µs
[  3.863s] [Startup] begin unblock hidden splash alerts
[  3.863s] [Startup] end unblock hidden splash alerts in 15.81µs
[  3.863s] [Startup] begin post-event workarounds
[  3.863s] [Startup] end post-event workarounds in 812.00ns
