
running 1 test
test patch_10_2_7_publication_sweep::patch_10_2_7_publication_sweep ... ok

test result: ok. 1 passed; 0 failed; 0 ignored; 0 measured; 10818 filtered out; finished in 5.99s

warning: iced-wgpu-patched/Cargo.toml: `lints.clippy.large-enum-variant` is deprecated in favor of `lints.clippy.large_enum_variant` and will not work in a future edition
warning: iced-wgpu-patched/Cargo.toml: `lints.clippy.map-entry` is deprecated in favor of `lints.clippy.map_entry` and will not work in a future edition
warning: iced-wgpu-patched/Cargo.toml: `lints.clippy.match-wildcard-for-single-variants` is deprecated in favor of `lints.clippy.match_wildcard_for_single_variants` and will not work in a future edition
warning: iced-wgpu-patched/Cargo.toml: `lints.clippy.redundant-closure-for-method-calls` is deprecated in favor of `lints.clippy.redundant_closure_for_method_calls` and will not work in a future edition
warning: iced-wgpu-patched/Cargo.toml: `lints.clippy.trivially-copy-pass-by-ref` is deprecated in favor of `lints.clippy.trivially_copy_pass_by_ref` and will not work in a future edition
warning: iced-wgpu-patched/Cargo.toml: `lints.clippy.type-complexity` is deprecated in favor of `lints.clippy.type_complexity` and will not work in a future edition
warning: `iced_wgpu` (manifest) generated 6 warnings
    Finished `test` profile [optimized + debuginfo] target(s) in 0.36s
     Running tests/integration.rs (target/debug/deps/integration-aef10a2b503e13d5)
[  0.000s] [Startup] WowLuaEnv::new begin
[  0.003s] [Startup] SimState::default complete in 3.06ms
[  0.003s] [Startup] rilua VM created in 180.12µs
[  0.003s] [Startup] builtin frames initialized in 106.65µs
[  0.003s] [Startup] template registry cleared in 6.47µs
[  0.003s] [Startup] intrinsic templates registered in 9.30µs
[  0.003s] [Startup] initial app_data lua handle installed in 591.00ns
[  0.269s] [Startup] init_lua_state complete in 265.45ms
[  0.269s] [Startup] final app_data lua handle installed in 411.00ns
[  0.269s] [Startup] initial screen globals installed in 168.57µs
[  0.269s] [Startup] WowLuaEnv::new complete
[  4.128s] [Startup] apply_post_load_workarounds: begin
[  4.128s] [Workarounds] starting patch_edit_mode_manager
[  4.128s] [Workarounds] finished patch_edit_mode_manager in 406.26µs
[  4.128s] [Workarounds] starting init_edit_mode_layout
[  4.128s] [EditMode] starting setup_layout_info
[  4.133s] [EditMode] finished setup_layout_info in 4.46ms
[  4.133s] [EditMode] starting apply_system_anchors
[  4.334s] [EditMode] finished apply_system_anchors in 201.61ms
[  4.334s] [EditMode] starting finalize_action_bar_positions
[  4.337s] [EditMode] finished finalize_action_bar_positions in 2.90ms
[  4.337s] [EditMode] starting invoke_anchor_changed_hooks
[  4.338s] [EditMode] finished invoke_anchor_changed_hooks in 611.64µs
[  4.338s] [EditMode] starting fix_action_bar_nan_size
[  4.338s] [EditMode] finished fix_action_bar_nan_size in 70.55µs
[  4.338s] [EditMode] starting fix_action_bar_scale
[  4.338s] [EditMode] finished fix_action_bar_scale in 8.85µs
[  4.338s] [Workarounds] finished init_edit_mode_layout in 209.72ms
[  4.338s] [Workarounds] starting patch_ui_parent_panel_toggles
[  4.338s] [Workarounds] finished patch_ui_parent_panel_toggles in 314.88µs
[  4.338s] [Workarounds] starting patch_uiparent_onupdate_worklists
[  4.338s] [Workarounds] finished patch_uiparent_onupdate_worklists in 139.34µs
[  4.338s] [Workarounds] starting init_chat_type_colors
[  4.339s] [Workarounds] finished init_chat_type_colors in 155.37µs
[  4.339s] [Workarounds] starting patch_chat_voice_button_surface
[  4.339s] [Workarounds] finished patch_chat_voice_button_surface in 183.17µs
[  4.339s] [Workarounds] starting patch_item_socketing_tooltips
[  4.339s] [Workarounds] finished patch_item_socketing_tooltips in 81.45µs
[  4.339s] [Workarounds] starting patch_character_select_selected_name
[  4.339s] [Workarounds] finished patch_character_select_selected_name in 43.85µs
[  4.339s] [Workarounds] starting patch_character_create_defaults
[  4.339s] [Workarounds] finished patch_character_create_defaults in 295.86µs
[  4.339s] [Workarounds] starting patch_character_frame_title_refresh
[  4.347s] [Workarounds] finished patch_character_frame_title_refresh in 7.67ms
[  4.347s] [Workarounds] starting patch_vignette_pin_template
[  4.347s] [Workarounds] finished patch_vignette_pin_template in 155.93µs
[  4.347s] [Workarounds] starting patch_fog_of_war_pin_mixin
[  4.347s] [Workarounds] finished patch_fog_of_war_pin_mixin in 403.85µs
[  4.348s] [Workarounds] starting patch_map_exploration_pin_mixin
[  4.355s] [Workarounds] finished patch_map_exploration_pin_mixin in 7.80ms
[  4.355s] [Workarounds] starting patch_map_canvas_data_provider_attachment
[  4.355s] [Workarounds] finished patch_map_canvas_data_provider_attachment in 156.96µs
[  4.355s] [Workarounds] starting ensure_adventure_map_frame_surface
[  4.356s] [Workarounds] finished ensure_adventure_map_frame_surface in 690.86µs
[  4.356s] [Workarounds] starting patch_action_bar_button_event_fanout
[  4.356s] [Workarounds] finished patch_action_bar_button_event_fanout in 152.18µs
[  4.356s] [Workarounds] starting patch_paging_controls_page_text
[  4.356s] [Workarounds] finished patch_paging_controls_page_text in 56.34µs
[  4.356s] [Workarounds] starting patch_talent_edge_frame_level_sync
[  4.356s] [Workarounds] finished patch_talent_edge_frame_level_sync in 51.37µs
[  4.356s] [Workarounds] starting patch_catalog_shop_product_card_defaults
[  4.357s] [Workarounds] finished patch_catalog_shop_product_card_defaults in 86.88µs
[  4.357s] [Workarounds] starting patch_game_time_defaults
[  4.357s] [Workarounds] finished patch_game_time_defaults in 9.70µs
[  4.357s] [Workarounds] starting patch_tooltip_nineslice_surface
[  4.357s] [Workarounds] finished patch_tooltip_nineslice_surface in 59.74µs
[  4.357s] [Workarounds] starting patch_container_frame_token_tracker
[  4.357s] [Workarounds] finished patch_container_frame_token_tracker in 56.12µs
[  4.357s] [Workarounds] starting patch_achievement_display_set_achievements
[  4.357s] [Workarounds] finished patch_achievement_display_set_achievements in 12.80µs
[  4.357s] [Workarounds] starting patch_housing_dashboard_preload
[  4.357s] [Workarounds] finished patch_housing_dashboard_preload in 222.24µs
[  4.357s] [Workarounds] starting patch_lfg_lock_list
[  4.357s] [Workarounds] finished patch_lfg_lock_list in 45.26µs
[  4.357s] [Workarounds] starting patch_auction_house_browse_results_event
[  4.357s] [Workarounds] finished patch_auction_house_browse_results_event in 82.21µs
[  4.357s] [Workarounds] starting patch_auction_house_search_context_aliases
[  4.357s] [Workarounds] finished patch_auction_house_search_context_aliases in 38.11µs
[  4.357s] [Workarounds] starting patch_auth_challenge_frame_parent
[  4.357s] [Workarounds] finished patch_auth_challenge_frame_parent in 91.99µs
[  4.357s] [Workarounds] starting patch_settings_surface_defaults
[  4.358s] [Workarounds] finished patch_settings_surface_defaults in 464.33µs
[  4.358s] [Workarounds] starting patch_settings_canvas_layout_visibility
[  4.358s] [Workarounds] finished patch_settings_canvas_layout_visibility in 139.55µs
[  4.358s] [Startup] apply_post_load_workarounds: workarounds complete
[  4.452s] [Startup] apply_post_load_workarounds: globals restored
[  4.453s] [Startup] apply_post_load_workarounds: patch 12.1 compatibility restored
[  4.453s] [Startup] apply_post_load_workarounds: seterrorhandler restored
[  4.646s] [Startup] begin login sequence
[  4.646s] [Startup] Firing ADDON_LOADED
[  4.646s] [Startup] Firing VARIABLES_LOADED
[  4.788s] [Startup] Firing DISPLAY_SIZE_CHANGED
[  4.845s] [Startup] Firing UI_SCALE_CHANGED
[  4.847s] [Startup] Firing PLAYER_LOGIN
[  4.847s] [Startup] end login sequence in 200.73ms
[  4.847s] [Startup] begin world enter sequence
[  4.847s] [Startup] Skipping EDIT_MODE_LAYOUTS_UPDATED
[  4.847s] [Startup] Firing TIME_PLAYED_MSG via RequestTimePlayed
[  4.847s] [Startup] Firing PLAYER_ENTERING_WORLD
[  5.213s] [EditMode] starting setup_layout_info
[  5.218s] [EditMode] finished setup_layout_info in 5.42ms
[  5.218s] [EditMode] starting apply_system_anchors
[  5.410s] [EditMode] finished apply_system_anchors in 191.74ms
[  5.410s] [EditMode] starting finalize_action_bar_positions
[  5.414s] [EditMode] finished finalize_action_bar_positions in 4.06ms
[  5.414s] [EditMode] starting invoke_anchor_changed_hooks
[  5.423s] [EditMode] finished invoke_anchor_changed_hooks in 8.64ms
[  5.423s] [EditMode] starting fix_action_bar_nan_size
[  5.423s] [EditMode] finished fix_action_bar_nan_size in 107.98µs
[  5.423s] [EditMode] starting fix_action_bar_scale
[  5.423s] [EditMode] finished fix_action_bar_scale in 6.92µs
[  5.423s] [EditMode] starting reapply_player_frame_anchor
[  5.425s] [EditMode] finished reapply_player_frame_anchor in 1.90ms
[  5.437s] [Startup] end world enter sequence in 589.93ms
[  5.437s] [Startup] begin post-login events
[  5.438s] [Startup] Firing UNIT_AURA
[  5.439s] [Startup] Firing PET_UI_UPDATE
[  5.442s] [Startup] Firing BAG_UPDATE_DELAYED
[  5.444s] [Startup] Firing QUEST_LOG_UPDATE
[  5.445s] [Startup] Firing GROUP_ROSTER_UPDATE
[  5.578s] [Startup] Firing ACTIONBAR_UPDATE_STATE
[  5.578s] [Startup] Firing ACTIONBAR_UPDATE_COOLDOWN
[  5.581s] [Startup] Firing UPDATE_BONUS_ACTIONBAR
[  5.605s] [Startup] Firing PLAYER_CAN_GLIDE_CHANGED
[  5.605s] [Startup] Firing PLAYER_IS_GLIDING_CHANGED
[  5.605s] [Startup] Firing UPDATE_BINDINGS
[  5.610s] [Startup] Firing UPDATE_CHAT_WINDOWS
[  5.613s] [Startup] Firing LFG_UPDATE_RANDOM_INFO
[  5.614s] [Startup] end post-login events in 177.67ms
[  5.614s] [Startup] begin close startup special windows
[  5.615s] [Startup] end close startup special windows in 411.20µs
[  5.615s] [Startup] begin FIRST_FRAME_RENDERED
[  5.615s] [Startup] Firing FIRST_FRAME_RENDERED
[  5.615s] [Startup] end FIRST_FRAME_RENDERED in 226.34µs
[  5.615s] [Startup] begin unblock hidden splash alerts
[  5.615s] [Startup] end unblock hidden splash alerts in 18.78µs
[  5.615s] [Startup] begin post-event workarounds
[  5.615s] [Startup] end post-event workarounds in 1.18µs
