
running 1 test
test patch_11_0_2_publication_sweep::patch_11_0_2_publication_sweep ... ok

test result: ok. 1 passed; 0 failed; 0 ignored; 0 measured; 10818 filtered out; finished in 4.27s

warning: iced-wgpu-patched/Cargo.toml: `lints.clippy.large-enum-variant` is deprecated in favor of `lints.clippy.large_enum_variant` and will not work in a future edition
warning: iced-wgpu-patched/Cargo.toml: `lints.clippy.map-entry` is deprecated in favor of `lints.clippy.map_entry` and will not work in a future edition
warning: iced-wgpu-patched/Cargo.toml: `lints.clippy.match-wildcard-for-single-variants` is deprecated in favor of `lints.clippy.match_wildcard_for_single_variants` and will not work in a future edition
warning: iced-wgpu-patched/Cargo.toml: `lints.clippy.redundant-closure-for-method-calls` is deprecated in favor of `lints.clippy.redundant_closure_for_method_calls` and will not work in a future edition
warning: iced-wgpu-patched/Cargo.toml: `lints.clippy.trivially-copy-pass-by-ref` is deprecated in favor of `lints.clippy.trivially_copy_pass_by_ref` and will not work in a future edition
warning: iced-wgpu-patched/Cargo.toml: `lints.clippy.type-complexity` is deprecated in favor of `lints.clippy.type_complexity` and will not work in a future edition
warning: `iced_wgpu` (manifest) generated 6 warnings
    Finished `test` profile [optimized + debuginfo] target(s) in 0.20s
     Running tests/integration.rs (target/debug/deps/integration-aef10a2b503e13d5)
[  0.000s] [Startup] WowLuaEnv::new begin
[  0.002s] [Startup] SimState::default complete in 2.24ms
[  0.002s] [Startup] rilua VM created in 158.78µs
[  0.003s] [Startup] builtin frames initialized in 89.32µs
[  0.003s] [Startup] template registry cleared in 5.27µs
[  0.003s] [Startup] intrinsic templates registered in 7.48µs
[  0.003s] [Startup] initial app_data lua handle installed in 591.00ns
[  0.145s] [Startup] init_lua_state complete in 142.60ms
[  0.145s] [Startup] final app_data lua handle installed in 321.00ns
[  0.145s] [Startup] initial screen globals installed in 93.58µs
[  0.145s] [Startup] WowLuaEnv::new complete
[  2.800s] [Startup] apply_post_load_workarounds: begin
[  2.800s] [Workarounds] starting patch_edit_mode_manager
[  2.800s] [Workarounds] finished patch_edit_mode_manager in 335.66µs
[  2.800s] [Workarounds] starting init_edit_mode_layout
[  2.800s] [EditMode] starting setup_layout_info
[  2.804s] [EditMode] finished setup_layout_info in 4.04ms
[  2.804s] [EditMode] starting apply_system_anchors
[  2.967s] [EditMode] finished apply_system_anchors in 162.86ms
[  2.967s] [EditMode] starting finalize_action_bar_positions
[  2.969s] [EditMode] finished finalize_action_bar_positions in 1.95ms
[  2.969s] [EditMode] starting invoke_anchor_changed_hooks
[  2.969s] [EditMode] finished invoke_anchor_changed_hooks in 435.06µs
[  2.969s] [EditMode] starting fix_action_bar_nan_size
[  2.969s] [EditMode] finished fix_action_bar_nan_size in 46.56µs
[  2.969s] [EditMode] starting fix_action_bar_scale
[  2.969s] [EditMode] finished fix_action_bar_scale in 4.90µs
[  2.969s] [Workarounds] finished init_edit_mode_layout in 169.38ms
[  2.969s] [Workarounds] starting patch_ui_parent_panel_toggles
[  2.970s] [Workarounds] finished patch_ui_parent_panel_toggles in 258.38µs
[  2.970s] [Workarounds] starting patch_uiparent_onupdate_worklists
[  2.970s] [Workarounds] finished patch_uiparent_onupdate_worklists in 115.36µs
[  2.970s] [Workarounds] starting init_chat_type_colors
[  2.970s] [Workarounds] finished init_chat_type_colors in 129.66µs
[  2.970s] [Workarounds] starting patch_chat_voice_button_surface
[  2.970s] [Workarounds] finished patch_chat_voice_button_surface in 132.62µs
[  2.970s] [Workarounds] starting patch_item_socketing_tooltips
[  2.970s] [Workarounds] finished patch_item_socketing_tooltips in 63.34µs
[  2.970s] [Workarounds] starting patch_character_select_selected_name
[  2.970s] [Workarounds] finished patch_character_select_selected_name in 32.93µs
[  2.970s] [Workarounds] starting patch_character_create_defaults
[  2.970s] [Workarounds] finished patch_character_create_defaults in 249.17µs
[  2.970s] [Workarounds] starting patch_character_frame_title_refresh
[  2.977s] [Workarounds] finished patch_character_frame_title_refresh in 6.09ms
[  2.977s] [Workarounds] starting patch_vignette_pin_template
[  2.977s] [Workarounds] finished patch_vignette_pin_template in 105.64µs
[  2.977s] [Workarounds] starting patch_fog_of_war_pin_mixin
[  2.977s] [Workarounds] finished patch_fog_of_war_pin_mixin in 303.04µs
[  2.977s] [Workarounds] starting patch_map_exploration_pin_mixin
[  2.984s] [Workarounds] finished patch_map_exploration_pin_mixin in 6.97ms
[  2.984s] [Workarounds] starting patch_map_canvas_data_provider_attachment
[  2.984s] [Workarounds] finished patch_map_canvas_data_provider_attachment in 122.58µs
[  2.984s] [Workarounds] starting ensure_adventure_map_frame_surface
[  2.985s] [Workarounds] finished ensure_adventure_map_frame_surface in 570.93µs
[  2.985s] [Workarounds] starting patch_action_bar_button_event_fanout
[  2.985s] [Workarounds] finished patch_action_bar_button_event_fanout in 137.23µs
[  2.985s] [Workarounds] starting patch_paging_controls_page_text
[  2.985s] [Workarounds] finished patch_paging_controls_page_text in 46.31µs
[  2.985s] [Workarounds] starting patch_talent_edge_frame_level_sync
[  2.985s] [Workarounds] finished patch_talent_edge_frame_level_sync in 33.92µs
[  2.985s] [Workarounds] starting patch_catalog_shop_product_card_defaults
[  2.985s] [Workarounds] finished patch_catalog_shop_product_card_defaults in 70.50µs
[  2.985s] [Workarounds] starting patch_game_time_defaults
[  2.985s] [Workarounds] finished patch_game_time_defaults in 9.03µs
[  2.985s] [Workarounds] starting patch_tooltip_nineslice_surface
[  2.985s] [Workarounds] finished patch_tooltip_nineslice_surface in 47.69µs
[  2.985s] [Workarounds] starting patch_container_frame_token_tracker
[  2.985s] [Workarounds] finished patch_container_frame_token_tracker in 45.36µs
[  2.985s] [Workarounds] starting patch_achievement_display_set_achievements
[  2.985s] [Workarounds] finished patch_achievement_display_set_achievements in 9.24µs
[  2.985s] [Workarounds] starting patch_housing_dashboard_preload
[  2.985s] [Workarounds] finished patch_housing_dashboard_preload in 191.15µs
[  2.985s] [Workarounds] starting patch_lfg_lock_list
[  2.985s] [Workarounds] finished patch_lfg_lock_list in 41.85µs
[  2.985s] [Workarounds] starting patch_auction_house_browse_results_event
[  2.985s] [Workarounds] finished patch_auction_house_browse_results_event in 71.24µs
[  2.985s] [Workarounds] starting patch_auction_house_search_context_aliases
[  2.985s] [Workarounds] finished patch_auction_house_search_context_aliases in 31.87µs
[  2.985s] [Workarounds] starting patch_auth_challenge_frame_parent
[  2.986s] [Workarounds] finished patch_auth_challenge_frame_parent in 80.90µs
[  2.986s] [Workarounds] starting patch_settings_surface_defaults
[  2.986s] [Workarounds] finished patch_settings_surface_defaults in 408.22µs
[  2.986s] [Workarounds] starting patch_settings_canvas_layout_visibility
[  2.986s] [Workarounds] finished patch_settings_canvas_layout_visibility in 124.37µs
[  2.986s] [Startup] apply_post_load_workarounds: workarounds complete
[  3.066s] [Startup] apply_post_load_workarounds: globals restored
[  3.067s] [Startup] apply_post_load_workarounds: patch 12.1 compatibility restored
[  3.067s] [Startup] apply_post_load_workarounds: seterrorhandler restored
[  3.225s] [Startup] begin login sequence
[  3.225s] [Startup] Firing ADDON_LOADED
[  3.225s] [Startup] Firing VARIABLES_LOADED
[  3.336s] [Startup] Firing DISPLAY_SIZE_CHANGED
[  3.385s] [Startup] Firing UI_SCALE_CHANGED
[  3.386s] [Startup] Firing PLAYER_LOGIN
[  3.386s] [Startup] end login sequence in 160.64ms
[  3.386s] [Startup] begin world enter sequence
[  3.386s] [Startup] Skipping EDIT_MODE_LAYOUTS_UPDATED
[  3.386s] [Startup] Firing TIME_PLAYED_MSG via RequestTimePlayed
[  3.386s] [Startup] Firing PLAYER_ENTERING_WORLD
[  3.676s] [EditMode] starting setup_layout_info
[  3.681s] [EditMode] finished setup_layout_info in 4.93ms
[  3.681s] [EditMode] starting apply_system_anchors
[  3.848s] [EditMode] finished apply_system_anchors in 166.91ms
[  3.848s] [EditMode] starting finalize_action_bar_positions
[  3.852s] [EditMode] finished finalize_action_bar_positions in 3.55ms
[  3.852s] [EditMode] starting invoke_anchor_changed_hooks
[  3.859s] [EditMode] finished invoke_anchor_changed_hooks in 6.94ms
[  3.859s] [EditMode] starting fix_action_bar_nan_size
[  3.859s] [EditMode] finished fix_action_bar_nan_size in 100.72µs
[  3.859s] [EditMode] starting fix_action_bar_scale
[  3.859s] [EditMode] finished fix_action_bar_scale in 6.73µs
[  3.859s] [EditMode] starting reapply_player_frame_anchor
[  3.861s] [EditMode] finished reapply_player_frame_anchor in 1.77ms
[  3.871s] [Startup] end world enter sequence in 484.97ms
[  3.871s] [Startup] begin post-login events
[  3.872s] [Startup] Firing UNIT_AURA
[  3.873s] [Startup] Firing PET_UI_UPDATE
[  3.875s] [Startup] Firing BAG_UPDATE_DELAYED
[  3.877s] [Startup] Firing QUEST_LOG_UPDATE
[  3.878s] [Startup] Firing GROUP_ROSTER_UPDATE
[  3.981s] [Startup] Firing ACTIONBAR_UPDATE_STATE
[  3.981s] [Startup] Firing ACTIONBAR_UPDATE_COOLDOWN
[  3.983s] [Startup] Firing UPDATE_BONUS_ACTIONBAR
[  3.995s] [Startup] Firing PLAYER_CAN_GLIDE_CHANGED
[  3.995s] [Startup] Firing PLAYER_IS_GLIDING_CHANGED
[  3.995s] [Startup] Firing UPDATE_BINDINGS
[  3.999s] [Startup] Firing UPDATE_CHAT_WINDOWS
[  4.003s] [Startup] Firing LFG_UPDATE_RANDOM_INFO
[  4.004s] [Startup] end post-login events in 132.87ms
[  4.004s] [Startup] begin close startup special windows
[  4.004s] [Startup] end close startup special windows in 352.49µs
[  4.004s] [Startup] begin FIRST_FRAME_RENDERED
[  4.004s] [Startup] Firing FIRST_FRAME_RENDERED
[  4.004s] [Startup] end FIRST_FRAME_RENDERED in 215.28µs
[  4.004s] [Startup] begin unblock hidden splash alerts
[  4.004s] [Startup] end unblock hidden splash alerts in 18.26µs
[  4.004s] [Startup] begin post-event workarounds
[  4.004s] [Startup] end post-event workarounds in 982.00ns
