
running 1 test
test patch_12_0_0_publication_sweep::patch_12_0_0_publication_sweep ... ok

test result: ok. 1 passed; 0 failed; 0 ignored; 0 measured; 10818 filtered out; finished in 4.29s

warning: iced-wgpu-patched/Cargo.toml: `lints.clippy.large-enum-variant` is deprecated in favor of `lints.clippy.large_enum_variant` and will not work in a future edition
warning: iced-wgpu-patched/Cargo.toml: `lints.clippy.map-entry` is deprecated in favor of `lints.clippy.map_entry` and will not work in a future edition
warning: iced-wgpu-patched/Cargo.toml: `lints.clippy.match-wildcard-for-single-variants` is deprecated in favor of `lints.clippy.match_wildcard_for_single_variants` and will not work in a future edition
warning: iced-wgpu-patched/Cargo.toml: `lints.clippy.redundant-closure-for-method-calls` is deprecated in favor of `lints.clippy.redundant_closure_for_method_calls` and will not work in a future edition
warning: iced-wgpu-patched/Cargo.toml: `lints.clippy.trivially-copy-pass-by-ref` is deprecated in favor of `lints.clippy.trivially_copy_pass_by_ref` and will not work in a future edition
warning: iced-wgpu-patched/Cargo.toml: `lints.clippy.type-complexity` is deprecated in favor of `lints.clippy.type_complexity` and will not work in a future edition
warning: `iced_wgpu` (manifest) generated 6 warnings
    Finished `test` profile [optimized + debuginfo] target(s) in 0.20s
     Running tests/integration.rs (target/debug/deps/integration-aef10a2b503e13d5)
[  0.000s] [Startup] WowLuaEnv::new begin
[  0.002s] [Startup] SimState::default complete in 2.21ms
[  0.002s] [Startup] rilua VM created in 130.54µs
[  0.002s] [Startup] builtin frames initialized in 89.46µs
[  0.002s] [Startup] template registry cleared in 4.95µs
[  0.002s] [Startup] intrinsic templates registered in 7.22µs
[  0.002s] [Startup] initial app_data lua handle installed in 601.00ns
[  0.152s] [Startup] init_lua_state complete in 149.29ms
[  0.152s] [Startup] final app_data lua handle installed in 321.00ns
[  0.152s] [Startup] initial screen globals installed in 76.99µs
[  0.152s] [Startup] WowLuaEnv::new complete
[  2.698s] [Startup] apply_post_load_workarounds: begin
[  2.698s] [Workarounds] starting patch_edit_mode_manager
[  2.698s] [Workarounds] finished patch_edit_mode_manager in 314.38µs
[  2.698s] [Workarounds] starting init_edit_mode_layout
[  2.698s] [EditMode] starting setup_layout_info
[  2.701s] [EditMode] finished setup_layout_info in 3.34ms
[  2.701s] [EditMode] starting apply_system_anchors
[  2.843s] [EditMode] finished apply_system_anchors in 142.01ms
[  2.843s] [EditMode] starting finalize_action_bar_positions
[  2.845s] [EditMode] finished finalize_action_bar_positions in 1.76ms
[  2.845s] [EditMode] starting invoke_anchor_changed_hooks
[  2.845s] [EditMode] finished invoke_anchor_changed_hooks in 393.83µs
[  2.846s] [EditMode] starting fix_action_bar_nan_size
[  2.846s] [EditMode] finished fix_action_bar_nan_size in 42.16µs
[  2.846s] [EditMode] starting fix_action_bar_scale
[  2.846s] [EditMode] finished fix_action_bar_scale in 4.62µs
[  2.846s] [Workarounds] finished init_edit_mode_layout in 147.59ms
[  2.846s] [Workarounds] starting patch_ui_parent_panel_toggles
[  2.846s] [Workarounds] finished patch_ui_parent_panel_toggles in 234.22µs
[  2.846s] [Workarounds] starting patch_uiparent_onupdate_worklists
[  2.846s] [Workarounds] finished patch_uiparent_onupdate_worklists in 95.45µs
[  2.846s] [Workarounds] starting init_chat_type_colors
[  2.846s] [Workarounds] finished init_chat_type_colors in 122.34µs
[  2.846s] [Workarounds] starting patch_chat_voice_button_surface
[  2.846s] [Workarounds] finished patch_chat_voice_button_surface in 121.75µs
[  2.846s] [Workarounds] starting patch_item_socketing_tooltips
[  2.846s] [Workarounds] finished patch_item_socketing_tooltips in 58.30µs
[  2.846s] [Workarounds] starting patch_character_select_selected_name
[  2.846s] [Workarounds] finished patch_character_select_selected_name in 30.11µs
[  2.846s] [Workarounds] starting patch_character_create_defaults
[  2.846s] [Workarounds] finished patch_character_create_defaults in 233.75µs
[  2.846s] [Workarounds] starting patch_character_frame_title_refresh
[  2.852s] [Workarounds] finished patch_character_frame_title_refresh in 5.49ms
[  2.852s] [Workarounds] starting patch_vignette_pin_template
[  2.852s] [Workarounds] finished patch_vignette_pin_template in 87.36µs
[  2.852s] [Workarounds] starting patch_fog_of_war_pin_mixin
[  2.852s] [Workarounds] finished patch_fog_of_war_pin_mixin in 272.57µs
[  2.852s] [Workarounds] starting patch_map_exploration_pin_mixin
[  2.858s] [Workarounds] finished patch_map_exploration_pin_mixin in 6.07ms
[  2.858s] [Workarounds] starting patch_map_canvas_data_provider_attachment
[  2.858s] [Workarounds] finished patch_map_canvas_data_provider_attachment in 69.52µs
[  2.858s] [Workarounds] starting ensure_adventure_map_frame_surface
[  2.859s] [Workarounds] finished ensure_adventure_map_frame_surface in 500.15µs
[  2.859s] [Workarounds] starting patch_action_bar_button_event_fanout
[  2.859s] [Workarounds] finished patch_action_bar_button_event_fanout in 110.54µs
[  2.859s] [Workarounds] starting patch_paging_controls_page_text
[  2.859s] [Workarounds] finished patch_paging_controls_page_text in 40.44µs
[  2.859s] [Workarounds] starting patch_talent_edge_frame_level_sync
[  2.859s] [Workarounds] finished patch_talent_edge_frame_level_sync in 30.49µs
[  2.859s] [Workarounds] starting patch_catalog_shop_product_card_defaults
[  2.859s] [Workarounds] finished patch_catalog_shop_product_card_defaults in 63.46µs
[  2.859s] [Workarounds] starting patch_game_time_defaults
[  2.859s] [Workarounds] finished patch_game_time_defaults in 7.28µs
[  2.859s] [Workarounds] starting patch_tooltip_nineslice_surface
[  2.859s] [Workarounds] finished patch_tooltip_nineslice_surface in 42.93µs
[  2.859s] [Workarounds] starting patch_container_frame_token_tracker
[  2.859s] [Workarounds] finished patch_container_frame_token_tracker in 41.37µs
[  2.859s] [Workarounds] starting patch_achievement_display_set_achievements
[  2.859s] [Workarounds] finished patch_achievement_display_set_achievements in 7.93µs
[  2.859s] [Workarounds] starting patch_housing_dashboard_preload
[  2.860s] [Workarounds] finished patch_housing_dashboard_preload in 166.92µs
[  2.860s] [Workarounds] starting patch_lfg_lock_list
[  2.860s] [Workarounds] finished patch_lfg_lock_list in 35.57µs
[  2.860s] [Workarounds] starting patch_auction_house_browse_results_event
[  2.860s] [Workarounds] finished patch_auction_house_browse_results_event in 66.50µs
[  2.860s] [Workarounds] starting patch_auction_house_search_context_aliases
[  2.860s] [Workarounds] finished patch_auction_house_search_context_aliases in 27.55µs
[  2.860s] [Workarounds] starting patch_auth_challenge_frame_parent
[  2.860s] [Workarounds] finished patch_auth_challenge_frame_parent in 68.32µs
[  2.860s] [Workarounds] starting patch_settings_surface_defaults
[  2.860s] [Workarounds] finished patch_settings_surface_defaults in 357.05µs
[  2.860s] [Workarounds] starting patch_settings_canvas_layout_visibility
[  2.860s] [Workarounds] finished patch_settings_canvas_layout_visibility in 113.19µs
[  2.860s] [Startup] apply_post_load_workarounds: workarounds complete
[  2.927s] [Startup] apply_post_load_workarounds: globals restored
[  2.927s] [Startup] apply_post_load_workarounds: patch 12.1 compatibility restored
[  2.927s] [Startup] apply_post_load_workarounds: seterrorhandler restored
[  3.068s] [Startup] begin login sequence
[  3.068s] [Startup] Firing ADDON_LOADED
[  3.068s] [Startup] Firing VARIABLES_LOADED
[  3.164s] [Startup] Firing DISPLAY_SIZE_CHANGED
[  3.207s] [Startup] Firing UI_SCALE_CHANGED
[  3.208s] [Startup] Firing PLAYER_LOGIN
[  3.208s] [Startup] end login sequence in 140.44ms
[  3.208s] [Startup] begin world enter sequence
[  3.208s] [Startup] Skipping EDIT_MODE_LAYOUTS_UPDATED
[  3.208s] [Startup] Firing TIME_PLAYED_MSG via RequestTimePlayed
[  3.208s] [Startup] Firing PLAYER_ENTERING_WORLD
[  3.446s] [EditMode] starting setup_layout_info
[  3.450s] [EditMode] finished setup_layout_info in 3.95ms
[  3.450s] [EditMode] starting apply_system_anchors
[  3.588s] [EditMode] finished apply_system_anchors in 137.86ms
[  3.588s] [EditMode] starting finalize_action_bar_positions
[  3.590s] [EditMode] finished finalize_action_bar_positions in 2.63ms
[  3.590s] [EditMode] starting invoke_anchor_changed_hooks
[  3.596s] [EditMode] finished invoke_anchor_changed_hooks in 5.74ms
[  3.596s] [EditMode] starting fix_action_bar_nan_size
[  3.596s] [EditMode] finished fix_action_bar_nan_size in 80.90µs
[  3.596s] [EditMode] starting fix_action_bar_scale
[  3.596s] [EditMode] finished fix_action_bar_scale in 5.01µs
[  3.596s] [EditMode] starting reapply_player_frame_anchor
[  3.597s] [EditMode] finished reapply_player_frame_anchor in 1.50ms
[  3.606s] [Startup] end world enter sequence in 397.91ms
[  3.606s] [Startup] begin post-login events
[  3.607s] [Startup] Firing UNIT_AURA
[  3.608s] [Startup] Firing PET_UI_UPDATE
[  3.609s] [Startup] Firing BAG_UPDATE_DELAYED
[  3.611s] [Startup] Firing QUEST_LOG_UPDATE
[  3.612s] [Startup] Firing GROUP_ROSTER_UPDATE
[  3.705s] [Startup] Firing ACTIONBAR_UPDATE_STATE
[  3.705s] [Startup] Firing ACTIONBAR_UPDATE_COOLDOWN
[  3.707s] [Startup] Firing UPDATE_BONUS_ACTIONBAR
[  3.720s] [Startup] Firing PLAYER_CAN_GLIDE_CHANGED
[  3.720s] [Startup] Firing PLAYER_IS_GLIDING_CHANGED
[  3.720s] [Startup] Firing UPDATE_BINDINGS
[  3.724s] [Startup] Firing UPDATE_CHAT_WINDOWS
[  3.727s] [Startup] Firing LFG_UPDATE_RANDOM_INFO
[  3.728s] [Startup] end post-login events in 121.87ms
[  3.728s] [Startup] begin close startup special windows
[  3.728s] [Startup] end close startup special windows in 315.05µs
[  3.728s] [Startup] begin FIRST_FRAME_RENDERED
[  3.728s] [Startup] Firing FIRST_FRAME_RENDERED
[  3.728s] [Startup] end FIRST_FRAME_RENDERED in 188.71µs
[  3.728s] [Startup] begin unblock hidden splash alerts
[  3.728s] [Startup] end unblock hidden splash alerts in 15.71µs
[  3.728s] [Startup] begin post-event workarounds
[  3.728s] [Startup] end post-event workarounds in 962.00ns
