
running 1 test
test patch_11_2_0_publication_sweep::patch_11_2_0_publication_sweep ... ok

test result: ok. 1 passed; 0 failed; 0 ignored; 0 measured; 10818 filtered out; finished in 4.07s

warning: iced-wgpu-patched/Cargo.toml: `lints.clippy.large-enum-variant` is deprecated in favor of `lints.clippy.large_enum_variant` and will not work in a future edition
warning: iced-wgpu-patched/Cargo.toml: `lints.clippy.map-entry` is deprecated in favor of `lints.clippy.map_entry` and will not work in a future edition
warning: iced-wgpu-patched/Cargo.toml: `lints.clippy.match-wildcard-for-single-variants` is deprecated in favor of `lints.clippy.match_wildcard_for_single_variants` and will not work in a future edition
warning: iced-wgpu-patched/Cargo.toml: `lints.clippy.redundant-closure-for-method-calls` is deprecated in favor of `lints.clippy.redundant_closure_for_method_calls` and will not work in a future edition
warning: iced-wgpu-patched/Cargo.toml: `lints.clippy.trivially-copy-pass-by-ref` is deprecated in favor of `lints.clippy.trivially_copy_pass_by_ref` and will not work in a future edition
warning: iced-wgpu-patched/Cargo.toml: `lints.clippy.type-complexity` is deprecated in favor of `lints.clippy.type_complexity` and will not work in a future edition
warning: `iced_wgpu` (manifest) generated 6 warnings
    Finished `test` profile [optimized + debuginfo] target(s) in 0.22s
     Running tests/integration.rs (target/debug/deps/integration-aef10a2b503e13d5)
[  0.000s] [Startup] WowLuaEnv::new begin
[  0.002s] [Startup] SimState::default complete in 2.11ms
[  0.002s] [Startup] rilua VM created in 108.99µs
[  0.002s] [Startup] builtin frames initialized in 74.61µs
[  0.002s] [Startup] template registry cleared in 4.22µs
[  0.002s] [Startup] intrinsic templates registered in 6.63µs
[  0.002s] [Startup] initial app_data lua handle installed in 551.00ns
[  0.152s] [Startup] init_lua_state complete in 149.99ms
[  0.152s] [Startup] final app_data lua handle installed in 401.00ns
[  0.152s] [Startup] initial screen globals installed in 104.65µs
[  0.152s] [Startup] WowLuaEnv::new complete
[  2.698s] [Startup] apply_post_load_workarounds: begin
[  2.698s] [Workarounds] starting patch_edit_mode_manager
[  2.699s] [Workarounds] finished patch_edit_mode_manager in 335.62µs
[  2.699s] [Workarounds] starting init_edit_mode_layout
[  2.699s] [EditMode] starting setup_layout_info
[  2.703s] [EditMode] finished setup_layout_info in 4.14ms
[  2.703s] [EditMode] starting apply_system_anchors
[  2.856s] [EditMode] finished apply_system_anchors in 152.84ms
[  2.856s] [EditMode] starting finalize_action_bar_positions
[  2.858s] [EditMode] finished finalize_action_bar_positions in 1.80ms
[  2.858s] [EditMode] starting invoke_anchor_changed_hooks
[  2.858s] [EditMode] finished invoke_anchor_changed_hooks in 408.02µs
[  2.858s] [EditMode] starting fix_action_bar_nan_size
[  2.858s] [EditMode] finished fix_action_bar_nan_size in 43.28µs
[  2.858s] [EditMode] starting fix_action_bar_scale
[  2.858s] [EditMode] finished fix_action_bar_scale in 5.08µs
[  2.858s] [Workarounds] finished init_edit_mode_layout in 159.27ms
[  2.858s] [Workarounds] starting patch_ui_parent_panel_toggles
[  2.858s] [Workarounds] finished patch_ui_parent_panel_toggles in 242.78µs
[  2.858s] [Workarounds] starting patch_uiparent_onupdate_worklists
[  2.858s] [Workarounds] finished patch_uiparent_onupdate_worklists in 102.02µs
[  2.858s] [Workarounds] starting init_chat_type_colors
[  2.858s] [Workarounds] finished init_chat_type_colors in 119.58µs
[  2.858s] [Workarounds] starting patch_chat_voice_button_surface
[  2.859s] [Workarounds] finished patch_chat_voice_button_surface in 128.64µs
[  2.859s] [Workarounds] starting patch_item_socketing_tooltips
[  2.859s] [Workarounds] finished patch_item_socketing_tooltips in 60.82µs
[  2.859s] [Workarounds] starting patch_character_select_selected_name
[  2.859s] [Workarounds] finished patch_character_select_selected_name in 31.88µs
[  2.859s] [Workarounds] starting patch_character_create_defaults
[  2.859s] [Workarounds] finished patch_character_create_defaults in 238.36µs
[  2.859s] [Workarounds] starting patch_character_frame_title_refresh
[  2.865s] [Workarounds] finished patch_character_frame_title_refresh in 5.90ms
[  2.865s] [Workarounds] starting patch_vignette_pin_template
[  2.865s] [Workarounds] finished patch_vignette_pin_template in 92.86µs
[  2.865s] [Workarounds] starting patch_fog_of_war_pin_mixin
[  2.865s] [Workarounds] finished patch_fog_of_war_pin_mixin in 273.68µs
[  2.865s] [Workarounds] starting patch_map_exploration_pin_mixin
[  2.872s] [Workarounds] finished patch_map_exploration_pin_mixin in 6.38ms
[  2.872s] [Workarounds] starting patch_map_canvas_data_provider_attachment
[  2.872s] [Workarounds] finished patch_map_canvas_data_provider_attachment in 70.12µs
[  2.872s] [Workarounds] starting ensure_adventure_map_frame_surface
[  2.872s] [Workarounds] finished ensure_adventure_map_frame_surface in 453.11µs
[  2.872s] [Workarounds] starting patch_action_bar_button_event_fanout
[  2.872s] [Workarounds] finished patch_action_bar_button_event_fanout in 106.00µs
[  2.872s] [Workarounds] starting patch_paging_controls_page_text
[  2.872s] [Workarounds] finished patch_paging_controls_page_text in 40.38µs
[  2.872s] [Workarounds] starting patch_talent_edge_frame_level_sync
[  2.872s] [Workarounds] finished patch_talent_edge_frame_level_sync in 32.34µs
[  2.872s] [Workarounds] starting patch_catalog_shop_product_card_defaults
[  2.872s] [Workarounds] finished patch_catalog_shop_product_card_defaults in 66.76µs
[  2.872s] [Workarounds] starting patch_game_time_defaults
[  2.872s] [Workarounds] finished patch_game_time_defaults in 7.25µs
[  2.872s] [Workarounds] starting patch_tooltip_nineslice_surface
[  2.872s] [Workarounds] finished patch_tooltip_nineslice_surface in 44.84µs
[  2.872s] [Workarounds] starting patch_container_frame_token_tracker
[  2.872s] [Workarounds] finished patch_container_frame_token_tracker in 41.80µs
[  2.872s] [Workarounds] starting patch_achievement_display_set_achievements
[  2.872s] [Workarounds] finished patch_achievement_display_set_achievements in 9.08µs
[  2.872s] [Workarounds] starting patch_housing_dashboard_preload
[  2.873s] [Workarounds] finished patch_housing_dashboard_preload in 173.94µs
[  2.873s] [Workarounds] starting patch_lfg_lock_list
[  2.873s] [Workarounds] finished patch_lfg_lock_list in 34.24µs
[  2.873s] [Workarounds] starting patch_auction_house_browse_results_event
[  2.873s] [Workarounds] finished patch_auction_house_browse_results_event in 69.18µs
[  2.873s] [Workarounds] starting patch_auction_house_search_context_aliases
[  2.873s] [Workarounds] finished patch_auction_house_search_context_aliases in 29.30µs
[  2.873s] [Workarounds] starting patch_auth_challenge_frame_parent
[  2.873s] [Workarounds] finished patch_auth_challenge_frame_parent in 66.84µs
[  2.873s] [Workarounds] starting patch_settings_surface_defaults
[  2.873s] [Workarounds] finished patch_settings_surface_defaults in 367.11µs
[  2.873s] [Workarounds] starting patch_settings_canvas_layout_visibility
[  2.873s] [Workarounds] finished patch_settings_canvas_layout_visibility in 117.26µs
[  2.873s] [Startup] apply_post_load_workarounds: workarounds complete
[  2.945s] [Startup] apply_post_load_workarounds: globals restored
[  2.945s] [Startup] apply_post_load_workarounds: patch 12.1 compatibility restored
[  2.945s] [Startup] apply_post_load_workarounds: seterrorhandler restored
[  3.089s] [Startup] begin login sequence
[  3.089s] [Startup] Firing ADDON_LOADED
[  3.089s] [Startup] Firing VARIABLES_LOADED
[  3.193s] [Startup] Firing DISPLAY_SIZE_CHANGED
[  3.238s] [Startup] Firing UI_SCALE_CHANGED
[  3.240s] [Startup] Firing PLAYER_LOGIN
[  3.240s] [Startup] end login sequence in 150.29ms
[  3.240s] [Startup] begin world enter sequence
[  3.240s] [Startup] Skipping EDIT_MODE_LAYOUTS_UPDATED
[  3.240s] [Startup] Firing TIME_PLAYED_MSG via RequestTimePlayed
[  3.240s] [Startup] Firing PLAYER_ENTERING_WORLD
[  3.485s] [EditMode] starting setup_layout_info
[  3.489s] [EditMode] finished setup_layout_info in 4.03ms
[  3.489s] [EditMode] starting apply_system_anchors
[  3.634s] [EditMode] finished apply_system_anchors in 145.22ms
[  3.634s] [EditMode] starting finalize_action_bar_positions
[  3.637s] [EditMode] finished finalize_action_bar_positions in 2.90ms
[  3.637s] [EditMode] starting invoke_anchor_changed_hooks
[  3.644s] [EditMode] finished invoke_anchor_changed_hooks in 7.08ms
[  3.644s] [EditMode] starting fix_action_bar_nan_size
[  3.644s] [EditMode] finished fix_action_bar_nan_size in 97.99µs
[  3.644s] [EditMode] starting fix_action_bar_scale
[  3.644s] [EditMode] finished fix_action_bar_scale in 6.42µs
[  3.644s] [EditMode] starting reapply_player_frame_anchor
[  3.646s] [EditMode] finished reapply_player_frame_anchor in 1.59ms
[  3.655s] [Startup] end world enter sequence in 415.09ms
[  3.655s] [Startup] begin post-login events
[  3.656s] [Startup] Firing UNIT_AURA
[  3.657s] [Startup] Firing PET_UI_UPDATE
[  3.658s] [Startup] Firing BAG_UPDATE_DELAYED
[  3.660s] [Startup] Firing QUEST_LOG_UPDATE
[  3.661s] [Startup] Firing GROUP_ROSTER_UPDATE
[  3.756s] [Startup] Firing ACTIONBAR_UPDATE_STATE
[  3.756s] [Startup] Firing ACTIONBAR_UPDATE_COOLDOWN
[  3.757s] [Startup] Firing UPDATE_BONUS_ACTIONBAR
[  3.770s] [Startup] Firing PLAYER_CAN_GLIDE_CHANGED
[  3.770s] [Startup] Firing PLAYER_IS_GLIDING_CHANGED
[  3.770s] [Startup] Firing UPDATE_BINDINGS
[  3.773s] [Startup] Firing UPDATE_CHAT_WINDOWS
[  3.776s] [Startup] Firing LFG_UPDATE_RANDOM_INFO
[  3.777s] [Startup] end post-login events in 122.57ms
[  3.777s] [Startup] begin close startup special windows
[  3.778s] [Startup] end close startup special windows in 295.21µs
[  3.778s] [Startup] begin FIRST_FRAME_RENDERED
[  3.778s] [Startup] Firing FIRST_FRAME_RENDERED
[  3.778s] [Startup] end FIRST_FRAME_RENDERED in 177.76µs
[  3.778s] [Startup] begin unblock hidden splash alerts
[  3.778s] [Startup] end unblock hidden splash alerts in 15.61µs
[  3.778s] [Startup] begin post-event workarounds
[  3.778s] [Startup] end post-event workarounds in 792.00ns
