
running 1 test
test patch_12_0_5_publication_sweep::patch_12_0_5_publication_sweep ... ok

test result: ok. 1 passed; 0 failed; 0 ignored; 0 measured; 10818 filtered out; finished in 4.48s

warning: iced-wgpu-patched/Cargo.toml: `lints.clippy.large-enum-variant` is deprecated in favor of `lints.clippy.large_enum_variant` and will not work in a future edition
warning: iced-wgpu-patched/Cargo.toml: `lints.clippy.map-entry` is deprecated in favor of `lints.clippy.map_entry` and will not work in a future edition
warning: iced-wgpu-patched/Cargo.toml: `lints.clippy.match-wildcard-for-single-variants` is deprecated in favor of `lints.clippy.match_wildcard_for_single_variants` and will not work in a future edition
warning: iced-wgpu-patched/Cargo.toml: `lints.clippy.redundant-closure-for-method-calls` is deprecated in favor of `lints.clippy.redundant_closure_for_method_calls` and will not work in a future edition
warning: iced-wgpu-patched/Cargo.toml: `lints.clippy.trivially-copy-pass-by-ref` is deprecated in favor of `lints.clippy.trivially_copy_pass_by_ref` and will not work in a future edition
warning: iced-wgpu-patched/Cargo.toml: `lints.clippy.type-complexity` is deprecated in favor of `lints.clippy.type_complexity` and will not work in a future edition
warning: `iced_wgpu` (manifest) generated 6 warnings
    Finished `test` profile [optimized + debuginfo] target(s) in 0.23s
     Running tests/integration.rs (target/debug/deps/integration-aef10a2b503e13d5)
[  0.000s] [Startup] WowLuaEnv::new begin
[  0.002s] [Startup] SimState::default complete in 2.14ms
[  0.002s] [Startup] rilua VM created in 107.72µs
[  0.002s] [Startup] builtin frames initialized in 65.68µs
[  0.002s] [Startup] template registry cleared in 5.76µs
[  0.002s] [Startup] intrinsic templates registered in 6.26µs
[  0.002s] [Startup] initial app_data lua handle installed in 441.00ns
[  0.161s] [Startup] init_lua_state complete in 158.30ms
[  0.161s] [Startup] final app_data lua handle installed in 210.00ns
[  0.161s] [Startup] initial screen globals installed in 92.79µs
[  0.161s] [Startup] WowLuaEnv::new complete
[  2.915s] [Startup] apply_post_load_workarounds: begin
[  2.915s] [Workarounds] starting patch_edit_mode_manager
[  2.915s] [Workarounds] finished patch_edit_mode_manager in 330.57µs
[  2.915s] [Workarounds] starting init_edit_mode_layout
[  2.915s] [EditMode] starting setup_layout_info
[  2.919s] [EditMode] finished setup_layout_info in 3.62ms
[  2.919s] [EditMode] starting apply_system_anchors
[  3.089s] [EditMode] finished apply_system_anchors in 170.19ms
[  3.089s] [EditMode] starting finalize_action_bar_positions
[  3.091s] [EditMode] finished finalize_action_bar_positions in 2.01ms
[  3.091s] [EditMode] starting invoke_anchor_changed_hooks
[  3.091s] [EditMode] finished invoke_anchor_changed_hooks in 437.51µs
[  3.091s] [EditMode] starting fix_action_bar_nan_size
[  3.091s] [EditMode] finished fix_action_bar_nan_size in 49.16µs
[  3.091s] [EditMode] starting fix_action_bar_scale
[  3.092s] [EditMode] finished fix_action_bar_scale in 6.40µs
[  3.092s] [Workarounds] finished init_edit_mode_layout in 176.35ms
[  3.092s] [Workarounds] starting patch_ui_parent_panel_toggles
[  3.092s] [Workarounds] finished patch_ui_parent_panel_toggles in 283.87µs
[  3.092s] [Workarounds] starting patch_uiparent_onupdate_worklists
[  3.092s] [Workarounds] finished patch_uiparent_onupdate_worklists in 170.16µs
[  3.092s] [Workarounds] starting init_chat_type_colors
[  3.092s] [Workarounds] finished init_chat_type_colors in 147.22µs
[  3.092s] [Workarounds] starting patch_chat_voice_button_surface
[  3.092s] [Workarounds] finished patch_chat_voice_button_surface in 175.81µs
[  3.092s] [Workarounds] starting patch_item_socketing_tooltips
[  3.092s] [Workarounds] finished patch_item_socketing_tooltips in 82.99µs
[  3.092s] [Workarounds] starting patch_character_select_selected_name
[  3.092s] [Workarounds] finished patch_character_select_selected_name in 35.63µs
[  3.092s] [Workarounds] starting patch_character_create_defaults
[  3.093s] [Workarounds] finished patch_character_create_defaults in 293.62µs
[  3.093s] [Workarounds] starting patch_character_frame_title_refresh
[  3.101s] [Workarounds] finished patch_character_frame_title_refresh in 7.92ms
[  3.101s] [Workarounds] starting patch_vignette_pin_template
[  3.101s] [Workarounds] finished patch_vignette_pin_template in 134.48µs
[  3.101s] [Workarounds] starting patch_fog_of_war_pin_mixin
[  3.101s] [Workarounds] finished patch_fog_of_war_pin_mixin in 346.68µs
[  3.101s] [Workarounds] starting patch_map_exploration_pin_mixin
[  3.108s] [Workarounds] finished patch_map_exploration_pin_mixin in 6.75ms
[  3.108s] [Workarounds] starting patch_map_canvas_data_provider_attachment
[  3.108s] [Workarounds] finished patch_map_canvas_data_provider_attachment in 77.04µs
[  3.108s] [Workarounds] starting ensure_adventure_map_frame_surface
[  3.108s] [Workarounds] finished ensure_adventure_map_frame_surface in 516.60µs
[  3.109s] [Workarounds] starting patch_action_bar_button_event_fanout
[  3.109s] [Workarounds] finished patch_action_bar_button_event_fanout in 127.34µs
[  3.109s] [Workarounds] starting patch_paging_controls_page_text
[  3.109s] [Workarounds] finished patch_paging_controls_page_text in 45.20µs
[  3.109s] [Workarounds] starting patch_talent_edge_frame_level_sync
[  3.109s] [Workarounds] finished patch_talent_edge_frame_level_sync in 32.64µs
[  3.109s] [Workarounds] starting patch_catalog_shop_product_card_defaults
[  3.109s] [Workarounds] finished patch_catalog_shop_product_card_defaults in 66.86µs
[  3.109s] [Workarounds] starting patch_game_time_defaults
[  3.109s] [Workarounds] finished patch_game_time_defaults in 7.63µs
[  3.109s] [Workarounds] starting patch_tooltip_nineslice_surface
[  3.109s] [Workarounds] finished patch_tooltip_nineslice_surface in 46.28µs
[  3.109s] [Workarounds] starting patch_container_frame_token_tracker
[  3.109s] [Workarounds] finished patch_container_frame_token_tracker in 43.56µs
[  3.109s] [Workarounds] starting patch_achievement_display_set_achievements
[  3.109s] [Workarounds] finished patch_achievement_display_set_achievements in 9.41µs
[  3.109s] [Workarounds] starting patch_housing_dashboard_preload
[  3.109s] [Workarounds] finished patch_housing_dashboard_preload in 182.70µs
[  3.109s] [Workarounds] starting patch_lfg_lock_list
[  3.109s] [Workarounds] finished patch_lfg_lock_list in 39.10µs
[  3.109s] [Workarounds] starting patch_auction_house_browse_results_event
[  3.109s] [Workarounds] finished patch_auction_house_browse_results_event in 70.10µs
[  3.109s] [Workarounds] starting patch_auction_house_search_context_aliases
[  3.109s] [Workarounds] finished patch_auction_house_search_context_aliases in 30.19µs
[  3.109s] [Workarounds] starting patch_auth_challenge_frame_parent
[  3.109s] [Workarounds] finished patch_auth_challenge_frame_parent in 71.34µs
[  3.109s] [Workarounds] starting patch_settings_surface_defaults
[  3.110s] [Workarounds] finished patch_settings_surface_defaults in 388.23µs
[  3.110s] [Workarounds] starting patch_settings_canvas_layout_visibility
[  3.110s] [Workarounds] finished patch_settings_canvas_layout_visibility in 118.03µs
[  3.110s] [Startup] apply_post_load_workarounds: workarounds complete
[  3.182s] [Startup] apply_post_load_workarounds: globals restored
[  3.182s] [Startup] apply_post_load_workarounds: patch 12.1 compatibility restored
[  3.183s] [Startup] apply_post_load_workarounds: seterrorhandler restored
[  3.326s] [Startup] begin login sequence
[  3.326s] [Startup] Firing ADDON_LOADED
[  3.327s] [Startup] Firing VARIABLES_LOADED
[  3.428s] [Startup] Firing DISPLAY_SIZE_CHANGED
[  3.474s] [Startup] Firing UI_SCALE_CHANGED
[  3.475s] [Startup] Firing PLAYER_LOGIN
[  3.475s] [Startup] end login sequence in 149.08ms
[  3.475s] [Startup] begin world enter sequence
[  3.475s] [Startup] Skipping EDIT_MODE_LAYOUTS_UPDATED
[  3.475s] [Startup] Firing TIME_PLAYED_MSG via RequestTimePlayed
[  3.475s] [Startup] Firing PLAYER_ENTERING_WORLD
[  3.772s] [EditMode] starting setup_layout_info
[  3.776s] [EditMode] finished setup_layout_info in 4.48ms
[  3.776s] [EditMode] starting apply_system_anchors
[  3.928s] [EditMode] finished apply_system_anchors in 151.62ms
[  3.928s] [EditMode] starting finalize_action_bar_positions
[  3.933s] [EditMode] finished finalize_action_bar_positions in 4.66ms
[  3.933s] [EditMode] starting invoke_anchor_changed_hooks
[  3.941s] [EditMode] finished invoke_anchor_changed_hooks in 8.25ms
[  3.941s] [EditMode] starting fix_action_bar_nan_size
[  3.941s] [EditMode] finished fix_action_bar_nan_size in 102.81µs
[  3.941s] [EditMode] starting fix_action_bar_scale
[  3.941s] [EditMode] finished fix_action_bar_scale in 6.16µs
[  3.941s] [EditMode] starting reapply_player_frame_anchor
[  3.943s] [EditMode] finished reapply_player_frame_anchor in 2.02ms
[  3.954s] [Startup] end world enter sequence in 478.64ms
[  3.954s] [Startup] begin post-login events
[  3.955s] [Startup] Firing UNIT_AURA
[  3.956s] [Startup] Firing PET_UI_UPDATE
[  3.958s] [Startup] Firing BAG_UPDATE_DELAYED
[  3.960s] [Startup] Firing QUEST_LOG_UPDATE
[  3.961s] [Startup] Firing GROUP_ROSTER_UPDATE
[  4.068s] [Startup] Firing ACTIONBAR_UPDATE_STATE
[  4.068s] [Startup] Firing ACTIONBAR_UPDATE_COOLDOWN
[  4.069s] [Startup] Firing UPDATE_BONUS_ACTIONBAR
[  4.083s] [Startup] Firing PLAYER_CAN_GLIDE_CHANGED
[  4.083s] [Startup] Firing PLAYER_IS_GLIDING_CHANGED
[  4.083s] [Startup] Firing UPDATE_BINDINGS
[  4.087s] [Startup] Firing UPDATE_CHAT_WINDOWS
[  4.091s] [Startup] Firing LFG_UPDATE_RANDOM_INFO
[  4.092s] [Startup] end post-login events in 138.32ms
[  4.092s] [Startup] begin close startup special windows
[  4.093s] [Startup] end close startup special windows in 428.94µs
[  4.093s] [Startup] begin FIRST_FRAME_RENDERED
[  4.093s] [Startup] Firing FIRST_FRAME_RENDERED
[  4.093s] [Startup] end FIRST_FRAME_RENDERED in 229.76µs
[  4.093s] [Startup] begin unblock hidden splash alerts
[  4.093s] [Startup] end unblock hidden splash alerts in 18.70µs
[  4.093s] [Startup] begin post-event workarounds
[  4.093s] [Startup] end post-event workarounds in 1.29µs
