test_configured_and_queued_not_native_or_supersession (__main__.SourceAccounting.test_configured_and_queued_not_native_or_supersession) ... FAIL
test_exact_literal_rows (__main__.SourceAccounting.test_exact_literal_rows) ... FAIL
test_frozen_identity_and_content_tampering (__main__.SourceAccounting.test_frozen_identity_and_content_tampering) ... FAIL
test_full_scope_counts (__main__.SourceAccounting.test_full_scope_counts) ... FAIL
test_headers_and_unexpanded_navigation_preserved (__main__.SourceAccounting.test_headers_and_unexpanded_navigation_preserved) ... FAIL
test_link_occurrences_do_not_expand_into_api_contracts (__main__.SourceAccounting.test_link_occurrences_do_not_expand_into_api_contracts) ... FAIL
test_literal_toc_does_not_invent_client_name (__main__.SourceAccounting.test_literal_toc_does_not_invent_client_name) ... FAIL
test_omissions_fabricated_credit_and_foreign_history_rejected (__main__.SourceAccounting.test_omissions_fabricated_credit_and_foreign_history_rejected) ... FAIL

======================================================================
FAIL: test_configured_and_queued_not_native_or_supersession (__main__.SourceAccounting.test_configured_and_queued_not_native_or_supersession)
----------------------------------------------------------------------
Traceback (most recent call last):
  File "/home/osso/.worktrees/wow-ui-sim-p1156-page/data/patch-api/evidence/1.15.6-session-2026-10-09/test_source_accounting.py", line 38, in test_configured_and_queued_not_native_or_supersession
    self.assertEqual([(p['feature'], p['configured_interface']) for p in ledger.get('configured_profiles', [])], [('client-era', 11507), ('client-anniversary', 11507)])
    ~~~~~~~~~~~~~~~~^^^^^^^^^^^^^^^^^^^^^^^^^^^^^^^^^^^^^^^^^^^^^^^^^^^^^^^^^^^^^^^^^^^^^^^^^^^^^^^^^^^^^^^^^^^^^^^^^^^^^^^^^^^^^^^^^^^^^^^^^^^^^^^^^^^^^^^^^^^^^^^^^^^^
AssertionError: Lists differ: [] != [('client-era', 11507), ('client-anniversary', 11507)]

Second list contains 2 additional elements.
First extra element 0:
('client-era', 11507)

- []
+ [('client-era', 11507), ('client-anniversary', 11507)]

======================================================================
FAIL: test_exact_literal_rows (__main__.SourceAccounting.test_exact_literal_rows)
----------------------------------------------------------------------
Traceback (most recent call last):
  File "/home/osso/.worktrees/wow-ui-sim-p1156-page/data/patch-api/evidence/1.15.6-session-2026-10-09/test_source_accounting.py", line 13, in test_exact_literal_rows
    self.assertEqual([(r['line'], r['literal']) for r in rows], [(n, s) for n, s in enumerate((EVIDENCE / 'source.wikitext').read_text().splitlines(), 1) if s.strip()])
    ~~~~~~~~~~~~~~~~^^^^^^^^^^^^^^^^^^^^^^^^^^^^^^^^^^^^^^^^^^^^^^^^^^^^^^^^^^^^^^^^^^^^^^^^^^^^^^^^^^^^^^^^^^^^^^^^^^^^^^^^^^^^^^^^^^^^^^^^^^^^^^^^^^^^^^^^^^^^^^^^^^^^
AssertionError: Lists differ: [] != [(1, '{{apichanges|1.15.6|prev=1.15.5|next[263 chars]s]')]

Second list contains 4 additional elements.
First extra element 0:
(1, '{{apichanges|1.15.6|prev=1.15.5|next=1.15.7}}')

- []
+ [(1, '{{apichanges|1.15.6|prev=1.15.5|next=1.15.7}}'),
+  (3, '==Resources=='),
+  (4, '* TOC: <code>11506</code>'),
+  (5,
+   '* Diffs: [https://github.com/Gethe/wow-ui-source/compare/1.15.5..1.15.6 '
+   'wow-ui-source], '
+   '[https://github.com/Ketho/BlizzardInterfaceResources/compare/1.15.5..1.15.6 '
+   'BlizzardInterfaceResources]')]

======================================================================
FAIL: test_frozen_identity_and_content_tampering (__main__.SourceAccounting.test_frozen_identity_and_content_tampering)
----------------------------------------------------------------------
Traceback (most recent call last):
  File "/home/osso/.worktrees/wow-ui-sim-p1156-page/data/patch-api/evidence/1.15.6-session-2026-10-09/test_source_accounting.py", line 66, in test_frozen_identity_and_content_tampering
    self.assertIn('source', audit.build())
    ~~~~~~~~~~~~~^^^^^^^^^^^^^^^^^^^^^^^^^
AssertionError: 'source' not found in {}

======================================================================
FAIL: test_full_scope_counts (__main__.SourceAccounting.test_full_scope_counts)
----------------------------------------------------------------------
Traceback (most recent call last):
  File "/home/osso/.worktrees/wow-ui-sim-p1156-page/data/patch-api/evidence/1.15.6-session-2026-10-09/test_source_accounting.py", line 17, in test_full_scope_counts
    self.assertEqual(audit.build().get('totals'), {'physical_lines': 5, 'nonblank_rows': 4, 'metadata_rows': 3, 'unproven_rows': 1, 'contracts': 2, 'headers': 1, 'numerical_inventory_headers': 0, 'api_occurrences': 0, 'event_occurrences': 0, 'cvar_occurrences': 0, 'widget_method_occurrences': 0, 'command_occurrences': 0, 'signature_declarations': 0, 'prose_contracts': 0, 'unexpanded_linked_contracts': 2, 'unexpanded_transclusions': 1})
    ~~~~~~~~~~~~~~~~^^^^^^^^^^^^^^^^^^^^^^^^^^^^^^^^^^^^^^^^^^^^^^^^^^^^^^^^^^^^^^^^^^^^^^^^^^^^^^^^^^^^^^^^^^^^^^^^^^^^^^^^^^^^^^^^^^^^^^^^^^^^^^^^^^^^^^^^^^^^^^^^^^^^^^^^^^^^^^^^^^^^^^^^^^^^^^^^^^^^^^^^^^^^^^^^^^^^^^^^^^^^^^^^^^^^^^^^^^^^^^^^^^^^^^^^^^^^^^^^^^^^^^^^^^^^^^^^^^^^^^^^^^^^^^^^^^^^^^^^^^^^^^^^^^^^^^^^^^^^^^^^^^^^^^^^^^^^^^^^^^^^^^^^^^^^^^^^^^^^^^^^^^^^^^^^^^^^^^^^^^^^^^^^^^^^^^^^^^^^^^^^^^^^^^^^^^^^^^^^^^^^^^^^^^^^^^^^^^^
AssertionError: None != {'physical_lines': 5, 'nonblank_rows': 4,[342 chars]': 1}

======================================================================
FAIL: test_headers_and_unexpanded_navigation_preserved (__main__.SourceAccounting.test_headers_and_unexpanded_navigation_preserved)
----------------------------------------------------------------------
Traceback (most recent call last):
  File "/home/osso/.worktrees/wow-ui-sim-p1156-page/data/patch-api/evidence/1.15.6-session-2026-10-09/test_source_accounting.py", line 33, in test_headers_and_unexpanded_navigation_preserved
    self.assertEqual(ledger.get('headers'), [{'line': 3, 'literal': '==Resources==', 'label': 'Resources', 'numerical_count': None, 'status': 'metadata-only'}])
    ~~~~~~~~~~~~~~~~^^^^^^^^^^^^^^^^^^^^^^^^^^^^^^^^^^^^^^^^^^^^^^^^^^^^^^^^^^^^^^^^^^^^^^^^^^^^^^^^^^^^^^^^^^^^^^^^^^^^^^^^^^^^^^^^^^^^^^^^^^^^^^^^^^^^^^^^^^^^
AssertionError: None != [{'line': 3, 'literal': '==Resources==', [69 chars]ly'}]

======================================================================
FAIL: test_link_occurrences_do_not_expand_into_api_contracts (__main__.SourceAccounting.test_link_occurrences_do_not_expand_into_api_contracts)
----------------------------------------------------------------------
Traceback (most recent call last):
  File "/home/osso/.worktrees/wow-ui-sim-p1156-page/data/patch-api/evidence/1.15.6-session-2026-10-09/test_source_accounting.py", line 28, in test_link_occurrences_do_not_expand_into_api_contracts
    self.assertEqual([(c['label'], c['target']) for c in contracts], [('wow-ui-source', 'https://github.com/Gethe/wow-ui-source/compare/1.15.5..1.15.6'), ('BlizzardInterfaceResources', 'https://github.com/Ketho/BlizzardInterfaceResources/compare/1.15.5..1.15.6')])
    ~~~~~~~~~~~~~~~~^^^^^^^^^^^^^^^^^^^^^^^^^^^^^^^^^^^^^^^^^^^^^^^^^^^^^^^^^^^^^^^^^^^^^^^^^^^^^^^^^^^^^^^^^^^^^^^^^^^^^^^^^^^^^^^^^^^^^^^^^^^^^^^^^^^^^^^^^^^^^^^^^^^^^^^^^^^^^^^^^^^^^^^^^^^^^^^^^^^^^^^^^^^^^^^^^^^^^^^^^^^^^^^^^^^^^^^^^^^^^^^^^^^^^^^^^^^^^^^^^^^^
AssertionError: Lists differ: [] != [('wow-ui-source', 'https://github.com/Get[147 chars].6')]

Second list contains 2 additional elements.
First extra element 0:
('wow-ui-source', 'https://github.com/Gethe/wow-ui-source/compare/1.15.5..1.15.6')

- []
+ [('wow-ui-source',
+   'https://github.com/Gethe/wow-ui-source/compare/1.15.5..1.15.6'),
+  ('BlizzardInterfaceResources',
+   'https://github.com/Ketho/BlizzardInterfaceResources/compare/1.15.5..1.15.6')]

======================================================================
FAIL: test_literal_toc_does_not_invent_client_name (__main__.SourceAccounting.test_literal_toc_does_not_invent_client_name)
----------------------------------------------------------------------
Traceback (most recent call last):
  File "/home/osso/.worktrees/wow-ui-sim-p1156-page/data/patch-api/evidence/1.15.6-session-2026-10-09/test_source_accounting.py", line 21, in test_literal_toc_does_not_invent_client_name
    self.assertEqual(ledger.get('source_toc'), 11506)
    ~~~~~~~~~~~~~~~~^^^^^^^^^^^^^^^^^^^^^^^^^^^^^^^^^
AssertionError: None != 11506

======================================================================
FAIL: test_omissions_fabricated_credit_and_foreign_history_rejected (__main__.SourceAccounting.test_omissions_fabricated_credit_and_foreign_history_rejected)
----------------------------------------------------------------------
Traceback (most recent call last):
  File "/home/osso/.worktrees/wow-ui-sim-p1156-page/data/patch-api/evidence/1.15.6-session-2026-10-09/test_source_accounting.py", line 47, in test_omissions_fabricated_credit_and_foreign_history_rejected
    self.assertIn('contracts', expected)
    ~~~~~~~~~~~~~^^^^^^^^^^^^^^^^^^^^^^^
AssertionError: 'contracts' not found in {}

----------------------------------------------------------------------
Ran 8 tests in 0.001s

FAILED (failures=8)
