
running 1 test
test patch_10_1_7_publication_sweep::patch_10_1_7_publication_sweep ... ok

test result: ok. 1 passed; 0 failed; 0 ignored; 0 measured; 10826 filtered out; finished in 4.92s

warning: iced-wgpu-patched/Cargo.toml: `lints.clippy.large-enum-variant` is deprecated in favor of `lints.clippy.large_enum_variant` and will not work in a future edition
warning: iced-wgpu-patched/Cargo.toml: `lints.clippy.map-entry` is deprecated in favor of `lints.clippy.map_entry` and will not work in a future edition
warning: iced-wgpu-patched/Cargo.toml: `lints.clippy.match-wildcard-for-single-variants` is deprecated in favor of `lints.clippy.match_wildcard_for_single_variants` and will not work in a future edition
warning: iced-wgpu-patched/Cargo.toml: `lints.clippy.redundant-closure-for-method-calls` is deprecated in favor of `lints.clippy.redundant_closure_for_method_calls` and will not work in a future edition
warning: iced-wgpu-patched/Cargo.toml: `lints.clippy.trivially-copy-pass-by-ref` is deprecated in favor of `lints.clippy.trivially_copy_pass_by_ref` and will not work in a future edition
warning: iced-wgpu-patched/Cargo.toml: `lints.clippy.type-complexity` is deprecated in favor of `lints.clippy.type_complexity` and will not work in a future edition
warning: `iced_wgpu` (manifest) generated 6 warnings
    Finished `test` profile [optimized + debuginfo] target(s) in 0.26s
     Running tests/integration.rs (target/debug/deps/integration-aef10a2b503e13d5)
[  0.000s] [Startup] WowLuaEnv::new begin
[  0.003s] [Startup] SimState::default complete in 3.08ms
[  0.003s] [Startup] rilua VM created in 178.52µs
[  0.003s] [Startup] builtin frames initialized in 108.18µs
[  0.003s] [Startup] template registry cleared in 7.53µs
[  0.003s] [Startup] intrinsic templates registered in 9.66µs
[  0.003s] [Startup] initial app_data lua handle installed in 671.00ns
[  0.214s] [Startup] init_lua_state complete in 211.00ms
[  0.214s] [Startup] final app_data lua handle installed in 371.00ns
[  0.215s] [Startup] initial screen globals installed in 143.60µs
[  0.215s] [Startup] WowLuaEnv::new complete
[  3.309s] [Startup] apply_post_load_workarounds: begin
[  3.309s] [Workarounds] starting patch_edit_mode_manager
[  3.310s] [Workarounds] finished patch_edit_mode_manager in 357.25µs
[  3.310s] [Workarounds] starting init_edit_mode_layout
[  3.310s] [EditMode] starting setup_layout_info
[  3.314s] [EditMode] finished setup_layout_info in 4.01ms
[  3.314s] [EditMode] starting apply_system_anchors
[  3.485s] [EditMode] finished apply_system_anchors in 171.59ms
[  3.485s] [EditMode] starting finalize_action_bar_positions
[  3.488s] [EditMode] finished finalize_action_bar_positions in 2.21ms
[  3.488s] [EditMode] starting invoke_anchor_changed_hooks
[  3.488s] [EditMode] finished invoke_anchor_changed_hooks in 492.28µs
[  3.488s] [EditMode] starting fix_action_bar_nan_size
[  3.488s] [EditMode] finished fix_action_bar_nan_size in 52.87µs
[  3.488s] [EditMode] starting fix_action_bar_scale
[  3.488s] [EditMode] finished fix_action_bar_scale in 5.19µs
[  3.488s] [Workarounds] finished init_edit_mode_layout in 178.40ms
[  3.488s] [Workarounds] starting patch_ui_parent_panel_toggles
[  3.489s] [Workarounds] finished patch_ui_parent_panel_toggles in 276.00µs
[  3.489s] [Workarounds] starting patch_uiparent_onupdate_worklists
[  3.489s] [Workarounds] finished patch_uiparent_onupdate_worklists in 116.57µs
[  3.489s] [Workarounds] starting init_chat_type_colors
[  3.489s] [Workarounds] finished init_chat_type_colors in 135.02µs
[  3.489s] [Workarounds] starting patch_chat_voice_button_surface
[  3.489s] [Workarounds] finished patch_chat_voice_button_surface in 153.79µs
[  3.489s] [Workarounds] starting patch_item_socketing_tooltips
[  3.489s] [Workarounds] finished patch_item_socketing_tooltips in 68.59µs
[  3.489s] [Workarounds] starting patch_character_select_selected_name
[  3.489s] [Workarounds] finished patch_character_select_selected_name in 36.15µs
[  3.489s] [Workarounds] starting patch_character_create_defaults
[  3.489s] [Workarounds] finished patch_character_create_defaults in 267.97µs
[  3.489s] [Workarounds] starting patch_character_frame_title_refresh
[  3.496s] [Workarounds] finished patch_character_frame_title_refresh in 6.90ms
[  3.496s] [Workarounds] starting patch_vignette_pin_template
[  3.496s] [Workarounds] finished patch_vignette_pin_template in 123.68µs
[  3.496s] [Workarounds] starting patch_fog_of_war_pin_mixin
[  3.497s] [Workarounds] finished patch_fog_of_war_pin_mixin in 337.46µs
[  3.497s] [Workarounds] starting patch_map_exploration_pin_mixin
[  3.504s] [Workarounds] finished patch_map_exploration_pin_mixin in 6.98ms
[  3.504s] [Workarounds] starting patch_map_canvas_data_provider_attachment
[  3.504s] [Workarounds] finished patch_map_canvas_data_provider_attachment in 89.60µs
[  3.504s] [Workarounds] starting ensure_adventure_map_frame_surface
[  3.504s] [Workarounds] finished ensure_adventure_map_frame_surface in 567.50µs
[  3.504s] [Workarounds] starting patch_action_bar_button_event_fanout
[  3.504s] [Workarounds] finished patch_action_bar_button_event_fanout in 125.88µs
[  3.504s] [Workarounds] starting patch_paging_controls_page_text
[  3.505s] [Workarounds] finished patch_paging_controls_page_text in 46.81µs
[  3.505s] [Workarounds] starting patch_talent_edge_frame_level_sync
[  3.505s] [Workarounds] finished patch_talent_edge_frame_level_sync in 35.83µs
[  3.505s] [Workarounds] starting patch_catalog_shop_product_card_defaults
[  3.505s] [Workarounds] finished patch_catalog_shop_product_card_defaults in 73.76µs
[  3.505s] [Workarounds] starting patch_game_time_defaults
[  3.505s] [Workarounds] finished patch_game_time_defaults in 8.73µs
[  3.505s] [Workarounds] starting patch_tooltip_nineslice_surface
[  3.505s] [Workarounds] finished patch_tooltip_nineslice_surface in 49.74µs
[  3.505s] [Workarounds] starting patch_container_frame_token_tracker
[  3.505s] [Workarounds] finished patch_container_frame_token_tracker in 46.52µs
[  3.505s] [Workarounds] starting patch_achievement_display_set_achievements
[  3.505s] [Workarounds] finished patch_achievement_display_set_achievements in 9.58µs
[  3.505s] [Workarounds] starting patch_housing_dashboard_preload
[  3.505s] [Workarounds] finished patch_housing_dashboard_preload in 199.56µs
[  3.505s] [Workarounds] starting patch_lfg_lock_list
[  3.505s] [Workarounds] finished patch_lfg_lock_list in 44.22µs
[  3.505s] [Workarounds] starting patch_auction_house_browse_results_event
[  3.505s] [Workarounds] finished patch_auction_house_browse_results_event in 77.04µs
[  3.505s] [Workarounds] starting patch_auction_house_search_context_aliases
[  3.505s] [Workarounds] finished patch_auction_house_search_context_aliases in 33.29µs
[  3.505s] [Workarounds] starting patch_auth_challenge_frame_parent
[  3.505s] [Workarounds] finished patch_auth_challenge_frame_parent in 79.64µs
[  3.505s] [Workarounds] starting patch_settings_surface_defaults
[  3.506s] [Workarounds] finished patch_settings_surface_defaults in 411.62µs
[  3.506s] [Workarounds] starting patch_settings_canvas_layout_visibility
[  3.506s] [Workarounds] finished patch_settings_canvas_layout_visibility in 129.88µs
[  3.506s] [Startup] apply_post_load_workarounds: workarounds complete
[  3.593s] [Startup] apply_post_load_workarounds: globals restored
[  3.594s] [Startup] apply_post_load_workarounds: patch 12.1 compatibility restored
[  3.594s] [Startup] apply_post_load_workarounds: seterrorhandler restored
[  3.758s] [Startup] begin login sequence
[  3.758s] [Startup] Firing ADDON_LOADED
[  3.758s] [Startup] Firing VARIABLES_LOADED
[  3.881s] [Startup] Firing DISPLAY_SIZE_CHANGED
[  3.935s] [Startup] Firing UI_SCALE_CHANGED
[  3.937s] [Startup] Firing PLAYER_LOGIN
[  3.937s] [Startup] end login sequence in 178.43ms
[  3.937s] [Startup] begin world enter sequence
[  3.937s] [Startup] Skipping EDIT_MODE_LAYOUTS_UPDATED
[  3.937s] [Startup] Firing TIME_PLAYED_MSG via RequestTimePlayed
[  3.937s] [Startup] Firing PLAYER_ENTERING_WORLD
[  4.240s] [EditMode] starting setup_layout_info
[  4.246s] [EditMode] finished setup_layout_info in 5.24ms
[  4.246s] [EditMode] starting apply_system_anchors
[  4.418s] [EditMode] finished apply_system_anchors in 172.26ms
[  4.418s] [EditMode] starting finalize_action_bar_positions
[  4.421s] [EditMode] finished finalize_action_bar_positions in 3.59ms
[  4.421s] [EditMode] starting invoke_anchor_changed_hooks
[  4.428s] [EditMode] finished invoke_anchor_changed_hooks in 7.02ms
[  4.428s] [EditMode] starting fix_action_bar_nan_size
[  4.429s] [EditMode] finished fix_action_bar_nan_size in 89.46µs
[  4.429s] [EditMode] starting fix_action_bar_scale
[  4.429s] [EditMode] finished fix_action_bar_scale in 6.09µs
[  4.429s] [EditMode] starting reapply_player_frame_anchor
[  4.430s] [EditMode] finished reapply_player_frame_anchor in 1.69ms
[  4.441s] [Startup] end world enter sequence in 504.18ms
[  4.441s] [Startup] begin post-login events
[  4.442s] [Startup] Firing UNIT_AURA
[  4.443s] [Startup] Firing PET_UI_UPDATE
[  4.445s] [Startup] Firing BAG_UPDATE_DELAYED
[  4.447s] [Startup] Firing QUEST_LOG_UPDATE
[  4.449s] [Startup] Firing GROUP_ROSTER_UPDATE
[  4.567s] [Startup] Firing ACTIONBAR_UPDATE_STATE
[  4.567s] [Startup] Firing ACTIONBAR_UPDATE_COOLDOWN
[  4.568s] [Startup] Firing UPDATE_BONUS_ACTIONBAR
[  4.584s] [Startup] Firing PLAYER_CAN_GLIDE_CHANGED
[  4.584s] [Startup] Firing PLAYER_IS_GLIDING_CHANGED
[  4.584s] [Startup] Firing UPDATE_BINDINGS
[  4.588s] [Startup] Firing UPDATE_CHAT_WINDOWS
[  4.591s] [Startup] Firing LFG_UPDATE_RANDOM_INFO
[  4.592s] [Startup] end post-login events in 151.61ms
[  4.592s] [Startup] begin close startup special windows
[  4.593s] [Startup] end close startup special windows in 322.30µs
[  4.593s] [Startup] begin FIRST_FRAME_RENDERED
[  4.593s] [Startup] Firing FIRST_FRAME_RENDERED
[  4.593s] [Startup] end FIRST_FRAME_RENDERED in 206.88µs
[  4.593s] [Startup] begin unblock hidden splash alerts
[  4.593s] [Startup] end unblock hidden splash alerts in 16.79µs
[  4.593s] [Startup] begin post-event workarounds
[  4.593s] [Startup] end post-event workarounds in 1.01µs
