
running 1 test
test patch_10_1_5_publication_sweep::patch_10_1_5_publication_sweep ... ok

test result: ok. 1 passed; 0 failed; 0 ignored; 0 measured; 10826 filtered out; finished in 4.89s

warning: iced-wgpu-patched/Cargo.toml: `lints.clippy.large-enum-variant` is deprecated in favor of `lints.clippy.large_enum_variant` and will not work in a future edition
warning: iced-wgpu-patched/Cargo.toml: `lints.clippy.map-entry` is deprecated in favor of `lints.clippy.map_entry` and will not work in a future edition
warning: iced-wgpu-patched/Cargo.toml: `lints.clippy.match-wildcard-for-single-variants` is deprecated in favor of `lints.clippy.match_wildcard_for_single_variants` and will not work in a future edition
warning: iced-wgpu-patched/Cargo.toml: `lints.clippy.redundant-closure-for-method-calls` is deprecated in favor of `lints.clippy.redundant_closure_for_method_calls` and will not work in a future edition
warning: iced-wgpu-patched/Cargo.toml: `lints.clippy.trivially-copy-pass-by-ref` is deprecated in favor of `lints.clippy.trivially_copy_pass_by_ref` and will not work in a future edition
warning: iced-wgpu-patched/Cargo.toml: `lints.clippy.type-complexity` is deprecated in favor of `lints.clippy.type_complexity` and will not work in a future edition
warning: `iced_wgpu` (manifest) generated 6 warnings
    Finished `test` profile [optimized + debuginfo] target(s) in 0.24s
     Running tests/integration.rs (target/debug/deps/integration-aef10a2b503e13d5)
[  0.000s] [Startup] WowLuaEnv::new begin
[  0.003s] [Startup] SimState::default complete in 2.66ms
[  0.003s] [Startup] rilua VM created in 157.57µs
[  0.003s] [Startup] builtin frames initialized in 95.48µs
[  0.003s] [Startup] template registry cleared in 6.93µs
[  0.003s] [Startup] intrinsic templates registered in 8.31µs
[  0.003s] [Startup] initial app_data lua handle installed in 581.00ns
[  0.212s] [Startup] init_lua_state complete in 209.05ms
[  0.212s] [Startup] final app_data lua handle installed in 210.00ns
[  0.212s] [Startup] initial screen globals installed in 134.37µs
[  0.212s] [Startup] WowLuaEnv::new complete
[  3.197s] [Startup] apply_post_load_workarounds: begin
[  3.197s] [Workarounds] starting patch_edit_mode_manager
[  3.197s] [Workarounds] finished patch_edit_mode_manager in 355.14µs
[  3.197s] [Workarounds] starting init_edit_mode_layout
[  3.197s] [EditMode] starting setup_layout_info
[  3.201s] [EditMode] finished setup_layout_info in 4.11ms
[  3.201s] [EditMode] starting apply_system_anchors
[  3.418s] [EditMode] finished apply_system_anchors in 216.20ms
[  3.418s] [EditMode] starting finalize_action_bar_positions
[  3.421s] [EditMode] finished finalize_action_bar_positions in 3.29ms
[  3.421s] [EditMode] starting invoke_anchor_changed_hooks
[  3.422s] [EditMode] finished invoke_anchor_changed_hooks in 695.13µs
[  3.422s] [EditMode] starting fix_action_bar_nan_size
[  3.422s] [EditMode] finished fix_action_bar_nan_size in 83.58µs
[  3.422s] [EditMode] starting fix_action_bar_scale
[  3.422s] [EditMode] finished fix_action_bar_scale in 8.20µs
[  3.422s] [Workarounds] finished init_edit_mode_layout in 224.45ms
[  3.422s] [Workarounds] starting patch_ui_parent_panel_toggles
[  3.422s] [Workarounds] finished patch_ui_parent_panel_toggles in 396.06µs
[  3.422s] [Workarounds] starting patch_uiparent_onupdate_worklists
[  3.422s] [Workarounds] finished patch_uiparent_onupdate_worklists in 176.31µs
[  3.422s] [Workarounds] starting init_chat_type_colors
[  3.422s] [Workarounds] finished init_chat_type_colors in 194.81µs
[  3.423s] [Workarounds] starting patch_chat_voice_button_surface
[  3.423s] [Workarounds] finished patch_chat_voice_button_surface in 219.48µs
[  3.423s] [Workarounds] starting patch_item_socketing_tooltips
[  3.423s] [Workarounds] finished patch_item_socketing_tooltips in 110.15µs
[  3.423s] [Workarounds] starting patch_character_select_selected_name
[  3.423s] [Workarounds] finished patch_character_select_selected_name in 56.78µs
[  3.423s] [Workarounds] starting patch_character_create_defaults
[  3.423s] [Workarounds] finished patch_character_create_defaults in 402.84µs
[  3.423s] [Workarounds] starting patch_character_frame_title_refresh
[  3.435s] [Workarounds] finished patch_character_frame_title_refresh in 11.76ms
[  3.435s] [Workarounds] starting patch_vignette_pin_template
[  3.435s] [Workarounds] finished patch_vignette_pin_template in 213.68µs
[  3.435s] [Workarounds] starting patch_fog_of_war_pin_mixin
[  3.436s] [Workarounds] finished patch_fog_of_war_pin_mixin in 516.77µs
[  3.436s] [Workarounds] starting patch_map_exploration_pin_mixin
[  3.447s] [Workarounds] finished patch_map_exploration_pin_mixin in 10.78ms
[  3.447s] [Workarounds] starting patch_map_canvas_data_provider_attachment
[  3.447s] [Workarounds] finished patch_map_canvas_data_provider_attachment in 182.02µs
[  3.447s] [Workarounds] starting ensure_adventure_map_frame_surface
[  3.448s] [Workarounds] finished ensure_adventure_map_frame_surface in 875.92µs
[  3.448s] [Workarounds] starting patch_action_bar_button_event_fanout
[  3.448s] [Workarounds] finished patch_action_bar_button_event_fanout in 216.26µs
[  3.448s] [Workarounds] starting patch_paging_controls_page_text
[  3.448s] [Workarounds] finished patch_paging_controls_page_text in 74.46µs
[  3.448s] [Workarounds] starting patch_talent_edge_frame_level_sync
[  3.448s] [Workarounds] finished patch_talent_edge_frame_level_sync in 51.91µs
[  3.448s] [Workarounds] starting patch_catalog_shop_product_card_defaults
[  3.448s] [Workarounds] finished patch_catalog_shop_product_card_defaults in 107.38µs
[  3.448s] [Workarounds] starting patch_game_time_defaults
[  3.448s] [Workarounds] finished patch_game_time_defaults in 12.55µs
[  3.448s] [Workarounds] starting patch_tooltip_nineslice_surface
[  3.448s] [Workarounds] finished patch_tooltip_nineslice_surface in 84.88µs
[  3.448s] [Workarounds] starting patch_container_frame_token_tracker
[  3.448s] [Workarounds] finished patch_container_frame_token_tracker in 71.16µs
[  3.448s] [Workarounds] starting patch_achievement_display_set_achievements
[  3.448s] [Workarounds] finished patch_achievement_display_set_achievements in 15.21µs
[  3.448s] [Workarounds] starting patch_housing_dashboard_preload
[  3.449s] [Workarounds] finished patch_housing_dashboard_preload in 294.85µs
[  3.449s] [Workarounds] starting patch_lfg_lock_list
[  3.449s] [Workarounds] finished patch_lfg_lock_list in 73.19µs
[  3.449s] [Workarounds] starting patch_auction_house_browse_results_event
[  3.449s] [Workarounds] finished patch_auction_house_browse_results_event in 141.38µs
[  3.449s] [Workarounds] starting patch_auction_house_search_context_aliases
[  3.449s] [Workarounds] finished patch_auction_house_search_context_aliases in 54.25µs
[  3.449s] [Workarounds] starting patch_auth_challenge_frame_parent
[  3.449s] [Workarounds] finished patch_auth_challenge_frame_parent in 124.56µs
[  3.449s] [Workarounds] starting patch_settings_surface_defaults
[  3.450s] [Workarounds] finished patch_settings_surface_defaults in 663.31µs
[  3.450s] [Workarounds] starting patch_settings_canvas_layout_visibility
[  3.450s] [Workarounds] finished patch_settings_canvas_layout_visibility in 230.21µs
[  3.450s] [Startup] apply_post_load_workarounds: workarounds complete
[  3.542s] [Startup] apply_post_load_workarounds: globals restored
[  3.543s] [Startup] apply_post_load_workarounds: patch 12.1 compatibility restored
[  3.543s] [Startup] apply_post_load_workarounds: seterrorhandler restored
[  3.702s] [Startup] begin login sequence
[  3.702s] [Startup] Firing ADDON_LOADED
[  3.702s] [Startup] Firing VARIABLES_LOADED
[  3.820s] [Startup] Firing DISPLAY_SIZE_CHANGED
[  3.872s] [Startup] Firing UI_SCALE_CHANGED
[  3.873s] [Startup] Firing PLAYER_LOGIN
[  3.874s] [Startup] end login sequence in 171.79ms
[  3.874s] [Startup] begin world enter sequence
[  3.874s] [Startup] Skipping EDIT_MODE_LAYOUTS_UPDATED
[  3.874s] [Startup] Firing TIME_PLAYED_MSG via RequestTimePlayed
[  3.874s] [Startup] Firing PLAYER_ENTERING_WORLD
[  4.208s] [EditMode] starting setup_layout_info
[  4.213s] [EditMode] finished setup_layout_info in 5.11ms
[  4.213s] [EditMode] starting apply_system_anchors
[  4.379s] [EditMode] finished apply_system_anchors in 165.91ms
[  4.379s] [EditMode] starting finalize_action_bar_positions
[  4.383s] [EditMode] finished finalize_action_bar_positions in 3.34ms
[  4.383s] [EditMode] starting invoke_anchor_changed_hooks
[  4.390s] [EditMode] finished invoke_anchor_changed_hooks in 7.19ms
[  4.390s] [EditMode] starting fix_action_bar_nan_size
[  4.390s] [EditMode] finished fix_action_bar_nan_size in 92.31µs
[  4.390s] [EditMode] starting fix_action_bar_scale
[  4.390s] [EditMode] finished fix_action_bar_scale in 5.46µs
[  4.390s] [EditMode] starting reapply_player_frame_anchor
[  4.392s] [EditMode] finished reapply_player_frame_anchor in 1.63ms
[  4.407s] [Startup] end world enter sequence in 533.15ms
[  4.407s] [Startup] begin post-login events
[  4.408s] [Startup] Firing UNIT_AURA
[  4.410s] [Startup] Firing PET_UI_UPDATE
[  4.413s] [Startup] Firing BAG_UPDATE_DELAYED
[  4.416s] [Startup] Firing QUEST_LOG_UPDATE
[  4.417s] [Startup] Firing GROUP_ROSTER_UPDATE
[  4.535s] [Startup] Firing ACTIONBAR_UPDATE_STATE
[  4.535s] [Startup] Firing ACTIONBAR_UPDATE_COOLDOWN
[  4.536s] [Startup] Firing UPDATE_BONUS_ACTIONBAR
[  4.550s] [Startup] Firing PLAYER_CAN_GLIDE_CHANGED
[  4.550s] [Startup] Firing PLAYER_IS_GLIDING_CHANGED
[  4.550s] [Startup] Firing UPDATE_BINDINGS
[  4.554s] [Startup] Firing UPDATE_CHAT_WINDOWS
[  4.557s] [Startup] Firing LFG_UPDATE_RANDOM_INFO
[  4.559s] [Startup] end post-login events in 151.84ms
[  4.559s] [Startup] begin close startup special windows
[  4.559s] [Startup] end close startup special windows in 328.51µs
[  4.559s] [Startup] begin FIRST_FRAME_RENDERED
[  4.559s] [Startup] Firing FIRST_FRAME_RENDERED
[  4.559s] [Startup] end FIRST_FRAME_RENDERED in 208.03µs
[  4.559s] [Startup] begin unblock hidden splash alerts
[  4.559s] [Startup] end unblock hidden splash alerts in 20.85µs
[  4.559s] [Startup] begin post-event workarounds
[  4.559s] [Startup] end post-event workarounds in 1.41µs
CVar default mismatch wt-cvars-wmoPortalInteriorFade-168: page=Some("0"), observed=Some("1")
