
running 1 test
test patch_10_2_5_publication_sweep::patch_10_2_5_publication_sweep ... ok

test result: ok. 1 passed; 0 failed; 0 ignored; 0 measured; 10826 filtered out; finished in 5.39s

warning: iced-wgpu-patched/Cargo.toml: `lints.clippy.large-enum-variant` is deprecated in favor of `lints.clippy.large_enum_variant` and will not work in a future edition
warning: iced-wgpu-patched/Cargo.toml: `lints.clippy.map-entry` is deprecated in favor of `lints.clippy.map_entry` and will not work in a future edition
warning: iced-wgpu-patched/Cargo.toml: `lints.clippy.match-wildcard-for-single-variants` is deprecated in favor of `lints.clippy.match_wildcard_for_single_variants` and will not work in a future edition
warning: iced-wgpu-patched/Cargo.toml: `lints.clippy.redundant-closure-for-method-calls` is deprecated in favor of `lints.clippy.redundant_closure_for_method_calls` and will not work in a future edition
warning: iced-wgpu-patched/Cargo.toml: `lints.clippy.trivially-copy-pass-by-ref` is deprecated in favor of `lints.clippy.trivially_copy_pass_by_ref` and will not work in a future edition
warning: iced-wgpu-patched/Cargo.toml: `lints.clippy.type-complexity` is deprecated in favor of `lints.clippy.type_complexity` and will not work in a future edition
warning: `iced_wgpu` (manifest) generated 6 warnings
    Finished `test` profile [optimized + debuginfo] target(s) in 0.33s
     Running tests/integration.rs (target/debug/deps/integration-aef10a2b503e13d5)
[  0.000s] [Startup] WowLuaEnv::new begin
[  0.003s] [Startup] SimState::default complete in 2.79ms
[  0.003s] [Startup] rilua VM created in 166.41µs
[  0.003s] [Startup] builtin frames initialized in 106.51µs
[  0.003s] [Startup] template registry cleared in 7.62µs
[  0.003s] [Startup] intrinsic templates registered in 9.56µs
[  0.003s] [Startup] initial app_data lua handle installed in 671.00ns
[  0.231s] [Startup] init_lua_state complete in 227.82ms
[  0.231s] [Startup] final app_data lua handle installed in 461.00ns
[  0.231s] [Startup] initial screen globals installed in 168.93µs
[  0.231s] [Startup] WowLuaEnv::new complete
[  3.586s] [Startup] apply_post_load_workarounds: begin
[  3.586s] [Workarounds] starting patch_edit_mode_manager
[  3.586s] [Workarounds] finished patch_edit_mode_manager in 361.22µs
[  3.586s] [Workarounds] starting init_edit_mode_layout
[  3.586s] [EditMode] starting setup_layout_info
[  3.591s] [EditMode] finished setup_layout_info in 4.83ms
[  3.591s] [EditMode] starting apply_system_anchors
[  3.778s] [EditMode] finished apply_system_anchors in 186.91ms
[  3.778s] [EditMode] starting finalize_action_bar_positions
[  3.780s] [EditMode] finished finalize_action_bar_positions in 2.48ms
[  3.780s] [EditMode] starting invoke_anchor_changed_hooks
[  3.781s] [EditMode] finished invoke_anchor_changed_hooks in 529.62µs
[  3.781s] [EditMode] starting fix_action_bar_nan_size
[  3.781s] [EditMode] finished fix_action_bar_nan_size in 64.76µs
[  3.781s] [EditMode] starting fix_action_bar_scale
[  3.781s] [EditMode] finished fix_action_bar_scale in 7.42µs
[  3.781s] [Workarounds] finished init_edit_mode_layout in 194.87ms
[  3.781s] [Workarounds] starting patch_ui_parent_panel_toggles
[  3.781s] [Workarounds] finished patch_ui_parent_panel_toggles in 303.95µs
[  3.781s] [Workarounds] starting patch_uiparent_onupdate_worklists
[  3.781s] [Workarounds] finished patch_uiparent_onupdate_worklists in 138.88µs
[  3.781s] [Workarounds] starting init_chat_type_colors
[  3.781s] [Workarounds] finished init_chat_type_colors in 144.08µs
[  3.781s] [Workarounds] starting patch_chat_voice_button_surface
[  3.782s] [Workarounds] finished patch_chat_voice_button_surface in 168.64µs
[  3.782s] [Workarounds] starting patch_item_socketing_tooltips
[  3.782s] [Workarounds] finished patch_item_socketing_tooltips in 79.85µs
[  3.782s] [Workarounds] starting patch_character_select_selected_name
[  3.782s] [Workarounds] finished patch_character_select_selected_name in 44.49µs
[  3.782s] [Workarounds] starting patch_character_create_defaults
[  3.782s] [Workarounds] finished patch_character_create_defaults in 294.23µs
[  3.782s] [Workarounds] starting patch_character_frame_title_refresh
[  3.789s] [Workarounds] finished patch_character_frame_title_refresh in 7.33ms
[  3.789s] [Workarounds] starting patch_vignette_pin_template
[  3.789s] [Workarounds] finished patch_vignette_pin_template in 151.63µs
[  3.789s] [Workarounds] starting patch_fog_of_war_pin_mixin
[  3.790s] [Workarounds] finished patch_fog_of_war_pin_mixin in 361.37µs
[  3.790s] [Workarounds] starting patch_map_exploration_pin_mixin
[  3.797s] [Workarounds] finished patch_map_exploration_pin_mixin in 7.47ms
[  3.797s] [Workarounds] starting patch_map_canvas_data_provider_attachment
[  3.797s] [Workarounds] finished patch_map_canvas_data_provider_attachment in 121.96µs
[  3.797s] [Workarounds] starting ensure_adventure_map_frame_surface
[  3.798s] [Workarounds] finished ensure_adventure_map_frame_surface in 610.18µs
[  3.798s] [Workarounds] starting patch_action_bar_button_event_fanout
[  3.798s] [Workarounds] finished patch_action_bar_button_event_fanout in 146.48µs
[  3.798s] [Workarounds] starting patch_paging_controls_page_text
[  3.798s] [Workarounds] finished patch_paging_controls_page_text in 57.27µs
[  3.798s] [Workarounds] starting patch_talent_edge_frame_level_sync
[  3.798s] [Workarounds] finished patch_talent_edge_frame_level_sync in 44.52µs
[  3.798s] [Workarounds] starting patch_catalog_shop_product_card_defaults
[  3.798s] [Workarounds] finished patch_catalog_shop_product_card_defaults in 85.37µs
[  3.798s] [Workarounds] starting patch_game_time_defaults
[  3.798s] [Workarounds] finished patch_game_time_defaults in 11.24µs
[  3.798s] [Workarounds] starting patch_tooltip_nineslice_surface
[  3.798s] [Workarounds] finished patch_tooltip_nineslice_surface in 60.53µs
[  3.798s] [Workarounds] starting patch_container_frame_token_tracker
[  3.799s] [Workarounds] finished patch_container_frame_token_tracker in 56.71µs
[  3.799s] [Workarounds] starting patch_achievement_display_set_achievements
[  3.799s] [Workarounds] finished patch_achievement_display_set_achievements in 14.21µs
[  3.799s] [Workarounds] starting patch_housing_dashboard_preload
[  3.799s] [Workarounds] finished patch_housing_dashboard_preload in 212.62µs
[  3.799s] [Workarounds] starting patch_lfg_lock_list
[  3.799s] [Workarounds] finished patch_lfg_lock_list in 51.84µs
[  3.799s] [Workarounds] starting patch_auction_house_browse_results_event
[  3.799s] [Workarounds] finished patch_auction_house_browse_results_event in 88.49µs
[  3.799s] [Workarounds] starting patch_auction_house_search_context_aliases
[  3.799s] [Workarounds] finished patch_auction_house_search_context_aliases in 42.10µs
[  3.799s] [Workarounds] starting patch_auth_challenge_frame_parent
[  3.799s] [Workarounds] finished patch_auth_challenge_frame_parent in 91.22µs
[  3.799s] [Workarounds] starting patch_settings_surface_defaults
[  3.800s] [Workarounds] finished patch_settings_surface_defaults in 461.51µs
[  3.800s] [Workarounds] starting patch_settings_canvas_layout_visibility
[  3.800s] [Workarounds] finished patch_settings_canvas_layout_visibility in 148.64µs
[  3.800s] [Startup] apply_post_load_workarounds: workarounds complete
[  3.893s] [Startup] apply_post_load_workarounds: globals restored
[  3.894s] [Startup] apply_post_load_workarounds: patch 12.1 compatibility restored
[  3.894s] [Startup] apply_post_load_workarounds: seterrorhandler restored
[  4.124s] [Startup] begin login sequence
[  4.124s] [Startup] Firing ADDON_LOADED
[  4.124s] [Startup] Firing VARIABLES_LOADED
[  4.307s] [Startup] Firing DISPLAY_SIZE_CHANGED
[  4.380s] [Startup] Firing UI_SCALE_CHANGED
[  4.382s] [Startup] Firing PLAYER_LOGIN
[  4.382s] [Startup] end login sequence in 258.19ms
[  4.382s] [Startup] begin world enter sequence
[  4.382s] [Startup] Skipping EDIT_MODE_LAYOUTS_UPDATED
[  4.382s] [Startup] Firing TIME_PLAYED_MSG via RequestTimePlayed
[  4.382s] [Startup] Firing PLAYER_ENTERING_WORLD
[  4.718s] [EditMode] starting setup_layout_info
[  4.723s] [EditMode] finished setup_layout_info in 5.32ms
[  4.723s] [EditMode] starting apply_system_anchors
[  4.896s] [EditMode] finished apply_system_anchors in 172.97ms
[  4.896s] [EditMode] starting finalize_action_bar_positions
[  4.899s] [EditMode] finished finalize_action_bar_positions in 3.33ms
[  4.899s] [EditMode] starting invoke_anchor_changed_hooks
[  4.907s] [EditMode] finished invoke_anchor_changed_hooks in 7.07ms
[  4.907s] [EditMode] starting fix_action_bar_nan_size
[  4.907s] [EditMode] finished fix_action_bar_nan_size in 92.12µs
[  4.907s] [EditMode] starting fix_action_bar_scale
[  4.907s] [EditMode] finished fix_action_bar_scale in 5.67µs
[  4.907s] [EditMode] starting reapply_player_frame_anchor
[  4.908s] [EditMode] finished reapply_player_frame_anchor in 1.68ms
[  4.920s] [Startup] end world enter sequence in 537.90ms
[  4.920s] [Startup] begin post-login events
[  4.921s] [Startup] Firing UNIT_AURA
[  4.922s] [Startup] Firing PET_UI_UPDATE
[  4.924s] [Startup] Firing BAG_UPDATE_DELAYED
[  4.926s] [Startup] Firing QUEST_LOG_UPDATE
[  4.928s] [Startup] Firing GROUP_ROSTER_UPDATE
[  5.052s] [Startup] Firing ACTIONBAR_UPDATE_STATE
[  5.052s] [Startup] Firing ACTIONBAR_UPDATE_COOLDOWN
[  5.053s] [Startup] Firing UPDATE_BONUS_ACTIONBAR
[  5.071s] [Startup] Firing PLAYER_CAN_GLIDE_CHANGED
[  5.071s] [Startup] Firing PLAYER_IS_GLIDING_CHANGED
[  5.071s] [Startup] Firing UPDATE_BINDINGS
[  5.075s] [Startup] Firing UPDATE_CHAT_WINDOWS
[  5.078s] [Startup] Firing LFG_UPDATE_RANDOM_INFO
[  5.079s] [Startup] end post-login events in 159.79ms
[  5.079s] [Startup] begin close startup special windows
[  5.080s] [Startup] end close startup special windows in 349.57µs
[  5.080s] [Startup] begin FIRST_FRAME_RENDERED
[  5.080s] [Startup] Firing FIRST_FRAME_RENDERED
[  5.080s] [Startup] end FIRST_FRAME_RENDERED in 223.92µs
[  5.080s] [Startup] begin unblock hidden splash alerts
[  5.080s] [Startup] end unblock hidden splash alerts in 22.07µs
[  5.080s] [Startup] begin post-event workarounds
[  5.080s] [Startup] end post-event workarounds in 1.40µs
