
running 1 test
test patch_10_2_7_publication_sweep::patch_10_2_7_publication_sweep ... ok

test result: ok. 1 passed; 0 failed; 0 ignored; 0 measured; 10826 filtered out; finished in 4.98s

warning: iced-wgpu-patched/Cargo.toml: `lints.clippy.large-enum-variant` is deprecated in favor of `lints.clippy.large_enum_variant` and will not work in a future edition
warning: iced-wgpu-patched/Cargo.toml: `lints.clippy.map-entry` is deprecated in favor of `lints.clippy.map_entry` and will not work in a future edition
warning: iced-wgpu-patched/Cargo.toml: `lints.clippy.match-wildcard-for-single-variants` is deprecated in favor of `lints.clippy.match_wildcard_for_single_variants` and will not work in a future edition
warning: iced-wgpu-patched/Cargo.toml: `lints.clippy.redundant-closure-for-method-calls` is deprecated in favor of `lints.clippy.redundant_closure_for_method_calls` and will not work in a future edition
warning: iced-wgpu-patched/Cargo.toml: `lints.clippy.trivially-copy-pass-by-ref` is deprecated in favor of `lints.clippy.trivially_copy_pass_by_ref` and will not work in a future edition
warning: iced-wgpu-patched/Cargo.toml: `lints.clippy.type-complexity` is deprecated in favor of `lints.clippy.type_complexity` and will not work in a future edition
warning: `iced_wgpu` (manifest) generated 6 warnings
    Finished `test` profile [optimized + debuginfo] target(s) in 0.29s
     Running tests/integration.rs (target/debug/deps/integration-aef10a2b503e13d5)
[  0.000s] [Startup] WowLuaEnv::new begin
[  0.003s] [Startup] SimState::default complete in 2.82ms
[  0.003s] [Startup] rilua VM created in 163.26µs
[  0.003s] [Startup] builtin frames initialized in 106.43µs
[  0.003s] [Startup] template registry cleared in 5.49µs
[  0.003s] [Startup] intrinsic templates registered in 9.02µs
[  0.003s] [Startup] initial app_data lua handle installed in 672.00ns
[  0.242s] [Startup] init_lua_state complete in 239.18ms
[  0.242s] [Startup] final app_data lua handle installed in 380.00ns
[  0.243s] [Startup] initial screen globals installed in 165.07µs
[  0.243s] [Startup] WowLuaEnv::new complete
[  3.331s] [Startup] apply_post_load_workarounds: begin
[  3.331s] [Workarounds] starting patch_edit_mode_manager
[  3.331s] [Workarounds] finished patch_edit_mode_manager in 354.60µs
[  3.331s] [Workarounds] starting init_edit_mode_layout
[  3.331s] [EditMode] starting setup_layout_info
[  3.335s] [EditMode] finished setup_layout_info in 4.06ms
[  3.335s] [EditMode] starting apply_system_anchors
[  3.509s] [EditMode] finished apply_system_anchors in 173.06ms
[  3.509s] [EditMode] starting finalize_action_bar_positions
[  3.511s] [EditMode] finished finalize_action_bar_positions in 2.37ms
[  3.511s] [EditMode] starting invoke_anchor_changed_hooks
[  3.511s] [EditMode] finished invoke_anchor_changed_hooks in 508.80µs
[  3.511s] [EditMode] starting fix_action_bar_nan_size
[  3.512s] [EditMode] finished fix_action_bar_nan_size in 58.28µs
[  3.512s] [EditMode] starting fix_action_bar_scale
[  3.512s] [EditMode] finished fix_action_bar_scale in 5.67µs
[  3.512s] [Workarounds] finished init_edit_mode_layout in 180.11ms
[  3.512s] [Workarounds] starting patch_ui_parent_panel_toggles
[  3.512s] [Workarounds] finished patch_ui_parent_panel_toggles in 281.45µs
[  3.512s] [Workarounds] starting patch_uiparent_onupdate_worklists
[  3.512s] [Workarounds] finished patch_uiparent_onupdate_worklists in 117.71µs
[  3.512s] [Workarounds] starting init_chat_type_colors
[  3.512s] [Workarounds] finished init_chat_type_colors in 132.79µs
[  3.512s] [Workarounds] starting patch_chat_voice_button_surface
[  3.512s] [Workarounds] finished patch_chat_voice_button_surface in 153.12µs
[  3.512s] [Workarounds] starting patch_item_socketing_tooltips
[  3.512s] [Workarounds] finished patch_item_socketing_tooltips in 69.87µs
[  3.512s] [Workarounds] starting patch_character_select_selected_name
[  3.512s] [Workarounds] finished patch_character_select_selected_name in 37.02µs
[  3.512s] [Workarounds] starting patch_character_create_defaults
[  3.513s] [Workarounds] finished patch_character_create_defaults in 277.03µs
[  3.513s] [Workarounds] starting patch_character_frame_title_refresh
[  3.520s] [Workarounds] finished patch_character_frame_title_refresh in 6.93ms
[  3.520s] [Workarounds] starting patch_vignette_pin_template
[  3.520s] [Workarounds] finished patch_vignette_pin_template in 136.71µs
[  3.520s] [Workarounds] starting patch_fog_of_war_pin_mixin
[  3.520s] [Workarounds] finished patch_fog_of_war_pin_mixin in 332.49µs
[  3.520s] [Workarounds] starting patch_map_exploration_pin_mixin
[  3.527s] [Workarounds] finished patch_map_exploration_pin_mixin in 7.24ms
[  3.527s] [Workarounds] starting patch_map_canvas_data_provider_attachment
[  3.527s] [Workarounds] finished patch_map_canvas_data_provider_attachment in 111.86µs
[  3.527s] [Workarounds] starting ensure_adventure_map_frame_surface
[  3.528s] [Workarounds] finished ensure_adventure_map_frame_surface in 572.06µs
[  3.528s] [Workarounds] starting patch_action_bar_button_event_fanout
[  3.528s] [Workarounds] finished patch_action_bar_button_event_fanout in 133.39µs
[  3.528s] [Workarounds] starting patch_paging_controls_page_text
[  3.528s] [Workarounds] finished patch_paging_controls_page_text in 47.55µs
[  3.528s] [Workarounds] starting patch_talent_edge_frame_level_sync
[  3.528s] [Workarounds] finished patch_talent_edge_frame_level_sync in 35.67µs
[  3.528s] [Workarounds] starting patch_catalog_shop_product_card_defaults
[  3.528s] [Workarounds] finished patch_catalog_shop_product_card_defaults in 73.17µs
[  3.528s] [Workarounds] starting patch_game_time_defaults
[  3.528s] [Workarounds] finished patch_game_time_defaults in 8.04µs
[  3.528s] [Workarounds] starting patch_tooltip_nineslice_surface
[  3.528s] [Workarounds] finished patch_tooltip_nineslice_surface in 49.52µs
[  3.528s] [Workarounds] starting patch_container_frame_token_tracker
[  3.528s] [Workarounds] finished patch_container_frame_token_tracker in 53.35µs
[  3.528s] [Workarounds] starting patch_achievement_display_set_achievements
[  3.528s] [Workarounds] finished patch_achievement_display_set_achievements in 9.77µs
[  3.528s] [Workarounds] starting patch_housing_dashboard_preload
[  3.529s] [Workarounds] finished patch_housing_dashboard_preload in 198.48µs
[  3.529s] [Workarounds] starting patch_lfg_lock_list
[  3.529s] [Workarounds] finished patch_lfg_lock_list in 44.91µs
[  3.529s] [Workarounds] starting patch_auction_house_browse_results_event
[  3.529s] [Workarounds] finished patch_auction_house_browse_results_event in 77.10µs
[  3.529s] [Workarounds] starting patch_auction_house_search_context_aliases
[  3.529s] [Workarounds] finished patch_auction_house_search_context_aliases in 33.57µs
[  3.529s] [Workarounds] starting patch_auth_challenge_frame_parent
[  3.529s] [Workarounds] finished patch_auth_challenge_frame_parent in 83.90µs
[  3.529s] [Workarounds] starting patch_settings_surface_defaults
[  3.529s] [Workarounds] finished patch_settings_surface_defaults in 419.78µs
[  3.529s] [Workarounds] starting patch_settings_canvas_layout_visibility
[  3.529s] [Workarounds] finished patch_settings_canvas_layout_visibility in 136.72µs
[  3.529s] [Startup] apply_post_load_workarounds: workarounds complete
[  3.615s] [Startup] apply_post_load_workarounds: globals restored
[  3.616s] [Startup] apply_post_load_workarounds: patch 12.1 compatibility restored
[  3.616s] [Startup] apply_post_load_workarounds: seterrorhandler restored
[  3.780s] [Startup] begin login sequence
[  3.780s] [Startup] Firing ADDON_LOADED
[  3.780s] [Startup] Firing VARIABLES_LOADED
[  3.904s] [Startup] Firing DISPLAY_SIZE_CHANGED
[  3.956s] [Startup] Firing UI_SCALE_CHANGED
[  3.957s] [Startup] Firing PLAYER_LOGIN
[  3.957s] [Startup] end login sequence in 176.78ms
[  3.957s] [Startup] begin world enter sequence
[  3.957s] [Startup] Skipping EDIT_MODE_LAYOUTS_UPDATED
[  3.957s] [Startup] Firing TIME_PLAYED_MSG via RequestTimePlayed
[  3.957s] [Startup] Firing PLAYER_ENTERING_WORLD
[  4.270s] [EditMode] starting setup_layout_info
[  4.276s] [EditMode] finished setup_layout_info in 5.29ms
[  4.276s] [EditMode] starting apply_system_anchors
[  4.453s] [EditMode] finished apply_system_anchors in 177.06ms
[  4.453s] [EditMode] starting finalize_action_bar_positions
[  4.457s] [EditMode] finished finalize_action_bar_positions in 3.78ms
[  4.457s] [EditMode] starting invoke_anchor_changed_hooks
[  4.464s] [EditMode] finished invoke_anchor_changed_hooks in 7.81ms
[  4.464s] [EditMode] starting fix_action_bar_nan_size
[  4.465s] [EditMode] finished fix_action_bar_nan_size in 108.38µs
[  4.465s] [EditMode] starting fix_action_bar_scale
[  4.465s] [EditMode] finished fix_action_bar_scale in 6.36µs
[  4.465s] [EditMode] starting reapply_player_frame_anchor
[  4.466s] [EditMode] finished reapply_player_frame_anchor in 1.81ms
[  4.477s] [Startup] end world enter sequence in 520.40ms
[  4.477s] [Startup] begin post-login events
[  4.479s] [Startup] Firing UNIT_AURA
[  4.480s] [Startup] Firing PET_UI_UPDATE
[  4.482s] [Startup] Firing BAG_UPDATE_DELAYED
[  4.484s] [Startup] Firing QUEST_LOG_UPDATE
[  4.486s] [Startup] Firing GROUP_ROSTER_UPDATE
[  4.612s] [Startup] Firing ACTIONBAR_UPDATE_STATE
[  4.612s] [Startup] Firing ACTIONBAR_UPDATE_COOLDOWN
[  4.613s] [Startup] Firing UPDATE_BONUS_ACTIONBAR
[  4.632s] [Startup] Firing PLAYER_CAN_GLIDE_CHANGED
[  4.632s] [Startup] Firing PLAYER_IS_GLIDING_CHANGED
[  4.632s] [Startup] Firing UPDATE_BINDINGS
[  4.636s] [Startup] Firing UPDATE_CHAT_WINDOWS
[  4.640s] [Startup] Firing LFG_UPDATE_RANDOM_INFO
[  4.641s] [Startup] end post-login events in 163.37ms
[  4.641s] [Startup] begin close startup special windows
[  4.641s] [Startup] end close startup special windows in 361.33µs
[  4.641s] [Startup] begin FIRST_FRAME_RENDERED
[  4.641s] [Startup] Firing FIRST_FRAME_RENDERED
[  4.641s] [Startup] end FIRST_FRAME_RENDERED in 227.40µs
[  4.641s] [Startup] begin unblock hidden splash alerts
[  4.641s] [Startup] end unblock hidden splash alerts in 23.46µs
[  4.641s] [Startup] begin post-event workarounds
[  4.641s] [Startup] end post-event workarounds in 1.69µs
