
running 1 test
test patch_11_0_7_publication_sweep::patch_11_0_7_publication_sweep ... ok

test result: ok. 1 passed; 0 failed; 0 ignored; 0 measured; 10826 filtered out; finished in 4.95s

warning: iced-wgpu-patched/Cargo.toml: `lints.clippy.large-enum-variant` is deprecated in favor of `lints.clippy.large_enum_variant` and will not work in a future edition
warning: iced-wgpu-patched/Cargo.toml: `lints.clippy.map-entry` is deprecated in favor of `lints.clippy.map_entry` and will not work in a future edition
warning: iced-wgpu-patched/Cargo.toml: `lints.clippy.match-wildcard-for-single-variants` is deprecated in favor of `lints.clippy.match_wildcard_for_single_variants` and will not work in a future edition
warning: iced-wgpu-patched/Cargo.toml: `lints.clippy.redundant-closure-for-method-calls` is deprecated in favor of `lints.clippy.redundant_closure_for_method_calls` and will not work in a future edition
warning: iced-wgpu-patched/Cargo.toml: `lints.clippy.trivially-copy-pass-by-ref` is deprecated in favor of `lints.clippy.trivially_copy_pass_by_ref` and will not work in a future edition
warning: iced-wgpu-patched/Cargo.toml: `lints.clippy.type-complexity` is deprecated in favor of `lints.clippy.type_complexity` and will not work in a future edition
warning: `iced_wgpu` (manifest) generated 6 warnings
    Finished `test` profile [optimized + debuginfo] target(s) in 0.25s
     Running tests/integration.rs (target/debug/deps/integration-aef10a2b503e13d5)
[  0.000s] [Startup] WowLuaEnv::new begin
[  0.003s] [Startup] SimState::default complete in 2.87ms
[  0.003s] [Startup] rilua VM created in 158.05µs
[  0.003s] [Startup] builtin frames initialized in 101.54µs
[  0.003s] [Startup] template registry cleared in 6.56µs
[  0.003s] [Startup] intrinsic templates registered in 8.88µs
[  0.003s] [Startup] initial app_data lua handle installed in 671.00ns
[  0.190s] [Startup] init_lua_state complete in 187.00ms
[  0.190s] [Startup] final app_data lua handle installed in 440.00ns
[  0.190s] [Startup] initial screen globals installed in 147.75µs
[  0.190s] [Startup] WowLuaEnv::new complete
[  3.297s] [Startup] apply_post_load_workarounds: begin
[  3.297s] [Workarounds] starting patch_edit_mode_manager
[  3.298s] [Workarounds] finished patch_edit_mode_manager in 557.05µs
[  3.298s] [Workarounds] starting init_edit_mode_layout
[  3.298s] [EditMode] starting setup_layout_info
[  3.304s] [EditMode] finished setup_layout_info in 6.56ms
[  3.304s] [EditMode] starting apply_system_anchors
[  3.487s] [EditMode] finished apply_system_anchors in 182.65ms
[  3.487s] [EditMode] starting finalize_action_bar_positions
[  3.489s] [EditMode] finished finalize_action_bar_positions in 2.20ms
[  3.489s] [EditMode] starting invoke_anchor_changed_hooks
[  3.489s] [EditMode] finished invoke_anchor_changed_hooks in 484.74µs
[  3.489s] [EditMode] starting fix_action_bar_nan_size
[  3.490s] [EditMode] finished fix_action_bar_nan_size in 58.58µs
[  3.490s] [EditMode] starting fix_action_bar_scale
[  3.490s] [EditMode] finished fix_action_bar_scale in 6.90µs
[  3.490s] [Workarounds] finished init_edit_mode_layout in 192.01ms
[  3.490s] [Workarounds] starting patch_ui_parent_panel_toggles
[  3.490s] [Workarounds] finished patch_ui_parent_panel_toggles in 284.14µs
[  3.490s] [Workarounds] starting patch_uiparent_onupdate_worklists
[  3.490s] [Workarounds] finished patch_uiparent_onupdate_worklists in 121.03µs
[  3.490s] [Workarounds] starting init_chat_type_colors
[  3.490s] [Workarounds] finished init_chat_type_colors in 134.18µs
[  3.490s] [Workarounds] starting patch_chat_voice_button_surface
[  3.490s] [Workarounds] finished patch_chat_voice_button_surface in 161.20µs
[  3.490s] [Workarounds] starting patch_item_socketing_tooltips
[  3.490s] [Workarounds] finished patch_item_socketing_tooltips in 74.50µs
[  3.490s] [Workarounds] starting patch_character_select_selected_name
[  3.490s] [Workarounds] finished patch_character_select_selected_name in 40.62µs
[  3.490s] [Workarounds] starting patch_character_create_defaults
[  3.491s] [Workarounds] finished patch_character_create_defaults in 266.02µs
[  3.491s] [Workarounds] starting patch_character_frame_title_refresh
[  3.497s] [Workarounds] finished patch_character_frame_title_refresh in 6.67ms
[  3.497s] [Workarounds] starting patch_vignette_pin_template
[  3.497s] [Workarounds] finished patch_vignette_pin_template in 133.53µs
[  3.497s] [Workarounds] starting patch_fog_of_war_pin_mixin
[  3.498s] [Workarounds] finished patch_fog_of_war_pin_mixin in 357.87µs
[  3.498s] [Workarounds] starting patch_map_exploration_pin_mixin
[  3.505s] [Workarounds] finished patch_map_exploration_pin_mixin in 6.81ms
[  3.505s] [Workarounds] starting patch_map_canvas_data_provider_attachment
[  3.505s] [Workarounds] finished patch_map_canvas_data_provider_attachment in 127.24µs
[  3.505s] [Workarounds] starting ensure_adventure_map_frame_surface
[  3.505s] [Workarounds] finished ensure_adventure_map_frame_surface in 557.83µs
[  3.505s] [Workarounds] starting patch_action_bar_button_event_fanout
[  3.505s] [Workarounds] finished patch_action_bar_button_event_fanout in 129.23µs
[  3.505s] [Workarounds] starting patch_paging_controls_page_text
[  3.506s] [Workarounds] finished patch_paging_controls_page_text in 50.44µs
[  3.506s] [Workarounds] starting patch_talent_edge_frame_level_sync
[  3.506s] [Workarounds] finished patch_talent_edge_frame_level_sync in 39.68µs
[  3.506s] [Workarounds] starting patch_catalog_shop_product_card_defaults
[  3.506s] [Workarounds] finished patch_catalog_shop_product_card_defaults in 75.79µs
[  3.506s] [Workarounds] starting patch_game_time_defaults
[  3.506s] [Workarounds] finished patch_game_time_defaults in 11.84µs
[  3.506s] [Workarounds] starting patch_tooltip_nineslice_surface
[  3.506s] [Workarounds] finished patch_tooltip_nineslice_surface in 56.28µs
[  3.506s] [Workarounds] starting patch_container_frame_token_tracker
[  3.506s] [Workarounds] finished patch_container_frame_token_tracker in 52.64µs
[  3.506s] [Workarounds] starting patch_achievement_display_set_achievements
[  3.506s] [Workarounds] finished patch_achievement_display_set_achievements in 12.71µs
[  3.506s] [Workarounds] starting patch_housing_dashboard_preload
[  3.506s] [Workarounds] finished patch_housing_dashboard_preload in 197.42µs
[  3.506s] [Workarounds] starting patch_lfg_lock_list
[  3.506s] [Workarounds] finished patch_lfg_lock_list in 48.59µs
[  3.506s] [Workarounds] starting patch_auction_house_browse_results_event
[  3.506s] [Workarounds] finished patch_auction_house_browse_results_event in 81.63µs
[  3.506s] [Workarounds] starting patch_auction_house_search_context_aliases
[  3.506s] [Workarounds] finished patch_auction_house_search_context_aliases in 38.75µs
[  3.506s] [Workarounds] starting patch_auth_challenge_frame_parent
[  3.506s] [Workarounds] finished patch_auth_challenge_frame_parent in 82.38µs
[  3.506s] [Workarounds] starting patch_settings_surface_defaults
[  3.507s] [Workarounds] finished patch_settings_surface_defaults in 426.77µs
[  3.507s] [Workarounds] starting patch_settings_canvas_layout_visibility
[  3.507s] [Workarounds] finished patch_settings_canvas_layout_visibility in 136.91µs
[  3.507s] [Startup] apply_post_load_workarounds: workarounds complete
[  3.593s] [Startup] apply_post_load_workarounds: globals restored
[  3.593s] [Startup] apply_post_load_workarounds: patch 12.1 compatibility restored
[  3.593s] [Startup] apply_post_load_workarounds: seterrorhandler restored
[  3.765s] [Startup] begin login sequence
[  3.765s] [Startup] Firing ADDON_LOADED
[  3.765s] [Startup] Firing VARIABLES_LOADED
[  3.884s] [Startup] Firing DISPLAY_SIZE_CHANGED
[  3.936s] [Startup] Firing UI_SCALE_CHANGED
[  3.937s] [Startup] Firing PLAYER_LOGIN
[  3.937s] [Startup] end login sequence in 172.42ms
[  3.937s] [Startup] begin world enter sequence
[  3.937s] [Startup] Skipping EDIT_MODE_LAYOUTS_UPDATED
[  3.937s] [Startup] Firing TIME_PLAYED_MSG via RequestTimePlayed
[  3.937s] [Startup] Firing PLAYER_ENTERING_WORLD
[  4.242s] [EditMode] starting setup_layout_info
[  4.247s] [EditMode] finished setup_layout_info in 4.82ms
[  4.247s] [EditMode] starting apply_system_anchors
[  4.419s] [EditMode] finished apply_system_anchors in 171.87ms
[  4.419s] [EditMode] starting finalize_action_bar_positions
[  4.423s] [EditMode] finished finalize_action_bar_positions in 4.06ms
[  4.423s] [EditMode] starting invoke_anchor_changed_hooks
[  4.431s] [EditMode] finished invoke_anchor_changed_hooks in 8.09ms
[  4.431s] [EditMode] starting fix_action_bar_nan_size
[  4.431s] [EditMode] finished fix_action_bar_nan_size in 110.43µs
[  4.431s] [EditMode] starting fix_action_bar_scale
[  4.431s] [EditMode] finished fix_action_bar_scale in 8.56µs
[  4.431s] [EditMode] starting reapply_player_frame_anchor
[  4.433s] [EditMode] finished reapply_player_frame_anchor in 1.85ms
[  4.444s] [Startup] end world enter sequence in 506.72ms
[  4.444s] [Startup] begin post-login events
[  4.445s] [Startup] Firing UNIT_AURA
[  4.446s] [Startup] Firing PET_UI_UPDATE
[  4.449s] [Startup] Firing BAG_UPDATE_DELAYED
[  4.451s] [Startup] Firing QUEST_LOG_UPDATE
[  4.452s] [Startup] Firing GROUP_ROSTER_UPDATE
[  4.572s] [Startup] Firing ACTIONBAR_UPDATE_STATE
[  4.572s] [Startup] Firing ACTIONBAR_UPDATE_COOLDOWN
[  4.574s] [Startup] Firing UPDATE_BONUS_ACTIONBAR
[  4.592s] [Startup] Firing PLAYER_CAN_GLIDE_CHANGED
[  4.592s] [Startup] Firing PLAYER_IS_GLIDING_CHANGED
[  4.592s] [Startup] Firing UPDATE_BINDINGS
[  4.596s] [Startup] Firing UPDATE_CHAT_WINDOWS
[  4.599s] [Startup] Firing LFG_UPDATE_RANDOM_INFO
[  4.600s] [Startup] end post-login events in 156.14ms
[  4.600s] [Startup] begin close startup special windows
[  4.600s] [Startup] end close startup special windows in 343.50µs
[  4.600s] [Startup] begin FIRST_FRAME_RENDERED
[  4.600s] [Startup] Firing FIRST_FRAME_RENDERED
[  4.601s] [Startup] end FIRST_FRAME_RENDERED in 218.67µs
[  4.601s] [Startup] begin unblock hidden splash alerts
[  4.601s] [Startup] end unblock hidden splash alerts in 33.04µs
[  4.601s] [Startup] begin post-event workarounds
[  4.601s] [Startup] end post-event workarounds in 1.52µs
