
running 1 test
test patch_11_0_2_publication_sweep::patch_11_0_2_publication_sweep ... ok

test result: ok. 1 passed; 0 failed; 0 ignored; 0 measured; 10826 filtered out; finished in 5.40s

warning: iced-wgpu-patched/Cargo.toml: `lints.clippy.large-enum-variant` is deprecated in favor of `lints.clippy.large_enum_variant` and will not work in a future edition
warning: iced-wgpu-patched/Cargo.toml: `lints.clippy.map-entry` is deprecated in favor of `lints.clippy.map_entry` and will not work in a future edition
warning: iced-wgpu-patched/Cargo.toml: `lints.clippy.match-wildcard-for-single-variants` is deprecated in favor of `lints.clippy.match_wildcard_for_single_variants` and will not work in a future edition
warning: iced-wgpu-patched/Cargo.toml: `lints.clippy.redundant-closure-for-method-calls` is deprecated in favor of `lints.clippy.redundant_closure_for_method_calls` and will not work in a future edition
warning: iced-wgpu-patched/Cargo.toml: `lints.clippy.trivially-copy-pass-by-ref` is deprecated in favor of `lints.clippy.trivially_copy_pass_by_ref` and will not work in a future edition
warning: iced-wgpu-patched/Cargo.toml: `lints.clippy.type-complexity` is deprecated in favor of `lints.clippy.type_complexity` and will not work in a future edition
warning: `iced_wgpu` (manifest) generated 6 warnings
    Finished `test` profile [optimized + debuginfo] target(s) in 0.27s
     Running tests/integration.rs (target/debug/deps/integration-aef10a2b503e13d5)
[  0.000s] [Startup] WowLuaEnv::new begin
[  0.003s] [Startup] SimState::default complete in 2.81ms
[  0.003s] [Startup] rilua VM created in 161.33µs
[  0.003s] [Startup] builtin frames initialized in 105.82µs
[  0.003s] [Startup] template registry cleared in 6.26µs
[  0.003s] [Startup] intrinsic templates registered in 9.00µs
[  0.003s] [Startup] initial app_data lua handle installed in 691.00ns
[  0.252s] [Startup] init_lua_state complete in 249.04ms
[  0.252s] [Startup] final app_data lua handle installed in 471.00ns
[  0.252s] [Startup] initial screen globals installed in 218.19µs
[  0.252s] [Startup] WowLuaEnv::new complete
[  3.607s] [Startup] apply_post_load_workarounds: begin
[  3.607s] [Workarounds] starting patch_edit_mode_manager
[  3.607s] [Workarounds] finished patch_edit_mode_manager in 402.95µs
[  3.607s] [Workarounds] starting init_edit_mode_layout
[  3.607s] [EditMode] starting setup_layout_info
[  3.612s] [EditMode] finished setup_layout_info in 4.12ms
[  3.612s] [EditMode] starting apply_system_anchors
[  3.814s] [EditMode] finished apply_system_anchors in 202.86ms
[  3.814s] [EditMode] starting finalize_action_bar_positions
[  3.817s] [EditMode] finished finalize_action_bar_positions in 2.45ms
[  3.817s] [EditMode] starting invoke_anchor_changed_hooks
[  3.817s] [EditMode] finished invoke_anchor_changed_hooks in 507.68µs
[  3.817s] [EditMode] starting fix_action_bar_nan_size
[  3.817s] [EditMode] finished fix_action_bar_nan_size in 56.58µs
[  3.817s] [EditMode] starting fix_action_bar_scale
[  3.817s] [EditMode] finished fix_action_bar_scale in 5.90µs
[  3.817s] [Workarounds] finished init_edit_mode_layout in 210.05ms
[  3.817s] [Workarounds] starting patch_ui_parent_panel_toggles
[  3.818s] [Workarounds] finished patch_ui_parent_panel_toggles in 287.71µs
[  3.818s] [Workarounds] starting patch_uiparent_onupdate_worklists
[  3.818s] [Workarounds] finished patch_uiparent_onupdate_worklists in 120.13µs
[  3.818s] [Workarounds] starting init_chat_type_colors
[  3.818s] [Workarounds] finished init_chat_type_colors in 133.56µs
[  3.818s] [Workarounds] starting patch_chat_voice_button_surface
[  3.818s] [Workarounds] finished patch_chat_voice_button_surface in 158.65µs
[  3.818s] [Workarounds] starting patch_item_socketing_tooltips
[  3.818s] [Workarounds] finished patch_item_socketing_tooltips in 69.99µs
[  3.818s] [Workarounds] starting patch_character_select_selected_name
[  3.818s] [Workarounds] finished patch_character_select_selected_name in 38.27µs
[  3.818s] [Workarounds] starting patch_character_create_defaults
[  3.819s] [Workarounds] finished patch_character_create_defaults in 289.47µs
[  3.819s] [Workarounds] starting patch_character_frame_title_refresh
[  3.826s] [Workarounds] finished patch_character_frame_title_refresh in 7.83ms
[  3.826s] [Workarounds] starting patch_vignette_pin_template
[  3.827s] [Workarounds] finished patch_vignette_pin_template in 159.10µs
[  3.827s] [Workarounds] starting patch_fog_of_war_pin_mixin
[  3.827s] [Workarounds] finished patch_fog_of_war_pin_mixin in 353.60µs
[  3.827s] [Workarounds] starting patch_map_exploration_pin_mixin
[  3.834s] [Workarounds] finished patch_map_exploration_pin_mixin in 6.88ms
[  3.834s] [Workarounds] starting patch_map_canvas_data_provider_attachment
[  3.834s] [Workarounds] finished patch_map_canvas_data_provider_attachment in 122.84µs
[  3.834s] [Workarounds] starting ensure_adventure_map_frame_surface
[  3.835s] [Workarounds] finished ensure_adventure_map_frame_surface in 604.62µs
[  3.835s] [Workarounds] starting patch_action_bar_button_event_fanout
[  3.835s] [Workarounds] finished patch_action_bar_button_event_fanout in 134.66µs
[  3.835s] [Workarounds] starting patch_paging_controls_page_text
[  3.835s] [Workarounds] finished patch_paging_controls_page_text in 53.04µs
[  3.835s] [Workarounds] starting patch_talent_edge_frame_level_sync
[  3.835s] [Workarounds] finished patch_talent_edge_frame_level_sync in 42.17µs
[  3.835s] [Workarounds] starting patch_catalog_shop_product_card_defaults
[  3.835s] [Workarounds] finished patch_catalog_shop_product_card_defaults in 79.46µs
[  3.835s] [Workarounds] starting patch_game_time_defaults
[  3.835s] [Workarounds] finished patch_game_time_defaults in 10.78µs
[  3.835s] [Workarounds] starting patch_tooltip_nineslice_surface
[  3.835s] [Workarounds] finished patch_tooltip_nineslice_surface in 59.00µs
[  3.835s] [Workarounds] starting patch_container_frame_token_tracker
[  3.835s] [Workarounds] finished patch_container_frame_token_tracker in 53.70µs
[  3.835s] [Workarounds] starting patch_achievement_display_set_achievements
[  3.835s] [Workarounds] finished patch_achievement_display_set_achievements in 13.52µs
[  3.835s] [Workarounds] starting patch_housing_dashboard_preload
[  3.835s] [Workarounds] finished patch_housing_dashboard_preload in 205.59µs
[  3.835s] [Workarounds] starting patch_lfg_lock_list
[  3.835s] [Workarounds] finished patch_lfg_lock_list in 50.42µs
[  3.835s] [Workarounds] starting patch_auction_house_browse_results_event
[  3.835s] [Workarounds] finished patch_auction_house_browse_results_event in 89.52µs
[  3.835s] [Workarounds] starting patch_auction_house_search_context_aliases
[  3.835s] [Workarounds] finished patch_auction_house_search_context_aliases in 41.33µs
[  3.835s] [Workarounds] starting patch_auth_challenge_frame_parent
[  3.836s] [Workarounds] finished patch_auth_challenge_frame_parent in 88.35µs
[  3.836s] [Workarounds] starting patch_settings_surface_defaults
[  3.836s] [Workarounds] finished patch_settings_surface_defaults in 431.58µs
[  3.836s] [Workarounds] starting patch_settings_canvas_layout_visibility
[  3.836s] [Workarounds] finished patch_settings_canvas_layout_visibility in 139.51µs
[  3.836s] [Startup] apply_post_load_workarounds: workarounds complete
[  3.924s] [Startup] apply_post_load_workarounds: globals restored
[  3.924s] [Startup] apply_post_load_workarounds: patch 12.1 compatibility restored
[  3.924s] [Startup] apply_post_load_workarounds: seterrorhandler restored
[  4.094s] [Startup] begin login sequence
[  4.094s] [Startup] Firing ADDON_LOADED
[  4.094s] [Startup] Firing VARIABLES_LOADED
[  4.222s] [Startup] Firing DISPLAY_SIZE_CHANGED
[  4.283s] [Startup] Firing UI_SCALE_CHANGED
[  4.285s] [Startup] Firing PLAYER_LOGIN
[  4.285s] [Startup] end login sequence in 190.45ms
[  4.285s] [Startup] begin world enter sequence
[  4.285s] [Startup] Skipping EDIT_MODE_LAYOUTS_UPDATED
[  4.285s] [Startup] Firing TIME_PLAYED_MSG via RequestTimePlayed
[  4.285s] [Startup] Firing PLAYER_ENTERING_WORLD
[  4.653s] [EditMode] starting setup_layout_info
[  4.659s] [EditMode] finished setup_layout_info in 5.91ms
[  4.659s] [EditMode] starting apply_system_anchors
[  4.839s] [EditMode] finished apply_system_anchors in 180.24ms
[  4.839s] [EditMode] starting finalize_action_bar_positions
[  4.843s] [EditMode] finished finalize_action_bar_positions in 3.77ms
[  4.843s] [EditMode] starting invoke_anchor_changed_hooks
[  4.851s] [EditMode] finished invoke_anchor_changed_hooks in 8.03ms
[  4.851s] [EditMode] starting fix_action_bar_nan_size
[  4.851s] [EditMode] finished fix_action_bar_nan_size in 107.28µs
[  4.851s] [EditMode] starting fix_action_bar_scale
[  4.851s] [EditMode] finished fix_action_bar_scale in 6.84µs
[  4.851s] [EditMode] starting reapply_player_frame_anchor
[  4.853s] [EditMode] finished reapply_player_frame_anchor in 1.92ms
[  4.868s] [Startup] end world enter sequence in 583.44ms
[  4.868s] [Startup] begin post-login events
[  4.870s] [Startup] Firing UNIT_AURA
[  4.871s] [Startup] Firing PET_UI_UPDATE
[  4.874s] [Startup] Firing BAG_UPDATE_DELAYED
[  4.877s] [Startup] Firing QUEST_LOG_UPDATE
[  4.879s] [Startup] Firing GROUP_ROSTER_UPDATE
[  5.008s] [Startup] Firing ACTIONBAR_UPDATE_STATE
[  5.008s] [Startup] Firing ACTIONBAR_UPDATE_COOLDOWN
[  5.010s] [Startup] Firing UPDATE_BONUS_ACTIONBAR
[  5.026s] [Startup] Firing PLAYER_CAN_GLIDE_CHANGED
[  5.026s] [Startup] Firing PLAYER_IS_GLIDING_CHANGED
[  5.026s] [Startup] Firing UPDATE_BINDINGS
[  5.030s] [Startup] Firing UPDATE_CHAT_WINDOWS
[  5.034s] [Startup] Firing LFG_UPDATE_RANDOM_INFO
[  5.035s] [Startup] end post-login events in 167.15ms
[  5.035s] [Startup] begin close startup special windows
[  5.036s] [Startup] end close startup special windows in 504.21µs
[  5.036s] [Startup] begin FIRST_FRAME_RENDERED
[  5.036s] [Startup] Firing FIRST_FRAME_RENDERED
[  5.036s] [Startup] end FIRST_FRAME_RENDERED in 311.58µs
[  5.036s] [Startup] begin unblock hidden splash alerts
[  5.036s] [Startup] end unblock hidden splash alerts in 23.54µs
[  5.036s] [Startup] begin post-event workarounds
[  5.036s] [Startup] end post-event workarounds in 1.54µs
