
running 1 test
test patch_11_1_5_publication_sweep::patch_11_1_5_publication_sweep ... ok

test result: ok. 1 passed; 0 failed; 0 ignored; 0 measured; 10826 filtered out; finished in 5.68s

warning: iced-wgpu-patched/Cargo.toml: `lints.clippy.large-enum-variant` is deprecated in favor of `lints.clippy.large_enum_variant` and will not work in a future edition
warning: iced-wgpu-patched/Cargo.toml: `lints.clippy.map-entry` is deprecated in favor of `lints.clippy.map_entry` and will not work in a future edition
warning: iced-wgpu-patched/Cargo.toml: `lints.clippy.match-wildcard-for-single-variants` is deprecated in favor of `lints.clippy.match_wildcard_for_single_variants` and will not work in a future edition
warning: iced-wgpu-patched/Cargo.toml: `lints.clippy.redundant-closure-for-method-calls` is deprecated in favor of `lints.clippy.redundant_closure_for_method_calls` and will not work in a future edition
warning: iced-wgpu-patched/Cargo.toml: `lints.clippy.trivially-copy-pass-by-ref` is deprecated in favor of `lints.clippy.trivially_copy_pass_by_ref` and will not work in a future edition
warning: iced-wgpu-patched/Cargo.toml: `lints.clippy.type-complexity` is deprecated in favor of `lints.clippy.type_complexity` and will not work in a future edition
warning: `iced_wgpu` (manifest) generated 6 warnings
    Finished `test` profile [optimized + debuginfo] target(s) in 0.29s
     Running tests/integration.rs (target/debug/deps/integration-aef10a2b503e13d5)
[  0.000s] [Startup] WowLuaEnv::new begin
[  0.003s] [Startup] SimState::default complete in 2.86ms
[  0.003s] [Startup] rilua VM created in 163.40µs
[  0.003s] [Startup] builtin frames initialized in 102.76µs
[  0.003s] [Startup] template registry cleared in 6.24µs
[  0.003s] [Startup] intrinsic templates registered in 8.62µs
[  0.003s] [Startup] initial app_data lua handle installed in 712.00ns
[  0.252s] [Startup] init_lua_state complete in 248.40ms
[  0.252s] [Startup] final app_data lua handle installed in 461.00ns
[  0.252s] [Startup] initial screen globals installed in 205.81µs
[  0.252s] [Startup] WowLuaEnv::new complete
[  3.834s] [Startup] apply_post_load_workarounds: begin
[  3.834s] [Workarounds] starting patch_edit_mode_manager
[  3.834s] [Workarounds] finished patch_edit_mode_manager in 416.52µs
[  3.834s] [Workarounds] starting init_edit_mode_layout
[  3.834s] [EditMode] starting setup_layout_info
[  3.839s] [EditMode] finished setup_layout_info in 5.30ms
[  3.839s] [EditMode] starting apply_system_anchors
[  4.078s] [EditMode] finished apply_system_anchors in 238.74ms
[  4.078s] [EditMode] starting finalize_action_bar_positions
[  4.081s] [EditMode] finished finalize_action_bar_positions in 2.37ms
[  4.081s] [EditMode] starting invoke_anchor_changed_hooks
[  4.081s] [EditMode] finished invoke_anchor_changed_hooks in 499.54µs
[  4.081s] [EditMode] starting fix_action_bar_nan_size
[  4.081s] [EditMode] finished fix_action_bar_nan_size in 54.03µs
[  4.081s] [EditMode] starting fix_action_bar_scale
[  4.081s] [EditMode] finished fix_action_bar_scale in 5.56µs
[  4.081s] [Workarounds] finished init_edit_mode_layout in 247.02ms
[  4.081s] [Workarounds] starting patch_ui_parent_panel_toggles
[  4.081s] [Workarounds] finished patch_ui_parent_panel_toggles in 284.91µs
[  4.081s] [Workarounds] starting patch_uiparent_onupdate_worklists
[  4.082s] [Workarounds] finished patch_uiparent_onupdate_worklists in 120.92µs
[  4.082s] [Workarounds] starting init_chat_type_colors
[  4.082s] [Workarounds] finished init_chat_type_colors in 131.91µs
[  4.082s] [Workarounds] starting patch_chat_voice_button_surface
[  4.082s] [Workarounds] finished patch_chat_voice_button_surface in 159.83µs
[  4.082s] [Workarounds] starting patch_item_socketing_tooltips
[  4.082s] [Workarounds] finished patch_item_socketing_tooltips in 68.93µs
[  4.082s] [Workarounds] starting patch_character_select_selected_name
[  4.082s] [Workarounds] finished patch_character_select_selected_name in 37.34µs
[  4.082s] [Workarounds] starting patch_character_create_defaults
[  4.082s] [Workarounds] finished patch_character_create_defaults in 274.42µs
[  4.082s] [Workarounds] starting patch_character_frame_title_refresh
[  4.089s] [Workarounds] finished patch_character_frame_title_refresh in 7.08ms
[  4.089s] [Workarounds] starting patch_vignette_pin_template
[  4.089s] [Workarounds] finished patch_vignette_pin_template in 136.41µs
[  4.089s] [Workarounds] starting patch_fog_of_war_pin_mixin
[  4.090s] [Workarounds] finished patch_fog_of_war_pin_mixin in 358.28µs
[  4.090s] [Workarounds] starting patch_map_exploration_pin_mixin
[  4.097s] [Workarounds] finished patch_map_exploration_pin_mixin in 7.25ms
[  4.097s] [Workarounds] starting patch_map_canvas_data_provider_attachment
[  4.097s] [Workarounds] finished patch_map_canvas_data_provider_attachment in 114.12µs
[  4.097s] [Workarounds] starting ensure_adventure_map_frame_surface
[  4.098s] [Workarounds] finished ensure_adventure_map_frame_surface in 583.03µs
[  4.098s] [Workarounds] starting patch_action_bar_button_event_fanout
[  4.098s] [Workarounds] finished patch_action_bar_button_event_fanout in 132.11µs
[  4.098s] [Workarounds] starting patch_paging_controls_page_text
[  4.098s] [Workarounds] finished patch_paging_controls_page_text in 47.15µs
[  4.098s] [Workarounds] starting patch_talent_edge_frame_level_sync
[  4.098s] [Workarounds] finished patch_talent_edge_frame_level_sync in 36.38µs
[  4.098s] [Workarounds] starting patch_catalog_shop_product_card_defaults
[  4.098s] [Workarounds] finished patch_catalog_shop_product_card_defaults in 74.42µs
[  4.098s] [Workarounds] starting patch_game_time_defaults
[  4.098s] [Workarounds] finished patch_game_time_defaults in 8.62µs
[  4.098s] [Workarounds] starting patch_tooltip_nineslice_surface
[  4.098s] [Workarounds] finished patch_tooltip_nineslice_surface in 51.48µs
[  4.098s] [Workarounds] starting patch_container_frame_token_tracker
[  4.098s] [Workarounds] finished patch_container_frame_token_tracker in 48.74µs
[  4.098s] [Workarounds] starting patch_achievement_display_set_achievements
[  4.098s] [Workarounds] finished patch_achievement_display_set_achievements in 10.03µs
[  4.098s] [Workarounds] starting patch_housing_dashboard_preload
[  4.098s] [Workarounds] finished patch_housing_dashboard_preload in 197.00µs
[  4.098s] [Workarounds] starting patch_lfg_lock_list
[  4.098s] [Workarounds] finished patch_lfg_lock_list in 42.21µs
[  4.098s] [Workarounds] starting patch_auction_house_browse_results_event
[  4.099s] [Workarounds] finished patch_auction_house_browse_results_event in 78.00µs
[  4.099s] [Workarounds] starting patch_auction_house_search_context_aliases
[  4.099s] [Workarounds] finished patch_auction_house_search_context_aliases in 34.20µs
[  4.099s] [Workarounds] starting patch_auth_challenge_frame_parent
[  4.099s] [Workarounds] finished patch_auth_challenge_frame_parent in 79.05µs
[  4.099s] [Workarounds] starting patch_settings_surface_defaults
[  4.099s] [Workarounds] finished patch_settings_surface_defaults in 429.58µs
[  4.099s] [Workarounds] starting patch_settings_canvas_layout_visibility
[  4.099s] [Workarounds] finished patch_settings_canvas_layout_visibility in 131.90µs
[  4.099s] [Startup] apply_post_load_workarounds: workarounds complete
[  4.187s] [Startup] apply_post_load_workarounds: globals restored
[  4.188s] [Startup] apply_post_load_workarounds: patch 12.1 compatibility restored
[  4.188s] [Startup] apply_post_load_workarounds: seterrorhandler restored
[  4.348s] [Startup] begin login sequence
[  4.348s] [Startup] Firing ADDON_LOADED
[  4.349s] [Startup] Firing VARIABLES_LOADED
[  4.499s] [Startup] Firing DISPLAY_SIZE_CHANGED
[  4.551s] [Startup] Firing UI_SCALE_CHANGED
[  4.552s] [Startup] Firing PLAYER_LOGIN
[  4.552s] [Startup] end login sequence in 204.13ms
[  4.552s] [Startup] begin world enter sequence
[  4.552s] [Startup] Skipping EDIT_MODE_LAYOUTS_UPDATED
[  4.552s] [Startup] Firing TIME_PLAYED_MSG via RequestTimePlayed
[  4.552s] [Startup] Firing PLAYER_ENTERING_WORLD
[  4.922s] [EditMode] starting setup_layout_info
[  4.931s] [EditMode] finished setup_layout_info in 8.55ms
[  4.931s] [EditMode] starting apply_system_anchors
[  5.134s] [EditMode] finished apply_system_anchors in 203.76ms
[  5.134s] [EditMode] starting finalize_action_bar_positions
[  5.138s] [EditMode] finished finalize_action_bar_positions in 3.75ms
[  5.138s] [EditMode] starting invoke_anchor_changed_hooks
[  5.146s] [EditMode] finished invoke_anchor_changed_hooks in 7.73ms
[  5.146s] [EditMode] starting fix_action_bar_nan_size
[  5.146s] [EditMode] finished fix_action_bar_nan_size in 105.69µs
[  5.146s] [EditMode] starting fix_action_bar_scale
[  5.146s] [EditMode] finished fix_action_bar_scale in 8.26µs
[  5.146s] [EditMode] starting reapply_player_frame_anchor
[  5.148s] [EditMode] finished reapply_player_frame_anchor in 1.75ms
[  5.159s] [Startup] end world enter sequence in 606.50ms
[  5.159s] [Startup] begin post-login events
[  5.160s] [Startup] Firing UNIT_AURA
[  5.161s] [Startup] Firing PET_UI_UPDATE
[  5.164s] [Startup] Firing BAG_UPDATE_DELAYED
[  5.166s] [Startup] Firing QUEST_LOG_UPDATE
[  5.167s] [Startup] Firing GROUP_ROSTER_UPDATE
[  5.295s] [Startup] Firing ACTIONBAR_UPDATE_STATE
[  5.295s] [Startup] Firing ACTIONBAR_UPDATE_COOLDOWN
[  5.296s] [Startup] Firing UPDATE_BONUS_ACTIONBAR
[  5.314s] [Startup] Firing PLAYER_CAN_GLIDE_CHANGED
[  5.314s] [Startup] Firing PLAYER_IS_GLIDING_CHANGED
[  5.314s] [Startup] Firing UPDATE_BINDINGS
[  5.318s] [Startup] Firing UPDATE_CHAT_WINDOWS
[  5.321s] [Startup] Firing LFG_UPDATE_RANDOM_INFO
[  5.322s] [Startup] end post-login events in 163.54ms
[  5.323s] [Startup] begin close startup special windows
[  5.323s] [Startup] end close startup special windows in 336.44µs
[  5.323s] [Startup] begin FIRST_FRAME_RENDERED
[  5.323s] [Startup] Firing FIRST_FRAME_RENDERED
[  5.323s] [Startup] end FIRST_FRAME_RENDERED in 213.54µs
[  5.323s] [Startup] begin unblock hidden splash alerts
[  5.323s] [Startup] end unblock hidden splash alerts in 20.81µs
[  5.323s] [Startup] begin post-event workarounds
[  5.323s] [Startup] end post-event workarounds in 1.41µs
