
running 1 test
test patch_11_1_7_publication_sweep::patch_11_1_7_publication_sweep ... ok

test result: ok. 1 passed; 0 failed; 0 ignored; 0 measured; 10826 filtered out; finished in 5.03s

warning: iced-wgpu-patched/Cargo.toml: `lints.clippy.large-enum-variant` is deprecated in favor of `lints.clippy.large_enum_variant` and will not work in a future edition
warning: iced-wgpu-patched/Cargo.toml: `lints.clippy.map-entry` is deprecated in favor of `lints.clippy.map_entry` and will not work in a future edition
warning: iced-wgpu-patched/Cargo.toml: `lints.clippy.match-wildcard-for-single-variants` is deprecated in favor of `lints.clippy.match_wildcard_for_single_variants` and will not work in a future edition
warning: iced-wgpu-patched/Cargo.toml: `lints.clippy.redundant-closure-for-method-calls` is deprecated in favor of `lints.clippy.redundant_closure_for_method_calls` and will not work in a future edition
warning: iced-wgpu-patched/Cargo.toml: `lints.clippy.trivially-copy-pass-by-ref` is deprecated in favor of `lints.clippy.trivially_copy_pass_by_ref` and will not work in a future edition
warning: iced-wgpu-patched/Cargo.toml: `lints.clippy.type-complexity` is deprecated in favor of `lints.clippy.type_complexity` and will not work in a future edition
warning: `iced_wgpu` (manifest) generated 6 warnings
    Finished `test` profile [optimized + debuginfo] target(s) in 0.26s
     Running tests/integration.rs (target/debug/deps/integration-aef10a2b503e13d5)
[  0.000s] [Startup] WowLuaEnv::new begin
[  0.003s] [Startup] SimState::default complete in 2.73ms
[  0.003s] [Startup] rilua VM created in 155.59µs
[  0.003s] [Startup] builtin frames initialized in 102.26µs
[  0.003s] [Startup] template registry cleared in 6.85µs
[  0.003s] [Startup] intrinsic templates registered in 8.84µs
[  0.003s] [Startup] initial app_data lua handle installed in 661.00ns
[  0.240s] [Startup] init_lua_state complete in 236.54ms
[  0.240s] [Startup] final app_data lua handle installed in 1.25µs
[  0.240s] [Startup] initial screen globals installed in 266.05µs
[  0.240s] [Startup] WowLuaEnv::new complete
[  3.383s] [Startup] apply_post_load_workarounds: begin
[  3.383s] [Workarounds] starting patch_edit_mode_manager
[  3.383s] [Workarounds] finished patch_edit_mode_manager in 375.56µs
[  3.383s] [Workarounds] starting init_edit_mode_layout
[  3.383s] [EditMode] starting setup_layout_info
[  3.388s] [EditMode] finished setup_layout_info in 4.84ms
[  3.388s] [EditMode] starting apply_system_anchors
[  3.591s] [EditMode] finished apply_system_anchors in 202.60ms
[  3.591s] [EditMode] starting finalize_action_bar_positions
[  3.593s] [EditMode] finished finalize_action_bar_positions in 2.34ms
[  3.593s] [EditMode] starting invoke_anchor_changed_hooks
[  3.593s] [EditMode] finished invoke_anchor_changed_hooks in 486.33µs
[  3.593s] [EditMode] starting fix_action_bar_nan_size
[  3.593s] [EditMode] finished fix_action_bar_nan_size in 53.66µs
[  3.593s] [EditMode] starting fix_action_bar_scale
[  3.593s] [EditMode] finished fix_action_bar_scale in 5.80µs
[  3.593s] [Workarounds] finished init_edit_mode_layout in 210.37ms
[  3.593s] [Workarounds] starting patch_ui_parent_panel_toggles
[  3.594s] [Workarounds] finished patch_ui_parent_panel_toggles in 285.66µs
[  3.594s] [Workarounds] starting patch_uiparent_onupdate_worklists
[  3.594s] [Workarounds] finished patch_uiparent_onupdate_worklists in 120.97µs
[  3.594s] [Workarounds] starting init_chat_type_colors
[  3.594s] [Workarounds] finished init_chat_type_colors in 136.33µs
[  3.594s] [Workarounds] starting patch_chat_voice_button_surface
[  3.594s] [Workarounds] finished patch_chat_voice_button_surface in 159.33µs
[  3.594s] [Workarounds] starting patch_item_socketing_tooltips
[  3.594s] [Workarounds] finished patch_item_socketing_tooltips in 70.24µs
[  3.594s] [Workarounds] starting patch_character_select_selected_name
[  3.594s] [Workarounds] finished patch_character_select_selected_name in 37.74µs
[  3.594s] [Workarounds] starting patch_character_create_defaults
[  3.595s] [Workarounds] finished patch_character_create_defaults in 277.52µs
[  3.595s] [Workarounds] starting patch_character_frame_title_refresh
[  3.602s] [Workarounds] finished patch_character_frame_title_refresh in 7.04ms
[  3.602s] [Workarounds] starting patch_vignette_pin_template
[  3.602s] [Workarounds] finished patch_vignette_pin_template in 114.06µs
[  3.602s] [Workarounds] starting patch_fog_of_war_pin_mixin
[  3.602s] [Workarounds] finished patch_fog_of_war_pin_mixin in 333.20µs
[  3.602s] [Workarounds] starting patch_map_exploration_pin_mixin
[  3.609s] [Workarounds] finished patch_map_exploration_pin_mixin in 7.23ms
[  3.609s] [Workarounds] starting patch_map_canvas_data_provider_attachment
[  3.609s] [Workarounds] finished patch_map_canvas_data_provider_attachment in 84.71µs
[  3.609s] [Workarounds] starting ensure_adventure_map_frame_surface
[  3.610s] [Workarounds] finished ensure_adventure_map_frame_surface in 564.00µs
[  3.610s] [Workarounds] starting patch_action_bar_button_event_fanout
[  3.610s] [Workarounds] finished patch_action_bar_button_event_fanout in 125.57µs
[  3.610s] [Workarounds] starting patch_paging_controls_page_text
[  3.610s] [Workarounds] finished patch_paging_controls_page_text in 52.32µs
[  3.610s] [Workarounds] starting patch_talent_edge_frame_level_sync
[  3.610s] [Workarounds] finished patch_talent_edge_frame_level_sync in 37.15µs
[  3.610s] [Workarounds] starting patch_catalog_shop_product_card_defaults
[  3.610s] [Workarounds] finished patch_catalog_shop_product_card_defaults in 75.58µs
[  3.610s] [Workarounds] starting patch_game_time_defaults
[  3.610s] [Workarounds] finished patch_game_time_defaults in 8.85µs
[  3.610s] [Workarounds] starting patch_tooltip_nineslice_surface
[  3.610s] [Workarounds] finished patch_tooltip_nineslice_surface in 52.84µs
[  3.610s] [Workarounds] starting patch_container_frame_token_tracker
[  3.610s] [Workarounds] finished patch_container_frame_token_tracker in 50.10µs
[  3.610s] [Workarounds] starting patch_achievement_display_set_achievements
[  3.610s] [Workarounds] finished patch_achievement_display_set_achievements in 9.97µs
[  3.610s] [Workarounds] starting patch_housing_dashboard_preload
[  3.611s] [Workarounds] finished patch_housing_dashboard_preload in 201.36µs
[  3.611s] [Workarounds] starting patch_lfg_lock_list
[  3.611s] [Workarounds] finished patch_lfg_lock_list in 44.52µs
[  3.611s] [Workarounds] starting patch_auction_house_browse_results_event
[  3.611s] [Workarounds] finished patch_auction_house_browse_results_event in 79.06µs
[  3.611s] [Workarounds] starting patch_auction_house_search_context_aliases
[  3.611s] [Workarounds] finished patch_auction_house_search_context_aliases in 35.44µs
[  3.611s] [Workarounds] starting patch_auth_challenge_frame_parent
[  3.611s] [Workarounds] finished patch_auth_challenge_frame_parent in 79.25µs
[  3.611s] [Workarounds] starting patch_settings_surface_defaults
[  3.611s] [Workarounds] finished patch_settings_surface_defaults in 439.91µs
[  3.611s] [Workarounds] starting patch_settings_canvas_layout_visibility
[  3.611s] [Workarounds] finished patch_settings_canvas_layout_visibility in 137.06µs
[  3.611s] [Startup] apply_post_load_workarounds: workarounds complete
[  3.698s] [Startup] apply_post_load_workarounds: globals restored
[  3.698s] [Startup] apply_post_load_workarounds: patch 12.1 compatibility restored
[  3.698s] [Startup] apply_post_load_workarounds: seterrorhandler restored
[  3.864s] [Startup] begin login sequence
[  3.864s] [Startup] Firing ADDON_LOADED
[  3.865s] [Startup] Firing VARIABLES_LOADED
[  3.987s] [Startup] Firing DISPLAY_SIZE_CHANGED
[  4.039s] [Startup] Firing UI_SCALE_CHANGED
[  4.041s] [Startup] Firing PLAYER_LOGIN
[  4.041s] [Startup] end login sequence in 176.39ms
[  4.041s] [Startup] begin world enter sequence
[  4.041s] [Startup] Skipping EDIT_MODE_LAYOUTS_UPDATED
[  4.041s] [Startup] Firing TIME_PLAYED_MSG via RequestTimePlayed
[  4.041s] [Startup] Firing PLAYER_ENTERING_WORLD
[  4.339s] [EditMode] starting setup_layout_info
[  4.344s] [EditMode] finished setup_layout_info in 5.24ms
[  4.344s] [EditMode] starting apply_system_anchors
[  4.527s] [EditMode] finished apply_system_anchors in 182.51ms
[  4.527s] [EditMode] starting finalize_action_bar_positions
[  4.531s] [EditMode] finished finalize_action_bar_positions in 3.75ms
[  4.531s] [EditMode] starting invoke_anchor_changed_hooks
[  4.538s] [EditMode] finished invoke_anchor_changed_hooks in 7.65ms
[  4.538s] [EditMode] starting fix_action_bar_nan_size
[  4.538s] [EditMode] finished fix_action_bar_nan_size in 109.18µs
[  4.538s] [EditMode] starting fix_action_bar_scale
[  4.538s] [EditMode] finished fix_action_bar_scale in 8.31µs
[  4.538s] [EditMode] starting reapply_player_frame_anchor
[  4.540s] [EditMode] finished reapply_player_frame_anchor in 1.76ms
[  4.551s] [Startup] end world enter sequence in 510.52ms
[  4.551s] [Startup] begin post-login events
[  4.553s] [Startup] Firing UNIT_AURA
[  4.554s] [Startup] Firing PET_UI_UPDATE
[  4.556s] [Startup] Firing BAG_UPDATE_DELAYED
[  4.558s] [Startup] Firing QUEST_LOG_UPDATE
[  4.559s] [Startup] Firing GROUP_ROSTER_UPDATE
[  4.678s] [Startup] Firing ACTIONBAR_UPDATE_STATE
[  4.678s] [Startup] Firing ACTIONBAR_UPDATE_COOLDOWN
[  4.679s] [Startup] Firing UPDATE_BONUS_ACTIONBAR
[  4.697s] [Startup] Firing PLAYER_CAN_GLIDE_CHANGED
[  4.697s] [Startup] Firing PLAYER_IS_GLIDING_CHANGED
[  4.697s] [Startup] Firing UPDATE_BINDINGS
[  4.701s] [Startup] Firing UPDATE_CHAT_WINDOWS
[  4.704s] [Startup] Firing LFG_UPDATE_RANDOM_INFO
[  4.705s] [Startup] end post-login events in 153.85ms
[  4.705s] [Startup] begin close startup special windows
[  4.705s] [Startup] end close startup special windows in 344.16µs
[  4.706s] [Startup] begin FIRST_FRAME_RENDERED
[  4.706s] [Startup] Firing FIRST_FRAME_RENDERED
[  4.706s] [Startup] end FIRST_FRAME_RENDERED in 222.40µs
[  4.706s] [Startup] begin unblock hidden splash alerts
[  4.706s] [Startup] end unblock hidden splash alerts in 21.60µs
[  4.706s] [Startup] begin post-event workarounds
[  4.706s] [Startup] end post-event workarounds in 1.54µs
