
running 1 test
test patch_11_1_0_publication_sweep::patch_11_1_0_publication_sweep ... ok

test result: ok. 1 passed; 0 failed; 0 ignored; 0 measured; 10826 filtered out; finished in 5.24s

warning: iced-wgpu-patched/Cargo.toml: `lints.clippy.large-enum-variant` is deprecated in favor of `lints.clippy.large_enum_variant` and will not work in a future edition
warning: iced-wgpu-patched/Cargo.toml: `lints.clippy.map-entry` is deprecated in favor of `lints.clippy.map_entry` and will not work in a future edition
warning: iced-wgpu-patched/Cargo.toml: `lints.clippy.match-wildcard-for-single-variants` is deprecated in favor of `lints.clippy.match_wildcard_for_single_variants` and will not work in a future edition
warning: iced-wgpu-patched/Cargo.toml: `lints.clippy.redundant-closure-for-method-calls` is deprecated in favor of `lints.clippy.redundant_closure_for_method_calls` and will not work in a future edition
warning: iced-wgpu-patched/Cargo.toml: `lints.clippy.trivially-copy-pass-by-ref` is deprecated in favor of `lints.clippy.trivially_copy_pass_by_ref` and will not work in a future edition
warning: iced-wgpu-patched/Cargo.toml: `lints.clippy.type-complexity` is deprecated in favor of `lints.clippy.type_complexity` and will not work in a future edition
warning: `iced_wgpu` (manifest) generated 6 warnings
    Finished `test` profile [optimized + debuginfo] target(s) in 0.29s
     Running tests/integration.rs (target/debug/deps/integration-aef10a2b503e13d5)
[  0.000s] [Startup] WowLuaEnv::new begin
[  0.003s] [Startup] SimState::default complete in 2.75ms
[  0.003s] [Startup] rilua VM created in 157.68µs
[  0.003s] [Startup] builtin frames initialized in 110.60µs
[  0.003s] [Startup] template registry cleared in 5.80µs
[  0.003s] [Startup] intrinsic templates registered in 8.96µs
[  0.003s] [Startup] initial app_data lua handle installed in 841.00ns
[  0.225s] [Startup] init_lua_state complete in 221.59ms
[  0.225s] [Startup] final app_data lua handle installed in 451.00ns
[  0.225s] [Startup] initial screen globals installed in 173.81µs
[  0.225s] [Startup] WowLuaEnv::new complete
[  3.456s] [Startup] apply_post_load_workarounds: begin
[  3.456s] [Workarounds] starting patch_edit_mode_manager
[  3.456s] [Workarounds] finished patch_edit_mode_manager in 375.65µs
[  3.456s] [Workarounds] starting init_edit_mode_layout
[  3.456s] [EditMode] starting setup_layout_info
[  3.461s] [EditMode] finished setup_layout_info in 4.36ms
[  3.461s] [EditMode] starting apply_system_anchors
[  3.650s] [EditMode] finished apply_system_anchors in 189.45ms
[  3.650s] [EditMode] starting finalize_action_bar_positions
[  3.653s] [EditMode] finished finalize_action_bar_positions in 2.46ms
[  3.653s] [EditMode] starting invoke_anchor_changed_hooks
[  3.653s] [EditMode] finished invoke_anchor_changed_hooks in 499.86µs
[  3.653s] [EditMode] starting fix_action_bar_nan_size
[  3.653s] [EditMode] finished fix_action_bar_nan_size in 55.11µs
[  3.653s] [EditMode] starting fix_action_bar_scale
[  3.653s] [EditMode] finished fix_action_bar_scale in 5.97µs
[  3.653s] [Workarounds] finished init_edit_mode_layout in 196.88ms
[  3.653s] [Workarounds] starting patch_ui_parent_panel_toggles
[  3.653s] [Workarounds] finished patch_ui_parent_panel_toggles in 281.62µs
[  3.653s] [Workarounds] starting patch_uiparent_onupdate_worklists
[  3.654s] [Workarounds] finished patch_uiparent_onupdate_worklists in 118.39µs
[  3.654s] [Workarounds] starting init_chat_type_colors
[  3.654s] [Workarounds] finished init_chat_type_colors in 131.25µs
[  3.654s] [Workarounds] starting patch_chat_voice_button_surface
[  3.654s] [Workarounds] finished patch_chat_voice_button_surface in 152.80µs
[  3.654s] [Workarounds] starting patch_item_socketing_tooltips
[  3.654s] [Workarounds] finished patch_item_socketing_tooltips in 76.48µs
[  3.654s] [Workarounds] starting patch_character_select_selected_name
[  3.654s] [Workarounds] finished patch_character_select_selected_name in 36.04µs
[  3.654s] [Workarounds] starting patch_character_create_defaults
[  3.654s] [Workarounds] finished patch_character_create_defaults in 267.45µs
[  3.654s] [Workarounds] starting patch_character_frame_title_refresh
[  3.662s] [Workarounds] finished patch_character_frame_title_refresh in 7.63ms
[  3.662s] [Workarounds] starting patch_vignette_pin_template
[  3.662s] [Workarounds] finished patch_vignette_pin_template in 179.52µs
[  3.662s] [Workarounds] starting patch_fog_of_war_pin_mixin
[  3.662s] [Workarounds] finished patch_fog_of_war_pin_mixin in 371.68µs
[  3.662s] [Workarounds] starting patch_map_exploration_pin_mixin
[  3.670s] [Workarounds] finished patch_map_exploration_pin_mixin in 7.24ms
[  3.670s] [Workarounds] starting patch_map_canvas_data_provider_attachment
[  3.670s] [Workarounds] finished patch_map_canvas_data_provider_attachment in 110.47µs
[  3.670s] [Workarounds] starting ensure_adventure_map_frame_surface
[  3.670s] [Workarounds] finished ensure_adventure_map_frame_surface in 596.88µs
[  3.670s] [Workarounds] starting patch_action_bar_button_event_fanout
[  3.671s] [Workarounds] finished patch_action_bar_button_event_fanout in 131.55µs
[  3.671s] [Workarounds] starting patch_paging_controls_page_text
[  3.671s] [Workarounds] finished patch_paging_controls_page_text in 46.97µs
[  3.671s] [Workarounds] starting patch_talent_edge_frame_level_sync
[  3.671s] [Workarounds] finished patch_talent_edge_frame_level_sync in 35.34µs
[  3.671s] [Workarounds] starting patch_catalog_shop_product_card_defaults
[  3.671s] [Workarounds] finished patch_catalog_shop_product_card_defaults in 74.23µs
[  3.671s] [Workarounds] starting patch_game_time_defaults
[  3.671s] [Workarounds] finished patch_game_time_defaults in 8.62µs
[  3.671s] [Workarounds] starting patch_tooltip_nineslice_surface
[  3.671s] [Workarounds] finished patch_tooltip_nineslice_surface in 52.32µs
[  3.671s] [Workarounds] starting patch_container_frame_token_tracker
[  3.671s] [Workarounds] finished patch_container_frame_token_tracker in 47.72µs
[  3.671s] [Workarounds] starting patch_achievement_display_set_achievements
[  3.671s] [Workarounds] finished patch_achievement_display_set_achievements in 9.78µs
[  3.671s] [Workarounds] starting patch_housing_dashboard_preload
[  3.671s] [Workarounds] finished patch_housing_dashboard_preload in 208.38µs
[  3.671s] [Workarounds] starting patch_lfg_lock_list
[  3.671s] [Workarounds] finished patch_lfg_lock_list in 44.98µs
[  3.671s] [Workarounds] starting patch_auction_house_browse_results_event
[  3.671s] [Workarounds] finished patch_auction_house_browse_results_event in 78.93µs
[  3.671s] [Workarounds] starting patch_auction_house_search_context_aliases
[  3.671s] [Workarounds] finished patch_auction_house_search_context_aliases in 35.18µs
[  3.671s] [Workarounds] starting patch_auth_challenge_frame_parent
[  3.671s] [Workarounds] finished patch_auth_challenge_frame_parent in 81.98µs
[  3.671s] [Workarounds] starting patch_settings_surface_defaults
[  3.672s] [Workarounds] finished patch_settings_surface_defaults in 423.51µs
[  3.672s] [Workarounds] starting patch_settings_canvas_layout_visibility
[  3.672s] [Workarounds] finished patch_settings_canvas_layout_visibility in 133.86µs
[  3.672s] [Startup] apply_post_load_workarounds: workarounds complete
[  3.756s] [Startup] apply_post_load_workarounds: globals restored
[  3.756s] [Startup] apply_post_load_workarounds: patch 12.1 compatibility restored
[  3.756s] [Startup] apply_post_load_workarounds: seterrorhandler restored
[  3.919s] [Startup] begin login sequence
[  3.919s] [Startup] Firing ADDON_LOADED
[  3.919s] [Startup] Firing VARIABLES_LOADED
[  4.041s] [Startup] Firing DISPLAY_SIZE_CHANGED
[  4.094s] [Startup] Firing UI_SCALE_CHANGED
[  4.095s] [Startup] Firing PLAYER_LOGIN
[  4.095s] [Startup] end login sequence in 176.46ms
[  4.095s] [Startup] begin world enter sequence
[  4.095s] [Startup] Skipping EDIT_MODE_LAYOUTS_UPDATED
[  4.095s] [Startup] Firing TIME_PLAYED_MSG via RequestTimePlayed
[  4.095s] [Startup] Firing PLAYER_ENTERING_WORLD
[  4.404s] [EditMode] starting setup_layout_info
[  4.409s] [EditMode] finished setup_layout_info in 5.11ms
[  4.409s] [EditMode] starting apply_system_anchors
[  4.606s] [EditMode] finished apply_system_anchors in 197.53ms
[  4.606s] [EditMode] starting finalize_action_bar_positions
[  4.610s] [EditMode] finished finalize_action_bar_positions in 3.67ms
[  4.610s] [EditMode] starting invoke_anchor_changed_hooks
[  4.620s] [EditMode] finished invoke_anchor_changed_hooks in 9.49ms
[  4.620s] [EditMode] starting fix_action_bar_nan_size
[  4.620s] [EditMode] finished fix_action_bar_nan_size in 144.23µs
[  4.620s] [EditMode] starting fix_action_bar_scale
[  4.620s] [EditMode] finished fix_action_bar_scale in 12.19µs
[  4.620s] [EditMode] starting reapply_player_frame_anchor
[  4.622s] [EditMode] finished reapply_player_frame_anchor in 2.40ms
[  4.634s] [Startup] end world enter sequence in 539.35ms
[  4.634s] [Startup] begin post-login events
[  4.636s] [Startup] Firing UNIT_AURA
[  4.637s] [Startup] Firing PET_UI_UPDATE
[  4.639s] [Startup] Firing BAG_UPDATE_DELAYED
[  4.641s] [Startup] Firing QUEST_LOG_UPDATE
[  4.643s] [Startup] Firing GROUP_ROSTER_UPDATE
[  4.764s] [Startup] Firing ACTIONBAR_UPDATE_STATE
[  4.764s] [Startup] Firing ACTIONBAR_UPDATE_COOLDOWN
[  4.765s] [Startup] Firing UPDATE_BONUS_ACTIONBAR
[  4.780s] [Startup] Firing PLAYER_CAN_GLIDE_CHANGED
[  4.780s] [Startup] Firing PLAYER_IS_GLIDING_CHANGED
[  4.780s] [Startup] Firing UPDATE_BINDINGS
[  4.784s] [Startup] Firing UPDATE_CHAT_WINDOWS
[  4.788s] [Startup] Firing LFG_UPDATE_RANDOM_INFO
[  4.789s] [Startup] end post-login events in 154.17ms
[  4.789s] [Startup] begin close startup special windows
[  4.789s] [Startup] end close startup special windows in 350.92µs
[  4.789s] [Startup] begin FIRST_FRAME_RENDERED
[  4.789s] [Startup] Firing FIRST_FRAME_RENDERED
[  4.789s] [Startup] end FIRST_FRAME_RENDERED in 211.34µs
[  4.789s] [Startup] begin unblock hidden splash alerts
[  4.789s] [Startup] end unblock hidden splash alerts in 22.44µs
[  4.789s] [Startup] begin post-event workarounds
[  4.789s] [Startup] end post-event workarounds in 1.45µs
