
running 1 test
test patch_11_2_5_publication_sweep::patch_11_2_5_publication_sweep ... ok

test result: ok. 1 passed; 0 failed; 0 ignored; 0 measured; 10826 filtered out; finished in 5.34s

warning: iced-wgpu-patched/Cargo.toml: `lints.clippy.large-enum-variant` is deprecated in favor of `lints.clippy.large_enum_variant` and will not work in a future edition
warning: iced-wgpu-patched/Cargo.toml: `lints.clippy.map-entry` is deprecated in favor of `lints.clippy.map_entry` and will not work in a future edition
warning: iced-wgpu-patched/Cargo.toml: `lints.clippy.match-wildcard-for-single-variants` is deprecated in favor of `lints.clippy.match_wildcard_for_single_variants` and will not work in a future edition
warning: iced-wgpu-patched/Cargo.toml: `lints.clippy.redundant-closure-for-method-calls` is deprecated in favor of `lints.clippy.redundant_closure_for_method_calls` and will not work in a future edition
warning: iced-wgpu-patched/Cargo.toml: `lints.clippy.trivially-copy-pass-by-ref` is deprecated in favor of `lints.clippy.trivially_copy_pass_by_ref` and will not work in a future edition
warning: iced-wgpu-patched/Cargo.toml: `lints.clippy.type-complexity` is deprecated in favor of `lints.clippy.type_complexity` and will not work in a future edition
warning: `iced_wgpu` (manifest) generated 6 warnings
    Finished `test` profile [optimized + debuginfo] target(s) in 0.31s
     Running tests/integration.rs (target/debug/deps/integration-aef10a2b503e13d5)
[  0.000s] [Startup] WowLuaEnv::new begin
[  0.003s] [Startup] SimState::default complete in 2.75ms
[  0.003s] [Startup] rilua VM created in 167.76µs
[  0.003s] [Startup] builtin frames initialized in 112.94µs
[  0.003s] [Startup] template registry cleared in 6.38µs
[  0.003s] [Startup] intrinsic templates registered in 9.26µs
[  0.003s] [Startup] initial app_data lua handle installed in 651.00ns
[  0.218s] [Startup] init_lua_state complete in 215.17ms
[  0.218s] [Startup] final app_data lua handle installed in 381.00ns
[  0.218s] [Startup] initial screen globals installed in 144.69µs
[  0.218s] [Startup] WowLuaEnv::new complete
[  3.507s] [Startup] apply_post_load_workarounds: begin
[  3.507s] [Workarounds] starting patch_edit_mode_manager
[  3.507s] [Workarounds] finished patch_edit_mode_manager in 491.81µs
[  3.507s] [Workarounds] starting init_edit_mode_layout
[  3.507s] [EditMode] starting setup_layout_info
[  3.513s] [EditMode] finished setup_layout_info in 5.93ms
[  3.513s] [EditMode] starting apply_system_anchors
[  3.719s] [EditMode] finished apply_system_anchors in 205.24ms
[  3.719s] [EditMode] starting finalize_action_bar_positions
[  3.721s] [EditMode] finished finalize_action_bar_positions in 2.19ms
[  3.721s] [EditMode] starting invoke_anchor_changed_hooks
[  3.721s] [EditMode] finished invoke_anchor_changed_hooks in 468.11µs
[  3.721s] [EditMode] starting fix_action_bar_nan_size
[  3.721s] [EditMode] finished fix_action_bar_nan_size in 52.94µs
[  3.721s] [EditMode] starting fix_action_bar_scale
[  3.721s] [EditMode] finished fix_action_bar_scale in 5.41µs
[  3.721s] [Workarounds] finished init_edit_mode_layout in 213.92ms
[  3.721s] [Workarounds] starting patch_ui_parent_panel_toggles
[  3.722s] [Workarounds] finished patch_ui_parent_panel_toggles in 275.31µs
[  3.722s] [Workarounds] starting patch_uiparent_onupdate_worklists
[  3.722s] [Workarounds] finished patch_uiparent_onupdate_worklists in 116.14µs
[  3.722s] [Workarounds] starting init_chat_type_colors
[  3.722s] [Workarounds] finished init_chat_type_colors in 129.39µs
[  3.722s] [Workarounds] starting patch_chat_voice_button_surface
[  3.722s] [Workarounds] finished patch_chat_voice_button_surface in 148.61µs
[  3.722s] [Workarounds] starting patch_item_socketing_tooltips
[  3.722s] [Workarounds] finished patch_item_socketing_tooltips in 65.65µs
[  3.722s] [Workarounds] starting patch_character_select_selected_name
[  3.722s] [Workarounds] finished patch_character_select_selected_name in 36.11µs
[  3.722s] [Workarounds] starting patch_character_create_defaults
[  3.722s] [Workarounds] finished patch_character_create_defaults in 259.74µs
[  3.722s] [Workarounds] starting patch_character_frame_title_refresh
[  3.729s] [Workarounds] finished patch_character_frame_title_refresh in 6.74ms
[  3.729s] [Workarounds] starting patch_vignette_pin_template
[  3.729s] [Workarounds] finished patch_vignette_pin_template in 124.54µs
[  3.729s] [Workarounds] starting patch_fog_of_war_pin_mixin
[  3.729s] [Workarounds] finished patch_fog_of_war_pin_mixin in 314.57µs
[  3.729s] [Workarounds] starting patch_map_exploration_pin_mixin
[  3.736s] [Workarounds] finished patch_map_exploration_pin_mixin in 6.88ms
[  3.736s] [Workarounds] starting patch_map_canvas_data_provider_attachment
[  3.736s] [Workarounds] finished patch_map_canvas_data_provider_attachment in 104.60µs
[  3.736s] [Workarounds] starting ensure_adventure_map_frame_surface
[  3.737s] [Workarounds] finished ensure_adventure_map_frame_surface in 572.97µs
[  3.737s] [Workarounds] starting patch_action_bar_button_event_fanout
[  3.737s] [Workarounds] finished patch_action_bar_button_event_fanout in 122.82µs
[  3.737s] [Workarounds] starting patch_paging_controls_page_text
[  3.737s] [Workarounds] finished patch_paging_controls_page_text in 46.35µs
[  3.737s] [Workarounds] starting patch_talent_edge_frame_level_sync
[  3.737s] [Workarounds] finished patch_talent_edge_frame_level_sync in 34.68µs
[  3.737s] [Workarounds] starting patch_catalog_shop_product_card_defaults
[  3.737s] [Workarounds] finished patch_catalog_shop_product_card_defaults in 72.81µs
[  3.737s] [Workarounds] starting patch_game_time_defaults
[  3.737s] [Workarounds] finished patch_game_time_defaults in 8.06µs
[  3.737s] [Workarounds] starting patch_tooltip_nineslice_surface
[  3.737s] [Workarounds] finished patch_tooltip_nineslice_surface in 50.42µs
[  3.737s] [Workarounds] starting patch_container_frame_token_tracker
[  3.737s] [Workarounds] finished patch_container_frame_token_tracker in 47.43µs
[  3.737s] [Workarounds] starting patch_achievement_display_set_achievements
[  3.737s] [Workarounds] finished patch_achievement_display_set_achievements in 9.49µs
[  3.737s] [Workarounds] starting patch_housing_dashboard_preload
[  3.738s] [Workarounds] finished patch_housing_dashboard_preload in 195.80µs
[  3.738s] [Workarounds] starting patch_lfg_lock_list
[  3.738s] [Workarounds] finished patch_lfg_lock_list in 42.61µs
[  3.738s] [Workarounds] starting patch_auction_house_browse_results_event
[  3.738s] [Workarounds] finished patch_auction_house_browse_results_event in 75.65µs
[  3.738s] [Workarounds] starting patch_auction_house_search_context_aliases
[  3.738s] [Workarounds] finished patch_auction_house_search_context_aliases in 32.88µs
[  3.738s] [Workarounds] starting patch_auth_challenge_frame_parent
[  3.738s] [Workarounds] finished patch_auth_challenge_frame_parent in 81.82µs
[  3.738s] [Workarounds] starting patch_settings_surface_defaults
[  3.738s] [Workarounds] finished patch_settings_surface_defaults in 409.23µs
[  3.738s] [Workarounds] starting patch_settings_canvas_layout_visibility
[  3.738s] [Workarounds] finished patch_settings_canvas_layout_visibility in 126.68µs
[  3.738s] [Startup] apply_post_load_workarounds: workarounds complete
[  3.824s] [Startup] apply_post_load_workarounds: globals restored
[  3.825s] [Startup] apply_post_load_workarounds: patch 12.1 compatibility restored
[  3.825s] [Startup] apply_post_load_workarounds: seterrorhandler restored
[  3.984s] [Startup] begin login sequence
[  3.984s] [Startup] Firing ADDON_LOADED
[  3.984s] [Startup] Firing VARIABLES_LOADED
[  4.148s] [Startup] Firing DISPLAY_SIZE_CHANGED
[  4.200s] [Startup] Firing UI_SCALE_CHANGED
[  4.202s] [Startup] Firing PLAYER_LOGIN
[  4.202s] [Startup] end login sequence in 217.85ms
[  4.202s] [Startup] begin world enter sequence
[  4.202s] [Startup] Skipping EDIT_MODE_LAYOUTS_UPDATED
[  4.202s] [Startup] Firing TIME_PLAYED_MSG via RequestTimePlayed
[  4.202s] [Startup] Firing PLAYER_ENTERING_WORLD
[  4.574s] [EditMode] starting setup_layout_info
[  4.581s] [EditMode] finished setup_layout_info in 7.38ms
[  4.581s] [EditMode] starting apply_system_anchors
[  4.760s] [EditMode] finished apply_system_anchors in 179.17ms
[  4.760s] [EditMode] starting finalize_action_bar_positions
[  4.764s] [EditMode] finished finalize_action_bar_positions in 3.29ms
[  4.764s] [EditMode] starting invoke_anchor_changed_hooks
[  4.771s] [EditMode] finished invoke_anchor_changed_hooks in 7.55ms
[  4.771s] [EditMode] starting fix_action_bar_nan_size
[  4.771s] [EditMode] finished fix_action_bar_nan_size in 104.72µs
[  4.771s] [EditMode] starting fix_action_bar_scale
[  4.771s] [EditMode] finished fix_action_bar_scale in 8.10µs
[  4.771s] [EditMode] starting reapply_player_frame_anchor
[  4.773s] [EditMode] finished reapply_player_frame_anchor in 1.71ms
[  4.783s] [Startup] end world enter sequence in 581.66ms
[  4.783s] [Startup] begin post-login events
[  4.785s] [Startup] Firing UNIT_AURA
[  4.786s] [Startup] Firing PET_UI_UPDATE
[  4.788s] [Startup] Firing BAG_UPDATE_DELAYED
[  4.790s] [Startup] Firing QUEST_LOG_UPDATE
[  4.791s] [Startup] Firing GROUP_ROSTER_UPDATE
[  4.907s] [Startup] Firing ACTIONBAR_UPDATE_STATE
[  4.907s] [Startup] Firing ACTIONBAR_UPDATE_COOLDOWN
[  4.908s] [Startup] Firing UPDATE_BONUS_ACTIONBAR
[  4.925s] [Startup] Firing PLAYER_CAN_GLIDE_CHANGED
[  4.925s] [Startup] Firing PLAYER_IS_GLIDING_CHANGED
[  4.925s] [Startup] Firing UPDATE_BINDINGS
[  4.929s] [Startup] Firing UPDATE_CHAT_WINDOWS
[  4.932s] [Startup] Firing LFG_UPDATE_RANDOM_INFO
[  4.933s] [Startup] end post-login events in 149.47ms
[  4.933s] [Startup] begin close startup special windows
[  4.933s] [Startup] end close startup special windows in 335.46µs
[  4.933s] [Startup] begin FIRST_FRAME_RENDERED
[  4.933s] [Startup] Firing FIRST_FRAME_RENDERED
[  4.934s] [Startup] end FIRST_FRAME_RENDERED in 219.78µs
[  4.934s] [Startup] begin unblock hidden splash alerts
[  4.934s] [Startup] end unblock hidden splash alerts in 17.62µs
[  4.934s] [Startup] begin post-event workarounds
[  4.934s] [Startup] end post-event workarounds in 1.17µs
