
running 1 test
test patch_12_0_5_publication_sweep::patch_12_0_5_publication_sweep ... ok

test result: ok. 1 passed; 0 failed; 0 ignored; 0 measured; 10826 filtered out; finished in 5.53s

warning: iced-wgpu-patched/Cargo.toml: `lints.clippy.large-enum-variant` is deprecated in favor of `lints.clippy.large_enum_variant` and will not work in a future edition
warning: iced-wgpu-patched/Cargo.toml: `lints.clippy.map-entry` is deprecated in favor of `lints.clippy.map_entry` and will not work in a future edition
warning: iced-wgpu-patched/Cargo.toml: `lints.clippy.match-wildcard-for-single-variants` is deprecated in favor of `lints.clippy.match_wildcard_for_single_variants` and will not work in a future edition
warning: iced-wgpu-patched/Cargo.toml: `lints.clippy.redundant-closure-for-method-calls` is deprecated in favor of `lints.clippy.redundant_closure_for_method_calls` and will not work in a future edition
warning: iced-wgpu-patched/Cargo.toml: `lints.clippy.trivially-copy-pass-by-ref` is deprecated in favor of `lints.clippy.trivially_copy_pass_by_ref` and will not work in a future edition
warning: iced-wgpu-patched/Cargo.toml: `lints.clippy.type-complexity` is deprecated in favor of `lints.clippy.type_complexity` and will not work in a future edition
warning: `iced_wgpu` (manifest) generated 6 warnings
    Finished `test` profile [optimized + debuginfo] target(s) in 0.30s
     Running tests/integration.rs (target/debug/deps/integration-aef10a2b503e13d5)
[  0.000s] [Startup] WowLuaEnv::new begin
[  0.003s] [Startup] SimState::default complete in 3.39ms
[  0.004s] [Startup] rilua VM created in 182.21µs
[  0.004s] [Startup] builtin frames initialized in 187.78µs
[  0.004s] [Startup] template registry cleared in 6.88µs
[  0.004s] [Startup] intrinsic templates registered in 9.41µs
[  0.004s] [Startup] initial app_data lua handle installed in 671.00ns
[  0.262s] [Startup] init_lua_state complete in 257.88ms
[  0.262s] [Startup] final app_data lua handle installed in 441.00ns
[  0.262s] [Startup] initial screen globals installed in 203.88µs
[  0.262s] [Startup] WowLuaEnv::new complete
[  3.623s] [Startup] apply_post_load_workarounds: begin
[  3.623s] [Workarounds] starting patch_edit_mode_manager
[  3.624s] [Workarounds] finished patch_edit_mode_manager in 370.52µs
[  3.624s] [Workarounds] starting init_edit_mode_layout
[  3.624s] [EditMode] starting setup_layout_info
[  3.628s] [EditMode] finished setup_layout_info in 4.11ms
[  3.628s] [EditMode] starting apply_system_anchors
[  3.805s] [EditMode] finished apply_system_anchors in 177.67ms
[  3.805s] [EditMode] starting finalize_action_bar_positions
[  3.808s] [EditMode] finished finalize_action_bar_positions in 2.17ms
[  3.808s] [EditMode] starting invoke_anchor_changed_hooks
[  3.808s] [EditMode] finished invoke_anchor_changed_hooks in 481.26µs
[  3.808s] [EditMode] starting fix_action_bar_nan_size
[  3.808s] [EditMode] finished fix_action_bar_nan_size in 63.93µs
[  3.808s] [EditMode] starting fix_action_bar_scale
[  3.808s] [EditMode] finished fix_action_bar_scale in 6.90µs
[  3.808s] [Workarounds] finished init_edit_mode_layout in 184.55ms
[  3.808s] [Workarounds] starting patch_ui_parent_panel_toggles
[  3.809s] [Workarounds] finished patch_ui_parent_panel_toggles in 363.84µs
[  3.809s] [Workarounds] starting patch_uiparent_onupdate_worklists
[  3.809s] [Workarounds] finished patch_uiparent_onupdate_worklists in 172.81µs
[  3.809s] [Workarounds] starting init_chat_type_colors
[  3.809s] [Workarounds] finished init_chat_type_colors in 193.46µs
[  3.809s] [Workarounds] starting patch_chat_voice_button_surface
[  3.809s] [Workarounds] finished patch_chat_voice_button_surface in 230.86µs
[  3.809s] [Workarounds] starting patch_item_socketing_tooltips
[  3.809s] [Workarounds] finished patch_item_socketing_tooltips in 115.31µs
[  3.809s] [Workarounds] starting patch_character_select_selected_name
[  3.809s] [Workarounds] finished patch_character_select_selected_name in 55.00µs
[  3.809s] [Workarounds] starting patch_character_create_defaults
[  3.810s] [Workarounds] finished patch_character_create_defaults in 410.79µs
[  3.810s] [Workarounds] starting patch_character_frame_title_refresh
[  3.821s] [Workarounds] finished patch_character_frame_title_refresh in 11.38ms
[  3.821s] [Workarounds] starting patch_vignette_pin_template
[  3.821s] [Workarounds] finished patch_vignette_pin_template in 204.80µs
[  3.821s] [Workarounds] starting patch_fog_of_war_pin_mixin
[  3.822s] [Workarounds] finished patch_fog_of_war_pin_mixin in 483.37µs
[  3.822s] [Workarounds] starting patch_map_exploration_pin_mixin
[  3.829s] [Workarounds] finished patch_map_exploration_pin_mixin in 7.48ms
[  3.829s] [Workarounds] starting patch_map_canvas_data_provider_attachment
[  3.829s] [Workarounds] finished patch_map_canvas_data_provider_attachment in 113.97µs
[  3.829s] [Workarounds] starting ensure_adventure_map_frame_surface
[  3.830s] [Workarounds] finished ensure_adventure_map_frame_surface in 589.66µs
[  3.830s] [Workarounds] starting patch_action_bar_button_event_fanout
[  3.830s] [Workarounds] finished patch_action_bar_button_event_fanout in 144.66µs
[  3.830s] [Workarounds] starting patch_paging_controls_page_text
[  3.830s] [Workarounds] finished patch_paging_controls_page_text in 48.31µs
[  3.830s] [Workarounds] starting patch_talent_edge_frame_level_sync
[  3.830s] [Workarounds] finished patch_talent_edge_frame_level_sync in 36.20µs
[  3.830s] [Workarounds] starting patch_catalog_shop_product_card_defaults
[  3.830s] [Workarounds] finished patch_catalog_shop_product_card_defaults in 84.50µs
[  3.830s] [Workarounds] starting patch_game_time_defaults
[  3.830s] [Workarounds] finished patch_game_time_defaults in 11.61µs
[  3.830s] [Workarounds] starting patch_tooltip_nineslice_surface
[  3.830s] [Workarounds] finished patch_tooltip_nineslice_surface in 72.13µs
[  3.830s] [Workarounds] starting patch_container_frame_token_tracker
[  3.831s] [Workarounds] finished patch_container_frame_token_tracker in 61.30µs
[  3.831s] [Workarounds] starting patch_achievement_display_set_achievements
[  3.831s] [Workarounds] finished patch_achievement_display_set_achievements in 13.16µs
[  3.831s] [Workarounds] starting patch_housing_dashboard_preload
[  3.831s] [Workarounds] finished patch_housing_dashboard_preload in 271.09µs
[  3.831s] [Workarounds] starting patch_lfg_lock_list
[  3.831s] [Workarounds] finished patch_lfg_lock_list in 72.16µs
[  3.831s] [Workarounds] starting patch_auction_house_browse_results_event
[  3.831s] [Workarounds] finished patch_auction_house_browse_results_event in 116.80µs
[  3.831s] [Workarounds] starting patch_auction_house_search_context_aliases
[  3.831s] [Workarounds] finished patch_auction_house_search_context_aliases in 64.23µs
[  3.831s] [Workarounds] starting patch_auth_challenge_frame_parent
[  3.831s] [Workarounds] finished patch_auth_challenge_frame_parent in 121.19µs
[  3.831s] [Workarounds] starting patch_settings_surface_defaults
[  3.832s] [Workarounds] finished patch_settings_surface_defaults in 618.02µs
[  3.832s] [Workarounds] starting patch_settings_canvas_layout_visibility
[  3.832s] [Workarounds] finished patch_settings_canvas_layout_visibility in 201.61µs
[  3.832s] [Startup] apply_post_load_workarounds: workarounds complete
[  3.923s] [Startup] apply_post_load_workarounds: globals restored
[  3.924s] [Startup] apply_post_load_workarounds: patch 12.1 compatibility restored
[  3.924s] [Startup] apply_post_load_workarounds: seterrorhandler restored
[  4.103s] [Startup] begin login sequence
[  4.103s] [Startup] Firing ADDON_LOADED
[  4.103s] [Startup] Firing VARIABLES_LOADED
[  4.255s] [Startup] Firing DISPLAY_SIZE_CHANGED
[  4.306s] [Startup] Firing UI_SCALE_CHANGED
[  4.307s] [Startup] Firing PLAYER_LOGIN
[  4.307s] [Startup] end login sequence in 204.73ms
[  4.307s] [Startup] begin world enter sequence
[  4.307s] [Startup] Skipping EDIT_MODE_LAYOUTS_UPDATED
[  4.307s] [Startup] Firing TIME_PLAYED_MSG via RequestTimePlayed
[  4.307s] [Startup] Firing PLAYER_ENTERING_WORLD
[  4.633s] [EditMode] starting setup_layout_info
[  4.640s] [EditMode] finished setup_layout_info in 7.13ms
[  4.640s] [EditMode] starting apply_system_anchors
[  4.831s] [EditMode] finished apply_system_anchors in 190.35ms
[  4.831s] [EditMode] starting finalize_action_bar_positions
[  4.836s] [EditMode] finished finalize_action_bar_positions in 5.37ms
[  4.836s] [EditMode] starting invoke_anchor_changed_hooks
[  4.847s] [EditMode] finished invoke_anchor_changed_hooks in 10.65ms
[  4.847s] [EditMode] starting fix_action_bar_nan_size
[  4.847s] [EditMode] finished fix_action_bar_nan_size in 130.88µs
[  4.847s] [EditMode] starting fix_action_bar_scale
[  4.847s] [EditMode] finished fix_action_bar_scale in 9.00µs
[  4.847s] [EditMode] starting reapply_player_frame_anchor
[  4.849s] [EditMode] finished reapply_player_frame_anchor in 2.12ms
[  4.860s] [Startup] end world enter sequence in 553.04ms
[  4.860s] [Startup] begin post-login events
[  4.862s] [Startup] Firing UNIT_AURA
[  4.863s] [Startup] Firing PET_UI_UPDATE
[  4.866s] [Startup] Firing BAG_UPDATE_DELAYED
[  4.869s] [Startup] Firing QUEST_LOG_UPDATE
[  4.871s] [Startup] Firing GROUP_ROSTER_UPDATE
[  5.007s] [Startup] Firing ACTIONBAR_UPDATE_STATE
[  5.007s] [Startup] Firing ACTIONBAR_UPDATE_COOLDOWN
[  5.008s] [Startup] Firing UPDATE_BONUS_ACTIONBAR
[  5.024s] [Startup] Firing PLAYER_CAN_GLIDE_CHANGED
[  5.024s] [Startup] Firing PLAYER_IS_GLIDING_CHANGED
[  5.024s] [Startup] Firing UPDATE_BINDINGS
[  5.028s] [Startup] Firing UPDATE_CHAT_WINDOWS
[  5.031s] [Startup] Firing LFG_UPDATE_RANDOM_INFO
[  5.032s] [Startup] end post-login events in 172.18ms
[  5.032s] [Startup] begin close startup special windows
[  5.033s] [Startup] end close startup special windows in 329.30µs
[  5.033s] [Startup] begin FIRST_FRAME_RENDERED
[  5.033s] [Startup] Firing FIRST_FRAME_RENDERED
[  5.033s] [Startup] end FIRST_FRAME_RENDERED in 203.81µs
[  5.033s] [Startup] begin unblock hidden splash alerts
[  5.033s] [Startup] end unblock hidden splash alerts in 16.70µs
[  5.033s] [Startup] begin post-event workarounds
[  5.033s] [Startup] end post-event workarounds in 1.21µs
