
running 1 test
test patch_12_0_7_publication_sweep::patch_12_0_7_publication_sweep ... ok

test result: ok. 1 passed; 0 failed; 0 ignored; 0 measured; 10826 filtered out; finished in 5.36s

warning: iced-wgpu-patched/Cargo.toml: `lints.clippy.large-enum-variant` is deprecated in favor of `lints.clippy.large_enum_variant` and will not work in a future edition
warning: iced-wgpu-patched/Cargo.toml: `lints.clippy.map-entry` is deprecated in favor of `lints.clippy.map_entry` and will not work in a future edition
warning: iced-wgpu-patched/Cargo.toml: `lints.clippy.match-wildcard-for-single-variants` is deprecated in favor of `lints.clippy.match_wildcard_for_single_variants` and will not work in a future edition
warning: iced-wgpu-patched/Cargo.toml: `lints.clippy.redundant-closure-for-method-calls` is deprecated in favor of `lints.clippy.redundant_closure_for_method_calls` and will not work in a future edition
warning: iced-wgpu-patched/Cargo.toml: `lints.clippy.trivially-copy-pass-by-ref` is deprecated in favor of `lints.clippy.trivially_copy_pass_by_ref` and will not work in a future edition
warning: iced-wgpu-patched/Cargo.toml: `lints.clippy.type-complexity` is deprecated in favor of `lints.clippy.type_complexity` and will not work in a future edition
warning: `iced_wgpu` (manifest) generated 6 warnings
    Finished `test` profile [optimized + debuginfo] target(s) in 0.26s
     Running tests/integration.rs (target/debug/deps/integration-aef10a2b503e13d5)
[  0.000s] [Startup] WowLuaEnv::new begin
[  0.003s] [Startup] SimState::default complete in 2.87ms
[  0.003s] [Startup] rilua VM created in 166.96µs
[  0.003s] [Startup] builtin frames initialized in 107.37µs
[  0.003s] [Startup] template registry cleared in 5.82µs
[  0.003s] [Startup] intrinsic templates registered in 9.53µs
[  0.003s] [Startup] initial app_data lua handle installed in 2.06µs
[  0.201s] [Startup] init_lua_state complete in 198.02ms
[  0.201s] [Startup] final app_data lua handle installed in 391.00ns
[  0.201s] [Startup] initial screen globals installed in 218.65µs
[  0.201s] [Startup] WowLuaEnv::new complete
[  3.535s] [Startup] apply_post_load_workarounds: begin
[  3.535s] [Workarounds] starting patch_edit_mode_manager
[  3.536s] [Workarounds] finished patch_edit_mode_manager in 368.24µs
[  3.536s] [Workarounds] starting init_edit_mode_layout
[  3.536s] [EditMode] starting setup_layout_info
[  3.540s] [EditMode] finished setup_layout_info in 4.34ms
[  3.540s] [EditMode] starting apply_system_anchors
[  3.734s] [EditMode] finished apply_system_anchors in 193.48ms
[  3.734s] [EditMode] starting finalize_action_bar_positions
[  3.736s] [EditMode] finished finalize_action_bar_positions in 2.32ms
[  3.736s] [EditMode] starting invoke_anchor_changed_hooks
[  3.736s] [EditMode] finished invoke_anchor_changed_hooks in 495.00µs
[  3.736s] [EditMode] starting fix_action_bar_nan_size
[  3.736s] [EditMode] finished fix_action_bar_nan_size in 53.42µs
[  3.736s] [EditMode] starting fix_action_bar_scale
[  3.737s] [EditMode] finished fix_action_bar_scale in 5.50µs
[  3.737s] [Workarounds] finished init_edit_mode_layout in 200.74ms
[  3.737s] [Workarounds] starting patch_ui_parent_panel_toggles
[  3.737s] [Workarounds] finished patch_ui_parent_panel_toggles in 290.87µs
[  3.737s] [Workarounds] starting patch_uiparent_onupdate_worklists
[  3.737s] [Workarounds] finished patch_uiparent_onupdate_worklists in 124.37µs
[  3.737s] [Workarounds] starting init_chat_type_colors
[  3.737s] [Workarounds] finished init_chat_type_colors in 207.36µs
[  3.737s] [Workarounds] starting patch_chat_voice_button_surface
[  3.737s] [Workarounds] finished patch_chat_voice_button_surface in 154.31µs
[  3.737s] [Workarounds] starting patch_item_socketing_tooltips
[  3.737s] [Workarounds] finished patch_item_socketing_tooltips in 69.66µs
[  3.737s] [Workarounds] starting patch_character_select_selected_name
[  3.737s] [Workarounds] finished patch_character_select_selected_name in 36.32µs
[  3.737s] [Workarounds] starting patch_character_create_defaults
[  3.738s] [Workarounds] finished patch_character_create_defaults in 272.98µs
[  3.738s] [Workarounds] starting patch_character_frame_title_refresh
[  3.745s] [Workarounds] finished patch_character_frame_title_refresh in 7.13ms
[  3.745s] [Workarounds] starting patch_vignette_pin_template
[  3.745s] [Workarounds] finished patch_vignette_pin_template in 149.23µs
[  3.745s] [Workarounds] starting patch_fog_of_war_pin_mixin
[  3.745s] [Workarounds] finished patch_fog_of_war_pin_mixin in 351.45µs
[  3.745s] [Workarounds] starting patch_map_exploration_pin_mixin
[  3.753s] [Workarounds] finished patch_map_exploration_pin_mixin in 7.46ms
[  3.753s] [Workarounds] starting patch_map_canvas_data_provider_attachment
[  3.753s] [Workarounds] finished patch_map_canvas_data_provider_attachment in 133.94µs
[  3.753s] [Workarounds] starting ensure_adventure_map_frame_surface
[  3.754s] [Workarounds] finished ensure_adventure_map_frame_surface in 607.04µs
[  3.754s] [Workarounds] starting patch_action_bar_button_event_fanout
[  3.754s] [Workarounds] finished patch_action_bar_button_event_fanout in 139.74µs
[  3.754s] [Workarounds] starting patch_paging_controls_page_text
[  3.754s] [Workarounds] finished patch_paging_controls_page_text in 54.60µs
[  3.754s] [Workarounds] starting patch_talent_edge_frame_level_sync
[  3.754s] [Workarounds] finished patch_talent_edge_frame_level_sync in 42.02µs
[  3.754s] [Workarounds] starting patch_catalog_shop_product_card_defaults
[  3.754s] [Workarounds] finished patch_catalog_shop_product_card_defaults in 80.75µs
[  3.754s] [Workarounds] starting patch_game_time_defaults
[  3.754s] [Workarounds] finished patch_game_time_defaults in 13.11µs
[  3.754s] [Workarounds] starting patch_tooltip_nineslice_surface
[  3.754s] [Workarounds] finished patch_tooltip_nineslice_surface in 59.63µs
[  3.754s] [Workarounds] starting patch_container_frame_token_tracker
[  3.754s] [Workarounds] finished patch_container_frame_token_tracker in 55.05µs
[  3.754s] [Workarounds] starting patch_achievement_display_set_achievements
[  3.754s] [Workarounds] finished patch_achievement_display_set_achievements in 13.63µs
[  3.754s] [Workarounds] starting patch_housing_dashboard_preload
[  3.754s] [Workarounds] finished patch_housing_dashboard_preload in 209.01µs
[  3.754s] [Workarounds] starting patch_lfg_lock_list
[  3.754s] [Workarounds] finished patch_lfg_lock_list in 50.44µs
[  3.754s] [Workarounds] starting patch_auction_house_browse_results_event
[  3.754s] [Workarounds] finished patch_auction_house_browse_results_event in 85.11µs
[  3.754s] [Workarounds] starting patch_auction_house_search_context_aliases
[  3.754s] [Workarounds] finished patch_auction_house_search_context_aliases in 40.34µs
[  3.754s] [Workarounds] starting patch_auth_challenge_frame_parent
[  3.755s] [Workarounds] finished patch_auth_challenge_frame_parent in 91.07µs
[  3.755s] [Workarounds] starting patch_settings_surface_defaults
[  3.755s] [Workarounds] finished patch_settings_surface_defaults in 452.16µs
[  3.755s] [Workarounds] starting patch_settings_canvas_layout_visibility
[  3.755s] [Workarounds] finished patch_settings_canvas_layout_visibility in 145.68µs
[  3.755s] [Startup] apply_post_load_workarounds: workarounds complete
[  3.854s] [Startup] apply_post_load_workarounds: globals restored
[  3.855s] [Startup] apply_post_load_workarounds: patch 12.1 compatibility restored
[  3.855s] [Startup] apply_post_load_workarounds: seterrorhandler restored
[  4.018s] [Startup] begin login sequence
[  4.018s] [Startup] Firing ADDON_LOADED
[  4.018s] [Startup] Firing VARIABLES_LOADED
[  4.141s] [Startup] Firing DISPLAY_SIZE_CHANGED
[  4.198s] [Startup] Firing UI_SCALE_CHANGED
[  4.200s] [Startup] Firing PLAYER_LOGIN
[  4.200s] [Startup] end login sequence in 182.20ms
[  4.200s] [Startup] begin world enter sequence
[  4.200s] [Startup] Skipping EDIT_MODE_LAYOUTS_UPDATED
[  4.200s] [Startup] Firing TIME_PLAYED_MSG via RequestTimePlayed
[  4.200s] [Startup] Firing PLAYER_ENTERING_WORLD
[  4.523s] [EditMode] starting setup_layout_info
[  4.529s] [EditMode] finished setup_layout_info in 5.11ms
[  4.529s] [EditMode] starting apply_system_anchors
[  4.713s] [EditMode] finished apply_system_anchors in 184.26ms
[  4.713s] [EditMode] starting finalize_action_bar_positions
[  4.716s] [EditMode] finished finalize_action_bar_positions in 3.48ms
[  4.716s] [EditMode] starting invoke_anchor_changed_hooks
[  4.724s] [EditMode] finished invoke_anchor_changed_hooks in 7.51ms
[  4.724s] [EditMode] starting fix_action_bar_nan_size
[  4.724s] [EditMode] finished fix_action_bar_nan_size in 105.47µs
[  4.724s] [EditMode] starting fix_action_bar_scale
[  4.724s] [EditMode] finished fix_action_bar_scale in 6.35µs
[  4.724s] [EditMode] starting reapply_player_frame_anchor
[  4.726s] [EditMode] finished reapply_player_frame_anchor in 1.72ms
[  4.737s] [Startup] end world enter sequence in 537.39ms
[  4.737s] [Startup] begin post-login events
[  4.739s] [Startup] Firing UNIT_AURA
[  4.740s] [Startup] Firing PET_UI_UPDATE
[  4.744s] [Startup] Firing BAG_UPDATE_DELAYED
[  4.747s] [Startup] Firing QUEST_LOG_UPDATE
[  4.749s] [Startup] Firing GROUP_ROSTER_UPDATE
[  4.939s] [Startup] Firing ACTIONBAR_UPDATE_STATE
[  4.939s] [Startup] Firing ACTIONBAR_UPDATE_COOLDOWN
[  4.941s] [Startup] Firing UPDATE_BONUS_ACTIONBAR
[  4.961s] [Startup] Firing PLAYER_CAN_GLIDE_CHANGED
[  4.961s] [Startup] Firing PLAYER_IS_GLIDING_CHANGED
[  4.961s] [Startup] Firing UPDATE_BINDINGS
[  4.965s] [Startup] Firing UPDATE_CHAT_WINDOWS
[  4.968s] [Startup] Firing LFG_UPDATE_RANDOM_INFO
[  4.969s] [Startup] end post-login events in 232.18ms
[  4.969s] [Startup] begin close startup special windows
[  4.970s] [Startup] end close startup special windows in 344.91µs
[  4.970s] [Startup] begin FIRST_FRAME_RENDERED
[  4.970s] [Startup] Firing FIRST_FRAME_RENDERED
[  4.970s] [Startup] end FIRST_FRAME_RENDERED in 269.05µs
[  4.970s] [Startup] begin unblock hidden splash alerts
[  4.970s] [Startup] end unblock hidden splash alerts in 22.30µs
[  4.970s] [Startup] begin post-event workarounds
[  4.970s] [Startup] end post-event workarounds in 1.33µs
