
running 1 test
test patch_12_0_0_publication_sweep::patch_12_0_0_publication_sweep ... ok

test result: ok. 1 passed; 0 failed; 0 ignored; 0 measured; 10826 filtered out; finished in 5.62s

warning: iced-wgpu-patched/Cargo.toml: `lints.clippy.large-enum-variant` is deprecated in favor of `lints.clippy.large_enum_variant` and will not work in a future edition
warning: iced-wgpu-patched/Cargo.toml: `lints.clippy.map-entry` is deprecated in favor of `lints.clippy.map_entry` and will not work in a future edition
warning: iced-wgpu-patched/Cargo.toml: `lints.clippy.match-wildcard-for-single-variants` is deprecated in favor of `lints.clippy.match_wildcard_for_single_variants` and will not work in a future edition
warning: iced-wgpu-patched/Cargo.toml: `lints.clippy.redundant-closure-for-method-calls` is deprecated in favor of `lints.clippy.redundant_closure_for_method_calls` and will not work in a future edition
warning: iced-wgpu-patched/Cargo.toml: `lints.clippy.trivially-copy-pass-by-ref` is deprecated in favor of `lints.clippy.trivially_copy_pass_by_ref` and will not work in a future edition
warning: iced-wgpu-patched/Cargo.toml: `lints.clippy.type-complexity` is deprecated in favor of `lints.clippy.type_complexity` and will not work in a future edition
warning: `iced_wgpu` (manifest) generated 6 warnings
    Finished `test` profile [optimized + debuginfo] target(s) in 0.25s
     Running tests/integration.rs (target/debug/deps/integration-aef10a2b503e13d5)
[  0.000s] [Startup] WowLuaEnv::new begin
[  0.003s] [Startup] SimState::default complete in 2.91ms
[  0.003s] [Startup] rilua VM created in 151.73µs
[  0.003s] [Startup] builtin frames initialized in 109.86µs
[  0.003s] [Startup] template registry cleared in 7.24µs
[  0.003s] [Startup] intrinsic templates registered in 9.43µs
[  0.003s] [Startup] initial app_data lua handle installed in 691.00ns
[  0.206s] [Startup] init_lua_state complete in 202.50ms
[  0.206s] [Startup] final app_data lua handle installed in 391.00ns
[  0.206s] [Startup] initial screen globals installed in 143.41µs
[  0.206s] [Startup] WowLuaEnv::new complete
[  3.417s] [Startup] apply_post_load_workarounds: begin
[  3.417s] [Workarounds] starting patch_edit_mode_manager
[  3.417s] [Workarounds] finished patch_edit_mode_manager in 376.94µs
[  3.417s] [Workarounds] starting init_edit_mode_layout
[  3.417s] [EditMode] starting setup_layout_info
[  3.421s] [EditMode] finished setup_layout_info in 4.14ms
[  3.421s] [EditMode] starting apply_system_anchors
[  3.629s] [EditMode] finished apply_system_anchors in 207.98ms
[  3.629s] [EditMode] starting finalize_action_bar_positions
[  3.632s] [EditMode] finished finalize_action_bar_positions in 2.25ms
[  3.632s] [EditMode] starting invoke_anchor_changed_hooks
[  3.632s] [EditMode] finished invoke_anchor_changed_hooks in 491.29µs
[  3.632s] [EditMode] starting fix_action_bar_nan_size
[  3.632s] [EditMode] finished fix_action_bar_nan_size in 59.68µs
[  3.632s] [EditMode] starting fix_action_bar_scale
[  3.632s] [EditMode] finished fix_action_bar_scale in 7.22µs
[  3.632s] [Workarounds] finished init_edit_mode_layout in 214.98ms
[  3.632s] [Workarounds] starting patch_ui_parent_panel_toggles
[  3.632s] [Workarounds] finished patch_ui_parent_panel_toggles in 279.61µs
[  3.632s] [Workarounds] starting patch_uiparent_onupdate_worklists
[  3.633s] [Workarounds] finished patch_uiparent_onupdate_worklists in 121.54µs
[  3.633s] [Workarounds] starting init_chat_type_colors
[  3.633s] [Workarounds] finished init_chat_type_colors in 150.44µs
[  3.633s] [Workarounds] starting patch_chat_voice_button_surface
[  3.633s] [Workarounds] finished patch_chat_voice_button_surface in 158.13µs
[  3.633s] [Workarounds] starting patch_item_socketing_tooltips
[  3.633s] [Workarounds] finished patch_item_socketing_tooltips in 75.30µs
[  3.633s] [Workarounds] starting patch_character_select_selected_name
[  3.633s] [Workarounds] finished patch_character_select_selected_name in 40.56µs
[  3.633s] [Workarounds] starting patch_character_create_defaults
[  3.633s] [Workarounds] finished patch_character_create_defaults in 270.68µs
[  3.633s] [Workarounds] starting patch_character_frame_title_refresh
[  3.640s] [Workarounds] finished patch_character_frame_title_refresh in 6.86ms
[  3.640s] [Workarounds] starting patch_vignette_pin_template
[  3.640s] [Workarounds] finished patch_vignette_pin_template in 139.02µs
[  3.640s] [Workarounds] starting patch_fog_of_war_pin_mixin
[  3.641s] [Workarounds] finished patch_fog_of_war_pin_mixin in 341.78µs
[  3.641s] [Workarounds] starting patch_map_exploration_pin_mixin
[  3.648s] [Workarounds] finished patch_map_exploration_pin_mixin in 6.89ms
[  3.648s] [Workarounds] starting patch_map_canvas_data_provider_attachment
[  3.648s] [Workarounds] finished patch_map_canvas_data_provider_attachment in 122.33µs
[  3.648s] [Workarounds] starting ensure_adventure_map_frame_surface
[  3.648s] [Workarounds] finished ensure_adventure_map_frame_surface in 566.25µs
[  3.648s] [Workarounds] starting patch_action_bar_button_event_fanout
[  3.648s] [Workarounds] finished patch_action_bar_button_event_fanout in 126.24µs
[  3.648s] [Workarounds] starting patch_paging_controls_page_text
[  3.648s] [Workarounds] finished patch_paging_controls_page_text in 50.96µs
[  3.648s] [Workarounds] starting patch_talent_edge_frame_level_sync
[  3.648s] [Workarounds] finished patch_talent_edge_frame_level_sync in 34.60µs
[  3.648s] [Workarounds] starting patch_catalog_shop_product_card_defaults
[  3.649s] [Workarounds] finished patch_catalog_shop_product_card_defaults in 70.76µs
[  3.649s] [Workarounds] starting patch_game_time_defaults
[  3.649s] [Workarounds] finished patch_game_time_defaults in 8.26µs
[  3.649s] [Workarounds] starting patch_tooltip_nineslice_surface
[  3.649s] [Workarounds] finished patch_tooltip_nineslice_surface in 48.98µs
[  3.649s] [Workarounds] starting patch_container_frame_token_tracker
[  3.649s] [Workarounds] finished patch_container_frame_token_tracker in 46.40µs
[  3.649s] [Workarounds] starting patch_achievement_display_set_achievements
[  3.649s] [Workarounds] finished patch_achievement_display_set_achievements in 9.24µs
[  3.649s] [Workarounds] starting patch_housing_dashboard_preload
[  3.649s] [Workarounds] finished patch_housing_dashboard_preload in 195.00µs
[  3.649s] [Workarounds] starting patch_lfg_lock_list
[  3.649s] [Workarounds] finished patch_lfg_lock_list in 40.63µs
[  3.649s] [Workarounds] starting patch_auction_house_browse_results_event
[  3.649s] [Workarounds] finished patch_auction_house_browse_results_event in 74.97µs
[  3.649s] [Workarounds] starting patch_auction_house_search_context_aliases
[  3.649s] [Workarounds] finished patch_auction_house_search_context_aliases in 32.86µs
[  3.649s] [Workarounds] starting patch_auth_challenge_frame_parent
[  3.649s] [Workarounds] finished patch_auth_challenge_frame_parent in 76.27µs
[  3.649s] [Workarounds] starting patch_settings_surface_defaults
[  3.650s] [Workarounds] finished patch_settings_surface_defaults in 402.50µs
[  3.650s] [Workarounds] starting patch_settings_canvas_layout_visibility
[  3.650s] [Workarounds] finished patch_settings_canvas_layout_visibility in 128.62µs
[  3.650s] [Startup] apply_post_load_workarounds: workarounds complete
[  3.735s] [Startup] apply_post_load_workarounds: globals restored
[  3.736s] [Startup] apply_post_load_workarounds: patch 12.1 compatibility restored
[  3.736s] [Startup] apply_post_load_workarounds: seterrorhandler restored
[  3.908s] [Startup] begin login sequence
[  3.908s] [Startup] Firing ADDON_LOADED
[  3.908s] [Startup] Firing VARIABLES_LOADED
[  4.052s] [Startup] Firing DISPLAY_SIZE_CHANGED
[  4.109s] [Startup] Firing UI_SCALE_CHANGED
[  4.112s] [Startup] Firing PLAYER_LOGIN
[  4.112s] [Startup] end login sequence in 204.24ms
[  4.112s] [Startup] begin world enter sequence
[  4.112s] [Startup] Skipping EDIT_MODE_LAYOUTS_UPDATED
[  4.112s] [Startup] Firing TIME_PLAYED_MSG via RequestTimePlayed
[  4.112s] [Startup] Firing PLAYER_ENTERING_WORLD
[  4.486s] [EditMode] starting setup_layout_info
[  4.492s] [EditMode] finished setup_layout_info in 5.42ms
[  4.492s] [EditMode] starting apply_system_anchors
[  4.682s] [EditMode] finished apply_system_anchors in 190.30ms
[  4.682s] [EditMode] starting finalize_action_bar_positions
[  4.686s] [EditMode] finished finalize_action_bar_positions in 3.62ms
[  4.686s] [EditMode] starting invoke_anchor_changed_hooks
[  4.693s] [EditMode] finished invoke_anchor_changed_hooks in 7.76ms
[  4.693s] [EditMode] starting fix_action_bar_nan_size
[  4.694s] [EditMode] finished fix_action_bar_nan_size in 112.80µs
[  4.694s] [EditMode] starting fix_action_bar_scale
[  4.694s] [EditMode] finished fix_action_bar_scale in 9.31µs
[  4.694s] [EditMode] starting reapply_player_frame_anchor
[  4.695s] [EditMode] finished reapply_player_frame_anchor in 1.85ms
[  4.707s] [Startup] end world enter sequence in 595.24ms
[  4.707s] [Startup] begin post-login events
[  4.708s] [Startup] Firing UNIT_AURA
[  4.709s] [Startup] Firing PET_UI_UPDATE
[  4.712s] [Startup] Firing BAG_UPDATE_DELAYED
[  4.714s] [Startup] Firing QUEST_LOG_UPDATE
[  4.715s] [Startup] Firing GROUP_ROSTER_UPDATE
[  4.844s] [Startup] Firing ACTIONBAR_UPDATE_STATE
[  4.844s] [Startup] Firing ACTIONBAR_UPDATE_COOLDOWN
[  4.845s] [Startup] Firing UPDATE_BONUS_ACTIONBAR
[  4.865s] [Startup] Firing PLAYER_CAN_GLIDE_CHANGED
[  4.865s] [Startup] Firing PLAYER_IS_GLIDING_CHANGED
[  4.865s] [Startup] Firing UPDATE_BINDINGS
[  4.871s] [Startup] Firing UPDATE_CHAT_WINDOWS
[  4.874s] [Startup] Firing LFG_UPDATE_RANDOM_INFO
[  4.876s] [Startup] end post-login events in 168.72ms
[  4.876s] [Startup] begin close startup special windows
[  4.876s] [Startup] end close startup special windows in 382.59µs
[  4.876s] [Startup] begin FIRST_FRAME_RENDERED
[  4.876s] [Startup] Firing FIRST_FRAME_RENDERED
[  4.877s] [Startup] end FIRST_FRAME_RENDERED in 304.31µs
[  4.877s] [Startup] begin unblock hidden splash alerts
[  4.877s] [Startup] end unblock hidden splash alerts in 19.27µs
[  4.877s] [Startup] begin post-event workarounds
[  4.877s] [Startup] end post-event workarounds in 1.33µs
