
running 1 test
test patch_10_0_7_classic_surfaces::patch_10_0_7_mists_preserves_legacy_namespace_lookup ... ok

test result: ok. 1 passed; 0 failed; 0 ignored; 0 measured; 8152 filtered out; finished in 0.22s

warning: iced-wgpu-patched/Cargo.toml: `lints.clippy.large-enum-variant` is deprecated in favor of `lints.clippy.large_enum_variant` and will not work in a future edition
warning: iced-wgpu-patched/Cargo.toml: `lints.clippy.map-entry` is deprecated in favor of `lints.clippy.map_entry` and will not work in a future edition
warning: iced-wgpu-patched/Cargo.toml: `lints.clippy.match-wildcard-for-single-variants` is deprecated in favor of `lints.clippy.match_wildcard_for_single_variants` and will not work in a future edition
warning: iced-wgpu-patched/Cargo.toml: `lints.clippy.redundant-closure-for-method-calls` is deprecated in favor of `lints.clippy.redundant_closure_for_method_calls` and will not work in a future edition
warning: iced-wgpu-patched/Cargo.toml: `lints.clippy.trivially-copy-pass-by-ref` is deprecated in favor of `lints.clippy.trivially_copy_pass_by_ref` and will not work in a future edition
warning: iced-wgpu-patched/Cargo.toml: `lints.clippy.type-complexity` is deprecated in favor of `lints.clippy.type_complexity` and will not work in a future edition
warning: `iced_wgpu` (manifest) generated 6 warnings
   Compiling wow-ui-sim v0.1.0 (/home/osso/.worktrees/wow-ui-sim-p1007-page)
    Finished `test` profile [optimized + debuginfo] target(s) in 7m 55s
     Running tests/integration.rs (target/debug/deps/integration-ffd649b41b2c85a7)
[  0.000s] [Startup] WowLuaEnv::new begin
[  0.003s] [Startup] SimState::default complete in 2.67ms
[  0.003s] [Startup] rilua VM created in 152.75µs
[  0.003s] [Startup] builtin frames initialized in 100.50µs
[  0.003s] [Startup] template registry cleared in 9.69µs
[  0.005s] [Startup] intrinsic templates registered in 1.59ms
[  0.005s] [Startup] initial app_data lua handle installed in 671.00ns
[  0.214s] [Startup] init_lua_state complete in 209.83ms
[  0.214s] [Startup] final app_data lua handle installed in 371.00ns
[  0.215s] [Startup] initial screen globals installed in 153.43µs
[  0.215s] [Startup] WowLuaEnv::new complete
