
running 1 test
test patch_10_0_7_publication_sweep::patch_10_0_7_publication_sweep has been running for over 60 seconds
test patch_10_0_7_publication_sweep::patch_10_0_7_publication_sweep ... FAILED

failures:

failures:
    patch_10_0_7_publication_sweep::patch_10_0_7_publication_sweep

test result: FAILED. 0 passed; 1 failed; 0 ignored; 0 measured; 10826 filtered out; finished in 213.67s

warning: iced-wgpu-patched/Cargo.toml: `lints.clippy.large-enum-variant` is deprecated in favor of `lints.clippy.large_enum_variant` and will not work in a future edition
warning: iced-wgpu-patched/Cargo.toml: `lints.clippy.map-entry` is deprecated in favor of `lints.clippy.map_entry` and will not work in a future edition
warning: iced-wgpu-patched/Cargo.toml: `lints.clippy.match-wildcard-for-single-variants` is deprecated in favor of `lints.clippy.match_wildcard_for_single_variants` and will not work in a future edition
warning: iced-wgpu-patched/Cargo.toml: `lints.clippy.redundant-closure-for-method-calls` is deprecated in favor of `lints.clippy.redundant_closure_for_method_calls` and will not work in a future edition
warning: iced-wgpu-patched/Cargo.toml: `lints.clippy.trivially-copy-pass-by-ref` is deprecated in favor of `lints.clippy.trivially_copy_pass_by_ref` and will not work in a future edition
warning: iced-wgpu-patched/Cargo.toml: `lints.clippy.type-complexity` is deprecated in favor of `lints.clippy.type_complexity` and will not work in a future edition
warning: `iced_wgpu` (manifest) generated 6 warnings
   Compiling wow-ui-sim v0.1.0 (/home/osso/.worktrees/wow-ui-sim-p1007-page)
    Finished `test` profile [optimized + debuginfo] target(s) in 2m 42s
     Running tests/integration.rs (target/debug/deps/integration-aef10a2b503e13d5)
[  0.000s] [Startup] WowLuaEnv::new begin
[  0.395s] [Startup] SimState::default complete in 217.98ms
[  0.395s] [Startup] rilua VM created in 281.23µs
[  0.405s] [Startup] builtin frames initialized in 10.03ms
[  0.405s] [Startup] template registry cleared in 53.65µs
[  0.405s] [Startup] intrinsic templates registered in 19.40µs
[  0.405s] [Startup] initial app_data lua handle installed in 21.52µs
[  0.738s] [Startup] init_lua_state complete in 333.37ms
[  0.738s] [Startup] final app_data lua handle installed in 551.00ns
[  0.739s] [Startup] initial screen globals installed in 256.94µs
[  0.739s] [Startup] WowLuaEnv::new complete
[  6.122s] [Startup] apply_post_load_workarounds: begin
[  6.122s] [Workarounds] starting patch_edit_mode_manager
[  6.123s] [Workarounds] finished patch_edit_mode_manager in 732.82µs
[  6.123s] [Workarounds] starting init_edit_mode_layout
[  6.123s] [EditMode] starting setup_layout_info
[  6.134s] [EditMode] finished setup_layout_info in 10.54ms
[  6.134s] [EditMode] starting apply_system_anchors
[  6.416s] [EditMode] finished apply_system_anchors in 281.86ms
[  6.416s] [EditMode] starting finalize_action_bar_positions
[  6.421s] [EditMode] finished finalize_action_bar_positions in 5.46ms
[  6.421s] [EditMode] starting invoke_anchor_changed_hooks
[  6.422s] [EditMode] finished invoke_anchor_changed_hooks in 1.21ms
[  6.422s] [EditMode] starting fix_action_bar_nan_size
[  6.422s] [EditMode] finished fix_action_bar_nan_size in 121.67µs
[  6.422s] [EditMode] starting fix_action_bar_scale
[  6.423s] [EditMode] finished fix_action_bar_scale in 13.25µs
[  6.423s] [Workarounds] finished init_edit_mode_layout in 299.36ms
[  6.423s] [Workarounds] starting patch_ui_parent_panel_toggles
[  6.423s] [Workarounds] finished patch_ui_parent_panel_toggles in 541.08µs
[  6.423s] [Workarounds] starting patch_uiparent_onupdate_worklists
[  6.423s] [Workarounds] finished patch_uiparent_onupdate_worklists in 247.33µs
[  6.423s] [Workarounds] starting init_chat_type_colors
[  6.424s] [Workarounds] finished init_chat_type_colors in 329.07µs
[  6.424s] [Workarounds] starting patch_chat_voice_button_surface
[  6.424s] [Workarounds] finished patch_chat_voice_button_surface in 370.55µs
[  6.424s] [Workarounds] starting patch_item_socketing_tooltips
[  6.424s] [Workarounds] finished patch_item_socketing_tooltips in 160.29µs
[  6.424s] [Workarounds] starting patch_character_select_selected_name
[  6.424s] [Workarounds] finished patch_character_select_selected_name in 88.71µs
[  6.424s] [Workarounds] starting patch_character_create_defaults
[  6.425s] [Workarounds] finished patch_character_create_defaults in 550.70µs
[  6.425s] [Workarounds] starting patch_character_frame_title_refresh
[  6.441s] [Workarounds] finished patch_character_frame_title_refresh in 15.66ms
[  6.441s] [Workarounds] starting patch_vignette_pin_template
[  6.441s] [Workarounds] finished patch_vignette_pin_template in 317.07µs
[  6.441s] [Workarounds] starting patch_fog_of_war_pin_mixin
[  6.442s] [Workarounds] finished patch_fog_of_war_pin_mixin in 700.54µs
[  6.442s] [Workarounds] starting patch_map_exploration_pin_mixin
[  6.455s] [Workarounds] finished patch_map_exploration_pin_mixin in 12.99ms
[  6.455s] [Workarounds] starting patch_map_canvas_data_provider_attachment
[  6.455s] [Workarounds] finished patch_map_canvas_data_provider_attachment in 200.76µs
[  6.455s] [Workarounds] starting ensure_adventure_map_frame_surface
[  6.456s] [Workarounds] finished ensure_adventure_map_frame_surface in 1.09ms
[  6.456s] [Workarounds] starting patch_action_bar_button_event_fanout
[  6.456s] [Workarounds] finished patch_action_bar_button_event_fanout in 251.23µs
[  6.456s] [Workarounds] starting patch_paging_controls_page_text
[  6.456s] [Workarounds] finished patch_paging_controls_page_text in 89.39µs
[  6.456s] [Workarounds] starting patch_talent_edge_frame_level_sync
[  6.456s] [Workarounds] finished patch_talent_edge_frame_level_sync in 59.33µs
[  6.456s] [Workarounds] starting patch_catalog_shop_product_card_defaults
[  6.456s] [Workarounds] finished patch_catalog_shop_product_card_defaults in 125.49µs
[  6.456s] [Workarounds] starting patch_game_time_defaults
[  6.456s] [Workarounds] finished patch_game_time_defaults in 16.25µs
[  6.456s] [Workarounds] starting patch_tooltip_nineslice_surface
[  6.457s] [Workarounds] finished patch_tooltip_nineslice_surface in 96.31µs
[  6.457s] [Workarounds] starting patch_container_frame_token_tracker
[  6.457s] [Workarounds] finished patch_container_frame_token_tracker in 85.76µs
[  6.457s] [Workarounds] starting patch_achievement_display_set_achievements
[  6.457s] [Workarounds] finished patch_achievement_display_set_achievements in 18.22µs
[  6.457s] [Workarounds] starting patch_housing_dashboard_preload
[  6.457s] [Workarounds] finished patch_housing_dashboard_preload in 378.82µs
[  6.457s] [Workarounds] starting patch_lfg_lock_list
[  6.457s] [Workarounds] finished patch_lfg_lock_list in 97.43µs
[  6.457s] [Workarounds] starting patch_auction_house_browse_results_event
[  6.457s] [Workarounds] finished patch_auction_house_browse_results_event in 148.29µs
[  6.457s] [Workarounds] starting patch_auction_house_search_context_aliases
[  6.457s] [Workarounds] finished patch_auction_house_search_context_aliases in 60.92µs
[  6.457s] [Workarounds] starting patch_auth_challenge_frame_parent
[  6.458s] [Workarounds] finished patch_auth_challenge_frame_parent in 161.95µs
[  6.458s] [Workarounds] starting patch_settings_surface_defaults
[  6.458s] [Workarounds] finished patch_settings_surface_defaults in 884.14µs
[  6.458s] [Workarounds] starting patch_settings_canvas_layout_visibility
[  6.459s] [Workarounds] finished patch_settings_canvas_layout_visibility in 235.80µs
[  6.459s] [Startup] apply_post_load_workarounds: workarounds complete
[  6.588s] [Startup] apply_post_load_workarounds: globals restored
[  6.589s] [Startup] apply_post_load_workarounds: patch 12.1 compatibility restored
[  6.589s] [Startup] apply_post_load_workarounds: seterrorhandler restored
[  6.868s] [Startup] begin login sequence
[  6.868s] [Startup] Firing ADDON_LOADED
[  6.868s] [Startup] Firing VARIABLES_LOADED
[  7.102s] [Startup] Firing DISPLAY_SIZE_CHANGED
[  7.214s] [Startup] Firing UI_SCALE_CHANGED
[  7.216s] [Startup] Firing PLAYER_LOGIN
[  7.216s] [Startup] end login sequence in 348.21ms
[  7.216s] [Startup] begin world enter sequence
[  7.216s] [Startup] Skipping EDIT_MODE_LAYOUTS_UPDATED
[  7.216s] [Startup] Firing TIME_PLAYED_MSG via RequestTimePlayed
[  7.216s] [Startup] Firing PLAYER_ENTERING_WORLD
[  7.693s] [EditMode] starting setup_layout_info
[  7.703s] [EditMode] finished setup_layout_info in 9.24ms
[  7.703s] [EditMode] starting apply_system_anchors
[  7.939s] [EditMode] finished apply_system_anchors in 236.25ms
[  7.939s] [EditMode] starting finalize_action_bar_positions
[  7.944s] [EditMode] finished finalize_action_bar_positions in 4.67ms
[  7.944s] [EditMode] starting invoke_anchor_changed_hooks
[  7.958s] [EditMode] finished invoke_anchor_changed_hooks in 14.62ms
[  7.958s] [EditMode] starting fix_action_bar_nan_size
[  7.958s] [EditMode] finished fix_action_bar_nan_size in 159.12µs
[  7.958s] [EditMode] starting fix_action_bar_scale
[  7.958s] [EditMode] finished fix_action_bar_scale in 11.40µs
[  7.958s] [EditMode] starting reapply_player_frame_anchor
[  7.962s] [EditMode] finished reapply_player_frame_anchor in 3.02ms
[  7.980s] [Startup] end world enter sequence in 764.61ms
[  7.980s] [Startup] begin post-login events
[  7.982s] [Startup] Firing UNIT_AURA
[  7.984s] [Startup] Firing PET_UI_UPDATE
[  7.987s] [Startup] Firing BAG_UPDATE_DELAYED
[  7.990s] [Startup] Firing QUEST_LOG_UPDATE
[  7.992s] [Startup] Firing GROUP_ROSTER_UPDATE
[  8.168s] [Startup] Firing ACTIONBAR_UPDATE_STATE
[  8.168s] [Startup] Firing ACTIONBAR_UPDATE_COOLDOWN
[  8.170s] [Startup] Firing UPDATE_BONUS_ACTIONBAR
[  8.191s] [Startup] Firing PLAYER_CAN_GLIDE_CHANGED
[  8.191s] [Startup] Firing PLAYER_IS_GLIDING_CHANGED
[  8.191s] [Startup] Firing UPDATE_BINDINGS
[  8.196s] [Startup] Firing UPDATE_CHAT_WINDOWS
[  8.200s] [Startup] Firing LFG_UPDATE_RANDOM_INFO
[  8.202s] [Startup] end post-login events in 221.23ms
[  8.202s] [Startup] begin close startup special windows
[  8.202s] [Startup] end close startup special windows in 415.05µs
[  8.202s] [Startup] begin FIRST_FRAME_RENDERED
[  8.202s] [Startup] Firing FIRST_FRAME_RENDERED
[  8.202s] [Startup] end FIRST_FRAME_RENDERED in 260.17µs
[  8.202s] [Startup] begin unblock hidden splash alerts
[  8.202s] [Startup] end unblock hidden splash alerts in 24.57µs
[  8.202s] [Startup] begin post-event workarounds
[  8.202s] [Startup] end post-event workarounds in 1.88µs
CVar default mismatch wt-cvars-vrsValarEnvLuma-109: page=Some("0.05"), observed=None
CVar default mismatch wt-cvars-vrsValarK-110: page=Some("2.13"), observed=None
CVar default mismatch wt-cvars-vrsValarSensitivityThreshold-111: page=Some("0.31"), observed=None
CVar default mismatch wt-cvars-vrsValarUseAsyncCompute-112: page=Some("0"), observed=None
CVar default mismatch wt-cvars-vrsValarUseMotionVectors-113: page=Some("0"), observed=None
CVar default mismatch wt-cvars-vrsValarUseWeberFechner-114: page=Some("0"), observed=None
CVar default mismatch wt-cvars-vrsValarWeberFechnerConstant-115: page=Some("1.0"), observed=None

thread 'patch_10_0_7_publication_sweep::patch_10_0_7_publication_sweep' (3339466) panicked at /home/osso/.worktrees/wow-ui-sim-p1007-page/tests/common/publication_sweep.rs:501:5:
assertion `left == right` failed: new gaps: ["wt-global-api-IsAdvancedFlyableArea-47"]; resolved/stale gaps: []
  left: {"wt-cvars-vrsValarEnvLuma-109", "wt-cvars-vrsValarK-110", "wt-cvars-vrsValarSensitivityThreshold-111", "wt-cvars-vrsValarUseAsyncCompute-112", "wt-cvars-vrsValarUseMotionVectors-113", "wt-cvars-vrsValarUseWeberFechner-114", "wt-cvars-vrsValarWeberFechnerConstant-115", "wt-global-api-C_ChatInfo.GetChatLineSenderGUID-25", "wt-global-api-C_ChatInfo.GetChatLineSenderName-26", "wt-global-api-C_ChatInfo.IsChatLineCensored-28", "wt-global-api-C_ChatInfo.RequestCanLocalWhisperTarget-29", "wt-global-api-C_ConsoleScriptCollection.GetCollectionDataByID-31", "wt-global-api-C_ConsoleScriptCollection.GetCollectionDataByTag-32", "wt-global-api-C_ConsoleScriptCollection.GetElements-33", "wt-global-api-C_ConsoleScriptCollection.GetScriptData-34", "wt-global-api-C_GossipInfo.SelectOptionByIndex-35", "wt-global-api-C_PetJournal.GetNumPetsInJournal-36", "wt-global-api-C_PlayerInteractionManager.InteractUnit-71", "wt-global-api-C_PvP.GetAssignedSpecForBattlefieldQueue-38", "wt-global-api-C_QuestOffer.GetHideRequiredItems-39", "wt-global-api-C_Texture.ClearTitleIconTexture-40", "wt-global-api-C_Texture.GetTitleIconTexture-41", "wt-global-api-C_Texture.IsTitleIconTextureReady-42", "wt-global-api-C_Texture.SetTitleIconTexture-43", "wt-global-api-C_Traits.IsReadyForCommit-45", "wt-global-api-GetCurrentGraphicsAPI-46", "wt-global-api-IsAdvancedFlyableArea-47"}
 right: {"wt-cvars-vrsValarEnvLuma-109", "wt-cvars-vrsValarK-110", "wt-cvars-vrsValarSensitivityThreshold-111", "wt-cvars-vrsValarUseAsyncCompute-112", "wt-cvars-vrsValarUseMotionVectors-113", "wt-cvars-vrsValarUseWeberFechner-114", "wt-cvars-vrsValarWeberFechnerConstant-115", "wt-global-api-C_ChatInfo.GetChatLineSenderGUID-25", "wt-global-api-C_ChatInfo.GetChatLineSenderName-26", "wt-global-api-C_ChatInfo.IsChatLineCensored-28", "wt-global-api-C_ChatInfo.RequestCanLocalWhisperTarget-29", "wt-global-api-C_ConsoleScriptCollection.GetCollectionDataByID-31", "wt-global-api-C_ConsoleScriptCollection.GetCollectionDataByTag-32", "wt-global-api-C_ConsoleScriptCollection.GetElements-33", "wt-global-api-C_ConsoleScriptCollection.GetScriptData-34", "wt-global-api-C_GossipInfo.SelectOptionByIndex-35", "wt-global-api-C_PetJournal.GetNumPetsInJournal-36", "wt-global-api-C_PlayerInteractionManager.InteractUnit-71", "wt-global-api-C_PvP.GetAssignedSpecForBattlefieldQueue-38", "wt-global-api-C_QuestOffer.GetHideRequiredItems-39", "wt-global-api-C_Texture.ClearTitleIconTexture-40", "wt-global-api-C_Texture.GetTitleIconTexture-41", "wt-global-api-C_Texture.IsTitleIconTextureReady-42", "wt-global-api-C_Texture.SetTitleIconTexture-43", "wt-global-api-C_Traits.IsReadyForCommit-45", "wt-global-api-GetCurrentGraphicsAPI-46"}
note: run with `RUST_BACKTRACE=1` environment variable to display a backtrace
error: test failed, to rerun pass `--test integration`
