
running 1 test
test patch_10_0_7_publication_fixes::patch_10_0_7_unused_members_stay_absent ... ok

test result: ok. 1 passed; 0 failed; 0 ignored; 0 measured; 10826 filtered out; finished in 0.17s

warning: iced-wgpu-patched/Cargo.toml: `lints.clippy.large-enum-variant` is deprecated in favor of `lints.clippy.large_enum_variant` and will not work in a future edition
warning: iced-wgpu-patched/Cargo.toml: `lints.clippy.map-entry` is deprecated in favor of `lints.clippy.map_entry` and will not work in a future edition
warning: iced-wgpu-patched/Cargo.toml: `lints.clippy.match-wildcard-for-single-variants` is deprecated in favor of `lints.clippy.match_wildcard_for_single_variants` and will not work in a future edition
warning: iced-wgpu-patched/Cargo.toml: `lints.clippy.redundant-closure-for-method-calls` is deprecated in favor of `lints.clippy.redundant_closure_for_method_calls` and will not work in a future edition
warning: iced-wgpu-patched/Cargo.toml: `lints.clippy.trivially-copy-pass-by-ref` is deprecated in favor of `lints.clippy.trivially_copy_pass_by_ref` and will not work in a future edition
warning: iced-wgpu-patched/Cargo.toml: `lints.clippy.type-complexity` is deprecated in favor of `lints.clippy.type_complexity` and will not work in a future edition
warning: `iced_wgpu` (manifest) generated 6 warnings
   Compiling wow-ui-sim v0.1.0 (/home/osso/.worktrees/wow-ui-sim-p1007-page)
    Finished `test` profile [optimized + debuginfo] target(s) in 1m 44s
     Running tests/integration.rs (target/debug/deps/integration-aef10a2b503e13d5)
[  0.000s] [Startup] WowLuaEnv::new begin
[  0.003s] [Startup] SimState::default complete in 3.37ms
[  0.004s] [Startup] rilua VM created in 170.43µs
[  0.004s] [Startup] builtin frames initialized in 112.78µs
[  0.004s] [Startup] template registry cleared in 6.49µs
[  0.004s] [Startup] intrinsic templates registered in 9.07µs
[  0.004s] [Startup] initial app_data lua handle installed in 681.00ns
[  0.161s] [Startup] init_lua_state complete in 157.26ms
[  0.161s] [Startup] final app_data lua handle installed in 230.00ns
[  0.161s] [Startup] initial screen globals installed in 95.57µs
[  0.161s] [Startup] WowLuaEnv::new complete
