running 1 tests
test patch_10_0_7_cached_surfaces::patch_10_0_7_cached_unused_member_retirements ... ok

test result: ok. 1 passed; 0 failed; 1 total
warning: iced-wgpu-patched/Cargo.toml: `lints.clippy.large-enum-variant` is deprecated in favor of `lints.clippy.large_enum_variant` and will not work in a future edition
warning: iced-wgpu-patched/Cargo.toml: `lints.clippy.map-entry` is deprecated in favor of `lints.clippy.map_entry` and will not work in a future edition
warning: iced-wgpu-patched/Cargo.toml: `lints.clippy.match-wildcard-for-single-variants` is deprecated in favor of `lints.clippy.match_wildcard_for_single_variants` and will not work in a future edition
warning: iced-wgpu-patched/Cargo.toml: `lints.clippy.redundant-closure-for-method-calls` is deprecated in favor of `lints.clippy.redundant_closure_for_method_calls` and will not work in a future edition
warning: iced-wgpu-patched/Cargo.toml: `lints.clippy.trivially-copy-pass-by-ref` is deprecated in favor of `lints.clippy.trivially_copy_pass_by_ref` and will not work in a future edition
warning: iced-wgpu-patched/Cargo.toml: `lints.clippy.type-complexity` is deprecated in favor of `lints.clippy.type_complexity` and will not work in a future edition
warning: `iced_wgpu` (manifest) generated 6 warnings
   Compiling wow-ui-sim v0.1.0 (/home/osso/.worktrees/wow-ui-sim-p1007-page)
    Finished `test` profile [optimized + debuginfo] target(s) in 26.59s
     Running tests/prefork_full_ui.rs (target/debug/deps/prefork_full_ui-34a818a91c447c36)
[  0.000s] [Startup] WowLuaEnv::new begin
[  0.003s] [Startup] SimState::default complete in 3.43ms
[  0.004s] [Startup] rilua VM created in 129.82µs
[  0.004s] [Startup] builtin frames initialized in 95.57µs
[  0.004s] [Startup] template registry cleared in 7.47µs
[  0.004s] [Startup] intrinsic templates registered in 8.68µs
[  0.004s] [Startup] initial app_data lua handle installed in 2.19µs
[  0.132s] [Startup] init_lua_state complete in 128.42ms
[  0.132s] [Startup] final app_data lua handle installed in 331.00ns
[  0.132s] [Startup] initial screen globals installed in 103.04µs
[  0.132s] [Startup] WowLuaEnv::new complete
[  3.295s] [Startup] apply_post_load_workarounds: begin
[  3.295s] [Workarounds] starting patch_edit_mode_manager
[  3.295s] [Workarounds] finished patch_edit_mode_manager in 503.36µs
[  3.295s] [Workarounds] starting init_edit_mode_layout
[  3.295s] [EditMode] starting setup_layout_info
[  3.301s] [EditMode] finished setup_layout_info in 5.37ms
[  3.301s] [EditMode] starting apply_system_anchors
[  3.531s] [EditMode] finished apply_system_anchors in 230.13ms
[  3.531s] [EditMode] starting finalize_action_bar_positions
[  3.533s] [EditMode] finished finalize_action_bar_positions in 2.68ms
[  3.533s] [EditMode] starting invoke_anchor_changed_hooks
[  3.534s] [EditMode] finished invoke_anchor_changed_hooks in 568.74µs
[  3.534s] [EditMode] starting fix_action_bar_nan_size
[  3.534s] [EditMode] finished fix_action_bar_nan_size in 71.40µs
[  3.534s] [EditMode] starting fix_action_bar_scale
[  3.534s] [EditMode] finished fix_action_bar_scale in 7.94µs
[  3.534s] [Workarounds] finished init_edit_mode_layout in 238.87ms
[  3.534s] [Workarounds] starting patch_ui_parent_panel_toggles
[  3.534s] [Workarounds] finished patch_ui_parent_panel_toggles in 385.48µs
[  3.534s] [Workarounds] starting patch_uiparent_onupdate_worklists
[  3.535s] [Workarounds] finished patch_uiparent_onupdate_worklists in 159.61µs
[  3.535s] [Workarounds] starting init_chat_type_colors
[  3.535s] [Workarounds] finished init_chat_type_colors in 173.38µs
[  3.535s] [Workarounds] starting patch_chat_voice_button_surface
[  3.535s] [Workarounds] finished patch_chat_voice_button_surface in 180.98µs
[  3.535s] [Workarounds] starting patch_item_socketing_tooltips
[  3.535s] [Workarounds] finished patch_item_socketing_tooltips in 93.48µs
[  3.535s] [Workarounds] starting patch_character_select_selected_name
[  3.535s] [Workarounds] finished patch_character_select_selected_name in 51.66µs
[  3.535s] [Workarounds] starting patch_character_create_defaults
[  3.535s] [Workarounds] finished patch_character_create_defaults in 372.96µs
[  3.535s] [Workarounds] starting patch_character_frame_title_refresh
[  3.545s] [Workarounds] finished patch_character_frame_title_refresh in 9.40ms
[  3.545s] [Workarounds] starting patch_vignette_pin_template
[  3.545s] [Workarounds] finished patch_vignette_pin_template in 136.99µs
[  3.545s] [Workarounds] starting patch_fog_of_war_pin_mixin
[  3.545s] [Workarounds] finished patch_fog_of_war_pin_mixin in 418.52µs
[  3.545s] [Workarounds] starting patch_map_exploration_pin_mixin
[  3.555s] [Workarounds] finished patch_map_exploration_pin_mixin in 9.28ms
[  3.555s] [Workarounds] starting patch_map_canvas_data_provider_attachment
[  3.555s] [Workarounds] finished patch_map_canvas_data_provider_attachment in 102.69µs
[  3.555s] [Workarounds] starting ensure_adventure_map_frame_surface
[  3.556s] [Workarounds] finished ensure_adventure_map_frame_surface in 712.10µs
[  3.556s] [Workarounds] starting patch_action_bar_button_event_fanout
[  3.556s] [Workarounds] finished patch_action_bar_button_event_fanout in 162.70µs
[  3.556s] [Workarounds] starting patch_paging_controls_page_text
[  3.556s] [Workarounds] finished patch_paging_controls_page_text in 65.06µs
[  3.556s] [Workarounds] starting patch_talent_edge_frame_level_sync
[  3.556s] [Workarounds] finished patch_talent_edge_frame_level_sync in 49.42µs
[  3.556s] [Workarounds] starting patch_catalog_shop_product_card_defaults
[  3.556s] [Workarounds] finished patch_catalog_shop_product_card_defaults in 101.48µs
[  3.556s] [Workarounds] starting patch_game_time_defaults
[  3.556s] [Workarounds] finished patch_game_time_defaults in 11.17µs
[  3.556s] [Workarounds] starting patch_tooltip_nineslice_surface
[  3.556s] [Workarounds] finished patch_tooltip_nineslice_surface in 70.40µs
[  3.556s] [Workarounds] starting patch_container_frame_token_tracker
[  3.556s] [Workarounds] finished patch_container_frame_token_tracker in 64.31µs
[  3.556s] [Workarounds] starting patch_achievement_display_set_achievements
[  3.556s] [Workarounds] finished patch_achievement_display_set_achievements in 12.80µs
[  3.556s] [Workarounds] starting patch_housing_dashboard_preload
[  3.556s] [Workarounds] finished patch_housing_dashboard_preload in 266.75µs
[  3.556s] [Workarounds] starting patch_lfg_lock_list
[  3.556s] [Workarounds] finished patch_lfg_lock_list in 54.68µs
[  3.556s] [Workarounds] starting patch_auction_house_browse_results_event
[  3.557s] [Workarounds] finished patch_auction_house_browse_results_event in 109.64µs
[  3.557s] [Workarounds] starting patch_auction_house_search_context_aliases
[  3.557s] [Workarounds] finished patch_auction_house_search_context_aliases in 47.36µs
[  3.557s] [Workarounds] starting patch_auth_challenge_frame_parent
[  3.557s] [Workarounds] finished patch_auth_challenge_frame_parent in 101.40µs
[  3.557s] [Workarounds] starting patch_settings_surface_defaults
[  3.557s] [Workarounds] finished patch_settings_surface_defaults in 590.61µs
[  3.557s] [Workarounds] starting patch_settings_canvas_layout_visibility
[  3.557s] [Workarounds] finished patch_settings_canvas_layout_visibility in 182.61µs
[  3.557s] [Startup] apply_post_load_workarounds: workarounds complete
[  3.654s] [Startup] apply_post_load_workarounds: globals restored
[  3.654s] [Startup] apply_post_load_workarounds: patch 12.1 compatibility restored
[  3.654s] [Startup] apply_post_load_workarounds: seterrorhandler restored
[  3.827s] [Startup] begin login sequence
[  3.827s] [Startup] Firing ADDON_LOADED
[  3.827s] [Startup] Firing VARIABLES_LOADED
[  3.959s] [Startup] Firing DISPLAY_SIZE_CHANGED
[  4.008s] [Startup] Firing UI_SCALE_CHANGED
[  4.010s] [Startup] Firing PLAYER_LOGIN
[  4.010s] [Startup] end login sequence in 182.50ms
[  4.010s] [Startup] begin world enter sequence
[  4.010s] [Startup] Skipping EDIT_MODE_LAYOUTS_UPDATED
[  4.010s] [Startup] Firing TIME_PLAYED_MSG via RequestTimePlayed
[  4.010s] [Startup] Firing PLAYER_ENTERING_WORLD
[  4.313s] [EditMode] starting setup_layout_info
[  4.318s] [EditMode] finished setup_layout_info in 5.14ms
[  4.318s] [EditMode] starting apply_system_anchors
[  4.493s] [EditMode] finished apply_system_anchors in 174.96ms
[  4.493s] [EditMode] starting finalize_action_bar_positions
[  4.496s] [EditMode] finished finalize_action_bar_positions in 3.22ms
[  4.496s] [EditMode] starting invoke_anchor_changed_hooks
[  4.503s] [EditMode] finished invoke_anchor_changed_hooks in 7.09ms
[  4.503s] [EditMode] starting fix_action_bar_nan_size
[  4.503s] [EditMode] finished fix_action_bar_nan_size in 95.71µs
[  4.503s] [EditMode] starting fix_action_bar_scale
[  4.503s] [EditMode] finished fix_action_bar_scale in 6.39µs
[  4.503s] [EditMode] starting reapply_player_frame_anchor
[  4.505s] [EditMode] finished reapply_player_frame_anchor in 1.77ms
[  4.516s] [Startup] end world enter sequence in 506.16ms
[  4.516s] [Startup] begin post-login events
[  4.517s] [Startup] Firing UNIT_AURA
[  4.518s] [Startup] Firing PET_UI_UPDATE
[  4.520s] [Startup] Firing BAG_UPDATE_DELAYED
[  4.521s] [Startup] Firing QUEST_LOG_UPDATE
[  4.522s] [Startup] Firing GROUP_ROSTER_UPDATE
[  4.611s] [Startup] Firing ACTIONBAR_UPDATE_STATE
[  4.611s] [Startup] Firing ACTIONBAR_UPDATE_COOLDOWN
[  4.612s] [Startup] Firing UPDATE_BONUS_ACTIONBAR
[  4.623s] [Startup] Firing PLAYER_CAN_GLIDE_CHANGED
[  4.623s] [Startup] Firing PLAYER_IS_GLIDING_CHANGED
[  4.623s] [Startup] Firing UPDATE_BINDINGS
[  4.626s] [Startup] Firing UPDATE_CHAT_WINDOWS
[  4.629s] [Startup] Firing LFG_UPDATE_RANDOM_INFO
[  4.630s] [Startup] end post-login events in 113.98ms
[  4.630s] [Startup] begin close startup special windows
[  4.630s] [Startup] end close startup special windows in 281.14µs
[  4.630s] [Startup] begin FIRST_FRAME_RENDERED
[  4.630s] [Startup] Firing FIRST_FRAME_RENDERED
[  4.630s] [Startup] end FIRST_FRAME_RENDERED in 169.59µs
[  4.630s] [Startup] begin unblock hidden splash alerts
[  4.630s] [Startup] end unblock hidden splash alerts in 14.01µs
[  4.630s] [Startup] begin post-event workarounds
[  4.630s] [Startup] end post-event workarounds in 722.00ns
