
running 1 test
test patch_8_0_1_map_coordinates::patch_8_0_1_world_position_requires_a_real_projection ... FAILED

failures:

failures:
    patch_8_0_1_map_coordinates::patch_8_0_1_world_position_requires_a_real_projection

test result: FAILED. 0 passed; 1 failed; 0 ignored; 0 measured; 10659 filtered out; finished in 0.10s

warning: iced-wgpu-patched/Cargo.toml: `lints.clippy.large-enum-variant` is deprecated in favor of `lints.clippy.large_enum_variant` and will not work in a future edition
warning: iced-wgpu-patched/Cargo.toml: `lints.clippy.map-entry` is deprecated in favor of `lints.clippy.map_entry` and will not work in a future edition
warning: iced-wgpu-patched/Cargo.toml: `lints.clippy.match-wildcard-for-single-variants` is deprecated in favor of `lints.clippy.match_wildcard_for_single_variants` and will not work in a future edition
warning: iced-wgpu-patched/Cargo.toml: `lints.clippy.redundant-closure-for-method-calls` is deprecated in favor of `lints.clippy.redundant_closure_for_method_calls` and will not work in a future edition
warning: iced-wgpu-patched/Cargo.toml: `lints.clippy.trivially-copy-pass-by-ref` is deprecated in favor of `lints.clippy.trivially_copy_pass_by_ref` and will not work in a future edition
warning: iced-wgpu-patched/Cargo.toml: `lints.clippy.type-complexity` is deprecated in favor of `lints.clippy.type_complexity` and will not work in a future edition
warning: `iced_wgpu` (manifest) generated 6 warnings
   Compiling wow-ui-sim v0.1.0 (/home/osso/.worktrees/wow-ui-sim-p801-page)
    Finished `test` profile [optimized + debuginfo] target(s) in 1m 16s
     Running tests/integration.rs (/home/osso/.cache/wow-ui-sim-targets/p801-page/debug/deps/integration-1db16289b0998b2a)
[  0.000s] [Startup] WowLuaEnv::new begin
[  0.002s] [Startup] SimState::default complete in 1.70ms
[  0.002s] [Startup] rilua VM created in 87.45µs
[  0.002s] [Startup] builtin frames initialized in 66.14µs
[  0.002s] [Startup] template registry cleared in 5.41µs
[  0.002s] [Startup] intrinsic templates registered in 5.45µs
[  0.002s] [Startup] initial app_data lua handle installed in 501.00ns
[  0.096s] [Startup] init_lua_state complete in 94.22ms
[  0.096s] [Startup] final app_data lua handle installed in 160.00ns
[  0.096s] [Startup] initial screen globals installed in 49.98µs
[  0.096s] [Startup] WowLuaEnv::new complete

thread 'patch_8_0_1_map_coordinates::patch_8_0_1_world_position_requires_a_real_projection' (564620) panicked at /home/osso/.worktrees/wow-ui-sim-p801-page/tests/patch_8_0_1_map_coordinates.rs:7:5:
inverse projection has no raw-published implementation
note: run with `RUST_BACKTRACE=1` environment variable to display a backtrace
error: test failed, to rerun pass `--test integration`
