warning: iced-wgpu-patched/Cargo.toml: `lints.clippy.large-enum-variant` is deprecated in favor of `lints.clippy.large_enum_variant` and will not work in a future edition
warning: iced-wgpu-patched/Cargo.toml: `lints.clippy.map-entry` is deprecated in favor of `lints.clippy.map_entry` and will not work in a future edition
warning: iced-wgpu-patched/Cargo.toml: `lints.clippy.match-wildcard-for-single-variants` is deprecated in favor of `lints.clippy.match_wildcard_for_single_variants` and will not work in a future edition
warning: iced-wgpu-patched/Cargo.toml: `lints.clippy.redundant-closure-for-method-calls` is deprecated in favor of `lints.clippy.redundant_closure_for_method_calls` and will not work in a future edition
warning: iced-wgpu-patched/Cargo.toml: `lints.clippy.trivially-copy-pass-by-ref` is deprecated in favor of `lints.clippy.trivially_copy_pass_by_ref` and will not work in a future edition
warning: iced-wgpu-patched/Cargo.toml: `lints.clippy.type-complexity` is deprecated in favor of `lints.clippy.type_complexity` and will not work in a future edition
warning: `iced_wgpu` (manifest) generated 6 warnings
   Compiling wow-ui-sim v0.1.0 (/home/osso/.worktrees/wow-ui-sim-p801-page)
    Finished `test` profile [optimized + debuginfo] target(s) in 17.90s
     Running tests/prefork_full_ui.rs (/home/osso/.cache/wow-ui-sim-targets/p801-page/debug/deps/prefork_full_ui-21dd5c807fe7a7b6)
[  0.000s] [Startup] WowLuaEnv::new begin
[  0.002s] [Startup] SimState::default complete in 1.84ms
[  0.002s] [Startup] rilua VM created in 77.92µs
[  0.002s] [Startup] builtin frames initialized in 55.09µs
[  0.002s] [Startup] template registry cleared in 6.90µs
[  0.002s] [Startup] intrinsic templates registered in 5.55µs
[  0.002s] [Startup] initial app_data lua handle installed in 180.00ns
[  0.087s] [Startup] init_lua_state complete in 85.36ms
[  0.087s] [Startup] final app_data lua handle installed in 171.00ns
[  0.087s] [Startup] initial screen globals installed in 49.88µs
[  0.087s] [Startup] WowLuaEnv::new complete
[  1.889s] [Startup] apply_post_load_workarounds: begin
[  1.889s] [Workarounds] starting patch_edit_mode_manager
[  1.889s] [Workarounds] finished patch_edit_mode_manager in 246.75µs
[  1.890s] [Workarounds] starting init_edit_mode_layout
[  1.890s] [EditMode] starting setup_layout_info
[  1.892s] [EditMode] finished setup_layout_info in 2.57ms
[  1.892s] [EditMode] starting apply_system_anchors
[  1.997s] [EditMode] finished apply_system_anchors in 104.92ms
[  1.997s] [EditMode] starting finalize_action_bar_positions
[  1.998s] [EditMode] finished finalize_action_bar_positions in 1.33ms
[  1.998s] [EditMode] starting invoke_anchor_changed_hooks
[  1.999s] [EditMode] finished invoke_anchor_changed_hooks in 323.44µs
[  1.999s] [EditMode] starting fix_action_bar_nan_size
[  1.999s] [EditMode] finished fix_action_bar_nan_size in 31.24µs
[  1.999s] [EditMode] starting fix_action_bar_scale
[  1.999s] [EditMode] finished fix_action_bar_scale in 3.61µs
[  1.999s] [Workarounds] finished init_edit_mode_layout in 109.22ms
[  1.999s] [Workarounds] starting patch_ui_parent_panel_toggles
[  1.999s] [Workarounds] finished patch_ui_parent_panel_toggles in 177.27µs
[  1.999s] [Workarounds] starting patch_uiparent_onupdate_worklists
[  1.999s] [Workarounds] finished patch_uiparent_onupdate_worklists in 75.45µs
[  1.999s] [Workarounds] starting init_chat_type_colors
[  1.999s] [Workarounds] finished init_chat_type_colors in 93.84µs
[  1.999s] [Workarounds] starting patch_chat_voice_button_surface
[  1.999s] [Workarounds] finished patch_chat_voice_button_surface in 90.54µs
[  1.999s] [Workarounds] starting patch_item_socketing_tooltips
[  1.999s] [Workarounds] finished patch_item_socketing_tooltips in 44.86µs
[  1.999s] [Workarounds] starting patch_character_select_selected_name
[  1.999s] [Workarounds] finished patch_character_select_selected_name in 24.38µs
[  1.999s] [Workarounds] starting patch_character_create_defaults
[  1.999s] [Workarounds] finished patch_character_create_defaults in 173.32µs
[  1.999s] [Workarounds] starting patch_character_frame_title_refresh
[  2.004s] [Workarounds] finished patch_character_frame_title_refresh in 4.50ms
[  2.004s] [Workarounds] starting patch_vignette_pin_template
[  2.004s] [Workarounds] finished patch_vignette_pin_template in 69.52µs
[  2.004s] [Workarounds] starting patch_fog_of_war_pin_mixin
[  2.004s] [Workarounds] finished patch_fog_of_war_pin_mixin in 206.32µs
[  2.004s] [Workarounds] starting patch_map_exploration_pin_mixin
[  2.009s] [Workarounds] finished patch_map_exploration_pin_mixin in 4.27ms
[  2.009s] [Workarounds] starting patch_map_canvas_data_provider_attachment
[  2.009s] [Workarounds] finished patch_map_canvas_data_provider_attachment in 47.61µs
[  2.009s] [Workarounds] starting ensure_adventure_map_frame_surface
[  2.009s] [Workarounds] finished ensure_adventure_map_frame_surface in 325.58µs
[  2.009s] [Workarounds] starting patch_action_bar_button_event_fanout
[  2.009s] [Workarounds] finished patch_action_bar_button_event_fanout in 75.94µs
[  2.009s] [Workarounds] starting patch_paging_controls_page_text
[  2.009s] [Workarounds] finished patch_paging_controls_page_text in 29.93µs
[  2.009s] [Workarounds] starting patch_talent_edge_frame_level_sync
[  2.009s] [Workarounds] finished patch_talent_edge_frame_level_sync in 23.26µs
[  2.009s] [Workarounds] starting patch_catalog_shop_product_card_defaults
[  2.009s] [Workarounds] finished patch_catalog_shop_product_card_defaults in 48.24µs
[  2.009s] [Workarounds] starting patch_game_time_defaults
[  2.009s] [Workarounds] finished patch_game_time_defaults in 5.84µs
[  2.009s] [Workarounds] starting patch_tooltip_nineslice_surface
[  2.009s] [Workarounds] finished patch_tooltip_nineslice_surface in 33.20µs
[  2.009s] [Workarounds] starting patch_container_frame_token_tracker
[  2.009s] [Workarounds] finished patch_container_frame_token_tracker in 35.34µs
[  2.009s] [Workarounds] starting patch_achievement_display_set_achievements
[  2.009s] [Workarounds] finished patch_achievement_display_set_achievements in 6.43µs
[  2.009s] [Workarounds] starting patch_housing_dashboard_preload
[  2.009s] [Workarounds] finished patch_housing_dashboard_preload in 121.94µs
[  2.009s] [Workarounds] starting patch_lfg_lock_list
[  2.009s] [Workarounds] finished patch_lfg_lock_list in 24.58µs
[  2.009s] [Workarounds] starting patch_auction_house_browse_results_event
[  2.009s] [Workarounds] finished patch_auction_house_browse_results_event in 49.96µs
[  2.009s] [Workarounds] starting patch_auction_house_search_context_aliases
[  2.009s] [Workarounds] finished patch_auction_house_search_context_aliases in 23.01µs
[  2.009s] [Workarounds] starting patch_auth_challenge_frame_parent
[  2.009s] [Workarounds] finished patch_auth_challenge_frame_parent in 51.73µs
[  2.009s] [Workarounds] starting patch_settings_surface_defaults
[  2.010s] [Workarounds] finished patch_settings_surface_defaults in 264.91µs
[  2.010s] [Workarounds] starting patch_settings_canvas_layout_visibility
[  2.010s] [Workarounds] finished patch_settings_canvas_layout_visibility in 85.68µs
[  2.010s] [Startup] apply_post_load_workarounds: workarounds complete
[  2.055s] [Startup] apply_post_load_workarounds: globals restored
[  2.056s] [Startup] apply_post_load_workarounds: patch 12.1 compatibility restored
[  2.056s] [Startup] apply_post_load_workarounds: seterrorhandler restored
[  2.174s] [Startup] begin login sequence
[  2.174s] [Startup] Firing ADDON_LOADED
[  2.174s] [Startup] Firing VARIABLES_LOADED
[  2.247s] [Startup] Firing DISPLAY_SIZE_CHANGED
[  2.285s] [Startup] Firing UI_SCALE_CHANGED
[  2.286s] [Startup] Firing PLAYER_LOGIN
[  2.286s] [Startup] end login sequence in 111.93ms
[  2.286s] [Startup] begin world enter sequence
[  2.286s] [Startup] Skipping EDIT_MODE_LAYOUTS_UPDATED
[  2.286s] [Startup] Firing TIME_PLAYED_MSG via RequestTimePlayed
[  2.286s] [Startup] Firing PLAYER_ENTERING_WORLD
[  2.463s] [EditMode] starting setup_layout_info
[  2.466s] [EditMode] finished setup_layout_info in 2.96ms
[  2.466s] [EditMode] starting apply_system_anchors
[  2.562s] [EditMode] finished apply_system_anchors in 96.23ms
[  2.562s] [EditMode] starting finalize_action_bar_positions
[  2.564s] [EditMode] finished finalize_action_bar_positions in 1.69ms
[  2.564s] [EditMode] starting invoke_anchor_changed_hooks
[  2.568s] [EditMode] finished invoke_anchor_changed_hooks in 4.44ms
[  2.568s] [EditMode] starting fix_action_bar_nan_size
[  2.569s] [EditMode] finished fix_action_bar_nan_size in 46.54µs
[  2.569s] [EditMode] starting fix_action_bar_scale
[  2.569s] [EditMode] finished fix_action_bar_scale in 3.39µs
[  2.569s] [EditMode] starting reapply_player_frame_anchor
[  2.570s] [EditMode] finished reapply_player_frame_anchor in 1.14ms
[  2.576s] [Startup] end world enter sequence in 290.82ms
[  2.576s] [Startup] begin post-login events
[  2.577s] [Startup] Firing UNIT_AURA
[  2.578s] [Startup] Firing PET_UI_UPDATE
[  2.578s] [Startup] Firing BAG_UPDATE_DELAYED
[  2.580s] [Startup] Firing QUEST_LOG_UPDATE
[  2.581s] [Startup] Firing GROUP_ROSTER_UPDATE
[  2.646s] [Startup] Firing ACTIONBAR_UPDATE_STATE
[  2.646s] [Startup] Firing ACTIONBAR_UPDATE_COOLDOWN
[  2.647s] [Startup] Firing UPDATE_BONUS_ACTIONBAR
[  2.656s] [Startup] Firing PLAYER_CAN_GLIDE_CHANGED
[  2.656s] [Startup] Firing PLAYER_IS_GLIDING_CHANGED
[  2.656s] [Startup] Firing UPDATE_BINDINGS
[  2.658s] [Startup] Firing UPDATE_CHAT_WINDOWS
[  2.660s] [Startup] Firing LFG_UPDATE_RANDOM_INFO
[  2.661s] [Startup] end post-login events in 84.38ms
[  2.661s] [Startup] begin close startup special windows
[  2.661s] [Startup] end close startup special windows in 205.56µs
[  2.661s] [Startup] begin FIRST_FRAME_RENDERED
[  2.661s] [Startup] Firing FIRST_FRAME_RENDERED
[  2.661s] [Startup] end FIRST_FRAME_RENDERED in 121.64µs
[  2.661s] [Startup] begin unblock hidden splash alerts
[  2.661s] [Startup] end unblock hidden splash alerts in 11.48µs
[  2.661s] [Startup] begin post-event workarounds
[  2.661s] [Startup] end post-event workarounds in 922.00ns
running 42 tests
test patch_10_0_0_publication_sweep::patch_10_0_0_animation_probe_factories ... ok
test patch_10_0_2_publication_sweep::patch_10_0_2_publication_sweep ... ok
test patch_10_0_0_publication_sweep::patch_10_0_0_publication_sweep ... ok
test patch_10_0_5_publication_sweep::patch_10_0_5_publication_sweep ... ok
test patch_10_0_7_publication_sweep::patch_10_0_7_publication_sweep ... ok
test patch_10_1_0_publication_sweep::patch_10_1_0_publication_sweep ... ok
test patch_10_1_5_publication_sweep::patch_10_1_5_publication_sweep ... ok
test patch_10_1_7_publication_sweep::patch_10_1_7_publication_sweep ... ok
test patch_10_2_0_publication_sweep::patch_10_2_0_publication_sweep ... ok
test patch_10_2_5_publication_sweep::patch_10_2_5_publication_sweep ... ok
test patch_10_2_7_publication_sweep::patch_10_2_7_publication_sweep ... ok
test patch_10_2_6_publication_sweep::patch_10_2_6_publication_sweep ... ok
test patch_11_0_2_publication_sweep::patch_11_0_2_publication_sweep ... ok
test patch_11_0_5_publication_sweep::patch_11_0_5_publication_sweep ... ok
test patch_11_0_0_publication_sweep::patch_11_0_0_publication_sweep ... ok
test patch_11_0_7_publication_sweep::patch_11_0_7_publication_sweep ... ok
test patch_11_1_0_publication_sweep::patch_11_1_0_publication_sweep ... ok
test patch_11_1_5_publication_sweep::patch_11_1_5_publication_sweep ... ok
test patch_11_1_7_publication_sweep::patch_11_1_7_publication_sweep ... ok
test patch_11_2_0_publication_sweep::patch_11_2_0_publication_sweep ... ok
test patch_11_2_5_publication_sweep::patch_11_2_5_publication_sweep ... ok
test patch_11_2_7_publication_sweep::patch_11_2_7_publication_sweep ... ok
test patch_12_0_0_publication_sweep::patch_12_0_0_publication_sweep ... ok
test patch_12_0_1_publication_sweep::patch_12_0_1_publication_sweep ... ok
test patch_12_0_7_publication_sweep::patch_12_0_7_publication_sweep ... ok
test patch_12_0_5_publication_sweep::patch_12_0_5_publication_sweep ... ok
test patch_8_0_1_publication_sweep::patch_8_0_1_publication_sweep ... ok
test patch_12_1_0_publication_sweep::patch_12_1_0_publication_sweep ... ok
test patch_8_1_0_publication_sweep::patch_8_1_0_publication_sweep ... ok
test patch_8_1_5_publication_sweep::patch_8_1_5_publication_sweep ... ok
test patch_8_2_0_publication_sweep::patch_8_2_0_publication_sweep ... ok
test patch_8_2_5_publication_sweep::patch_8_2_5_publication_sweep ... ok
test patch_8_3_7_publication_sweep::patch_8_3_7_publication_sweep ... ok
test patch_8_3_0_publication_sweep::patch_8_3_0_publication_sweep ... ok
test patch_9_0_2_publication_sweep::patch_9_0_2_publication_sweep ... ok
test patch_9_0_5_publication_sweep::patch_9_0_5_publication_sweep ... ok
test patch_9_0_1_publication_sweep::patch_9_0_1_publication_sweep ... ok
test patch_9_1_0_publication_sweep::patch_9_1_0_publication_sweep ... ok
test patch_9_2_0_publication_sweep::patch_9_2_0_publication_sweep ... ok
test patch_9_1_5_publication_sweep::patch_9_1_5_publication_sweep ... ok
test patch_9_2_7_publication_sweep::patch_9_2_7_publication_sweep ... ok
test patch_9_2_5_publication_sweep::patch_9_2_5_publication_sweep ... ok

test result: ok. 42 passed; 0 failed; 42 total
