running 41 tests
test patch_10_0_0_publication_sweep::patch_10_0_0_animation_probe_factories ... ok
test patch_10_0_2_publication_sweep::patch_10_0_2_publication_sweep ... ok
test patch_10_0_0_publication_sweep::patch_10_0_0_publication_sweep ... ok
test patch_10_0_5_publication_sweep::patch_10_0_5_publication_sweep ... ok
test patch_10_0_7_publication_sweep::patch_10_0_7_publication_sweep ... ok
test patch_10_1_0_publication_sweep::patch_10_1_0_publication_sweep ... ok
test patch_10_1_5_publication_sweep::patch_10_1_5_publication_sweep ... ok
test patch_10_1_7_publication_sweep::patch_10_1_7_publication_sweep ... ok
test patch_10_2_0_publication_sweep::patch_10_2_0_publication_sweep ... ok
test patch_10_2_5_publication_sweep::patch_10_2_5_publication_sweep ... ok
test patch_10_2_7_publication_sweep::patch_10_2_7_publication_sweep ... ok
test patch_10_2_6_publication_sweep::patch_10_2_6_publication_sweep ... ok
test patch_11_0_2_publication_sweep::patch_11_0_2_publication_sweep ... ok
test patch_11_0_5_publication_sweep::patch_11_0_5_publication_sweep ... ok
test patch_11_0_0_publication_sweep::patch_11_0_0_publication_sweep ... ok
test patch_11_0_7_publication_sweep::patch_11_0_7_publication_sweep ... ok
test patch_11_1_0_publication_sweep::patch_11_1_0_publication_sweep ... ok
test patch_11_1_5_publication_sweep::patch_11_1_5_publication_sweep ... ok
test patch_11_1_7_publication_sweep::patch_11_1_7_publication_sweep ... ok
test patch_11_2_0_publication_sweep::patch_11_2_0_publication_sweep ... ok
test patch_11_2_5_publication_sweep::patch_11_2_5_publication_sweep ... ok
test patch_11_2_7_publication_sweep::patch_11_2_7_publication_sweep ... ok
test patch_12_0_0_publication_sweep::patch_12_0_0_publication_sweep ... ok
test patch_12_0_1_publication_sweep::patch_12_0_1_publication_sweep ... ok
test patch_12_0_7_publication_sweep::patch_12_0_7_publication_sweep ... ok
test patch_12_0_5_publication_sweep::patch_12_0_5_publication_sweep ... ok
test patch_8_0_1_publication_sweep::patch_8_0_1_publication_sweep ... ok
test patch_8_1_5_publication_sweep::patch_8_1_5_publication_sweep ... ok
test patch_12_1_0_publication_sweep::patch_12_1_0_publication_sweep ... ok
test patch_8_2_5_publication_sweep::patch_8_2_5_publication_sweep ... ok
test patch_8_2_0_publication_sweep::patch_8_2_0_publication_sweep ... ok
test patch_8_3_7_publication_sweep::patch_8_3_7_publication_sweep ... ok
test patch_8_3_0_publication_sweep::patch_8_3_0_publication_sweep ... ok
test patch_9_0_2_publication_sweep::patch_9_0_2_publication_sweep ... ok
test patch_9_0_5_publication_sweep::patch_9_0_5_publication_sweep ... ok
test patch_9_0_1_publication_sweep::patch_9_0_1_publication_sweep ... ok
test patch_9_1_0_publication_sweep::patch_9_1_0_publication_sweep ... ok
test patch_9_1_5_publication_sweep::patch_9_1_5_publication_sweep ... ok
test patch_9_2_0_publication_sweep::patch_9_2_0_publication_sweep ... ok
test patch_9_2_5_publication_sweep::patch_9_2_5_publication_sweep ... ok
test patch_9_2_7_publication_sweep::patch_9_2_7_publication_sweep ... ok

test result: ok. 41 passed; 0 failed; 41 total
warning: iced-wgpu-patched/Cargo.toml: `lints.clippy.large-enum-variant` is deprecated in favor of `lints.clippy.large_enum_variant` and will not work in a future edition
warning: iced-wgpu-patched/Cargo.toml: `lints.clippy.map-entry` is deprecated in favor of `lints.clippy.map_entry` and will not work in a future edition
warning: iced-wgpu-patched/Cargo.toml: `lints.clippy.match-wildcard-for-single-variants` is deprecated in favor of `lints.clippy.match_wildcard_for_single_variants` and will not work in a future edition
warning: iced-wgpu-patched/Cargo.toml: `lints.clippy.redundant-closure-for-method-calls` is deprecated in favor of `lints.clippy.redundant_closure_for_method_calls` and will not work in a future edition
warning: iced-wgpu-patched/Cargo.toml: `lints.clippy.trivially-copy-pass-by-ref` is deprecated in favor of `lints.clippy.trivially_copy_pass_by_ref` and will not work in a future edition
warning: iced-wgpu-patched/Cargo.toml: `lints.clippy.type-complexity` is deprecated in favor of `lints.clippy.type_complexity` and will not work in a future edition
warning: `iced_wgpu` (manifest) generated 6 warnings
   Compiling wow-ui-sim v0.1.0 (/home/osso/.worktrees/wow-ui-sim-p801-page)
    Finished `test` profile [optimized + debuginfo] target(s) in 23.94s
     Running tests/prefork_full_ui.rs (/home/osso/.cache/wow-ui-sim-targets/p801-page/debug/deps/prefork_full_ui-21dd5c807fe7a7b6)
[  0.000s] [Startup] WowLuaEnv::new begin
[  0.002s] [Startup] SimState::default complete in 2.12ms
[  0.002s] [Startup] rilua VM created in 96.01µs
[  0.002s] [Startup] builtin frames initialized in 75.03µs
[  0.002s] [Startup] template registry cleared in 6.35µs
[  0.002s] [Startup] intrinsic templates registered in 6.39µs
[  0.002s] [Startup] initial app_data lua handle installed in 361.00ns
[  0.123s] [Startup] init_lua_state complete in 120.99ms
[  0.123s] [Startup] final app_data lua handle installed in 270.00ns
[  0.123s] [Startup] initial screen globals installed in 101.51µs
[  0.123s] [Startup] WowLuaEnv::new complete
[  2.121s] [Startup] apply_post_load_workarounds: begin
[  2.121s] [Workarounds] starting patch_edit_mode_manager
[  2.121s] [Workarounds] finished patch_edit_mode_manager in 269.67µs
[  2.121s] [Workarounds] starting init_edit_mode_layout
[  2.121s] [EditMode] starting setup_layout_info
[  2.124s] [EditMode] finished setup_layout_info in 3.01ms
[  2.124s] [EditMode] starting apply_system_anchors
[  2.247s] [EditMode] finished apply_system_anchors in 122.15ms
[  2.247s] [EditMode] starting finalize_action_bar_positions
[  2.248s] [EditMode] finished finalize_action_bar_positions in 1.50ms
[  2.248s] [EditMode] starting invoke_anchor_changed_hooks
[  2.248s] [EditMode] finished invoke_anchor_changed_hooks in 338.85µs
[  2.248s] [EditMode] starting fix_action_bar_nan_size
[  2.248s] [EditMode] finished fix_action_bar_nan_size in 32.97µs
[  2.248s] [EditMode] starting fix_action_bar_scale
[  2.248s] [EditMode] finished fix_action_bar_scale in 3.60µs
[  2.248s] [Workarounds] finished init_edit_mode_layout in 127.06ms
[  2.248s] [Workarounds] starting patch_ui_parent_panel_toggles
[  2.249s] [Workarounds] finished patch_ui_parent_panel_toggles in 188.20µs
[  2.249s] [Workarounds] starting patch_uiparent_onupdate_worklists
[  2.249s] [Workarounds] finished patch_uiparent_onupdate_worklists in 83.09µs
[  2.249s] [Workarounds] starting init_chat_type_colors
[  2.249s] [Workarounds] finished init_chat_type_colors in 98.60µs
[  2.249s] [Workarounds] starting patch_chat_voice_button_surface
[  2.249s] [Workarounds] finished patch_chat_voice_button_surface in 93.74µs
[  2.249s] [Workarounds] starting patch_item_socketing_tooltips
[  2.249s] [Workarounds] finished patch_item_socketing_tooltips in 46.88µs
[  2.249s] [Workarounds] starting patch_character_select_selected_name
[  2.249s] [Workarounds] finished patch_character_select_selected_name in 25.87µs
[  2.249s] [Workarounds] starting patch_character_create_defaults
[  2.249s] [Workarounds] finished patch_character_create_defaults in 175.56µs
[  2.249s] [Workarounds] starting patch_character_frame_title_refresh
[  2.254s] [Workarounds] finished patch_character_frame_title_refresh in 4.61ms
[  2.254s] [Workarounds] starting patch_vignette_pin_template
[  2.254s] [Workarounds] finished patch_vignette_pin_template in 76.17µs
[  2.254s] [Workarounds] starting patch_fog_of_war_pin_mixin
[  2.254s] [Workarounds] finished patch_fog_of_war_pin_mixin in 216.38µs
[  2.254s] [Workarounds] starting patch_map_exploration_pin_mixin
[  2.259s] [Workarounds] finished patch_map_exploration_pin_mixin in 4.48ms
[  2.259s] [Workarounds] starting patch_map_canvas_data_provider_attachment
[  2.259s] [Workarounds] finished patch_map_canvas_data_provider_attachment in 50.16µs
[  2.259s] [Workarounds] starting ensure_adventure_map_frame_surface
[  2.259s] [Workarounds] finished ensure_adventure_map_frame_surface in 368.69µs
[  2.259s] [Workarounds] starting patch_action_bar_button_event_fanout
[  2.259s] [Workarounds] finished patch_action_bar_button_event_fanout in 84.40µs
[  2.259s] [Workarounds] starting patch_paging_controls_page_text
[  2.259s] [Workarounds] finished patch_paging_controls_page_text in 31.70µs
[  2.259s] [Workarounds] starting patch_talent_edge_frame_level_sync
[  2.259s] [Workarounds] finished patch_talent_edge_frame_level_sync in 24.29µs
[  2.259s] [Workarounds] starting patch_catalog_shop_product_card_defaults
[  2.259s] [Workarounds] finished patch_catalog_shop_product_card_defaults in 50.81µs
[  2.259s] [Workarounds] starting patch_game_time_defaults
[  2.259s] [Workarounds] finished patch_game_time_defaults in 5.81µs
[  2.259s] [Workarounds] starting patch_tooltip_nineslice_surface
[  2.259s] [Workarounds] finished patch_tooltip_nineslice_surface in 37.36µs
[  2.259s] [Workarounds] starting patch_container_frame_token_tracker
[  2.259s] [Workarounds] finished patch_container_frame_token_tracker in 33.54µs
[  2.259s] [Workarounds] starting patch_achievement_display_set_achievements
[  2.259s] [Workarounds] finished patch_achievement_display_set_achievements in 7.17µs
[  2.259s] [Workarounds] starting patch_housing_dashboard_preload
[  2.259s] [Workarounds] finished patch_housing_dashboard_preload in 140.23µs
[  2.259s] [Workarounds] starting patch_lfg_lock_list
[  2.259s] [Workarounds] finished patch_lfg_lock_list in 29.58µs
[  2.259s] [Workarounds] starting patch_auction_house_browse_results_event
[  2.259s] [Workarounds] finished patch_auction_house_browse_results_event in 52.51µs
[  2.259s] [Workarounds] starting patch_auction_house_search_context_aliases
[  2.259s] [Workarounds] finished patch_auction_house_search_context_aliases in 23.40µs
[  2.259s] [Workarounds] starting patch_auth_challenge_frame_parent
[  2.260s] [Workarounds] finished patch_auth_challenge_frame_parent in 62.58µs
[  2.260s] [Workarounds] starting patch_settings_surface_defaults
[  2.260s] [Workarounds] finished patch_settings_surface_defaults in 287.29µs
[  2.260s] [Workarounds] starting patch_settings_canvas_layout_visibility
[  2.260s] [Workarounds] finished patch_settings_canvas_layout_visibility in 89.43µs
[  2.260s] [Startup] apply_post_load_workarounds: workarounds complete
[  2.326s] [Startup] apply_post_load_workarounds: globals restored
[  2.327s] [Startup] apply_post_load_workarounds: patch 12.1 compatibility restored
[  2.327s] [Startup] apply_post_load_workarounds: seterrorhandler restored
[  2.486s] [Startup] begin login sequence
[  2.486s] [Startup] Firing ADDON_LOADED
[  2.486s] [Startup] Firing VARIABLES_LOADED
[  2.577s] [Startup] Firing DISPLAY_SIZE_CHANGED
[  2.623s] [Startup] Firing UI_SCALE_CHANGED
[  2.624s] [Startup] Firing PLAYER_LOGIN
[  2.624s] [Startup] end login sequence in 138.09ms
[  2.624s] [Startup] begin world enter sequence
[  2.624s] [Startup] Skipping EDIT_MODE_LAYOUTS_UPDATED
[  2.624s] [Startup] Firing TIME_PLAYED_MSG via RequestTimePlayed
[  2.624s] [Startup] Firing PLAYER_ENTERING_WORLD
[  2.847s] [EditMode] starting setup_layout_info
[  2.851s] [EditMode] finished setup_layout_info in 3.72ms
[  2.851s] [EditMode] starting apply_system_anchors
[  2.988s] [EditMode] finished apply_system_anchors in 137.22ms
[  2.988s] [EditMode] starting finalize_action_bar_positions
[  2.990s] [EditMode] finished finalize_action_bar_positions in 2.13ms
[  2.990s] [EditMode] starting invoke_anchor_changed_hooks
[  2.995s] [EditMode] finished invoke_anchor_changed_hooks in 5.14ms
[  2.995s] [EditMode] starting fix_action_bar_nan_size
[  2.995s] [EditMode] finished fix_action_bar_nan_size in 60.30µs
[  2.995s] [EditMode] starting fix_action_bar_scale
[  2.995s] [EditMode] finished fix_action_bar_scale in 3.74µs
[  2.995s] [EditMode] starting reapply_player_frame_anchor
[  2.996s] [EditMode] finished reapply_player_frame_anchor in 1.29ms
[  3.004s] [Startup] end world enter sequence in 379.73ms
[  3.004s] [Startup] begin post-login events
[  3.005s] [Startup] Firing UNIT_AURA
[  3.005s] [Startup] Firing PET_UI_UPDATE
[  3.007s] [Startup] Firing BAG_UPDATE_DELAYED
[  3.008s] [Startup] Firing QUEST_LOG_UPDATE
[  3.009s] [Startup] Firing GROUP_ROSTER_UPDATE
[  3.084s] [Startup] Firing ACTIONBAR_UPDATE_STATE
[  3.084s] [Startup] Firing ACTIONBAR_UPDATE_COOLDOWN
[  3.085s] [Startup] Firing UPDATE_BONUS_ACTIONBAR
[  3.094s] [Startup] Firing PLAYER_CAN_GLIDE_CHANGED
[  3.094s] [Startup] Firing PLAYER_IS_GLIDING_CHANGED
[  3.094s] [Startup] Firing UPDATE_BINDINGS
[  3.097s] [Startup] Firing UPDATE_CHAT_WINDOWS
[  3.100s] [Startup] Firing LFG_UPDATE_RANDOM_INFO
[  3.101s] [Startup] end post-login events in 97.23ms
[  3.101s] [Startup] begin close startup special windows
[  3.101s] [Startup] end close startup special windows in 282.92µs
[  3.101s] [Startup] begin FIRST_FRAME_RENDERED
[  3.101s] [Startup] Firing FIRST_FRAME_RENDERED
[  3.101s] [Startup] end FIRST_FRAME_RENDERED in 167.49µs
[  3.101s] [Startup] begin unblock hidden splash alerts
[  3.102s] [Startup] end unblock hidden splash alerts in 14.03µs
[  3.102s] [Startup] begin post-event workarounds
[  3.102s] [Startup] end post-event workarounds in 781.00ns
