
running 2 tests
test patch_8_0_1_map_coordinates::patch_8_0_1_world_position_requires_a_real_projection ... ok
test patch_8_0_1_map_coordinates::patch_8_0_1_world_position_projects_into_explicit_map_rectangles ... ok

test result: ok. 2 passed; 0 failed; 0 ignored; 0 measured; 10661 filtered out; finished in 0.18s

warning: iced-wgpu-patched/Cargo.toml: `lints.clippy.large-enum-variant` is deprecated in favor of `lints.clippy.large_enum_variant` and will not work in a future edition
warning: iced-wgpu-patched/Cargo.toml: `lints.clippy.map-entry` is deprecated in favor of `lints.clippy.map_entry` and will not work in a future edition
warning: iced-wgpu-patched/Cargo.toml: `lints.clippy.match-wildcard-for-single-variants` is deprecated in favor of `lints.clippy.match_wildcard_for_single_variants` and will not work in a future edition
warning: iced-wgpu-patched/Cargo.toml: `lints.clippy.redundant-closure-for-method-calls` is deprecated in favor of `lints.clippy.redundant_closure_for_method_calls` and will not work in a future edition
warning: iced-wgpu-patched/Cargo.toml: `lints.clippy.trivially-copy-pass-by-ref` is deprecated in favor of `lints.clippy.trivially_copy_pass_by_ref` and will not work in a future edition
warning: iced-wgpu-patched/Cargo.toml: `lints.clippy.type-complexity` is deprecated in favor of `lints.clippy.type_complexity` and will not work in a future edition
warning: `iced_wgpu` (manifest) generated 6 warnings
   Compiling wow-ui-sim v0.1.0 (/home/osso/.worktrees/wow-ui-sim-p801-page)
    Finished `test` profile [optimized + debuginfo] target(s) in 27.87s
     Running tests/integration.rs (/home/osso/.cache/wow-ui-sim-targets/p801-page/debug/deps/integration-1db16289b0998b2a)
[  0.000s] [Startup] WowLuaEnv::new begin
[  0.000s] [Startup] WowLuaEnv::new begin
[  0.002s] [Startup] SimState::default complete in 1.75ms
[  0.002s] [Startup] SimState::default complete in 1.73ms
[  0.002s] [Startup] rilua VM created in 95.39µs
[  0.002s] [Startup] rilua VM created in 106.60µs
[  0.002s] [Startup] builtin frames initialized in 67.31µs
[  0.002s] [Startup] builtin frames initialized in 68.31µs
[  0.002s] [Startup] template registry cleared in 4.22µs
[  0.002s] [Startup] template registry cleared in 3.78µs
[  0.002s] [Startup] intrinsic templates registered in 4.84µs
[  0.002s] [Startup] intrinsic templates registered in 4.43µs
[  0.002s] [Startup] initial app_data lua handle installed in 491.00ns
[  0.002s] [Startup] initial app_data lua handle installed in 160.00ns
[  0.106s] [Startup] init_lua_state complete in 104.08ms
[  0.106s] [Startup] final app_data lua handle installed in 290.00ns
[  0.106s] [Startup] initial screen globals installed in 77.81µs
[  0.106s] [Startup] WowLuaEnv::new complete
[  0.107s] [Startup] init_lua_state complete in 104.95ms
[  0.107s] [Startup] final app_data lua handle installed in 481.00ns
[  0.107s] [Startup] initial screen globals installed in 69.90µs
[  0.107s] [Startup] WowLuaEnv::new complete
[  0.107s] [Startup] WowLuaEnv::new begin
[  0.109s] [Startup] SimState::default complete in 1.43ms
[  0.109s] [Startup] rilua VM created in 76.47µs
[  0.109s] [Startup] builtin frames initialized in 40.80µs
[  0.109s] [Startup] template registry cleared in 7.21µs
[  0.109s] [Startup] intrinsic templates registered in 4.14µs
[  0.109s] [Startup] initial app_data lua handle installed in 270.00ns
[  0.173s] [Startup] init_lua_state complete in 64.35ms
[  0.173s] [Startup] final app_data lua handle installed in 180.00ns
[  0.173s] [Startup] initial screen globals installed in 55.73µs
[  0.173s] [Startup] WowLuaEnv::new complete
