[]
[  0.000s] [startup] wow-sim process started pid=620336
[  0.000s] Resource limits: 2 CPU core(s)
[  0.000s] [Startup] WowLuaEnv::new begin
[  0.002s] [Startup] SimState::default complete in 1.47ms
[  0.002s] [Startup] rilua VM created in 77.18µs
[  0.002s] [Startup] builtin frames initialized in 57.30µs
[  0.002s] [Startup] template registry cleared in 4.75µs
[  0.002s] [Startup] intrinsic templates registered in 5.25µs
[  0.002s] [Startup] initial app_data lua handle installed in 421.00ns
[  0.085s] [Startup] init_lua_state complete in 83.61ms
[  0.085s] [Startup] final app_data lua handle installed in 161.00ns
[  0.085s] [Startup] initial screen globals installed in 54.27µs
[  0.085s] [Startup] WowLuaEnv::new complete
[  0.085s] [Startup] screen size set to 1600x1200 in 29.44µs
[  0.085s] [Startup] WowFontSystem::new begin casc=false
[  0.091s] [Startup] font system fallback loaded in 5.18ms
[  0.091s] [Startup] cosmic font system built in 5.53µs
[  0.091s] [Startup] swash cache created in 1.77µs
[  0.091s] [Startup] WowFontSystem::new complete in 5.20ms
[  0.091s] [Startup] font system created in 5.20ms
ALSA lib confmisc.c:855:(parse_card) [error.core] cannot find card '0'
ALSA lib conf.c:5211:(_snd_config_evaluate) [error.core] function snd_func_card_inum returned error: No such file or directory
ALSA lib confmisc.c:422:(snd_func_concat) [error.core] error evaluating strings
ALSA lib conf.c:5211:(_snd_config_evaluate) [error.core] function snd_func_concat returned error: No such file or directory
ALSA lib confmisc.c:1342:(snd_func_refer) [error.core] error evaluating name
ALSA lib conf.c:5211:(_snd_config_evaluate) [error.core] function snd_func_refer returned error: No such file or directory
ALSA lib conf.c:5734:(snd_config_expand) [error.core] Evaluate error: No such file or directory
ALSA lib pcm.c:2722:(snd_pcm_open_noupdate) [error.pcm] Unknown PCM default
[  0.091s] Sound: no audio device available
[  0.091s] [Startup] begin stop GC
[  0.091s] [Startup] end stop GC in 150.00ns
[  0.091s] [Startup] begin configure saved variables
[  0.091s] SavedVariables loading disabled
[  0.091s] [Startup] end configure saved variables in 812.00ns
[  0.091s] [Startup] begin load keybindings
[  0.091s] [Startup] end load keybindings in 140.00ns
[  0.091s] [Startup] begin configure edit mode cache
[  0.091s] EditMode cache: no WoW WTF directory found
[  0.091s] [Startup] end configure edit mode cache in 18.40µs
[  0.091s] [Startup] begin read ServerSnapshot edit mode layout
[  0.091s] [Startup] end read ServerSnapshot edit mode layout in 30.00ns
[  0.091s] [Startup] begin load edit mode cache
[  0.091s] [Startup] end load edit mode cache in 131.00ns
[  0.091s] [Startup] begin load ServerSnapshot character state
[  0.091s] [Startup] end load ServerSnapshot character state in 20.00ns
[  0.091s] [Startup] begin load Blizzard addons
[  0.097s] Loading 291 Blizzard addons...
[  1.938s] Blizzard addons loaded in 1.85s (io=3.77ms xml=108.43ms xmlproc=1.24s frames⊂xmlproc=1.23s lua=379.03ms [compile=317.47ms call=61.56ms] gc=deferred, bytecode cache: 234/1569 hits (15%, lookup_miss=1335 replay_fail=0 stored=1335 store_fail=0))
  frame breakdown: setup=618.20ms finalize=1.50s (2482 frames)
  setup: code_build=5.78ms exec_lua=612.70ms props=5.31ms
  finalize: layers=55.14ms (1151 tex, 689 fs) anim=12.21ms button=27.63ms lifecycle=498.66ms (1761 fires)
[  1.938s] [Startup] end load Blizzard addons in 1.85s
[  1.938s] [Startup] begin prepare chat frame for third-party addons
[  1.938s] [Startup] end prepare chat frame for third-party addons in 513.16µs
[  1.938s] [Startup] begin apply post-Blizzard load workarounds
[  1.938s] [Startup] applying post-load workarounds
[  1.938s] [Startup] apply_post_load_workarounds: begin
[  1.938s] [Workarounds] starting patch_edit_mode_manager
[  1.939s] [Workarounds] finished patch_edit_mode_manager in 239.62µs
[  1.939s] [Workarounds] starting init_edit_mode_layout
[  1.939s] [EditMode] starting setup_layout_info
[  1.942s] [EditMode] finished setup_layout_info in 3.16ms
[  1.942s] [EditMode] starting apply_system_anchors
[  2.047s] [EditMode] finished apply_system_anchors in 104.97ms
[  2.047s] [EditMode] starting finalize_action_bar_positions
[  2.048s] [EditMode] finished finalize_action_bar_positions in 1.32ms
[  2.048s] [EditMode] starting invoke_anchor_changed_hooks
[  2.048s] [EditMode] finished invoke_anchor_changed_hooks in 323.28µs
[  2.048s] [EditMode] starting fix_action_bar_nan_size
[  2.048s] [EditMode] finished fix_action_bar_nan_size in 31.48µs
[  2.048s] [EditMode] starting fix_action_bar_scale
[  2.048s] [EditMode] finished fix_action_bar_scale in 3.53µs
[  2.048s] [Workarounds] finished init_edit_mode_layout in 109.82ms
[  2.048s] [Workarounds] starting patch_ui_parent_panel_toggles
[  2.049s] [Workarounds] finished patch_ui_parent_panel_toggles in 178.19µs
[  2.049s] [Workarounds] starting patch_uiparent_onupdate_worklists
[  2.049s] [Workarounds] finished patch_uiparent_onupdate_worklists in 74.18µs
[  2.049s] [Workarounds] starting init_chat_type_colors
[  2.049s] [Workarounds] finished init_chat_type_colors in 93.43µs
[  2.049s] [Workarounds] starting patch_chat_voice_button_surface
[  2.049s] [Workarounds] finished patch_chat_voice_button_surface in 86.27µs
[  2.049s] [Workarounds] starting patch_item_socketing_tooltips
[  2.049s] [Workarounds] finished patch_item_socketing_tooltips in 43.95µs
[  2.049s] [Workarounds] starting patch_character_select_selected_name
[  2.049s] [Workarounds] finished patch_character_select_selected_name in 23.64µs
[  2.049s] [Workarounds] starting patch_character_create_defaults
[  2.049s] [Workarounds] finished patch_character_create_defaults in 170.61µs
[  2.049s] [Workarounds] starting patch_character_frame_title_refresh
[  2.054s] [Workarounds] finished patch_character_frame_title_refresh in 4.53ms
[  2.054s] [Workarounds] starting patch_vignette_pin_template
[  2.054s] [Workarounds] finished patch_vignette_pin_template in 69.21µs
[  2.054s] [Workarounds] starting patch_fog_of_war_pin_mixin
[  2.054s] [Workarounds] finished patch_fog_of_war_pin_mixin in 206.81µs
[  2.054s] [Workarounds] starting patch_map_exploration_pin_mixin
[  2.058s] [Workarounds] finished patch_map_exploration_pin_mixin in 4.29ms
[  2.058s] [Workarounds] starting patch_map_canvas_data_provider_attachment
[  2.058s] [Workarounds] finished patch_map_canvas_data_provider_attachment in 49.14µs
[  2.058s] [Workarounds] starting ensure_adventure_map_frame_surface
[  2.059s] [Workarounds] finished ensure_adventure_map_frame_surface in 325.66µs
[  2.059s] [Workarounds] starting patch_action_bar_button_event_fanout
[  2.059s] [Workarounds] finished patch_action_bar_button_event_fanout in 75.00µs
[  2.059s] [Workarounds] starting patch_paging_controls_page_text
[  2.059s] [Workarounds] finished patch_paging_controls_page_text in 29.32µs
[  2.059s] [Workarounds] starting patch_talent_edge_frame_level_sync
[  2.059s] [Workarounds] finished patch_talent_edge_frame_level_sync in 23.30µs
[  2.059s] [Workarounds] starting patch_catalog_shop_product_card_defaults
[  2.059s] [Workarounds] finished patch_catalog_shop_product_card_defaults in 47.90µs
[  2.059s] [Workarounds] starting patch_game_time_defaults
[  2.059s] [Workarounds] finished patch_game_time_defaults in 5.59µs
[  2.059s] [Workarounds] starting patch_tooltip_nineslice_surface
[  2.059s] [Workarounds] finished patch_tooltip_nineslice_surface in 32.87µs
[  2.059s] [Workarounds] starting patch_container_frame_token_tracker
[  2.059s] [Workarounds] finished patch_container_frame_token_tracker in 30.48µs
[  2.059s] [Workarounds] starting patch_achievement_display_set_achievements
[  2.059s] [Workarounds] finished patch_achievement_display_set_achievements in 6.06µs
[  2.059s] [Workarounds] starting patch_housing_dashboard_preload
[  2.059s] [Workarounds] finished patch_housing_dashboard_preload in 143.60µs
[  2.059s] [Workarounds] starting patch_lfg_lock_list
[  2.059s] [Workarounds] finished patch_lfg_lock_list in 25.49µs
[  2.059s] [Workarounds] starting patch_auction_house_browse_results_event
[  2.059s] [Workarounds] finished patch_auction_house_browse_results_event in 50.51µs
[  2.059s] [Workarounds] starting patch_auction_house_search_context_aliases
[  2.059s] [Workarounds] finished patch_auction_house_search_context_aliases in 22.14µs
[  2.059s] [Workarounds] starting patch_auth_challenge_frame_parent
[  2.059s] [Workarounds] finished patch_auth_challenge_frame_parent in 51.00µs
[  2.059s] [Workarounds] starting patch_settings_surface_defaults
[  2.059s] [Workarounds] finished patch_settings_surface_defaults in 266.47µs
[  2.059s] [Workarounds] starting patch_settings_canvas_layout_visibility
[  2.059s] [Workarounds] finished patch_settings_canvas_layout_visibility in 84.76µs
[  2.059s] [Startup] apply_post_load_workarounds: workarounds complete
[  2.106s] [Startup] apply_post_load_workarounds: globals restored
[  2.106s] [Startup] apply_post_load_workarounds: patch 12.1 compatibility restored
[  2.106s] [Startup] apply_post_load_workarounds: seterrorhandler restored
[  2.106s] [Startup] post-load workarounds complete in 167.91ms
[  2.106s] [Startup] end apply post-Blizzard load workarounds in 167.92ms
[  2.106s] [Startup] begin load third-party addons
[  2.106s] Addon loading disabled
[  2.106s] [Startup] end load third-party addons in 1.16µs
[  2.106s] [Startup] begin sync addon names to Lua
[  2.107s] [Startup] end sync addon names to Lua in 218.45µs
[  2.107s] [Startup] applying post-load workarounds
[  2.106s] [Startup] apply_post_load_workarounds: begin
[  2.106s] [Workarounds] starting patch_edit_mode_manager
[  2.107s] [Workarounds] finished patch_edit_mode_manager in 224.62µs
[  2.107s] [Workarounds] starting init_edit_mode_layout
[  2.107s] [EditMode] starting setup_layout_info
[  2.110s] [EditMode] finished setup_layout_info in 2.93ms
[  2.110s] [EditMode] starting apply_system_anchors
[  2.192s] [EditMode] finished apply_system_anchors in 81.90ms
[  2.192s] [EditMode] starting finalize_action_bar_positions
[  2.193s] [EditMode] finished finalize_action_bar_positions in 1.39ms
[  2.193s] [EditMode] starting invoke_anchor_changed_hooks
[  2.196s] [EditMode] finished invoke_anchor_changed_hooks in 3.16ms
[  2.196s] [EditMode] starting fix_action_bar_nan_size
[  2.196s] [EditMode] finished fix_action_bar_nan_size in 32.32µs
[  2.196s] [EditMode] starting fix_action_bar_scale
[  2.196s] [EditMode] finished fix_action_bar_scale in 3.67µs
[  2.196s] [Workarounds] finished init_edit_mode_layout in 89.44ms
[  2.196s] [Workarounds] starting patch_ui_parent_panel_toggles
[  2.196s] [Workarounds] finished patch_ui_parent_panel_toggles in 170.07µs
[  2.196s] [Workarounds] starting patch_uiparent_onupdate_worklists
[  2.196s] [Workarounds] finished patch_uiparent_onupdate_worklists in 77.10µs
[  2.196s] [Workarounds] starting init_chat_type_colors
[  2.196s] [Workarounds] finished init_chat_type_colors in 91.41µs
[  2.196s] [Workarounds] starting patch_chat_voice_button_surface
[  2.197s] [Workarounds] finished patch_chat_voice_button_surface in 187.09µs
[  2.197s] [Workarounds] starting patch_item_socketing_tooltips
[  2.197s] [Workarounds] finished patch_item_socketing_tooltips in 42.37µs
[  2.197s] [Workarounds] starting patch_character_select_selected_name
[  2.197s] [Workarounds] finished patch_character_select_selected_name in 23.59µs
[  2.197s] [Workarounds] starting patch_character_create_defaults
[  2.197s] [Workarounds] finished patch_character_create_defaults in 160.93µs
[  2.197s] [Workarounds] starting patch_character_frame_title_refresh
[  2.202s] [Workarounds] finished patch_character_frame_title_refresh in 5.17ms
[  2.202s] [Workarounds] starting patch_vignette_pin_template
[  2.202s] [Workarounds] finished patch_vignette_pin_template in 72.14µs
[  2.202s] [Workarounds] starting patch_fog_of_war_pin_mixin
[  2.202s] [Workarounds] finished patch_fog_of_war_pin_mixin in 183.28µs
[  2.202s] [Workarounds] starting patch_map_exploration_pin_mixin
[  2.203s] [Workarounds] finished patch_map_exploration_pin_mixin in 233.23µs
[  2.203s] [Workarounds] starting patch_map_canvas_data_provider_attachment
[  2.203s] [Workarounds] finished patch_map_canvas_data_provider_attachment in 40.96µs
[  2.203s] [Workarounds] starting ensure_adventure_map_frame_surface
[  2.203s] [Workarounds] finished ensure_adventure_map_frame_surface in 109.75µs
[  2.203s] [Workarounds] starting patch_action_bar_button_event_fanout
[  2.203s] [Workarounds] finished patch_action_bar_button_event_fanout in 71.84µs
[  2.203s] [Workarounds] starting patch_paging_controls_page_text
[  2.203s] [Workarounds] finished patch_paging_controls_page_text in 27.58µs
[  2.203s] [Workarounds] starting patch_talent_edge_frame_level_sync
[  2.203s] [Workarounds] finished patch_talent_edge_frame_level_sync in 20.18µs
[  2.203s] [Workarounds] starting patch_catalog_shop_product_card_defaults
[  2.203s] [Workarounds] finished patch_catalog_shop_product_card_defaults in 44.19µs
[  2.203s] [Workarounds] starting patch_game_time_defaults
[  2.203s] [Workarounds] finished patch_game_time_defaults in 4.97µs
[  2.203s] [Workarounds] starting patch_tooltip_nineslice_surface
[  2.203s] [Workarounds] finished patch_tooltip_nineslice_surface in 31.17µs
[  2.203s] [Workarounds] starting patch_container_frame_token_tracker
[  2.203s] [Workarounds] finished patch_container_frame_token_tracker in 28.99µs
[  2.203s] [Workarounds] starting patch_achievement_display_set_achievements
[  2.203s] [Workarounds] finished patch_achievement_display_set_achievements in 6.02µs
[  2.203s] [Workarounds] starting patch_housing_dashboard_preload
[  2.203s] [Workarounds] finished patch_housing_dashboard_preload in 46.03µs
[  2.203s] [Workarounds] starting patch_lfg_lock_list
[  2.203s] [Workarounds] finished patch_lfg_lock_list in 4.70µs
[  2.203s] [Workarounds] starting patch_auction_house_browse_results_event
[  2.203s] [Workarounds] finished patch_auction_house_browse_results_event in 49.11µs
[  2.203s] [Workarounds] starting patch_auction_house_search_context_aliases
[  2.203s] [Workarounds] finished patch_auction_house_search_context_aliases in 22.28µs
[  2.203s] [Workarounds] starting patch_auth_challenge_frame_parent
[  2.203s] [Workarounds] finished patch_auth_challenge_frame_parent in 32.67µs
[  2.203s] [Workarounds] starting patch_settings_surface_defaults
[  2.203s] [Workarounds] finished patch_settings_surface_defaults in 279.41µs
[  2.203s] [Workarounds] starting patch_settings_canvas_layout_visibility
[  2.203s] [Workarounds] finished patch_settings_canvas_layout_visibility in 82.50µs
[  2.203s] [Startup] apply_post_load_workarounds: workarounds complete
[  2.248s] [Startup] apply_post_load_workarounds: globals restored
[  2.248s] [Startup] apply_post_load_workarounds: patch 12.1 compatibility restored
[  2.248s] [Startup] apply_post_load_workarounds: seterrorhandler restored
[  2.248s] [Startup] post-load workarounds complete in 141.72ms
[  2.248s] [Startup] restarting GC after bootstrap
[  2.368s] [Startup] GC restart complete in 119.55ms
=== Final observed Lua error summary ===
Status: CLEAN
Lua errors: 0 unique, 0 occurrence(s)
Attributed owners: 0
Unattributed Lua errors: 0 occurrence(s)
