warning: iced-wgpu-patched/Cargo.toml: `lints.clippy.large-enum-variant` is deprecated in favor of `lints.clippy.large_enum_variant` and will not work in a future edition
warning: iced-wgpu-patched/Cargo.toml: `lints.clippy.map-entry` is deprecated in favor of `lints.clippy.map_entry` and will not work in a future edition
warning: iced-wgpu-patched/Cargo.toml: `lints.clippy.match-wildcard-for-single-variants` is deprecated in favor of `lints.clippy.match_wildcard_for_single_variants` and will not work in a future edition
warning: iced-wgpu-patched/Cargo.toml: `lints.clippy.redundant-closure-for-method-calls` is deprecated in favor of `lints.clippy.redundant_closure_for_method_calls` and will not work in a future edition
warning: iced-wgpu-patched/Cargo.toml: `lints.clippy.trivially-copy-pass-by-ref` is deprecated in favor of `lints.clippy.trivially_copy_pass_by_ref` and will not work in a future edition
warning: iced-wgpu-patched/Cargo.toml: `lints.clippy.type-complexity` is deprecated in favor of `lints.clippy.type_complexity` and will not work in a future edition
warning: `iced_wgpu` (manifest) generated 6 warnings
   Compiling wow-ui-sim v0.1.0 (/home/osso/.worktrees/wow-ui-sim-p801-page)
    Finished `test` profile [optimized + debuginfo] target(s) in 1m 04s
     Running tests/prefork_full_ui.rs (/home/osso/.cache/wow-ui-sim-targets/p801-page/debug/deps/prefork_full_ui-21dd5c807fe7a7b6)
[  0.000s] [Startup] WowLuaEnv::new begin
[  0.002s] [Startup] SimState::default complete in 2.20ms
[  0.002s] [Startup] rilua VM created in 149.66µs
[  0.003s] [Startup] builtin frames initialized in 96.31µs
[  0.003s] [Startup] template registry cleared in 9.19µs
[  0.003s] [Startup] intrinsic templates registered in 10.11µs
[  0.003s] [Startup] initial app_data lua handle installed in 431.00ns
[  0.098s] [Startup] init_lua_state complete in 95.46ms
[  0.098s] [Startup] final app_data lua handle installed in 330.00ns
[  0.098s] [Startup] initial screen globals installed in 65.14µs
[  0.098s] [Startup] WowLuaEnv::new complete
[  2.015s] [Startup] apply_post_load_workarounds: begin
[  2.015s] [Workarounds] starting patch_edit_mode_manager
[  2.015s] [Workarounds] finished patch_edit_mode_manager in 254.74µs
[  2.015s] [Workarounds] starting init_edit_mode_layout
[  2.015s] [EditMode] starting setup_layout_info
[  2.018s] [EditMode] finished setup_layout_info in 2.70ms
[  2.018s] [EditMode] starting apply_system_anchors
[  2.128s] [EditMode] finished apply_system_anchors in 109.68ms
[  2.128s] [EditMode] starting finalize_action_bar_positions
[  2.129s] [EditMode] finished finalize_action_bar_positions in 1.48ms
[  2.129s] [EditMode] starting invoke_anchor_changed_hooks
[  2.130s] [EditMode] finished invoke_anchor_changed_hooks in 339.17µs
[  2.130s] [EditMode] starting fix_action_bar_nan_size
[  2.130s] [EditMode] finished fix_action_bar_nan_size in 32.45µs
[  2.130s] [EditMode] starting fix_action_bar_scale
[  2.130s] [EditMode] finished fix_action_bar_scale in 3.82µs
[  2.130s] [Workarounds] finished init_edit_mode_layout in 114.28ms
[  2.130s] [Workarounds] starting patch_ui_parent_panel_toggles
[  2.130s] [Workarounds] finished patch_ui_parent_panel_toggles in 186.45µs
[  2.130s] [Workarounds] starting patch_uiparent_onupdate_worklists
[  2.130s] [Workarounds] finished patch_uiparent_onupdate_worklists in 77.24µs
[  2.130s] [Workarounds] starting init_chat_type_colors
[  2.130s] [Workarounds] finished init_chat_type_colors in 95.24µs
[  2.130s] [Workarounds] starting patch_chat_voice_button_surface
[  2.130s] [Workarounds] finished patch_chat_voice_button_surface in 91.76µs
[  2.130s] [Workarounds] starting patch_item_socketing_tooltips
[  2.130s] [Workarounds] finished patch_item_socketing_tooltips in 45.81µs
[  2.130s] [Workarounds] starting patch_character_select_selected_name
[  2.130s] [Workarounds] finished patch_character_select_selected_name in 34.40µs
[  2.130s] [Workarounds] starting patch_character_create_defaults
[  2.130s] [Workarounds] finished patch_character_create_defaults in 174.80µs
[  2.130s] [Workarounds] starting patch_character_frame_title_refresh
[  2.135s] [Workarounds] finished patch_character_frame_title_refresh in 4.58ms
[  2.135s] [Workarounds] starting patch_vignette_pin_template
[  2.135s] [Workarounds] finished patch_vignette_pin_template in 69.59µs
[  2.135s] [Workarounds] starting patch_fog_of_war_pin_mixin
[  2.135s] [Workarounds] finished patch_fog_of_war_pin_mixin in 216.84µs
[  2.135s] [Workarounds] starting patch_map_exploration_pin_mixin
[  2.140s] [Workarounds] finished patch_map_exploration_pin_mixin in 4.46ms
[  2.140s] [Workarounds] starting patch_map_canvas_data_provider_attachment
[  2.140s] [Workarounds] finished patch_map_canvas_data_provider_attachment in 49.10µs
[  2.140s] [Workarounds] starting ensure_adventure_map_frame_surface
[  2.140s] [Workarounds] finished ensure_adventure_map_frame_surface in 340.92µs
[  2.140s] [Workarounds] starting patch_action_bar_button_event_fanout
[  2.140s] [Workarounds] finished patch_action_bar_button_event_fanout in 84.20µs
[  2.140s] [Workarounds] starting patch_paging_controls_page_text
[  2.140s] [Workarounds] finished patch_paging_controls_page_text in 31.38µs
[  2.140s] [Workarounds] starting patch_talent_edge_frame_level_sync
[  2.140s] [Workarounds] finished patch_talent_edge_frame_level_sync in 23.72µs
[  2.140s] [Workarounds] starting patch_catalog_shop_product_card_defaults
[  2.140s] [Workarounds] finished patch_catalog_shop_product_card_defaults in 49.41µs
[  2.140s] [Workarounds] starting patch_game_time_defaults
[  2.140s] [Workarounds] finished patch_game_time_defaults in 5.99µs
[  2.140s] [Workarounds] starting patch_tooltip_nineslice_surface
[  2.140s] [Workarounds] finished patch_tooltip_nineslice_surface in 33.89µs
[  2.140s] [Workarounds] starting patch_container_frame_token_tracker
[  2.140s] [Workarounds] finished patch_container_frame_token_tracker in 31.99µs
[  2.140s] [Workarounds] starting patch_achievement_display_set_achievements
[  2.140s] [Workarounds] finished patch_achievement_display_set_achievements in 6.49µs
[  2.140s] [Workarounds] starting patch_housing_dashboard_preload
[  2.141s] [Workarounds] finished patch_housing_dashboard_preload in 127.83µs
[  2.141s] [Workarounds] starting patch_lfg_lock_list
[  2.141s] [Workarounds] finished patch_lfg_lock_list in 27.53µs
[  2.141s] [Workarounds] starting patch_auction_house_browse_results_event
[  2.141s] [Workarounds] finished patch_auction_house_browse_results_event in 53.96µs
[  2.141s] [Workarounds] starting patch_auction_house_search_context_aliases
[  2.141s] [Workarounds] finished patch_auction_house_search_context_aliases in 24.79µs
[  2.141s] [Workarounds] starting patch_auth_challenge_frame_parent
[  2.141s] [Workarounds] finished patch_auth_challenge_frame_parent in 65.92µs
[  2.141s] [Workarounds] starting patch_settings_surface_defaults
[  2.141s] [Workarounds] finished patch_settings_surface_defaults in 272.74µs
[  2.141s] [Workarounds] starting patch_settings_canvas_layout_visibility
[  2.141s] [Workarounds] finished patch_settings_canvas_layout_visibility in 88.49µs
[  2.141s] [Startup] apply_post_load_workarounds: workarounds complete
[  2.191s] [Startup] apply_post_load_workarounds: globals restored
[  2.192s] [Startup] apply_post_load_workarounds: patch 12.1 compatibility restored
[  2.192s] [Startup] apply_post_load_workarounds: seterrorhandler restored
[  2.320s] [Startup] begin login sequence
[  2.320s] [Startup] Firing ADDON_LOADED
[  2.320s] [Startup] Firing VARIABLES_LOADED
[  2.400s] [Startup] Firing DISPLAY_SIZE_CHANGED
[  2.442s] [Startup] Firing UI_SCALE_CHANGED
[  2.443s] [Startup] Firing PLAYER_LOGIN
[  2.443s] [Startup] end login sequence in 122.41ms
[  2.443s] [Startup] begin world enter sequence
[  2.443s] [Startup] Skipping EDIT_MODE_LAYOUTS_UPDATED
[  2.443s] [Startup] Firing TIME_PLAYED_MSG via RequestTimePlayed
[  2.443s] [Startup] Firing PLAYER_ENTERING_WORLD
[  2.637s] [EditMode] starting setup_layout_info
[  2.641s] [EditMode] finished setup_layout_info in 3.18ms
[  2.641s] [EditMode] starting apply_system_anchors
[  2.750s] [EditMode] finished apply_system_anchors in 109.06ms
[  2.750s] [EditMode] starting finalize_action_bar_positions
[  2.751s] [EditMode] finished finalize_action_bar_positions in 1.86ms
[  2.752s] [EditMode] starting invoke_anchor_changed_hooks
[  2.756s] [EditMode] finished invoke_anchor_changed_hooks in 4.67ms
[  2.756s] [EditMode] starting fix_action_bar_nan_size
[  2.756s] [EditMode] finished fix_action_bar_nan_size in 56.78µs
[  2.756s] [EditMode] starting fix_action_bar_scale
[  2.756s] [EditMode] finished fix_action_bar_scale in 3.72µs
[  2.756s] [EditMode] starting reapply_player_frame_anchor
[  2.757s] [EditMode] finished reapply_player_frame_anchor in 1.25ms
[  2.764s] [Startup] end world enter sequence in 321.76ms
[  2.764s] [Startup] begin post-login events
[  2.765s] [Startup] Firing UNIT_AURA
[  2.766s] [Startup] Firing PET_UI_UPDATE
[  2.767s] [Startup] Firing BAG_UPDATE_DELAYED
[  2.768s] [Startup] Firing QUEST_LOG_UPDATE
[  2.769s] [Startup] Firing GROUP_ROSTER_UPDATE
[  2.841s] [Startup] Firing ACTIONBAR_UPDATE_STATE
[  2.841s] [Startup] Firing ACTIONBAR_UPDATE_COOLDOWN
[  2.842s] [Startup] Firing UPDATE_BONUS_ACTIONBAR
[  2.851s] [Startup] Firing PLAYER_CAN_GLIDE_CHANGED
[  2.852s] [Startup] Firing PLAYER_IS_GLIDING_CHANGED
[  2.852s] [Startup] Firing UPDATE_BINDINGS
[  2.854s] [Startup] Firing UPDATE_CHAT_WINDOWS
[  2.856s] [Startup] Firing LFG_UPDATE_RANDOM_INFO
[  2.857s] [Startup] end post-login events in 92.69ms
[  2.857s] [Startup] begin close startup special windows
[  2.857s] [Startup] end close startup special windows in 229.72µs
[  2.857s] [Startup] begin FIRST_FRAME_RENDERED
[  2.857s] [Startup] Firing FIRST_FRAME_RENDERED
[  2.858s] [Startup] end FIRST_FRAME_RENDERED in 134.14µs
[  2.858s] [Startup] begin unblock hidden splash alerts
[  2.858s] [Startup] end unblock hidden splash alerts in 11.90µs
[  2.858s] [Startup] begin post-event workarounds
[  2.858s] [Startup] end post-event workarounds in 1.09µs
running 1 tests
test patch_8_0_1_publication_sweep::patch_8_0_1_publication_sweep ... FAILED (panic: assertion `left == right` failed: new gaps: []; resolved/stale gaps: ["wt-global-api-C_Map.GetBountySetIDForMap-21"]
  left: {"wt-events-GLYPH_ADDED-228", "wt-events-GLYPH_ADDED-59", "wt-events-GLYPH_REMOVED-231", "wt-events-GLYPH_REMOVED-59", "wt-events-SPELL_TEXT_UPDATE-150", "wt-global-api-C_ChatInfo.CanReportPlayer-8", "wt-global-api-C_ChatInfo.GetChannelRosterInfo-11", "wt-global-api-C_ChatInfo.GetRegisteredAddonMessagePrefixes-13", "wt-global-api-C_ChatInfo.IsAddonMessagePrefixRegistered-9", "wt-global-api-C_ChatInfo.IsPartyChannelType-10", "wt-global-api-C_ChatInfo.RegisterAddonMessagePrefix-14", "wt-global-api-C_ChatInfo.SendAddonMessage-16", "wt-global-api-C_ChatInfo.SendAddonMessageLogged-17", "wt-global-api-C_Map.GetMapArtHelpTextPosition-24", "wt-global-api-C_Map.GetMapDisplayInfo-30", "wt-global-api-C_Map.GetMapHighlightInfoAtPosition-33", "wt-global-api-C_Map.GetMapLevels-36"}
 right: {"wt-events-GLYPH_ADDED-228", "wt-events-GLYPH_ADDED-59", "wt-events-GLYPH_REMOVED-231", "wt-events-GLYPH_REMOVED-59", "wt-events-SPELL_TEXT_UPDATE-150", "wt-global-api-C_ChatInfo.CanReportPlayer-8", "wt-global-api-C_ChatInfo.GetChannelRosterInfo-11", "wt-global-api-C_ChatInfo.GetRegisteredAddonMessagePrefixes-13", "wt-global-api-C_ChatInfo.IsAddonMessagePrefixRegistered-9", "wt-global-api-C_ChatInfo.IsPartyChannelType-10", "wt-global-api-C_ChatInfo.RegisterAddonMessagePrefix-14", "wt-global-api-C_ChatInfo.SendAddonMessage-16", "wt-global-api-C_ChatInfo.SendAddonMessageLogged-17", "wt-global-api-C_Map.GetBountySetIDForMap-21", "wt-global-api-C_Map.GetMapArtHelpTextPosition-24", "wt-global-api-C_Map.GetMapDisplayInfo-30", "wt-global-api-C_Map.GetMapHighlightInfoAtPosition-33", "wt-global-api-C_Map.GetMapLevels-36"})
---- patch_8_0_1_publication_sweep::patch_8_0_1_publication_sweep stderr ----

thread 'main' (672528) panicked at /home/osso/.worktrees/wow-ui-sim-p801-page/tests/common/publication_sweep.rs:504:5:
assertion `left == right` failed: new gaps: []; resolved/stale gaps: ["wt-global-api-C_Map.GetBountySetIDForMap-21"]
  left: {"wt-events-GLYPH_ADDED-228", "wt-events-GLYPH_ADDED-59", "wt-events-GLYPH_REMOVED-231", "wt-events-GLYPH_REMOVED-59", "wt-events-SPELL_TEXT_UPDATE-150", "wt-global-api-C_ChatInfo.CanReportPlayer-8", "wt-global-api-C_ChatInfo.GetChannelRosterInfo-11", "wt-global-api-C_ChatInfo.GetRegisteredAddonMessagePrefixes-13", "wt-global-api-C_ChatInfo.IsAddonMessagePrefixRegistered-9", "wt-global-api-C_ChatInfo.IsPartyChannelType-10", "wt-global-api-C_ChatInfo.RegisterAddonMessagePrefix-14", "wt-global-api-C_ChatInfo.SendAddonMessage-16", "wt-global-api-C_ChatInfo.SendAddonMessageLogged-17", "wt-global-api-C_Map.GetMapArtHelpTextPosition-24", "wt-global-api-C_Map.GetMapDisplayInfo-30", "wt-global-api-C_Map.GetMapHighlightInfoAtPosition-33", "wt-global-api-C_Map.GetMapLevels-36"}
 right: {"wt-events-GLYPH_ADDED-228", "wt-events-GLYPH_ADDED-59", "wt-events-GLYPH_REMOVED-231", "wt-events-GLYPH_REMOVED-59", "wt-events-SPELL_TEXT_UPDATE-150", "wt-global-api-C_ChatInfo.CanReportPlayer-8", "wt-global-api-C_ChatInfo.GetChannelRosterInfo-11", "wt-global-api-C_ChatInfo.GetRegisteredAddonMessagePrefixes-13", "wt-global-api-C_ChatInfo.IsAddonMessagePrefixRegistered-9", "wt-global-api-C_ChatInfo.IsPartyChannelType-10", "wt-global-api-C_ChatInfo.RegisterAddonMessagePrefix-14", "wt-global-api-C_ChatInfo.SendAddonMessage-16", "wt-global-api-C_ChatInfo.SendAddonMessageLogged-17", "wt-global-api-C_Map.GetBountySetIDForMap-21", "wt-global-api-C_Map.GetMapArtHelpTextPosition-24", "wt-global-api-C_Map.GetMapDisplayInfo-30", "wt-global-api-C_Map.GetMapHighlightInfoAtPosition-33", "wt-global-api-C_Map.GetMapLevels-36"}
note: run with `RUST_BACKTRACE=1` environment variable to display a backtrace

test result: FAILED. 0 passed; 1 failed; 1 total
error: test failed, to rerun pass `--test prefork_full_ui`

Caused by:
  process didn't exit successfully: `/home/osso/.cache/wow-ui-sim-targets/p801-page/debug/deps/prefork_full_ui-21dd5c807fe7a7b6 patch_8_0_1_publication_sweep` (exit status: 1)
