running 1 tests
test patch_8_0_1_cached_semantics::patch_8_0_1_cached_event_and_aura_input_changes ... ok

test result: ok. 1 passed; 0 failed; 1 total
warning: iced-wgpu-patched/Cargo.toml: `lints.clippy.large-enum-variant` is deprecated in favor of `lints.clippy.large_enum_variant` and will not work in a future edition
warning: iced-wgpu-patched/Cargo.toml: `lints.clippy.map-entry` is deprecated in favor of `lints.clippy.map_entry` and will not work in a future edition
warning: iced-wgpu-patched/Cargo.toml: `lints.clippy.match-wildcard-for-single-variants` is deprecated in favor of `lints.clippy.match_wildcard_for_single_variants` and will not work in a future edition
warning: iced-wgpu-patched/Cargo.toml: `lints.clippy.redundant-closure-for-method-calls` is deprecated in favor of `lints.clippy.redundant_closure_for_method_calls` and will not work in a future edition
warning: iced-wgpu-patched/Cargo.toml: `lints.clippy.trivially-copy-pass-by-ref` is deprecated in favor of `lints.clippy.trivially_copy_pass_by_ref` and will not work in a future edition
warning: iced-wgpu-patched/Cargo.toml: `lints.clippy.type-complexity` is deprecated in favor of `lints.clippy.type_complexity` and will not work in a future edition
warning: `iced_wgpu` (manifest) generated 6 warnings
    Finished `test` profile [optimized + debuginfo] target(s) in 0.16s
     Running tests/prefork_full_ui.rs (/home/osso/.cache/wow-ui-sim-targets/p801-page/debug/deps/prefork_full_ui-21dd5c807fe7a7b6)
[  0.000s] [Startup] WowLuaEnv::new begin
[  0.002s] [Startup] SimState::default complete in 1.71ms
[  0.002s] [Startup] rilua VM created in 96.34µs
[  0.002s] [Startup] builtin frames initialized in 70.32µs
[  0.002s] [Startup] template registry cleared in 5.93µs
[  0.002s] [Startup] intrinsic templates registered in 5.87µs
[  0.002s] [Startup] initial app_data lua handle installed in 1.17µs
[  0.119s] [Startup] init_lua_state complete in 116.64ms
[  0.119s] [Startup] final app_data lua handle installed in 250.00ns
[  0.119s] [Startup] initial screen globals installed in 87.20µs
[  0.119s] [Startup] WowLuaEnv::new complete
[  2.112s] [Startup] apply_post_load_workarounds: begin
[  2.112s] [Workarounds] starting patch_edit_mode_manager
[  2.113s] [Workarounds] finished patch_edit_mode_manager in 281.47µs
[  2.113s] [Workarounds] starting init_edit_mode_layout
[  2.113s] [EditMode] starting setup_layout_info
[  2.116s] [EditMode] finished setup_layout_info in 2.97ms
[  2.116s] [EditMode] starting apply_system_anchors
[  2.227s] [EditMode] finished apply_system_anchors in 111.62ms
[  2.227s] [EditMode] starting finalize_action_bar_positions
[  2.229s] [EditMode] finished finalize_action_bar_positions in 1.57ms
[  2.229s] [EditMode] starting invoke_anchor_changed_hooks
[  2.229s] [EditMode] finished invoke_anchor_changed_hooks in 409.56µs
[  2.229s] [EditMode] starting fix_action_bar_nan_size
[  2.229s] [EditMode] finished fix_action_bar_nan_size in 34.04µs
[  2.229s] [EditMode] starting fix_action_bar_scale
[  2.229s] [EditMode] finished fix_action_bar_scale in 3.73µs
[  2.229s] [Workarounds] finished init_edit_mode_layout in 116.64ms
[  2.229s] [Workarounds] starting patch_ui_parent_panel_toggles
[  2.229s] [Workarounds] finished patch_ui_parent_panel_toggles in 195.41µs
[  2.229s] [Workarounds] starting patch_uiparent_onupdate_worklists
[  2.229s] [Workarounds] finished patch_uiparent_onupdate_worklists in 82.70µs
[  2.229s] [Workarounds] starting init_chat_type_colors
[  2.230s] [Workarounds] finished init_chat_type_colors in 116.84µs
[  2.230s] [Workarounds] starting patch_chat_voice_button_surface
[  2.230s] [Workarounds] finished patch_chat_voice_button_surface in 101.71µs
[  2.230s] [Workarounds] starting patch_item_socketing_tooltips
[  2.230s] [Workarounds] finished patch_item_socketing_tooltips in 48.06µs
[  2.230s] [Workarounds] starting patch_character_select_selected_name
[  2.230s] [Workarounds] finished patch_character_select_selected_name in 26.89µs
[  2.230s] [Workarounds] starting patch_character_create_defaults
[  2.230s] [Workarounds] finished patch_character_create_defaults in 258.23µs
[  2.230s] [Workarounds] starting patch_character_frame_title_refresh
[  2.235s] [Workarounds] finished patch_character_frame_title_refresh in 4.69ms
[  2.235s] [Workarounds] starting patch_vignette_pin_template
[  2.235s] [Workarounds] finished patch_vignette_pin_template in 73.27µs
[  2.235s] [Workarounds] starting patch_fog_of_war_pin_mixin
[  2.235s] [Workarounds] finished patch_fog_of_war_pin_mixin in 222.53µs
[  2.235s] [Workarounds] starting patch_map_exploration_pin_mixin
[  2.239s] [Workarounds] finished patch_map_exploration_pin_mixin in 4.32ms
[  2.239s] [Workarounds] starting patch_map_canvas_data_provider_attachment
[  2.239s] [Workarounds] finished patch_map_canvas_data_provider_attachment in 50.17µs
[  2.239s] [Workarounds] starting ensure_adventure_map_frame_surface
[  2.240s] [Workarounds] finished ensure_adventure_map_frame_surface in 362.37µs
[  2.240s] [Workarounds] starting patch_action_bar_button_event_fanout
[  2.240s] [Workarounds] finished patch_action_bar_button_event_fanout in 79.96µs
[  2.240s] [Workarounds] starting patch_paging_controls_page_text
[  2.240s] [Workarounds] finished patch_paging_controls_page_text in 32.25µs
[  2.240s] [Workarounds] starting patch_talent_edge_frame_level_sync
[  2.240s] [Workarounds] finished patch_talent_edge_frame_level_sync in 23.68µs
[  2.240s] [Workarounds] starting patch_catalog_shop_product_card_defaults
[  2.240s] [Workarounds] finished patch_catalog_shop_product_card_defaults in 51.73µs
[  2.240s] [Workarounds] starting patch_game_time_defaults
[  2.240s] [Workarounds] finished patch_game_time_defaults in 6.27µs
[  2.240s] [Workarounds] starting patch_tooltip_nineslice_surface
[  2.240s] [Workarounds] finished patch_tooltip_nineslice_surface in 34.24µs
[  2.240s] [Workarounds] starting patch_container_frame_token_tracker
[  2.240s] [Workarounds] finished patch_container_frame_token_tracker in 31.84µs
[  2.240s] [Workarounds] starting patch_achievement_display_set_achievements
[  2.240s] [Workarounds] finished patch_achievement_display_set_achievements in 6.47µs
[  2.240s] [Workarounds] starting patch_housing_dashboard_preload
[  2.240s] [Workarounds] finished patch_housing_dashboard_preload in 131.10µs
[  2.240s] [Workarounds] starting patch_lfg_lock_list
[  2.240s] [Workarounds] finished patch_lfg_lock_list in 30.26µs
[  2.240s] [Workarounds] starting patch_auction_house_browse_results_event
[  2.240s] [Workarounds] finished patch_auction_house_browse_results_event in 50.41µs
[  2.240s] [Workarounds] starting patch_auction_house_search_context_aliases
[  2.240s] [Workarounds] finished patch_auction_house_search_context_aliases in 23.29µs
[  2.240s] [Workarounds] starting patch_auth_challenge_frame_parent
[  2.240s] [Workarounds] finished patch_auth_challenge_frame_parent in 57.07µs
[  2.240s] [Workarounds] starting patch_settings_surface_defaults
[  2.241s] [Workarounds] finished patch_settings_surface_defaults in 274.59µs
[  2.241s] [Workarounds] starting patch_settings_canvas_layout_visibility
[  2.241s] [Workarounds] finished patch_settings_canvas_layout_visibility in 86.89µs
[  2.241s] [Startup] apply_post_load_workarounds: workarounds complete
[  2.303s] [Startup] apply_post_load_workarounds: globals restored
[  2.303s] [Startup] apply_post_load_workarounds: patch 12.1 compatibility restored
[  2.303s] [Startup] apply_post_load_workarounds: seterrorhandler restored
[  2.466s] [Startup] begin login sequence
[  2.466s] [Startup] Firing ADDON_LOADED
[  2.466s] [Startup] Firing VARIABLES_LOADED
[  2.554s] [Startup] Firing DISPLAY_SIZE_CHANGED
[  2.593s] [Startup] Firing UI_SCALE_CHANGED
[  2.594s] [Startup] Firing PLAYER_LOGIN
[  2.594s] [Startup] end login sequence in 128.52ms
[  2.594s] [Startup] begin world enter sequence
[  2.594s] [Startup] Skipping EDIT_MODE_LAYOUTS_UPDATED
[  2.594s] [Startup] Firing TIME_PLAYED_MSG via RequestTimePlayed
[  2.594s] [Startup] Firing PLAYER_ENTERING_WORLD
[  2.791s] [EditMode] starting setup_layout_info
[  2.795s] [EditMode] finished setup_layout_info in 3.46ms
[  2.795s] [EditMode] starting apply_system_anchors
[  2.927s] [EditMode] finished apply_system_anchors in 131.92ms
[  2.927s] [EditMode] starting finalize_action_bar_positions
[  2.929s] [EditMode] finished finalize_action_bar_positions in 1.95ms
[  2.929s] [EditMode] starting invoke_anchor_changed_hooks
[  2.934s] [EditMode] finished invoke_anchor_changed_hooks in 4.89ms
[  2.934s] [EditMode] starting fix_action_bar_nan_size
[  2.934s] [EditMode] finished fix_action_bar_nan_size in 54.13µs
[  2.934s] [EditMode] starting fix_action_bar_scale
[  2.934s] [EditMode] finished fix_action_bar_scale in 3.50µs
[  2.934s] [EditMode] starting reapply_player_frame_anchor
[  2.935s] [EditMode] finished reapply_player_frame_anchor in 1.26ms
[  2.942s] [Startup] end world enter sequence in 347.84ms
[  2.942s] [Startup] begin post-login events
[  2.943s] [Startup] Firing UNIT_AURA
[  2.943s] [Startup] Firing PET_UI_UPDATE
[  2.945s] [Startup] Firing BAG_UPDATE_DELAYED
[  2.946s] [Startup] Firing QUEST_LOG_UPDATE
[  2.947s] [Startup] Firing GROUP_ROSTER_UPDATE
[  3.023s] [Startup] Firing ACTIONBAR_UPDATE_STATE
[  3.023s] [Startup] Firing ACTIONBAR_UPDATE_COOLDOWN
[  3.024s] [Startup] Firing UPDATE_BONUS_ACTIONBAR
[  3.034s] [Startup] Firing PLAYER_CAN_GLIDE_CHANGED
[  3.034s] [Startup] Firing PLAYER_IS_GLIDING_CHANGED
[  3.034s] [Startup] Firing UPDATE_BINDINGS
[  3.037s] [Startup] Firing UPDATE_CHAT_WINDOWS
[  3.040s] [Startup] Firing LFG_UPDATE_RANDOM_INFO
[  3.041s] [Startup] end post-login events in 98.91ms
[  3.041s] [Startup] begin close startup special windows
[  3.041s] [Startup] end close startup special windows in 274.18µs
[  3.041s] [Startup] begin FIRST_FRAME_RENDERED
[  3.041s] [Startup] Firing FIRST_FRAME_RENDERED
[  3.041s] [Startup] end FIRST_FRAME_RENDERED in 170.46µs
[  3.041s] [Startup] begin unblock hidden splash alerts
[  3.041s] [Startup] end unblock hidden splash alerts in 13.20µs
[  3.041s] [Startup] begin post-event workarounds
[  3.041s] [Startup] end post-event workarounds in 751.00ns
