running 41 tests
test patch_10_0_0_publication_sweep::patch_10_0_0_animation_probe_factories ... ok
test patch_10_0_2_publication_sweep::patch_10_0_2_publication_sweep ... ok
test patch_10_0_0_publication_sweep::patch_10_0_0_publication_sweep ... ok
test patch_10_0_5_publication_sweep::patch_10_0_5_publication_sweep ... ok
test patch_10_0_7_publication_sweep::patch_10_0_7_publication_sweep ... ok
test patch_10_1_0_publication_sweep::patch_10_1_0_publication_sweep ... ok
test patch_10_1_5_publication_sweep::patch_10_1_5_publication_sweep ... ok
test patch_10_1_7_publication_sweep::patch_10_1_7_publication_sweep ... ok
test patch_10_2_0_publication_sweep::patch_10_2_0_publication_sweep ... ok
test patch_10_2_5_publication_sweep::patch_10_2_5_publication_sweep ... ok
test patch_10_2_7_publication_sweep::patch_10_2_7_publication_sweep ... ok
test patch_10_2_6_publication_sweep::patch_10_2_6_publication_sweep ... ok
test patch_11_0_2_publication_sweep::patch_11_0_2_publication_sweep ... ok
test patch_11_0_5_publication_sweep::patch_11_0_5_publication_sweep ... ok
test patch_11_0_0_publication_sweep::patch_11_0_0_publication_sweep ... ok
test patch_11_0_7_publication_sweep::patch_11_0_7_publication_sweep ... ok
test patch_11_1_0_publication_sweep::patch_11_1_0_publication_sweep ... ok
test patch_11_1_5_publication_sweep::patch_11_1_5_publication_sweep ... ok
test patch_11_1_7_publication_sweep::patch_11_1_7_publication_sweep ... ok
test patch_11_2_0_publication_sweep::patch_11_2_0_publication_sweep ... ok
test patch_11_2_5_publication_sweep::patch_11_2_5_publication_sweep ... ok
test patch_11_2_7_publication_sweep::patch_11_2_7_publication_sweep ... ok
test patch_12_0_0_publication_sweep::patch_12_0_0_publication_sweep ... ok
test patch_12_0_1_publication_sweep::patch_12_0_1_publication_sweep ... ok
test patch_12_0_5_publication_sweep::patch_12_0_5_publication_sweep ... ok
test patch_12_0_7_publication_sweep::patch_12_0_7_publication_sweep ... ok
test patch_8_0_1_publication_sweep::patch_8_0_1_publication_sweep ... FAILED (panic: assertion `left == right` failed: new gaps: []; resolved/stale gaps: ["wt-global-api-C_ChatInfo.ReportPlayer-15"]
  left: {"wt-events-GLYPH_ADDED-228", "wt-events-GLYPH_ADDED-59", "wt-events-GLYPH_REMOVED-231", "wt-events-GLYPH_REMOVED-59", "wt-events-SPELL_TEXT_UPDATE-150", "wt-global-api-C_ChatInfo.CanReportPlayer-8", "wt-global-api-C_ChatInfo.GetChannelRosterInfo-11", "wt-global-api-C_ChatInfo.GetRegisteredAddonMessagePrefixes-13", "wt-global-api-C_ChatInfo.IsAddonMessagePrefixRegistered-9", "wt-global-api-C_ChatInfo.IsPartyChannelType-10", "wt-global-api-C_ChatInfo.RegisterAddonMessagePrefix-14", "wt-global-api-C_ChatInfo.SendAddonMessage-16", "wt-global-api-C_ChatInfo.SendAddonMessageLogged-17", "wt-global-api-C_Map.GetBountySetIDForMap-21", "wt-global-api-C_Map.GetMapArtHelpTextPosition-24", "wt-global-api-C_Map.GetMapDisplayInfo-30", "wt-global-api-C_Map.GetMapHighlightInfoAtPosition-33", "wt-global-api-C_Map.GetMapLevels-36"}
 right: {"wt-events-GLYPH_ADDED-228", "wt-events-GLYPH_ADDED-59", "wt-events-GLYPH_REMOVED-231", "wt-events-GLYPH_REMOVED-59", "wt-events-SPELL_TEXT_UPDATE-150", "wt-global-api-C_ChatInfo.CanReportPlayer-8", "wt-global-api-C_ChatInfo.GetChannelRosterInfo-11", "wt-global-api-C_ChatInfo.GetRegisteredAddonMessagePrefixes-13", "wt-global-api-C_ChatInfo.IsAddonMessagePrefixRegistered-9", "wt-global-api-C_ChatInfo.IsPartyChannelType-10", "wt-global-api-C_ChatInfo.RegisterAddonMessagePrefix-14", "wt-global-api-C_ChatInfo.ReportPlayer-15", "wt-global-api-C_ChatInfo.SendAddonMessage-16", "wt-global-api-C_ChatInfo.SendAddonMessageLogged-17", "wt-global-api-C_Map.GetBountySetIDForMap-21", "wt-global-api-C_Map.GetMapArtHelpTextPosition-24", "wt-global-api-C_Map.GetMapDisplayInfo-30", "wt-global-api-C_Map.GetMapHighlightInfoAtPosition-33", "wt-global-api-C_Map.GetMapLevels-36"})
---- patch_8_0_1_publication_sweep::patch_8_0_1_publication_sweep stderr ----

thread 'main' (600022) panicked at /home/osso/.worktrees/wow-ui-sim-p801-page/tests/common/publication_sweep.rs:504:5:
assertion `left == right` failed: new gaps: []; resolved/stale gaps: ["wt-global-api-C_ChatInfo.ReportPlayer-15"]
  left: {"wt-events-GLYPH_ADDED-228", "wt-events-GLYPH_ADDED-59", "wt-events-GLYPH_REMOVED-231", "wt-events-GLYPH_REMOVED-59", "wt-events-SPELL_TEXT_UPDATE-150", "wt-global-api-C_ChatInfo.CanReportPlayer-8", "wt-global-api-C_ChatInfo.GetChannelRosterInfo-11", "wt-global-api-C_ChatInfo.GetRegisteredAddonMessagePrefixes-13", "wt-global-api-C_ChatInfo.IsAddonMessagePrefixRegistered-9", "wt-global-api-C_ChatInfo.IsPartyChannelType-10", "wt-global-api-C_ChatInfo.RegisterAddonMessagePrefix-14", "wt-global-api-C_ChatInfo.SendAddonMessage-16", "wt-global-api-C_ChatInfo.SendAddonMessageLogged-17", "wt-global-api-C_Map.GetBountySetIDForMap-21", "wt-global-api-C_Map.GetMapArtHelpTextPosition-24", "wt-global-api-C_Map.GetMapDisplayInfo-30", "wt-global-api-C_Map.GetMapHighlightInfoAtPosition-33", "wt-global-api-C_Map.GetMapLevels-36"}
 right: {"wt-events-GLYPH_ADDED-228", "wt-events-GLYPH_ADDED-59", "wt-events-GLYPH_REMOVED-231", "wt-events-GLYPH_REMOVED-59", "wt-events-SPELL_TEXT_UPDATE-150", "wt-global-api-C_ChatInfo.CanReportPlayer-8", "wt-global-api-C_ChatInfo.GetChannelRosterInfo-11", "wt-global-api-C_ChatInfo.GetRegisteredAddonMessagePrefixes-13", "wt-global-api-C_ChatInfo.IsAddonMessagePrefixRegistered-9", "wt-global-api-C_ChatInfo.IsPartyChannelType-10", "wt-global-api-C_ChatInfo.RegisterAddonMessagePrefix-14", "wt-global-api-C_ChatInfo.ReportPlayer-15", "wt-global-api-C_ChatInfo.SendAddonMessage-16", "wt-global-api-C_ChatInfo.SendAddonMessageLogged-17", "wt-global-api-C_Map.GetBountySetIDForMap-21", "wt-global-api-C_Map.GetMapArtHelpTextPosition-24", "wt-global-api-C_Map.GetMapDisplayInfo-30", "wt-global-api-C_Map.GetMapHighlightInfoAtPosition-33", "wt-global-api-C_Map.GetMapLevels-36"}
note: run with `RUST_BACKTRACE=1` environment variable to display a backtrace
test patch_12_1_0_publication_sweep::patch_12_1_0_publication_sweep ... ok
test patch_8_1_5_publication_sweep::patch_8_1_5_publication_sweep ... ok
test patch_8_2_0_publication_sweep::patch_8_2_0_publication_sweep ... ok
test patch_8_2_5_publication_sweep::patch_8_2_5_publication_sweep ... ok
test patch_8_3_7_publication_sweep::patch_8_3_7_publication_sweep ... ok
test patch_8_3_0_publication_sweep::patch_8_3_0_publication_sweep ... ok
test patch_9_0_2_publication_sweep::patch_9_0_2_publication_sweep ... ok
test patch_9_0_5_publication_sweep::patch_9_0_5_publication_sweep ... ok
test patch_9_0_1_publication_sweep::patch_9_0_1_publication_sweep ... ok
test patch_9_1_0_publication_sweep::patch_9_1_0_publication_sweep ... ok
test patch_9_1_5_publication_sweep::patch_9_1_5_publication_sweep ... ok
test patch_9_2_0_publication_sweep::patch_9_2_0_publication_sweep ... ok
test patch_9_2_5_publication_sweep::patch_9_2_5_publication_sweep ... ok
test patch_9_2_7_publication_sweep::patch_9_2_7_publication_sweep ... ok

test result: FAILED. 40 passed; 1 failed; 41 total
warning: iced-wgpu-patched/Cargo.toml: `lints.clippy.large-enum-variant` is deprecated in favor of `lints.clippy.large_enum_variant` and will not work in a future edition
warning: iced-wgpu-patched/Cargo.toml: `lints.clippy.map-entry` is deprecated in favor of `lints.clippy.map_entry` and will not work in a future edition
warning: iced-wgpu-patched/Cargo.toml: `lints.clippy.match-wildcard-for-single-variants` is deprecated in favor of `lints.clippy.match_wildcard_for_single_variants` and will not work in a future edition
warning: iced-wgpu-patched/Cargo.toml: `lints.clippy.redundant-closure-for-method-calls` is deprecated in favor of `lints.clippy.redundant_closure_for_method_calls` and will not work in a future edition
warning: iced-wgpu-patched/Cargo.toml: `lints.clippy.trivially-copy-pass-by-ref` is deprecated in favor of `lints.clippy.trivially_copy_pass_by_ref` and will not work in a future edition
warning: iced-wgpu-patched/Cargo.toml: `lints.clippy.type-complexity` is deprecated in favor of `lints.clippy.type_complexity` and will not work in a future edition
warning: `iced_wgpu` (manifest) generated 6 warnings
   Compiling wow-ui-sim v0.1.0 (/home/osso/.worktrees/wow-ui-sim-p801-page)
    Finished `test` profile [optimized + debuginfo] target(s) in 1m 17s
     Running tests/prefork_full_ui.rs (/home/osso/.cache/wow-ui-sim-targets/p801-page/debug/deps/prefork_full_ui-21dd5c807fe7a7b6)
[  0.000s] [Startup] WowLuaEnv::new begin
[  0.002s] [Startup] SimState::default complete in 1.74ms
[  0.002s] [Startup] rilua VM created in 106.69µs
[  0.002s] [Startup] builtin frames initialized in 74.18µs
[  0.002s] [Startup] template registry cleared in 6.98µs
[  0.002s] [Startup] intrinsic templates registered in 6.31µs
[  0.002s] [Startup] initial app_data lua handle installed in 371.00ns
[  0.105s] [Startup] init_lua_state complete in 103.16ms
[  0.105s] [Startup] final app_data lua handle installed in 260.00ns
[  0.105s] [Startup] initial screen globals installed in 64.01µs
[  0.105s] [Startup] WowLuaEnv::new complete
[  2.211s] [Startup] apply_post_load_workarounds: begin
[  2.211s] [Workarounds] starting patch_edit_mode_manager
[  2.212s] [Workarounds] finished patch_edit_mode_manager in 271.48µs
[  2.212s] [Workarounds] starting init_edit_mode_layout
[  2.212s] [EditMode] starting setup_layout_info
[  2.215s] [EditMode] finished setup_layout_info in 2.81ms
[  2.215s] [EditMode] starting apply_system_anchors
[  2.334s] [EditMode] finished apply_system_anchors in 119.45ms
[  2.334s] [EditMode] starting finalize_action_bar_positions
[  2.336s] [EditMode] finished finalize_action_bar_positions in 1.48ms
[  2.336s] [EditMode] starting invoke_anchor_changed_hooks
[  2.336s] [EditMode] finished invoke_anchor_changed_hooks in 347.02µs
[  2.336s] [EditMode] starting fix_action_bar_nan_size
[  2.336s] [EditMode] finished fix_action_bar_nan_size in 34.10µs
[  2.336s] [EditMode] starting fix_action_bar_scale
[  2.336s] [EditMode] finished fix_action_bar_scale in 3.66µs
[  2.336s] [Workarounds] finished init_edit_mode_layout in 124.15ms
[  2.336s] [Workarounds] starting patch_ui_parent_panel_toggles
[  2.336s] [Workarounds] finished patch_ui_parent_panel_toggles in 189.89µs
[  2.336s] [Workarounds] starting patch_uiparent_onupdate_worklists
[  2.336s] [Workarounds] finished patch_uiparent_onupdate_worklists in 78.39µs
[  2.336s] [Workarounds] starting init_chat_type_colors
[  2.336s] [Workarounds] finished init_chat_type_colors in 96.63µs
[  2.336s] [Workarounds] starting patch_chat_voice_button_surface
[  2.336s] [Workarounds] finished patch_chat_voice_button_surface in 95.74µs
[  2.336s] [Workarounds] starting patch_item_socketing_tooltips
[  2.336s] [Workarounds] finished patch_item_socketing_tooltips in 47.95µs
[  2.336s] [Workarounds] starting patch_character_select_selected_name
[  2.336s] [Workarounds] finished patch_character_select_selected_name in 27.38µs
[  2.336s] [Workarounds] starting patch_character_create_defaults
[  2.337s] [Workarounds] finished patch_character_create_defaults in 188.99µs
[  2.337s] [Workarounds] starting patch_character_frame_title_refresh
[  2.341s] [Workarounds] finished patch_character_frame_title_refresh in 4.69ms
[  2.341s] [Workarounds] starting patch_vignette_pin_template
[  2.341s] [Workarounds] finished patch_vignette_pin_template in 74.08µs
[  2.341s] [Workarounds] starting patch_fog_of_war_pin_mixin
[  2.342s] [Workarounds] finished patch_fog_of_war_pin_mixin in 227.29µs
[  2.342s] [Workarounds] starting patch_map_exploration_pin_mixin
[  2.346s] [Workarounds] finished patch_map_exploration_pin_mixin in 4.62ms
[  2.346s] [Workarounds] starting patch_map_canvas_data_provider_attachment
[  2.346s] [Workarounds] finished patch_map_canvas_data_provider_attachment in 52.88µs
[  2.346s] [Workarounds] starting ensure_adventure_map_frame_surface
[  2.347s] [Workarounds] finished ensure_adventure_map_frame_surface in 387.16µs
[  2.347s] [Workarounds] starting patch_action_bar_button_event_fanout
[  2.347s] [Workarounds] finished patch_action_bar_button_event_fanout in 84.40µs
[  2.347s] [Workarounds] starting patch_paging_controls_page_text
[  2.347s] [Workarounds] finished patch_paging_controls_page_text in 32.11µs
[  2.347s] [Workarounds] starting patch_talent_edge_frame_level_sync
[  2.347s] [Workarounds] finished patch_talent_edge_frame_level_sync in 24.46µs
[  2.347s] [Workarounds] starting patch_catalog_shop_product_card_defaults
[  2.347s] [Workarounds] finished patch_catalog_shop_product_card_defaults in 51.27µs
[  2.347s] [Workarounds] starting patch_game_time_defaults
[  2.347s] [Workarounds] finished patch_game_time_defaults in 6.06µs
[  2.347s] [Workarounds] starting patch_tooltip_nineslice_surface
[  2.347s] [Workarounds] finished patch_tooltip_nineslice_surface in 35.26µs
[  2.347s] [Workarounds] starting patch_container_frame_token_tracker
[  2.347s] [Workarounds] finished patch_container_frame_token_tracker in 34.22µs
[  2.347s] [Workarounds] starting patch_achievement_display_set_achievements
[  2.347s] [Workarounds] finished patch_achievement_display_set_achievements in 7.28µs
[  2.347s] [Workarounds] starting patch_housing_dashboard_preload
[  2.347s] [Workarounds] finished patch_housing_dashboard_preload in 134.80µs
[  2.347s] [Workarounds] starting patch_lfg_lock_list
[  2.347s] [Workarounds] finished patch_lfg_lock_list in 29.41µs
[  2.347s] [Workarounds] starting patch_auction_house_browse_results_event
[  2.347s] [Workarounds] finished patch_auction_house_browse_results_event in 52.62µs
[  2.347s] [Workarounds] starting patch_auction_house_search_context_aliases
[  2.347s] [Workarounds] finished patch_auction_house_search_context_aliases in 23.34µs
[  2.347s] [Workarounds] starting patch_auth_challenge_frame_parent
[  2.347s] [Workarounds] finished patch_auth_challenge_frame_parent in 56.07µs
[  2.347s] [Workarounds] starting patch_settings_surface_defaults
[  2.348s] [Workarounds] finished patch_settings_surface_defaults in 290.81µs
[  2.348s] [Workarounds] starting patch_settings_canvas_layout_visibility
[  2.348s] [Workarounds] finished patch_settings_canvas_layout_visibility in 89.99µs
[  2.348s] [Startup] apply_post_load_workarounds: workarounds complete
[  2.418s] [Startup] apply_post_load_workarounds: globals restored
[  2.418s] [Startup] apply_post_load_workarounds: patch 12.1 compatibility restored
[  2.418s] [Startup] apply_post_load_workarounds: seterrorhandler restored
[  2.590s] [Startup] begin login sequence
[  2.590s] [Startup] Firing ADDON_LOADED
[  2.590s] [Startup] Firing VARIABLES_LOADED
[  2.682s] [Startup] Firing DISPLAY_SIZE_CHANGED
[  2.723s] [Startup] Firing UI_SCALE_CHANGED
[  2.724s] [Startup] Firing PLAYER_LOGIN
[  2.724s] [Startup] end login sequence in 134.02ms
[  2.724s] [Startup] begin world enter sequence
[  2.724s] [Startup] Skipping EDIT_MODE_LAYOUTS_UPDATED
[  2.724s] [Startup] Firing TIME_PLAYED_MSG via RequestTimePlayed
[  2.724s] [Startup] Firing PLAYER_ENTERING_WORLD
[  2.952s] [EditMode] starting setup_layout_info
[  2.956s] [EditMode] finished setup_layout_info in 4.01ms
[  2.956s] [EditMode] starting apply_system_anchors
[  3.104s] [EditMode] finished apply_system_anchors in 147.49ms
[  3.104s] [EditMode] starting finalize_action_bar_positions
[  3.108s] [EditMode] finished finalize_action_bar_positions in 3.68ms
[  3.108s] [EditMode] starting invoke_anchor_changed_hooks
[  3.114s] [EditMode] finished invoke_anchor_changed_hooks in 6.00ms
[  3.114s] [EditMode] starting fix_action_bar_nan_size
[  3.114s] [EditMode] finished fix_action_bar_nan_size in 72.32µs
[  3.114s] [EditMode] starting fix_action_bar_scale
[  3.114s] [EditMode] finished fix_action_bar_scale in 4.34µs
[  3.114s] [EditMode] starting reapply_player_frame_anchor
[  3.115s] [EditMode] finished reapply_player_frame_anchor in 1.42ms
[  3.123s] [Startup] end world enter sequence in 398.89ms
[  3.123s] [Startup] begin post-login events
[  3.124s] [Startup] Firing UNIT_AURA
[  3.125s] [Startup] Firing PET_UI_UPDATE
[  3.126s] [Startup] Firing BAG_UPDATE_DELAYED
[  3.128s] [Startup] Firing QUEST_LOG_UPDATE
[  3.129s] [Startup] Firing GROUP_ROSTER_UPDATE
[  3.214s] [Startup] Firing ACTIONBAR_UPDATE_STATE
[  3.214s] [Startup] Firing ACTIONBAR_UPDATE_COOLDOWN
[  3.215s] [Startup] Firing UPDATE_BONUS_ACTIONBAR
[  3.225s] [Startup] Firing PLAYER_CAN_GLIDE_CHANGED
[  3.225s] [Startup] Firing PLAYER_IS_GLIDING_CHANGED
[  3.225s] [Startup] Firing UPDATE_BINDINGS
[  3.228s] [Startup] Firing UPDATE_CHAT_WINDOWS
[  3.231s] [Startup] Firing LFG_UPDATE_RANDOM_INFO
[  3.232s] [Startup] end post-login events in 108.71ms
[  3.232s] [Startup] begin close startup special windows
[  3.232s] [Startup] end close startup special windows in 274.81µs
[  3.232s] [Startup] begin FIRST_FRAME_RENDERED
[  3.232s] [Startup] Firing FIRST_FRAME_RENDERED
[  3.232s] [Startup] end FIRST_FRAME_RENDERED in 163.13µs
[  3.232s] [Startup] begin unblock hidden splash alerts
[  3.232s] [Startup] end unblock hidden splash alerts in 13.86µs
[  3.232s] [Startup] begin post-event workarounds
[  3.232s] [Startup] end post-event workarounds in 601.00ns
error: test failed, to rerun pass `--test prefork_full_ui`

Caused by:
  process didn't exit successfully: `/home/osso/.cache/wow-ui-sim-targets/p801-page/debug/deps/prefork_full_ui-21dd5c807fe7a7b6 publication_sweep` (exit status: 1)
