warning: iced-wgpu-patched/Cargo.toml: `lints.clippy.large-enum-variant` is deprecated in favor of `lints.clippy.large_enum_variant` and will not work in a future edition
warning: iced-wgpu-patched/Cargo.toml: `lints.clippy.map-entry` is deprecated in favor of `lints.clippy.map_entry` and will not work in a future edition
warning: iced-wgpu-patched/Cargo.toml: `lints.clippy.match-wildcard-for-single-variants` is deprecated in favor of `lints.clippy.match_wildcard_for_single_variants` and will not work in a future edition
warning: iced-wgpu-patched/Cargo.toml: `lints.clippy.redundant-closure-for-method-calls` is deprecated in favor of `lints.clippy.redundant_closure_for_method_calls` and will not work in a future edition
warning: iced-wgpu-patched/Cargo.toml: `lints.clippy.trivially-copy-pass-by-ref` is deprecated in favor of `lints.clippy.trivially_copy_pass_by_ref` and will not work in a future edition
warning: iced-wgpu-patched/Cargo.toml: `lints.clippy.type-complexity` is deprecated in favor of `lints.clippy.type_complexity` and will not work in a future edition
warning: `iced_wgpu` (manifest) generated 6 warnings
    Finished `test` profile [optimized + debuginfo] target(s) in 0.33s
     Running tests/prefork_full_ui.rs (/home/osso/.cache/wow-ui-sim-targets/p801-page/debug/deps/prefork_full_ui-21dd5c807fe7a7b6)
[  0.000s] [Startup] WowLuaEnv::new begin
[  0.003s] [Startup] SimState::default complete in 2.89ms
[  0.003s] [Startup] rilua VM created in 135.68µs
[  0.003s] [Startup] builtin frames initialized in 112.59µs
[  0.003s] [Startup] template registry cleared in 11.39µs
[  0.003s] [Startup] intrinsic templates registered in 15.72µs
[  0.003s] [Startup] initial app_data lua handle installed in 471.00ns
[  0.355s] [Startup] init_lua_state complete in 352.05ms
[  0.355s] [Startup] final app_data lua handle installed in 581.00ns
[  0.356s] [Startup] initial screen globals installed in 274.58µs
[  0.356s] [Startup] WowLuaEnv::new complete
[  4.984s] [Startup] apply_post_load_workarounds: begin
[  4.984s] [Workarounds] starting patch_edit_mode_manager
[  4.985s] [Workarounds] finished patch_edit_mode_manager in 500.18µs
[  4.985s] [Workarounds] starting init_edit_mode_layout
[  4.985s] [EditMode] starting setup_layout_info
[  4.991s] [EditMode] finished setup_layout_info in 6.63ms
[  4.992s] [EditMode] starting apply_system_anchors
[  5.303s] [EditMode] finished apply_system_anchors in 311.06ms
[  5.303s] [EditMode] starting finalize_action_bar_positions
[  5.307s] [EditMode] finished finalize_action_bar_positions in 4.35ms
[  5.307s] [EditMode] starting invoke_anchor_changed_hooks
[  5.308s] [EditMode] finished invoke_anchor_changed_hooks in 950.45µs
[  5.308s] [EditMode] starting fix_action_bar_nan_size
[  5.308s] [EditMode] finished fix_action_bar_nan_size in 119.99µs
[  5.308s] [EditMode] starting fix_action_bar_scale
[  5.308s] [EditMode] finished fix_action_bar_scale in 8.30µs
[  5.308s] [Workarounds] finished init_edit_mode_layout in 323.30ms
[  5.308s] [Workarounds] starting patch_ui_parent_panel_toggles
[  5.309s] [Workarounds] finished patch_ui_parent_panel_toggles in 365.47µs
[  5.309s] [Workarounds] starting patch_uiparent_onupdate_worklists
[  5.309s] [Workarounds] finished patch_uiparent_onupdate_worklists in 146.22µs
[  5.309s] [Workarounds] starting init_chat_type_colors
[  5.309s] [Workarounds] finished init_chat_type_colors in 209.91µs
[  5.309s] [Workarounds] starting patch_chat_voice_button_surface
[  5.309s] [Workarounds] finished patch_chat_voice_button_surface in 231.90µs
[  5.309s] [Workarounds] starting patch_item_socketing_tooltips
[  5.309s] [Workarounds] finished patch_item_socketing_tooltips in 97.89µs
[  5.309s] [Workarounds] starting patch_character_select_selected_name
[  5.309s] [Workarounds] finished patch_character_select_selected_name in 45.13µs
[  5.309s] [Workarounds] starting patch_character_create_defaults
[  5.310s] [Workarounds] finished patch_character_create_defaults in 334.17µs
[  5.310s] [Workarounds] starting patch_character_frame_title_refresh
[  5.320s] [Workarounds] finished patch_character_frame_title_refresh in 9.90ms
[  5.320s] [Workarounds] starting patch_vignette_pin_template
[  5.320s] [Workarounds] finished patch_vignette_pin_template in 209.23µs
[  5.320s] [Workarounds] starting patch_fog_of_war_pin_mixin
[  5.320s] [Workarounds] finished patch_fog_of_war_pin_mixin in 472.30µs
[  5.320s] [Workarounds] starting patch_map_exploration_pin_mixin
[  5.329s] [Workarounds] finished patch_map_exploration_pin_mixin in 8.72ms
[  5.329s] [Workarounds] starting patch_map_canvas_data_provider_attachment
[  5.329s] [Workarounds] finished patch_map_canvas_data_provider_attachment in 157.55µs
[  5.329s] [Workarounds] starting ensure_adventure_map_frame_surface
[  5.330s] [Workarounds] finished ensure_adventure_map_frame_surface in 761.23µs
[  5.330s] [Workarounds] starting patch_action_bar_button_event_fanout
[  5.330s] [Workarounds] finished patch_action_bar_button_event_fanout in 202.88µs
[  5.330s] [Workarounds] starting patch_paging_controls_page_text
[  5.330s] [Workarounds] finished patch_paging_controls_page_text in 56.61µs
[  5.330s] [Workarounds] starting patch_talent_edge_frame_level_sync
[  5.330s] [Workarounds] finished patch_talent_edge_frame_level_sync in 39.38µs
[  5.330s] [Workarounds] starting patch_catalog_shop_product_card_defaults
[  5.330s] [Workarounds] finished patch_catalog_shop_product_card_defaults in 86.92µs
[  5.330s] [Workarounds] starting patch_game_time_defaults
[  5.330s] [Workarounds] finished patch_game_time_defaults in 10.70µs
[  5.330s] [Workarounds] starting patch_tooltip_nineslice_surface
[  5.330s] [Workarounds] finished patch_tooltip_nineslice_surface in 72.27µs
[  5.330s] [Workarounds] starting patch_container_frame_token_tracker
[  5.331s] [Workarounds] finished patch_container_frame_token_tracker in 58.05µs
[  5.331s] [Workarounds] starting patch_achievement_display_set_achievements
[  5.331s] [Workarounds] finished patch_achievement_display_set_achievements in 12.50µs
[  5.331s] [Workarounds] starting patch_housing_dashboard_preload
[  5.331s] [Workarounds] finished patch_housing_dashboard_preload in 261.41µs
[  5.331s] [Workarounds] starting patch_lfg_lock_list
[  5.331s] [Workarounds] finished patch_lfg_lock_list in 62.07µs
[  5.331s] [Workarounds] starting patch_auction_house_browse_results_event
[  5.331s] [Workarounds] finished patch_auction_house_browse_results_event in 92.70µs
[  5.331s] [Workarounds] starting patch_auction_house_search_context_aliases
[  5.331s] [Workarounds] finished patch_auction_house_search_context_aliases in 43.76µs
[  5.331s] [Workarounds] starting patch_auth_challenge_frame_parent
[  5.331s] [Workarounds] finished patch_auth_challenge_frame_parent in 115.66µs
[  5.331s] [Workarounds] starting patch_settings_surface_defaults
[  5.332s] [Workarounds] finished patch_settings_surface_defaults in 740.50µs
[  5.332s] [Workarounds] starting patch_settings_canvas_layout_visibility
[  5.332s] [Workarounds] finished patch_settings_canvas_layout_visibility in 171.66µs
[  5.332s] [Startup] apply_post_load_workarounds: workarounds complete
[  5.453s] [Startup] apply_post_load_workarounds: globals restored
[  5.454s] [Startup] apply_post_load_workarounds: patch 12.1 compatibility restored
[  5.454s] [Startup] apply_post_load_workarounds: seterrorhandler restored
[  5.749s] [Startup] begin login sequence
[  5.749s] [Startup] Firing ADDON_LOADED
[  5.750s] [Startup] Firing VARIABLES_LOADED
[  5.927s] [Startup] Firing DISPLAY_SIZE_CHANGED
[  6.037s] [Startup] Firing UI_SCALE_CHANGED
[  6.040s] [Startup] Firing PLAYER_LOGIN
[  6.040s] [Startup] end login sequence in 290.84ms
[  6.040s] [Startup] begin world enter sequence
[  6.040s] [Startup] Skipping EDIT_MODE_LAYOUTS_UPDATED
[  6.040s] [Startup] Firing TIME_PLAYED_MSG via RequestTimePlayed
[  6.040s] [Startup] Firing PLAYER_ENTERING_WORLD
[  6.545s] [EditMode] starting setup_layout_info
[  6.558s] [EditMode] finished setup_layout_info in 12.18ms
[  6.558s] [EditMode] starting apply_system_anchors
[  6.812s] [EditMode] finished apply_system_anchors in 254.68ms
[  6.813s] [EditMode] starting finalize_action_bar_positions
[  6.819s] [EditMode] finished finalize_action_bar_positions in 6.14ms
[  6.819s] [EditMode] starting invoke_anchor_changed_hooks
[  6.833s] [EditMode] finished invoke_anchor_changed_hooks in 13.84ms
[  6.833s] [EditMode] starting fix_action_bar_nan_size
[  6.833s] [EditMode] finished fix_action_bar_nan_size in 156.17µs
[  6.833s] [EditMode] starting fix_action_bar_scale
[  6.833s] [EditMode] finished fix_action_bar_scale in 9.75µs
[  6.833s] [EditMode] starting reapply_player_frame_anchor
[  6.835s] [EditMode] finished reapply_player_frame_anchor in 2.54ms
[  6.848s] [Startup] end world enter sequence in 807.92ms
[  6.848s] [Startup] begin post-login events
[  6.850s] [Startup] Firing UNIT_AURA
[  6.851s] [Startup] Firing PET_UI_UPDATE
[  6.855s] [Startup] Firing BAG_UPDATE_DELAYED
[  6.857s] [Startup] Firing QUEST_LOG_UPDATE
[  6.859s] [Startup] Firing GROUP_ROSTER_UPDATE
[  7.040s] [Startup] Firing ACTIONBAR_UPDATE_STATE
[  7.040s] [Startup] Firing ACTIONBAR_UPDATE_COOLDOWN
[  7.041s] [Startup] Firing UPDATE_BONUS_ACTIONBAR
[  7.062s] [Startup] Firing PLAYER_CAN_GLIDE_CHANGED
[  7.062s] [Startup] Firing PLAYER_IS_GLIDING_CHANGED
[  7.062s] [Startup] Firing UPDATE_BINDINGS
[  7.067s] [Startup] Firing UPDATE_CHAT_WINDOWS
[  7.071s] [Startup] Firing LFG_UPDATE_RANDOM_INFO
[  7.073s] [Startup] end post-login events in 224.37ms
[  7.073s] [Startup] begin close startup special windows
[  7.073s] [Startup] end close startup special windows in 456.66µs
[  7.073s] [Startup] begin FIRST_FRAME_RENDERED
[  7.073s] [Startup] Firing FIRST_FRAME_RENDERED
[  7.073s] [Startup] end FIRST_FRAME_RENDERED in 323.24µs
[  7.073s] [Startup] begin unblock hidden splash alerts
[  7.073s] [Startup] end unblock hidden splash alerts in 22.07µs
[  7.073s] [Startup] begin post-event workarounds
[  7.073s] [Startup] end post-event workarounds in 1.65µs
running 42 tests
test patch_10_0_0_publication_sweep::patch_10_0_0_animation_probe_factories ... ok
test patch_10_0_0_publication_sweep::patch_10_0_0_publication_sweep ... ok
test patch_10_0_2_publication_sweep::patch_10_0_2_publication_sweep ... ok
test patch_10_0_5_publication_sweep::patch_10_0_5_publication_sweep ... ok
test patch_10_0_7_publication_sweep::patch_10_0_7_publication_sweep ... ok
test patch_10_1_0_publication_sweep::patch_10_1_0_publication_sweep ... ok
test patch_10_1_5_publication_sweep::patch_10_1_5_publication_sweep ... ok
test patch_10_1_7_publication_sweep::patch_10_1_7_publication_sweep ... ok
test patch_10_2_0_publication_sweep::patch_10_2_0_publication_sweep ... ok
test patch_10_2_5_publication_sweep::patch_10_2_5_publication_sweep ... ok
test patch_10_2_6_publication_sweep::patch_10_2_6_publication_sweep ... ok
test patch_10_2_7_publication_sweep::patch_10_2_7_publication_sweep ... ok
test patch_11_0_2_publication_sweep::patch_11_0_2_publication_sweep ... ok
test patch_11_0_5_publication_sweep::patch_11_0_5_publication_sweep ... ok
test patch_11_0_0_publication_sweep::patch_11_0_0_publication_sweep ... ok
test patch_11_0_7_publication_sweep::patch_11_0_7_publication_sweep ... ok
test patch_11_1_0_publication_sweep::patch_11_1_0_publication_sweep ... ok
test patch_11_1_5_publication_sweep::patch_11_1_5_publication_sweep ... ok
test patch_11_1_7_publication_sweep::patch_11_1_7_publication_sweep ... ok
test patch_11_2_0_publication_sweep::patch_11_2_0_publication_sweep ... ok
test patch_11_2_5_publication_sweep::patch_11_2_5_publication_sweep ... ok
test patch_11_2_7_publication_sweep::patch_11_2_7_publication_sweep ... ok
test patch_12_0_0_publication_sweep::patch_12_0_0_publication_sweep ... ok
test patch_12_0_1_publication_sweep::patch_12_0_1_publication_sweep ... ok
test patch_12_0_5_publication_sweep::patch_12_0_5_publication_sweep ... ok
test patch_12_0_7_publication_sweep::patch_12_0_7_publication_sweep ... ok
test patch_8_0_1_publication_sweep::patch_8_0_1_publication_sweep ... FAILED (panic: assertion `left == right` failed: new gaps: []; resolved/stale gaps: ["wt-global-api-C_Map.GetBountySetIDForMap-21"]
  left: {"wt-events-GLYPH_ADDED-228", "wt-events-GLYPH_ADDED-59", "wt-events-GLYPH_REMOVED-231", "wt-events-GLYPH_REMOVED-59", "wt-events-SPELL_TEXT_UPDATE-150", "wt-global-api-C_ChatInfo.CanReportPlayer-8", "wt-global-api-C_ChatInfo.GetChannelRosterInfo-11", "wt-global-api-C_ChatInfo.GetRegisteredAddonMessagePrefixes-13", "wt-global-api-C_ChatInfo.IsAddonMessagePrefixRegistered-9", "wt-global-api-C_ChatInfo.IsPartyChannelType-10", "wt-global-api-C_ChatInfo.RegisterAddonMessagePrefix-14", "wt-global-api-C_ChatInfo.SendAddonMessage-16", "wt-global-api-C_ChatInfo.SendAddonMessageLogged-17", "wt-global-api-C_Map.GetMapArtHelpTextPosition-24", "wt-global-api-C_Map.GetMapDisplayInfo-30", "wt-global-api-C_Map.GetMapHighlightInfoAtPosition-33", "wt-global-api-C_Map.GetMapLevels-36"}
 right: {"wt-events-GLYPH_ADDED-228", "wt-events-GLYPH_ADDED-59", "wt-events-GLYPH_REMOVED-231", "wt-events-GLYPH_REMOVED-59", "wt-events-SPELL_TEXT_UPDATE-150", "wt-global-api-C_ChatInfo.CanReportPlayer-8", "wt-global-api-C_ChatInfo.GetChannelRosterInfo-11", "wt-global-api-C_ChatInfo.GetRegisteredAddonMessagePrefixes-13", "wt-global-api-C_ChatInfo.IsAddonMessagePrefixRegistered-9", "wt-global-api-C_ChatInfo.IsPartyChannelType-10", "wt-global-api-C_ChatInfo.RegisterAddonMessagePrefix-14", "wt-global-api-C_ChatInfo.SendAddonMessage-16", "wt-global-api-C_ChatInfo.SendAddonMessageLogged-17", "wt-global-api-C_Map.GetBountySetIDForMap-21", "wt-global-api-C_Map.GetMapArtHelpTextPosition-24", "wt-global-api-C_Map.GetMapDisplayInfo-30", "wt-global-api-C_Map.GetMapHighlightInfoAtPosition-33", "wt-global-api-C_Map.GetMapLevels-36"})
---- patch_8_0_1_publication_sweep::patch_8_0_1_publication_sweep stderr ----

thread 'main' (673474) panicked at /home/osso/.worktrees/wow-ui-sim-p801-page/tests/common/publication_sweep.rs:504:5:
assertion `left == right` failed: new gaps: []; resolved/stale gaps: ["wt-global-api-C_Map.GetBountySetIDForMap-21"]
  left: {"wt-events-GLYPH_ADDED-228", "wt-events-GLYPH_ADDED-59", "wt-events-GLYPH_REMOVED-231", "wt-events-GLYPH_REMOVED-59", "wt-events-SPELL_TEXT_UPDATE-150", "wt-global-api-C_ChatInfo.CanReportPlayer-8", "wt-global-api-C_ChatInfo.GetChannelRosterInfo-11", "wt-global-api-C_ChatInfo.GetRegisteredAddonMessagePrefixes-13", "wt-global-api-C_ChatInfo.IsAddonMessagePrefixRegistered-9", "wt-global-api-C_ChatInfo.IsPartyChannelType-10", "wt-global-api-C_ChatInfo.RegisterAddonMessagePrefix-14", "wt-global-api-C_ChatInfo.SendAddonMessage-16", "wt-global-api-C_ChatInfo.SendAddonMessageLogged-17", "wt-global-api-C_Map.GetMapArtHelpTextPosition-24", "wt-global-api-C_Map.GetMapDisplayInfo-30", "wt-global-api-C_Map.GetMapHighlightInfoAtPosition-33", "wt-global-api-C_Map.GetMapLevels-36"}
 right: {"wt-events-GLYPH_ADDED-228", "wt-events-GLYPH_ADDED-59", "wt-events-GLYPH_REMOVED-231", "wt-events-GLYPH_REMOVED-59", "wt-events-SPELL_TEXT_UPDATE-150", "wt-global-api-C_ChatInfo.CanReportPlayer-8", "wt-global-api-C_ChatInfo.GetChannelRosterInfo-11", "wt-global-api-C_ChatInfo.GetRegisteredAddonMessagePrefixes-13", "wt-global-api-C_ChatInfo.IsAddonMessagePrefixRegistered-9", "wt-global-api-C_ChatInfo.IsPartyChannelType-10", "wt-global-api-C_ChatInfo.RegisterAddonMessagePrefix-14", "wt-global-api-C_ChatInfo.SendAddonMessage-16", "wt-global-api-C_ChatInfo.SendAddonMessageLogged-17", "wt-global-api-C_Map.GetBountySetIDForMap-21", "wt-global-api-C_Map.GetMapArtHelpTextPosition-24", "wt-global-api-C_Map.GetMapDisplayInfo-30", "wt-global-api-C_Map.GetMapHighlightInfoAtPosition-33", "wt-global-api-C_Map.GetMapLevels-36"}
note: run with `RUST_BACKTRACE=1` environment variable to display a backtrace
test patch_12_1_0_publication_sweep::patch_12_1_0_publication_sweep ... ok
test patch_8_1_0_publication_sweep::patch_8_1_0_publication_sweep ... ok
test patch_8_1_5_publication_sweep::patch_8_1_5_publication_sweep ... ok
test patch_8_2_0_publication_sweep::patch_8_2_0_publication_sweep ... ok
test patch_8_2_5_publication_sweep::patch_8_2_5_publication_sweep ... ok
test patch_8_3_7_publication_sweep::patch_8_3_7_publication_sweep ... ok
test patch_8_3_0_publication_sweep::patch_8_3_0_publication_sweep ... ok
test patch_9_0_2_publication_sweep::patch_9_0_2_publication_sweep ... ok
test patch_9_0_5_publication_sweep::patch_9_0_5_publication_sweep ... ok
test patch_9_0_1_publication_sweep::patch_9_0_1_publication_sweep ... ok
test patch_9_1_0_publication_sweep::patch_9_1_0_publication_sweep ... ok
test patch_9_1_5_publication_sweep::patch_9_1_5_publication_sweep ... ok
test patch_9_2_0_publication_sweep::patch_9_2_0_publication_sweep ... ok
test patch_9_2_5_publication_sweep::patch_9_2_5_publication_sweep ... ok
test patch_9_2_7_publication_sweep::patch_9_2_7_publication_sweep ... ok

test result: FAILED. 41 passed; 1 failed; 42 total
error: test failed, to rerun pass `--test prefork_full_ui`

Caused by:
  process didn't exit successfully: `/home/osso/.cache/wow-ui-sim-targets/p801-page/debug/deps/prefork_full_ui-21dd5c807fe7a7b6 publication_sweep` (exit status: 1)
