running 1 tests
test patch_8_0_1_publication_sweep::patch_8_0_1_publication_sweep ... FAILED (panic: assertion `left == right` failed: new gaps: ["wt-global-api-C_Map.GetAreaInfo-19"]; resolved/stale gaps: []
  left: {"wt-events-GLYPH_ADDED-228", "wt-events-GLYPH_ADDED-59", "wt-events-GLYPH_REMOVED-231", "wt-events-GLYPH_REMOVED-59", "wt-events-SPELL_TEXT_UPDATE-150", "wt-global-api-C_ChatInfo.CanReportPlayer-8", "wt-global-api-C_ChatInfo.GetChannelRosterInfo-11", "wt-global-api-C_ChatInfo.GetRegisteredAddonMessagePrefixes-13", "wt-global-api-C_ChatInfo.IsAddonMessagePrefixRegistered-9", "wt-global-api-C_ChatInfo.IsPartyChannelType-10", "wt-global-api-C_ChatInfo.RegisterAddonMessagePrefix-14", "wt-global-api-C_ChatInfo.SendAddonMessage-16", "wt-global-api-C_ChatInfo.SendAddonMessageLogged-17", "wt-global-api-C_Map.GetAreaInfo-19", "wt-global-api-C_Map.GetBountySetIDForMap-21", "wt-global-api-C_Map.GetMapArtHelpTextPosition-24", "wt-global-api-C_Map.GetMapDisplayInfo-30", "wt-global-api-C_Map.GetMapHighlightInfoAtPosition-33", "wt-global-api-C_Map.GetMapLevels-36"}
 right: {"wt-events-GLYPH_ADDED-228", "wt-events-GLYPH_ADDED-59", "wt-events-GLYPH_REMOVED-231", "wt-events-GLYPH_REMOVED-59", "wt-events-SPELL_TEXT_UPDATE-150", "wt-global-api-C_ChatInfo.CanReportPlayer-8", "wt-global-api-C_ChatInfo.GetChannelRosterInfo-11", "wt-global-api-C_ChatInfo.GetRegisteredAddonMessagePrefixes-13", "wt-global-api-C_ChatInfo.IsAddonMessagePrefixRegistered-9", "wt-global-api-C_ChatInfo.IsPartyChannelType-10", "wt-global-api-C_ChatInfo.RegisterAddonMessagePrefix-14", "wt-global-api-C_ChatInfo.SendAddonMessage-16", "wt-global-api-C_ChatInfo.SendAddonMessageLogged-17", "wt-global-api-C_Map.GetBountySetIDForMap-21", "wt-global-api-C_Map.GetMapArtHelpTextPosition-24", "wt-global-api-C_Map.GetMapDisplayInfo-30", "wt-global-api-C_Map.GetMapHighlightInfoAtPosition-33", "wt-global-api-C_Map.GetMapLevels-36"})
---- patch_8_0_1_publication_sweep::patch_8_0_1_publication_sweep stderr ----

thread 'main' (620107) panicked at /home/osso/.worktrees/wow-ui-sim-p801-page/tests/common/publication_sweep.rs:504:5:
assertion `left == right` failed: new gaps: ["wt-global-api-C_Map.GetAreaInfo-19"]; resolved/stale gaps: []
  left: {"wt-events-GLYPH_ADDED-228", "wt-events-GLYPH_ADDED-59", "wt-events-GLYPH_REMOVED-231", "wt-events-GLYPH_REMOVED-59", "wt-events-SPELL_TEXT_UPDATE-150", "wt-global-api-C_ChatInfo.CanReportPlayer-8", "wt-global-api-C_ChatInfo.GetChannelRosterInfo-11", "wt-global-api-C_ChatInfo.GetRegisteredAddonMessagePrefixes-13", "wt-global-api-C_ChatInfo.IsAddonMessagePrefixRegistered-9", "wt-global-api-C_ChatInfo.IsPartyChannelType-10", "wt-global-api-C_ChatInfo.RegisterAddonMessagePrefix-14", "wt-global-api-C_ChatInfo.SendAddonMessage-16", "wt-global-api-C_ChatInfo.SendAddonMessageLogged-17", "wt-global-api-C_Map.GetAreaInfo-19", "wt-global-api-C_Map.GetBountySetIDForMap-21", "wt-global-api-C_Map.GetMapArtHelpTextPosition-24", "wt-global-api-C_Map.GetMapDisplayInfo-30", "wt-global-api-C_Map.GetMapHighlightInfoAtPosition-33", "wt-global-api-C_Map.GetMapLevels-36"}
 right: {"wt-events-GLYPH_ADDED-228", "wt-events-GLYPH_ADDED-59", "wt-events-GLYPH_REMOVED-231", "wt-events-GLYPH_REMOVED-59", "wt-events-SPELL_TEXT_UPDATE-150", "wt-global-api-C_ChatInfo.CanReportPlayer-8", "wt-global-api-C_ChatInfo.GetChannelRosterInfo-11", "wt-global-api-C_ChatInfo.GetRegisteredAddonMessagePrefixes-13", "wt-global-api-C_ChatInfo.IsAddonMessagePrefixRegistered-9", "wt-global-api-C_ChatInfo.IsPartyChannelType-10", "wt-global-api-C_ChatInfo.RegisterAddonMessagePrefix-14", "wt-global-api-C_ChatInfo.SendAddonMessage-16", "wt-global-api-C_ChatInfo.SendAddonMessageLogged-17", "wt-global-api-C_Map.GetBountySetIDForMap-21", "wt-global-api-C_Map.GetMapArtHelpTextPosition-24", "wt-global-api-C_Map.GetMapDisplayInfo-30", "wt-global-api-C_Map.GetMapHighlightInfoAtPosition-33", "wt-global-api-C_Map.GetMapLevels-36"}
note: run with `RUST_BACKTRACE=1` environment variable to display a backtrace

test result: FAILED. 0 passed; 1 failed; 1 total
warning: iced-wgpu-patched/Cargo.toml: `lints.clippy.large-enum-variant` is deprecated in favor of `lints.clippy.large_enum_variant` and will not work in a future edition
warning: iced-wgpu-patched/Cargo.toml: `lints.clippy.map-entry` is deprecated in favor of `lints.clippy.map_entry` and will not work in a future edition
warning: iced-wgpu-patched/Cargo.toml: `lints.clippy.match-wildcard-for-single-variants` is deprecated in favor of `lints.clippy.match_wildcard_for_single_variants` and will not work in a future edition
warning: iced-wgpu-patched/Cargo.toml: `lints.clippy.redundant-closure-for-method-calls` is deprecated in favor of `lints.clippy.redundant_closure_for_method_calls` and will not work in a future edition
warning: iced-wgpu-patched/Cargo.toml: `lints.clippy.trivially-copy-pass-by-ref` is deprecated in favor of `lints.clippy.trivially_copy_pass_by_ref` and will not work in a future edition
warning: iced-wgpu-patched/Cargo.toml: `lints.clippy.type-complexity` is deprecated in favor of `lints.clippy.type_complexity` and will not work in a future edition
warning: `iced_wgpu` (manifest) generated 6 warnings
    Finished `test` profile [optimized + debuginfo] target(s) in 0.13s
     Running tests/prefork_full_ui.rs (/home/osso/.cache/wow-ui-sim-targets/p801-page/debug/deps/prefork_full_ui-21dd5c807fe7a7b6)
[  0.000s] [Startup] WowLuaEnv::new begin
[  0.002s] [Startup] SimState::default complete in 2.26ms
[  0.002s] [Startup] rilua VM created in 134.83µs
[  0.003s] [Startup] builtin frames initialized in 86.02µs
[  0.003s] [Startup] template registry cleared in 6.13µs
[  0.003s] [Startup] intrinsic templates registered in 6.40µs
[  0.003s] [Startup] initial app_data lua handle installed in 181.00ns
[  0.088s] [Startup] init_lua_state complete in 85.26ms
[  0.088s] [Startup] final app_data lua handle installed in 180.00ns
[  0.088s] [Startup] initial screen globals installed in 51.41µs
[  0.088s] [Startup] WowLuaEnv::new complete
[  1.866s] [Startup] apply_post_load_workarounds: begin
[  1.866s] [Workarounds] starting patch_edit_mode_manager
[  1.867s] [Workarounds] finished patch_edit_mode_manager in 236.91µs
[  1.867s] [Workarounds] starting init_edit_mode_layout
[  1.867s] [EditMode] starting setup_layout_info
[  1.869s] [EditMode] finished setup_layout_info in 2.48ms
[  1.869s] [EditMode] starting apply_system_anchors
[  1.972s] [EditMode] finished apply_system_anchors in 102.90ms
[  1.972s] [EditMode] starting finalize_action_bar_positions
[  1.973s] [EditMode] finished finalize_action_bar_positions in 1.35ms
[  1.973s] [EditMode] starting invoke_anchor_changed_hooks
[  1.974s] [EditMode] finished invoke_anchor_changed_hooks in 321.48µs
[  1.974s] [EditMode] starting fix_action_bar_nan_size
[  1.974s] [EditMode] finished fix_action_bar_nan_size in 31.02µs
[  1.974s] [EditMode] starting fix_action_bar_scale
[  1.974s] [EditMode] finished fix_action_bar_scale in 3.49µs
[  1.974s] [Workarounds] finished init_edit_mode_layout in 107.11ms
[  1.974s] [Workarounds] starting patch_ui_parent_panel_toggles
[  1.974s] [Workarounds] finished patch_ui_parent_panel_toggles in 177.11µs
[  1.974s] [Workarounds] starting patch_uiparent_onupdate_worklists
[  1.974s] [Workarounds] finished patch_uiparent_onupdate_worklists in 74.08µs
[  1.974s] [Workarounds] starting init_chat_type_colors
[  1.974s] [Workarounds] finished init_chat_type_colors in 93.22µs
[  1.974s] [Workarounds] starting patch_chat_voice_button_surface
[  1.974s] [Workarounds] finished patch_chat_voice_button_surface in 85.48µs
[  1.974s] [Workarounds] starting patch_item_socketing_tooltips
[  1.974s] [Workarounds] finished patch_item_socketing_tooltips in 48.40µs
[  1.974s] [Workarounds] starting patch_character_select_selected_name
[  1.974s] [Workarounds] finished patch_character_select_selected_name in 25.50µs
[  1.974s] [Workarounds] starting patch_character_create_defaults
[  1.974s] [Workarounds] finished patch_character_create_defaults in 173.67µs
[  1.974s] [Workarounds] starting patch_character_frame_title_refresh
[  1.979s] [Workarounds] finished patch_character_frame_title_refresh in 4.39ms
[  1.979s] [Workarounds] starting patch_vignette_pin_template
[  1.979s] [Workarounds] finished patch_vignette_pin_template in 68.65µs
[  1.979s] [Workarounds] starting patch_fog_of_war_pin_mixin
[  1.979s] [Workarounds] finished patch_fog_of_war_pin_mixin in 202.06µs
[  1.979s] [Workarounds] starting patch_map_exploration_pin_mixin
[  1.983s] [Workarounds] finished patch_map_exploration_pin_mixin in 4.21ms
[  1.983s] [Workarounds] starting patch_map_canvas_data_provider_attachment
[  1.983s] [Workarounds] finished patch_map_canvas_data_provider_attachment in 47.16µs
[  1.983s] [Workarounds] starting ensure_adventure_map_frame_surface
[  1.984s] [Workarounds] finished ensure_adventure_map_frame_surface in 329.92µs
[  1.984s] [Workarounds] starting patch_action_bar_button_event_fanout
[  1.984s] [Workarounds] finished patch_action_bar_button_event_fanout in 75.31µs
[  1.984s] [Workarounds] starting patch_paging_controls_page_text
[  1.984s] [Workarounds] finished patch_paging_controls_page_text in 29.39µs
[  1.984s] [Workarounds] starting patch_talent_edge_frame_level_sync
[  1.984s] [Workarounds] finished patch_talent_edge_frame_level_sync in 23.72µs
[  1.984s] [Workarounds] starting patch_catalog_shop_product_card_defaults
[  1.984s] [Workarounds] finished patch_catalog_shop_product_card_defaults in 49.20µs
[  1.984s] [Workarounds] starting patch_game_time_defaults
[  1.984s] [Workarounds] finished patch_game_time_defaults in 5.69µs
[  1.984s] [Workarounds] starting patch_tooltip_nineslice_surface
[  1.984s] [Workarounds] finished patch_tooltip_nineslice_surface in 32.64µs
[  1.984s] [Workarounds] starting patch_container_frame_token_tracker
[  1.984s] [Workarounds] finished patch_container_frame_token_tracker in 32.23µs
[  1.984s] [Workarounds] starting patch_achievement_display_set_achievements
[  1.984s] [Workarounds] finished patch_achievement_display_set_achievements in 6.46µs
[  1.984s] [Workarounds] starting patch_housing_dashboard_preload
[  1.984s] [Workarounds] finished patch_housing_dashboard_preload in 122.74µs
[  1.984s] [Workarounds] starting patch_lfg_lock_list
[  1.984s] [Workarounds] finished patch_lfg_lock_list in 24.38µs
[  1.984s] [Workarounds] starting patch_auction_house_browse_results_event
[  1.984s] [Workarounds] finished patch_auction_house_browse_results_event in 49.79µs
[  1.984s] [Workarounds] starting patch_auction_house_search_context_aliases
[  1.984s] [Workarounds] finished patch_auction_house_search_context_aliases in 23.18µs
[  1.984s] [Workarounds] starting patch_auth_challenge_frame_parent
[  1.984s] [Workarounds] finished patch_auth_challenge_frame_parent in 54.14µs
[  1.984s] [Workarounds] starting patch_settings_surface_defaults
[  1.984s] [Workarounds] finished patch_settings_surface_defaults in 261.61µs
[  1.984s] [Workarounds] starting patch_settings_canvas_layout_visibility
[  1.985s] [Workarounds] finished patch_settings_canvas_layout_visibility in 85.38µs
[  1.985s] [Startup] apply_post_load_workarounds: workarounds complete
[  2.030s] [Startup] apply_post_load_workarounds: globals restored
[  2.030s] [Startup] apply_post_load_workarounds: patch 12.1 compatibility restored
[  2.030s] [Startup] apply_post_load_workarounds: seterrorhandler restored
[  2.150s] [Startup] begin login sequence
[  2.150s] [Startup] Firing ADDON_LOADED
[  2.150s] [Startup] Firing VARIABLES_LOADED
[  2.223s] [Startup] Firing DISPLAY_SIZE_CHANGED
[  2.259s] [Startup] Firing UI_SCALE_CHANGED
[  2.260s] [Startup] Firing PLAYER_LOGIN
[  2.260s] [Startup] end login sequence in 110.39ms
[  2.260s] [Startup] begin world enter sequence
[  2.260s] [Startup] Skipping EDIT_MODE_LAYOUTS_UPDATED
[  2.260s] [Startup] Firing TIME_PLAYED_MSG via RequestTimePlayed
[  2.260s] [Startup] Firing PLAYER_ENTERING_WORLD
[  2.436s] [EditMode] starting setup_layout_info
[  2.439s] [EditMode] finished setup_layout_info in 2.99ms
[  2.439s] [EditMode] starting apply_system_anchors
[  2.534s] [EditMode] finished apply_system_anchors in 95.03ms
[  2.534s] [EditMode] starting finalize_action_bar_positions
[  2.536s] [EditMode] finished finalize_action_bar_positions in 1.61ms
[  2.536s] [EditMode] starting invoke_anchor_changed_hooks
[  2.540s] [EditMode] finished invoke_anchor_changed_hooks in 4.35ms
[  2.540s] [EditMode] starting fix_action_bar_nan_size
[  2.540s] [EditMode] finished fix_action_bar_nan_size in 47.72µs
[  2.540s] [EditMode] starting fix_action_bar_scale
[  2.540s] [EditMode] finished fix_action_bar_scale in 3.31µs
[  2.540s] [EditMode] starting reapply_player_frame_anchor
[  2.541s] [EditMode] finished reapply_player_frame_anchor in 1.13ms
[  2.548s] [Startup] end world enter sequence in 287.49ms
[  2.548s] [Startup] begin post-login events
[  2.548s] [Startup] Firing UNIT_AURA
[  2.549s] [Startup] Firing PET_UI_UPDATE
[  2.550s] [Startup] Firing BAG_UPDATE_DELAYED
[  2.551s] [Startup] Firing QUEST_LOG_UPDATE
[  2.552s] [Startup] Firing GROUP_ROSTER_UPDATE
[  2.618s] [Startup] Firing ACTIONBAR_UPDATE_STATE
[  2.618s] [Startup] Firing ACTIONBAR_UPDATE_COOLDOWN
[  2.618s] [Startup] Firing UPDATE_BONUS_ACTIONBAR
[  2.627s] [Startup] Firing PLAYER_CAN_GLIDE_CHANGED
[  2.627s] [Startup] Firing PLAYER_IS_GLIDING_CHANGED
[  2.627s] [Startup] Firing UPDATE_BINDINGS
[  2.629s] [Startup] Firing UPDATE_CHAT_WINDOWS
[  2.632s] [Startup] Firing LFG_UPDATE_RANDOM_INFO
[  2.632s] [Startup] end post-login events in 84.48ms
[  2.632s] [Startup] begin close startup special windows
[  2.632s] [Startup] end close startup special windows in 210.63µs
[  2.632s] [Startup] begin FIRST_FRAME_RENDERED
[  2.632s] [Startup] Firing FIRST_FRAME_RENDERED
[  2.633s] [Startup] end FIRST_FRAME_RENDERED in 122.67µs
[  2.633s] [Startup] begin unblock hidden splash alerts
[  2.633s] [Startup] end unblock hidden splash alerts in 10.51µs
[  2.633s] [Startup] begin post-event workarounds
[  2.633s] [Startup] end post-event workarounds in 821.00ns
error: test failed, to rerun pass `--test prefork_full_ui`

Caused by:
  process didn't exit successfully: `/home/osso/.cache/wow-ui-sim-targets/p801-page/debug/deps/prefork_full_ui-21dd5c807fe7a7b6 patch_8_0_1_publication_sweep` (exit status: 1)
